
Gurobi 13.0.0 (linux64) logging started Thu Nov 27 19:01:15 2025

Set parameter LogFile to value "./Results/StripPacking-BranchSP/Logs/HUspb-111-StripPacking-25-0.log"
Set parameter TimeLimit to value 3600
Set parameter Cuts to value 1
Set parameter Presolve to value 1
Set parameter Heuristics to value 1
Set parameter LogToConsole to value 0
Set parameter LPWarmStart to value 2
Warning: linear constraint 2425 and linear constraint 3625 have the same name "PM[B0,B1,0]"
Warning: linear constraint 2425 and linear constraint 3625 have the same name "PM[B0,B1,0]"
Warning: default constraint names used to write mps file
Gurobi Optimizer version 13.0.0 build v13.0.0rc1 (linux64 - "Debian GNU/Linux 12 (bookworm)")

CPU model: Intel(R) Xeon(R) CPU E5-2630 v3 @ 2.40GHz, instruction set [SSE2|AVX|AVX2]
Thread count: 16 physical cores, 32 logical processors, using up to 32 threads

Non-default parameters:
TimeLimit  3600
LPWarmStart  2
Heuristics  1
Cuts  1
LogToConsole  0
Presolve  1

Optimize a model with 33325 rows, 1251 columns and 98450 nonzeros (Min)
Model fingerprint: 0x06f29026
Model has 1 linear objective coefficients
Variable types: 51 continuous, 1200 integer (1200 binary)
Coefficient statistics:
  Matrix range     [1e+00, 1e+04]
  Objective range  [1e+00, 1e+00]
  Bounds range     [1e+00, 1e+04]
  RHS range        [1e+00, 1e+04]
Using branch priorities.

Warning: Completing partial solution with 1200 unfixed non-continuous variables out of 1200
User MIP start produced solution with objective 106.2 (0.03s)
Loaded user MIP start with objective 106.2

Presolve removed 600 rows and 0 columns
Presolve time: 0.21s
Presolved: 32725 rows, 1251 columns, 97250 nonzeros
Variable types: 51 continuous, 1200 integer (1200 binary)
Root relaxation presolved: 1251 rows, 33976 columns, 98501 nonzeros


Root relaxation: objective 3.400000e+01, 1946 iterations, 0.28 seconds (0.20 work units)

    Nodes    |    Current Node    |     Objective Bounds      |     Work
 Expl Unexpl |  Obj  Depth IntInf | Incumbent    BestBd   Gap | It/Node Time

     0     0   34.00000    0  332  106.20000   34.00000  68.0%     -    2s
H    0     0                     101.0000000   34.00000  66.3%     -    2s
     0     0   34.00000    0  354  101.00000   34.00000  66.3%     -    7s
     0     0   34.00000    0  351  101.00000   34.00000  66.3%     -    8s
H    0     0                     100.0000000   34.00000  66.0%     -    9s
H    0     0                      98.0000000   34.00000  65.3%     -   10s
     0     0   34.00000    0  346   98.00000   34.00000  65.3%     -   11s
     0     0   34.00000    0  346   98.00000   34.00000  65.3%     -   13s
H    0     0                      92.0000000   34.00000  63.0%     -   14s
     0     0   34.00000    0  280   92.00000   34.00000  63.0%     -   15s
     0     0   34.00000    0  345   92.00000   34.00000  63.0%     -   18s
     0     0   34.00000    0  316   92.00000   34.00000  63.0%     -   21s
     0     0   34.00000    0  268   92.00000   34.00000  63.0%     -   22s
     0     0   34.00000    0  264   92.00000   34.00000  63.0%     -   24s
     0     0   34.00000    0  262   92.00000   34.00000  63.0%     -   25s
     0     0   34.00000    0  245   92.00000   34.00000  63.0%     -   26s
     0     0   34.00000    0  233   92.00000   34.00000  63.0%     -   28s
     0     0   34.00000    0  233   92.00000   34.00000  63.0%     -   29s
     0     0   34.00000    0  230   92.00000   34.00000  63.0%     -   30s
     0     0   34.00000    0  245   92.00000   34.00000  63.0%     -   31s
     0     0   34.00000    0  244   92.00000   34.00000  63.0%     -   33s
H    0     0                      90.0000000   34.00000  62.2%     -   33s
H    0     0                      89.0000000   34.00000  61.8%     -   33s
     0     0   34.00000    0  217   89.00000   34.00000  61.8%     -   33s
     0     0   34.00000    0  245   89.00000   34.00000  61.8%     -   35s
     0     0   34.00000    0  245   89.00000   34.00000  61.8%     -   37s
H    0     0                      88.0000000   34.00000  61.4%     -   37s
     0     0   34.00000    0  227   88.00000   34.00000  61.4%     -   37s
     0     0   34.00000    0  218   88.00000   34.00000  61.4%     -   38s
     0     0   34.00000    0  218   88.00000   34.00000  61.4%     -   40s
H    0     0                      87.0000000   34.00000  60.9%     -   40s
H    0     0                      86.0000000   34.00000  60.5%     -   40s
     0     0   34.00000    0  218   86.00000   34.00000  60.5%     -   40s
     0     0   34.00000    0  218   86.00000   34.00000  60.5%     -   41s
     0     2   34.00000    0  218   86.00000   34.00000  60.5%     -   45s
H   17    32                      84.0000000   34.00000  59.5%   678   48s
    31    48   34.00000    5  232   84.00000   34.00000  59.5%   782   51s
H   51    80                      83.0000000   34.00000  59.0%  1043   54s
H   65    80                      82.0000000   34.00000  58.5%   899   54s
H   69    80                      81.0000000   34.00000  58.0%   877   54s
    79   114   34.00000    8  252   81.00000   34.00000  58.0%   821   57s
   113   183   34.00000    9  253   81.00000   34.00000  58.0%   748   60s
   198   215   34.00000   12  331   81.00000   34.00000  58.0%   681   70s
   214   231   34.00000   12  248   81.00000   34.00000  58.0%   678   76s
   230   247   34.00000   13  319   81.00000   34.00000  58.0%   665   83s
   246   263   34.00000   13  320   81.00000   34.00000  58.0%   650   92s
   262   287   34.00000   14  304   81.00000   34.00000  58.0%   643  105s
   286   340   34.00000   14  326   81.00000   34.00000  58.0%   629  119s
   341   923   34.00000   15  340   81.00000   34.00000  58.0%   572  139s
H  445   923                      78.0000000   34.00000  56.4%   501  139s
   932  1960   38.22000   23  244   78.00000   34.00000  56.4%   419  156s
H 1216  1960                      77.0000000   34.00000  55.8%   366  156s
  2070  2435   62.00000   69  191   77.00000   34.00000  55.8%   275  163s
  2749  2450   62.00000   41  241   77.00000   34.00000  55.8%   239  170s
  2766  2466   62.00000   41  237   77.00000   34.00000  55.8%   240  176s
  2782  2482   62.00000   40  239   77.00000   34.00000  55.8%   241  183s
H 2790  2482                      77.0000000   34.00000  55.8%   241  183s
  2798  2500   62.00000   41  253   77.00000   34.00000  55.8%   241  189s
  2820  2516   62.00000   41  240   77.00000   34.00000  55.8%   242  196s
  2836  2543   62.00000   42  259   77.00000   34.00000  55.8%   243  203s
  2871  2557   62.00000   42  230   77.00000   34.00000  55.8%   243  210s
H 2886  2515                      76.0000000   34.00000  55.3%   243  210s
  2892  2517   37.00000   39  174   76.00000   34.00000  55.3%   243  216s
  2894  2519   50.00000   83  227   76.00000   34.00000  55.3%   243  220s
  2895  2519   42.00000   44  233   76.00000   34.00000  55.3%   242  225s
  2896  2520   36.00000   19  215   76.00000   34.00000  55.3%   242  231s
  2897  2521   40.16000   22  214   76.00000   34.00000  55.3%   242  236s
  2898  2521   56.00000   62  198   76.00000   34.00000  55.3%   242  244s
  2899  2522   50.00000   37  226   76.00000   34.00000  55.3%   242  247s
  2900  2523   48.00000   34  204   76.00000   34.00000  55.3%   242  250s
  2902  2524   50.00000   50  209   76.00000   34.00000  55.3%   242  255s
  2904  2525   40.16000   23  251   76.00000   34.00000  55.3%   242  260s
  2905  2526   42.00000   46  207   76.00000   34.00000  55.3%   242  268s
  2906  2527   68.00000   88  191   76.00000   34.00000  55.3%   242  275s
  2907  2527   34.00000   27  203   76.00000   34.00000  55.3%   241  280s
  2909  2529   54.00000   83  173   76.00000   34.00000  55.3%   241  287s
H 2909  2402                      76.0000000   34.00000  55.3%   241  291s
  2911  2403   65.00000   64  195   76.00000   34.00000  55.3%   241  299s
  2912  2404   74.00000  104  139   76.00000   34.00000  55.3%   241  300s
  2916  2411   34.00000   15  230   76.00000   34.00000  55.3%   275  305s
  2944  2442   34.00000   18  339   76.00000   34.00000  55.3%   288  314s
  2960  2488   34.00000   19  300   76.00000   34.00000  55.3%   298  321s
  3011  2494   34.00000   21  267   76.00000   34.00000  55.3%   306  326s
  3034  2506   34.00000   22  256   76.00000   34.00000  55.3%   312  332s
  3054  2515   34.00000   23  253   76.00000   34.00000  55.3%   316  337s
  3070  2526   34.00000   24  287   76.00000   34.00000  55.3%   318  343s
  3086  2539   34.00000   24  292   76.00000   34.00000  55.3%   322  350s
  3104  2549   34.00000   25  291   76.00000   34.00000  55.3%   325  359s
  3120  2564   34.00000   25  256   76.00000   34.00000  55.3%   328  368s
  3141  2573   34.00000   26  291   76.00000   34.00000  55.3%   330  381s
  3157  2586   34.05548   26  447   76.00000   34.00000  55.3%   333  395s
  3175  2597   34.00000   27  307   76.00000   34.00000  55.3%   334  413s
  3192  2675   34.00000   27  343   76.00000   34.00000  55.3%   336  436s
  3276  2742   34.00000   28  248   76.00000   34.00000  55.3%   341  466s
  3371  2950   34.03408   28  468   76.00000   34.00000  55.3%   344  503s
  3612  3011   34.04598   29  442   76.00000   34.00000  55.3%   344  541s
H 3640  2881                      75.0000000   34.00000  54.7%   345  541s
H 3764  2786                      75.0000000   34.00000  54.7%   347  582s
  3850  2789   34.27158   30  336   75.00000   34.00000  54.7%   348  628s
  3883  2810   35.66337   30  334   75.00000   34.00000  54.7%   351  676s
  3919  2994   34.28065   31  329   75.00000   34.00000  54.7%   351  728s
  4135  3532   34.29449   31  347   75.00000   34.00000  54.7%   344  775s
* 4566  3216              89      72.0000000   34.00000  52.8%   339  775s
  4869  3319   34.28065   33  318   72.00000   34.00000  52.8%   338  806s
H 4921  3198                      72.0000000   34.00000  52.8%   338  806s
  5247  3107   57.00000   58  214   72.00000   34.00000  52.8%   338  833s
  5267  3263   57.00000   58  212   72.00000   34.00000  52.8%   339  864s
  5527  3687   34.00000   19  287   72.00000   34.00000  52.8%   338  895s
  6218  3538 infeasible   68        72.00000   34.00000  52.8%   329  926s
  6351  3751   34.08461   29  413   72.00000   34.00000  52.8%   330  959s
  6675  3655   34.40055   30  349   72.00000   34.00000  52.8%   329  992s
  6695  3747   34.40055   31  347   72.00000   34.00000  52.8%   329 1029s
  6837  4104   34.67693   32  325   72.00000   34.00000  52.8%   328 1076s
  7390  4314   34.70984   33  305   72.00000   34.00000  52.8%   323 1121s
  7928  4485   34.72814   34  303   72.00000   34.00000  52.8%   319 1161s
  8382  4944   43.00000   38  248   72.00000   34.00000  52.8%   317 1203s
  9229  5308   70.00000   79  107   72.00000   34.00000  52.8%   318 1244s
  9960  5321   34.00000   30  294   72.00000   34.00000  52.8%   315 1289s
  9979  5502   34.00000   31  261   72.00000   34.00000  52.8%   315 1335s
 10238  5921   35.70193   50  252   72.00000   34.00000  52.8%   314 1379s
 10873  6468   53.00000   50  202   72.00000   34.00000  52.8%   314 1422s
 11596  6836 infeasible   70        72.00000   34.00000  52.8%   313 1468s
 12182  7566   34.33562   38  343   72.00000   34.00000  52.8%   310 1507s
*13187  6856             112      71.0000000   34.00000  52.1%   305 1507s
 13232  8192   61.00000   52  197   71.00000   34.00000  52.1%   305 1549s
H13337  8192                      71.0000000   34.00000  52.1%   306 1549s
 15208  8200 infeasible   69        71.00000   34.00000  52.1%   309 1590s
 15232  8212   34.13077   31  413   71.00000   34.00000  52.1%   310 1626s
 15252  8277   34.35180   32  382   71.00000   34.00000  52.1%   310 1665s
 15341  8603   34.35180   33  373   71.00000   34.00000  52.1%   310 1719s
 15805  8618   46.00000   39  227   71.00000   34.00000  52.1%   309 1771s
 15840  8645   46.00000   40  228   71.00000   34.00000  52.1%   309 1818s
 15893  8683   48.00000   41  223   71.00000   34.00000  52.1%   310 1877s
 15951  8947   48.00000   42  216   71.00000   34.00000  52.1%   310 1950s
 16306  9273   62.00000   56  168   71.00000   34.00000  52.1%   309 1999s
 16772  9993     cutoff   76        71.00000   34.00000  52.1%   308 2064s
 17704 10696 infeasible   57        71.00000   34.00000  52.1%   307 2118s
 18789 11707   69.00000   50  120   71.00000   34.00000  52.1%   306 2165s
 20146 11870   53.00000   59  230   71.00000   34.00000  52.1%   307 2212s
 20443 13688   53.00000   60  225   71.00000   34.00000  52.1%   306 2297s
 23031 13704   34.00000   37  299   71.00000   34.00000  52.1%   306 2325s
 23047 13769   34.00000   38  245   71.00000   34.00000  52.1%   306 2353s
 23158 13865   34.00000   39  260   71.00000   34.00000  52.1%   306 2392s
 23292 13880   34.00000   40  302   71.00000   34.00000  52.1%   306 2438s
 23309 13896   34.00000   41  295   71.00000   34.00000  52.1%   306 2490s
 23325 13933   34.00000   42  292   71.00000   34.00000  52.1%   306 2557s
 23368 13971   34.00000   43  300   71.00000   34.00000  52.1%   306 2631s
 23426 14058   34.00000   44  301   71.00000   34.00000  52.1%   306 2709s
 23547 14174   34.10427   45  296   71.00000   34.00000  52.1%   306 2755s
 23753 14464   34.10519   46  279   71.00000   34.00000  52.1%   308 2808s
 24179 14829   45.00000   40  249   71.00000   34.00000  52.1%   308 2859s
 24672 15144   45.00000   41  229   71.00000   34.00000  52.1%   308 2911s
 25166 17275   45.00000   42  228   71.00000   34.00000  52.1%   307 2969s
 28440 17631   51.00000   33  195   71.00000   34.00000  52.1%   303 3006s
 28922 17641   60.00000   34  194   71.00000   34.00000  52.1%   304 3045s
 28944 17733   60.00000   35  217   71.00000   34.00000  52.1%   304 3086s
 29058 17768   60.00000   36  213   71.00000   34.00000  52.1%   305 3131s
 29105 17863   60.00000   37  184   71.00000   34.00000  52.1%   305 3174s
 29208 17878   67.00000   41  123   71.00000   34.00000  52.1%   305 3220s
 29225 17897   67.00000   42  127   71.00000   34.00000  52.1%   305 3268s
 29246 17915   67.00000   44  121   71.00000   34.00000  52.1%   305 3313s
 29270 17927     cutoff   45        71.00000   34.00000  52.1%   305 3367s
 29290 17958 infeasible   46        71.00000   34.00000  52.1%   305 3443s
 29333 17982   34.00000   32  205   71.00000   34.00000  52.1%   305 3496s
 29363 18014   36.00000   36  248   71.00000   34.00000  52.1%   305 3563s
 29401 18032   41.00000   40  199   71.00000   34.00000  52.1%   305 3600s

Cutting planes:
  Learned: 5206
  Gomory: 23
  Lift-and-project: 30
  Cover: 431
  Implied bound: 2
  MIR: 465
  StrongCG: 5
  Flow cover: 1209
  GUB cover: 4
  Zero half: 23
  RLT: 234
  Relax-and-lift: 102
  BQP: 1

Explored 29419 nodes (9025289 simplex iterations) in 3600.06 seconds (2691.98 work units)
Thread count was 32 (of 32 available processors)

Solution count 10: 71 71 72 ... 77

Time limit reached
Best objective 7.099999999280e+01, best bound 3.400000000000e+01, gap 52.1127%
