
Gurobi 13.0.0 (linux64) logging started Thu Nov 27 18:01:12 2025

Set parameter LogFile to value "./Results/StripPacking-BranchSP/Logs/HUspb-010-StripPacking-25-0.log"
Set parameter TimeLimit to value 3600
Set parameter Cuts to value 0
Set parameter Presolve to value 1
Set parameter Heuristics to value 0
Set parameter LogToConsole to value 0
Set parameter LPWarmStart to value 2
Warning: linear constraint 2425 and linear constraint 3625 have the same name "PM[B0,B1,0]"
Warning: linear constraint 2425 and linear constraint 3625 have the same name "PM[B0,B1,0]"
Warning: default constraint names used to write mps file
Gurobi Optimizer version 13.0.0 build v13.0.0rc1 (linux64 - "Debian GNU/Linux 12 (bookworm)")

CPU model: Intel(R) Xeon(R) CPU E5-2630 v3 @ 2.40GHz, instruction set [SSE2|AVX|AVX2]
Thread count: 16 physical cores, 32 logical processors, using up to 32 threads

Non-default parameters:
TimeLimit  3600
LPWarmStart  2
Heuristics  0
Cuts  0
LogToConsole  0
Presolve  1

Optimize a model with 33325 rows, 1251 columns and 98450 nonzeros (Min)
Model fingerprint: 0x06f29026
Model has 1 linear objective coefficients
Variable types: 51 continuous, 1200 integer (1200 binary)
Coefficient statistics:
  Matrix range     [1e+00, 1e+04]
  Objective range  [1e+00, 1e+00]
  Bounds range     [1e+00, 1e+04]
  RHS range        [1e+00, 1e+04]
Using branch priorities.

Warning: Completing partial solution with 1200 unfixed non-continuous variables out of 1200
User MIP start produced solution with objective 106.2 (0.06s)
Loaded user MIP start with objective 106.2

Presolve removed 600 rows and 0 columns
Presolve time: 0.41s
Presolved: 32725 rows, 1251 columns, 97250 nonzeros
Variable types: 51 continuous, 1200 integer (1200 binary)
Root relaxation presolved: 1251 rows, 33976 columns, 98501 nonzeros


Root relaxation: objective 3.400000e+01, 1946 iterations, 0.45 seconds (0.20 work units)

    Nodes    |    Current Node    |     Objective Bounds      |     Work
 Expl Unexpl |  Obj  Depth IntInf | Incumbent    BestBd   Gap | It/Node Time

     0     0   34.00000    0  332  106.20000   34.00000  68.0%     -    3s
     0     0   34.00000    0  332  106.20000   34.00000  68.0%     -    3s
     0     0   34.00000    0  296  106.20000   34.00000  68.0%     -    4s
     0     2   34.00000    0  294  106.20000   34.00000  68.0%     -    5s
   128   245   34.00000   12  210  106.20000   34.00000  68.0%   210   10s
   383   673   36.00000   22  233  106.20000   34.00000  68.0%   289   18s
   675  1275   48.00000   37  330  106.20000   34.00000  68.0%   279   22s
  1302  1958 infeasible   68       106.20000   34.00000  68.0%   238   26s
* 1687  1958             123     105.0000000   34.00000  67.6%   207   26s
* 2211  2474             123     104.0000000   34.00000  67.3%   188   28s
* 2420  2474             125     101.0000000   34.00000  66.3%   178   28s
  2784  2737   34.00000   15  282  101.00000   34.00000  66.3%   168   31s
* 2989  2696             110      97.0000000   34.00000  64.9%   167   31s
  3691  3500   50.00000   39  274   97.00000   34.00000  64.9%   156   36s
  4247  3502   43.04255   38  331   97.00000   34.00000  64.9%   149   41s
  4252  3511   34.00000   15  200   97.00000   34.00000  64.9%   152   45s
  4342  3607   34.00000   21  200   97.00000   34.00000  64.9%   154   51s
  4416  3675   34.00000   23  213   97.00000   34.00000  64.9%   160   57s
  4475  3766   43.00000   26  229   97.00000   34.00000  64.9%   161   60s
  4586  3893   43.00000   31  205   97.00000   34.00000  64.9%   163   65s
  4926  4189   58.00000   44  169   97.00000   34.00000  64.9%   167   74s
  5159  4729   71.00000   57  110   97.00000   34.00000  64.9%   166   78s
  5783  4768   86.00000   80   89   97.00000   34.00000  64.9%   162   81s
  6446  5285   96.00000  113    7   97.00000   34.00000  64.9%   157   85s
* 6451  5077             115      96.0000000   34.00000  64.6%   157   85s
* 6512  4884             112      95.0000000   34.00000  64.2%   156   85s
* 6849  4745             118      93.0000000   34.00000  63.4%   153   86s
* 6850  4557             119      92.0000000   34.00000  63.0%   153   86s
* 7160  4340             148      88.0000000   34.00000  61.4%   151   88s
  7607  4436 infeasible   70        88.00000   34.00000  61.4%   150   91s
* 7889  4362             113      87.0000000   34.00000  60.9%   151   93s
  8045  4455   47.00000   28  207   87.00000   34.00000  60.9%   152   95s
  8724  4995   85.00000   66  112   87.00000   34.00000  60.9%   154  101s
* 8892  4767             100      86.0000000   34.00000  60.5%   153  101s
* 9102  4703              90      85.0000000   34.00000  60.0%   153  104s
  9407  4757   36.00000   28  208   85.00000   34.00000  60.0%   153  106s
  9931  4885   50.00000   34  263   85.00000   34.00000  60.0%   154  110s
*10013  4590             100      84.0000000   34.00000  59.5%   154  110s
 10331  4980   62.00000   40  182   84.00000   34.00000  59.5%   154  115s
*10401  4813             110      83.0000000   34.00000  59.0%   154  115s
 10923  5209   62.00000   49  148   83.00000   34.00000  59.0%   154  120s
*11125  5045             103      82.0000000   34.00000  58.5%   154  120s
*11335  5176              99      81.0000000   34.00000  58.0%   154  124s
*11477  5029             106      79.0000000   34.00000  57.0%   154  124s
 11547  5160 infeasible   73        79.00000   34.00000  57.0%   154  127s
 11832  5417   43.00000   35  218   79.00000   34.00000  57.0%   155  131s
 12456  5973   78.00000   47  139   79.00000   34.00000  57.0%   156  137s
 12859  6272   78.00000   53  122   79.00000   34.00000  57.0%   156  140s
 13693  6852 infeasible   69        79.00000   34.00000  57.0%   156  147s
*13919  6618              95      78.0000000   34.00000  56.4%   156  147s
 14120  6916   50.00000   40  167   78.00000   34.00000  56.4%   156  150s
 14923  7286   60.00000   79  197   78.00000   34.00000  56.4%   157  157s
 15069  7634   34.00000   33  176   78.00000   34.00000  56.4%   158  161s
 15439  8093   53.00000   55  170   78.00000   34.00000  56.4%   160  165s
 16452  8817   34.00000   32  207   78.00000   34.00000  56.4%   160  174s
 16974  9233   60.00000   55  144   78.00000   34.00000  56.4%   161  179s
 17598  9712   77.00000   96    1   78.00000   34.00000  56.4%   161  184s
*17599  9151              97      77.0000000   34.00000  55.8%   161  184s
 18259  9451   62.00000   62  154   77.00000   34.00000  55.8%   160  189s
 18821  9786     cutoff   82        77.00000   34.00000  55.8%   161  196s
 19310 10158   48.00000   54  144   77.00000   34.00000  55.8%   162  202s
 19805 10559   50.00000   56  133   77.00000   34.00000  55.8%   164  208s
 20397 10749   60.00000   52  179   77.00000   34.00000  55.8%   164  213s
*20440 10308              78      76.0000000   34.00000  55.3%   164  213s
 20708 10795 infeasible   71        76.00000   34.00000  55.3%   165  221s
 21431 11295   68.00000   70  134   76.00000   34.00000  55.3%   165  228s
 22190 11819   36.00000   31  224   76.00000   34.00000  55.3%   164  234s
 22880 12517   74.00000   69   65   76.00000   34.00000  55.3%   165  242s
 23729 13204   41.00000   50  197   76.00000   34.00000  55.3%   165  250s
 24582 13772   66.00000   73  169   76.00000   34.00000  55.3%   166  257s
 25416 14354 infeasible   95        76.00000   34.00000  55.3%   166  266s
*26221 13782              95      75.0000000   34.00000  54.7%   166  266s
 26290 14322     cutoff   80        75.00000   34.00000  54.7%   166  275s
 27146 14909   34.00000   35  330   75.00000   34.00000  54.7%   166  284s
 28023 15225   53.00000   61  168   75.00000   34.00000  54.7%   167  293s
 28488 15892 infeasible   83        75.00000   34.00000  54.7%   167  302s
 29405 16500   65.00000   83  157   75.00000   34.00000  54.7%   168  312s
 30353 17311     cutoff   56        75.00000   34.00000  54.7%   168  322s
 31546 18147 infeasible   76        75.00000   34.00000  54.7%   168  332s
 32826 18997   44.00000   51  182   75.00000   34.00000  54.7%   168  344s
 34027 19832   57.00000   62  184   75.00000   34.00000  54.7%   167  356s
 35318 20803   60.00000   42  182   75.00000   34.00000  54.7%   167  366s
 36697 21595   69.00000   81  111   75.00000   34.00000  54.7%   167  378s
 37965 22087     cutoff   55        75.00000   34.00000  54.7%   167  389s
 38913 23174   36.00000   30  222   75.00000   34.00000  54.7%   167  402s
 40300 24257   48.00000   51  179   75.00000   34.00000  54.7%   168  415s
 41835 25287   43.00000   44  188   75.00000   34.00000  54.7%   168  431s
 43410 26544   69.00000   73  173   75.00000   34.00000  54.7%   169  447s
 45041 27788   53.00000   53  138   75.00000   34.00000  54.7%   169  461s
 46939 28796   34.00000   28  199   75.00000   34.00000  54.7%   169  474s
 48505 29661   67.00000   57  119   75.00000   34.00000  54.7%   169  487s
*49524 27317              98      74.0000000   34.00000  54.1%   169  487s
 49814 28031   72.00000   72   65   74.00000   34.00000  54.1%   169  500s
 51312 29026   65.00000   68  140   74.00000   34.00000  54.1%   169  514s
 52810 30060   61.00000   85  122   74.00000   34.00000  54.1%   170  528s
 54326 30993   60.00000   44  219   74.00000   34.00000  54.1%   170  543s
*55191 28785              98      73.0000000   34.00000  53.4%   170  543s
 55935 29679     cutoff   71        73.00000   34.00000  53.4%   170  556s
 57417 30719   65.00000   50  151   73.00000   34.00000  53.4%   171  571s
 58871 31577   45.00000   40  171   73.00000   34.00000  53.4%   172  585s
 60046 32785   48.00000   38  146   73.00000   34.00000  53.4%   173  601s
 61603 33938   58.00000   56  187   73.00000   34.00000  53.4%   174  616s
 63268 35112 infeasible   67        73.00000   34.00000  53.4%   174  631s
 64855 36226 infeasible   81        73.00000   34.00000  53.4%   175  648s
 66545 37323   71.00000   75  111   73.00000   34.00000  53.4%   175  665s
 68250 38440   53.00000   55  187   73.00000   34.00000  53.4%   176  679s
 69849 39209     cutoff   70        73.00000   34.00000  53.4%   176  695s
 71113 40415   62.00000   86  132   73.00000   34.00000  53.4%   176  710s
 72875 41562   36.00000   46  218   73.00000   34.00000  53.4%   176  724s
 74422 42710   48.00000   36  195   73.00000   34.00000  53.4%   177  740s
 76154 43920   45.00000   33  217   73.00000   34.00000  53.4%   177  755s
 77874 44953   71.00000   68   74   73.00000   34.00000  53.4%   177  771s
*79367 42853              87      72.0000000   34.00000  52.8%   177  771s
 79575 43608 infeasible   73        72.00000   34.00000  52.8%   177  788s
 81050 44647 infeasible   70        72.00000   34.00000  52.8%   178  803s
 82683 45605   48.00000   59  172   72.00000   34.00000  52.8%   178  819s
 84107 46477   58.00000   53  143   72.00000   34.00000  52.8%   178  837s
 85588 47563   64.00000   93   79   72.00000   34.00000  52.8%   179  856s
 87264 48782   57.00000   78  161   72.00000   34.00000  52.8%   180  875s
 88973 50000   62.00000   53  165   72.00000   34.00000  52.8%   180  893s
 90704 51077   50.00000   52  212   72.00000   34.00000  52.8%   180  908s
 92339 52127   66.00000   73  124   72.00000   34.00000  52.8%   180  924s
 93970 53115   70.00000   73   60   72.00000   34.00000  52.8%   181  938s
 95442 54132   67.00000   62  124   72.00000   34.00000  52.8%   181  953s
 97063 55201   60.00000   62  182   72.00000   34.00000  52.8%   181  968s
 98665 56173   36.00000   37  265   72.00000   34.00000  52.8%   181  983s
 100141 57256   68.00000   64  111   72.00000   34.00000  52.8%   182  998s
 101766 58360   66.00000   69   98   72.00000   34.00000  52.8%   182 1014s
 103482 59402   62.00000   56  131   72.00000   34.00000  52.8%   182 1028s
 104933 60348   67.00000   58  110   72.00000   34.00000  52.8%   183 1044s
 106403 61542   53.00000   48  202   72.00000   34.00000  52.8%   183 1063s
 108094 62615   50.00000   52  132   72.00000   34.00000  52.8%   184 1083s
 109714 63714   70.00000   64  151   72.00000   34.00000  52.8%   184 1101s
 111396 64855   53.00000   49  178   72.00000   34.00000  52.8%   184 1123s
 113134 65949   66.00000   69  148   72.00000   34.00000  52.8%   184 1142s
 114737 67108 infeasible   83        72.00000   34.00000  52.8%   184 1159s
 116508 68117   67.00000   75  123   72.00000   34.00000  52.8%   184 1175s
 118225 69057   46.00000   53  204   72.00000   34.00000  52.8%   184 1191s
 119858 69976   36.00000   38  233   72.00000   34.00000  52.8%   184 1206s
 121372 71116   60.00000   63  191   72.00000   34.00000  52.8%   185 1221s
 123058 72190   50.00000   75  185   72.00000   34.00000  52.8%   185 1237s
 124748 73327   71.00000   53  108   72.00000   34.00000  52.8%   185 1252s
 126289 74429 infeasible   63        72.00000   34.00000  52.8%   185 1268s
 127848 75534   44.00000   49  205   72.00000   34.00000  52.8%   186 1284s
 129560 76834   43.00000   48  231   72.00000   34.00000  52.8%   186 1300s
 131327 77838 infeasible   66        72.00000   34.00000  52.8%   186 1315s
 132967 78955   64.37931   54  153   72.00000   34.00000  52.8%   186 1329s
 134436 80007   69.00000   77   89   72.00000   34.00000  52.8%   186 1344s
 136004 80966   36.00000   45  241   72.00000   34.00000  52.8%   186 1358s
 137427 82046   71.00000   69   56   72.00000   34.00000  52.8%   187 1373s
 138998 82991   58.00000   45  131   72.00000   34.00000  52.8%   187 1389s
 140567 83959   65.00000   39  207   72.00000   34.00000  52.8%   187 1406s
 142069 85017   48.00000   42  220   72.00000   34.00000  52.8%   187 1423s
 143591 86126 infeasible   78        72.00000   34.00000  52.8%   188 1439s
 145072 87161   70.00000   71  119   72.00000   34.00000  52.8%   188 1455s
 146625 88182   70.00000   75  106   72.00000   34.00000  52.8%   189 1472s
 148365 89331   62.00000   59  161   72.00000   34.00000  52.8%   189 1488s
 149976 90428   71.00000   64  115   72.00000   34.00000  52.8%   189 1504s
 151706 91434   70.00000   48  161   72.00000   34.00000  52.8%   189 1519s
 153255 92483 infeasible   91        72.00000   34.00000  52.8%   189 1534s
 154860 93527   70.00000   75  111   72.00000   34.00000  52.8%   189 1550s
 156426 94590 infeasible   74        72.00000   34.00000  52.8%   189 1565s
 158047 95623   50.00000   44  204   72.00000   34.00000  52.8%   189 1580s
 159628 96572 infeasible   83        72.00000   34.00000  52.8%   189 1596s
 161146 97519   71.00000   74   73   72.00000   34.00000  52.8%   190 1612s
 162668 98672 infeasible   71        72.00000   34.00000  52.8%   190 1629s
 164359 99689   63.00000   58  158   72.00000   34.00000  52.8%   190 1645s
*165040 91341              94      71.0000000   34.00000  52.1%   190 1645s
 165932 92196     cutoff   64        71.00000   34.00000  52.1%   190 1661s
 167364 93183   65.00000   87  119   71.00000   34.00000  52.1%   190 1678s
 168913 94212   46.00000   56  191   71.00000   34.00000  52.1%   190 1693s
 170573 95254   43.00000   52  189   71.00000   34.00000  52.1%   190 1708s
 172061 96061   45.00000   53  198   71.00000   34.00000  52.1%   191 1725s
 173847 97150   39.00000   35  170   71.00000   34.00000  52.1%   191 1740s
 175549 97988   53.00000   66  118   71.00000   34.00000  52.1%   191 1755s
 177081 99021   70.00000   77   87   71.00000   34.00000  52.1%   191 1770s
 178928 100058     cutoff   69        71.00000   34.00000  52.1%   191 1784s
 180741 100938     cutoff   80        71.00000   34.00000  52.1%   191 1798s
 182229 102107   70.00000   65  138   71.00000   34.00000  52.1%   191 1812s
 183913 102972   62.00000   59  143   71.00000   34.00000  52.1%   191 1827s
 185362 103881   34.73094   52  217   71.00000   34.00000  52.1%   191 1846s
 186960 104742   57.00000   70  214   71.00000   34.00000  52.1%   191 1861s
 188740 105730   53.00000   53  150   71.00000   34.00000  52.1%   191 1877s
 190478 106712   53.00000   81  148   71.00000   34.00000  52.1%   191 1892s
 192142 107685   34.00000   45  180   71.00000   34.00000  52.1%   191 1906s
 193776 108725 infeasible   89        71.00000   34.00000  52.1%   191 1920s
 195402 109795   43.00000   52  191   71.00000   34.00000  52.1%   191 1935s
 197064 110770 infeasible   58        71.00000   34.00000  52.1%   191 1949s
 198582 111792     cutoff   57        71.00000   34.00000  52.1%   191 1964s
 200224 112705   66.00000   56  219   71.00000   34.00000  52.1%   191 1978s
 201749 113499   70.00000   69  167   71.00000   34.00000  52.1%   191 1993s
 203183 114372     cutoff   73        71.00000   34.00000  52.1%   192 2007s
 204509 115506   65.00000   48  182   71.00000   34.00000  52.1%   192 2023s
 206160 116539   69.00000   45  151   71.00000   34.00000  52.1%   192 2038s
 207739 117553   43.00000   49  232   71.00000   34.00000  52.1%   192 2053s
 209279 118627   34.00000   30  220   71.00000   34.00000  52.1%   192 2068s
 210889 119561   70.00000   43  150   71.00000   34.00000  52.1%   192 2083s
 212337 120824   70.00000   62  117   71.00000   34.00000  52.1%   193 2100s
 214153 121894   70.00000   69   96   71.00000   34.00000  52.1%   193 2118s
 215920 122804   65.00000   66  260   71.00000   34.00000  52.1%   193 2135s
 217583 123847   66.00000   72  154   71.00000   34.00000  52.1%   193 2152s
 219302 124949   70.00000   60  102   71.00000   34.00000  52.1%   193 2169s
 221132 125910   61.00000   86   93   71.00000   34.00000  52.1%   193 2185s
 222820 126945   62.00000   40  224   71.00000   34.00000  52.1%   193 2200s
 224445 127824   67.00000   69  127   71.00000   34.00000  52.1%   193 2216s
 225951 128861   49.00000   64  176   71.00000   34.00000  52.1%   193 2234s
 227513 129967   62.00000   45  154   71.00000   34.00000  52.1%   193 2250s
 229114 131225   34.00000   32  241   71.00000   34.00000  52.1%   193 2266s
 230802 132526   70.00000   62  170   71.00000   34.00000  52.1%   193 2282s
 232527 133701   70.00000   80  138   71.00000   34.00000  52.1%   193 2298s
 234176 134745 infeasible   80        71.00000   34.00000  52.1%   193 2313s
 235811 136046 infeasible   72        71.00000   34.00000  52.1%   193 2330s
 237554 137172   51.00000   73  167   71.00000   34.00000  52.1%   193 2343s
 239100 138252   67.00000   66  131   71.00000   34.00000  52.1%   193 2358s
 240712 139338     cutoff   79        71.00000   34.00000  52.1%   193 2373s
 242341 140420   62.00000   48  138   71.00000   34.00000  52.1%   193 2387s
 243991 141333   65.00000   57  193   71.00000   34.00000  52.1%   193 2401s
 245433 142299   68.00000   53  155   71.00000   34.00000  52.1%   193 2415s
 247063 143267   65.00000   52  144   71.00000   34.00000  52.1%   193 2428s
 248619 144321   36.00000   41  238   71.00000   34.00000  52.1%   193 2445s
 250186 145383   65.00000   41  167   71.00000   34.00000  52.1%   193 2461s
 251773 146393   56.00000   42  213   71.00000   34.00000  52.1%   193 2477s
 253445 147590   53.00000   60  209   71.00000   34.00000  52.1%   193 2494s
 255201 148558   34.00000   49  214   71.00000   34.00000  52.1%   193 2509s
 256732 149482   61.00000   99   93   71.00000   34.00000  52.1%   194 2524s
 258259 150462   34.00000   33  260   71.00000   34.00000  52.1%   194 2539s
 259837 151295   63.00000   74  147   71.00000   34.00000  52.1%   194 2554s
 261240 152335   47.00000   51  192   71.00000   34.00000  52.1%   194 2569s
 262727 153330   69.00000   70  110   71.00000   34.00000  52.1%   194 2583s
 264157 154449   51.00000   57  158   71.00000   34.00000  52.1%   194 2603s
 265797 155620 infeasible   74        71.00000   34.00000  52.1%   194 2620s
 267410 156579   63.00000   71  157   71.00000   34.00000  52.1%   194 2638s
 269021 157598   70.00000   63   57   71.00000   34.00000  52.1%   194 2656s
 270735 158471 infeasible   74        71.00000   34.00000  52.1%   194 2672s
 272231 159798   57.00000   51  184   71.00000   34.00000  52.1%   194 2688s
 274012 160878   36.00000   43  188   71.00000   34.00000  52.1%   194 2703s
 275697 161741   34.00000   21  215   71.00000   34.00000  52.1%   194 2720s
 277116 162664   65.00000   66  130   71.00000   34.00000  52.1%   194 2736s
 278594 163794   69.00000   68   83   71.00000   34.00000  52.1%   194 2752s
 280237 164801   62.00000   60  139   71.00000   34.00000  52.1%   195 2768s
 281737 165871   70.00000   53  203   71.00000   34.00000  52.1%   195 2783s
 283387 166926 infeasible   67        71.00000   34.00000  52.1%   195 2800s
 285070 168037   70.00000   70   96   71.00000   34.00000  52.1%   195 2817s
 286689 169135   43.00000   38  195   71.00000   34.00000  52.1%   195 2833s
 288279 170341   65.00000   80  190   71.00000   34.00000  52.1%   195 2849s
 289870 171391   57.00000   50  204   71.00000   34.00000  52.1%   195 2866s
 291322 172402   66.00000   64  139   71.00000   34.00000  52.1%   195 2883s
 292877 173591 infeasible   89        71.00000   34.00000  52.1%   196 2900s
 294648 174647     cutoff   62        71.00000   34.00000  52.1%   196 2918s
 296271 175580     cutoff   60        71.00000   34.00000  52.1%   196 2933s
 297848 176676   46.00000   44  226   71.00000   34.00000  52.1%   196 2949s
 299510 177672     cutoff   56        71.00000   34.00000  52.1%   196 2965s
 301169 178746 infeasible   73        71.00000   34.00000  52.1%   196 2983s
 302921 179824   68.00000   83   96   71.00000   34.00000  52.1%   196 3001s
 304569 180818   48.00000   53  174   71.00000   34.00000  52.1%   196 3019s
 306067 181972   70.00000   53  171   71.00000   34.00000  52.1%   196 3038s
 307783 183054   45.00000   32  240   71.00000   34.00000  52.1%   196 3053s
 309493 184132 infeasible   67        71.00000   34.00000  52.1%   196 3067s
 311335 185424 infeasible   55        71.00000   34.00000  52.1%   196 3085s
 313336 186295   65.00000   47  183   71.00000   34.00000  52.1%   195 3102s
 314993 187159 infeasible   88        71.00000   34.00000  52.1%   195 3117s
 316459 188318   62.00000   77  162   71.00000   34.00000  52.1%   195 3134s
 318176 189363   57.00000   60  117   71.00000   34.00000  52.1%   195 3147s
 319775 190113 infeasible   37        71.00000   34.00000  52.1%   195 3163s
 321392 191070     cutoff   92        71.00000   34.00000  52.1%   195 3178s
 323047 191994   36.00000   31  256   71.00000   34.00000  52.1%   195 3193s
 324588 193108   49.00000   46  160   71.00000   34.00000  52.1%   195 3208s
 326340 194149   44.00000   49  169   71.00000   34.00000  52.1%   195 3222s
 327807 195128   59.00000   67  156   71.00000   34.00000  52.1%   195 3238s
 329337 196202   55.00000   46  207   71.00000   34.00000  52.1%   195 3253s
 331003 197330   67.00000   62  157   71.00000   34.00000  52.1%   195 3268s
 332707 198154 infeasible   50        71.00000   34.00000  52.1%   195 3282s
 334297 199029   50.00000   49  160   71.00000   34.00000  52.1%   195 3296s
 335888 199913   36.00000   28  246   71.00000   34.00000  52.1%   195 3310s
 337329 200966   68.00000   55  131   71.00000   34.00000  52.1%   195 3327s
 339103 201786   70.00000   55  156   71.00000   34.00000  52.1%   195 3342s
 340641 202708 infeasible   78        71.00000   34.00000  52.1%   195 3358s
 342237 203721   65.00000   52  134   71.00000   34.00000  52.1%   195 3372s
 343758 204641   63.00000   64  138   71.00000   34.00000  52.1%   195 3386s
 345223 205482   43.00000   48  202   71.00000   34.00000  52.1%   195 3402s
 346560 206458   34.00000   26  207   71.00000   34.00000  52.1%   195 3417s
 348029 207337   51.00000   63  170   71.00000   34.00000  52.1%   195 3433s
 349421 208486   65.00000   46  165   71.00000   34.00000  52.1%   196 3451s
 351068 209570 infeasible   69        71.00000   34.00000  52.1%   196 3467s
 352675 210582     cutoff   49        71.00000   34.00000  52.1%   196 3483s
 354293 211636   48.00000   40  255   71.00000   34.00000  52.1%   196 3499s
 355898 212533   47.00000   30  220   71.00000   34.00000  52.1%   196 3514s
 357485 213533   53.00000   43  230   71.00000   34.00000  52.1%   196 3529s
 359113 214502   63.00000   69  185   71.00000   34.00000  52.1%   196 3546s
 360765 215453 infeasible   60        71.00000   34.00000  52.1%   196 3561s
 362311 216173   48.00000   44  142   71.00000   34.00000  52.1%   196 3576s
 363708 217066   67.00000   72  140   71.00000   34.00000  52.1%   196 3594s
 365162 217570 infeasible   58        71.00000   34.00000  52.1%   196 3600s

Explored 365812 nodes (71744824 simplex iterations) in 3600.06 seconds (2313.36 work units)
Thread count was 32 (of 32 available processors)

Solution count 10: 71 72 73 ... 81

Time limit reached
Best objective 7.100000000000e+01, best bound 3.400000000000e+01, gap 52.1127%
