
Gurobi 13.0.0 (linux64) logging started Thu Nov 27 20:01:17 2025

Set parameter LogFile to value "./Results/StripPacking-BranchSP/Logs/HUspb-010-StripPacking-35-0.log"
Set parameter TimeLimit to value 3600
Set parameter Cuts to value 0
Set parameter Presolve to value 1
Set parameter Heuristics to value 0
Set parameter LogToConsole to value 0
Set parameter LPWarmStart to value 2
Warning: linear constraint 4795 and linear constraint 7175 have the same name "PM[B0,B1,0]"
Warning: linear constraint 4795 and linear constraint 7175 have the same name "PM[B0,B1,0]"
Warning: default constraint names used to write mps file
Gurobi Optimizer version 13.0.0 build v13.0.0rc1 (linux64 - "Debian GNU/Linux 12 (bookworm)")

CPU model: Intel(R) Xeon(R) CPU E5-2630 v3 @ 2.40GHz, instruction set [SSE2|AVX|AVX2]
Thread count: 16 physical cores, 32 logical processors, using up to 32 threads

Non-default parameters:
TimeLimit  3600
LPWarmStart  2
Heuristics  0
Cuts  0
LogToConsole  0
Presolve  1

Optimize a model with 89880 rows, 2451 columns and 266630 nonzeros (Min)
Model fingerprint: 0x533f6c03
Model has 1 linear objective coefficients
Variable types: 71 continuous, 2380 integer (2380 binary)
Coefficient statistics:
  Matrix range     [1e+00, 1e+04]
  Objective range  [1e+00, 1e+00]
  Bounds range     [1e+00, 1e+04]
  RHS range        [1e+00, 1e+04]
Using branch priorities.

Warning: Completing partial solution with 2380 unfixed non-continuous variables out of 2380
User MIP start produced solution with objective 143.9 (0.12s)
Loaded user MIP start with objective 143.9

Presolve removed 1190 rows and 0 columns
Presolve time: 1.10s
Presolved: 88690 rows, 2451 columns, 264250 nonzeros
Variable types: 71 continuous, 2380 integer (2380 binary)
Root relaxation presolved: 2451 rows, 91141 columns, 266701 nonzeros


Root simplex log...

Iteration    Objective       Primal Inf.    Dual Inf.      Time
   24372    4.9754890e+01   0.000000e+00   7.317409e+04      5s
   41738    4.8000000e+01   0.000000e+00   0.000000e+00      7s
   41738    4.8000000e+01   0.000000e+00   0.000000e+00      7s
   41738    4.8000000e+01   0.000000e+00   0.000000e+00      7s

Root relaxation: objective 4.800000e+01, 41738 iterations, 5.84 seconds (4.13 work units)

    Nodes    |    Current Node    |     Objective Bounds      |     Work
 Expl Unexpl |  Obj  Depth IntInf | Incumbent    BestBd   Gap | It/Node Time

     0     0   48.00000    0  727  143.90000   48.00000  66.6%     -   15s
     0     0   48.00000    0  727  143.90000   48.00000  66.6%     -   17s
     0     0   48.00000    0  556  143.90000   48.00000  66.6%     -   46s
     0     2   48.00000    0  490  143.90000   48.00000  66.6%     -   58s
     1     4   48.00000    1  451  143.90000   48.00000  66.6%   178   60s
    15    31   48.00000    4  334  143.90000   48.00000  66.6%   804   65s
    31    47   48.00000    5  337  143.90000   48.00000  66.6%   668   70s
    47    88   48.00000    6  336  143.90000   48.00000  66.6%   720   75s
   130   159   48.00000    9  395  143.90000   48.00000  66.6%   532   82s
   162   195   48.00000   10  352  143.90000   48.00000  66.6%   533   86s
   198   229   48.00000   12  333  143.90000   48.00000  66.6%   530   90s
   273   324   48.00000   15  431  143.90000   48.00000  66.6%   484   95s
   388   440   48.00000   18  395  143.90000   48.00000  66.6%   452  102s
   459   548   48.00000   20  392  143.90000   48.00000  66.6%   437  109s
   577   639   48.00000   22  530  143.90000   48.00000  66.6%   410  114s
   686   754   48.00000   23  444  143.90000   48.00000  66.6%   404  120s
   811   893   48.00000   25  444  143.90000   48.00000  66.6%   385  126s
   973  1038   48.00000   30  467  143.90000   48.00000  66.6%   369  132s
  1162  1200   48.00000   35  346  143.90000   48.00000  66.6%   354  143s
  1373  1497   48.00000   40  394  143.90000   48.00000  66.6%   348  155s
  1720  1955   48.00000   50  422  143.90000   48.00000  66.6%   329  169s
  1825  1955   68.00000   69  263  143.90000   48.00000  66.6%   323  170s
  2285  2454   53.00000   20  260  143.90000   48.00000  66.6%   304  189s
  2979  2455   48.00000   16  556  143.90000   48.00000  66.6%   283  192s
  2981  2456   48.00000   39  556  143.90000   48.00000  66.6%   283  219s
  2982  2457   49.00000   30  556  143.90000   48.00000  66.6%   283  234s
  2984  2461   48.00000   13  487  143.90000   48.00000  66.6%   310  246s
  2990  2471   48.00000   15  414  143.90000   48.00000  66.6%   311  250s
  3014  2495   48.00000   17  387  143.90000   48.00000  66.6%   311  255s
  3030  2517   48.00000   18  486  143.90000   48.00000  66.6%   312  261s
  3057  2540   48.00000   19  453  143.90000   48.00000  66.6%   314  265s
  3089  2563   48.00000   20  363  143.90000   48.00000  66.6%   314  271s
  3158  2609   48.00000   21  358  143.90000   48.00000  66.6%   312  276s
  3228  2651   48.00000   22  332  143.90000   48.00000  66.6%   309  282s
  3259  2672   48.00000   23  333  143.90000   48.00000  66.6%   309  285s
  3290  2711   48.00000   23  395  143.90000   48.00000  66.6%   308  290s
  3340  2748   48.00000   24  322  143.90000   48.00000  66.6%   307  295s
  3393  2814   48.00000   26  305  143.90000   48.00000  66.6%   306  300s
  3477  2878   48.00000   28  284  143.90000   48.00000  66.6%   302  307s
  3569  2932   48.00000   30  290  143.90000   48.00000  66.6%   299  314s
  3658  2985   59.00000   32  309  143.90000   48.00000  66.6%   297  322s
  3740  3053   48.00000   33  339  143.90000   48.00000  66.6%   293  331s
  3836  3124   48.00000   35  329  143.90000   48.00000  66.6%   292  339s
  3939  3195   48.00000   37  313  143.90000   48.00000  66.6%   289  348s
  4046  3261   48.00000   39  287  143.90000   48.00000  66.6%   286  356s
  4160  3378   48.00000   42  316  143.90000   48.00000  66.6%   284  364s
  4347  3518   48.00000   45  311  143.90000   48.00000  66.6%   282  372s
  4599  3609   48.00000   48  348  143.90000   48.00000  66.6%   278  380s
  4812  3729   57.00000   49  350  143.90000   48.00000  66.6%   277  388s
  5041  3760   67.00000   52  276  143.90000   48.00000  66.6%   274  396s
  5182  3932   74.00000   56  261  143.90000   48.00000  66.6%   271  403s
  5445  4041   74.00000   62  288  143.90000   48.00000  66.6%   268  411s
* 5676  3808             188     137.0000000   48.00000  65.0%   266  411s
  5746  3891   74.00000   67  235  137.00000   48.00000  65.0%   264  420s
  5927  4070   74.00000   72  257  137.00000   48.00000  65.0%   262  428s
  6234  4159   76.00000   82  220  137.00000   48.00000  65.0%   258  437s
  6481  4346   95.00000   85  200  137.00000   48.00000  65.0%   256  448s
* 6576  4123             181     118.0000000   48.00000  59.3%   254  448s
  6859  4159   95.00000   93  200  118.00000   48.00000  59.3%   250  458s
* 6918  3999             183     116.0000000   48.00000  58.6%   249  458s
  7201  4115   95.00000  104  162  116.00000   48.00000  58.6%   247  468s
* 7355  3937             163     114.0000000   48.00000  57.9%   245  468s
  7506  4085 infeasible  111       114.00000   48.00000  57.9%   245  479s
* 7620  3847             159     111.0000000   48.00000  56.8%   244  479s
  7828  3946 infeasible   45       111.00000   48.00000  56.8%   244  491s
  8157  4078   48.00000   47  390  111.00000   48.00000  56.8%   244  503s
  8491  4267   67.00000   54  336  111.00000   48.00000  56.8%   245  518s
  8897  4461   85.00000   67  204  111.00000   48.00000  56.8%   244  530s
  9282  4726  100.00000   91  230  111.00000   48.00000  56.8%   244  543s
* 9616  4614             141     110.0000000   48.00000  56.4%   245  543s
  9667  4915   48.00000   43  259  110.00000   48.00000  56.4%   245  557s
 10104  5204   51.00000   50  309  110.00000   48.00000  56.4%   244  573s
 10553  5490   51.00000   58  288  110.00000   48.00000  56.4%   244  586s
*10938  5371             140     109.0000000   48.00000  56.0%   245  586s
 10961  5512   61.00000   65  349  109.00000   48.00000  56.0%   245  604s
 11211  5853   68.00000   71  263  109.00000   48.00000  56.0%   245  623s
*11328  5708             120     108.0000000   48.00000  55.6%   244  623s
 11720  5981 infeasible   48       108.00000   48.00000  55.6%   245  640s
 12233  6231   53.00000   45  390  108.00000   48.00000  55.6%   245  659s
*12474  6058             125     107.0000000   48.00000  55.1%   244  659s
 12612  6457   56.00000   52  322  107.00000   48.00000  55.1%   244  680s
*12984  6207             143     106.0000000   48.00000  54.7%   242  680s
 13243  6480     cutoff  125       106.00000   48.00000  54.7%   244  701s
 13689  6958   48.00000   52  390  106.00000   48.00000  54.7%   245  722s
 14347  7481   85.00000   90  201  106.00000   48.00000  54.7%   245  745s
*15024  7342             135     105.0000000   48.00000  54.3%   243  745s
 15200  7657   48.00000   48  316  105.00000   48.00000  54.3%   243  767s
*15480  7340             157     104.0000000   48.00000  53.8%   243  767s
 15763  7552   48.00000   44  238  104.00000   48.00000  53.8%   245  792s
 16278  7829 infeasible   53       104.00000   48.00000  53.8%   250  819s
*16724  7582             146     103.0000000   48.00000  53.4%   254  819s
*16726  7387             146     102.0000000   48.00000  52.9%   254  819s
 16839  7590   48.00000   55  341  102.00000   48.00000  52.9%   254  850s
 17417  8012  101.00000  101  119  102.00000   48.00000  52.9%   259  881s
 18104  8312   82.00000   77  208  102.00000   48.00000  52.9%   261  912s
 18618  8680  100.00000  107  211  102.00000   48.00000  52.9%   261  942s
 19304  9196   48.00000   54  309  102.00000   48.00000  52.9%   265  973s
*19873  9022             131     101.0000000   48.00000  52.5%   265  973s
 20181  9285  100.00000   86  161  101.00000   48.00000  52.5%   266 1002s
 20704  9757   48.00000   41  331  101.00000   48.00000  52.5%   268 1038s
 21588 10215  100.00000  128   70  101.00000   48.00000  52.5%   270 1072s
 22382 10673   74.00000   54  343  101.00000   48.00000  52.5%   272 1105s
 23058 11233   82.00000   70  272  101.00000   48.00000  52.5%   276 1140s
 23814 12051   91.00000   83  332  101.00000   48.00000  52.5%   279 1175s
 24867 12863   94.00000   89  220  101.00000   48.00000  52.5%   278 1211s
 26053 13281  100.00000   96  187  101.00000   48.00000  52.5%   277 1246s
 26622 14067     cutoff  104       101.00000   48.00000  52.5%   276 1283s
 27891 14945 infeasible  117       101.00000   48.00000  52.5%   274 1330s
 29214 15708 infeasible   49       101.00000   48.00000  52.5%   273 1369s
 30439 16391   99.00000   86  208  101.00000   48.00000  52.5%   272 1409s
 31491 17347  100.00000   85  128  101.00000   48.00000  52.5%   272 1453s
 32966 18259   98.00000  100  159  101.00000   48.00000  52.5%   270 1498s
 34388 19156 infeasible  120       101.00000   48.00000  52.5%   269 1547s
*35662 17652             124     100.0000000   48.00000  52.0%   268 1548s
 35844 18430 infeasible   58       100.00000   48.00000  52.0%   268 1593s
 37177 19413   88.00000   64  252  100.00000   48.00000  52.0%   268 1638s
 38735 20821   96.00000   71  278  100.00000   48.00000  52.0%   267 1687s
*40447 19541             131      99.0000000   48.00000  51.5%   264 1687s
 40838 20068   89.00000   41  280   99.00000   48.00000  51.5%   264 1735s
 42112 21715   56.00000   37  265   99.00000   48.00000  51.5%   261 1799s
 44169 22856 infeasible   94        99.00000   48.00000  51.5%   260 1847s
 45792 24104   80.00000   88  174   99.00000   48.00000  51.5%   258 1894s
 47539 25165   97.00000   94  132   99.00000   48.00000  51.5%   257 1940s
 49043 26250 infeasible   92        99.00000   48.00000  51.5%   256 1988s
 50577 27196   86.00000   67  216   99.00000   48.00000  51.5%   255 2033s
 52008 28350   84.00000   79  231   99.00000   48.00000  51.5%   255 2079s
 53746 29465   86.00000   87  304   99.00000   48.00000  51.5%   254 2127s
 55271 30667   93.00000   86  160   99.00000   48.00000  51.5%   254 2174s
 56944 31330 infeasible   46        99.00000   48.00000  51.5%   253 2220s
 57903 32521   88.00000   86  209   99.00000   48.00000  51.5%   253 2271s
 59585 33619   97.00000  115  124   99.00000   48.00000  51.5%   252 2320s
 61120 34816 infeasible  117        99.00000   48.00000  51.5%   252 2375s
 62701 36110   74.00000   79  280   99.00000   48.00000  51.5%   252 2435s
 64744 37179   97.00000   58  249   99.00000   48.00000  51.5%   252 2479s
 66200 38284   65.00000   80  243   99.00000   48.00000  51.5%   251 2527s
 67759 39341   55.00000   62  404   99.00000   48.00000  51.5%   251 2576s
 69287 40444   96.00000  132   72   99.00000   48.00000  51.5%   251 2635s
 70946 41488   90.00000   72  218   99.00000   48.00000  51.5%   250 2685s
 72462 42532   96.00000   95   86   99.00000   48.00000  51.5%   250 2735s
 74036 43498   78.00000   81  218   99.00000   48.00000  51.5%   250 2785s
 75467 44180   58.00000   68  299   99.00000   48.00000  51.5%   250 2835s
 76418 45124 infeasible  103        99.00000   48.00000  51.5%   251 2890s
 77875 46038   92.00000  103  196   99.00000   48.00000  51.5%   251 2941s
 79428 47171   97.00000   95  181   99.00000   48.00000  51.5%   252 2995s
 81067 48207   48.00000   54  322   99.00000   48.00000  51.5%   252 3048s
 82655 49274   96.00000   77  245   99.00000   48.00000  51.5%   252 3102s
 84257 50463     cutoff  112        99.00000   48.00000  51.5%   252 3157s
 86018 51584   74.00000   75  253   99.00000   48.00000  51.5%   252 3207s
 87650 52748   80.00000   72  272   99.00000   48.00000  51.5%   252 3259s
*89230 48087             143      98.0000000   48.00000  51.0%   251 3259s
 89439 48972   61.00000   55  290   98.00000   48.00000  51.0%   251 3316s
 91021 50090   95.00000   95  212   98.00000   48.00000  51.0%   251 3365s
 92682 50869   87.00000  135  181   98.00000   48.00000  51.0%   251 3414s
 93771 52071   97.00000   84  233   98.00000   48.00000  51.0%   251 3465s
 95522 53171   73.00000   54  286   98.00000   48.00000  51.0%   250 3515s
 97022 54422     cutoff   95        98.00000   48.00000  51.0%   251 3565s
 98759 55175   95.00000  101  174   98.00000   48.00000  51.0%   251 3600s

Explored 99891 nodes (25127057 simplex iterations) in 3600.15 seconds (2020.39 work units)
Thread count was 32 (of 32 available processors)

Solution count 10: 98 99 100 ... 107

Time limit reached
Best objective 9.800000000000e+01, best bound 4.800000000000e+01, gap 51.0204%
