
Gurobi 13.0.0 (linux64) logging started Thu Nov 27 21:01:20 2025

Set parameter LogFile to value "./Results/StripPacking-BranchSP/Logs/HUspb-111-StripPacking-35-0.log"
Set parameter TimeLimit to value 3600
Set parameter Cuts to value 1
Set parameter Presolve to value 1
Set parameter Heuristics to value 1
Set parameter LogToConsole to value 0
Set parameter LPWarmStart to value 2
Warning: linear constraint 4795 and linear constraint 7175 have the same name "PM[B0,B1,0]"
Warning: linear constraint 4795 and linear constraint 7175 have the same name "PM[B0,B1,0]"
Warning: default constraint names used to write mps file
Gurobi Optimizer version 13.0.0 build v13.0.0rc1 (linux64 - "Debian GNU/Linux 12 (bookworm)")

CPU model: Intel(R) Xeon(R) CPU E5-2630 v3 @ 2.40GHz, instruction set [SSE2|AVX|AVX2]
Thread count: 16 physical cores, 32 logical processors, using up to 32 threads

Non-default parameters:
TimeLimit  3600
LPWarmStart  2
Heuristics  1
Cuts  1
LogToConsole  0
Presolve  1

Optimize a model with 89880 rows, 2451 columns and 266630 nonzeros (Min)
Model fingerprint: 0x533f6c03
Model has 1 linear objective coefficients
Variable types: 71 continuous, 2380 integer (2380 binary)
Coefficient statistics:
  Matrix range     [1e+00, 1e+04]
  Objective range  [1e+00, 1e+00]
  Bounds range     [1e+00, 1e+04]
  RHS range        [1e+00, 1e+04]
Using branch priorities.

Warning: Completing partial solution with 2380 unfixed non-continuous variables out of 2380
User MIP start produced solution with objective 143.9 (0.10s)
Loaded user MIP start with objective 143.9

Presolve removed 1190 rows and 0 columns
Presolve time: 0.93s
Presolved: 88690 rows, 2451 columns, 264250 nonzeros
Variable types: 71 continuous, 2380 integer (2380 binary)
Root relaxation presolved: 2451 rows, 91141 columns, 266701 nonzeros


Root simplex log...

Iteration    Objective       Primal Inf.    Dual Inf.      Time
   24780    4.9756529e+01   0.000000e+00   1.839300e+05      5s
   41738    4.8000000e+01   0.000000e+00   0.000000e+00      7s
   41738    4.8000000e+01   0.000000e+00   0.000000e+00      7s
   41738    4.8000000e+01   0.000000e+00   0.000000e+00      7s

Root relaxation: objective 4.800000e+01, 41738 iterations, 5.65 seconds (4.13 work units)

    Nodes    |    Current Node    |     Objective Bounds      |     Work
 Expl Unexpl |  Obj  Depth IntInf | Incumbent    BestBd   Gap | It/Node Time

     0     0   48.00000    0  727  143.90000   48.00000  66.6%     -   14s
H    0     0                     137.0000000   48.00000  65.0%     -   15s
     0     0   48.00000    0  684  137.00000   48.00000  65.0%     -   43s
H    0     0                     136.0000000   48.00000  64.7%     -   47s
     0     0   48.00000    0  682  136.00000   48.00000  64.7%     -   48s
H    0     0                     135.0000000   48.00000  64.4%     -   54s
     0     0   48.00000    0  718  135.00000   48.00000  64.4%     -   68s
     0     0   48.00000    0  585  135.00000   48.00000  64.4%     -  113s
     0     0   48.00000    0  463  135.00000   48.00000  64.4%     -  119s
     0     0   48.00000    0  617  135.00000   48.00000  64.4%     -  126s
     0     0   48.00000    0  617  135.00000   48.00000  64.4%     -  134s
H    0     0                     133.0000000   48.00000  63.9%     -  136s
     0     0   48.00000    0  557  133.00000   48.00000  63.9%     -  136s
H    0     0                     133.0000000   48.00000  63.9%     -  143s
     0     0   48.00000    0  571  133.00000   48.00000  63.9%     -  143s
     0     0   48.00000    0  567  133.00000   48.00000  63.9%     -  149s
H    0     0                     127.0000000   48.00000  62.2%     -  150s
     0     0   48.00000    0  572  127.00000   48.00000  62.2%     -  152s
     0     0   48.00000    0  643  127.00000   48.00000  62.2%     -  163s
     0     0   48.00000    0  643  127.00000   48.00000  62.2%     -  181s
H    0     0                     126.0000000   48.00000  61.9%     -  186s
H    0     0                     125.0000000   48.00000  61.6%     -  186s
     0     0   48.00000    0  544  125.00000   48.00000  61.6%     -  186s
     0     0   48.00000    0  500  125.00000   48.00000  61.6%     -  198s
     0     0   48.00000    0  500  125.00000   48.00000  61.6%     -  208s
     0     0   48.00000    0  463  125.00000   48.00000  61.6%     -  211s
     0     0   48.00000    0  464  125.00000   48.00000  61.6%     -  219s
     0     0   48.00000    0  464  125.00000   48.00000  61.6%     -  228s
     0     0   48.00000    0  508  125.00000   48.00000  61.6%     -  232s
     0     0   48.00000    0  486  125.00000   48.00000  61.6%     -  239s
     0     0   48.00000    0  486  125.00000   48.00000  61.6%     -  256s
H    0     0                     124.0000000   48.00000  61.3%     -  260s
H    0     0                     123.0000000   48.00000  61.0%     -  260s
H    0     0                     122.0000000   48.00000  60.7%     -  260s
H    0     0                     121.0000000   48.00000  60.3%     -  260s
H    0     0                     120.0000000   48.00000  60.0%     -  260s
     0     0   48.00000    0  486  120.00000   48.00000  60.0%     -  260s
     0     0   48.00000    0  438  120.00000   48.00000  60.0%     -  276s
     0     2   48.00000    0  438  120.00000   48.00000  60.0%     -  294s
     1     4   48.00000    1  418  120.00000   48.00000  60.0%  13.0  296s
     3     8   48.00000    2  556  120.00000   48.00000  60.0%  2100  302s
     7    16   48.00000    3  467  120.00000   48.00000  60.0%  2907  311s
    15    32   48.00000    4  512  120.00000   48.00000  60.0%  2713  323s
    31    44   48.00000    5  535  120.00000   48.00000  60.0%  2325  340s
H   35    44                     119.0000000   48.00000  59.7%  2102  340s
    45    96   48.00000    6  523  119.00000   48.00000  59.7%  1748  359s
H   46    96                     119.0000000   48.00000  59.7%  1710  359s
H   96    96                     117.0000000   48.00000  59.0%  1126  359s
    98   245   48.00000    7  522  117.00000   48.00000  59.0%  1129  411s
H   99   245                     117.0000000   48.00000  59.0%  1118  411s
H  103   245                     113.0000000   48.00000  57.5%  1122  411s
H  252   612                     113.0000000   48.00000  57.5%   849  475s
H  252   612                     110.0000000   48.00000  56.4%   849  475s
H  678  1550                     110.0000000   48.00000  56.4%   722  560s
H 1147  1550                     108.0000000   48.00000  55.6%   560  560s
H 1548  1550                     108.0000000   48.00000  55.6%   509  560s
H 1983  1550                     105.0000000   48.00000  54.3%   495  561s
  2123  1566   48.00000   41  355  105.00000   48.00000  54.3%   482  623s
H 2124  1566                     105.0000000   48.00000  54.3%   482  623s
H 2130  1566                     104.0000000   48.00000  53.8%   484  623s
  2139  1600   48.00000   42  354  104.00000   48.00000  53.8%   485  687s
H 2141  1600                     104.0000000   48.00000  53.8%   484  687s
H 2144  1600                     102.0000000   48.00000  52.9%   484  687s
  2177  1622 infeasible   45       102.00000   48.00000  52.9%   485  756s
H 2184  1622                     102.0000000   48.00000  52.9%   484  756s
H 2194  1622                     101.0000000   48.00000  52.5%   484  756s
  2217  1747 infeasible   46       101.00000   48.00000  52.5%   485  827s
H 2219  1747                     101.0000000   48.00000  52.5%   485  827s
  2389  1765   51.00000   47  387  101.00000   48.00000  52.5%   471  906s
  2412  1873   51.00000   48  362  101.00000   48.00000  52.5%   471  988s
H 2483  1873                     100.0000000   48.00000  52.0%   465  988s
  2580  1874   48.00000   20  438  100.00000   48.00000  52.0%   458  996s
  2582  1875   66.00000   74  253  100.00000   48.00000  52.0%   457 1019s
  2583  1876   54.09375   41  518  100.00000   48.00000  52.0%   457 1031s
  2584  1877   57.00000   55  459  100.00000   48.00000  52.0%   457 1040s
  2585  1877   49.00000   15  328  100.00000   48.00000  52.0%   457 1053s
  2586  1878   60.00000   62  323  100.00000   48.00000  52.0%   457 1069s
  2587  1879   56.00000   41  307  100.00000   48.00000  52.0%   457 1087s
  2588  1879   48.00000   25  323  100.00000   48.00000  52.0%   456 1095s
  2589  1880   58.00000   37  377  100.00000   48.00000  52.0%   456 1113s
H 2589  1785                     100.0000000   48.00000  52.0%   456 1113s
  2590  1786   48.00000   29  296  100.00000   48.00000  52.0%   456 1120s
  2591  1786   48.00000   36  314  100.00000   48.00000  52.0%   456 1129s
  2592  1787   48.00000   31  346  100.00000   48.00000  52.0%   456 1133s
  2593  1788   56.00000   48  438  100.00000   48.00000  52.0%   456 1153s
  2594  1788   48.00000    5  396  100.00000   48.00000  52.0%   455 1167s
  2595  1789   48.00000   21  327  100.00000   48.00000  52.0%   455 1198s
  2596  1790   54.00000   62  431  100.00000   48.00000  52.0%   455 1219s
  2597  1790   56.00000   36  345  100.00000   48.00000  52.0%   455 1265s
  2598  1791   49.00000   43  380  100.00000   48.00000  52.0%   455 1292s
  2599  1792   64.00000   49  436  100.00000   48.00000  52.0%   455 1312s
  2600  1792   66.00000   56  417  100.00000   48.00000  52.0%   454 1318s
  2601  1793   48.00000   36  314  100.00000   48.00000  52.0%   454 1345s
  2603  1794   58.00000   44  256  100.00000   48.00000  52.0%   454 1356s
  2604  1798   48.00000   13  275  100.00000   48.00000  52.0%   534 1365s
  2610  1808   48.00000   15  316  100.00000   48.00000  52.0%   534 1372s
  2618  1821   48.00000   16  567  100.00000   48.00000  52.0%   538 1391s
  2634  1832   48.00000   17  513  100.00000   48.00000  52.0%   553 1399s
  2650  1876   48.00000   18  483  100.00000   48.00000  52.0%   557 1414s
  2699  1889   48.00000   20  425  100.00000   48.00000  52.0%   556 1427s
  2729  1896   48.00000   21  418  100.00000   48.00000  52.0%   554 1439s
  2746  1911   48.00000   22  410  100.00000   48.00000  52.0%   554 1455s
  2766  1926   48.00000   22  393  100.00000   48.00000  52.0%   555 1475s
  2788  1935   48.00000   23  370  100.00000   48.00000  52.0%   556 1503s
  2804  1945   48.00000   23  439  100.00000   48.00000  52.0%   555 1532s
  2820  1965   48.00000   24  371  100.00000   48.00000  52.0%   555 1581s
  2845  2007   48.00000   24  363  100.00000   48.00000  52.0%   554 1637s
  2895  2016   48.00000   25  358  100.00000   48.00000  52.0%   552 1700s
  2921  2044   48.00000   25  371  100.00000   48.00000  52.0%   550 1793s
  2960  2078   48.00000   26  352  100.00000   48.00000  52.0%   547 1901s
  3009  2095   48.00000   26  408  100.00000   48.00000  52.0%   544 2058s
  3052  2171   48.00000   27  369  100.00000   48.00000  52.0%   542 2249s
  3144  2867   48.00000   27  393  100.00000   48.00000  52.0%   540 2504s
  4055  3053   48.00000   28  386  100.00000   48.00000  52.0%   516 2721s
* 4501  2807             115      99.0000000   48.00000  51.5%   493 2721s
H 4708  3539                      99.0000000   48.00000  51.5%   479 2921s
  5784  3195   48.00000   29  388   99.00000   48.00000  51.5%   447 3109s
  5800  3344   48.00000   30  425   99.00000   48.00000  51.5%   446 3320s
  5984  3858   48.00000   30  481   99.00000   48.00000  51.5%   441 3555s
  6696  3637   54.00000   56  308   99.00000   48.00000  51.5%   423 3600s

Cutting planes:
  Learned: 371
  Lift-and-project: 6
  Cover: 3
  Implied bound: 2
  MIR: 69
  Flow cover: 331
  RLT: 34
  Relax-and-lift: 33

Explored 6718 nodes (3009222 simplex iterations) in 3600.13 seconds (2357.58 work units)
Thread count was 32 (of 32 available processors)

Solution count 10: 99 99 100 ... 104

Time limit reached
Best objective 9.899999999000e+01, best bound 4.800000000000e+01, gap 51.5152%
