
Gurobi 13.0.0 (linux64) logging started Thu Nov 27 17:01:11 2025

Set parameter LogFile to value "./Results/StripPacking-BranchSP/Logs/HUspb-111-StripPacking-20-0.log"
Set parameter TimeLimit to value 3600
Set parameter Cuts to value 1
Set parameter Presolve to value 1
Set parameter Heuristics to value 1
Set parameter LogToConsole to value 0
Set parameter LPWarmStart to value 2
Warning: linear constraint 2425 and linear constraint 3625 have the same name "PM[B0,B1,0]"
Warning: linear constraint 2425 and linear constraint 3625 have the same name "PM[B0,B1,0]"
Warning: default constraint names used to write mps file
Gurobi Optimizer version 13.0.0 build v13.0.0rc1 (linux64 - "Debian GNU/Linux 12 (bookworm)")

CPU model: Intel(R) Xeon(R) CPU E5-2630 v3 @ 2.40GHz, instruction set [SSE2|AVX|AVX2]
Thread count: 16 physical cores, 32 logical processors, using up to 32 threads

Non-default parameters:
TimeLimit  3600
LPWarmStart  2
Heuristics  1
Cuts  1
LogToConsole  0
Presolve  1

Optimize a model with 33325 rows, 1251 columns and 98450 nonzeros (Min)
Model fingerprint: 0x594924af
Model has 1 linear objective coefficients
Variable types: 51 continuous, 1200 integer (1200 binary)
Coefficient statistics:
  Matrix range     [1e+00, 1e+04]
  Objective range  [1e+00, 1e+00]
  Bounds range     [1e+00, 1e+04]
  RHS range        [1e+00, 1e+04]
Using branch priorities.

Warning: Completing partial solution with 1200 unfixed non-continuous variables out of 1200
User MIP start produced solution with objective 104.8 (0.05s)
Loaded user MIP start with objective 104.8

Presolve removed 600 rows and 0 columns
Presolve time: 0.39s
Presolved: 32725 rows, 1251 columns, 97250 nonzeros
Variable types: 51 continuous, 1200 integer (1200 binary)
Root relaxation presolved: 1251 rows, 33976 columns, 98501 nonzeros


Root relaxation: objective 3.600000e+01, 2019 iterations, 0.43 seconds (0.34 work units)

    Nodes    |    Current Node    |     Objective Bounds      |     Work
 Expl Unexpl |  Obj  Depth IntInf | Incumbent    BestBd   Gap | It/Node Time

     0     0   36.00000    0  298  104.80000   36.00000  65.6%     -    2s
H    0     0                     103.0000000   36.00000  65.0%     -    2s
     0     0   36.00000    0  291  103.00000   36.00000  65.0%     -    6s
     0     0   36.00000    0  238  103.00000   36.00000  65.0%     -    7s
H    0     0                     102.0000000   36.00000  64.7%     -   10s
     0     0   36.00000    0  294  102.00000   36.00000  64.7%     -   10s
     0     0   36.00000    0  294  102.00000   36.00000  64.7%     -   12s
     0     0   36.00000    0  265  102.00000   36.00000  64.7%     -   13s
H    0     0                     101.0000000   36.00000  64.4%     -   16s
H    0     0                     100.0000000   36.00000  64.0%     -   16s
H    0     0                      98.0000000   36.00000  63.3%     -   16s
     0     0   36.00000    0  335   98.00000   36.00000  63.3%     -   16s
     0     0   36.00000    0  312   98.00000   36.00000  63.3%     -   23s
H    0     0                      93.0000000   36.00000  61.3%     -   24s
H    0     0                      92.0000000   36.00000  60.9%     -   24s
H    0     0                      91.0000000   36.00000  60.4%     -   24s
     0     0   36.00000    0  263   91.00000   36.00000  60.4%     -   27s
     0     0   36.00000    0  326   91.00000   36.00000  60.4%     -   29s
     0     0   36.00000    0  240   91.00000   36.00000  60.4%     -   35s
H    0     0                      90.0000000   36.00000  60.0%     -   36s
H    0     0                      89.0000000   36.00000  59.6%     -   36s
     0     0   36.00000    0  235   89.00000   36.00000  59.6%     -   40s
     0     0   36.00000    0  231   89.00000   36.00000  59.6%     -   42s
     0     0   36.00000    0  231   89.00000   36.00000  59.6%     -   43s
     0     0   36.00000    0  232   89.00000   36.00000  59.6%     -   44s
     0     0   36.00000    0  305   89.00000   36.00000  59.6%     -   46s
     0     0   36.00000    0  285   89.00000   36.00000  59.6%     -   48s
     0     0   36.00000    0  265   89.00000   36.00000  59.6%     -   49s
     0     0   36.00000    0  339   89.00000   36.00000  59.6%     -   51s
     0     0   36.00000    0  303   89.00000   36.00000  59.6%     -   53s
     0     0   36.00000    0  303   89.00000   36.00000  59.6%     -   54s
     0     0   36.00000    0  303   89.00000   36.00000  59.6%     -   55s
     0     2   36.00000    0  300   89.00000   36.00000  59.6%     -   63s
     7    16   36.00000    3  275   89.00000   36.00000  59.6%   868   65s
    31    48   36.00000    5  381   89.00000   36.00000  59.6%  1140   71s
H   60    76                      88.0000000   36.00000  59.1%  1254   74s
    75    96   38.21486    8  328   88.00000   36.00000  59.1%  1145   77s
    95   126   36.00000    8  331   88.00000   36.00000  59.1%  1003   80s
   184   204   36.32280   11  304   88.00000   36.00000  59.1%   719   89s
   204   221   36.60596   12  294   88.00000   36.00000  59.1%   686   93s
   221   237   36.87769   13  287   88.00000   36.00000  59.1%   666   98s
H  237   253                      88.0000000   36.00000  59.1%   642  102s
   253   267   40.80000   15  317   88.00000   36.00000  59.1%   620  107s
   271   282   44.00000   16  271   88.00000   36.00000  59.1%   601  111s
   287   297   44.00000   17  291   88.00000   36.00000  59.1%   586  115s
   304   311 infeasible   18        88.00000   36.00000  59.1%   567  120s
   338   343   60.00000   19  235   88.00000   36.00000  59.1%   539  128s
   354   359   46.00000   19  210   88.00000   36.00000  59.1%   524  133s
   370   375   46.00000   20  202   88.00000   36.00000  59.1%   512  137s
   386   390   46.00000   21  202   88.00000   36.00000  59.1%   502  142s
   403   406   46.00000   22  211   88.00000   36.00000  59.1%   491  146s
   419   422   47.00000   23  212   88.00000   36.00000  59.1%   482  150s
   457   465   46.00000   24  205   88.00000   36.00000  59.1%   460  158s
   484   491   46.00000   24  209   88.00000   36.00000  59.1%   448  163s
   514   512   46.00000   25  185   88.00000   36.00000  59.1%   431  166s
   536   527   48.00000   26  171   88.00000   36.00000  59.1%   419  171s
   552   557   48.00000   27  190   88.00000   36.00000  59.1%   412  175s
H  594   576                      87.0000000   36.00000  58.6%   393  179s
   605   631   53.00000   28  169   87.00000   36.00000  58.6%   390  183s
H  607   631                      87.0000000   36.00000  58.6%   389  183s
   669   659   48.00000   29  222   87.00000   36.00000  58.6%   369  189s
   703   672   48.00000   30  218   87.00000   36.00000  58.6%   362  194s
H  719   672                      86.0000000   36.00000  58.1%   358  194s
   722   762   48.00000   31  217   86.00000   36.00000  58.1%   358  199s
H  817   762                      86.0000000   36.00000  58.1%   334  199s
   837   775   56.00000   38  195   86.00000   36.00000  58.1%   332  204s
   866   786   56.00000   38  199   86.00000   36.00000  58.1%   330  209s
   887   799   56.00000   39  196   86.00000   36.00000  58.1%   325  214s
H  891   799                      85.0000000   36.00000  57.6%   324  214s
   906   813   64.00000   40  227   85.00000   36.00000  57.6%   323  219s
   924   828   56.00000   40  185   85.00000   36.00000  57.6%   319  224s
   941   842   56.00000   41  184   85.00000   36.00000  57.6%   317  229s
   959   858   56.00000   41  178   85.00000   36.00000  57.6%   314  234s
   975   871   56.00000   42  181   85.00000   36.00000  57.6%   311  241s
H  988   871                      85.0000000   36.00000  57.6%   309  241s
   994   885   61.00000   43  169   85.00000   36.00000  57.6%   309  246s
  1012   893   56.00000   43  179   85.00000   36.00000  57.6%   305  252s
  1029   903   61.00000   44  171   85.00000   36.00000  57.6%   301  258s
  1050   917   71.00000   44  195   85.00000   36.00000  57.6%   297  266s
  1068   932   75.00000   45  185   85.00000   36.00000  57.6%   295  272s
  1085   947   78.00000   45  194   85.00000   36.00000  57.6%   292  278s
  1102   961   75.00000   46  183   85.00000   36.00000  57.6%   291  285s
  1120   976   75.00000   47  182   85.00000   36.00000  57.6%   287  297s
  1136   984   75.00000   48  172   85.00000   36.00000  57.6%   285  307s
  1159   993 infeasible   48        85.00000   36.00000  57.6%   281  314s
  1182  1019   83.00000   50  169   85.00000   36.00000  57.6%   278  324s
  1214  1024 infeasible   59        85.00000   36.00000  57.6%   273  332s
  1241  1035   82.00000   60  113   85.00000   36.00000  57.6%   271  339s
  1261  1046   82.00000   61  112   85.00000   36.00000  57.6%   271  351s
  1282  1063   82.00000   62  102   85.00000   36.00000  57.6%   268  371s
  1311  1074 infeasible   63        85.00000   36.00000  57.6%   265  381s
  1332  1098   82.00000   64  117   85.00000   36.00000  57.6%   264  390s
  1365  1113   82.00000   65  115   85.00000   36.00000  57.6%   261  402s
  1382  1127 infeasible   66        85.00000   36.00000  57.6%   259  428s
  1400  1143   82.00000   67   86   85.00000   36.00000  57.6%   258  453s
  1416  1157   82.00000   68   86   85.00000   36.00000  57.6%   258  466s
  1434  1171   82.00000   68   81   85.00000   36.00000  57.6%   256  477s
  1452  1180   82.00000   69   80   85.00000   36.00000  57.6%   254  487s
  1475  1194   82.00000   70   90   85.00000   36.00000  57.6%   253  500s
  1493  1213   82.00000   71   89   85.00000   36.00000  57.6%   251  513s
  1520  1228   82.00000   72   88   85.00000   36.00000  57.6%   249  525s
  1537  1259   82.00000   73   89   85.00000   36.00000  57.6%   248  550s
  1592  1330 infeasible   74        85.00000   36.00000  57.6%   244  565s
  1686  1384   82.00000   74   88   85.00000   36.00000  57.6%   237  585s
  1768  1444   82.00000   74   82   85.00000   36.00000  57.6%   233  606s
  1860  1503   82.00000   75   85   85.00000   36.00000  57.6%   225  634s
  1961  1540 infeasible   75        85.00000   36.00000  57.6%   219  648s
  2012  1624   57.00000   22  250   85.00000   36.00000  57.6%   218  661s
  2139  1757   57.00000   37  209   85.00000   36.00000  57.6%   211  676s
  2335  1911   57.00000   37  244   85.00000   36.00000  57.6%   204  691s
  2554  1913   80.00000   20  269   85.00000   36.00000  57.6%   198  718s
  2555  1914   53.00000   14  333   85.00000   36.00000  57.6%   198  722s
  2556  1915   80.00000   74  290   85.00000   36.00000  57.6%   198  726s
  2557  1915   60.00000   16  255   85.00000   36.00000  57.6%   198  731s
  2559  1917   74.00000   31  216   85.00000   36.00000  57.6%   198  736s
  2561  1918   50.00000   34  190   85.00000   36.00000  57.6%   198  742s
  2563  1919   61.00000   28  239   85.00000   36.00000  57.6%   197  748s
  2564  1920   60.00000   19  199   85.00000   36.00000  57.6%   197  750s
  2566  1921   80.00000   16  204   85.00000   36.00000  57.6%   197  757s
  2567  1922   74.00000   57  204   85.00000   36.00000  57.6%   197  761s
  2569  1923   81.00000   43  193   85.00000   36.00000  57.6%   197  768s
  2570  1924   80.00000   45  225   85.00000   36.00000  57.6%   197  771s
  2571  1925   79.00000   41  230   85.00000   36.00000  57.6%   197  775s
  2573  1926   77.00000   32  203   85.00000   36.00000  57.6%   197  782s
  2575  1927   70.00000   36  203   85.00000   36.00000  57.6%   196  787s
  2576  1931   36.00000   14  210   85.00000   36.00000  57.6%   229  790s
  2590  1954   36.00000   17  284   85.00000   36.00000  57.6%   237  797s
  2606  1965   36.73937   18  394   85.00000   36.00000  57.6%   246  803s
  2622  1998   36.84211   19  367   85.00000   36.00000  57.6%   250  806s
  2686  2030   42.00000   21  282   85.00000   36.00000  57.6%   255  812s
  2714  2043   50.00000   22  314   85.00000   36.00000  57.6%   257  817s
  2736  2053   71.00000   22  281   85.00000   36.00000  57.6%   260  823s
  2753  2064   50.00000   23  285   85.00000   36.00000  57.6%   261  828s
  2770  2075   53.00000   23  308   85.00000   36.00000  57.6%   262  833s
  2787  2086   50.00000   24  298   85.00000   36.00000  57.6%   263  838s
  2803  2096   50.00000   24  293   85.00000   36.00000  57.6%   264  844s
  2819  2107   50.00000   25  283   85.00000   36.00000  57.6%   264  850s
  2835  2118   69.00000   25  256   85.00000   36.00000  57.6%   264  855s
  2851  2128   50.00000   26  281   85.00000   36.00000  57.6%   264  861s
  2867  2139   50.00000   26  220   85.00000   36.00000  57.6%   264  867s
  2883  2150   50.00000   27  221   85.00000   36.00000  57.6%   265  872s
  2899  2160   50.00000   27  219   85.00000   36.00000  57.6%   264  878s
  2915  2171   50.00000   28  216   85.00000   36.00000  57.6%   265  884s
  2931  2182   50.00000   28  206   85.00000   36.00000  57.6%   264  890s
  2947  2192   50.00000   29  201   85.00000   36.00000  57.6%   264  895s
  2963  2203   53.00000   29  212   85.00000   36.00000  57.6%   265  900s
  2979  2214   50.00000   30  200   85.00000   36.00000  57.6%   264  906s
  2995  2224   50.00000   30  220   85.00000   36.00000  57.6%   264  912s
  3011  2234   50.00000   31  228   85.00000   36.00000  57.6%   264  917s
  3027  2245   50.00000   31  226   85.00000   36.00000  57.6%   265  922s
  3043  2254   50.00000   32  225   85.00000   36.00000  57.6%   265  927s
  3059  2265   72.00000   32  226   85.00000   36.00000  57.6%   265  932s
  3075  2276   57.00000   33  218   85.00000   36.00000  57.6%   265  937s
  3091  2291   65.00000   33  210   85.00000   36.00000  57.6%   265  942s
  3112  2311   65.00000   34  206   85.00000   36.00000  57.6%   265  947s
  3139  2325   65.00000   34  201   85.00000   36.00000  57.6%   265  953s
  3162  2340   65.00000   35  196   85.00000   36.00000  57.6%   264  959s
  3185  2353   65.00000   35  202   85.00000   36.00000  57.6%   264  965s
  3206  2367   65.00000   36  245   85.00000   36.00000  57.6%   263  972s
  3228  2391   72.00000   36  190   85.00000   36.00000  57.6%   263  979s
  3260  2410   65.00000   37  218   85.00000   36.00000  57.6%   263  986s
  3290  2425   65.00000   38  202   85.00000   36.00000  57.6%   262  993s
  3315  2433   65.00000   39  183   85.00000   36.00000  57.6%   262 1000s
  3331  2442   65.00000   40  186   85.00000   36.00000  57.6%   262 1008s
  3348  2462   65.00000   40  154   85.00000   36.00000  57.6%   261 1017s
  3377  2468   65.00000   42  168   85.00000   36.00000  57.6%   261 1024s
  3393  2479   65.00000   43  168   85.00000   36.00000  57.6%   260 1033s
  3409  2495   74.00000   43  166   85.00000   36.00000  57.6%   260 1041s
  3431  2509   65.00000   44  177   85.00000   36.00000  57.6%   260 1051s
  3452  2537   65.00000   45  165   85.00000   36.00000  57.6%   260 1061s
  3489  2562   65.00000   45  150   85.00000   36.00000  57.6%   259 1072s
  3535  2573   84.00000   46  138   85.00000   36.00000  57.6%   257 1082s
  3564  2589   65.00000   46  144   85.00000   36.00000  57.6%   257 1094s
  3589  2610   78.00000   47  186   85.00000   36.00000  57.6%   257 1106s
  3623  2610   65.00000   47  147   85.00000   36.00000  57.6%   256 1119s
  3650  2629   70.00000   48  202   85.00000   36.00000  57.6%   256 1131s
  3683  2639   65.00000   49  139   85.00000   36.00000  57.6%   256 1144s
  3712  2654   80.00000   49  156   85.00000   36.00000  57.6%   255 1159s
  3745  2670 infeasible   50        85.00000   36.00000  57.6%   254 1177s
  3780  2691   81.00000   51  142   85.00000   36.00000  57.6%   254 1190s
  3818  2697   65.00000   51  132   85.00000   36.00000  57.6%   253 1208s
  3843  2715   72.00000   53  139   85.00000   36.00000  57.6%   253 1225s
  3877  2732   70.00000   53  144   85.00000   36.00000  57.6%   252 1241s
  3917  2768   72.00000   54  140   85.00000   36.00000  57.6%   250 1264s
  3981  2806   82.00000   54  122   85.00000   36.00000  57.6%   249 1281s
  4061  2847   72.00000   55  132   85.00000   36.00000  57.6%   248 1302s
  4140  2886   76.00000   64  131   85.00000   36.00000  57.6%   247 1321s
  4257  2914 infeasible   73        85.00000   36.00000  57.6%   244 1342s
  4336  2948   36.40829   19  379   85.00000   36.00000  57.6%   245 1367s
  4406  3035   38.79672   20  304   85.00000   36.00000  57.6%   243 1387s
  4533  3113   38.80771   21  296   85.00000   36.00000  57.6%   241 1408s
* 4691  2843             103      84.0000000   36.00000  57.1%   239 1408s
H 4726  2989                      84.0000000   36.00000  57.1%   238 1424s
  5107  3181   59.00000   23  188   84.00000   36.00000  57.1%   237 1440s
* 5266  2920              96      83.0000000   38.79672  53.3%   235 1440s
  5583  2729     cutoff   53        83.00000   38.79672  53.3%   231 1456s
  5612  2734   42.00000   19  282   83.00000   42.00000  49.4%   231 1473s
H 5613  2651                      83.0000000   42.00000  49.4%   231 1473s
  5628  2661   42.00000   20  280   83.00000   42.00000  49.4%   231 1488s
  5645  2670   42.00000   21  261   83.00000   42.00000  49.4%   231 1503s
  5662  2697   42.00000   22  271   83.00000   42.00000  49.4%   230 1525s
  5717  2750   42.00000   23  235   83.00000   42.00000  49.4%   230 1546s
H 5830  2520                      82.0000000   42.00000  48.8%   229 1546s
H 5832  2575                      82.0000000   42.00000  48.8%   229 1565s
  6019  2526   42.00000   25  218   82.00000   42.00000  48.8%   229 1584s
  6037  2601   42.00000   26  221   82.00000   42.00000  48.8%   230 1605s
  6148  2576   42.00000   27  242   82.00000   42.00000  48.8%   229 1628s
  6168  2585   57.00000   28  245   82.00000   42.00000  48.8%   229 1672s
  6185  2627   78.00000   29  214   82.00000   42.00000  48.8%   229 1692s
  6265  2706   78.00000   30  230   82.00000   42.00000  48.8%   228 1716s
  6420  2702   78.00000   31  228   82.00000   42.00000  48.8%   227 1764s
  6484  2789   78.00000   32  227   82.00000   42.00000  48.8%   226 1786s
  6661  2867   78.00000   33  212   82.00000   42.00000  48.8%   227 1822s
  6830  2886   78.00000   34  206   82.00000   42.00000  48.8%   227 1848s
  6929  2960   78.00000   35  189   82.00000   42.00000  48.8%   227 1874s
  7049  3177   78.00000   36  194   82.00000   42.00000  48.8%   227 1909s
  7342  3417   78.00000   37  170   82.00000   42.00000  48.8%   225 1949s
  7767  3616   78.00000   38  182   82.00000   42.00000  48.8%   223 1986s
  8038  3814   64.00000   38  231   82.00000   42.00000  48.8%   222 2017s
  8321  4227   64.00000   38  217   82.00000   42.00000  48.8%   222 2052s
  8836  4523   76.00000   62   96   82.00000   42.00000  48.8%   223 2086s
  9239  5056 infeasible   66        82.00000   42.00000  48.8%   221 2120s
 10006  5829   65.00000   38  204   82.00000   42.00000  48.8%   218 2154s
 11274  6312 infeasible   69        82.00000   42.00000  48.8%   214 2188s
 12100  6475     cutoff   78        82.00000   42.00000  48.8%   214 2223s
 12382  6864   81.00000   79   95   82.00000   42.00000  48.8%   213 2258s
*12494  6316              69      81.0000000   42.00000  48.1%   213 2258s
 13015  7163     cutoff   52        81.00000   42.00000  48.1%   213 2295s
H13021  6715                      80.0000000   42.00000  47.5%   213 2295s
H13408  6304                      79.0000000   42.00000  46.8%   213 2295s
 14409  6035     cutoff   56        79.00000   44.26000  44.0%   210 2328s
H14410  6035                      79.0000000   44.26000  44.0%   210 2328s
 14531  6174   57.00000   25  195   79.00000   45.00000  43.0%   210 2361s
 14736  6374   57.00000   26  188   79.00000   45.00000  43.0%   210 2397s
 15032  6619   57.00000   27  187   79.00000   45.00000  43.0%   211 2444s
 15428  6626 infeasible   51        79.00000   45.00000  43.0%   212 2487s
 15453  7016 infeasible   50        79.00000   45.00000  43.0%   212 2533s
 16152  7608   65.00000   36  205   79.00000   46.00000  41.8%   211 2579s
 17220  8163   65.00000   37  194   79.00000   46.00000  41.8%   211 2620s
 18222  8944 infeasible   62        79.00000   46.00000  41.8%   212 2665s
 19581 10101   72.00000   34  182   79.00000   46.00000  41.8%   211 2708s
 21492 11354   76.00000   54  151   79.00000   46.00000  41.8%   211 2775s
 23795 11365   77.00000   51  117   79.00000   46.00000  41.8%   212 2806s
 23816 11406   77.00000   52   96   79.00000   46.00000  41.8%   212 2834s
 23890 11421   77.00000   53  114   79.00000   46.00000  41.8%   212 2862s
 23907 11448   77.00000   54  102   79.00000   46.00000  41.8%   212 2897s
 23958 11462   77.00000   55  100   79.00000   46.00000  41.8%   212 2925s
 23976 11473 infeasible   56        79.00000   46.00000  41.8%   212 2959s
 23996 11483     cutoff   56        79.00000   46.00000  41.8%   212 2999s
 24018 11497   59.00000   35  219   79.00000   46.00000  41.8%   212 3043s
 24036 11581   74.00000   36  199   79.00000   46.00000  41.8%   212 3092s
 24202 11736   78.00000   37  201   79.00000   46.00000  41.8%   212 3136s
 24484 11961 infeasible   61        79.00000   46.00000  41.8%   212 3196s
 24851 12097   77.00000   45   93   79.00000   46.00000  41.8%   211 3248s
 25091 13335 infeasible   46        79.00000   46.30872  41.4%   211 3309s
 27396 13432 infeasible   61        79.00000   48.00000  39.2%   209 3354s
 27590 13447 infeasible   64        79.00000   48.00000  39.2%   209 3396s
 27617 13462   50.30157   42  230   79.00000   48.00000  39.2%   209 3440s
 27678 13586   51.00000   44  243   79.00000   48.00000  39.2%   208 3487s
 27910 13591   78.00000   49  152   79.00000   48.00000  39.2%   208 3533s
 27951 13609   78.00000   50  120   79.00000   48.00000  39.2%   208 3581s
 27989 13630   78.00000   52  138   79.00000   48.00000  39.2%   208 3600s

Cutting planes:
  Learned: 2968
  Gomory: 45
  Lift-and-project: 21
  Cover: 314
  Implied bound: 2
  MIR: 237
  StrongCG: 3
  Flow cover: 692
  GUB cover: 4
  Zero half: 12
  RLT: 143
  Relax-and-lift: 174

Explored 28024 nodes (5889420 simplex iterations) in 3600.07 seconds (2614.97 work units)
Thread count was 32 (of 32 available processors)

Solution count 10: 79 79 80 ... 84

Time limit reached
Best objective 7.899999999200e+01, best bound 4.800000000000e+01, gap 39.2405%
