
Gurobi 13.0.0 (linux64) logging started Thu Nov 27 16:01:09 2025

Set parameter LogFile to value "./Results/StripPacking-BranchSP/Logs/HUspb-010-StripPacking-20-0.log"
Set parameter TimeLimit to value 3600
Set parameter Cuts to value 0
Set parameter Presolve to value 1
Set parameter Heuristics to value 0
Set parameter LogToConsole to value 0
Set parameter LPWarmStart to value 2
Warning: linear constraint 2425 and linear constraint 3625 have the same name "PM[B0,B1,0]"
Warning: linear constraint 2425 and linear constraint 3625 have the same name "PM[B0,B1,0]"
Warning: default constraint names used to write mps file
Gurobi Optimizer version 13.0.0 build v13.0.0rc1 (linux64 - "Debian GNU/Linux 12 (bookworm)")

CPU model: Intel(R) Xeon(R) CPU E5-2630 v3 @ 2.40GHz, instruction set [SSE2|AVX|AVX2]
Thread count: 16 physical cores, 32 logical processors, using up to 32 threads

Non-default parameters:
TimeLimit  3600
LPWarmStart  2
Heuristics  0
Cuts  0
LogToConsole  0
Presolve  1

Optimize a model with 33325 rows, 1251 columns and 98450 nonzeros (Min)
Model fingerprint: 0x594924af
Model has 1 linear objective coefficients
Variable types: 51 continuous, 1200 integer (1200 binary)
Coefficient statistics:
  Matrix range     [1e+00, 1e+04]
  Objective range  [1e+00, 1e+00]
  Bounds range     [1e+00, 1e+04]
  RHS range        [1e+00, 1e+04]
Using branch priorities.

Warning: Completing partial solution with 1200 unfixed non-continuous variables out of 1200
User MIP start produced solution with objective 104.8 (0.04s)
Loaded user MIP start with objective 104.8

Presolve removed 600 rows and 0 columns
Presolve time: 0.29s
Presolved: 32725 rows, 1251 columns, 97250 nonzeros
Variable types: 51 continuous, 1200 integer (1200 binary)
Root relaxation presolved: 1251 rows, 33976 columns, 98501 nonzeros


Root relaxation: objective 3.600000e+01, 2019 iterations, 0.43 seconds (0.34 work units)

    Nodes    |    Current Node    |     Objective Bounds      |     Work
 Expl Unexpl |  Obj  Depth IntInf | Incumbent    BestBd   Gap | It/Node Time

     0     0   36.00000    0  298  104.80000   36.00000  65.6%     -    2s
     0     0   36.00000    0  298  104.80000   36.00000  65.6%     -    3s
     0     0   36.00000    0  262  104.80000   36.00000  65.6%     -    7s
     0     2   36.00000    0  262  104.80000   36.00000  65.6%     -    8s
    15    32   36.00000    4  272  104.80000   36.00000  65.6%   325   10s
   175   206   39.74194   12  411  104.80000   36.00000  65.6%   307   15s
   436   458   59.00000   19  268  104.80000   36.00000  65.6%   242   20s
  1028   985   59.00000   31  304  104.80000   36.00000  65.6%   184   25s
  1740  1495 infeasible   43       104.80000   36.00000  65.6%   153   30s
* 2058  1684             141     104.0000000   36.00000  65.4%   142   31s
* 2564  1942             134     102.0000000   36.00000  64.7%   131   33s
  2692  1896   84.00000   29  328  102.00000   36.00000  64.7%   128   38s
  2693  1897   88.00000   56  265  102.00000   36.00000  64.7%   128   41s
  2709  1925   36.00000   17  222  102.00000   36.00000  64.7%   134   45s
  2833  2015   36.00000   21  288  102.00000   36.00000  64.7%   135   50s
  2974  2113   36.00000   23  298  102.00000   36.00000  64.7%   137   55s
  3151  2238   80.00000   26  207  102.00000   36.00000  64.7%   136   60s
  3383  2414   68.00000   33  201  102.00000   36.00000  64.7%   139   65s
  3696  2584   58.00000   43  158  102.00000   36.00000  64.7%   140   70s
  4191  2887   77.00000   56  165  102.00000   36.00000  64.7%   138   75s
* 4267  2720              90     100.0000000   36.00000  64.0%   137   75s
  4962  3098   99.00000   76   71  100.00000   36.00000  64.0%   133   80s
* 5027  2937             112      99.0000000   36.00000  63.6%   132   80s
* 5327  2809              89      98.0000000   36.00000  63.3%   128   82s
* 5379  2615             105      97.0000000   36.00000  62.9%   128   82s
* 5524  2516             117      96.0000000   36.00000  62.5%   126   83s
* 5694  2304             120      94.0000000   36.00000  61.7%   126   84s
  5791  2397   42.00000   22  259   94.00000   36.00000  61.7%   126   85s
* 5815  2184             125      93.0000000   36.00000  61.3%   126   85s
* 6184  2187              95      92.0000000   36.00000  60.9%   126   88s
  6509  2390   90.00000   66   75   92.00000   36.00000  60.9%   125   91s
* 6660  2210              84      91.0000000   36.00000  60.4%   124   91s
* 6940  2187              93      90.0000000   36.00000  60.0%   123   92s
  7163  2359   73.00000   50  141   90.00000   36.00000  60.0%   124   95s
* 7676  2394              98      89.0000000   36.00000  59.6%   123   99s
  7801  2413   71.00000   36  131   89.00000   36.00000  59.6%   123  101s
* 7976  2468              94      88.0000000   36.00000  59.1%   123  103s
  8171  2613     cutoff   62        88.00000   36.00000  59.1%   123  105s
* 8680  2835              95      87.0000000   36.00000  58.6%   124  109s
  8923  2961     cutoff   65        87.00000   42.00000  51.7%   124  112s
  9447  3345   86.00000   49  124   87.00000   42.00000  51.7%   125  117s
* 9586  3194              79      86.0000000   42.00000  51.2%   125  117s
  9731  3339     cutoff   61        86.00000   42.00000  51.2%   126  120s
 10354  3728   85.00000   56   55   86.00000   42.00000  51.2%   127  126s
*10708  3614              76      85.0000000   42.00000  50.6%   129  129s
 10997  3745   70.00000   43  168   85.00000   42.00000  50.6%   129  132s
 11286  3870   70.00000   47  146   85.00000   42.00000  50.6%   130  136s
*11451  3650             101      84.0000000   42.00000  50.0%   130  136s
 11497  3784   70.00000   48  144   84.00000   42.00000  50.0%   130  140s
 12134  4151   42.00000   37  145   84.00000   42.00000  50.0%   133  147s
 12406  4281   57.00000   43  151   84.00000   42.00000  50.0%   135  151s
 12628  4488 infeasible   47        84.00000   42.00000  50.0%   137  155s
 13265  4844   42.00000   38  193   84.00000   42.00000  50.0%   140  163s
*13387  4461              87      83.0000000   42.00000  49.4%   141  163s
 13636  4575   81.00000   52  196   83.00000   42.00000  49.4%   142  167s
 14022  4793   78.00000   43  161   83.00000   42.00000  49.4%   143  172s
 14443  5006 infeasible   61        83.00000   42.00000  49.4%   145  176s
 14840  5177   70.00000   43  173   83.00000   42.00000  49.4%   146  181s
 15283  5309 infeasible   77        83.00000   42.00000  49.4%   148  186s
 15537  5563   71.00000   43  174   83.00000   42.00000  49.4%   149  191s
 16020  5802   82.00000   65   38   83.00000   42.00000  49.4%   150  196s
 16506  6028   61.00000   48  184   83.00000   42.00000  49.4%   151  201s
 16941  6241   77.00000   39  139   83.00000   42.00000  49.4%   153  207s
 17350  6471   82.00000   55  103   83.00000   42.00000  49.4%   155  212s
 17816  6700   82.00000   62   86   83.00000   42.00000  49.4%   157  218s
 18341  7036   78.00000   46  132   83.00000   42.00000  49.4%   159  224s
 18839  7403   81.00000   66   82   83.00000   42.00000  49.4%   161  230s
 19463  7751   79.00000   47  162   83.00000   42.00000  49.4%   162  237s
 20127  7925 infeasible   46        83.00000   42.00000  49.4%   163  245s
 20484  8335 infeasible   46        83.00000   42.00000  49.4%   164  254s
*20984  7495              92      82.0000000   42.00000  48.8%   165  254s
 21131  7838 infeasible   61        82.00000   42.00000  48.8%   166  263s
 21853  8229 infeasible   57        82.00000   42.00000  48.8%   168  272s
 22632  8617   80.00000   58  112   82.00000   42.00000  48.8%   170  282s
 23454  8976 infeasible   69        82.00000   42.00000  48.8%   171  293s
 24211  9448 infeasible   47        82.00000   42.00000  48.8%   174  304s
*24738  8750             102      81.0000000   42.00000  48.1%   175  304s
 25139  9056   67.00000   59  110   81.00000   42.00000  48.1%   176  315s
 26059  9290 infeasible   66        81.00000   42.00000  48.1%   178  328s
 26748  9796   79.00000   59   98   81.00000   42.00000  48.1%   179  339s
 27752 10398   53.00000   43  171   81.00000   42.00000  48.1%   182  352s
 28914 10966   77.00000   55  130   81.00000   42.00000  48.1%   183  364s
*29162 10052              79      80.0000000   42.00000  47.5%   184  364s
 29988 10606     cutoff   70        80.00000   42.00000  47.5%   185  378s
 31136 11123 infeasible   64        80.00000   42.00000  47.5%   187  391s
 32243 11586   51.00000   48  176   80.00000   42.00000  47.5%   189  404s
 33246 12116   42.00000   39  220   80.00000   42.00000  47.5%   191  419s
 34297 12739   77.00000   44  157   80.00000   42.00000  47.5%   192  434s
 35531 13475   59.00000   43  265   80.00000   42.00000  47.5%   194  450s
 36955 14026   71.00000   46  195   80.00000   42.00000  47.5%   196  466s
 38134 14694 infeasible   49        80.00000   42.00000  47.5%   199  484s
 39565 15192   73.00000   61  123   80.00000   42.00000  47.5%   200  504s
 40801 16058   79.00000   86   90   80.00000   42.00000  47.5%   201  526s
 42504 16771   79.00000   41  198   80.00000   42.00000  47.5%   203  544s
 43964 17426 infeasible   55        80.00000   42.00000  47.5%   204  563s
 45403 18249   72.00000   54  201   80.00000   42.00000  47.5%   207  584s
 47156 18972   70.00000   69  128   80.00000   42.00000  47.5%   208  605s
 48800 19651 infeasible   47        80.00000   42.00000  47.5%   210  625s
 50063 20435   66.00000   44  169   80.00000   42.00000  47.5%   211  646s
 51700 21131   71.00000   42  109   80.00000   42.00000  47.5%   213  669s
 53379 21886     cutoff   75        80.00000   42.00000  47.5%   214  690s
*53411 19822              85      79.0000000   42.00000  46.8%   214  690s
 55040 20488   56.00000   39  217   79.00000   42.00000  46.8%   215  712s
 56649 21259   77.00000   60   67   79.00000   42.00000  46.8%   217  732s
 58289 21889   71.00000   48  179   79.00000   42.00000  46.8%   218  753s
 59831 22557   64.00000   52  166   79.00000   42.00000  46.8%   220  773s
 61280 23286   71.00000   44  188   79.00000   42.00000  46.8%   221  795s
 62821 23932 infeasible   65        79.00000   42.00000  46.8%   223  818s
 64326 24410 infeasible   52        79.00000   42.00000  46.8%   224  841s
 65657 25056 infeasible   47        79.00000   42.00000  46.8%   226  868s
 67504 25634   78.00000   74   93   79.00000   42.00000  46.8%   227  892s
 69013 26296 infeasible   48        79.00000   42.00000  46.8%   228  914s
 70511 26874 infeasible   55        79.00000   42.00000  46.8%   230  936s
 72142 27748 infeasible   44        79.00000   42.00000  46.8%   231  960s
 74018 28498   77.00000   40  175   79.00000   42.00000  46.8%   232  984s
 75664 29205     cutoff   58        79.00000   43.00000  45.6%   233 1008s
 77284 30030 infeasible   47        79.00000   43.00000  45.6%   233 1031s
 78997 30700 infeasible   55        79.00000   43.00000  45.6%   234 1054s
 80532 31554   73.00000   57  168   79.00000   43.00000  45.6%   235 1076s
 82359 32594   68.00000   52  152   79.00000   43.00000  45.6%   236 1099s
 84348 33465 infeasible   61        79.00000   43.00000  45.6%   235 1121s
 86068 34249   78.00000   67   64   79.00000   43.00000  45.6%   236 1142s
 87865 34943   78.00000   67   73   79.00000   43.00000  45.6%   236 1161s
 89270 35653   54.00000   48  185   79.00000   43.00000  45.6%   236 1182s
 90738 36436   77.00000   64   87   79.00000   43.00000  45.6%   237 1205s
 92364 37084 infeasible   62        79.00000   43.00000  45.6%   237 1230s
 93926 37700 infeasible   55        79.00000   43.00000  45.6%   237 1250s
 95531 38441   77.00000   54  171   79.00000   43.00000  45.6%   238 1271s
 97074 39154   78.00000   66   45   79.00000   43.00000  45.6%   238 1291s
 98585 39795   71.00000   64  108   79.00000   43.00000  45.6%   239 1310s
 99985 40555   59.00000   31  215   79.00000   43.00000  45.6%   239 1331s
 101587 41087   77.00000   49  214   79.00000   43.00000  45.6%   240 1352s
 102975 41807 infeasible   45        79.00000   43.00000  45.6%   241 1376s
 104646 42768     cutoff   76        79.00000   43.00000  45.6%   241 1399s
 106374 43496   77.00000   72  106   79.00000   43.00000  45.6%   241 1422s
 108002 44165     cutoff   62        79.00000   43.00000  45.6%   241 1445s
 109439 44814 infeasible   62        79.00000   43.00000  45.6%   242 1471s
 111083 45491   76.00000   48  201   79.00000   43.00000  45.6%   243 1498s
 112723 46077   77.00000   60  124   79.00000   43.00000  45.6%   243 1525s
 114391 46805   78.00000   72   69   79.00000   43.00000  45.6%   244 1550s
 116046 47530 infeasible   52        79.00000   43.00000  45.6%   244 1575s
 117674 48327 infeasible   60        79.00000   43.00000  45.6%   245 1600s
 119421 49121 infeasible   51        79.00000   43.00000  45.6%   245 1626s
 121262 49981   78.00000   43  209   79.00000   43.00000  45.6%   245 1651s
 123153 50949   76.00000   52  148   79.00000   43.00000  45.6%   245 1674s
 124999 51905 infeasible   56        79.00000   43.00000  45.6%   245 1697s
 126768 52976 infeasible   53        79.00000   43.00000  45.6%   245 1720s
 128681 53978   77.00000   63  111   79.00000   43.00000  45.6%   244 1743s
 130503 54780   73.00000   46  169   79.00000   43.00000  45.6%   244 1763s
 132122 55514 infeasible   51        79.00000   43.00000  45.6%   244 1782s
 133639 56160   67.00000   47  186   79.00000   43.00000  45.6%   244 1804s
 135092 56960   50.00000   46  160   79.00000   43.00000  45.6%   244 1826s
 136808 57711   46.00000   36  168   79.00000   43.00000  45.6%   244 1848s
 138397 58570 infeasible   41        79.00000   43.00000  45.6%   244 1870s
 140078 59419   78.00000   62   53   79.00000   43.00000  45.6%   244 1888s
 141739 60193   77.00000   79  133   79.00000   43.00000  45.6%   243 1908s
 143251 60844 infeasible   50        79.00000   43.00000  45.6%   243 1928s
 144732 61565   59.00000   44  231   79.00000   43.00000  45.6%   244 1947s
 146362 62394 infeasible   64        79.00000   43.00000  45.6%   244 1967s
 147962 63149   72.00000   50  174   79.00000   43.00000  45.6%   244 1990s
 149355 63999   78.00000   59  142   79.00000   43.00000  45.6%   244 2011s
 151100 64718   77.00000   44  181   79.00000   43.00000  45.6%   244 2031s
 152656 65354   78.00000   65   92   79.00000   43.00000  45.6%   244 2051s
 154304 66074   70.00000   49  149   79.00000   43.00000  45.6%   244 2071s
 155844 66753     cutoff   66        79.00000   43.00000  45.6%   244 2094s
 157381 67536   64.00000   52  171   79.00000   43.00000  45.6%   244 2113s
 159033 68256   50.00000   45  250   79.00000   43.00000  45.6%   244 2134s
 160571 69024 infeasible   45        79.00000   43.00000  45.6%   244 2153s
 162256 69744   43.00000   46  182   79.00000   43.00000  45.6%   244 2172s
 163838 70514   78.00000   69   78   79.00000   43.00000  45.6%   244 2194s
 165476 71162   68.00000   60  146   79.00000   43.00000  45.6%   244 2215s
 166983 71888 infeasible   52        79.00000   43.00000  45.6%   245 2236s
 168636 72620   59.00000   48  191   79.00000   43.00000  45.6%   245 2256s
 170163 73320 infeasible   64        79.00000   43.00000  45.6%   245 2276s
 171688 74138 infeasible   54        79.00000   43.00000  45.6%   245 2296s
 173355 74781 infeasible   48        79.00000   43.00000  45.6%   245 2319s
 175040 75522   77.00000   45  111   79.00000   43.00000  45.6%   245 2343s
 176654 76216   51.00000   45  159   79.00000   43.00000  45.6%   245 2362s
 178225 76917   66.00000   58  159   79.00000   43.00000  45.6%   245 2383s
 179723 77618 infeasible   55        79.00000   43.00000  45.6%   246 2404s
 181371 78406 infeasible   58        79.00000   43.00000  45.6%   246 2424s
 182943 79133   61.00000   50  200   79.00000   43.00000  45.6%   246 2445s
 184603 79663 infeasible   53        79.00000   43.00000  45.6%   246 2465s
 186095 80380   75.00000   68  154   79.00000   43.00000  45.6%   247 2486s
 187685 81097   77.00000   58  189   79.00000   43.00000  45.6%   247 2506s
 189328 81780 infeasible   40        79.00000   43.00000  45.6%   247 2527s
 190850 82442   66.00000   44  195   79.00000   43.00000  45.6%   247 2550s
 192448 83200 infeasible   58        79.00000   43.00000  45.6%   248 2570s
 194026 83858   49.00000   45  205   79.00000   43.00000  45.6%   248 2591s
 195572 84590   74.00000   48  154   79.00000   43.00000  45.6%   248 2612s
 197226 85312   75.00000   48  218   79.00000   43.00000  45.6%   248 2631s
 198821 86042     cutoff   53        79.00000   43.00000  45.6%   248 2652s
 200559 86778   77.00000   49  179   79.00000   43.00000  45.6%   248 2674s
 202175 87409   53.00000   46  201   79.00000   43.00000  45.6%   248 2697s
 203726 88094   77.00000   52  152   79.00000   43.00000  45.6%   249 2720s
 205348 88680   78.00000   52  128   79.00000   43.00000  45.6%   249 2744s
 207020 89310   77.00000   54  135   79.00000   43.00000  45.6%   249 2768s
 208545 90105 infeasible   56        79.00000   43.00000  45.6%   249 2791s
 210171 90992   76.00000   42  224   79.00000   43.00000  45.6%   249 2813s
 211922 91821   77.00000   59   93   79.00000   43.00000  45.6%   249 2834s
 213473 92594   43.00000   45  216   79.00000   43.00000  45.6%   249 2857s
 215138 93291   59.00000   40  184   79.00000   43.00000  45.6%   249 2881s
 216579 94067   76.00000   63   68   79.00000   43.00000  45.6%   250 2902s
 218235 95049 infeasible   62        79.00000   43.00000  45.6%   250 2923s
 220022 96018   78.00000   67   87   79.00000   43.00000  45.6%   250 2945s
*220476 77925              79      78.0000000   43.00000  44.9%   250 2945s
 221932 78549 infeasible   66        78.00000   43.00000  44.9%   250 2968s
 223655 79580   61.00000   37  213   78.00000   43.00000  44.9%   249 2990s
 225521 80532   75.00000   48  156   78.00000   43.00000  44.9%   249 3010s
 227342 81454   76.00000   52   98   78.00000   44.00000  43.6%   249 3030s
 229073 82266   44.00000   44  191   78.00000   44.00000  43.6%   249 3049s
 230773 83125 infeasible   46        78.00000   44.00000  43.6%   249 3067s
 232400 83980 infeasible   44        78.00000   44.00000  43.6%   249 3088s
 234103 84710   71.00000   47  169   78.00000   44.00000  43.6%   249 3108s
 235613 85521   77.00000   65   81   78.00000   44.00000  43.6%   249 3130s
 237249 86238   77.00000   56  146   78.00000   44.00000  43.6%   249 3152s
 238810 86941   76.00000   58  177   78.00000   44.00000  43.6%   249 3172s
 240456 87596   75.00000   55   81   78.00000   44.00000  43.6%   249 3192s
 241973 88117   76.00000   46  190   78.00000   45.00000  42.3%   249 3212s
 243413 88790   75.00000   50  146   78.00000   45.00000  42.3%   250 3231s
 244925 89488   77.00000   57  142   78.00000   45.00000  42.3%   250 3251s
 246537 90211   76.00000   53  159   78.00000   45.00000  42.3%   250 3273s
 248100 91197   75.00000   44  147   78.00000   45.00000  42.3%   250 3295s
 249979 91989 infeasible   46        78.00000   46.00000  41.0%   250 3316s
 251675 92803 infeasible   62        78.00000   46.00000  41.0%   250 3338s
 253426 93532   75.00000   47  156   78.00000   46.00000  41.0%   250 3361s
 255021 94496 infeasible   52        78.00000   46.00000  41.0%   250 3383s
 256765 95380 infeasible   42        78.00000   46.00000  41.0%   250 3406s
 258500 96082   77.00000   42  134   78.00000   46.00000  41.0%   250 3427s
 260037 96859   76.00000   64  123   78.00000   46.00000  41.0%   250 3448s
 261636 97768   46.00000   33  184   78.00000   46.00000  41.0%   250 3470s
 263344 98636   72.00000   54  126   78.00000   46.00000  41.0%   250 3490s
 265014 99337   77.00000   54  146   78.00000   46.00000  41.0%   250 3511s
 266563 99947 infeasible   80        78.00000   46.00000  41.0%   250 3532s
 268019 100726   59.00000   40  210   78.00000   46.00000  41.0%   250 3553s
 269702 101549   60.00000   45  162   78.00000   46.00000  41.0%   250 3573s
 271348 102264   77.00000   59  121   78.00000   46.00000  41.0%   250 3593s
 272896 102453   75.00000   47  191   78.00000   46.00000  41.0%   250 3600s

Explored 273400 nodes (68356495 simplex iterations) in 3600.04 seconds (2249.42 work units)
Thread count was 32 (of 32 available processors)

Solution count 10: 78 79 80 ... 87

Time limit reached
Best objective 7.800000000000e+01, best bound 4.600000000000e+01, gap 41.0256%
