
Gurobi 13.0.0 (linux64) logging started Wed Nov 26 22:28:40 2025

Set parameter LogFile to value "./Results/StripPacking-BranchSP/Logs/NUspb-111-StripPacking-50-0.log"
Set parameter TimeLimit to value 3600
Set parameter Cuts to value 1
Set parameter Presolve to value 1
Set parameter Heuristics to value 1
Set parameter LogToConsole to value 0
Set parameter LPWarmStart to value 2
Gurobi Optimizer version 13.0.0 build v13.0.0rc1 (linux64 - "Debian GNU/Linux 12 (bookworm)")

CPU model: Intel(R) Xeon(R) CPU E5-2630 v3 @ 2.40GHz, instruction set [SSE2|AVX|AVX2]
Thread count: 16 physical cores, 32 logical processors, using up to 32 threads

Non-default parameters:
TimeLimit  3600
LPWarmStart  2
Heuristics  1
Cuts  1
LogToConsole  0
Presolve  1

Optimize a model with 241375 rows, 5001 columns and 725300 nonzeros (Min)
Model fingerprint: 0xbb024d67
Model has 1 linear objective coefficients
Variable types: 101 continuous, 4900 integer (4900 binary)
Coefficient statistics:
  Matrix range     [1e+00, 1e+04]
  Objective range  [1e+00, 1e+00]
  Bounds range     [1e+00, 1e+04]
  RHS range        [1e+00, 1e+04]
Using branch priorities.

Warning: Completing partial solution with 4900 unfixed non-continuous variables out of 4900
User MIP start produced solution with objective 191.6 (0.52s)
Loaded user MIP start with objective 191.6

Presolve time: 1.75s
Presolved: 241375 rows, 5001 columns, 725300 nonzeros
Variable types: 101 continuous, 4900 integer (4900 binary)
Root relaxation presolved: 5001 rows, 246376 columns, 730301 nonzeros


Root simplex log...

Iteration    Objective       Primal Inf.    Dual Inf.      Time
   18131    3.5066758e+01   0.000000e+00   5.417386e+02      5s
   25778    3.5000000e+01   0.000000e+00   0.000000e+00      6s
   25778    3.5000000e+01   0.000000e+00   0.000000e+00      6s
   25778    3.5000000e+01   0.000000e+00   0.000000e+00      6s

Root relaxation: objective 3.500000e+01, 25778 iterations, 3.46 seconds (2.48 work units)

    Nodes    |    Current Node    |     Objective Bounds      |     Work
 Expl Unexpl |  Obj  Depth IntInf | Incumbent    BestBd   Gap | It/Node Time

     0     0   35.00000    0  947  191.60000   35.00000  81.7%     -   27s
H    0     0                     183.0000000   35.00000  80.9%     -   28s
H    0     0                     180.0000000   35.00000  80.6%     -  131s
H    0     0                     179.0000000   35.00000  80.4%     -  131s
H    0     0                     177.0000000   35.00000  80.2%     -  131s
H    0     0                     176.0000000   35.00000  80.1%     -  131s
H    0     0                     175.0000000   35.00000  80.0%     -  131s
H    0     0                     173.0000000   35.00000  79.8%     -  131s
H    0     0                     170.0000000   35.00000  79.4%     -  131s
     0     0   35.00000    0 1467  170.00000   35.00000  79.4%     -  131s
H    0     0                     169.0000000   35.00000  79.3%     -  207s
H    0     0                     168.0000000   35.00000  79.2%     -  207s
H    0     0                     167.0000000   35.00000  79.0%     -  207s
H    0     0                     166.0000000   35.00000  78.9%     -  207s
H    0     0                     165.0000000   35.00000  78.8%     -  207s
     0     0   35.00000    0 1329  165.00000   35.00000  78.8%     -  208s
H    0     0                     164.0000000   35.00000  78.7%     -  234s
H    0     0                     164.0000000   35.00000  78.7%     -  368s
     0     0   35.00000    0 1428  164.00000   35.00000  78.7%     -  368s
     0     0   35.00000    0 1428  164.00000   35.00000  78.7%     -  413s
H    0     0                     163.0000000   35.00000  78.5%     -  437s
H    0     0                     161.0000000   35.00000  78.3%     -  437s
H    0     0                     161.0000000   35.00000  78.3%     -  437s
     0     0   37.05882    0 1277  161.00000   37.05882  77.0%     -  437s
     0     0   38.65217    0 1349  161.00000   38.65217  76.0%     -  490s
     0     0   38.65217    0 1349  161.00000   38.65217  76.0%     -  540s
     0     0   38.65217    0 1285  161.00000   38.65217  76.0%     -  561s
     0     0   38.65217    0 1256  161.00000   38.65217  76.0%     -  571s
H    0     0                     160.0000000   38.65217  75.8%     -  575s
H    0     0                     158.0000000   38.75000  75.5%     -  627s
H    0     0                     157.0000000   38.75000  75.3%     -  627s
H    0     0                     157.0000000   38.75000  75.3%     -  627s
H    0     0                     156.0000000   38.75000  75.2%     -  627s
H    0     0                     156.0000000   38.75000  75.2%     -  627s
     0     0   38.75000    0 1298  156.00000   38.75000  75.2%     -  632s
     0     0   39.04819    0 1253  156.00000   39.04819  75.0%     -  656s
     0     0   39.04819    0 1251  156.00000   39.04819  75.0%     -  667s
     0     0   39.04819    0 1292  156.00000   39.04819  75.0%     -  724s
     0     0   39.42105    0 1327  156.00000   39.42105  74.7%     -  756s
     0     0   39.42105    0 1346  156.00000   39.42105  74.7%     -  807s
H    0     0                     155.0000000   39.42105  74.6%     -  832s
     0     0   39.42105    0 1352  155.00000   39.42105  74.6%     -  833s
H    0     0                     155.0000000   39.42105  74.6%     -  894s
     0     0   39.42105    0 1390  155.00000   39.42105  74.6%     -  900s
     0     0   39.42105    0 1378  155.00000   39.42105  74.6%     -  935s
H    0     0                     154.0000000   39.42105  74.4%     -  988s
H    0     0                     151.0000000   39.42105  73.9%     -  988s
     0     0   39.42105    0 1383  151.00000   39.42105  73.9%     -  988s
     0     0   39.42105    0 1294  151.00000   39.42105  73.9%     - 1009s
     0     0   39.42105    0 1341  151.00000   39.42105  73.9%     - 1062s
     0     0   39.42105    0 1308  151.00000   39.42105  73.9%     - 1078s
     0     0   40.00000    0 1317  151.00000   40.00000  73.5%     - 1132s
     0     0   40.00000    0 1357  151.00000   40.00000  73.5%     - 1170s
     0     0   40.00000    0 1405  151.00000   40.00000  73.5%     - 1225s
     0     0   40.00000    0 1354  151.00000   40.00000  73.5%     - 1252s
H    0     0                     151.0000000   40.00000  73.5%     - 1313s
     0     0   40.00000    0 1406  151.00000   40.00000  73.5%     - 1324s
     0     0   40.00000    0 1342  151.00000   40.00000  73.5%     - 1365s
     0     0   40.00000    0 1352  151.00000   40.00000  73.5%     - 1410s
     0     0   40.00000    0 1352  151.00000   40.00000  73.5%     - 1411s
     0     2   40.00000    0 1352  151.00000   40.00000  73.5%     - 1501s
     1     4   40.00000    1  968  151.00000   40.00000  73.5%  77.0 1536s
     3     6   40.00000    2 1031  151.00000   40.00000  73.5%  2513 1639s
     5    12   40.00000    3  938  151.00000   40.00000  73.5%  3612 1668s
    11    24   40.00000    4  953  151.00000   40.00000  73.5%  4632 1839s
H   15    24                     150.0000000   40.00000  73.3%  4349 1839s
    18    24   40.00000    3  980  150.00000   40.00000  73.3%  4837 1840s
    23    40   46.35714    5  921  150.00000   40.00000  73.3%  5042 2005s
H   28    40                     150.0000000   40.00000  73.3%  4967 2005s
    39    72   47.84848    6  943  150.00000   40.00000  73.3%  4393 2156s
    71    88   50.00000    8  897  150.00000   40.00000  73.3%  3683 2230s
    87   104   49.62500    7  942  150.00000   40.00000  73.3%  3268 2315s
H   91   104                     149.0000000   40.00000  73.2%  3187 2315s
   103   150   50.00000    9  939  149.00000   40.00000  73.2%  3038 2386s
H  106   150                     149.0000000   40.00000  73.2%  2986 2386s
H  129   150                     148.0000000   40.00000  73.0%  2767 2386s
   149   181   50.00000   12 1061  148.00000   40.00000  73.0%  2529 2446s
H  150   181                     147.0000000   40.00000  72.8%  2512 2446s
H  178   181                     147.0000000   40.00000  72.8%  2410 2446s
   180   199   50.00000   12  855  147.00000   40.00000  72.8%  2403 2535s
H  182   199                     146.0000000   40.00000  72.6%  2390 2535s
H  193   199                     146.0000000   40.00000  72.6%  2342 2535s
   198   216   50.00000   11  869  146.00000   40.00000  72.6%  2319 2606s
H  208   216                     145.0000000   40.00000  72.4%  2279 2606s
   215   261   50.00000   12  985  145.00000   40.00000  72.4%  2253 2686s
   260   277   50.00000   13  847  145.00000   40.00000  72.4%  2042 2784s
H  269   277                     145.0000000   40.00000  72.4%  2027 2784s
   276   293   50.00000   14  764  145.00000   40.00000  72.4%  2004 2867s
   292   309   50.00000   15  805  145.00000   40.00000  72.4%  1966 3006s
   308   325   50.00000   15 1025  145.00000   40.00000  72.4%  1950 3151s
   324   341   50.00000   16  786  145.00000   40.00000  72.4%  1903 3282s
   350   358   50.00000   16  811  145.00000   40.00000  72.4%  1843 3409s
   367   375   50.00000   17 1002  145.00000   40.00000  72.4%  1841 3520s
   384   390   50.00000   17  796  145.00000   40.00000  72.4%  1830 3600s

Cutting planes:
  Gomory: 10
  Cover: 1232
  Implied bound: 59
  Clique: 8
  MIR: 2259
  StrongCG: 12
  Zero half: 65
  RLT: 365
  Relax-and-lift: 314
  BQP: 123
  PSD: 24

Explored 399 nodes (976011 simplex iterations) in 3600.29 seconds (2296.21 work units)
Thread count was 32 (of 32 available processors)

Solution count 10: 145 145 146 ... 150

Time limit reached
Best objective 1.449999999854e+02, best bound 4.000000000000e+01, gap 72.4138%
