
Gurobi 13.0.0 (linux64) logging started Wed Nov 26 15:23:10 2025

Set parameter LogFile to value "./Results/StripPacking-BranchSP/Logs/NUspb-111-StripPacking-15-0.log"
Set parameter TimeLimit to value 3600
Set parameter Cuts to value 1
Set parameter Presolve to value 1
Set parameter Heuristics to value 1
Set parameter LogToConsole to value 0
Set parameter LPWarmStart to value 2
Gurobi Optimizer version 13.0.0 build v13.0.0rc1 (linux64 - "Debian GNU/Linux 12 (bookworm)")

CPU model: Intel(R) Xeon(R) CPU E5-2630 v3 @ 2.40GHz, instruction set [SSE2|AVX|AVX2]
Thread count: 16 physical cores, 32 logical processors, using up to 32 threads

Non-default parameters:
TimeLimit  3600
LPWarmStart  2
Heuristics  1
Cuts  1
LogToConsole  0
Presolve  1

Optimize a model with 6000 rows, 451 columns and 18090 nonzeros (Min)
Model fingerprint: 0x5d06db5e
Model has 1 linear objective coefficients
Variable types: 31 continuous, 420 integer (420 binary)
Coefficient statistics:
  Matrix range     [1e+00, 1e+04]
  Objective range  [1e+00, 1e+00]
  Bounds range     [1e+00, 1e+04]
  RHS range        [1e+00, 1e+04]
Using branch priorities.

Warning: Completing partial solution with 420 unfixed non-continuous variables out of 420
User MIP start produced solution with objective 62.1 (0.01s)
User MIP start produced solution with objective 62.1 (0.01s)
Loaded user MIP start with objective 62.1

Presolve time: 0.05s
Presolved: 6000 rows, 451 columns, 18090 nonzeros
Variable types: 31 continuous, 420 integer (420 binary)

Root relaxation: objective 3.200000e+01, 78 iterations, 0.03 seconds (0.01 work units)

    Nodes    |    Current Node    |     Objective Bounds      |     Work
 Expl Unexpl |  Obj  Depth IntInf | Incumbent    BestBd   Gap | It/Node Time

     0     0   32.00000    0   35   62.10000   32.00000  48.5%     -    0s
H    0     0                      60.0000000   32.00000  46.7%     -    0s
     0     0   32.00000    0   61   60.00000   32.00000  46.7%     -    0s
H    0     0                      56.0000000   32.00000  42.9%     -    0s
H    0     0                      54.0000000   32.00000  40.7%     -    0s
     0     0   32.00000    0   64   54.00000   32.00000  40.7%     -    0s
     0     0   32.00000    0   75   54.00000   32.00000  40.7%     -    0s
     0     0   32.00000    0   28   54.00000   32.00000  40.7%     -    0s
H    0     0                      53.0000000   32.00000  39.6%     -    0s
     0     0   32.00000    0   28   53.00000   32.00000  39.6%     -    0s
     0     0   32.00000    0   80   53.00000   32.00000  39.6%     -    0s
     0     0   32.00000    0   28   53.00000   32.00000  39.6%     -    0s
     0     0   32.00000    0   32   53.00000   32.00000  39.6%     -    1s
     0     0   32.00000    0   44   53.00000   32.00000  39.6%     -    1s
     0     0   32.00000    0   36   53.00000   32.00000  39.6%     -    1s
     0     0   32.00000    0   50   53.00000   32.00000  39.6%     -    1s
     0     0   32.00000    0  103   53.00000   32.00000  39.6%     -    1s
     0     0   32.00000    0   28   53.00000   32.00000  39.6%     -    1s
     0     0   32.00000    0   47   53.00000   32.00000  39.6%     -    1s
H    0     0                      52.0000000   32.00000  38.5%     -    1s
     0     0   32.00000    0   62   52.00000   32.00000  38.5%     -    1s
     0     0   32.00000    0   34   52.00000   32.00000  38.5%     -    1s
     0     0   32.00000    0   34   52.00000   32.00000  38.5%     -    1s
     0     0   32.00000    0   34   52.00000   32.00000  38.5%     -    1s
H    0     0                      51.0000000   32.00000  37.3%     -    1s
H    0     0                      49.0000000   32.00000  34.7%     -    1s
     0     2   32.00000    0   34   49.00000   32.00000  34.7%     -    1s
H   76    86                      48.0000000   32.00000  33.3%  44.3    2s
   470   455   39.00000   20   44   48.00000   32.00000  33.3%  34.2    5s
H  873   689                      47.0000000   32.00000  31.9%  31.5    6s
  1502   978 infeasible   14        47.00000   32.00000  31.9%  28.4   10s
H 1516   885                      46.0000000   32.00000  30.4%  28.3   10s
  1906  1068   39.92009   28   62   46.00000   32.00000  30.4%  27.3   15s
  2411  1317   33.01111   12   93   46.00000   32.00000  30.4%  27.4   20s
  2637  1454   33.01111   24   96   46.00000   32.00000  30.4%  27.3   25s
  3093  1652   45.00000   16   70   46.00000   32.00000  30.4%  27.3   31s
  3101  1657   38.00000   18   67   46.00000   32.00000  30.4%  27.2   35s
  3139  1715   32.00000   19   90   46.00000   32.00000  30.4%  32.5   40s
  3609  1898   45.00000   26   90   46.00000   32.00000  30.4%  44.5   45s
  3965  1948   39.00000   31   54   46.00000   32.00000  30.4%  49.4   50s
  4416  1956   39.00000   36   47   46.00000   32.00000  30.4%  54.2   55s
  4940  1957   38.00000   22   41   46.00000   32.00000  30.4%  57.9   60s
  5377  1995   41.00000   25   59   46.00000   32.00000  30.4%  59.6   65s
  5677  1998   41.00000   25   35   46.00000   32.74658  28.8%  61.0   70s
  6000  1960 infeasible   29        46.00000   32.74658  28.8%  62.8   75s
  6268  1942   45.00000   30   56   46.00000   32.75086  28.8%  64.0   80s
  6497  1920 infeasible   30        46.00000   33.00438  28.3%  64.7   86s
  6744  1890   40.00000   28   62   46.00000   33.00438  28.3%  65.5   91s
  6956  1875   40.00000   31   48   46.00000   33.00438  28.3%  66.1   96s
  7110  1873   40.00000   34   52   46.00000   33.00438  28.3%  66.7  101s
  7225  1882   40.00000   35   57   46.00000   33.00438  28.3%  67.0  105s
  7813  1879   43.00000   38   62   46.00000   36.00000  21.7%  67.8  111s
  8542  2001   43.00000   39   42   46.00000   36.00000  21.7%  69.8  115s
* 8846  1803              43      45.0000000   36.00000  20.0%  70.2  115s
 11073  1673 infeasible   41        45.00000   38.00000  15.6%  75.6  121s
 11335  1688   41.00000   27   42   45.00000   38.00000  15.6%  76.6  125s
 12631  1689 infeasible   32        45.00000   38.00000  15.6%  78.3  130s
 13772  1680 infeasible   32        45.00000   38.00000  15.6%  80.9  136s
 14593  1638 infeasible   29        45.00000   38.00000  15.6%  82.3  141s
 16209  1523   40.00000   30   51   45.00000   38.00000  15.6%  82.4  146s
 16316  1526 infeasible   32        45.00000   38.00000  15.6%  82.5  151s
 16477  1488 infeasible   33        45.00000   38.00000  15.6%  82.4  156s
 16634  1455   39.00000   32   50   45.00000   39.00000  13.3%  82.5  161s
 16812  1420   39.00000   34   47   45.00000   39.00000  13.3%  82.5  167s
 16958  1409   44.00000   36   33   45.00000   39.00000  13.3%  82.4  172s
 17029  1416   44.00000   37   50   45.00000   39.00000  13.3%  82.3  175s
 17194  1361 infeasible   32        45.00000   39.00000  13.3%  82.2  180s
 17385  1293   43.00000   34   30   45.00000   39.00000  13.3%  82.2  186s
 17638  1260 infeasible   30        45.00000   39.00000  13.3%  82.1  193s
 17713  1233 infeasible   31        45.00000   39.00000  13.3%  82.1  196s
 18156  1119 infeasible   28        45.00000   39.00000  13.3%  82.0  203s
 18668  1119 infeasible   25        45.00000   39.00000  13.3%  81.6  207s
 18732  1020   40.00000   37   59   45.00000   39.00000  13.3%  81.7  211s
 19242  1016   40.00000   37   57   45.00000   40.00000  11.1%  81.5  215s
 20159   794 infeasible   38        45.00000   40.00000  11.1%  81.2  223s
 20243   787   42.00000   32   36   45.00000   40.00000  11.1%  81.3  227s
 20314   763   42.00000   33   32   45.00000   40.00000  11.1%  81.2  231s
 20402   761   42.00000   34   34   45.00000   40.00000  11.1%  81.3  237s
 20467   724   40.00000   32   51   45.00000   40.00000  11.1%  81.2  242s
 20563   700   43.00000   35   33   45.00000   40.00000  11.1%  81.2  246s
 20647   673   43.00000   36   31   45.00000   40.00000  11.1%  81.1  252s
 20736   558 infeasible   34        45.00000   40.00000  11.1%  81.1  258s
 21052   361 infeasible   33        45.00000   40.00000  11.1%  80.8  264s
 21428   361   40.00000   35   60   45.00000   40.00000  11.1%  80.4  265s
 21526   188 infeasible   36        45.00000   40.00000  11.1%  80.3  271s
 21886   119 infeasible   31        45.00000   40.00000  11.1%  79.8  279s
 22042    64 infeasible   35        45.00000   40.00000  11.1%  79.6  284s
 22174    39 infeasible   44        45.00000   40.00000  11.1%  79.4  287s
 22230     8 infeasible   38        45.00000   41.00000  8.89%  79.3  290s
 22291     7 infeasible   34        45.00000   43.00000  4.44%  79.2  295s
 22309     2   43.00000   37   39   45.00000   43.00000  4.44%  79.2  300s

Cutting planes:
  Gomory: 6
  Lift-and-project: 64
  Cover: 155
  Implied bound: 122
  Clique: 1
  MIR: 312
  StrongCG: 1
  Flow cover: 850
  Zero half: 12
  RLT: 160
  Relax-and-lift: 135
  BQP: 36
  PSD: 39

Explored 22317 nodes (1772502 simplex iterations) in 304.11 seconds (126.39 work units)
Thread count was 32 (of 32 available processors)

Solution count 10: 45 46 47 ... 56

Optimal solution found (tolerance 1.00e-04)
Best objective 4.500000000000e+01, best bound 4.500000000000e+01, gap 0.0000%
