
Gurobi 13.0.0 (linux64) logging started Wed Nov 26 17:28:18 2025

Set parameter LogFile to value "./Results/StripPacking-BranchSP/Logs/NUspb-010-StripPacking-25-0.log"
Set parameter TimeLimit to value 3600
Set parameter Cuts to value 0
Set parameter Presolve to value 1
Set parameter Heuristics to value 0
Set parameter LogToConsole to value 0
Set parameter LPWarmStart to value 2
Gurobi Optimizer version 13.0.0 build v13.0.0rc1 (linux64 - "Debian GNU/Linux 12 (bookworm)")

CPU model: Intel(R) Xeon(R) CPU E5-2630 v3 @ 2.40GHz, instruction set [SSE2|AVX|AVX2]
Thread count: 16 physical cores, 32 logical processors, using up to 32 threads

Non-default parameters:
TimeLimit  3600
LPWarmStart  2
Heuristics  0
Cuts  0
LogToConsole  0
Presolve  1

Optimize a model with 29125 rows, 1251 columns and 87650 nonzeros (Min)
Model fingerprint: 0x594ff104
Model has 1 linear objective coefficients
Variable types: 51 continuous, 1200 integer (1200 binary)
Coefficient statistics:
  Matrix range     [1e+00, 1e+04]
  Objective range  [1e+00, 1e+00]
  Bounds range     [1e+00, 1e+04]
  RHS range        [1e+00, 1e+04]
Using branch priorities.

Warning: Completing partial solution with 1200 unfixed non-continuous variables out of 1200
User MIP start produced solution with objective 106.2 (0.03s)
Loaded user MIP start with objective 106.2

Presolve time: 0.10s
Presolved: 29125 rows, 1251 columns, 87650 nonzeros
Variable types: 51 continuous, 1200 integer (1200 binary)
Root relaxation presolved: 1251 rows, 30376 columns, 88901 nonzeros


Root relaxation: objective 3.400000e+01, 647 iterations, 0.11 seconds (0.08 work units)

    Nodes    |    Current Node    |     Objective Bounds      |     Work
 Expl Unexpl |  Obj  Depth IntInf | Incumbent    BestBd   Gap | It/Node Time

     0     0   34.00000    0  122  106.20000   34.00000  68.0%     -    0s
     0     0   34.00000    0  122  106.20000   34.00000  68.0%     -    0s
     0     0   34.00000    0  122  106.20000   34.00000  68.0%     -    0s
     0     2   34.00000    0  122  106.20000   34.00000  68.0%     -    1s
    47   212   34.00000    6  180  106.20000   34.00000  68.0%   393    5s
*  596   942             106     101.0000000   34.00000  66.3%   123    9s
   947  1762   61.00000   47  190  101.00000   34.00000  66.3%   116   12s
* 1014  1762              98      96.0000000   34.00000  64.6%   110   12s
* 1180  1740             114      89.0000000   34.00000  61.8%   101   12s
* 2387  2188             115      87.0000000   34.00000  60.9%  77.5   13s
  2517  2536   82.00000   44  275   87.00000   34.00000  60.9%  77.4   15s
* 2781  2526             144      86.0000000   34.00000  60.5%  76.5   15s
* 3092  2951             121      85.0000000   34.00000  60.0%  74.8   17s
  3616  2865   34.00000   16  197   85.00000   34.00000  60.0%  75.7   20s
  4008  3228   36.00000   31  215   85.00000   34.00000  60.0%  75.0   25s
  4560  3637   67.00000   45  110   85.00000   34.00000  60.0%  73.7   30s
* 6133  4346             120      84.0000000   34.00000  59.5%  64.0   34s
  6301  4350   75.00000   96  150   84.00000   34.00000  59.5%  63.3   35s
* 6561  4145             109      82.0000000   34.00000  58.5%  62.6   35s
* 6628  4004             119      81.0000000   34.00000  58.0%  62.1   36s
* 7313  4180              92      80.0000000   34.00000  57.5%  60.9   38s
* 7837  4073              97      79.0000000   34.00000  57.0%  59.4   39s
  7993  4121   46.00000   28  232   79.00000   34.00000  57.0%  59.2   40s
* 8376  3900             116      78.0000000   34.00000  56.4%  58.7   40s
* 8902  3881             101      77.0000000   34.00000  55.8%  58.4   42s
  9589  4388   73.00000   53   97   77.00000   34.00000  55.8%  58.6   45s
*10507  4638             120      76.0000000   34.00000  55.3%  58.5   48s
*10508  4398             120      75.0000000   34.00000  54.7%  58.5   48s
 10857  4798   73.00000   70  117   75.00000   34.00000  54.7%  58.6   50s
 12372  5994 infeasible  103        75.00000   34.00000  54.7%  59.3   55s
 13810  6948   74.00000   75   84   75.00000   34.00000  54.7%  60.1   61s
 14851  7770   50.00000   43  181   75.00000   34.00000  54.7%  60.9   65s
*15829  7745              78      74.0000000   34.00000  54.1%  61.2   69s
 16194  8024     cutoff  105        74.00000   34.00000  54.1%  61.3   71s
 17158  8738   73.00000   70   60   74.00000   34.00000  54.1%  61.9   75s
 18158  9525   73.00000   75   83   74.00000   34.00000  54.1%  62.6   80s
 19666 10647   71.00000   41  237   74.00000   34.00000  54.1%  63.3   87s
*20354  9484              98      72.0000000   34.00000  52.8%  63.4   89s
 21053  9721     cutoff   64        72.00000   34.00000  52.8%  63.5   93s
 21615 10278   70.00000   74  103   72.00000   34.00000  52.8%  64.2   96s
 22436 10879   62.00000   62   88   72.00000   34.00000  52.8%  64.9  100s
 24230 11974   50.00000   34  170   72.00000   34.00000  52.8%  65.7  107s
 24841 12597   48.00000   56  159   72.00000   34.00000  52.8%  66.1  111s
 25764 13390   71.00000   82   34   72.00000   34.00000  52.8%  66.3  115s
 27927 14794   71.00000   73  102   72.00000   34.00000  52.8%  66.6  123s
 28902 15485 infeasible   66        72.00000   34.00000  52.8%  67.1  127s
 29877 16168   71.00000   88   64   72.00000   34.00000  52.8%  67.7  132s
*30653 14951              89      71.0000000   34.00000  52.1%  68.2  132s
 30873 15434     cutoff   73        71.00000   34.00000  52.1%  68.3  138s
 31708 16224     cutoff   81        71.00000   34.00000  52.1%  68.7  143s
 32943 16968   49.00000   49  186   71.00000   34.00000  52.1%  69.0  148s
 34161 17836   57.00000   54  117   71.00000   34.00000  52.1%  69.3  154s
 35398 18674   70.00000   85   75   71.00000   34.00000  52.1%  69.8  161s
 36669 19503   51.00000   52  265   71.00000   34.00000  52.1%  70.4  167s
 37833 20295   66.00000   69  107   71.00000   34.00000  52.1%  71.2  173s
 39005 21281   65.00000   53  182   71.00000   34.00000  52.1%  71.4  180s
 40459 22270   44.00000   48  193   71.00000   34.00000  52.1%  71.9  188s
 41939 23315   51.00000   44  211   71.00000   34.00000  52.1%  72.4  194s
 43423 24447   66.00000   57  181   71.00000   34.00000  52.1%  72.7  202s
 45069 25164   67.00000   49  237   71.00000   34.00000  52.1%  73.0  209s
 46159 26294 infeasible   88        71.00000   34.00000  52.1%  73.4  217s
 47883 27429 infeasible   71        71.00000   34.00000  52.1%  73.8  225s
 49524 28668   34.00000   39  199   71.00000   34.00000  52.1%  74.3  233s
 51315 29719   48.00000   50  238   71.00000   34.00000  52.1%  74.6  242s
 52937 31081     cutoff   77        71.00000   34.00000  52.1%  75.1  250s
 54739 31984   64.00000   47  179   71.00000   34.00000  52.1%  75.3  258s
 56177 33252     cutoff   63        71.00000   34.00000  52.1%  75.8  265s
 58050 34254   67.00000   64   78   71.00000   34.00000  52.1%  75.9  274s
 59585 35376 infeasible   74        71.00000   34.00000  52.1%  76.3  283s
 61182 36522 infeasible   80        71.00000   34.00000  52.1%  76.6  291s
 62777 37534   63.00000   59  198   71.00000   34.00000  52.1%  76.9  299s
 64291 38625   48.00000   48  203   71.00000   34.00000  52.1%  77.2  306s
 65943 39911 infeasible   80        71.00000   34.00000  52.1%  77.5  316s
 67723 40910 infeasible   81        71.00000   34.00000  52.1%  77.6  323s
 69195 41763   70.00000   84   86   71.00000   34.00000  52.1%  77.8  330s
 70711 42878 infeasible   82        71.00000   34.00000  52.1%  78.2  338s
 72341 43876   59.00000   52  201   71.00000   34.00000  52.1%  78.4  345s
 73895 44955   42.00000   35  200   71.00000   34.00000  52.1%  78.7  353s
 75527 46144   34.00000   49  223   71.00000   34.00000  52.1%  78.9  360s
 77192 47664   58.00000   45  165   71.00000   34.00000  52.1%  79.0  368s
 78963 49025   66.00000   63  107   71.00000   34.00000  52.1%  79.1  377s
 80646 49839   56.00000   59  262   71.00000   34.00000  52.1%  79.3  384s
 82247 50684 infeasible  100        71.00000   34.00000  52.1%  79.5  391s
 83627 52004   58.00000   59  219   71.00000   34.00000  52.1%  79.8  399s
 85323 52892   54.00000   69  116   71.00000   34.00000  52.1%  79.9  406s
 86771 53874 infeasible   84        71.00000   34.00000  52.1%  80.1  413s
 88319 54950 infeasible   87        71.00000   34.00000  52.1%  80.2  420s
 89988 55765   70.00000   77  120   71.00000   34.00000  52.1%  80.3  428s
 91386 56908   34.00000   57  209   71.00000   34.00000  52.1%  80.7  435s
 93102 58013   70.00000   69  145   71.00000   34.00000  52.1%  80.7  443s
 94596 58725   64.00000   73  105   71.00000   34.00000  52.1%  81.0  451s
 95939 59749   57.00000   56  176   71.00000   34.00000  52.1%  81.3  459s
 97590 60755   67.00000   65  154   71.00000   34.00000  52.1%  81.4  467s
 99164 61828   70.00000   49   81   71.00000   34.00000  52.1%  81.6  475s
 100781 63053   70.00000   49  155   71.00000   34.00000  52.1%  81.9  484s
 102536 64142   65.00000  109  121   71.00000   34.00000  52.1%  81.9  492s
 104154 65274   49.00000   44  202   71.00000   34.00000  52.1%  82.1  499s
 105821 66464   65.00000   67  103   71.00000   34.00000  52.1%  82.2  506s
 107534 67591   56.00000   50  174   71.00000   34.00000  52.1%  82.5  512s
 109137 68740   65.00000   64  137   71.00000   34.00000  52.1%  82.6  519s
 110754 69738   65.00000   71  120   71.00000   34.00000  52.1%  82.9  526s
 112297 70815   65.00000   63  151   71.00000   34.00000  52.1%  83.3  533s
 113996 72066 infeasible   99        71.00000   34.00000  52.1%  83.4  540s
 115692 73088   67.00000   61   97   71.00000   34.00000  52.1%  83.7  547s
 117240 74090   68.00000   60  121   71.00000   34.00000  52.1%  83.9  555s
 118776 74913   62.00000   62  174   71.00000   34.00000  52.1%  84.2  562s
 120305 76005   41.00000   30  230   71.00000   34.00000  52.1%  84.5  569s
 121946 77130   70.00000   84   61   71.00000   34.00000  52.1%  84.7  577s
 123595 78315   70.00000   88   80   71.00000   34.00000  52.1%  84.9  584s
 125177 79387   58.00000  100  119   71.00000   34.00000  52.1%  85.0  591s
 126801 80387   57.00000   54  162   71.00000   34.00000  52.1%  85.2  598s
 128366 81414   67.00000   52  157   71.00000   34.00000  52.1%  85.5  606s
 129960 82569   43.00000   39  210   71.00000   34.00000  52.1%  85.9  613s
 131717 83497 infeasible   73        71.00000   34.00000  52.1%  86.0  620s
 133228 84607   36.00000   29  227   71.00000   34.00000  52.1%  86.3  627s
 134901 85765   70.00000   85   69   71.00000   34.00000  52.1%  86.5  635s
 136605 86908 infeasible   96        71.00000   34.00000  52.1%  86.7  643s
 138303 87894   68.00000   70  204   71.00000   34.00000  52.1%  86.8  650s
 139830 89165   48.00000   44  248   71.00000   34.00000  52.1%  87.0  658s
 141611 90235   67.00000   61  136   71.00000   34.00000  52.1%  87.1  665s
 143227 91246   65.00000   67   96   71.00000   34.00000  52.1%  87.3  672s
 144781 92399   53.00000   53  231   71.00000   34.00000  52.1%  87.5  680s
 146457 93351   65.00000   77  120   71.00000   34.00000  52.1%  87.7  687s
 147991 94433   63.00000   50  146   71.00000   34.00000  52.1%  87.9  695s
 149684 95644   50.00000   44  165   71.00000   34.00000  52.1%  88.1  702s
 151413 96835   53.00000   45  178   71.00000   34.00000  52.1%  88.3  710s
 153166 97856   63.00000   58  156   71.00000   34.00000  52.1%  88.4  717s
 154668 99003 infeasible   67        71.00000   34.00000  52.1%  88.5  724s
 156442 100086   65.00000   47  152   71.00000   34.00000  52.1%  88.6  731s
 158075 101333   63.00000   57  151   71.00000   34.00000  52.1%  88.7  739s
 159859 102431   68.00000   87   79   71.00000   34.00000  52.1%  88.8  745s
 161602 103530   70.00000   78   44   71.00000   34.00000  52.1%  88.8  752s
 163337 104430   70.00000   75  108   71.00000   34.00000  52.1%  88.9  758s
 164868 105344   53.00000   67  176   71.00000   34.00000  52.1%  89.1  765s
 166429 106357 infeasible   68        71.00000   34.00000  52.1%  89.2  772s
 168146 107534   69.00000   53  221   71.00000   34.00000  52.1%  89.3  779s
 169883 108604   45.00000   35  268   71.00000   34.00000  52.1%  89.3  786s
 171413 109654 infeasible   67        71.00000   34.00000  52.1%  89.4  793s
 172945 110715   64.00000   47  134   71.00000   34.00000  52.1%  89.5  800s
 174471 111708   56.00000   45  267   71.00000   34.00000  52.1%  89.7  807s
 176039 112687   60.00000   39  154   71.00000   34.00000  52.1%  89.8  814s
 177669 113752   68.00000   69  142   71.00000   34.00000  52.1%  89.9  822s
 179331 114952   67.00000   56  226   71.00000   34.00000  52.1%  90.0  829s
 181029 116059   70.00000   69  103   71.00000   34.00000  52.1%  90.1  836s
 182662 117167     cutoff   95        71.00000   34.00000  52.1%  90.2  843s
 184302 118267   70.00000   69  198   71.00000   34.00000  52.1%  90.3  850s
 185964 119600   67.00000   90  127   71.00000   34.00000  52.1%  90.3  856s
 187780 120736   70.00000   76  114   71.00000   34.00000  52.1%  90.3  862s
 189383 121806   45.00000   40  217   71.00000   34.00000  52.1%  90.4  869s
 191014 123025   64.00000   77  151   71.00000   34.00000  52.1%  90.6  876s
 192742 124116   65.00000   56  104   71.00000   34.00000  52.1%  90.6  883s
 194414 125264   68.00000   89   72   71.00000   34.00000  52.1%  90.6  890s
 195999 126215 infeasible   69        71.00000   34.00000  52.1%  90.8  897s
 197662 127096   64.00000   66  157   71.00000   34.00000  52.1%  90.8  903s
 199238 128005   65.00000   71  120   71.00000   34.00000  52.1%  90.9  910s
 200744 129209   70.00000   87   64   71.00000   34.00000  52.1%  91.0  918s
 202412 130187   43.00000   47  212   71.00000   34.00000  52.1%  91.1  924s
 203908 131246   67.00000   53  191   71.00000   34.00000  52.1%  91.1  931s
 205502 132257   69.00000   80   74   71.00000   34.00000  52.1%  91.2  938s
 207104 133398   61.00000   56  169   71.00000   34.00000  52.1%  91.3  945s
 208669 134357   69.00000   89  108   71.00000   34.00000  52.1%  91.4  952s
 210305 135185   68.00000   64   87   71.00000   34.00000  52.1%  91.5  959s
 211789 136266   70.00000   80   89   71.00000   34.00000  52.1%  91.6  967s
 213529 137400   67.00000   98  130   71.00000   34.00000  52.1%  91.7  974s
 215218 138466   70.00000   68   72   71.00000   34.00000  52.1%  91.8  982s
 216920 139486   59.00000   48  238   71.00000   34.00000  52.1%  91.9  989s
 218514 140685   59.00000   50  210   71.00000   34.00000  52.1%  92.0  996s
 220308 141954   65.00000   59  140   71.00000   34.00000  52.1%  92.0 1004s
 222052 142932     cutoff   66        71.00000   34.00000  52.1%  92.0 1011s
 223641 143892   51.00000   54  183   71.00000   34.00000  52.1%  92.1 1019s
 225158 145089     cutoff   64        71.00000   34.00000  52.1%  92.3 1026s
 226952 146359   70.00000   43  165   71.00000   34.00000  52.1%  92.3 1033s
 228692 147392   57.00000   44  195   71.00000   34.00000  52.1%  92.3 1040s
 230220 148608   34.00000   51  250   71.00000   34.00000  52.1%  92.5 1047s
 231871 149516   59.00000   50  126   71.00000   34.00000  52.1%  92.6 1054s
 233319 150808   36.00000   40  234   71.00000   34.00000  52.1%  92.6 1062s
 235192 151949   69.00000   78  101   71.00000   34.00000  52.1%  92.7 1070s
 236884 153071   66.00000   77  118   71.00000   34.00000  52.1%  92.8 1078s
 238563 154167   47.00000   50  239   71.00000   34.00000  52.1%  92.8 1085s
 240200 155099     cutoff   73        71.00000   34.00000  52.1%  92.9 1092s
 241719 156128   63.00000   73  129   71.00000   34.00000  52.1%  93.0 1099s
 243266 157240   70.00000   75   78   71.00000   34.00000  52.1%  93.1 1106s
 244903 158393   62.00000   54  195   71.00000   34.00000  52.1%  93.2 1113s
 246614 159444     cutoff   76        71.00000   34.00000  52.1%  93.3 1120s
 248206 160534   70.00000   94   69   71.00000   34.00000  52.1%  93.3 1127s
 249915 161489   65.00000   68  128   71.00000   34.00000  52.1%  93.3 1134s
 251483 162552   70.00000   74  105   71.00000   34.00000  52.1%  93.4 1141s
 253079 163626   70.00000  106   46   71.00000   34.00000  52.1%  93.5 1148s
 254743 164698   64.00000   62  207   71.00000   34.00000  52.1%  93.5 1154s
 256344 165552   69.00000   77  169   71.00000   34.00000  52.1%  93.6 1161s
 257911 166634 infeasible   81        71.00000   34.00000  52.1%  93.6 1168s
 259614 167607   70.00000   75  149   71.00000   34.00000  52.1%  93.7 1175s
 261117 168547   62.00000   47  202   71.00000   34.00000  52.1%  93.7 1181s
 262548 169553   57.00000   44  244   71.00000   34.00000  52.1%  93.8 1188s
 264151 170559   62.00000   60  148   71.00000   34.00000  52.1%  93.9 1195s
 265763 171643   70.00000   86   88   71.00000   34.00000  52.1%  94.0 1202s
 267431 172757   67.00000   64  105   71.00000   34.00000  52.1%  94.0 1209s
 269131 173783 infeasible   47        71.00000   34.00000  52.1%  94.1 1216s
 270791 174855   51.00000   56  222   71.00000   34.00000  52.1%  94.1 1223s
 272433 175813   57.00000   58  196   71.00000   34.00000  52.1%  94.1 1229s
 273987 176854   57.00000   73  124   71.00000   34.00000  52.1%  94.2 1236s
 275662 177784 infeasible   84        71.00000   34.00000  52.1%  94.2 1242s
 277128 178723 infeasible   69        71.00000   34.00000  52.1%  94.3 1250s
 278820 179672   68.00000   79  127   71.00000   34.00000  52.1%  94.3 1258s
 280310 180753 infeasible   73        71.00000   34.00000  52.1%  94.4 1265s
 281973 181822   53.00000  111  162   71.00000   34.00000  52.1%  94.5 1273s
 283660 182824   60.00000   64  179   71.00000   34.00000  52.1%  94.5 1282s
 285271 183770   62.00000   69  177   71.00000   34.00000  52.1%  94.6 1289s
 286784 184775   70.00000   66  126   71.00000   34.00000  52.1%  94.7 1296s
 288377 185720   70.00000   87  109   71.00000   34.00000  52.1%  94.8 1304s
 289839 186762   57.00000   51  133   71.00000   34.00000  52.1%  94.8 1312s
 291437 187699   62.00000   59  167   71.00000   34.00000  52.1%  94.9 1319s
 292968 188822   70.00000   78   76   71.00000   34.00000  52.1%  95.0 1327s
 294633 189875     cutoff   76        71.00000   34.00000  52.1%  95.1 1334s
 296191 191084     cutoff   52        71.00000   34.00000  52.1%  95.1 1342s
 297954 192124   62.00000   48  178   71.00000   34.00000  52.1%  95.2 1349s
 299564 193089   62.00000   56  145   71.00000   34.00000  52.1%  95.2 1356s
 301186 194186   70.00000   85  110   71.00000   34.00000  52.1%  95.3 1363s
 302885 195116   70.00000   73  109   71.00000   34.00000  52.1%  95.3 1370s
 304323 196192   68.00000   57  207   71.00000   34.00000  52.1%  95.3 1377s
 305968 197214   49.00000   48  255   71.00000   34.00000  52.1%  95.4 1385s
 307540 198471   62.00000   60  195   71.00000   34.00000  52.1%  95.4 1392s
*308332 172622              97      70.0000000   34.00000  51.4%  95.4 1392s
 309372 173461     cutoff   84        70.00000   34.00000  51.4%  95.4 1399s
 310990 174468   68.00000   67  107   70.00000   34.00000  51.4%  95.5 1406s
 312589 175456   65.00000   49  152   70.00000   34.00000  51.4%  95.5 1412s
 314193 176487   59.00000   54  155   70.00000   34.00000  51.4%  95.6 1419s
 315782 177569   63.00000   46  213   70.00000   34.00000  51.4%  95.6 1426s
 317435 178439   62.00000   77  140   70.00000   34.00000  51.4%  95.7 1432s
 318813 179682   58.00000   49  154   70.00000   34.00000  51.4%  95.7 1440s
 320618 180688   55.00000   67  119   70.00000   34.00000  51.4%  95.7 1447s
 322209 181816   69.00000   85  103   70.00000   34.00000  51.4%  95.8 1453s
 323891 182752   46.00000   45  168   70.00000   34.00000  51.4%  95.8 1460s
 325409 183868   34.00000   43  208   70.00000   34.00000  51.4%  95.9 1468s
 327222 184789   65.00000   53   84   70.00000   34.00000  51.4%  95.9 1475s
 328737 185700 infeasible   75        70.00000   34.00000  51.4%  96.0 1482s
 330204 186771   50.00000   45  207   70.00000   34.00000  51.4%  96.1 1490s
 331798 187701   65.00000   65  123   70.00000   34.00000  51.4%  96.1 1498s
 333449 188690   63.00000   53  125   70.00000   34.00000  51.4%  96.2 1505s
 335029 189699   67.00000   56   79   70.00000   34.00000  51.4%  96.2 1512s
 336616 190663   65.00000   67  200   70.00000   34.00000  51.4%  96.3 1519s
 338135 191704     cutoff   67        70.00000   34.00000  51.4%  96.4 1527s
 339796 192850 infeasible   81        70.00000   34.00000  51.4%  96.4 1535s
 341558 193845   68.00000   73   69   70.00000   34.00000  51.4%  96.5 1542s
 343140 194925   65.00000   47  175   70.00000   34.00000  51.4%  96.5 1549s
 344771 195794   66.00000   57  131   70.00000   34.00000  51.4%  96.6 1556s
 346157 196886   62.00000   37  229   70.00000   34.00000  51.4%  96.7 1564s
 347759 198118   40.21212   56  278   70.00000   34.00000  51.4%  96.8 1572s
 349491 199367   57.00000   62  116   70.00000   34.00000  51.4%  96.8 1581s
 351290 200370   61.00000   49  169   70.00000   34.00000  51.4%  96.8 1588s
 352878 201279   68.00000   93   39   70.00000   34.00000  51.4%  96.9 1596s
 354474 202293   69.00000   74  114   70.00000   34.00000  51.4%  97.0 1604s
 356196 203218 infeasible   71        70.00000   34.00000  51.4%  97.0 1611s
 357883 204290 infeasible   79        70.00000   34.00000  51.4%  97.0 1619s
 359629 205141   67.00000   87  111   70.00000   34.00000  51.4%  97.0 1626s
 360961 206119   34.00000   22  212   70.00000   34.00000  51.4%  97.1 1633s
 362517 207302   49.00000   42  210   70.00000   34.00000  51.4%  97.1 1640s
 364203 208365   63.00000   48  265   70.00000   34.00000  51.4%  97.2 1648s
 365845 209416   51.00000   46  226   70.00000   34.00000  51.4%  97.2 1655s
 367460 210557 infeasible   89        70.00000   34.00000  51.4%  97.2 1662s
 369126 211576   68.00000   40  172   70.00000   34.00000  51.4%  97.3 1669s
 370710 212613   51.00000   49  164   70.00000   34.00000  51.4%  97.3 1677s
 372236 213664   67.00000   69  187   70.00000   34.00000  51.4%  97.4 1684s
 373786 214710   65.00000   53  154   70.00000   34.00000  51.4%  97.4 1691s
 375375 215805   36.00000   45  209   70.00000   34.00000  51.4%  97.5 1699s
 377101 216772   68.00000   64  202   70.00000   34.00000  51.4%  97.5 1706s
 378649 217949   58.00000   56  133   70.00000   34.00000  51.4%  97.6 1713s
 380345 218836   67.00000   50  141   70.00000   34.00000  51.4%  97.6 1720s
 381793 219807   48.00000   66  176   70.00000   34.00000  51.4%  97.6 1727s
 383379 221090   68.00000   85   97   70.00000   34.00000  51.4%  97.7 1734s
 385122 222003     cutoff   68        70.00000   34.00000  51.4%  97.7 1741s
 386552 222937 infeasible   69        70.00000   34.00000  51.4%  97.7 1748s
 388248 224123 infeasible   58        70.00000   34.00000  51.4%  97.7 1756s
 390074 225301   60.00000   62  116   70.00000   34.00000  51.4%  97.7 1764s
 391746 226332   69.00000   75  123   70.00000   34.00000  51.4%  97.7 1770s
 393324 227299   68.00000   67  155   70.00000   34.00000  51.4%  97.8 1777s
 394808 228321   69.00000   69  100   70.00000   34.00000  51.4%  97.8 1784s
 396375 229395   64.00000   42  283   70.00000   34.00000  51.4%  97.9 1791s
 397996 230496   65.00000   49  267   70.00000   34.00000  51.4%  97.9 1798s
 399590 231419 infeasible   82        70.00000   34.00000  51.4%  98.0 1805s
 401037 232791     cutoff   67        70.00000   34.00000  51.4%  98.0 1813s
 402971 233985   69.00000   61  139   70.00000   34.00000  51.4%  98.0 1820s
 404756 235049   63.00000   49  209   70.00000   34.00000  51.4%  98.0 1827s
 406361 236111 infeasible   95        70.00000   34.00000  51.4%  98.0 1834s
 408028 237064   61.00000   77  149   70.00000   34.00000  51.4%  98.0 1841s
 409588 237719   68.00000   60  171   70.00000   34.00000  51.4%  98.0 1848s
 411024 238900   63.00000   53  224   70.00000   34.00000  51.4%  98.1 1854s
 412745 240035   66.00000   67  150   70.00000   34.00000  51.4%  98.1 1861s
 414359 241001   65.00000   55  136   70.00000   34.00000  51.4%  98.2 1868s
 415875 242093   61.00000   73  190   70.00000   34.00000  51.4%  98.2 1874s
 417469 243236 infeasible   86        70.00000   34.00000  51.4%  98.2 1881s
 419150 244206   67.00000   54  147   70.00000   34.00000  51.4%  98.2 1888s
 420704 245229   59.00000   45  250   70.00000   34.00000  51.4%  98.3 1895s
 422332 246297   69.00000   82   50   70.00000   34.00000  51.4%  98.3 1902s
 423900 247361   65.00000   65   96   70.00000   34.00000  51.4%  98.3 1908s
 425533 248587   50.00000   47  196   70.00000   34.00000  51.4%  98.4 1916s
 427273 249423   67.00000   50  184   70.00000   34.00000  51.4%  98.4 1923s
 428847 250431   34.00000   44  193   70.00000   34.00000  51.4%  98.4 1930s
 430397 251510   69.00000   65   62   70.00000   34.00000  51.4%  98.4 1937s
 432080 252607   69.00000  103   84   70.00000   34.00000  51.4%  98.4 1944s
 433657 253629 infeasible   57        70.00000   34.00000  51.4%  98.4 1952s
 435268 254741   69.00000   72  112   70.00000   34.00000  51.4%  98.5 1959s
 436928 255773   65.00000   56  140   70.00000   34.00000  51.4%  98.5 1966s
 438535 256788   63.00000   47  107   70.00000   34.00000  51.4%  98.5 1973s
 440108 257667   67.00000   70   86   70.00000   34.00000  51.4%  98.6 1981s
 441691 258667 infeasible   89        70.00000   34.00000  51.4%  98.6 1987s
 443347 259610     cutoff   59        70.00000   34.00000  51.4%  98.6 1994s
 444786 260677     cutoff   69        70.00000   34.00000  51.4%  98.6 2002s
 446447 261732   36.00000   38  190   70.00000   34.00000  51.4%  98.7 2010s
 448099 262929   68.00000   73   89   70.00000   34.00000  51.4%  98.7 2017s
 449812 263988   46.00000   41  166   70.00000   34.00000  51.4%  98.7 2024s
 451539 265092   67.00000   68  147   70.00000   34.00000  51.4%  98.7 2031s
 453108 266301   60.00000   78  171   70.00000   34.00000  51.4%  98.8 2038s
 454853 267338   67.00000   60  178   70.00000   34.00000  51.4%  98.8 2045s
 456480 268320   62.00000   67  159   70.00000   34.00000  51.4%  98.8 2051s
 458000 269492   65.00000   81   92   70.00000   34.00000  51.4%  98.8 2060s
 459818 270727   68.00000   73  104   70.00000   34.00000  51.4%  98.8 2069s
 461497 271706   68.00000   89   66   70.00000   34.00000  51.4%  98.8 2076s
 463020 272721   48.00000   39  158   70.00000   34.00000  51.4%  98.8 2083s
 464602 273970   64.00000   76  117   70.00000   34.00000  51.4%  98.8 2090s
 466377 275079   45.00000   46  204   70.00000   34.00000  51.4%  98.8 2097s
 467979 276305 infeasible   87        70.00000   34.00000  51.4%  98.9 2104s
 469733 277278   68.00000   58   96   70.00000   34.00000  51.4%  98.8 2111s
 471385 278203   66.00000   79  112   70.00000   34.00000  51.4%  98.8 2117s
 472837 279038   51.00000   44  260   70.00000   34.00000  51.4%  98.9 2124s
 474200 280175   65.00000   60  229   70.00000   34.00000  51.4%  98.9 2131s
 475879 281052   69.00000   81   64   70.00000   34.00000  51.4%  98.9 2137s
 477433 282171   65.00000   78   95   70.00000   34.00000  51.4%  99.0 2144s
 479089 283173   69.00000   77   91   70.00000   34.00000  51.4%  99.0 2151s
 480619 284285   64.00000   74  224   70.00000   34.00000  51.4%  99.0 2158s
 482340 285346   67.00000   74   97   70.00000   34.00000  51.4%  99.0 2165s
 483953 286469 infeasible   86        70.00000   34.00000  51.4%  99.0 2173s
 485606 287416   66.00000   76  120   70.00000   34.00000  51.4%  99.1 2179s
 487132 288565   69.00000   66  135   70.00000   34.00000  51.4%  99.0 2186s
 488784 289502 infeasible   98        70.00000   34.00000  51.4%  99.1 2194s
 490407 290422   63.00000   68  224   70.00000   34.00000  51.4%  99.1 2203s
 491962 291506     cutoff   72        70.00000   34.00000  51.4%  99.2 2212s
 493637 292609   46.00000   45  173   70.00000   34.00000  51.4%  99.2 2219s
 495306 293769 infeasible   85        70.00000   34.00000  51.4%  99.2 2227s
 497091 294812   59.00000   70  173   70.00000   34.00000  51.4%  99.2 2234s
 498735 295777   65.00000   68  205   70.00000   34.00000  51.4%  99.2 2240s
 500294 296833   53.00000   62  207   70.00000   34.00000  51.4%  99.2 2247s
 501947 297807   34.00000   47  212   70.00000   34.00000  51.4%  99.2 2254s
 503439 298711     cutoff   86        70.00000   34.00000  51.4%  99.2 2262s
 504975 299701   69.00000   97  216   70.00000   34.00000  51.4%  99.2 2269s
 506613 300789   69.00000   66  161   70.00000   34.00000  51.4%  99.3 2276s
 508188 301791   65.00000   67  232   70.00000   34.00000  51.4%  99.3 2284s
 509800 302807   45.00000   37  231   70.00000   34.00000  51.4%  99.3 2291s
 511378 303957   50.00000   45  284   70.00000   34.00000  51.4%  99.3 2298s
 513090 305007   54.00000   41  152   70.00000   34.00000  51.4%  99.3 2305s
 514720 305878   66.00000   65  161   70.00000   34.00000  51.4%  99.4 2312s
 516153 307037   68.00000   99  212   70.00000   34.00000  51.4%  99.4 2320s
 517896 307907   69.00000   70   94   70.00000   34.00000  51.4%  99.4 2326s
 519579 308906   69.00000   84   51   70.00000   34.00000  51.4%  99.4 2333s
 521213 309987   48.00000   37  240   70.00000   34.00000  51.4%  99.4 2340s
 522942 311157   69.00000   88  100   70.00000   34.00000  51.4%  99.4 2348s
 524576 312238   69.00000   83  147   70.00000   34.00000  51.4%  99.4 2355s
 526206 313278   65.00000   65  121   70.00000   34.00000  51.4%  99.5 2362s
 527838 314279   48.00000   61  265   70.00000   34.00000  51.4%  99.5 2369s
 529421 315275   57.00000   53  194   70.00000   34.00000  51.4%  99.5 2376s
 530967 316557 infeasible  110        70.00000   34.00000  51.4%   100 2384s
 532815 317597   58.00000   87  121   70.00000   34.00000  51.4%  99.5 2390s
 534511 318737 infeasible   85        70.00000   34.00000  51.4%  99.5 2397s
 536167 319799   66.00000   71  162   70.00000   34.00000  51.4%  99.5 2404s
 537766 320930   65.00000   77  108   70.00000   34.00000  51.4%  99.5 2411s
 539471 322233   69.00000   98   30   70.00000   34.00000  51.4%  99.5 2419s
 541278 323188   62.00000   76  119   70.00000   34.00000  51.4%  99.4 2425s
 542795 324219   34.00000   30  201   70.00000   34.00000  51.4%  99.5 2432s
 544309 325215   66.00000   81  168   70.00000   34.00000  51.4%  99.5 2439s
 545815 326413   68.00000   55  140   70.00000   34.00000  51.4%   100 2446s
 547393 327438   68.00000   61  151   70.00000   34.00000  51.4%   100 2453s
 548994 328581 infeasible   73        70.00000   34.00000  51.4%   100 2460s
 550688 329591     cutoff   48        70.00000   34.00000  51.4%   100 2467s
 552252 330576   69.00000   70   70   70.00000   34.00000  51.4%   100 2474s
 553879 331511   69.00000   77  188   70.00000   34.00000  51.4%   100 2481s
 555473 332674   66.00000   67  169   70.00000   34.00000  51.4%   100 2487s
 557078 333686   64.00000   45  152   70.00000   34.00000  51.4%   100 2494s
 558723 334506   61.00000   62  150   70.00000   34.00000  51.4%   100 2502s
 560185 335532   66.00000   66  173   70.00000   34.00000  51.4%   100 2509s
 561950 336733   65.00000   55  108   70.00000   34.00000  51.4%   100 2517s
 563634 337752   45.00000   40  157   70.00000   34.00000  51.4%   100 2524s
 565277 338676   53.00000   69  121   70.00000   34.00000  51.4%   100 2531s
 566867 339668   64.00000   64  145   70.00000   34.00000  51.4%   100 2538s
 568385 340686   54.00000   46  150   70.00000   34.00000  51.4%   100 2546s
 569956 341646 infeasible   91        70.00000   34.00000  51.4%   100 2553s
 571564 342568   51.00000   53  238   70.00000   34.00000  51.4%   100 2561s
 573111 343646   60.00000   52  200   70.00000   34.00000  51.4%   100 2569s
 574860 344759   69.00000   63  134   70.00000   34.00000  51.4%   100 2576s
 576612 345793 infeasible   86        70.00000   34.00000  51.4%   100 2584s
 578235 346810 infeasible   70        70.00000   34.00000  51.4%   100 2591s
 579847 347879   43.00000   35  187   70.00000   34.00000  51.4%   100 2599s
 581476 349027 infeasible   47        70.00000   34.00000  51.4%   100 2606s
 583245 350069   64.00000   67   89   70.00000   34.00000  51.4%   100 2614s
 584945 351116 infeasible   67        70.00000   34.00000  51.4%   100 2621s
 586617 352359   65.00000   86  249   70.00000   34.00000  51.4%   100 2628s
 588332 353326   65.00000   68  138   70.00000   34.00000  51.4%   100 2635s
 589806 354486   53.00000   49  203   70.00000   34.00000  51.4%   100 2642s
 591431 355239   69.00000   65  145   70.00000   34.00000  51.4%   100 2650s
 592999 356391   68.00000   71   83   70.00000   34.00000  51.4%   100 2657s
 594693 357527   54.00000   43  142   70.00000   34.00000  51.4%   100 2665s
 596306 358595     cutoff   83        70.00000   34.00000  51.4%   100 2672s
 597873 359627   51.00000   53  225   70.00000   34.00000  51.4%   100 2681s
 599425 360755   65.00000   57  127   70.00000   34.00000  51.4%   100 2688s
 601118 361850   69.00000   55  139   70.00000   34.00000  51.4%   100 2695s
 602769 362802   65.00000   62  113   70.00000   34.00000  51.4%   100 2702s
 604243 363763   39.00000   49  227   70.00000   34.00000  51.4%   100 2710s
 605850 364803   60.00000   65  178   70.00000   34.00000  51.4%   100 2717s
 607472 365982   65.00000   62  174   70.00000   34.00000  51.4%   100 2726s
 609263 367222   65.00000   52  139   70.00000   34.00000  51.4%   100 2734s
 611002 368359   67.00000  100   47   70.00000   34.00000  51.4%   100 2741s
 612674 369397   64.00000   45  125   70.00000   34.00000  51.4%   100 2748s
 614252 370410 infeasible   70        70.00000   34.00000  51.4%   100 2756s
 615841 371485   50.00000   34  193   70.00000   34.00000  51.4%   100 2763s
 617427 372575   59.00000   58  148   70.00000   34.00000  51.4%   100 2771s
 618968 373678   57.00000   45  215   70.00000   34.00000  51.4%   100 2778s
 620607 374802   69.00000   79  122   70.00000   34.00000  51.4%   100 2784s
 622271 375993 infeasible   63        70.00000   34.00000  51.4%   100 2792s
 623961 377024     cutoff   73        70.00000   34.00000  51.4%   100 2800s
 625626 378010   53.00000   67  172   70.00000   34.00000  51.4%   100 2808s
 627159 378910   64.00000   50  185   70.00000   34.00000  51.4%   100 2815s
 628793 379798 infeasible   75        70.00000   34.00000  51.4%   100 2823s
 630438 380752 infeasible   74        70.00000   34.00000  51.4%   100 2830s
 632041 381782   68.00000   42  195   70.00000   34.00000  51.4%   100 2837s
 633559 382854   48.00000   43  205   70.00000   34.00000  51.4%   100 2845s
 635244 383770   62.00000   63  138   70.00000   34.00000  51.4%   100 2852s
 636801 384848   68.00000   50  189   70.00000   34.00000  51.4%   100 2860s
 638495 386025   58.00000   54  153   70.00000   34.00000  51.4%   100 2868s
 640150 387275   62.00000   50  206   70.00000   34.00000  51.4%   100 2875s
 641912 388438 infeasible   69        70.00000   34.00000  51.4%   100 2883s
 643697 389526 infeasible   93        70.00000   34.00000  51.4%   100 2890s
 645339 390444   68.00000   63   73   70.00000   34.00000  51.4%   100 2898s
 646737 391508 infeasible   89        70.00000   34.00000  51.4%   100 2905s
 648390 392682   69.00000   75  133   70.00000   34.00000  51.4%   100 2913s
 650127 393849   69.00000   73   97   70.00000   34.00000  51.4%   100 2920s
 651801 394860   68.00000   91  146   70.00000   34.00000  51.4%   100 2927s
 653424 396029   57.00000   50  198   70.00000   34.00000  51.4%   100 2935s
 655212 397065   58.00000   50  157   70.00000   34.00000  51.4%   100 2941s
 656736 397974   64.00000   62  145   70.00000   34.00000  51.4%   100 2948s
 658174 399070   66.00000   65  148   70.00000   34.00000  51.4%   100 2954s
 659787 399936   65.00000   71  149   70.00000   34.00000  51.4%   100 2961s
 661184 400973   48.00000   26  215   70.00000   34.00000  51.4%   100 2969s
 662760 402007 infeasible   93        70.00000   34.00000  51.4%   100 2976s
 664374 403067   66.00000   66   84   70.00000   34.00000  51.4%   100 2983s
 665965 404039   61.00000   52  166   70.00000   34.00000  51.4%   100 2990s
 667617 405058   66.00000   66  164   70.00000   34.00000  51.4%   100 2997s
 669182 406259   66.00000   77   99   70.00000   34.00000  51.4%   100 3004s
 670817 407252     cutoff   88        70.00000   34.00000  51.4%   100 3012s
 672422 408230   68.00000   62  148   70.00000   34.00000  51.4%   100 3019s
 673952 409217   65.00000   60  162   70.00000   34.00000  51.4%   100 3026s
 675508 410036   59.00000   68  139   70.00000   34.00000  51.4%   101 3033s
 677147 411192   66.00000   55  131   70.00000   34.00000  51.4%   101 3041s
 678926 412220   59.00000   64  141   70.00000   34.00000  51.4%   101 3048s
 680503 413213   69.00000   64   91   70.00000   34.00000  51.4%   101 3057s
 682028 414249   69.00000   71   72   70.00000   34.00000  51.4%   101 3065s
 683637 415279   68.00000   74   70   70.00000   34.00000  51.4%   101 3072s
 685287 416368   67.00000   78   75   70.00000   34.00000  51.4%   101 3080s
 686908 417417   67.00000   79   92   70.00000   34.00000  51.4%   101 3087s
 688533 418554 infeasible   86        70.00000   34.00000  51.4%   101 3095s
 690225 419706 infeasible   71        70.00000   34.00000  51.4%   101 3103s
 691947 420745   69.00000   72  109   70.00000   34.00000  51.4%   101 3110s
 693549 421642 infeasible   75        70.00000   34.00000  51.4%   101 3117s
 695033 422733   34.00000   36  254   70.00000   34.00000  51.4%   101 3125s
 696674 423727     cutoff   96        70.00000   34.00000  51.4%   101 3132s
 698196 424758   66.00000   80   90   70.00000   34.00000  51.4%   101 3139s
 699801 425792   64.00000   71  168   70.00000   34.00000  51.4%   101 3146s
 701405 426865   57.00000   59  195   70.00000   34.00000  51.4%   101 3154s
 703011 427836     cutoff   88        70.00000   34.00000  51.4%   101 3162s
 704623 428850   66.00000   64  118   70.00000   34.00000  51.4%   101 3169s
 706269 429944   47.00000   41  147   70.00000   34.00000  51.4%   101 3177s
 707820 431119   57.00000   65  209   70.00000   34.00000  51.4%   101 3184s
 709530 432266   59.00000   66  160   70.00000   34.00000  51.4%   101 3191s
 711273 433283   68.00000   60   89   70.00000   34.00000  51.4%   101 3199s
 712856 434433   68.00000   69  149   70.00000   34.00000  51.4%   101 3206s
 714561 435540   68.00000   69   84   70.00000   34.00000  51.4%   101 3213s
 716343 436422   69.00000   74   63   70.00000   34.00000  51.4%   101 3220s
 717780 437732   59.00000   61  153   70.00000   34.00000  51.4%   101 3228s
 719657 438749   62.00000   67   74   70.00000   34.00000  51.4%   101 3235s
 721319 439861   68.00000   55  119   70.00000   34.00000  51.4%   101 3242s
 722880 440960   68.00000   81  115   70.00000   34.00000  51.4%   101 3249s
 724578 442066   67.00000   70   67   70.00000   34.00000  51.4%   101 3257s
 726252 443127   58.00000   60  170   70.00000   34.00000  51.4%   101 3264s
 727873 444124 infeasible   76        70.00000   34.00000  51.4%   101 3271s
 729429 445189   68.00000   61  198   70.00000   34.00000  51.4%   101 3279s
 730986 446427   67.00000   64  101   70.00000   34.00000  51.4%   101 3287s
 732790 447676   65.00000   59  200   70.00000   34.00000  51.4%   101 3295s
 734587 448595   66.00000   84   81   70.00000   34.00000  51.4%   101 3302s
 736207 449666     cutoff   69        70.00000   34.00000  51.4%   101 3310s
 737806 450690   48.00000   47  215   70.00000   34.00000  51.4%   101 3318s
 739346 451805   43.00000   43  169   70.00000   34.00000  51.4%   101 3325s
 741075 452733   69.00000   62  130   70.00000   34.00000  51.4%   101 3333s
 742584 453847   48.00000   37  211   70.00000   34.00000  51.4%   101 3340s
 744281 454959   69.00000   78  124   70.00000   34.00000  51.4%   101 3348s
 745926 455947   59.00000   50  168   70.00000   34.00000  51.4%   101 3356s
 747551 457127   67.00000   51  169   70.00000   34.00000  51.4%   101 3363s
 749180 458204   69.00000   75   88   70.00000   34.00000  51.4%   101 3371s
 750835 459354     cutoff   63        70.00000   34.00000  51.4%   101 3379s
 752474 460454   67.00000   76  147   70.00000   34.00000  51.4%   101 3387s
 754131 461654     cutoff   93        70.00000   34.00000  51.4%   101 3395s
 755789 462688   53.00000   44  252   70.00000   34.00000  51.4%   101 3402s
 757438 463835   65.00000   68  174   70.00000   34.00000  51.4%   101 3409s
 759109 465013   69.00000   77  103   70.00000   34.00000  51.4%   101 3417s
 760784 465906 infeasible   78        70.00000   34.00000  51.4%   101 3425s
 762195 467088   65.00000  100  296   70.00000   34.00000  51.4%   101 3433s
 763930 468228   57.00000   58  184   70.00000   34.00000  51.4%   101 3441s
 765652 469457   67.00000   69  109   70.00000   34.00000  51.4%   101 3449s
 767428 470568   68.00000   61  113   70.00000   34.00000  51.4%   101 3457s
 769022 471565     cutoff   66        70.00000   34.00000  51.4%   101 3463s
 770584 472661   45.00000   42  216   70.00000   34.00000  51.4%   101 3470s
 772217 473754   57.00000   54  210   70.00000   34.00000  51.4%   101 3477s
 773877 474800   60.00000   45  155   70.00000   34.00000  51.4%   101 3484s
 775389 475858   67.00000   94  101   70.00000   34.00000  51.4%   101 3490s
 776975 477068   64.00000   38  123   70.00000   34.00000  51.4%   101 3497s
 778652 478153   61.00000   44  213   70.00000   34.00000  51.4%   101 3504s
 780243 479113   50.00000   43  251   70.00000   34.00000  51.4%   101 3511s
 781837 480332   68.00000   76  119   70.00000   34.00000  51.4%   101 3519s
 783540 481538   63.00000   58  155   70.00000   34.00000  51.4%   101 3527s
 785183 482667     cutoff   60        70.00000   34.00000  51.4%   101 3534s
 786781 483658   67.00000   68   99   70.00000   34.00000  51.4%   101 3541s
 788394 484525   60.00000   45  172   70.00000   34.00000  51.4%   101 3549s
 789868 485384   68.00000   90   54   70.00000   34.00000  51.4%   101 3556s
 791344 486441   51.00000   54  186   70.00000   34.00000  51.4%   101 3564s
 792980 487549   62.00000   61  182   70.00000   34.00000  51.4%   101 3572s
 794682 488783     cutoff   72        70.00000   34.00000  51.4%   101 3580s
 796427 489845   67.00000   60  133   70.00000   34.00000  51.4%   101 3588s
 798008 490863   69.00000   62   28   70.00000   34.00000  51.4%   101 3596s
 799601 491460   58.00000   38   83   70.00000   34.00000  51.4%   101 3600s

Explored 800551 nodes (81015267 simplex iterations) in 3600.05 seconds (2082.28 work units)
Thread count was 32 (of 32 available processors)

Solution count 10: 70 71 72 ... 80

Time limit reached
Best objective 7.000000000000e+01, best bound 3.400000000000e+01, gap 51.4286%
