
Gurobi 13.0.0 (linux64) logging started Wed Nov 26 19:28:23 2025

Set parameter LogFile to value "./Results/StripPacking-BranchSP/Logs/NUspb-010-StripPacking-35-0.log"
Set parameter TimeLimit to value 3600
Set parameter Cuts to value 0
Set parameter Presolve to value 1
Set parameter Heuristics to value 0
Set parameter LogToConsole to value 0
Set parameter LPWarmStart to value 2
Gurobi Optimizer version 13.0.0 build v13.0.0rc1 (linux64 - "Debian GNU/Linux 12 (bookworm)")

CPU model: Intel(R) Xeon(R) CPU E5-2630 v3 @ 2.40GHz, instruction set [SSE2|AVX|AVX2]
Thread count: 16 physical cores, 32 logical processors, using up to 32 threads

Non-default parameters:
TimeLimit  3600
LPWarmStart  2
Heuristics  0
Cuts  0
LogToConsole  0
Presolve  1

Optimize a model with 81550 rows, 2451 columns and 245210 nonzeros (Min)
Model fingerprint: 0xaa14c8bf
Model has 1 linear objective coefficients
Variable types: 71 continuous, 2380 integer (2380 binary)
Coefficient statistics:
  Matrix range     [1e+00, 1e+04]
  Objective range  [1e+00, 1e+00]
  Bounds range     [1e+00, 1e+04]
  RHS range        [1e+00, 1e+04]
Using branch priorities.

Warning: Completing partial solution with 2380 unfixed non-continuous variables out of 2380
User MIP start produced solution with objective 143.9 (0.12s)
Loaded user MIP start with objective 143.9

Presolve time: 0.58s
Presolved: 81550 rows, 2451 columns, 245210 nonzeros
Variable types: 71 continuous, 2380 integer (2380 binary)
Root relaxation presolved: 2451 rows, 84001 columns, 247661 nonzeros


Root relaxation: objective 4.800000e+01, 11071 iterations, 1.05 seconds (0.75 work units)

    Nodes    |    Current Node    |     Objective Bounds      |     Work
 Expl Unexpl |  Obj  Depth IntInf | Incumbent    BestBd   Gap | It/Node Time

     0     0   48.00000    0  327  143.90000   48.00000  66.6%     -    4s
     0     0   48.00000    0  327  143.90000   48.00000  66.6%     -    5s
     0     0   48.00000    0  323  143.90000   48.00000  66.6%     -    7s
     0     2   48.00000    0  195  143.90000   48.00000  66.6%     -    9s
     3     8   48.00000    2  193  143.90000   48.00000  66.6%  72.7   10s
    47   125   48.00000    6  209  143.90000   48.00000  66.6%   118   20s
   124   208   48.00000    9  268  143.90000   48.00000  66.6%   199   47s
   207   278   48.00000   11  314  143.90000   48.00000  66.6%   282   70s
   277   473   48.00000   14  518  143.90000   48.00000  66.6%   327   88s
   472   785   48.00000   22  752  143.90000   48.00000  66.6%   405  124s
   786  1972   48.00000   24  660  143.90000   48.00000  66.6%   506  177s
* 1222  1972             191     128.0000000   48.00000  62.5%   363  177s
  2009  3454   86.00000   84  330  128.00000   48.00000  62.5%   321  229s
* 2109  3433             159     122.0000000   48.00000  60.7%   308  229s
  2873  3433   54.00000   40  673  122.00000   48.00000  60.7%   267  230s
* 3076  3394             178     120.0000000   48.00000  60.0%   254  230s
* 3077  3358             177     115.0000000   48.00000  58.3%   254  230s
  3796  4262     cutoff   85       115.00000   48.00000  58.3%   243  272s
* 4012  4139             189     112.0000000   48.00000  57.1%   240  272s
  5272  4712   48.00000   34  634  112.00000   48.00000  57.1%   219  304s
* 6079  4682             168     111.0000000   48.00000  56.8%   215  304s
  6193  4570  100.00000  100  323  111.00000   48.00000  56.8%   215  307s
  6195  4571   48.00000   40  301  111.00000   48.00000  56.8%   215  313s
  6196  4572   77.00000   75  233  111.00000   48.00000  56.8%   215  317s
  6198  4576   48.00000   11  217  111.00000   48.00000  56.8%   219  321s
  6283  4665   48.00000   18  234  111.00000   48.00000  56.8%   216  326s
  6414  4810   48.00000   22  271  111.00000   48.00000  56.8%   213  332s
  6506  4888   48.00000   25  304  111.00000   48.00000  56.8%   211  336s
  6614  5019   55.00000   28  285  111.00000   48.00000  56.8%   208  343s
  6781  5151   55.00000   34  235  111.00000   48.00000  56.8%   205  351s
  6969  5332   55.00000   40  236  111.00000   48.00000  56.8%   201  361s
  7213  5599   55.00000   50  222  111.00000   48.00000  56.8%   197  375s
  7572  6009   55.00000   60  364  111.00000   48.00000  56.8%   192  390s
  8130  6554   57.00000   82  229  111.00000   48.00000  56.8%   186  406s
  8880  7717   93.00000  129  133  111.00000   48.00000  56.8%   177  420s
* 8977  7446             178     110.0000000   48.00000  56.4%   175  420s
* 8984  7204             181     108.0000000   48.00000  55.6%   175  420s
 10412  7428   48.00000   22  244  108.00000   48.00000  55.6%   157  431s
*10508  7117             179     107.0000000   48.00000  55.1%   156  431s
*11329  6437             173     103.0000000   48.00000  53.4%   149  431s
 11560  7179   48.00000   47  360  103.00000   48.00000  53.4%   147  444s
 12688  7921   85.00000   88  235  103.00000   48.00000  53.4%   141  459s
*12973  7309             174      99.0000000   48.00000  51.5%   139  459s
 14148  7340   48.00000   52  399   99.00000   48.00000  51.5%   132  471s
 15009  7768   85.00000   89  186   99.00000   48.00000  51.5%   130  484s
*15489  7269             155      98.0000000   48.00000  51.0%   128  484s
 16079  7641     cutoff  149        98.00000   48.00000  51.0%   127  496s
*16509  6989             168      96.0000000   48.00000  50.0%   126  496s
 16937  7669   79.00000   87  255   96.00000   48.00000  50.0%   125  505s
 17821  8329   95.00000  148  121   96.00000   48.00000  50.0%   123  517s
 18699  8934   94.00000   97  104   96.00000   48.00000  50.0%   122  527s
 19498  9261   74.00000   85  252   96.00000   48.00000  50.0%   122  538s
 19917  9930   92.00000  114  213   96.00000   48.00000  50.0%   121  549s
 20767 10632   71.00000   39  203   96.00000   48.00000  50.0%   120  562s
 21685 11236   94.00000   98  187   96.00000   48.00000  50.0%   119  573s
 22456 11896   58.00000   49  375   96.00000   48.00000  50.0%   119  584s
 23336 12646   91.00000  122  111   96.00000   48.00000  50.0%   118  595s
 24212 13239   94.00000  105  168   96.00000   48.00000  50.0%   117  605s
 25130 13956   63.00000   86  440   96.00000   48.00000  50.0%   116  615s
*25626 12959             179      95.0000000   48.00000  49.5%   116  615s
 25928 13554     cutoff  141        95.00000   48.00000  49.5%   115  626s
 26756 14347   79.00000   99  383   95.00000   48.00000  49.5%   115  638s
 27629 14939 infeasible  116        95.00000   48.00000  49.5%   115  653s
 28435 15595   50.00000   61  231   95.00000   48.00000  49.5%   115  666s
 29246 16173   94.00000  105  359   95.00000   48.00000  49.5%   115  681s
 30072 16902   74.00000  105  247   95.00000   48.00000  49.5%   115  694s
 31049 17477   78.00000   83  321   95.00000   48.00000  49.5%   115  711s
 31807 18266   94.00000  130  269   95.00000   48.00000  49.5%   115  725s
 32883 18826   89.00000  129  134   95.00000   48.00000  49.5%   114  741s
 33627 19826   62.00000   57  439   95.00000   48.00000  49.5%   114  758s
 34898 20725 infeasible  132        95.00000   48.00000  49.5%   114  776s
 36129 21639   93.00000  108  212   95.00000   48.00000  49.5%   113  795s
 37333 22760   86.00000  113  213   95.00000   48.00000  49.5%   113  814s
 38787 23937   93.00000  101  265   95.00000   48.00000  49.5%   112  832s
 40300 25270   72.00000   82  189   95.00000   48.00000  49.5%   111  853s
 41785 26763   76.00000   96  250   95.00000   48.00000  49.5%   111  876s
 43703 27627   48.00000   42  432   95.00000   48.00000  49.5%   110  895s
 44814 28714   59.00000   86  418   95.00000   48.00000  49.5%   110  917s
*45033 26577             131      94.0000000   48.00000  48.9%   110  917s
 46262 27288     cutoff  120        94.00000   48.00000  48.9%   110  938s
 47253 28679   54.00000   67  341   94.00000   48.00000  48.9%   109  959s
 49079 29914   48.00000   46  384   94.00000   48.00000  48.9%   108  979s
 50664 31268   48.00000   42  454   94.00000   48.00000  48.9%   108  999s
 52432 32540 infeasible   95        94.00000   48.00000  48.9%   107 1023s
 54058 33418   56.00000   55  308   94.00000   48.00000  48.9%   107 1044s
 55289 34581   48.00000   39  286   94.00000   48.00000  48.9%   107 1067s
 56848 35705   93.00000   62  223   94.00000   48.00000  48.9%   107 1090s
 58341 36892   79.00000   94  218   94.00000   48.00000  48.9%   107 1111s
 59925 38145   92.00000  112   88   94.00000   48.00000  48.9%   107 1133s
 61595 39324 infeasible  126        94.00000   48.00000  48.9%   107 1155s
 63186 40624 infeasible   47        94.00000   48.00000  48.9%   107 1180s
 64907 41912   61.00000   66  385   94.00000   48.00000  48.9%   107 1200s
 66469 43010   48.00000   62  332   94.00000   48.00000  48.9%   107 1221s
 67968 43631   74.00000   82  249   94.00000   48.00000  48.9%   107 1244s
 68842 45024   93.00000  111  110   94.00000   48.00000  48.9%   107 1268s
 70662 46608   63.00000   50  406   94.00000   48.00000  48.9%   107 1291s
 72644 47802   84.00000   77  288   94.00000   48.00000  48.9%   107 1315s
 74233 49116   48.00000   45  383   94.00000   48.00000  48.9%   107 1341s
 75957 50606   63.00000   58  288   94.00000   48.00000  48.9%   107 1363s
 77756 51638   65.00000   72  294   94.00000   48.00000  48.9%   106 1385s
 79234 52789   80.00000   90  269   94.00000   48.00000  48.9%   106 1408s
 80796 53793   79.00000   91  197   94.00000   48.00000  48.9%   107 1431s
 82348 55029   92.00000   82  218   94.00000   48.00000  48.9%   107 1453s
 84029 56577   91.00000  103  344   94.00000   48.00000  48.9%   107 1476s
 85873 57668   77.00000   86  256   94.00000   48.00000  48.9%   107 1496s
 87195 58888   84.00000   74  347   94.00000   48.00000  48.9%   107 1518s
 88784 60391   84.00000   76  285   94.00000   48.00000  48.9%   107 1542s
*89705 54852             157      93.0000000   48.00000  48.4%   107 1542s
 90619 55282   85.00000   50  250   93.00000   48.00000  48.4%   107 1565s
 91375 56335   87.00000   79  231   93.00000   48.00000  48.4%   107 1587s
 92843 57443   92.00000  111   93   93.00000   48.00000  48.4%   107 1613s
 94457 58584   92.00000  110  203   93.00000   48.00000  48.4%   107 1637s
 96039 59617   84.00000   76  237   93.00000   48.00000  48.4%   107 1662s
 97540 60792   73.00000   74  310   93.00000   48.00000  48.4%   107 1688s
 99146 61859   78.00000  104  301   93.00000   48.00000  48.4%   107 1711s
 100547 63076   91.00000  104  180   93.00000   48.00000  48.4%   108 1734s
 101613 63076   90.00000   98  278   93.00000   48.00000  48.4%   108 1735s
 102205 64299   58.00000   59  393   93.00000   48.00000  48.4%   108 1758s
 103862 65812 infeasible  120        93.00000   48.00000  48.4%   108 1784s
 105698 67006   90.00000  107   99   93.00000   48.00000  48.4%   108 1808s
 107313 68198   89.00000  125   95   93.00000   48.00000  48.4%   108 1832s
 108931 69311   91.00000  123  264   93.00000   48.00000  48.4%   108 1856s
 110465 70551   91.00000   96  250   93.00000   48.00000  48.4%   108 1881s
 112245 71824   91.00000   72  240   93.00000   48.00000  48.4%   108 1904s
 113859 72962   88.00000  109  243   93.00000   48.00000  48.4%   108 1929s
 115376 73499   88.00000   67  289   93.00000   48.00000  48.4%   108 1954s
 116175 74663   48.00000   33  316   93.00000   48.00000  48.4%   108 1979s
 117730 76039   91.00000  134  106   93.00000   48.00000  48.4%   109 2003s
 119566 77487   90.00000  105  159   93.00000   48.00000  48.4%   109 2028s
 121382 78588 infeasible  124        93.00000   48.00000  48.4%   109 2050s
 122828 79772   92.00000  104  155   93.00000   48.00000  48.4%   109 2074s
 124467 80972 infeasible  126        93.00000   48.00000  48.4%   109 2098s
 126129 82094   62.00000   58  396   93.00000   48.00000  48.4%   109 2122s
 127666 83594   56.00000   73  412   93.00000   48.00000  48.4%   109 2149s
 129510 84785   66.00000   63  495   93.00000   48.00000  48.4%   109 2175s
 131082 86220   91.00000  109  249   93.00000   48.00000  48.4%   109 2201s
 132894 87303   48.00000   53  475   93.00000   48.00000  48.4%   109 2224s
 134338 88357 infeasible   60        93.00000   48.00000  48.4%   109 2248s
 135813 89572   85.00000   76  255   93.00000   48.00000  48.4%   109 2271s
 137337 90842   70.00000   67  310   93.00000   48.00000  48.4%   109 2293s
 138937 91940   91.00000  104  172   93.00000   48.00000  48.4%   109 2320s
 140558 93476   82.00000   97  327   93.00000   48.00000  48.4%   110 2346s
 142427 94191   76.00000   63  279   93.00000   48.00000  48.4%   109 2369s
 143417 95163   92.00000   91  175   93.00000   48.00000  48.4%   109 2397s
 144876 96271   92.00000  119  138   93.00000   48.00000  48.4%   110 2423s
 146371 97675 infeasible  150        93.00000   48.00000  48.4%   110 2448s
 148361 99086   48.00000   55  368   93.00000   48.00000  48.4%   110 2472s
 150130 100090   91.00000   99   99   93.00000   48.00000  48.4%   110 2494s
 151518 101283   92.00000  122  244   93.00000   48.00000  48.4%   110 2516s
 153076 102446   91.00000   96  279   93.00000   48.00000  48.4%   110 2538s
 154729 103901   48.00000   70  380   93.00000   48.00000  48.4%   110 2560s
 156551 105164   75.00000   64  373   93.00000   48.00000  48.4%   110 2582s
 158120 106136   92.00000  105  163   93.00000   48.00000  48.4%   110 2603s
 159459 107429   92.00000  136  128   93.00000   48.00000  48.4%   110 2625s
 161151 108583   61.00000   59  333   93.00000   48.00000  48.4%   110 2647s
 162694 109531   82.00000   89  228   93.00000   48.00000  48.4%   110 2668s
 164172 110816   61.00000   53  369   93.00000   48.00000  48.4%   110 2689s
 165800 111970   91.00000   92  289   93.00000   48.00000  48.4%   110 2711s
 167359 113189   92.00000  108  170   93.00000   48.00000  48.4%   110 2733s
 168905 114238   78.00000   96  375   93.00000   48.00000  48.4%   110 2755s
 170310 115453     cutoff  120        93.00000   48.00000  48.4%   110 2778s
 172028 116372   53.00000   59  353   93.00000   48.00000  48.4%   111 2802s
 173332 117721   56.00000   60  384   93.00000   48.00000  48.4%   111 2827s
 175189 119485   90.00000  103  244   93.00000   48.00000  48.4%   111 2852s
 177315 120768   92.00000   88  182   93.00000   48.00000  48.4%   111 2878s
 179080 121989   72.00000   75  285   93.00000   48.00000  48.4%   111 2903s
 180817 123126   92.00000   84  316   93.00000   48.00000  48.4%   111 2926s
 182352 124523   77.00000  103  289   93.00000   48.00000  48.4%   111 2950s
 184067 125666   84.00000  126  286   93.00000   48.00000  48.4%   111 2975s
 185628 126855   92.00000  115  101   93.00000   48.00000  48.4%   111 3000s
 187183 128101   89.00000   67  451   93.00000   48.00000  48.4%   111 3028s
 188837 129279   92.00000   97  223   93.00000   48.00000  48.4%   111 3054s
 190462 130250   92.00000  106  234   93.00000   48.00000  48.4%   111 3082s
 191806 131995 infeasible  101        93.00000   48.00000  48.4%   111 3112s
 193977 133092   92.00000  107  145   93.00000   48.00000  48.4%   111 3138s
 195563 134029   92.00000  125  193   93.00000   48.00000  48.4%   111 3162s
 196904 135270   88.00000  108  270   93.00000   48.00000  48.4%   111 3187s
 198558 136595   48.00000   44  264   93.00000   48.00000  48.4%   112 3213s
 200213 137976   48.00000   57  534   93.00000   48.00000  48.4%   112 3239s
 202000 139501   64.00000   68  396   93.00000   48.00000  48.4%   112 3265s
 203850 140961   86.00000   67  277   93.00000   48.00000  48.4%   111 3290s
 205696 142260   92.00000  102  142   93.00000   48.00000  48.4%   111 3314s
 207397 143332   86.00000  119  245   93.00000   48.00000  48.4%   111 3339s
 208834 144387   48.00000   59  349   93.00000   48.00000  48.4%   111 3361s
 210272 145572 infeasible  126        93.00000   48.00000  48.4%   112 3385s
 211864 146903   48.00000   54  438   93.00000   48.00000  48.4%   112 3412s
 213579 148067   60.00000   76  359   93.00000   48.00000  48.4%   112 3436s
 215147 149250   91.00000   90  208   93.00000   48.00000  48.4%   112 3460s
 216771 150308   79.00000   81  385   93.00000   48.00000  48.4%   112 3483s
 218240 151469   90.00000   95  320   93.00000   48.00000  48.4%   112 3507s
 219788 152642   92.00000  130  145   93.00000   48.00000  48.4%   112 3530s
 221314 154031   56.00000   78  330   93.00000   48.00000  48.4%   112 3554s
 223058 155396   67.00000   55  434   93.00000   48.00000  48.4%   112 3579s
 224818 156543   90.00000  118  172   93.00000   48.00000  48.4%   112 3600s

Explored 226351 nodes (25285665 simplex iterations) in 3600.12 seconds (1891.51 work units)
Thread count was 32 (of 32 available processors)

Solution count 10: 93 94 95 ... 110

Time limit reached
Best objective 9.300000000000e+01, best bound 4.800000000000e+01, gap 48.3871%
