
Gurobi 13.0.0 (linux64) logging started Wed Nov 26 18:28:21 2025

Set parameter LogFile to value "./Results/StripPacking-BranchSP/Logs/NUspb-111-StripPacking-25-0.log"
Set parameter TimeLimit to value 3600
Set parameter Cuts to value 1
Set parameter Presolve to value 1
Set parameter Heuristics to value 1
Set parameter LogToConsole to value 0
Set parameter LPWarmStart to value 2
Gurobi Optimizer version 13.0.0 build v13.0.0rc1 (linux64 - "Debian GNU/Linux 12 (bookworm)")

CPU model: Intel(R) Xeon(R) CPU E5-2630 v3 @ 2.40GHz, instruction set [SSE2|AVX|AVX2]
Thread count: 16 physical cores, 32 logical processors, using up to 32 threads

Non-default parameters:
TimeLimit  3600
LPWarmStart  2
Heuristics  1
Cuts  1
LogToConsole  0
Presolve  1

Optimize a model with 29125 rows, 1251 columns and 87650 nonzeros (Min)
Model fingerprint: 0x594ff104
Model has 1 linear objective coefficients
Variable types: 51 continuous, 1200 integer (1200 binary)
Coefficient statistics:
  Matrix range     [1e+00, 1e+04]
  Objective range  [1e+00, 1e+00]
  Bounds range     [1e+00, 1e+04]
  RHS range        [1e+00, 1e+04]
Using branch priorities.

Warning: Completing partial solution with 1200 unfixed non-continuous variables out of 1200
User MIP start produced solution with objective 106.2 (0.07s)
Loaded user MIP start with objective 106.2

Presolve time: 0.16s
Presolved: 29125 rows, 1251 columns, 87650 nonzeros
Variable types: 51 continuous, 1200 integer (1200 binary)
Root relaxation presolved: 1251 rows, 30376 columns, 88901 nonzeros


Root relaxation: objective 3.400000e+01, 647 iterations, 0.16 seconds (0.08 work units)

    Nodes    |    Current Node    |     Objective Bounds      |     Work
 Expl Unexpl |  Obj  Depth IntInf | Incumbent    BestBd   Gap | It/Node Time

     0     0   34.00000    0  122  106.20000   34.00000  68.0%     -    0s
H    0     0                     105.0000000   34.00000  67.6%     -    0s
H    0     0                      99.0000000   34.00000  65.7%     -    0s
H    0     0                      95.0000000   34.00000  64.2%     -    0s
H    0     0                      91.0000000   34.00000  62.6%     -    1s
H    0     0                      88.0000000   34.00000  61.4%     -    1s
H    0     0                      85.0000000   34.00000  60.0%     -    1s
H    0     0                      83.0000000   34.00000  59.0%     -    1s
     0     0   34.00000    0  274   83.00000   34.00000  59.0%     -    1s
     0     0   34.00000    0  226   83.00000   34.00000  59.0%     -    2s
     0     0   34.00000    0  328   83.00000   34.00000  59.0%     -    4s
     0     0   34.00000    0  129   83.00000   34.00000  59.0%     -    5s
     0     0   34.00000    0  123   83.00000   34.00000  59.0%     -    5s
     0     0   34.00000    0  283   83.00000   34.00000  59.0%     -    6s
     0     0   34.00000    0  172   83.00000   34.00000  59.0%     -    7s
H    0     0                      82.0000000   34.00000  58.5%     -    7s
     0     0   34.00000    0  213   82.00000   34.00000  58.5%     -    7s
H    0     0                      81.0000000   34.00000  58.0%     -    8s
     0     0   34.00000    0  379   81.00000   34.00000  58.0%     -    9s
     0     0   34.00000    0  146   81.00000   34.00000  58.0%     -   11s
H    0     0                      79.0000000   34.00000  57.0%     -   11s
H    0     0                      78.0000000   34.00000  56.4%     -   11s
     0     0   34.00000    0  189   78.00000   34.00000  56.4%     -   11s
     0     0   34.00000    0  307   78.00000   34.00000  56.4%     -   12s
     0     0   34.00000    0  183   78.00000   34.00000  56.4%     -   14s
H    0     0                      77.0000000   34.00000  55.8%     -   14s
     0     0   34.00000    0  197   77.00000   34.00000  55.8%     -   14s
     0     0   34.00000    0  317   77.00000   34.00000  55.8%     -   15s
     0     0   34.00000    0  156   77.00000   34.00000  55.8%     -   17s
     0     0   34.00000    0  156   77.00000   34.00000  55.8%     -   17s
     0     0   34.00000    0  156   77.00000   34.00000  55.8%     -   17s
     0     2   34.00000    0  147   77.00000   34.00000  55.8%     -   19s
     7    16   34.01500    3  245   77.00000   34.00000  55.8%   490   20s
    31    48   34.26667    5  241   77.00000   34.00000  55.8%   566   25s
   117   204   34.26667    9  248   77.00000   34.00000  55.8%   453   31s
   203   220   34.26667   12  289   77.00000   34.00000  55.8%   369   35s
   235   252   34.26667   13  322   77.00000   34.00000  55.8%   362   44s
H  242   252                      77.0000000   34.00000  55.8%   361   44s
   251   268   34.26667   14  258   77.00000   34.00000  55.8%   356   49s
   267   440   34.26667   15  269   77.00000   34.00000  55.8%   352   57s
   439   960   34.26667   17  256   77.00000   34.00000  55.8%   301   68s
H  700   960                      75.0000000   34.00000  54.7%   239   68s
   993   969   36.00000   18  366   75.00000   34.00000  54.7%   218   75s
  1009   986   36.00000   19  356   75.00000   34.00000  54.7%   219   83s
H 1028  1056                      75.0000000   34.00000  54.7%   219   91s
  1128  1091   36.00000   21  314   75.00000   34.00000  54.7%   211  100s
H 1158  1086                      74.0000000   34.00000  54.1%   210  100s
  1177  1210   36.00000   22  353   74.00000   34.00000  54.1%   213  110s
H 1181  1210                      74.0000000   34.00000  54.1%   212  110s
  1329  1379   36.00000   23  331   74.00000   34.00000  54.1%   202  120s
  1548  1395   36.00000   24  340   74.00000   34.00000  54.1%   192  133s
  1564  1415   36.00000   25  342   74.00000   34.00000  54.1%   192  147s
  1584  1499   44.00000   26  335   74.00000   34.00000  54.1%   191  160s
  1689  1513   44.00000   27  277   74.00000   34.00000  54.1%   187  175s
  1707  1563   55.00000   28  257   74.00000   34.00000  54.1%   187  190s
  1775  1606   55.00000   29  255   74.00000   34.00000  54.1%   184  207s
  1828  2008   55.00000   33  220   74.00000   34.00000  54.1%   182  224s
  2370  2020   73.00000   38  170   74.00000   34.00000  54.1%   164  243s
  2390  2094   73.00000   39  201   74.00000   34.00000  54.1%   165  260s
  2479  2096   48.00000   31  155   74.00000   34.00000  54.1%   164  267s
  2481  2098   55.00000   36  225   74.00000   34.00000  54.1%   164  277s
  2482  2098   34.26667   21  179   74.00000   34.00000  54.1%   163  280s
  2483  2099   39.00000   33  207   74.00000   34.00000  54.1%   163  285s
  2484  2100   58.00000   39  145   74.00000   34.00000  54.1%   163  290s
  2485  2100   36.00000   33  191   74.00000   34.00000  54.1%   163  296s
  2486  2101   58.00000   42  177   74.00000   34.00000  54.1%   163  303s
  2487  2102   48.43445   69  208   74.00000   34.00000  54.1%   163  313s
  2488  2102   64.00000  109  189   74.00000   34.00000  54.1%   163  320s
  2489  2103   58.00000   53  218   74.00000   34.00000  54.1%   163  327s
  2491  2104   34.00000   11  226   74.00000   34.00000  54.1%   163  332s
  2492  2105   34.26667   16  196   74.00000   34.00000  54.1%   163  338s
  2493  2106   34.26667    8  240   74.00000   34.00000  54.1%   163  349s
  2494  2106   62.00000   30  179   74.00000   34.00000  54.1%   163  360s
  2495  2107   49.00000   31  239   74.00000   34.00000  54.1%   163  374s
  2496  2108   61.00000   60  140   74.00000   34.00000  54.1%   163  380s
  2497  2108   65.00000   56  196   74.00000   34.00000  54.1%   162  391s
  2498  2109   44.00000   48  213   74.00000   34.00000  54.1%   162  397s
  2501  2114   34.00000   15  137   74.00000   34.00000  54.1%   202  401s
  2531  2148   34.00000   19  421   74.00000   34.00000  54.1%   208  406s
  2622  2236   34.00000   22  287   74.00000   34.00000  54.1%   218  410s
H 2653  2119                      73.0000000   34.00000  53.4%   218  410s
  2715  2186   36.00000   24  264   73.00000   34.00000  53.4%   220  415s
H 2724  2082                      73.0000000   34.00000  53.4%   220  415s
  2752  2105   34.00000   24  303   73.00000   34.00000  53.4%   221  420s
  2803  2132   34.00000   28  245   73.00000   34.00000  53.4%   222  431s
  2829  2164   34.52808   28  274   73.00000   34.00000  53.4%   223  438s
  2869  2184   34.52808   29  263   73.00000   34.00000  53.4%   223  445s
  2903  2312   34.87131   31  257   73.00000   34.00000  53.4%   222  453s
  3042  2441   50.00000   31  193   73.00000   34.00000  53.4%   219  462s
  3219  2472   50.00000   32  223   73.00000   34.00000  53.4%   214  472s
  3315  2465   50.00000   34  205   73.00000   34.00000  53.4%   210  482s
  3342  2554   50.00000   37  237   73.00000   34.00000  53.4%   210  494s
H 3405  2437                      72.0000000   34.00000  52.8%   207  494s
  3449  2492   67.00000   47  109   72.00000   34.00000  52.8%   206  506s
  3542  2475   67.00000   51  135   72.00000   34.00000  52.8%   204  516s
H 3548  2383                      72.0000000   34.00000  52.8%   204  516s
  3568  2404   67.00000   51   93   72.00000   34.00000  52.8%   204  530s
  3608  2459   67.00000   52  103   72.00000   34.00000  52.8%   203  542s
  3678  2552   67.00000   56  129   72.00000   34.00000  52.8%   202  557s
  3796  2613   67.00000   62   91   72.00000   34.00000  52.8%   199  572s
  3929  2667   67.00000   65   92   72.00000   34.00000  52.8%   196  586s
  4032  2683   67.00000   71   78   72.00000   34.00000  52.8%   194  598s
  4088  2721   67.00000   72   81   72.00000   34.00000  52.8%   192  613s
  4171  2738   67.00000   72   65   72.00000   34.00000  52.8%   191  630s
  4269  2755 infeasible   73        72.00000   34.00000  52.8%   188  645s
  4358  2793   67.00000   74   93   72.00000   34.00000  52.8%   187  666s
  4462  2868   67.00000   93   66   72.00000   34.00000  52.8%   185  685s
  4613  2954   71.00000   55  214   72.00000   34.00000  52.8%   183  701s
  4759  3030   34.52860   31  248   72.00000   34.00000  52.8%   181  719s
  4912  3300   34.00000   20  233   72.00000   34.00000  52.8%   179  737s
  5305  3780   71.00000   74  115   72.00000   34.00000  52.8%   174  762s
  6176  4267 infeasible   68        72.00000   34.00000  52.8%   164  774s
  7227  4473   69.00000   73   45   72.00000   34.00000  52.8%   157  787s
  8061  5278   43.00000   42  208   72.00000   34.00000  52.8%   151  799s
  9233  5414   56.00000   54  184   72.00000   34.00000  52.8%   148  808s
  9431  5991   57.00000   59  151   72.00000   34.00000  52.8%   147  818s
 10219  6317   71.00000   81   68   72.00000   34.00000  52.8%   143  828s
 10723  6978   71.00000   83   74   72.00000   34.00000  52.8%   142  837s
 11574  7420   71.00000   83   70   72.00000   34.00000  52.8%   140  846s
 12219  7620 infeasible   87        72.00000   34.00000  52.8%   138  856s
 12501  7634   70.00000   60   76   72.00000   34.00000  52.8%   138  867s
 12519  7641   70.00000   61   67   72.00000   34.00000  52.8%   138  875s
 12544  7663   70.00000   62   70   72.00000   34.00000  52.8%   138  883s
 12570  7676   70.00000   63   66   72.00000   34.00000  52.8%   137  898s
 12589  7680 infeasible   64        72.00000   34.00000  52.8%   137  907s
 12616  7731 infeasible   64        72.00000   34.00000  52.8%   137  917s
 12679  7745   34.00000   34  204   72.00000   34.00000  52.8%   137  928s
 12697  7788   42.00000   35  211   72.00000   34.00000  52.8%   137  938s
 12744  7808   50.00000   36  215   72.00000   34.00000  52.8%   137  949s
 12768  7853   50.00000   37  215   72.00000   34.00000  52.8%   137  958s
 12833  7868   50.00000   38  214   72.00000   34.00000  52.8%   137  970s
 12850  7923   50.00000   39  234   72.00000   34.00000  52.8%   137  984s
 12923  8149   34.00000   35  228   72.00000   34.00000  52.8%   136 1000s
 13259  8422   36.00000   41  228   72.00000   34.00000  52.8%   135 1012s
 13605  8682   68.00000   64  125   72.00000   34.00000  52.8%   135 1025s
 13947  8806   68.00000   59  154   72.00000   34.00000  52.8%   134 1037s
 14152  9173   48.00000   37  195   72.00000   34.00000  52.8%   134 1050s
 14611  9535   71.00000   90   26   72.00000   34.00000  52.8%   133 1068s
 15236  9844   34.00000   36  304   72.00000   34.00000  52.8%   132 1084s
 15630 10055   71.00000  101   69   72.00000   34.00000  52.8%   132 1104s
 15932 10656   71.00000   69  103   72.00000   34.00000  52.8%   132 1120s
 16677 10672   66.00000   83  178   72.00000   34.00000  52.8%   131 1139s
 16719 10685   68.00000   87  133   72.00000   34.00000  52.8%   131 1155s
 16756 10688 infeasible   87        72.00000   34.00000  52.8%   131 1176s
 16785 10783   68.00000   85   84   72.00000   34.00000  52.8%   131 1191s
 16890 10816 infeasible   89        72.00000   34.00000  52.8%   131 1207s
 16943 10889   71.00000   91  106   72.00000   34.00000  52.8%   131 1224s
 17050 10932   70.00000   49  203   72.00000   34.00000  52.8%   131 1241s
 17107 11023   70.00000   53  131   72.00000   34.00000  52.8%   131 1258s
 17234 11043   71.00000   61   89   72.00000   34.00000  52.8%   131 1277s
 17256 11071   71.00000   62   83   72.00000   34.00000  52.8%   131 1293s
 17306 11156   71.00000   63  117   72.00000   34.00000  52.8%   131 1314s
 17401 11803   71.00000   64  121   72.00000   34.00000  52.8%   130 1335s
 18327 12720   70.00000   46  113   72.00000   34.00000  52.8%   130 1355s
*18520 11147             107      71.0000000   34.00000  52.1%   129 1355s
 19648 11399   54.00000   42  185   71.00000   34.00000  52.1%   129 1378s
 20313 13297   70.00000   57  182   71.00000   34.00000  52.1%   128 1397s
 23138 16206   70.00000   53  169   71.00000   34.00000  52.1%   128 1432s
 27162 16846   63.00000   58  136   71.00000   34.00000  52.1%   126 1443s
 28070 16957   70.00000   85   61   71.00000   34.00000  52.1%   126 1452s
 28226 17744   70.00000   90  113   71.00000   34.00000  52.1%   126 1463s
H28496 17744                      71.0000000   34.00000  52.1%   126 1463s
 29324 18559   62.00000   40  212   71.00000   34.00000  52.1%   126 1476s
 30488 18832   70.00000   71  145   71.00000   34.00000  52.1%   126 1487s
 30849 19283   68.00000   54   78   71.00000   34.00000  52.1%   126 1499s
 31514 19357   58.00000   63  127   71.00000   34.00000  52.1%   125 1511s
 31618 19631   58.00000   64   96   71.00000   34.00000  52.1%   125 1523s
 31987 19855   58.00000   65   93   71.00000   34.00000  52.1%   125 1536s
 32315 19871   58.00000   66  102   71.00000   34.00000  52.1%   125 1549s
 32331 20043   58.00000   67  109   71.00000   34.00000  52.1%   125 1567s
 32588 20310   34.00000   37  278   71.00000   34.00000  52.1%   125 1583s
 32943 20659   60.00000   58  125   71.00000   34.00000  52.1%   125 1600s
 33454 21266   60.00000   59  137   71.00000   34.00000  52.1%   125 1617s
 34345 21460   39.41935   42  209   71.00000   34.00000  52.1%   124 1636s
 34635 21476   69.00000   50  126   71.00000   34.00000  52.1%   124 1655s
 34651 21768   69.00000   51   89   71.00000   34.00000  52.1%   124 1679s
 35063 22076   66.00000   74  123   71.00000   34.00000  52.1%   124 1706s
 35520 22165     cutoff   68        71.00000   34.00000  52.1%   124 1729s
 35629 22495   69.00000   75  124   71.00000   34.00000  52.1%   124 1752s
 36140 23056   69.00000   76  111   71.00000   34.00000  52.1%   124 1774s
*36800 20386              93      70.0000000   34.00000  51.4%   124 1775s
 36947 20510   45.00000   44  182   70.00000   34.00000  51.4%   124 1803s
H36992 20510                      70.0000000   34.00000  51.4%   124 1804s
 37231 21822   45.00000   45  164   70.00000   34.00000  51.4%   124 1832s
 39071 23916   61.00000   48  218   70.00000   34.00000  51.4%   123 1860s
 41903 23930   65.00000   57  133   70.00000   34.00000  51.4%   123 1886s
 41923 25255   67.00000   58  134   70.00000   34.00000  51.4%   123 1913s
 43786 30695   34.00000   32  270   70.00000   34.00000  51.4%   123 1968s
 51368 30706   46.00000   36  215   70.00000   34.00000  51.4%   123 1985s
 51389 30774   54.00000   37  212   70.00000   34.00000  51.4%   123 2001s
 51457 30790   68.00000   63  136   70.00000   34.00000  51.4%   123 2017s
 51473 30807   68.00000   64  119   70.00000   34.00000  51.4%   123 2031s
 51494 30834   68.00000   65  111   70.00000   34.00000  51.4%   123 2044s
 51527 30864   68.00000   67  122   70.00000   34.00000  51.4%   123 2056s
 51563 30888   68.00000   68  122   70.00000   34.00000  51.4%   123 2070s
 51593 30931 infeasible   69        70.00000   34.00000  51.4%   122 2084s
 51660 30946   68.00000   71  141   70.00000   34.00000  51.4%   122 2104s
 51677 30963   68.00000   72  142   70.00000   34.00000  51.4%   122 2121s
 51700 31005     cutoff   74        70.00000   34.00000  51.4%   122 2136s
 51762 32261   68.00000   78  108   70.00000   34.00000  51.4%   122 2152s
 53508 33676 infeasible   71        70.00000   34.00000  51.4%   122 2169s
 55472 34285   69.00000   49  148   70.00000   34.00000  51.4%   122 2184s
 56361 34299   61.00000   56  129   70.00000   34.00000  51.4%   122 2197s
 56379 34424   61.00000   57  127   70.00000   34.00000  51.4%   122 2217s
 56594 34486   61.00000   58  133   70.00000   34.00000  51.4%   123 2232s
 56670 34591   61.00000   59  133   70.00000   34.00000  51.4%   123 2246s
 56807 35084   61.00000   60  135   70.00000   34.00000  51.4%   123 2262s
 57492 36848   50.00000   42  291   70.00000   34.00000  51.4%   123 2279s
 59919 36862   34.00000   25  296   70.00000   34.00000  51.4%   122 2294s
 59937 36899   41.00000   26  273   70.00000   34.00000  51.4%   122 2310s
 59996 37038   41.00000   27  269   70.00000   34.00000  51.4%   122 2328s
 60187 37439   41.00000   28  265   70.00000   34.00000  51.4%   122 2345s
 60774 38107   48.00000   29  265   70.00000   34.00000  51.4%   122 2364s
 61739 38324   48.00000   30  262   70.00000   34.00000  51.4%   122 2386s
 62112 38572   48.00000   31  267   70.00000   34.00000  51.4%   122 2407s
 62460 39541   48.00000   32  265   70.00000   34.00000  51.4%   122 2428s
 63870 40609   66.00000   62  128   70.00000   34.00000  51.4%   122 2456s
 65382 43077   48.00000   35  262   70.00000   34.00000  51.4%   122 2505s
 69393 44366 infeasible   85        70.00000   34.00000  51.4%   122 2528s
 71222 44413     cutoff   49        70.00000   34.00000  51.4%   122 2548s
 71275 45735   60.00000   53  165   70.00000   34.00000  51.4%   122 2581s
 73272 47235 infeasible   68        70.00000   34.00000  51.4%   122 2617s
 75498 48227   68.00000   69  172   70.00000   34.00000  51.4%   121 2643s
 76964 49646   48.00000   36  247   70.00000   34.00000  51.4%   121 2675s
 78913 49665   63.00000   60  181   70.00000   34.00000  51.4%   121 2694s
 78942 50893   67.00000   64  157   70.00000   34.00000  51.4%   121 2717s
 80823 52541 infeasible   69        70.00000   34.00000  51.4%   121 2737s
 83433 53729   61.00000   61  181   70.00000   34.00000  51.4%   121 2756s
 85110 54402   36.00000   28  218   70.00000   34.00000  51.4%   121 2774s
 86141 58531   48.00000   30  239   70.00000   34.00000  51.4%   121 2817s
 91928 59638   36.00000   36  229   70.00000   34.00000  51.4%   121 2830s
 93420 60001     cutoff   72        70.00000   34.00000  51.4%   121 2843s
 93920 60016   47.00000   52  192   70.00000   34.00000  51.4%   121 2861s
 93937 60092   47.00000   53  192   70.00000   34.00000  51.4%   121 2879s
 94045 60936   47.00000   51  219   70.00000   34.00000  51.4%   121 2894s
 95235 60943   69.00000   71  138   70.00000   34.00000  51.4%   121 2908s
 95262 61815   69.00000   72  172   70.00000   34.00000  51.4%   121 2923s
 96491 63404   59.00000   53  197   70.00000   34.00000  51.4%   121 2937s
 98690 63416   34.00000   38  217   70.00000   34.00000  51.4%   121 2953s
 98709 63456   34.00000   39  223   70.00000   34.00000  51.4%   121 2971s
 98753 64276   34.00000   40  213   70.00000   34.00000  51.4%   121 2986s
 99891 64872   68.00000   59  151   70.00000   34.00000  51.4%   121 3000s
 100820 65762   68.00000   70   65   70.00000   34.00000  51.4%   121 3017s
 102220 67161   41.00000   32  297   70.00000   34.00000  51.4%   121 3035s
 104375 67175   58.00000   58  151   70.00000   34.00000  51.4%   121 3053s
 104393 67276   58.00000   59  149   70.00000   34.00000  51.4%   121 3075s
 104512 67411   58.00000   58  154   70.00000   34.00000  51.4%   121 3092s
 104673 68570   58.00000   60  137   70.00000   34.00000  51.4%   121 3111s
 106530 70269   69.00000   77  121   70.00000   34.00000  51.4%   121 3129s
 108962 73276   69.00000   79   74   70.00000   34.00000  51.4%   121 3168s
 113318 73290 infeasible   74        70.00000   34.00000  51.4%   120 3184s
 113336 73304 infeasible   74        70.00000   34.00000  51.4%   120 3202s
 113354 73319   68.00000   75   99   70.00000   34.00000  51.4%   120 3216s
 113371 73333   68.00000   76  103   70.00000   34.00000  51.4%   120 3231s
 113389 73348   68.00000   77   84   70.00000   34.00000  51.4%   120 3251s
 113406 73360   68.00000   78   82   70.00000   34.00000  51.4%   120 3267s
 113426 73571   68.00000   79   52   70.00000   34.00000  51.4%   120 3285s
 113715 73795 infeasible   80        70.00000   34.00000  51.4%   120 3307s
 114013 74627   67.00000   79  131   70.00000   34.00000  51.4%   120 3328s
 115182 76366   67.00000   80  123   70.00000   34.00000  51.4%   120 3349s
 117599 76378   34.02975   30  325   70.00000   34.00000  51.4%   120 3373s
 117619 76543   36.00000   31  236   70.00000   34.00000  51.4%   120 3394s
 117848 76592   36.00000   32  257   70.00000   34.00000  51.4%   120 3412s
 117919 76654   36.00000   33  296   70.00000   34.00000  51.4%   120 3433s
 117997 76778   38.57600   34  303   70.00000   34.00000  51.4%   120 3453s
 118162 77293   45.00000   35  284   70.00000   34.00000  51.4%   120 3475s
 118971 77845   45.00000   36  283   70.00000   34.00000  51.4%   120 3498s
 119828 78627   48.00000   37  303   70.00000   34.00000  51.4%   120 3525s
 120861 79332   50.00000   38  256   70.00000   34.00000  51.4%   120 3552s
 121935 80133   50.00000   39  237   70.00000   34.00000  51.4%   120 3580s
 123123 80624   60.00000   40  238   70.00000   34.00000  51.4%   120 3600s

Cutting planes:
  Gomory: 27
  Lift-and-project: 76
  Cover: 562
  Implied bound: 227
  MIR: 716
  StrongCG: 3
  Flow cover: 1447
  GUB cover: 5
  Zero half: 20
  RLT: 979
  Relax-and-lift: 280
  BQP: 153
  PSD: 47

Explored 123816 nodes (14890350 simplex iterations) in 3600.14 seconds (2442.35 work units)
Thread count was 32 (of 32 available processors)

Solution count 10: 70 70 71 ... 75

Time limit reached
Best objective 6.999999999290e+01, best bound 3.400000000000e+01, gap 51.4286%
