
Gurobi 13.0.0 (linux64) logging started Wed Nov 26 15:21:22 2025

Set parameter LogFile to value "./Results/StripPacking-BranchSP/Logs/NUspb-010-StripPacking-10-0.log"
Set parameter TimeLimit to value 3600
Set parameter Cuts to value 0
Set parameter Presolve to value 1
Set parameter Heuristics to value 0
Set parameter LogToConsole to value 0
Set parameter LPWarmStart to value 2
Gurobi Optimizer version 13.0.0 build v13.0.0rc1 (linux64 - "Debian GNU/Linux 12 (bookworm)")

CPU model: Intel(R) Xeon(R) CPU E5-2630 v3 @ 2.40GHz, instruction set [SSE2|AVX|AVX2]
Thread count: 16 physical cores, 32 logical processors, using up to 32 threads

Non-default parameters:
TimeLimit  3600
LPWarmStart  2
Heuristics  0
Cuts  0
LogToConsole  0
Presolve  1

Optimize a model with 1675 rows, 201 columns and 5060 nonzeros (Min)
Model fingerprint: 0xe48f548e
Model has 1 linear objective coefficients
Variable types: 21 continuous, 180 integer (180 binary)
Coefficient statistics:
  Matrix range     [1e+00, 1e+04]
  Objective range  [1e+00, 1e+00]
  Bounds range     [1e+00, 1e+04]
  RHS range        [1e+00, 1e+04]
Using branch priorities.

Warning: Completing partial solution with 180 unfixed non-continuous variables out of 180
User MIP start produced solution with objective 50 (0.00s)
Loaded user MIP start with objective 50

Presolve removed 259 rows and 22 columns
Presolve time: 0.01s
Presolved: 1416 rows, 179 columns, 4193 nonzeros
Variable types: 21 continuous, 158 integer (158 binary)

Root relaxation: objective 3.500000e+01, 61 iterations, 0.00 seconds (0.00 work units)

    Nodes    |    Current Node    |     Objective Bounds      |     Work
 Expl Unexpl |  Obj  Depth IntInf | Incumbent    BestBd   Gap | It/Node Time

     0     0   35.00000    0    5   50.00000   35.00000  30.0%     -    0s
     0     0   35.00000    0    5   50.00000   35.00000  30.0%     -    0s
     0     2   35.00000    0    5   50.00000   35.00000  30.0%     -    0s
*   30    27               4      48.0000000   35.00000  27.1%   6.0    0s
*  181   179              14      46.0000000   35.00000  23.9%   9.0    0s
*  375   295              23      42.0000000   35.00000  16.7%   9.0    0s
*  558   343              27      41.0000000   35.00000  14.6%   8.9    0s
*  959   399              29      40.0000000   35.00000  12.5%   8.8    0s
* 1202   396              22      39.0000000   35.00000  10.3%   8.7    0s

Explored 3843 nodes (24736 simplex iterations) in 0.29 seconds (0.16 work units)
Thread count was 32 (of 32 available processors)

Solution count 7: 39 40 41 ... 50

Optimal solution found (tolerance 1.00e-04)
Best objective 3.900000000000e+01, best bound 3.900000000000e+01, gap 0.0000%
