
Gurobi 13.0.0 (linux64) logging started Thu Nov 27 09:52:51 2025

Set parameter LogFile to value "./Results/StripPacking-BranchSP/Logs/RUspb-010-StripPacking-25-0.log"
Set parameter TimeLimit to value 3600
Set parameter Cuts to value 0
Set parameter Presolve to value 1
Set parameter Heuristics to value 0
Set parameter LogToConsole to value 0
Set parameter LPWarmStart to value 2
Gurobi Optimizer version 13.0.0 build v13.0.0rc1 (linux64 - "Debian GNU/Linux 12 (bookworm)")

CPU model: Intel(R) Xeon(R) CPU E5-2630 v3 @ 2.40GHz, instruction set [SSE2|AVX|AVX2]
Thread count: 16 physical cores, 32 logical processors, using up to 32 threads

Non-default parameters:
TimeLimit  3600
LPWarmStart  2
Heuristics  0
Cuts  0
LogToConsole  0
Presolve  1

Optimize a model with 32125 rows, 1251 columns and 94850 nonzeros (Min)
Model fingerprint: 0xa6ec2801
Model has 1 linear objective coefficients
Variable types: 51 continuous, 1200 integer (1200 binary)
Coefficient statistics:
  Matrix range     [1e+00, 1e+04]
  Objective range  [1e+00, 1e+00]
  Bounds range     [1e+00, 1e+04]
  RHS range        [1e+00, 1e+04]
Using branch priorities.

Warning: Completing partial solution with 1200 unfixed non-continuous variables out of 1200
User MIP start produced solution with objective 106.2 (0.03s)
Loaded user MIP start with objective 106.2

Presolve removed 600 rows and 0 columns
Presolve time: 0.21s
Presolved: 31525 rows, 1251 columns, 93650 nonzeros
Variable types: 51 continuous, 1200 integer (1200 binary)
Root relaxation presolved: 1251 rows, 32776 columns, 94901 nonzeros


Root relaxation: objective 3.400000e+01, 2293 iterations, 0.33 seconds (0.24 work units)

    Nodes    |    Current Node    |     Objective Bounds      |     Work
 Expl Unexpl |  Obj  Depth IntInf | Incumbent    BestBd   Gap | It/Node Time

     0     0   34.00000    0  361  106.20000   34.00000  68.0%     -    1s
     0     0   34.00000    0  361  106.20000   34.00000  68.0%     -    2s
     0     0   34.00000    0  267  106.20000   34.00000  68.0%     -    4s
     0     2   34.00000    0  267  106.20000   34.00000  68.0%     -    5s
   123   228   34.00000   11  185  106.20000   34.00000  68.0%   239   10s
   622   988   38.22000   36  268  106.20000   34.00000  68.0%   226   16s
  1417  1680   67.00000   69  171  106.20000   34.00000  68.0%   174   20s
* 2474  2367             162     103.0000000   34.00000  67.0%   134   24s
* 2475  2356             161      97.0000000   34.00000  64.9%   134   24s
  2685  2548   34.00000    7  158   97.00000   34.00000  64.9%   131   25s
  3688  3536   48.00000   33  178   97.00000   34.00000  64.9%   123   30s
  4568  3873   37.02083   18  199   97.00000   34.00000  64.9%   115   36s
  4616  3937   36.00000   18  185   97.00000   34.00000  64.9%   119   40s
  4766  4057   36.00000   24  189   97.00000   34.00000  64.9%   121   45s
  4928  4197   36.00000   28  208   97.00000   34.00000  64.9%   122   50s
  5106  4352   36.00000   34  193   97.00000   34.00000  64.9%   122   55s
  5459  4844   51.00000   43  169   97.00000   34.00000  64.9%   123   60s
  6605  5422   87.00000   81   65   97.00000   34.00000  64.9%   118   66s
* 6638  5086             104      91.0000000   34.00000  62.6%   117   66s
  7583  5416   90.00000  108   21   91.00000   34.00000  62.6%   113   70s
* 8261  5322             107      90.0000000   34.00000  62.2%   111   73s
  8494  5554   65.00000   54  145   90.00000   34.00000  62.2%   111   75s
* 9313  5523             121      89.0000000   34.00000  61.8%   110   79s
  9423  5679   65.00000   55  107   89.00000   34.00000  61.8%   110   80s
*10050  5788             130      88.0000000   34.00000  61.4%   109   83s
 10378  5863   45.00000   27  139   88.00000   34.00000  61.4%   108   85s
*10533  5499             110      87.0000000   34.00000  60.9%   107   85s
 11231  5781   44.00000   33  152   87.00000   34.00000  60.9%   108   90s
 12046  6264   86.00000   86   34   87.00000   34.00000  60.9%   108   95s
*12300  5916             124      86.0000000   34.00000  60.5%   107   95s
 12700  6323   46.00000   43  170   86.00000   34.00000  60.5%   107  100s
 13890  7202   82.00000   85   86   86.00000   34.00000  60.5%   107  106s
*14181  7075             101      85.0000000   34.00000  60.0%   107  106s
 14868  7818 infeasible   81        85.00000   34.00000  60.0%   106  111s
*15232  7589             112      84.0000000   34.00000  59.5%   105  111s
 15752  8255   82.00000   71  136   84.00000   34.00000  59.5%   106  117s
 16203  8674   83.00000   95   58   84.00000   34.00000  59.5%   106  120s
*16226  8551             114      83.0000000   34.00000  59.0%   106  120s
 17266  9103   81.00000   86   82   83.00000   34.00000  59.0%   106  126s
 18050 10063   49.00000   45  169   83.00000   34.00000  59.0%   107  132s
 18728 10554   50.00000   65  175   83.00000   34.00000  59.0%   106  136s
*19069 10038             115      80.0000000   34.00000  57.5%   106  136s
 19949 10838   64.00000   68  149   80.00000   34.00000  57.5%   106  143s
*20029 10707             112      79.0000000   34.00000  57.0%   106  143s
 20587 11195   57.00000   62  143   79.00000   34.00000  57.0%   106  147s
 21317 11805   47.00000   30  159   79.00000   34.00000  57.0%   106  151s
 22025 12357   60.77193   55  152   79.00000   34.00000  57.0%   107  155s
 23460 13250   45.00000   24  235   79.00000   34.00000  57.0%   107  165s
 24054 13907 infeasible   57        79.00000   34.00000  57.0%   108  171s
 24846 14218   74.00000   65  121   79.00000   34.00000  57.0%   108  177s
 25272 14823   47.00000   28  192   79.00000   34.00000  57.0%   109  183s
 26107 15522   42.00000   31  218   79.00000   34.00000  57.0%   109  188s
 27055 16134   48.00000   47  127   79.00000   34.00000  57.0%   109  195s
*27446 15055             115      77.0000000   34.00000  55.8%   109  195s
 27923 15571   58.00000   43  114   77.00000   34.00000  55.8%   110  201s
 28916 16244   50.00000   37  192   77.00000   34.00000  55.8%   110  208s
 29840 16946   50.00000   40  217   77.00000   34.00000  55.8%   111  215s
 30816 17619   66.00000   60  185   77.00000   34.00000  55.8%   112  221s
 31722 18331   45.00000   28  231   77.00000   34.00000  55.8%   113  230s
 32686 19091   75.00000   75   77   77.00000   34.00000  55.8%   114  238s
*32782 18295              93      76.0000000   34.00000  55.3%   114  238s
 33846 18589   34.00000   42  187   76.00000   34.00000  55.3%   115  246s
 34593 19448 infeasible   60        76.00000   34.00000  55.3%   115  254s
 35832 20229   43.00000   32  182   76.00000   34.00000  55.3%   116  262s
*36190 19527              98      75.0000000   34.00000  54.7%   116  262s
 37003 20388   63.00000   53  148   75.00000   34.00000  54.7%   116  271s
 38390 21274   74.00000   80   90   75.00000   34.00000  54.7%   117  280s
 39632 22203   73.00000   97   66   75.00000   34.00000  54.7%   118  289s
 41022 22979   57.00000   71  135   75.00000   34.00000  54.7%   119  300s
*41300 21933             101      74.0000000   34.00000  54.1%   119  300s
 42357 22818   57.00000   54  137   74.00000   34.00000  54.1%   120  311s
 43790 23845   73.00000   76  101   74.00000   34.00000  54.1%   121  323s
 45123 25439   69.00000   67   99   74.00000   34.00000  54.1%   121  336s
 47235 26373   50.00000   42  223   74.00000   34.00000  54.1%   121  348s
 48828 27427   34.00000   43  241   74.00000   34.00000  54.1%   123  359s
 50509 28415   39.00000   35  212   74.00000   34.00000  54.1%   123  371s
 52189 29585   73.00000   98   56   74.00000   34.00000  54.1%   124  382s
 53917 30926   63.00000   58  153   74.00000   34.00000  54.1%   124  393s
 55709 31638   39.00000   27  207   74.00000   34.00000  54.1%   125  405s
 56838 32846   72.00000   56  129   74.00000   34.00000  54.1%   125  416s
 58574 33878   63.00000   47  155   74.00000   34.00000  54.1%   126  428s
 60216 35064   73.00000   85   55   74.00000   34.00000  54.1%   126  439s
 61946 36171   72.00000   69   71   74.00000   34.00000  54.1%   127  452s
 63546 37343 infeasible   84        74.00000   34.00000  54.1%   127  463s
 65194 38418 infeasible   70        74.00000   34.00000  54.1%   127  474s
 66804 39566   41.00000   40  208   74.00000   34.00000  54.1%   128  485s
 68368 40426   73.00000   75   60   74.00000   34.00000  54.1%   128  495s
 69646 41569   34.00000   33  273   74.00000   34.00000  54.1%   128  507s
 71347 42837   71.00000   64  142   74.00000   34.00000  54.1%   128  519s
 73075 43914 infeasible   46        74.00000   34.00000  54.1%   129  530s
 74641 45012   57.00000   47  230   74.00000   34.00000  54.1%   129  540s
 76091 46345 infeasible   37        74.00000   34.00000  54.1%   130  551s
 77895 47581   57.00000   67  140   74.00000   34.00000  54.1%   130  563s
 79546 48493   48.00000   38  290   74.00000   34.00000  54.1%   130  575s
 80808 49508   65.00000   71  135   74.00000   34.00000  54.1%   130  586s
 82355 50472   71.00000   68   98   74.00000   34.00000  54.1%   131  597s
*83453 44850             102      73.0000000   34.00000  53.4%   131  597s
 83867 45728   72.00000   45  120   73.00000   34.00000  53.4%   131  610s
 85458 46643   61.00000   69  181   73.00000   34.00000  53.4%   131  621s
 87165 47642   71.00000   86   60   73.00000   34.00000  53.4%   132  632s
 88746 48759   65.00000   49  153   73.00000   34.00000  53.4%   132  645s
 90365 49879   53.00000   47  133   73.00000   34.00000  53.4%   133  656s
 92035 50878   47.00000   33  180   73.00000   34.00000  53.4%   133  669s
 93594 51966   51.00000   42  216   73.00000   34.00000  53.4%   133  682s
 95198 52976   44.00000   44  182   73.00000   34.00000  53.4%   134  695s
 96778 53957   62.00000   63  172   73.00000   34.00000  53.4%   134  708s
 98249 55208   34.00000   42  203   73.00000   34.00000  53.4%   135  720s
 99933 56282     cutoff   59        73.00000   34.00000  53.4%   135  733s
 101672 57534   72.00000   82  104   73.00000   34.00000  53.4%   135  748s
 103433 58525     cutoff   79        73.00000   34.00000  53.4%   135  760s
 104866 59604 infeasible   66        73.00000   34.00000  53.4%   135  773s
 106581 60605   70.00000   88  129   73.00000   34.00000  53.4%   136  785s
 108196 61706   65.00000   54  112   73.00000   34.00000  53.4%   136  797s
 109833 62869   57.00000   54  113   73.00000   34.00000  53.4%   136  811s
 111573 63948   53.00000   43  217   73.00000   34.00000  53.4%   136  824s
 113217 65052   72.00000   64   75   73.00000   34.00000  53.4%   137  835s
 114863 66068   66.00000   57  222   73.00000   34.00000  53.4%   137  848s
 116448 67161   71.00000   81   86   73.00000   34.00000  53.4%   137  859s
 118063 68135 infeasible   52        73.00000   34.00000  53.4%   137  870s
 119601 69455   51.00000   40  202   73.00000   34.00000  53.4%   138  882s
 121479 70468 infeasible   81        73.00000   34.00000  53.4%   138  895s
 123027 71587     cutoff   48        73.00000   34.00000  53.4%   138  908s
 124681 72764   57.00000   52  169   73.00000   34.00000  53.4%   138  920s
 126327 73863   66.00000   59  113   73.00000   34.00000  53.4%   138  931s
 127904 74980   36.00000   40  221   73.00000   34.00000  53.4%   138  942s
 129465 76002   67.00000   69  137   73.00000   34.00000  53.4%   139  954s
 131000 77093 infeasible   79        73.00000   34.00000  53.4%   139  966s
 132635 78227   69.00000   56  128   73.00000   34.00000  53.4%   139  977s
 134265 79217 infeasible   90        73.00000   34.00000  53.4%   139  988s
*134759 73678              84      72.0000000   34.00000  52.8%   139  989s
 135774 74527     cutoff   58        72.00000   34.00000  52.8%   139 1000s
 137234 75569   69.00000   55  134   72.00000   34.00000  52.8%   139 1011s
 138845 76683   71.00000   64  109   72.00000   34.00000  52.8%   140 1022s
 140487 77721   65.00000   47   88   72.00000   34.00000  52.8%   140 1034s
 142003 78742   67.00000   52  142   72.00000   34.00000  52.8%   140 1045s
 143586 79855   47.00000   35  170   72.00000   34.00000  52.8%   140 1059s
 145234 80886   57.00000   53  162   72.00000   34.00000  52.8%   140 1071s
 146684 82098   45.00000   43  184   72.00000   34.00000  52.8%   141 1084s
 148508 83093   67.00000   74  123   72.00000   34.00000  52.8%   141 1095s
 149995 84272     cutoff   80        72.00000   34.00000  52.8%   141 1107s
 151606 85227   57.00000   51  175   72.00000   34.00000  52.8%   141 1120s
 153151 86183 infeasible   90        72.00000   34.00000  52.8%   142 1133s
 154751 87170   57.00000   45  147   72.00000   34.00000  52.8%   142 1146s
 156302 88273   34.00000   38  310   72.00000   34.00000  52.8%   142 1159s
 157959 89462 infeasible   56        72.00000   34.00000  52.8%   142 1171s
 159719 90572   71.00000   79   56   72.00000   34.00000  52.8%   142 1183s
 161357 91725   34.00000   40  188   72.00000   34.00000  52.8%   143 1196s
 163044 92769   60.00000   62  146   72.00000   34.00000  52.8%   143 1208s
 164661 93818   57.00000   76  135   72.00000   34.00000  52.8%   143 1222s
 166336 94810   65.00000   60  183   72.00000   34.00000  52.8%   143 1238s
 167762 95946   48.00000   55  166   72.00000   34.00000  52.8%   143 1252s
 169400 96942 infeasible   83        72.00000   34.00000  52.8%   144 1264s
 171111 98050   65.00000   56  126   72.00000   34.00000  52.8%   144 1277s
 172747 99327   71.00000   63  119   72.00000   34.00000  52.8%   144 1291s
 174584 100331   66.00000   60  119   72.00000   34.00000  52.8%   144 1303s
 176232 101497 infeasible   72        72.00000   34.00000  52.8%   144 1316s
 178098 102522   70.00000   86  104   72.00000   34.00000  52.8%   144 1329s
 179740 103629   71.00000   79  100   72.00000   34.00000  52.8%   144 1342s
 181379 104706   71.00000   70  102   72.00000   34.00000  52.8%   144 1359s
 182982 105884   53.00000   58  158   72.00000   34.00000  52.8%   144 1371s
 184690 107037   71.00000   72  109   72.00000   34.00000  52.8%   144 1382s
 186377 108127   44.00000   47  166   72.00000   34.00000  52.8%   144 1394s
 188089 109195   69.00000   57   88   72.00000   34.00000  52.8%   144 1406s
 189669 110260   70.00000   71  151   72.00000   34.00000  52.8%   145 1419s
 191308 111311   71.00000   67  102   72.00000   34.00000  52.8%   145 1431s
 192899 112319   61.00000   86  137   72.00000   34.00000  52.8%   145 1443s
 194540 113233   65.00000   66  136   72.00000   34.00000  52.8%   145 1455s
 196086 114251   67.00000   65  116   72.00000   34.00000  52.8%   145 1466s
 197659 115283   67.00000   62  155   72.00000   34.00000  52.8%   145 1478s
 199267 116381   57.00000   58  249   72.00000   34.00000  52.8%   145 1490s
 200919 117551   71.00000   81   91   72.00000   34.00000  52.8%   145 1503s
 202541 118523   63.00000   60  182   72.00000   34.00000  52.8%   145 1516s
 204100 119579 infeasible   85        72.00000   34.00000  52.8%   145 1529s
 205654 120651   37.00000   48  218   72.00000   34.00000  52.8%   146 1541s
 207239 121755 infeasible   84        72.00000   34.00000  52.8%   146 1552s
 208890 122760   34.00000   34  239   72.00000   34.00000  52.8%   146 1565s
 210403 123750   40.00000   39  314   72.00000   34.00000  52.8%   146 1577s
 211847 124801   39.00000   43  199   72.00000   34.00000  52.8%   146 1593s
 213446 126084   47.00000   38  205   72.00000   34.00000  52.8%   146 1608s
 215335 127117   55.00000   53  157   72.00000   34.00000  52.8%   146 1622s
 216937 128071   71.00000   75  159   72.00000   34.00000  52.8%   147 1635s
 218365 129204   47.00000   43  160   72.00000   34.00000  52.8%   147 1647s
 220040 130386   69.00000   78   74   72.00000   34.00000  52.8%   147 1661s
 221808 131477 infeasible   80        72.00000   34.00000  52.8%   147 1674s
 223456 132536   66.00000   57   86   72.00000   34.00000  52.8%   147 1686s
 225057 133729     cutoff   72        72.00000   34.00000  52.8%   147 1699s
 226792 134707   64.00000   64  145   72.00000   34.00000  52.8%   147 1712s
 228344 135925   66.00000   67  119   72.00000   34.00000  52.8%   147 1724s
 230145 137011   71.00000   85   71   72.00000   34.00000  52.8%   147 1737s
 231679 138019   53.00000   45  143   72.00000   34.00000  52.8%   148 1749s
 233212 139040   57.00000   73  122   72.00000   34.00000  52.8%   148 1762s
 234955 140088   71.00000   71   96   72.00000   34.00000  52.8%   148 1774s
 236522 141161 infeasible   94        72.00000   34.00000  52.8%   148 1787s
 238123 142152   59.00000   76  104   72.00000   34.00000  52.8%   148 1799s
 239677 143312   34.00000   31  272   72.00000   34.00000  52.8%   148 1811s
 241390 144307   65.00000   62  159   72.00000   34.00000  52.8%   148 1826s
 243099 145370 infeasible   66        72.00000   34.00000  52.8%   148 1839s
 244714 146458   67.00000   53  148   72.00000   34.00000  52.8%   148 1852s
 246343 147396   57.00000   62  217   72.00000   34.00000  52.8%   148 1864s
 247856 148477   71.00000   48  139   72.00000   34.00000  52.8%   149 1877s
 249515 149623   48.00000   41  171   72.00000   34.00000  52.8%   149 1890s
 251203 150681   57.00000   49  159   72.00000   34.00000  52.8%   149 1902s
 252760 151704   65.00000   69  128   72.00000   34.00000  52.8%   149 1915s
 254263 152733   66.00000   72  157   72.00000   34.00000  52.8%   149 1928s
 255821 153819   71.00000   55  139   72.00000   34.00000  52.8%   149 1941s
 257521 154882   59.00000   68  164   72.00000   34.00000  52.8%   149 1953s
 259279 156102   34.00000   51  245   72.00000   34.00000  52.8%   149 1965s
 261111 157066   68.00000   83  123   72.00000   34.00000  52.8%   149 1977s
 262613 158145   48.00000   62  216   72.00000   34.00000  52.8%   149 1991s
 264391 159156   51.00000   48  145   72.00000   34.00000  52.8%   149 2004s
 266019 160124     cutoff   55        72.00000   34.00000  52.8%   149 2016s
 267627 161179   70.00000   97   61   72.00000   34.00000  52.8%   149 2028s
 269232 162272   53.00000   66  233   72.00000   34.00000  52.8%   149 2040s
 270899 163342   65.00000   71  110   72.00000   34.00000  52.8%   149 2052s
 272538 164309   39.00000   45  231   72.00000   34.00000  52.8%   150 2064s
 274061 165321   44.00000   39  235   72.00000   34.00000  52.8%   150 2076s
 275645 166420   50.00000   58  187   72.00000   34.00000  52.8%   150 2089s
 277246 167522   68.00000   78   76   72.00000   34.00000  52.8%   150 2103s
 278998 168575   71.00000   83   79   72.00000   34.00000  52.8%   150 2117s
 280617 169626   63.00000   49  172   72.00000   34.00000  52.8%   150 2131s
 282234 170543   57.00000   64  146   72.00000   34.00000  52.8%   150 2145s
 283717 171570 infeasible   68        72.00000   34.00000  52.8%   150 2158s
 285341 172659 infeasible   82        72.00000   34.00000  52.8%   150 2171s
 287069 173672   65.00000   55  204   72.00000   34.00000  52.8%   150 2183s
 288651 174739     cutoff   82        72.00000   34.00000  52.8%   150 2197s
 290216 175971   48.00000   67  254   72.00000   34.00000  52.8%   150 2210s
 291779 176824   71.00000   79  146   72.00000   34.00000  52.8%   151 2223s
 293392 177728 infeasible   87        72.00000   34.00000  52.8%   151 2236s
 294857 178737   67.00000   48  144   72.00000   34.00000  52.8%   151 2250s
 296473 179773   70.00000   68  138   72.00000   34.00000  52.8%   151 2264s
 298122 180864   57.00000   64  162   72.00000   34.00000  52.8%   151 2280s
 299809 181930   57.00000   57  221   72.00000   34.00000  52.8%   151 2293s
 301435 183141   57.00000   60  187   72.00000   34.00000  52.8%   151 2309s
 303209 184182   71.00000   63  148   72.00000   34.00000  52.8%   151 2322s
 304826 185289   57.00000   60  189   72.00000   34.00000  52.8%   151 2335s
 306556 186462   65.00000   60  168   72.00000   34.00000  52.8%   151 2348s
 308289 187453   65.00000   73  116   72.00000   34.00000  52.8%   151 2361s
 309856 188478   66.00000   66  215   72.00000   34.00000  52.8%   151 2373s
 311448 189456   58.00000   55  171   72.00000   34.00000  52.8%   151 2385s
 313008 190535   71.00000   82   68   72.00000   34.00000  52.8%   151 2398s
 314742 191378   53.00000   54  208   72.00000   34.00000  52.8%   152 2411s
 316340 192337   57.00000   67  156   72.00000   34.00000  52.8%   152 2423s
 317913 193210   58.00000   73  179   72.00000   34.00000  52.8%   152 2435s
 319285 194257   70.00000   72  128   72.00000   34.00000  52.8%   152 2448s
 320970 195321 infeasible   80        72.00000   34.00000  52.8%   152 2462s
 322693 196250   47.00000   53  200   72.00000   34.00000  52.8%   152 2476s
 324307 197268 infeasible  106        72.00000   34.00000  52.8%   152 2489s
 325864 198322   63.11538   82  131   72.00000   34.00000  52.8%   152 2502s
 327570 199437   34.00000   55  227   72.00000   34.00000  52.8%   152 2515s
 329367 200439   59.00000   67  187   72.00000   34.00000  52.8%   152 2528s
 331001 201364   69.00000   50  184   72.00000   34.00000  52.8%   152 2539s
 332418 202382   65.00000   54  143   72.00000   34.00000  52.8%   152 2551s
 334016 203317     cutoff   92        72.00000   34.00000  52.8%   152 2564s
 335600 204264   65.00000   80  116   72.00000   34.00000  52.8%   152 2579s
 337086 205405   69.00000   76  176   72.00000   34.00000  52.8%   152 2592s
 338821 206503 infeasible   70        72.00000   34.00000  52.8%   152 2606s
 340514 207502   63.00000   86  111   72.00000   34.00000  52.8%   152 2619s
 342167 208426   71.00000   87   21   72.00000   34.00000  52.8%   152 2633s
 343801 209632   57.00000   63  184   72.00000   34.00000  52.8%   153 2646s
 345559 210535   65.00000   61  135   72.00000   34.00000  52.8%   153 2660s
 347109 211506   34.66667   44  254   72.00000   34.00000  52.8%   153 2673s
 348662 212384   60.00000   49  200   72.00000   34.00000  52.8%   153 2685s
 350171 213461 infeasible   72        72.00000   34.00000  52.8%   153 2699s
 351832 214408   65.00000   60  142   72.00000   34.00000  52.8%   153 2713s
 353559 215298   71.00000   65   61   72.00000   34.00000  52.8%   153 2725s
 355102 216214   70.00000  101   76   72.00000   34.00000  52.8%   153 2738s
 356730 217194   70.00000   54  166   72.00000   34.00000  52.8%   153 2751s
 358268 218127   57.00000   81  179   72.00000   34.00000  52.8%   153 2764s
 359920 219115   65.00000   55  182   72.00000   34.00000  52.8%   153 2777s
 361457 220103   70.00000   59  155   72.00000   34.00000  52.8%   153 2790s
 363076 221182   71.00000   88  107   72.00000   34.00000  52.8%   153 2803s
 364771 222082   57.00000   75  153   72.00000   34.00000  52.8%   153 2816s
 366283 223057   63.00000   74  150   72.00000   34.00000  52.8%   153 2830s
 367902 224017   71.00000   93  148   72.00000   34.00000  52.8%   153 2843s
 369476 224933 infeasible   75        72.00000   34.00000  52.8%   153 2856s
 371127 226014   64.00000   75  141   72.00000   34.00000  52.8%   153 2868s
 372796 226970   67.00000   68  181   72.00000   34.00000  52.8%   154 2881s
 374340 227806   34.00000   37  201   72.00000   34.00000  52.8%   154 2893s
 375886 228977   53.00000   58  192   72.00000   34.00000  52.8%   154 2906s
 377463 229990   57.00000   64  151   72.00000   34.00000  52.8%   154 2920s
 379046 230864   57.00000   85  152   72.00000   34.00000  52.8%   154 2933s
 380667 231794   43.00000   42  199   72.00000   34.00000  52.8%   154 2946s
 382213 232630   53.00000   56  222   72.00000   34.00000  52.8%   154 2958s
 383721 233609   34.00000   41  231   72.00000   34.00000  52.8%   154 2970s
 385358 234635   67.00000   58  127   72.00000   34.00000  52.8%   154 2982s
 387078 235520   34.00000   46  238   72.00000   34.00000  52.8%   154 2994s
 388585 236443   57.00000   57  188   72.00000   34.00000  52.8%   154 3007s
 390063 237586   69.00000   53  160   72.00000   34.00000  52.8%   154 3020s
 391678 238641 infeasible   85        72.00000   34.00000  52.8%   154 3034s
 393427 239757   45.00000   47  245   72.00000   34.00000  52.8%   154 3047s
 395126 241010   71.00000   75  100   72.00000   34.00000  52.8%   154 3059s
 396965 242288   69.00000   59  145   72.00000   34.00000  52.8%   154 3072s
 398769 243593   36.00000   47  237   72.00000   34.00000  52.8%   154 3085s
 400571 244432   44.00000   40  166   72.00000   34.00000  52.8%   154 3096s
 401850 245557   57.00000   53  180   72.00000   34.00000  52.8%   154 3109s
 403535 246410   46.00000   62  181   72.00000   34.00000  52.8%   154 3120s
 405002 247383   70.00000  115   70   72.00000   34.00000  52.8%   154 3132s
 406520 248449   71.00000   82   82   72.00000   34.00000  52.8%   154 3145s
 408113 249437   64.00000   63  181   72.00000   34.00000  52.8%   154 3158s
 409745 250485   57.00000   66  177   72.00000   34.00000  52.8%   154 3170s
 411406 251450   57.00000   55  184   72.00000   34.00000  52.8%   155 3182s
 412856 252618   71.00000   73  132   72.00000   34.00000  52.8%   155 3194s
 414645 253637   64.00000   88   68   72.00000   34.00000  52.8%   155 3206s
 416283 254770   71.00000   76   64   72.00000   34.00000  52.8%   155 3219s
 417911 255709   70.00000   68  135   72.00000   34.00000  52.8%   155 3232s
 419384 256613   71.00000   79   72   72.00000   34.00000  52.8%   155 3245s
 420940 257699   70.00000   75  113   72.00000   34.00000  52.8%   155 3259s
 422627 258702 infeasible   65        72.00000   34.00000  52.8%   155 3271s
 424400 259628   64.00000   67  115   72.00000   34.00000  52.8%   155 3283s
 425996 260599   57.00000   57  162   72.00000   34.00000  52.8%   155 3296s
 427503 261521   71.00000   53  131   72.00000   34.00000  52.8%   155 3310s
 429097 262572   70.00000   59  139   72.00000   34.00000  52.8%   155 3324s
 430789 263604 infeasible   52        72.00000   34.00000  52.8%   155 3336s
 432339 264494 infeasible   93        72.00000   34.00000  52.8%   155 3348s
 433814 265492   65.00000   56  153   72.00000   34.00000  52.8%   155 3360s
 435350 266492   71.00000   71   58   72.00000   34.00000  52.8%   155 3373s
 437038 267452   71.00000   66  134   72.00000   34.00000  52.8%   155 3387s
 438691 268508     cutoff   62        72.00000   34.00000  52.8%   155 3399s
 440295 269246   71.00000   65   70   72.00000   34.00000  52.8%   155 3411s
 441776 270338   71.00000   73  112   72.00000   34.00000  52.8%   155 3424s
 443540 271303   66.00000   53  192   72.00000   34.00000  52.8%   155 3436s
 445057 272261 infeasible   83        72.00000   34.00000  52.8%   155 3450s
 446658 273285   57.00000   63  164   72.00000   34.00000  52.8%   155 3463s
 448284 274399     cutoff   66        72.00000   34.00000  52.8%   155 3476s
 450008 275440   61.00000   65  155   72.00000   34.00000  52.8%   155 3489s
 451777 276358   70.00000   66  154   72.00000   34.00000  52.8%   155 3501s
 453354 277277   71.00000   74  143   72.00000   34.00000  52.8%   155 3513s
 454879 278298   64.00000   60  139   72.00000   34.00000  52.8%   155 3526s
 456489 279336   57.00000   47  203   72.00000   34.00000  52.8%   155 3538s
 458181 280096   70.00000   64   71   72.00000   34.00000  52.8%   155 3551s
 459786 281201   71.00000   82  207   72.00000   34.00000  52.8%   156 3564s
 461456 282169 infeasible   84        72.00000   34.00000  52.8%   156 3575s
 462983 283163 infeasible   74        72.00000   34.00000  52.8%   156 3588s
 464613 284174   41.00000   53  291   72.00000   34.00000  52.8%   156 3600s

Explored 466210 nodes (72588807 simplex iterations) in 3600.07 seconds (2132.83 work units)
Thread count was 32 (of 32 available processors)

Solution count 10: 72 73 74 ... 84

Time limit reached
Best objective 7.200000000000e+01, best bound 3.400000000000e+01, gap 52.7778%
