
Gurobi 13.0.0 (linux64) logging started Thu Nov 27 08:52:49 2025

Set parameter LogFile to value "./Results/StripPacking-BranchSP/Logs/RUspb-111-StripPacking-20-0.log"
Set parameter TimeLimit to value 3600
Set parameter Cuts to value 1
Set parameter Presolve to value 1
Set parameter Heuristics to value 1
Set parameter LogToConsole to value 0
Set parameter LPWarmStart to value 2
Gurobi Optimizer version 13.0.0 build v13.0.0rc1 (linux64 - "Debian GNU/Linux 12 (bookworm)")

CPU model: Intel(R) Xeon(R) CPU E5-2630 v3 @ 2.40GHz, instruction set [SSE2|AVX|AVX2]
Thread count: 16 physical cores, 32 logical processors, using up to 32 threads

Non-default parameters:
TimeLimit  3600
LPWarmStart  2
Heuristics  1
Cuts  1
LogToConsole  0
Presolve  1

Optimize a model with 32125 rows, 1251 columns and 94850 nonzeros (Min)
Model fingerprint: 0xa007ea05
Model has 1 linear objective coefficients
Variable types: 51 continuous, 1200 integer (1200 binary)
Coefficient statistics:
  Matrix range     [1e+00, 1e+04]
  Objective range  [1e+00, 1e+00]
  Bounds range     [1e+00, 1e+04]
  RHS range        [1e+00, 1e+04]
Using branch priorities.

Warning: Completing partial solution with 1200 unfixed non-continuous variables out of 1200
User MIP start produced solution with objective 104.8 (0.04s)
Loaded user MIP start with objective 104.8

Presolve removed 600 rows and 0 columns
Presolve time: 0.22s
Presolved: 31525 rows, 1251 columns, 93650 nonzeros
Variable types: 51 continuous, 1200 integer (1200 binary)
Root relaxation presolved: 1251 rows, 32776 columns, 94901 nonzeros


Root relaxation: objective 3.600000e+01, 2352 iterations, 0.45 seconds (0.37 work units)

    Nodes    |    Current Node    |     Objective Bounds      |     Work
 Expl Unexpl |  Obj  Depth IntInf | Incumbent    BestBd   Gap | It/Node Time

     0     0   36.00000    0  322  104.80000   36.00000  65.6%     -    2s
H    0     0                     103.0000000   36.00000  65.0%     -    2s
     0     0   36.00000    0  271  103.00000   36.00000  65.0%     -    5s
     0     0   36.00000    0  233  103.00000   36.00000  65.0%     -    6s
     0     0   36.00000    0  259  103.00000   36.00000  65.0%     -    8s
     0     0   36.00000    0  235  103.00000   36.00000  65.0%     -   15s
H    0     0                     101.0000000   36.00000  64.4%     -   21s
H    0     0                     100.0000000   36.00000  64.0%     -   21s
     0     0   36.00000    0  228  100.00000   36.00000  64.0%     -   21s
H    0     0                      99.0000000   36.00000  63.6%     -   22s
     0     0   36.00000    0  309   99.00000   36.00000  63.6%     -   23s
     0     0   36.00000    0  212   99.00000   36.00000  63.6%     -   27s
H    0     0                      98.0000000   36.00000  63.3%     -   27s
H    0     0                      97.0000000   36.00000  62.9%     -   27s
H    0     0                      96.0000000   36.00000  62.5%     -   27s
H    0     0                      94.0000000   36.00000  61.7%     -   27s
H    0     0                      93.0000000   36.00000  61.3%     -   27s
     0     0   36.00000    0  224   93.00000   36.00000  61.3%     -   27s
     0     0   36.00000    0  221   93.00000   36.00000  61.3%     -   29s
     0     0   36.00000    0  221   93.00000   36.00000  61.3%     -   30s
     0     0   36.00000    0  256   93.00000   36.00000  61.3%     -   31s
H    0     0                      92.0000000   36.00000  60.9%     -   33s
H    0     0                      91.0000000   36.00000  60.4%     -   33s
     0     0   36.00000    0  242   91.00000   36.00000  60.4%     -   33s
     0     0   36.00000    0  238   91.00000   36.00000  60.4%     -   33s
     0     0   36.00000    0  210   91.00000   36.00000  60.4%     -   34s
     0     0   36.00000    0  251   91.00000   36.00000  60.4%     -   34s
     0     0   36.00000    0  250   91.00000   36.00000  60.4%     -   35s
     0     0   36.00000    0  222   91.00000   36.00000  60.4%     -   35s
     0     0   36.00000    0  227   91.00000   36.00000  60.4%     -   36s
     0     0   36.00000    0  227   91.00000   36.00000  60.4%     -   37s
     0     0   36.00000    0  211   91.00000   36.00000  60.4%     -   37s
H    0     0                      89.0000000   36.00000  59.6%     -   38s
     0     0   36.00000    0  245   89.00000   36.00000  59.6%     -   38s
     0     0   36.00000    0  242   89.00000   36.00000  59.6%     -   39s
H    0     0                      88.0000000   36.00000  59.1%     -   39s
     0     0   36.00000    0  242   88.00000   36.00000  59.1%     -   39s
     0     0   36.00000    0  242   88.00000   36.00000  59.1%     -   39s
     0     2   36.00000    0  207   88.00000   36.00000  59.1%     -   42s
H   31    48                      86.0000000   36.00000  58.1%   779   46s
    69   112   36.00000    7  400   86.00000   36.00000  58.1%   678   50s
H  130   151                      85.0000000   36.00000  57.6%   478   54s
   150   189   59.00000   11  294   85.00000   36.00000  57.6%   449   55s
   218   232   59.00000   15  312   85.00000   36.00000  57.6%   388   62s
   235   248   59.00000   15  257   85.00000   36.00000  57.6%   375   68s
   251   263   59.00000   16  262   85.00000   36.00000  57.6%   363   75s
   268   279   59.00000   16  265   85.00000   36.00000  57.6%   352   81s
   284   293   59.00000   17  278   85.00000   36.00000  57.6%   347   88s
   300   309   78.00000   17  382   85.00000   36.00000  57.6%   342   95s
   316   324   59.00000   18  278   85.00000   36.00000  57.6%   336  101s
   333   340   59.00000   19  278   85.00000   36.00000  57.6%   327  107s
   349   355   60.00000   20  283   85.00000   36.00000  57.6%   322  114s
   366   374   60.00000   21  284   85.00000   36.00000  57.6%   321  119s
   387   410   65.00000   22  288   85.00000   36.00000  57.6%   313  124s
   425   471   65.00000   25  266   85.00000   36.00000  57.6%   301  127s
   496   547   65.00000   30  249   85.00000   36.00000  57.6%   283  130s
   699   717   67.00000   40  230   85.00000   36.00000  57.6%   239  135s
   962   853   38.01198    8  300   85.00000   36.00000  57.6%   205  142s
  1012   869   50.00000   10  254   85.00000   36.00000  57.6%   201  146s
  1040   884   57.00000   11  254   85.00000   36.00000  57.6%   202  151s
  1057   899   57.00000   12  244   85.00000   36.00000  57.6%   201  155s
H 1068   899                      85.0000000   36.00000  57.6%   201  155s
  1094   926   57.00000   14  233   85.00000   36.00000  57.6%   199  162s
H 1095   921                      84.0000000   36.00000  57.1%   198  162s
H 1116   985                      82.0000000   36.00000  56.1%   198  164s
  1200   994   57.00000   16  225   82.00000   36.00000  56.1%   193  169s
  1221  1016   57.00000   17  192   82.00000   36.00000  56.1%   191  175s
  1247  1032   57.00000   18  189   82.00000   36.00000  56.1%   189  180s
  1271  1057   62.00000   22  204   82.00000   36.00000  56.1%   187  186s
  1302  1080   62.00000   23  177   82.00000   36.00000  56.1%   186  191s
H 1324  1080                      82.0000000   36.00000  56.1%   184  191s
  1334  1092   62.00000   24  171   82.00000   36.00000  56.1%   184  197s
  1365  1107   62.00000   25  171   82.00000   36.00000  56.1%   184  202s
  1382  1119   62.00000   26  179   82.00000   36.00000  56.1%   183  208s
  1401  1135   62.00000   27  177   82.00000   36.00000  56.1%   182  213s
  1417  1148   62.00000   28  178   82.00000   36.00000  56.1%   181  219s
  1436  1164   62.00000   29  177   82.00000   36.00000  56.1%   180  225s
  1452  1178   70.00000   30  194   82.00000   36.00000  56.1%   179  231s
  1470  1191   70.00000   31  186   82.00000   36.00000  56.1%   179  236s
  1488  1206   70.00000   32  178   82.00000   36.00000  56.1%   178  242s
  1504  1220   70.00000   33  182   82.00000   36.00000  56.1%   177  249s
  1521  1232   70.00000   34  179   82.00000   36.00000  56.1%   177  256s
  1541  1246   70.00000   35  174   82.00000   36.00000  56.1%   176  261s
  1559  1258   70.00000   36  159   82.00000   36.00000  56.1%   176  267s
  1579  1272   70.00000   37  156   82.00000   36.00000  56.1%   175  273s
  1595  1285   70.00000   38  163   82.00000   36.00000  56.1%   175  279s
  1614  1298   70.00000   39  153   82.00000   36.12875  55.9%   175  285s
  1631  1314   70.00000   40  137   82.00000   36.12875  55.9%   175  292s
  1647  1329   70.00000   41  136   82.00000   36.12875  55.9%   175  298s
  1664  1343   70.00000   42  132   82.00000   36.12875  55.9%   174  305s
  1682  1349   70.00000   43  130   82.00000   36.12875  55.9%   173  312s
  1707  1365   70.00000   44  132   82.00000   36.12875  55.9%   172  319s
  1723  1379   70.00000   45  137   82.00000   36.12875  55.9%   172  326s
  1740  1394   72.00000   46  154   82.00000   36.12875  55.9%   172  333s
  1756  1409   72.00000   47  132   82.00000   36.12875  55.9%   171  340s
H 1773  1375                      81.0000000   36.12875  55.4%   170  346s
  1789  1457   72.00000   49  114   81.00000   36.12875  55.4%   170  352s
  1933  1470   72.00000   50  115   81.00000   36.14108  55.4%   165  360s
  1951  1481   72.00000   51  111   81.00000   36.20170  55.3%   166  368s
H 1971  1490                      81.0000000   36.20170  55.3%   165  376s
  1992  1500   79.00000   53  106   81.00000   36.20170  55.3%   164  385s
  2014  1515   79.00000   54  101   81.00000   36.20170  55.3%   164  394s
  2031  1527   79.00000   55   89   81.00000   36.20170  55.3%   164  401s
  2051  1543   79.00000   56   88   81.00000   36.20170  55.3%   164  412s
  2067  1558   79.00000   57   89   81.00000   36.20170  55.3%   164  420s
  2084  1574   79.00000   58   88   81.00000   36.20170  55.3%   164  428s
  2100  1589     cutoff   59        81.00000   36.20170  55.3%   163  437s
  2118  1603   79.00000   60  107   81.00000   36.20170  55.3%   163  446s
  2136  1619   79.00000   61   98   81.00000   36.20170  55.3%   163  456s
  2152  1634   79.00000   62   99   81.00000   36.20170  55.3%   162  465s
  2169  1649   79.00000   63   95   81.00000   36.20170  55.3%   162  473s
  2185  1664   79.00000   64   91   81.00000   36.20170  55.3%   161  484s
  2212  1679   79.00000   65   99   81.00000   36.20170  55.3%   160  493s
  2229  1689 infeasible   66        81.00000   36.20170  55.3%   160  502s
  2251  1703   42.49651   23  262   81.00000   36.20170  55.3%   159  514s
  2269  1718   43.14679   24  244   81.00000   36.20170  55.3%   159  523s
  2286  1731   57.00000   25  234   81.00000   36.20170  55.3%   159  533s
  2304  1743   57.00000   26  228   81.00000   36.20170  55.3%   158  544s
  2322  1750   57.00000   27  217   81.00000   36.20170  55.3%   157  555s
  2347  1762   57.00000   28  215   81.00000   42.00000  48.1%   157  567s
  2366  1786   57.00000   29  213   81.00000   42.00000  48.1%   157  580s
  2410  1796   57.00000   30  212   81.00000   42.00000  48.1%   156  592s
  2432  1810   57.00000   31  210   81.00000   42.00000  48.1%   156  604s
  2450  1847   57.00000   32  201   81.00000   42.00000  48.1%   156  614s
  2497  1863   57.00000   33  212   81.00000   42.00000  48.1%   155  633s
  2525  1901   57.00000   34  199   81.00000   42.00000  48.1%   154  651s
  2578  1903   71.00000    8  120   81.00000   42.00000  48.1%   153  659s
  2579  1904   57.00000   28  320   81.00000   42.00000  48.1%   153  661s
  2580  1905   50.00000   27  223   81.00000   42.00000  48.1%   153  669s
  2581  1905   79.00000   27  176   81.00000   42.00000  48.1%   153  675s
  2582  1906   42.00000   18  178   81.00000   42.00000  48.1%   153  680s
  2585  1908   64.00000   52  123   81.00000   42.00000  48.1%   152  685s
  2616  1946   42.00000   17  328   81.00000   42.00000  48.1%   169  691s
  2732  2042   53.00000   20  263   81.00000   42.00000  48.1%   173  695s
  2911  2154   53.00000   24  187   81.00000   42.00000  48.1%   171  700s
  2998  2191   54.00000   26  208   81.00000   42.00000  48.1%   169  705s
  3034  2218   61.00000   27  167   81.00000   42.00000  48.1%   168  713s
  3053  2228   54.00000   27  163   81.00000   42.00000  48.1%   168  717s
  3069  2239   54.00000   28  166   81.00000   42.00000  48.1%   167  722s
  3085  2249   57.00000   28  173   81.00000   42.00000  48.1%   167  725s
  3101  2259   54.00000   29  163   81.00000   42.00000  48.1%   167  730s
  3134  2279   54.00000   30  164   81.00000   42.00000  48.1%   166  738s
  3151  2290   54.00000   30  162   81.00000   42.00000  48.1%   166  742s
  3170  2316   54.00000   31  163   81.00000   42.00000  48.1%   166  745s
  3247  2391   54.00000   34  156   81.00000   42.00000  48.1%   165  751s
  3318  2434   54.00000   38  160   81.00000   42.00000  48.1%   163  755s
  3439  2464   77.00000   44  188   81.00000   42.00000  48.1%   163  760s
  3505  2486   73.00000   46  164   81.00000   42.00000  48.1%   163  767s
  3525  2496   73.00000   46  135   81.00000   42.00000  48.1%   163  772s
  3541  2505   77.00000   47  119   81.00000   42.00000  48.1%   163  776s
  3558  2511   74.00000   47  131   81.00000   42.00000  48.1%   163  780s
  3597  2527   80.00000   48  112   81.00000   42.00000  48.1%   163  788s
  3614  2535   74.00000   49  141   81.00000   42.00000  48.1%   163  792s
  3631  2547   74.00000   49  119   81.00000   42.00000  48.1%   163  797s
  3651  2556   79.00000   50  119   81.00000   42.00000  48.1%   163  801s
  3667  2568   74.00000   50  135   81.00000   42.00000  48.1%   163  806s
  3695  2572   74.00000   51  134   81.00000   42.00000  48.1%   163  811s
  3713  2585   80.00000   51  147   81.00000   42.00000  48.1%   163  816s
  3732  2589   74.00000   52  143   81.00000   42.00000  48.1%   163  821s
  3754  2603 infeasible   52        81.00000   42.00000  48.1%   163  828s
  3778  2615   74.00000   55  130   81.00000   42.00000  48.1%   164  833s
  3798  2628 infeasible   55        81.00000   42.00000  48.1%   164  838s
  3821  2636 infeasible   56        81.00000   42.00000  48.1%   164  846s
  3843  2643   78.00000   57  122   81.00000   42.00000  48.1%   164  852s
  3861  2657   74.00000   58  110   81.00000   42.00000  48.1%   163  858s
  3885  2673   74.00000   58  112   81.00000   42.00000  48.1%   163  864s
  3909  2680   77.00000   59  120   81.00000   42.00000  48.1%   163  869s
  3926  2688   74.00000   59  118   81.00000   42.00000  48.1%   163  875s
  3944  2695   74.00000   60  102   81.00000   42.00000  48.1%   163  881s
  3963  2701   74.00000   60  110   81.00000   42.00000  48.1%   162  886s
  3983  2711   74.00000   61  101   81.00000   42.00000  48.1%   162  891s
  4018  2729   78.00000   61   83   81.00000   42.00000  48.1%   162  898s
  4053  2753   78.00000   62   76   81.00000   42.00000  48.1%   162  903s
  4105  2764   74.00000   62  101   81.00000   42.00000  48.1%   162  909s
  4160  2781   74.00000   63   94   81.00000   42.00000  48.1%   162  914s
  4201  2794   79.00000   63   94   81.00000   42.00000  48.1%   162  920s
  4242  2809 infeasible   64        81.00000   42.00000  48.1%   162  926s
  4282  2819   79.00000   67   83   81.00000   42.00000  48.1%   162  933s
  4316  2836   80.00000   71   55   81.00000   42.00000  48.1%   162  939s
  4354  2842   80.00000   71   55   81.00000   42.00000  48.1%   162  946s
  4406  2874 infeasible   72        81.00000   42.00000  48.1%   161  953s
  4491  2862   57.00000   25  213   81.00000   42.00000  48.1%   161  962s
  4521  2880   70.00000   28  202   81.00000   42.00000  48.1%   162  970s
  4567  2879   70.00000   29  213   81.00000   42.00000  48.1%   162  978s
  4586  2905   70.00000   29  196   81.00000   42.00000  48.1%   163  987s
  4628  2941   70.00000   30  208   81.00000   42.00000  48.1%   163  996s
  4690  2950   70.00000   30  204   81.00000   42.00000  48.1%   163 1005s
  4722  2953   57.00000   28  201   81.00000   42.00000  48.1%   163 1013s
  4741  2978   70.00000   31  204   81.00000   42.00000  48.1%   163 1022s
  4775  2990   70.00000   30  182   81.00000   42.00000  48.1%   163 1032s
  4800  3019   70.00000   31  199   81.00000   42.00000  48.1%   163 1042s
  4847  3017   70.00000   38  175   81.00000   42.00000  48.1%   162 1052s
  4865  3027   70.00000   39  174   81.00000   42.00000  48.1%   162 1062s
  4881  3052   78.00000   40  185   81.00000   42.00000  48.1%   162 1076s
  4921  3056   70.00000   39  187   81.00000   42.00000  48.1%   161 1086s
  4940  3081     cutoff   41        81.00000   42.00000  48.1%   161 1097s
  4988  3077   70.00000   41  183   81.00000   42.00000  48.1%   161 1109s
  5008  3111   70.00000   42  171   81.00000   42.00000  48.1%   161 1121s
  5055  3124   70.00000   42  185   81.00000   42.00000  48.1%   161 1134s
  5091  3126   70.00000   43  189   81.00000   42.00000  48.1%   161 1148s
  5109  3192   70.00000   43  165   81.00000   42.00000  48.1%   160 1161s
  5218  3222   70.00000   41  188   81.00000   42.00000  48.1%   160 1174s
  5298  3320   70.00000   44  196   81.00000   42.00000  48.1%   159 1188s
  5462  3451   79.00000   52  125   81.00000   42.00000  48.1%   160 1206s
  5687  3473   76.00000   50  115   81.00000   42.00000  48.1%   159 1221s
  5789  3603   79.00000   52  113   81.00000   42.00000  48.1%   158 1235s
  6045  3707     cutoff   41        81.00000   42.00000  48.1%   157 1250s
  6340  3702 infeasible   56        81.00000   42.00000  48.1%   157 1266s
  6492  3762   53.00000   34  217   81.00000   42.00000  48.1%   157 1281s
  6661  3765   53.00000   35  216   81.00000   42.00000  48.1%   156 1308s
  6741  4030   53.00000   36  212   81.00000   42.00000  48.1%   156 1325s
  7147  4254   53.00000   37  200   81.00000   42.00000  48.1%   156 1356s
  7638  4603   80.00000   56  126   81.00000   42.00000  48.1%   156 1374s
  8374  4673   50.00000   26  224   81.00000   42.00000  48.1%   156 1392s
  8752  4804   75.00000   44  171   81.00000   42.00000  48.1%   156 1410s
  8898  4875   71.00000   44  144   81.00000   42.00000  48.1%   155 1428s
  9003  5018   64.00000   33  181   81.00000   42.00000  48.1%   155 1449s
  9201  5221   65.00000   34  177   81.00000   42.00000  48.1%   155 1470s
  9545  5803   65.00000   35  208   81.00000   42.00000  48.1%   153 1490s
 10326  6170   60.00000   38  176   81.00000   42.00000  48.1%   152 1512s
 10893  6183   61.00000   38  171   81.00000   42.00000  48.1%   151 1533s
 10912  6233   61.00000   39  172   81.00000   42.00000  48.1%   151 1555s
 11007  6354   61.00000   39  164   81.00000   42.00000  48.1%   151 1584s
 11202  6452   73.00000   40  170   81.00000   42.00000  48.1%   150 1614s
 11352  6467   73.00000   40  169   81.00000   42.00000  48.1%   150 1645s
 11369  6661   73.00000   41  166   81.00000   42.00000  48.1%   150 1678s
 11690  7120   67.00000   40  101   81.00000   42.00000  48.1%   149 1707s
 12528  7531   67.00000   41  103   81.00000   43.00000  46.9%   149 1740s
 13263  7834   73.00000   38  187   81.00000   43.00000  46.9%   149 1769s
 13790  8079   73.00000   39  181   81.00000   43.00000  46.9%   149 1797s
 14172  8831     cutoff   59        81.00000   43.00000  46.9%   150 1827s
 15404  9995   80.00000   45  123   81.00000   44.00000  45.7%   149 1855s
 17350 10010   80.00000   52  134   81.00000   44.00000  45.7%   149 1881s
 17369 10021   80.00000   53  116   81.00000   44.00000  45.7%   149 1906s
 17390 10047   80.00000   54  102   81.00000   44.00000  45.7%   149 1930s
 17458 10066   80.00000   55   98   81.00000   44.00000  45.7%   149 1955s
 17481 10076   80.00000   56   95   81.00000   44.00000  45.7%   149 1980s
 17509 10082   80.00000   57   93   81.00000   44.00000  45.7%   149 2007s
 17534 10189   80.00000   58  107   81.00000   44.00000  45.7%   149 2036s
 17693 10199 infeasible   59        81.00000   44.00000  45.7%   149 2070s
 17715 10217   80.00000   60   84   81.00000   44.00000  45.7%   149 2117s
 17740 10226 infeasible   61        81.00000   44.00000  45.7%   149 2150s
 17767 10248   66.00000   42  220   81.00000   44.00000  45.7%   149 2199s
 17793 10531   70.00000   43  211   81.00000   44.00000  45.7%   149 2252s
 18173 10998   80.00000   53  145   81.00000   44.00000  45.7%   148 2287s
 19029 11919 infeasible   46        81.00000   44.00000  45.7%   148 2328s
 20419 13033   78.00000   54  164   81.00000   44.00000  45.7%   147 2387s
 22174 13328     cutoff   64        81.00000   46.00000  43.2%   146 2445s
 22631 15469   80.00000   65   55   81.00000   46.00000  43.2%   146 2507s
 25983 18109 infeasible   58        81.00000   46.00000  43.2%   146 2562s
 30260 18124   80.00000   54  108   81.00000   48.00000  40.7%   146 2635s
 30277 18188   80.00000   55  111   81.00000   48.00000  40.7%   146 2716s
 30398 19089   80.00000   56  112   81.00000   48.00000  40.7%   146 2804s
 31944 21168     cutoff   95        81.00000   48.00000  40.7%   146 2888s
 35651 23860 infeasible   75        81.00000   48.00000  40.7%   144 2965s
 40478 27389   78.00000   60  170   81.00000   48.00000  40.7%   145 3043s
 46965 32484   80.00000   64  133   81.00000   48.00000  40.7%   147 3123s
*56488 27687              91      80.0000000   48.00000  40.0%   149 3124s
H56897 27706                      80.0000000   48.00000  40.0%   149 3188s
 59770 29229   79.00000   66  213   80.00000   48.00000  40.0%   151 3251s
 62780 29233 infeasible   66        80.00000   48.00000  40.0%   152 3316s
 62808 29418 infeasible   66        80.00000   48.00000  40.0%   152 3381s
 63097 29988   78.00000   49  194   80.00000   48.00000  40.0%   152 3450s
 64233 31825   78.00000   50  183   80.00000   48.00000  40.0%   153 3527s
 68090 32900 infeasible   60        80.00000   48.00000  40.0%   152 3588s
 70224 33453 infeasible   63        80.00000   48.00000  40.0%   153 3600s

Cutting planes:
  Learned: 3095
  Gomory: 20
  Lift-and-project: 17
  Cover: 149
  Implied bound: 2
  MIR: 121
  Flow cover: 223
  GUB cover: 34
  Zero half: 11
  RLT: 4
  Relax-and-lift: 61
  BQP: 1
  Lazy constraints: 11

Explored 71267 nodes (10947182 simplex iterations) in 3600.26 seconds (2594.70 work units)
Thread count was 32 (of 32 available processors)

Solution count 10: 80 80 81 ... 86

Time limit reached
Best objective 7.999999999190e+01, best bound 4.800000000000e+01, gap 40.0000%
