
Gurobi 13.0.0 (linux64) logging started Fri Nov 28 04:04:14 2025

Set parameter LogFile to value "./Results/StripPacking-BranchSP/Logs/SBspbL-010-StripPacking-35-0.log"
Set parameter TimeLimit to value 3600
Set parameter Cuts to value 0
Set parameter Presolve to value 1
Set parameter Heuristics to value 0
Set parameter LogToConsole to value 0
Set parameter LPWarmStart to value 2
Gurobi Optimizer version 13.0.0 build v13.0.0rc1 (linux64 - "Debian GNU/Linux 12 (bookworm)")

CPU model: Intel(R) Xeon(R) CPU E5-2630 v3 @ 2.40GHz, instruction set [SSE2|AVX|AVX2]
Thread count: 16 physical cores, 32 logical processors, using up to 32 threads

Non-default parameters:
TimeLimit  3600
LPWarmStart  2
Heuristics  0
Cuts  0
LogToConsole  0
Presolve  1

Optimize a model with 33355 rows, 1261 columns and 102410 nonzeros (Min)
Model fingerprint: 0x73051f44
Model has 1 linear objective coefficients
Variable types: 71 continuous, 1190 integer (1190 binary)
Coefficient statistics:
  Matrix range     [1e+00, 1e+04]
  Objective range  [1e+00, 1e+00]
  Bounds range     [1e+00, 1e+04]
  RHS range        [5e-01, 1e+04]
Using branch priorities.

Warning: Completing partial solution with 1190 unfixed non-continuous variables out of 1190
User MIP start did not produce a new incumbent solution

Presolve removed 1190 rows and 0 columns
Presolve time: 0.19s
Presolved: 32165 rows, 1261 columns, 98840 nonzeros
Variable types: 71 continuous, 1190 integer (1190 binary)
Root relaxation presolved: 17758 rows, 15668 columns, 69397 nonzeros


Root relaxation: objective 4.800000e+01, 5378 iterations, 1.89 seconds (1.54 work units)
Another try with MIP start

    Nodes    |    Current Node    |     Objective Bounds      |     Work
 Expl Unexpl |  Obj  Depth IntInf | Incumbent    BestBd   Gap | It/Node Time

H    0     0                     176.0000000   48.00000  72.7%     -    3s
H    0     0                     166.0000000   48.00000  71.1%     -    3s
H    0     0                     165.0000000   48.00000  70.9%     -    3s
     0     0   48.00000    0  225  165.00000   48.00000  70.9%     -    3s
     0     0   48.00000    0  225  165.00000   48.00000  70.9%     -    3s
     0     0   48.00000    0  176  165.00000   48.00000  70.9%     -    4s
     0     2   48.00000    0  176  165.00000   48.00000  70.9%     -    5s
   140   161   48.00000   10  170  165.00000   48.00000  70.9%   302   10s
   272   360   48.00000   16  373  165.00000   48.00000  70.9%   366   16s
   476   526   59.00000   18  277  165.00000   48.00000  70.9%   376   24s
   543   696   48.00000   20  480  165.00000   48.00000  70.9%   453   28s
   715   989   48.00000   25  463  165.00000   48.00000  70.9%   442   33s
  1027  1531   48.00000   28  459  165.00000   48.00000  70.9%   406   38s
  1595  2220   51.00000   35  373  165.00000   48.00000  70.9%   325   42s
* 1677  2210             152     148.0000000   48.00000  67.6%   313   42s
  2365  2555   59.00000   39  326  148.00000   48.00000  67.6%   252   46s
* 2471  2483             157     146.0000000   48.00000  67.1%   247   46s
* 2620  2467             137     144.0000000   48.00000  66.7%   238   46s
* 3068  2595             128     133.0000000   48.00000  63.9%   228   49s
  3320  2968   83.00000   51  214  133.00000   48.00000  63.9%   220   53s
  3798  3363 infeasible  129       133.00000   48.00000  63.9%   211   56s
* 3810  3260             138     130.0000000   48.00000  63.1%   210   56s
  4351  3402   48.00000   16  361  130.00000   48.00000  63.1%   200   60s
  4740  3404   61.00000   37  375  130.00000   48.00000  63.1%   197   66s
  4757  3433   48.00000   18  159  130.00000   48.00000  63.1%   200   70s
  4789  3483   48.00000   20  275  130.00000   48.00000  63.1%   205   75s
  4937  3604   62.00000   26  178  130.00000   48.00000  63.1%   207   82s
  5004  3679   62.00000   29  176  130.00000   48.00000  63.1%   207   85s
  5176  3885   62.00000   36  223  130.00000   48.00000  63.1%   212   95s
  5365  4012   62.00000   43  173  130.00000   48.00000  63.1%   211  100s
  5555  4128   63.00000   49  190  130.00000   48.00000  63.1%   209  105s
  5734  4322   63.00000   53  247  130.00000   48.00000  63.1%   209  113s
  5988  4766   69.00000   59  187  130.00000   48.00000  63.1%   207  118s
  6517  5092   79.00000   72  154  130.00000   48.00000  63.1%   201  122s
  7021  5497   83.00000   87  208  130.00000   48.00000  63.1%   194  125s
* 8184  5677             172     128.0000000   48.00000  62.5%   175  129s
* 8522  5236             165     123.0000000   48.00000  61.0%   170  129s
* 8570  4907             150     119.0000000   48.00000  59.7%   170  129s
  8596  4811     cutoff  127       119.00000   48.00000  59.7%   169  131s
  9130  5131   60.00000   40  251  119.00000   48.00000  59.7%   166  135s
* 9350  4860             152     118.0000000   48.00000  59.3%   164  135s
 10163  5201  117.00000  116   10  118.00000   48.00000  59.3%   159  141s
*10299  4707             138     115.0000000   48.00000  58.3%   158  141s
 10640  4817   73.00000   50  198  115.00000   48.00000  58.3%   156  146s
 11087  5066  112.00000   84   73  115.00000   48.00000  58.3%   156  151s
*11328  4713             130     114.0000000   48.00000  57.9%   155  151s
 11728  4981   60.00000   49  299  114.00000   48.00000  57.9%   154  156s
 12296  5312   81.00000   63  154  114.00000   48.00000  57.9%   154  161s
*12957  5225             143     112.0000000   48.00000  57.1%   153  164s
 12991  5495  111.00000   95  123  112.00000   48.00000  57.1%   153  167s
 13381  5775   61.00000   44  182  112.00000   48.00000  57.1%   152  170s
 14215  6377     cutoff  128       112.00000   48.00000  57.1%   151  176s
 15144  7104   70.00000   40  180  112.00000   48.00000  57.1%   149  182s
*15400  6827             162     111.0000000   48.00000  56.8%   149  182s
 15679  7005 infeasible   73       111.00000   48.00000  56.8%   149  186s
 15976  7334   72.00000   60  155  111.00000   48.00000  56.8%   149  190s
 16691  8038   73.00000   47  189  111.00000   48.00000  56.8%   149  199s
 17256  8543  107.00000   78  107  111.00000   48.00000  56.8%   149  204s
*17368  8292             131     110.0000000   48.00000  56.4%   149  204s
 17938  8747   57.00000   45  244  110.00000   48.00000  56.4%   149  208s
 18563  9109   76.00000   69  226  110.00000   48.00000  56.4%   148  215s
 19099  9555  108.00000   96   61  110.00000   48.00000  56.4%   149  220s
 19677 10060   66.00000   50  237  110.00000   48.00000  56.4%   150  226s
 20349 10555  106.00000   83  129  110.00000   48.00000  56.4%   149  231s
 21051 11108   65.00000   37  180  110.00000   48.00000  56.4%   149  238s
 21834 11647   83.00000   61  213  110.00000   48.00000  56.4%   149  244s
*22346 11376             122     109.0000000   48.00000  56.0%   149  244s
 22579 11619 infeasible   86       109.00000   48.00000  56.0%   149  250s
 23014 12450   77.00000   49  188  109.00000   48.00000  56.0%   149  258s
 24302 13165  106.00000   85   91  109.00000   48.00000  56.0%   147  264s
 25392 13811   49.00000   28  297  109.00000   48.00000  56.0%   145  270s
 26337 14338   93.00000   60  166  109.00000   48.00000  56.0%   144  276s
 27068 14985   53.00000   63  303  109.00000   48.00000  56.0%   145  283s
 27929 15671   48.00000   37  277  109.00000   48.00000  56.0%   144  289s
*28360 14999             151     108.0000000   48.00000  55.6%   144  289s
 28787 15515 infeasible   87       108.00000   48.00000  55.6%   145  297s
 29555 16206   76.00000   61  168  108.00000   48.00000  55.6%   145  306s
 30387 16829   96.00000   74  151  108.00000   48.00000  55.6%   146  314s
 31302 17257   96.00000   53  161  108.00000   48.00000  55.6%   147  323s
 31916 18089 infeasible   98       108.00000   48.00000  55.6%   147  332s
 33116 18919   59.00000   40  162  108.00000   48.00000  55.6%   147  342s
 34236 19690   64.00000   63  204  108.00000   48.00000  55.6%   147  352s
 35333 20509   53.00000   36  294  108.00000   48.00000  55.6%   147  361s
 36559 21486  106.00000   79   95  108.00000   48.00000  55.6%   147  373s
 37883 22673  107.00000   77   78  108.00000   48.00000  55.6%   147  385s
 39351 23725   88.00000   56  226  108.00000   48.00000  55.6%   147  396s
 40747 24796  103.00000   88  139  108.00000   48.00000  55.6%   147  408s
 42300 25545  104.00000   69  170  108.00000   48.00000  55.6%   147  422s
 43419 27344   88.00000   58  158  108.00000   48.00000  55.6%   147  441s
*45001 25922             141     107.0000000   48.00000  55.1%   146  441s
 45767 27020   72.00000   65  188  107.00000   48.00000  55.1%   147  456s
 47335 28209   74.00000   60  198  107.00000   48.00000  55.1%   148  471s
 49197 29517  106.00000   85   72  107.00000   48.00000  55.1%   147  487s
 50976 30802   60.00000   40  249  107.00000   48.00000  55.1%   147  501s
 52702 32027   83.00000   74  152  107.00000   48.00000  55.1%   147  516s
 54466 32756   82.00000   52  171  107.00000   48.00000  55.1%   147  530s
 55500 34095 infeasible   83       107.00000   48.00000  55.1%   147  543s
*56918 30504             135     104.0000000   48.00000  53.8%   147  543s
 57478 31351   48.00000   41  248  104.00000   48.00000  53.8%   147  556s
 59066 32377   66.00000   58  214  104.00000   48.00000  53.8%   147  569s
 60631 33501   87.00000   71  144  104.00000   48.00000  53.8%   148  582s
 62077 34625   66.00000   61  174  104.00000   48.00000  53.8%   148  596s
 63761 35674  103.00000   96  102  104.00000   48.00000  53.8%   148  613s
 65471 36541 infeasible   78       104.00000   48.00000  53.8%   148  626s
 66868 37907   98.00000   99   73  104.00000   48.00000  53.8%   148  643s
 68705 39119   71.00000   69  159  104.00000   48.00000  53.8%   148  658s
 70368 40415   97.00000   75  100  104.00000   48.00000  53.8%   148  672s
 72192 41473   75.00000   57  149  104.00000   48.00000  53.8%   148  686s
 73755 42499   61.00000   49  244  104.00000   48.00000  53.8%   148  699s
 75211 43508   71.00000   54  197  104.00000   48.00000  53.8%   149  714s
 76696 44652     cutoff  109       104.00000   48.00000  53.8%   149  728s
 78320 45600   84.00000   87  146  104.00000   48.00000  53.8%   149  742s
 79648 46713   80.00000   73  211  104.00000   48.00000  53.8%   149  755s
 81313 47847   99.00000   99   61  104.00000   48.00000  53.8%   149  768s
 83013 49111   56.00000   53  213  104.00000   48.00000  53.8%   149  782s
*84221 46809             122     103.0000000   48.00000  53.4%   149  782s
 84708 47772   59.00000   38  221  103.00000   48.00000  53.4%   149  796s
 86317 48782   69.00000   59  208  103.00000   48.00000  53.4%   149  810s
 87868 49857   98.00000  101   70  103.00000   48.00000  53.4%   150  824s
 89532 50910   62.00000   44  267  103.00000   48.00000  53.4%   150  840s
 91161 52068 infeasible   92       103.00000   48.00000  53.4%   150  856s
 92813 52929   66.00000   64  257  103.00000   48.00000  53.4%   150  873s
 94318 53914   64.00000   60  193  103.00000   48.00000  53.4%   151  889s
 95796 54979  102.00000   95  123  103.00000   48.00000  53.4%   151  904s
 97513 56126  102.00000   88  108  103.00000   48.00000  53.4%   151  919s
 99281 56968     cutoff   67       103.00000   48.00000  53.4%   151  933s
 100733 57991   94.00000   86  127  103.00000   48.00000  53.4%   152  947s
 102121 59199   70.00000   73  237  103.00000   48.00000  53.4%   152  962s
 103768 60335  102.00000   98   82  103.00000   48.00000  53.4%   153  976s
 105609 61256   48.00000   29  302  103.00000   48.00000  53.4%   153  991s
 107085 62572 infeasible   81       103.00000   48.00000  53.4%   153 1010s
 108770 63949   93.00000   65  108  103.00000   48.00000  53.4%   153 1027s
*109642 61403             166     102.0000000   48.00000  52.9%   153 1027s
 110860 62224     cutoff   89       102.00000   48.00000  52.9%   153 1040s
 112480 63269   87.00000   47  226  102.00000   48.00000  52.9%   153 1054s
 113895 64380 infeasible   80       102.00000   48.00000  52.9%   154 1068s
 115587 65506   90.00000   80  148  102.00000   48.00000  52.9%   154 1083s
 117123 66559   56.00000   49  285  102.00000   48.00000  52.9%   154 1097s
 118672 67719 infeasible   90       102.00000   48.00000  52.9%   154 1111s
 120301 68942   76.00000   67  203  102.00000   48.00000  52.9%   154 1125s
 121995 69939  100.00000   87   45  102.00000   48.00000  52.9%   154 1139s
 123601 71146   81.00000   61  139  102.00000   48.00000  52.9%   154 1155s
 125237 72293   75.00000   74  154  102.00000   48.00000  52.9%   154 1171s
 126776 73520   53.00000   45  304  102.00000   48.00000  52.9%   154 1186s
 128437 74548   86.00000   88  235  102.00000   48.00000  52.9%   155 1200s
 130118 75530   95.00000   71  169  102.00000   48.00000  52.9%   155 1213s
 131812 76551   88.00000   73  109  102.00000   48.00000  52.9%   155 1226s
 133354 77537 infeasible  109       102.00000   48.00000  52.9%   155 1240s
 134773 78444   61.00000   55  343  102.00000   48.00000  52.9%   155 1256s
 136121 79553   66.00000   57  305  102.00000   48.00000  52.9%   155 1270s
 137749 80729   61.00000   55  267  102.00000   48.00000  52.9%   155 1284s
 139263 81923  101.00000   84   81  102.00000   48.00000  52.9%   156 1299s
 141053 83097   60.00000   56  204  102.00000   48.00000  52.9%   156 1315s
 142784 84127   83.00000   86  177  102.00000   48.00000  52.9%   156 1329s
 144294 85322   67.00000   68  191  102.00000   48.00000  52.9%   156 1343s
 146054 86500 infeasible   91       102.00000   48.00000  52.9%   156 1361s
 147649 87745   78.00000   67  226  102.00000   48.00000  52.9%   156 1376s
 149374 88732   99.00000   90  124  102.00000   48.00000  52.9%   156 1390s
 150967 89789 infeasible   91       102.00000   48.00000  52.9%   156 1405s
 152406 90854 infeasible   97       102.00000   48.00000  52.9%   156 1419s
 153936 91932     cutoff   89       102.00000   48.00000  52.9%   156 1434s
 155346 93150   57.00000   66  246  102.00000   48.00000  52.9%   157 1451s
 156931 94200     cutoff   78       102.00000   48.00000  52.9%   157 1467s
 158671 95169   48.00000   40  255  102.00000   48.00000  52.9%   157 1482s
 160181 96135  101.00000   77   65  102.00000   48.00000  52.9%   157 1497s
 161799 97314   48.00000   63  318  102.00000   48.00000  52.9%   157 1512s
 163542 98385   66.00000   62  242  102.00000   48.00000  52.9%   157 1526s
 165147 99407  101.00000   91   99  102.00000   48.00000  52.9%   157 1540s
 166725 100627   67.00000   76  198  102.00000   48.00000  52.9%   157 1555s
 168515 101781     cutoff   97       102.00000   48.00000  52.9%   157 1570s
 170146 102796   81.00000   65  210  102.00000   48.00000  52.9%   157 1584s
 171690 103930 infeasible   86       102.00000   48.00000  52.9%   157 1599s
 173319 104941 infeasible   96       102.00000   48.00000  52.9%   157 1614s
 174980 105915   48.00000   46  340  102.00000   48.00000  52.9%   158 1629s
 176492 107018  101.00000   91  126  102.00000   48.00000  52.9%   158 1644s
 178077 108072   82.00000   90  182  102.00000   48.00000  52.9%   158 1660s
 179682 109295  101.00000   77   70  102.00000   48.00000  52.9%   158 1674s
 181451 110445   98.00000  103   84  102.00000   48.00000  52.9%   158 1689s
 183042 111708   76.00000   46  204  102.00000   48.00000  52.9%   158 1706s
 184754 112874   98.00000   67  190  102.00000   48.00000  52.9%   158 1720s
 186384 113933   93.00000   70  229  102.00000   48.00000  52.9%   158 1737s
 187933 114964     cutoff   78       102.00000   48.00000  52.9%   158 1752s
 189509 116015  101.00000  103   61  102.00000   48.00000  52.9%   158 1767s
 191247 117097   51.00000   55  312  102.00000   48.00000  52.9%   158 1781s
 192925 118100   99.00000  113   66  102.00000   48.00000  52.9%   158 1793s
 194322 119177   99.00000  101   69  102.00000   48.00000  52.9%   158 1807s
 195985 120226   87.00000   63  216  102.00000   48.00000  52.9%   158 1821s
 197518 121384   48.00000   42  242  102.00000   48.00000  52.9%   158 1835s
 199166 122451   48.00000   44  284  102.00000   48.00000  52.9%   158 1851s
 200645 123476   57.00000   45  260  102.00000   48.00000  52.9%   159 1868s
 202190 124645   91.00000   72  228  102.00000   48.00000  52.9%   159 1883s
 203799 125671   93.00000   69  185  102.00000   48.00000  52.9%   159 1897s
 205362 126725   70.00000   33  236  102.00000   48.00000  52.9%   159 1912s
 206917 127692   86.00000   69  136  102.00000   48.00000  52.9%   159 1927s
 208290 128752   85.00000   68  210  102.00000   48.00000  52.9%   159 1942s
 209918 129739 infeasible   82       102.00000   48.00000  52.9%   159 1957s
 211410 131060   86.00000   88  164  102.00000   48.00000  52.9%   159 1972s
 213368 132068   58.00000   62  225  102.00000   48.00000  52.9%   159 1986s
 214869 133163   94.00000   60  262  102.00000   48.00000  52.9%   159 2001s
 216460 134402   72.00000   55  215  102.00000   48.00000  52.9%   159 2016s
 218203 135375   98.00000   88  128  102.00000   48.00000  52.9%   159 2030s
 219730 136394 infeasible   90       102.00000   48.00000  52.9%   159 2044s
 221374 137426     cutoff   84       102.00000   48.00000  52.9%   159 2059s
*222854 129738             141     101.0000000   48.00000  52.5%   159 2059s
 222965 130732   48.00000   68  269  101.00000   48.00000  52.5%   159 2074s
 224426 131754   70.00000   67  205  101.00000   48.00000  52.5%   159 2088s
 225898 132711     cutoff   99       101.00000   48.00000  52.5%   160 2103s
 227403 133630  100.00000  126   51  101.00000   48.00000  52.5%   160 2117s
 228924 134644   96.00000   84   85  101.00000   48.00000  52.5%   160 2132s
 230638 135631 infeasible  109       101.00000   48.00000  52.5%   160 2147s
 232298 136533   96.00000   72  220  101.00000   48.00000  52.5%   160 2161s
 233819 137624   56.00000   60  237  101.00000   48.00000  52.5%   160 2176s
 235494 138580   84.00000   73  195  101.00000   48.00000  52.5%   160 2193s
 237278 139740   68.00000   67  258  101.00000   48.00000  52.5%   160 2208s
 239006 140732   88.00000   76  122  101.00000   48.00000  52.5%   160 2222s
 240449 141727     cutoff   81       101.00000   48.00000  52.5%   160 2237s
 242002 142679   96.00000  100   97  101.00000   48.00000  52.5%   160 2251s
 243480 143614   54.00000   52  261  101.00000   48.00000  52.5%   160 2267s
 244816 144581   78.00000   77  170  101.00000   48.00000  52.5%   160 2283s
 246428 145599   97.00000   96  129  101.00000   48.00000  52.5%   160 2300s
 247970 146734   48.00000   47  332  101.00000   48.00000  52.5%   161 2316s
 249671 147935   85.00000   75  157  101.00000   48.00000  52.5%   161 2333s
 251396 149041   87.00000   91  187  101.00000   48.00000  52.5%   161 2349s
 252897 150243 infeasible  111       101.00000   48.00000  52.5%   161 2366s
 254508 151410 infeasible   84       101.00000   48.00000  52.5%   161 2382s
 256244 152535   57.00000   54  277  101.00000   48.00000  52.5%   161 2397s
 257894 153586   64.00000   55  235  101.00000   48.00000  52.5%   161 2413s
 259543 154788   87.00000   65  232  101.00000   48.00000  52.5%   161 2428s
 261277 155791   64.00000   49  199  101.00000   48.00000  52.5%   161 2445s
 262801 156891   93.00000   65  139  101.00000   48.00000  52.5%   161 2462s
 264545 157887   85.00000   77  183  101.00000   48.00000  52.5%   161 2477s
 266110 159032   57.00000   54  272  101.00000   48.00000  52.5%   161 2493s
 267729 159954   66.00000   59  250  101.00000   48.00000  52.5%   161 2508s
 269124 161162   48.00000   43  371  101.00000   48.00000  52.5%   161 2525s
 270854 162053  100.00000  105   98  101.00000   48.00000  52.5%   162 2540s
 272306 163293   84.00000   75  114  101.00000   48.00000  52.5%   162 2554s
 273994 164270   66.00000   66  168  101.00000   48.00000  52.5%   162 2568s
 275557 165149   76.00000   61  220  101.00000   48.00000  52.5%   162 2583s
 277052 166199  100.00000   81  118  101.00000   48.00000  52.5%   162 2598s
 278657 167241   79.00000   58  179  101.00000   48.00000  52.5%   162 2613s
 280197 168248   99.00000   92   96  101.00000   48.00000  52.5%   162 2629s
 281703 169267   98.00000  112   76  101.00000   48.00000  52.5%   162 2646s
 283245 170252   91.00000   63  216  101.00000   48.00000  52.5%   162 2662s
 284903 171178   99.00000   98   51  101.00000   48.00000  52.5%   162 2676s
 286489 172181   98.00000   98  217  101.00000   48.00000  52.5%   162 2691s
 288095 173250     cutoff   66       101.00000   48.00000  52.5%   162 2706s
 289692 174269   76.00000   49  239  101.00000   48.00000  52.5%   162 2723s
 291102 175476 infeasible   97       101.00000   48.00000  52.5%   162 2742s
 292762 176658   84.00000   68  155  101.00000   48.00000  52.5%   163 2757s
 294437 177556   57.00000   54  295  101.00000   48.00000  52.5%   163 2771s
 295843 178417   79.00000   52  339  101.00000   48.00000  52.5%   163 2786s
 297333 179581   71.00000   65  260  101.00000   48.00000  52.5%   163 2801s
 299117 180765   98.00000   87  104  101.00000   48.00000  52.5%   163 2817s
 300823 181766 infeasible   75       101.00000   48.00000  52.5%   163 2832s
 302351 182813 infeasible  109       101.00000   48.00000  52.5%   163 2848s
 304033 183819   93.00000   86  129  101.00000   48.00000  52.5%   163 2864s
 305670 184848   51.00000   55  343  101.00000   48.00000  52.5%   163 2883s
 307160 186045   56.00000   46  256  101.00000   48.00000  52.5%   163 2901s
 308799 187001   92.00000   63   90  101.00000   48.00000  52.5%   163 2918s
 310391 187995   56.00000   64  261  101.00000   48.00000  52.5%   163 2934s
 311970 189139  100.00000   96   77  101.00000   48.00000  52.5%   163 2950s
 313582 190141  100.00000  115   37  101.00000   48.00000  52.5%   163 2965s
 315070 191296   97.00000   81  130  101.00000   48.00000  52.5%   163 2982s
 316629 192503   95.00000   77  159  101.00000   48.00000  52.5%   164 2999s
 318587 193376   48.00000   49  247  101.00000   48.00000  52.5%   164 3013s
 319944 194414   91.00000   72  194  101.00000   48.00000  52.5%   164 3029s
 321388 195468   69.00000   57  240  101.00000   48.00000  52.5%   164 3044s
 323029 196579  100.00000  104   55  101.00000   48.00000  52.5%   164 3059s
 324773 197707 infeasible   92       101.00000   48.00000  52.5%   164 3075s
 326523 198762   76.00000   89  165  101.00000   48.00000  52.5%   164 3092s
 328259 199802 infeasible   79       101.00000   48.00000  52.5%   164 3109s
 329835 200945   71.00000  105  246  101.00000   48.00000  52.5%   164 3126s
 331617 202008   93.00000   83  192  101.00000   48.00000  52.5%   164 3143s
 333220 203243   48.00000   42  252  101.00000   48.00000  52.5%   164 3158s
 335039 204494   64.00000   58  237  101.00000   48.00000  52.5%   164 3174s
 336825 205298   72.00000   71  257  101.00000   48.00000  52.5%   164 3190s
 338258 206306   68.00000   56  316  101.00000   48.00000  52.5%   164 3206s
 339751 207287   48.00000   59  299  101.00000   48.00000  52.5%   164 3221s
 341195 208126   87.00000   95  188  101.00000   48.00000  52.5%   164 3238s
 342631 209120   99.00000  108   63  101.00000   48.00000  52.5%   164 3254s
 344074 210231   80.00000   80  182  101.00000   48.00000  52.5%   164 3271s
 345730 211133   90.00000   72  237  101.00000   48.00000  52.5%   165 3287s
 347257 212208  100.00000   98   87  101.00000   48.00000  52.5%   165 3305s
 348909 213324   89.00000   54  134  101.00000   48.00000  52.5%   165 3324s
 350499 214450   78.00000   61  173  101.00000   48.00000  52.5%   165 3340s
 352227 215560  100.00000  111   87  101.00000   48.00000  52.5%   165 3356s
 353955 216559   59.00000   55  205  101.00000   48.00000  52.5%   165 3372s
 355508 217495   77.00000   78  168  101.00000   48.00000  52.5%   165 3386s
 357065 218678     cutoff   99       101.00000   48.00000  52.5%   165 3402s
 358755 219654   97.00000   87  109  101.00000   48.00000  52.5%   165 3419s
 360135 220629   89.00000   66  223  101.00000   48.00000  52.5%   165 3436s
 361650 221701   59.00000   47  319  101.00000   48.00000  52.5%   165 3452s
 363278 222741   48.00000   51  377  101.00000   48.00000  52.5%   165 3469s
 364886 223721   53.00000   53  290  101.00000   48.00000  52.5%   165 3486s
 366404 224915   48.00000   52  270  101.00000   48.00000  52.5%   166 3504s
 368149 226085   48.00000   57  320  101.00000   48.00000  52.5%   166 3519s
 369792 227250   58.00000   58  281  101.00000   48.00000  52.5%   166 3535s
 371429 228314   59.00000   47  198  101.00000   48.00000  52.5%   166 3551s
 373146 229375   80.00000   80  216  101.00000   48.00000  52.5%   166 3567s
 374770 230458   56.00000   60  272  101.00000   48.00000  52.5%   166 3585s
 376309 231465   92.00000   71  148  101.00000   48.00000  52.5%   166 3600s

Explored 377987 nodes (62727670 simplex iterations) in 3600.07 seconds (2310.23 work units)
Thread count was 32 (of 32 available processors)

Solution count 10: 101 102 103 ... 112

Time limit reached
Best objective 1.010000000000e+02, best bound 4.800000000000e+01, gap 52.4752%
