
Gurobi 13.0.0 (linux64) logging started Fri Nov 28 07:04:22 2025

Set parameter LogFile to value "./Results/StripPacking-BranchSP/Logs/SBspbL-111-StripPacking-50-0.log"
Set parameter TimeLimit to value 3600
Set parameter Cuts to value 1
Set parameter Presolve to value 1
Set parameter Heuristics to value 1
Set parameter LogToConsole to value 0
Set parameter LPWarmStart to value 2
Gurobi Optimizer version 13.0.0 build v13.0.0rc1 (linux64 - "Debian GNU/Linux 12 (bookworm)")

CPU model: Intel(R) Xeon(R) CPU E5-2630 v3 @ 2.40GHz, instruction set [SSE2|AVX|AVX2]
Thread count: 16 physical cores, 32 logical processors, using up to 32 threads

Non-default parameters:
TimeLimit  3600
LPWarmStart  2
Heuristics  1
Cuts  1
LogToConsole  0
Presolve  1

Optimize a model with 93150 rows, 2551 columns and 284300 nonzeros (Min)
Model fingerprint: 0x7a2faafd
Model has 1 linear objective coefficients
Variable types: 101 continuous, 2450 integer (2450 binary)
Coefficient statistics:
  Matrix range     [1e+00, 1e+04]
  Objective range  [1e+00, 1e+00]
  Bounds range     [1e+00, 1e+04]
  RHS range        [5e-01, 1e+04]
Using branch priorities.

Warning: Completing partial solution with 2450 unfixed non-continuous variables out of 2450
User MIP start did not produce a new incumbent solution

Presolve removed 2450 rows and 0 columns
Presolve time: 0.81s
Presolved: 90700 rows, 2551 columns, 276950 nonzeros
Variable types: 101 continuous, 2450 integer (2450 binary)
Found heuristic solution: objective 795.0000000
Found heuristic solution: objective 793.0000000
Found heuristic solution: objective 782.0000000
Root relaxation presolved: 2551 rows, 93251 columns, 279501 nonzeros


Root simplex log...

Iteration    Objective       Primal Inf.    Dual Inf.      Time
    8043    3.5601735e+01   0.000000e+00   1.644762e+05      5s
   24423    3.5848455e+01   0.000000e+00   4.449833e+04     10s
   48783    3.5959865e+01   0.000000e+00   2.436140e+04     15s
   68285    3.5000000e+01   0.000000e+00   0.000000e+00     19s
   68285    3.5000000e+01   0.000000e+00   0.000000e+00     19s
   68285    3.5000000e+01   0.000000e+00   0.000000e+00     19s

Root relaxation: objective 3.500000e+01, 68285 iterations, 15.81 seconds (10.17 work units)
Another try with MIP start

    Nodes    |    Current Node    |     Objective Bounds      |     Work
 Expl Unexpl |  Obj  Depth IntInf | Incumbent    BestBd   Gap | It/Node Time

H    0     0                     278.0000000   35.00000  87.4%     -   95s
H    0     0                     272.0000000   35.00000  87.1%     -   95s
H    0     0                     271.0000000   35.00000  87.1%     -   96s
H    0     0                     262.0000000   35.00000  86.6%     -   98s
H    0     0                     257.0000000   35.00000  86.4%     -   98s
H    0     0                     255.0000000   35.00000  86.3%     -   98s
H    0     0                     252.0000000   35.00000  86.1%     -  101s
H    0     0                     250.0000000   35.00000  86.0%     -  101s
H    0     0                     248.0000000   35.00000  85.9%     -  101s
H    0     0                     244.0000000   35.00000  85.7%     -  102s
H    0     0                     232.0000000   35.00000  84.9%     -  103s
H    0     0                     228.0000000   35.00000  84.6%     -  104s
H    0     0                     215.0000000   35.00000  83.7%     -  105s
H    0     0                     213.0000000   35.00000  83.6%     -  109s
H    0     0                     211.0000000   35.00000  83.4%     -  109s
     0     0   35.00000    0 1307  211.00000   35.00000  83.4%     -  112s
H    0     0                     210.0000000   35.00000  83.3%     -  413s
H    0     0                     205.0000000   35.00000  82.9%     -  413s
H    0     0                     203.0000000   35.00000  82.8%     -  413s
H    0     0                     195.0000000   35.00000  82.1%     -  413s
H    0     0                     194.0000000   35.00000  82.0%     -  413s
H    0     0                     193.0000000   35.00000  81.9%     -  413s
H    0     0                     192.0000000   35.00000  81.8%     -  413s
H    0     0                     189.0000000   35.00000  81.5%     -  413s
H    0     0                     185.0000000   35.00000  81.1%     -  413s
H    0     0                     185.0000000   35.00000  81.1%     -  413s
H    0     0                     180.0000000   35.00000  80.6%     -  413s
     0     0   35.00000    0 1523  180.00000   35.00000  80.6%     -  439s
H    0     0                     179.0000000   35.00000  80.4%     -  631s
H    0     0                     178.0000000   35.00000  80.3%     -  631s
H    0     0                     177.0000000   35.00000  80.2%     -  631s
     0     0   35.00000    0 1390  177.00000   35.00000  80.2%     -  631s
H    0     0                     176.0000000   35.00000  80.1%     -  817s
H    0     0                     176.0000000   35.00000  80.1%     -  817s
H    0     0                     173.0000000   35.00000  79.8%     -  817s
     0     0   35.00000    0 1384  173.00000   35.00000  79.8%     -  817s
     0     0   35.00000    0 1346  173.00000   35.00000  79.8%     -  991s
H    0     0                     173.0000000   35.00000  79.8%     - 1174s
H    0     0                     172.0000000   35.00000  79.7%     - 1174s
H    0     0                     172.0000000   35.00000  79.7%     - 1174s
     0     0   35.00000    0 1410  172.00000   35.00000  79.7%     - 1174s
     0     0   35.00000    0 1341  172.00000   35.00000  79.7%     - 1324s
     0     0   35.00000    0 1341  172.00000   35.00000  79.7%     - 1438s
     0     0   35.00000    0 1291  172.00000   35.00000  79.7%     - 1504s
     0     0   35.00000    0 1313  172.00000   35.00000  79.7%     - 1599s
     0     0   35.00000    0 1279  172.00000   35.00000  79.7%     - 1670s
     0     0   35.00000    0 1318  172.00000   35.00000  79.7%     - 1778s
     0     0   35.00000    0 1318  172.00000   35.00000  79.7%     - 1778s
     0     0   35.00000    0 1294  172.00000   35.00000  79.7%     - 1867s
H    0     0                     170.0000000   35.00000  79.4%     - 1961s
H    0     0                     168.0000000   35.00000  79.2%     - 1961s
H    0     0                     167.0000000   35.00000  79.0%     - 1961s
H    0     0                     167.0000000   35.00000  79.0%     - 1961s
     0     0   35.00000    0 1291  167.00000   35.00000  79.0%     - 1961s
     0     0   35.00000    0 1291  167.00000   35.00000  79.0%     - 1962s
     0     2   35.00000    0 1291  167.00000   35.00000  79.0%     - 2148s
     1     4   35.00000    1 1124  167.00000   35.00000  79.0% 30953 2345s
     3     8   35.00000    2 1427  167.00000   35.00000  79.0% 41443 2866s
     7    16   35.00000    3 1379  167.00000   35.00000  79.0% 40848 3600s

Cutting planes:
  Learned: 1120
  Gomory: 1
  Cover: 418
  MIR: 1156
  StrongCG: 2
  Zero half: 1
  RLT: 77
  Relax-and-lift: 1

Explored 15 nodes (1216664 simplex iterations) in 3600.14 seconds (3331.88 work units)
Thread count was 32 (of 32 available processors)

Solution count 10: 167 167 168 ... 176

Time limit reached
Best objective 1.669999999832e+02, best bound 3.500000000000e+01, gap 79.0419%
