
Gurobi 13.0.0 (linux64) logging started Wed Dec 10 10:02:17 2025

Set parameter LogFile to value "./Results/StripPacking-SPFix/Logs/SBspbL-111-StripPacking-20-0.log"
Set parameter TimeLimit to value 3600
Set parameter Cuts to value 1
Set parameter Presolve to value 1
Set parameter Heuristics to value 1
Set parameter LogToConsole to value 0
Set parameter LPWarmStart to value 2
Warning: linear constraint 25 and linear constraint 27 have the same name "LB[0]"
Warning: linear constraint 25 and linear constraint 27 have the same name "LB[0]"
Warning: default constraint names used to write mps file
Gurobi Optimizer version 13.0.0 build v13.0.0rc1 (linux64 - "Debian GNU/Linux 13 (trixie)")

CPU model: Intel(R) Xeon(R) CPU E5-2630 v3 @ 2.40GHz, instruction set [SSE2|AVX|AVX2]
Thread count: 16 physical cores, 32 logical processors, using up to 32 threads

Non-default parameters:
TimeLimit  3600
LPWarmStart  2
Heuristics  1
Cuts  1
LogToConsole  0
Presolve  1

Optimize a model with 12825 rows, 651 columns and 39650 nonzeros (Min)
Model fingerprint: 0x6a25ebdc
Model has 1 linear objective coefficients
Variable types: 51 continuous, 600 integer (600 binary)
Coefficient statistics:
  Matrix range     [1e+00, 1e+04]
  Objective range  [1e+00, 1e+00]
  Bounds range     [1e+00, 1e+04]
  RHS range        [5e-01, 1e+04]
Using branch priorities.

Warning: Completing partial solution with 600 unfixed non-continuous variables out of 600
User MIP start produced solution with objective 104.8 (0.03s)
User MIP start produced solution with objective 104.8 (0.03s)
Loaded user MIP start with objective 104.8

Presolve removed 600 rows and 0 columns
Presolve time: 0.04s
Presolved: 12225 rows, 651 columns, 37850 nonzeros
Variable types: 51 continuous, 600 integer (600 binary)

Root relaxation: objective 3.600000e+01, 894 iterations, 0.07 seconds (0.07 work units)

    Nodes    |    Current Node    |     Objective Bounds      |     Work
 Expl Unexpl |  Obj  Depth IntInf | Incumbent    BestBd   Gap | It/Node Time

     0     0   36.00000    0  106  104.80000   36.00000  65.6%     -    0s
H    0     0                     103.0000000   36.00000  65.0%     -    0s
H    0     0                     101.0000000   36.00000  64.4%     -    0s
H    0     0                      99.0000000   36.00000  63.6%     -    0s
     0     0   36.00000    0  166   99.00000   36.00000  63.6%     -    0s
H    0     0                      98.0000000   36.00000  63.3%     -    0s
     0     0   36.00000    0  182   98.00000   36.00000  63.3%     -    0s
     0     0   36.00000    0  186   98.00000   36.00000  63.3%     -    1s
     0     0   36.00000    0   74   98.00000   36.00000  63.3%     -    1s
H    0     0                      97.0000000   36.00000  62.9%     -    2s
H    0     0                      94.0000000   36.00000  61.7%     -    2s
     0     0   36.00000    0  105   94.00000   36.00000  61.7%     -    2s
     0     0   36.00000    0  102   94.00000   36.00000  61.7%     -    2s
     0     0   36.00000    0   77   94.00000   36.00000  61.7%     -    2s
     0     0   36.00000    0  119   94.00000   36.00000  61.7%     -    3s
H    0     0                      91.0000000   36.00000  60.4%     -    3s
     0     0   36.00000    0  141   91.00000   36.00000  60.4%     -    3s
     0     0   36.00000    0  100   91.00000   36.00000  60.4%     -    3s
     0     0   36.00000    0  113   91.00000   36.00000  60.4%     -    3s
H    0     0                      88.0000000   36.00000  59.1%     -    3s
H    0     0                      87.0000000   36.00000  58.6%     -    3s
     0     0   36.00000    0  139   87.00000   36.00000  58.6%     -    3s
     0     0   36.00000    0   85   87.00000   36.00000  58.6%     -    4s
     0     0   36.00000    0  104   87.00000   36.00000  58.6%     -    4s
H    0     0                      86.0000000   36.00000  58.1%     -    4s
     0     0   36.00000    0  138   86.00000   36.00000  58.1%     -    4s
     0     0   36.00000    0  127   86.00000   36.00000  58.1%     -    4s
H    0     0                      85.0000000   36.00000  57.6%     -    4s
     0     0   36.00000    0  140   85.00000   36.00000  57.6%     -    4s
     0     0   36.00000    0  158   85.00000   36.00000  57.6%     -    4s
     0     0   36.00000    0   93   85.00000   36.00000  57.6%     -    5s
     0     0   36.00000    0   93   85.00000   36.00000  57.6%     -    5s
     0     0   36.00000    0   93   85.00000   36.00000  57.6%     -    5s
     0     2   36.00000    0   76   85.00000   36.00000  57.6%     -    6s
H   23    32                      85.0000000   36.00000  57.6%   396    7s
   132   149   54.00000   10   96   85.00000   36.00000  57.6%   258   10s
   296   317   48.00000   18   66   85.00000   36.00000  57.6%   151   15s
   616   620   65.00000   30   57   85.00000   36.00000  57.6%  97.9   20s
   881   833   65.00000   44   69   85.00000   36.00000  57.6%  78.8   25s
  1036   965   72.00000   48   48   85.00000   36.00000  57.6%  73.2   32s
  1098  1053   72.00000   51   47   85.00000   36.00000  57.6%  71.5   35s
H 1262  1132                      84.0000000   36.00000  57.1%  67.6   40s
H 1436  1256                      84.0000000   36.00000  57.1%  66.1   42s
  1585  1366   66.00000   22   63   84.00000   36.00000  57.1%  62.7   45s
  1762  1492   83.00000   40   45   84.00000   36.00000  57.1%  60.3   50s
  1947  1667   83.00000   43   46   84.00000   36.00000  57.1%  57.5   56s
  2131  1775   83.00000   45   63   84.00000   36.00000  57.1%  56.9   61s
  2213  1827   83.00000   47   48   84.00000   36.00000  57.1%  56.3   66s
  2329  1985 infeasible   70        84.00000   36.00000  57.1%  55.8   70s
  2458  1989   83.00000   52   82   84.00000   36.00000  57.1%  54.6   75s
  2466  1995   66.00000   35   77   84.00000   36.00000  57.1%  54.5   80s
  2474  2000   65.00000   23   93   84.00000   36.00000  57.1%  54.3   85s
H 2641  2036                      83.0000000   36.00000  56.6%  79.7   88s
  2746  2094   64.00000   27  100   83.00000   36.00000  56.6%  79.5   90s
  2907  2200   66.00000   32   66   83.00000   36.00000  56.6%  78.3   95s
H 2940  2126                      83.0000000   36.00000  56.6%  78.0   96s
  3068  2210   64.00000   37   54   83.00000   36.00000  56.6%  76.9  100s
  3190  2295   64.00000   41   53   83.00000   36.00000  56.6%  76.0  106s
  3324  2403   64.00000   43   40   83.00000   36.00000  56.6%  75.0  110s
  3505  2482   64.00000   55   51   83.00000   36.00000  56.6%  73.0  115s
  3651  2569   78.00000   58   30   83.00000   36.00000  56.6%  71.5  120s
  3928  2738   78.00000   66   35   83.00000   36.00000  56.6%  69.5  125s
H 4001  2564                      82.0000000   36.00000  56.1%  69.2  128s
  4179  2630   78.00000   68   35   82.00000   36.00000  56.1%  69.3  130s
H 4222  2472                      81.0000000   36.00000  55.6%  69.3  130s
  4455  2504   48.00000   27   75   81.00000   36.00000  55.6%  69.5  135s
H 4481  2316                      80.0000000   36.00000  55.0%  69.3  135s
H 4654  2338                      80.0000000   36.00000  55.0%  69.4  139s
  4668  2396   68.00000   33   42   80.00000   36.00000  55.0%  69.4  140s
H 4725  2201                      79.0000000   36.00000  54.4%  69.2  140s
  5046  2386   78.00000   53   33   79.00000   36.00000  54.4%  68.2  145s
H 5128  2329                      79.0000000   36.00000  54.4%  68.1  148s
  5137  2362   78.00000   56   39   79.00000   36.00000  54.4%  68.1  150s
  5229  2395   78.00000   56   35   79.00000   36.00000  54.4%  67.9  157s
  5352  2514   78.00000   57   28   79.00000   36.00000  54.4%  67.7  161s
  5466  2594   78.00000   56   25   79.00000   36.00000  54.4%  67.5  165s
  6022  2694   68.00000   42   70   79.00000   36.00000  54.4%  66.7  171s
  6293  2852   68.00000   44   45   79.00000   42.00000  46.8%  66.8  175s
  6374  2955   68.00000   46   44   79.00000   42.00000  46.8%  66.7  180s
  6563  2954   73.00000   48   35   79.00000   42.00000  46.8%  66.7  185s
  6780  3137   73.00000   50   44   79.00000   42.00000  46.8%  66.5  192s
  6850  3291   73.00000   51   47   79.00000   42.00000  46.8%  66.3  195s
  7100  3643   73.00000   53   34   79.00000   42.00000  46.8%  65.8  201s
  7598  3827   73.00000   55   27   79.00000   42.00000  46.8%  65.5  206s
  7928  3918   73.00000   57   26   79.00000   42.00000  46.8%  65.0  211s
  8234  4138   58.00000   40   63   79.00000   42.00000  46.8%  64.7  215s
  8235  4150   73.00000   59   26   79.00000   42.00000  46.8%  64.7  220s
  8255  4397   75.00000   60   27   79.00000   42.00000  46.8%  64.7  226s
  8574  4534   75.00000   61   37   79.00000   42.00000  46.8%  64.4  230s
  9367  5132 infeasible   63        79.00000   42.00000  46.8%  63.3  236s
  9596  5666   75.00000   63   42   79.00000   42.00000  46.8%  63.0  242s
 10376  5731   75.00000   64   40   79.00000   42.00000  46.8%  62.2  246s
 11318  6433   75.00000   66   44   79.00000   42.00000  46.8%  61.4  253s
 11471  6440 infeasible   67        79.00000   42.00000  46.8%  61.2  256s
 11496  6667   75.00000   67   24   79.00000   42.00000  46.8%  61.3  260s
 11768  6824   75.00000   68   29   79.00000   42.00000  46.8%  61.0  265s
 12277  7258 infeasible   70        79.00000   42.00000  46.8%  60.7  273s
 12650  7455 infeasible   71        79.00000   43.00000  45.6%  60.6  279s
 12915  7816   58.00000   33   88   79.00000   43.00000  45.6%  60.7  283s
 13429  8121   58.00000   34   92   79.00000   43.00000  45.6%  60.4  288s
 13894  8624   58.00000   35   96   79.00000   43.00000  45.6%  59.9  293s
 14710  8925   58.00000   35   66   79.00000   43.00000  45.6%  59.5  298s
 15107 10204   58.00000   36   67   79.00000   43.00000  45.6%  59.1  303s
 16841 11106   58.00000   37   68   79.00000   46.00000  41.8%  57.9  308s
 18223 11776   64.00000   54   48   79.00000   48.00000  39.2%  57.1  313s
 19167 11869   64.00000   55   47   79.00000   48.00000  39.2%  56.7  318s
 19287 11884   73.00000   66   49   79.00000   48.00000  39.2%  56.6  323s
 19304 11914   73.00000   64   38   79.00000   48.00000  39.2%  56.6  328s
 19362 11929   76.00000   66   48   79.00000   48.00000  39.2%  56.6  334s
 19379 11945   73.00000   65   33   79.00000   48.00000  39.2%  56.6  339s
 19395 11974   77.00000   66   30   79.00000   48.00000  39.2%  56.6  344s
 19446 12041   73.00000   65   39   79.00000   48.00000  39.2%  56.6  350s
 19557 12141   73.00000   66   33   79.00000   48.00000  39.2%  56.6  357s
 19684 12186 infeasible   83        79.00000   48.00000  39.2%  56.6  363s
 19735 12236   63.00000   42   74   79.00000   48.00000  39.2%  56.5  369s
 19804 12381   78.00000   47   70   79.00000   48.00000  39.2%  56.5  375s
 20009 14278   77.00000   60   36   79.00000   48.00000  39.2%  56.5  381s
 22660 16648   70.00000   62   29   79.00000   48.00000  39.2%  55.4  392s
 25993 16659   78.00000   78   25   79.00000   48.00000  39.2%  54.4  396s
 26036 16788   78.00000   80   22   79.00000   48.00000  39.2%  54.4  403s
 26192 16910   78.00000   81   13   79.00000   48.00000  39.2%  54.3  406s
 26369 17158 infeasible   81        79.00000   48.00000  39.2%  54.2  410s
 26888 17282   78.00000   81   12   79.00000   48.00000  39.2%  54.2  416s
 27071 17951 infeasible   82        79.00000   48.00000  39.2%  54.1  422s
 28150 17984   78.00000   83   16   79.00000   48.00000  39.2%  53.9  430s
 28209 18208 infeasible   84        79.00000   48.00000  39.2%  53.9  436s
 28563 18814   66.00000   42   36   79.00000   48.00000  39.2%  53.8  443s
 29515 18843   58.00000   41   62   79.00000   48.00000  39.2%  53.7  450s
 29554 20014   58.00000   42   70   79.00000   48.00000  39.2%  53.7  458s
 31214 21139   67.00000   56   44   79.00000   48.00000  39.2%  53.5  464s
 32992 21288     cutoff   68        79.00000   48.00000  39.2%  53.2  470s
 33235 21891   48.00000   38   99   79.00000   48.00000  39.2%  53.3  476s
 34145 23617   48.00000   39   94   79.00000   48.00000  39.2%  53.0  483s
 36608 23820   67.00000   63   49   79.00000   48.00000  39.2%  52.8  489s
 36924 24143   72.00000   55   37   79.00000   48.00000  39.2%  52.8  496s
 37412 26469 infeasible   78        79.00000   48.00000  39.2%  52.7  504s
 40697 27833   74.00000   86   18   79.00000   48.00000  39.2%  52.1  510s
 42910 28753   67.00000   52   40   79.00000   48.00000  39.2%  51.8  517s
 44318 28793   67.00000   53   38   79.00000   48.00000  39.2%  51.7  533s
 44362 39577   67.00000   54   50   79.00000   48.00000  39.2%  51.7  604s
 46306 39577   48.00000   36   77   79.00000   48.00000  39.2%  51.6  605s
 60362 40075   74.00000   63   40   79.00000   48.00000  39.2%  50.7  611s
 61085 40089   74.00000   63   51   79.00000   48.00000  39.2%  50.6  616s
 61103 40102   74.00000   64   42   79.00000   48.00000  39.2%  50.6  622s
 61122 40230   74.00000   64   45   79.00000   48.00000  39.2%  50.6  628s
 61303 40245   74.00000   65   30   79.00000   48.00000  39.2%  50.6  636s
 61320 40379   74.00000   65   39   79.00000   48.00000  39.2%  50.6  647s
 61497 40417   74.00000   66   28   79.00000   48.00000  39.2%  50.6  658s
 61543 40499   74.00000   66   25   79.00000   48.00000  39.2%  50.6  665s
 61664 41414   74.00000   68   23   79.00000   48.00000  39.2%  50.6  679s
 63048 42462   77.00000   69   43   79.00000   48.00000  39.2%  50.6  687s
 64748 48249 infeasible   76        79.00000   48.00000  39.2%  50.4  702s
 73658 48261   60.00000   50   40   79.00000   48.00000  39.2%  50.0  706s
 73696 48288   60.00000   52   40   79.00000   48.00000  39.2%  50.0  711s
 74544 48813 infeasible   83        79.00000   48.00000  39.2%  50.0  718s
 74561 49134 infeasible   83        79.00000   48.00000  39.2%  50.0  721s
 75121 49649 infeasible   78        79.00000   48.00000  39.2%  50.0  727s
 75851 49750 infeasible   67        79.00000   48.00000  39.2%  49.9  731s
 76613 50282   74.00000   57   31   79.00000   48.00000  39.2%  49.9  738s
 76856 51075   74.00000   58   51   79.00000   48.00000  39.2%  49.9  742s
 78016 51264   77.00000   59   45   79.00000   48.00000  39.2%  49.9  746s
 78257 52134   77.00000   60   44   79.00000   48.00000  39.2%  49.9  751s
 79587 52737 infeasible   85        79.00000   48.00000  39.2%  49.7  755s
 80569 52761   72.00000   48   80   79.00000   48.00000  39.2%  49.8  764s
 80591 53913   72.00000   49   83   79.00000   48.00000  39.2%  49.8  769s
 82200 54366     cutoff   76        79.00000   48.00000  39.2%  49.7  773s
 82924 54909   78.00000   70   23   79.00000   48.00000  39.2%  49.7  778s
 83784 54920   78.00000   77   16   79.00000   48.00000  39.2%  49.6  783s
 83805 55193   78.00000   78   19   79.00000   48.00000  39.2%  49.6  789s
 84222 55205     cutoff   58        79.00000   48.00000  39.2%  49.6  793s
 84242 55314   77.00000   59   37   79.00000   48.00000  39.2%  49.6  800s
 84381 55458   77.00000   60   43   79.00000   48.00000  39.2%  49.6  807s
 84571 55492   77.00000   61   43   79.00000   48.00000  39.2%  49.6  813s
 84655 55523   77.00000   62   44   79.00000   48.00000  39.2%  49.6  820s
 84714 55559   77.00000   63   66   79.00000   48.00000  39.2%  49.6  827s
 84768 55568     cutoff   64        79.00000   48.00000  39.2%  49.6  836s
 84795 55596     cutoff   65        79.00000   48.00000  39.2%  49.6  842s
 84827 57021   77.00000   66   72   79.00000   48.00000  39.2%  49.6  849s
 86722 59860   77.00000   67   70   79.00000   48.00000  39.2%  49.6  864s
 91358 60048   74.00000   51   46   79.00000   48.00000  39.2%  49.6  869s
 91650 60994   74.00000   52   44   79.00000   48.00000  39.2%  49.6  874s
 93155 62272   78.00000   71   12   79.00000   48.00000  39.2%  49.5  880s
 95036 62286   69.00000   74   51   79.00000   48.00000  39.2%  49.4  885s
 95054 62350   69.00000   75   44   79.00000   48.00000  39.2%  49.4  891s
 95166 62906   73.00000   77   45   79.00000   48.00000  39.2%  49.4  896s
 96009 64979   69.00000   77   52   79.00000   48.00000  39.2%  49.4  902s
 99101 65707   48.00000   32   72   79.00000   48.00000  39.2%  49.4  907s
 100107 67430   78.00000   57   43   79.00000   48.00000  39.2%  49.4  912s
 102816 68051   78.00000   65   37   79.00000   48.00000  39.2%  49.4  917s
 103951 68060   78.00000   66   26   79.00000   48.00000  39.2%  49.3  923s
 103973 68303   78.00000   67   25   79.00000   48.00000  39.2%  49.3  927s
 104385 68316   74.00000   52   41   79.00000   48.00000  39.2%  49.3  934s
 104403 68454   74.00000   53   36   79.00000   48.00000  39.2%  49.3  939s
 104601 68464   74.00000   54   37   79.00000   48.00000  39.2%  49.3  945s
 104627 68525   74.00000   55   31   79.00000   48.00000  39.2%  49.3  954s
 104736 68567   74.00000   56   33   79.00000   48.00000  39.2%  49.3  962s
 104788 68604   78.00000   57   26   79.00000   48.00000  39.2%  49.3  969s
 104845 68624   78.00000   58   34   79.00000   48.00000  39.2%  49.3  976s
 104867 68641   78.00000   59   29   79.00000   48.00000  39.2%  49.3  984s
 104904 68682   78.00000   61   32   79.00000   48.00000  39.2%  49.3  991s
 104965 69130   61.00000   44   98   79.00000   48.00000  39.2%  49.3  998s
 105601 70679   71.00000   53   41   79.00000   48.00000  39.2%  49.3 1005s
 107907 71940   78.00000   62   26   79.00000   48.00000  39.2%  49.2 1018s
 109829 73766   78.00000   88   34   79.00000   48.00000  39.2%  49.2 1030s
 112757 75678   74.00000   73   49   79.00000   48.00000  39.2%  49.1 1038s
 115846 75726     cutoff   59        79.00000   48.00000  39.2%  49.1 1044s
 115946 76227   77.00000   69   32   79.00000   48.00000  39.2%  49.1 1050s
 116713 76893   67.00000   44   62   79.00000   48.00000  39.2%  49.0 1057s
 117811 78794   78.00000   55   52   79.00000   48.00000  39.2%  49.0 1064s
 120792 79093   77.00000   64   57   79.00000   48.00000  39.2%  48.9 1070s
 121229 80458   77.00000   69   49   79.00000   48.00000  39.2%  48.9 1076s
 123333 80859   77.00000   61   24   79.00000   48.00000  39.2%  48.9 1082s
 124011 80991   77.00000   62   27   79.00000   48.00000  39.2%  48.9 1088s
 124219 81000   77.00000   63   37   79.00000   48.00000  39.2%  48.9 1095s
 124242 81015   77.00000   64   37   79.00000   48.00000  39.2%  48.9 1101s
 124258 81028     cutoff   65        79.00000   48.00000  39.2%  48.9 1110s
 124277 81043   77.00000   65   40   79.00000   48.00000  39.2%  48.9 1119s
 124294 81055     cutoff   66        79.00000   48.00000  39.2%  48.9 1128s
 124313 81071   63.00000   39   59   79.00000   48.00000  39.2%  48.9 1139s
 124329 81105   63.00000   40   60   79.00000   48.00000  39.2%  48.9 1147s
 124369 81137   66.00000   41   53   79.00000   48.00000  39.2%  48.9 1158s
 124411 81166   63.00000   41   59   79.00000   48.00000  39.2%  48.9 1165s
 124449 81880   63.00000   44   65   79.00000   48.00000  39.2%  48.9 1172s
 125438 82365   72.00000   76   35   79.00000   48.00000  39.2%  48.9 1180s
 126204 83690     cutoff   53        79.00000   48.00000  39.2%  48.9 1188s
 128265 84127   73.00000   72   26   79.00000   48.00000  39.2%  48.9 1199s
 128930 85310   73.00000   73   17   79.00000   48.00000  39.2%  48.8 1213s
 130826 86336   67.00000   40   79   79.00000   48.00000  39.2%  48.8 1224s
 132518 87527   67.00000   41   75   79.00000   48.00000  39.2%  48.8 1235s
 134385 89480   61.00000   41   76   79.00000   48.00000  39.2%  48.8 1245s
 137870 90765   76.00000   60   40   79.00000   48.00000  39.2%  48.8 1253s
 139865 92732   61.00000   46   58   79.00000   48.00000  39.2%  48.8 1260s
 142866 94292   58.00000   52   57   79.00000   48.00000  39.2%  48.7 1267s
 145037 94419   63.00000   37   75   79.00000   48.00000  39.2%  48.6 1273s
 145225 95560   68.00000   41   60   79.00000   48.00000  39.2%  48.6 1280s
 147140 96455   78.00000   66   38   79.00000   48.00000  39.2%  48.6 1286s
 148675 96840   78.00000   38   73   79.00000   48.00000  39.2%  48.6 1292s
 149303 96854   78.00000   66   26   79.00000   48.00000  39.2%  48.6 1299s
 149321 97191   78.00000   67   41   79.00000   48.00000  39.2%  48.6 1306s
 149849 97253   78.00000   68   38   79.00000   48.00000  39.2%  48.6 1317s
 149944 107752   78.00000   69   20   79.00000   48.00000  39.2%  48.6 1400s
 165944 107966   72.00000   50   42   79.00000   49.00000  38.0%  48.6 1407s
 166289 108570   72.00000   51   40   79.00000   49.00000  38.0%  48.6 1415s
 167154 108732 infeasible   99        79.00000   49.00000  38.0%  48.6 1423s
 167385 111087 infeasible   98        79.00000   49.00000  38.0%  48.6 1432s
 171016 114904   78.00000   82   34   79.00000   49.00000  38.0%  48.5 1444s
 177245 114916   58.00000   45   46   79.00000   49.00000  38.0%  48.3 1448s
 177265 114925   58.00000   46   46   79.00000   49.00000  38.0%  48.3 1451s
 177330 115077   69.00000   48   45   79.00000   49.00000  38.0%  48.3 1458s
 177625 115362   69.00000   49   42   79.00000   49.00000  38.0%  48.3 1464s
 178075 115537   69.00000   50   39   79.00000   49.00000  38.0%  48.3 1468s
 178365 115933   69.00000   51   42   79.00000   49.00000  38.0%  48.3 1476s
 178922 115953   69.00000   52   35   79.00000   49.00000  38.0%  48.3 1481s
 178954 116111   69.00000   53   48   79.00000   49.00000  38.0%  48.3 1490s
 179213 116121   69.00000   54   47   79.00000   49.00000  38.0%  48.3 1499s
 179234 116592   69.00000   55   48   79.00000   49.00000  38.0%  48.3 1504s
 179999 116603   69.00000   56   45   79.00000   49.00000  38.0%  48.3 1514s
 180020 116610   69.00000   57   36   79.00000   49.00000  38.0%  48.3 1522s
 180051 117454   69.00000   58   30   79.00000   49.00000  38.0%  48.3 1530s
 181250 118175   69.00000   59   28   79.00000   49.00000  38.0%  48.3 1536s
 182266 118240   69.00000   60   31   79.00000   49.00000  38.0%  48.2 1542s
 182356 119314   61.00000   53   58   79.00000   49.00000  38.0%  48.2 1549s
 183989 120084   78.00000   71   22   79.00000   49.00000  38.0%  48.2 1555s
 185216 121078   78.00000   72   24   79.00000   49.00000  38.0%  48.1 1562s
 186968 122247   77.00000   71   28   79.00000   49.00000  38.0%  48.1 1569s
 188789 122345   77.00000   72   24   79.00000   49.00000  38.0%  48.0 1575s
 189039 122366 infeasible  104        79.00000   49.00000  38.0%  48.0 1582s
 189096 123068   66.00000   54   32   79.00000   49.00000  38.0%  48.0 1588s
 190187 123445   65.00000   57   76   79.00000   49.00000  38.0%  47.9 1595s
 190786 124071   69.00000   58   43   79.00000   49.00000  38.0%  47.9 1603s
 191742 124083   78.00000   59   58   79.00000   49.00000  38.0%  47.9 1616s
 191761 134431   78.00000   60   49   79.00000   49.00000  38.0%  47.9 1685s
 207761 135125 infeasible   66        79.00000   50.00000  36.7%  47.9 1693s
 208768 135945   78.00000   74   17   79.00000   50.00000  36.7%  48.0 1702s
 210071 136128   67.00000   45   62   79.00000   50.00000  36.7%  48.0 1710s
 210328 137795   78.00000   54   38   79.00000   50.00000  36.7%  48.0 1719s
 212921 139823   75.00000   63   21   79.00000   50.00000  36.7%  48.1 1731s
 216008 141677 infeasible   73        79.00000   50.00000  36.7%  48.1 1737s
 218790 141701 infeasible   46        79.00000   50.00000  36.7%  48.1 1742s
 218818 141713   74.00000   47   25   79.00000   50.00000  36.7%  48.1 1747s
 218838 141799   74.00000   48   25   79.00000   50.00000  36.7%  48.1 1752s
 218969 141837   74.00000   49   26   79.00000   50.00000  36.7%  48.1 1757s
 219059 141849   74.00000   50   24   79.00000   50.00000  36.7%  48.1 1764s
 219078 141878   74.00000   51   23   79.00000   50.00000  36.7%  48.1 1770s
 219116 141899   74.00000   52   26   79.00000   50.00000  36.7%  48.1 1776s
 219155 141938   74.00000   53   26   79.00000   50.00000  36.7%  48.1 1786s
 219206 142123 infeasible   54        79.00000   50.00000  36.7%  48.1 1793s
 219456 142143   74.00000   55   16   79.00000   50.00000  36.7%  48.2 1803s
 219476 142187   74.00000   56   33   79.00000   50.00000  36.7%  48.2 1813s
 219543 142603   74.00000   57   29   79.00000   50.00000  36.7%  48.2 1821s
 220149 143150 infeasible   58        79.00000   50.00000  36.7%  48.2 1831s
 221140 144327 infeasible   59        79.00000   50.00000  36.7%  48.2 1840s
 222956 144370   74.00000   65   58   79.00000   50.00000  36.7%  48.2 1848s
 223020 144900   63.00000   36   56   79.00000   50.00000  36.7%  48.2 1856s
 223798 145518 infeasible   78        79.00000   50.00000  36.7%  48.2 1865s
 224681 147129   76.00000   82   43   79.00000   50.00000  36.7%  48.2 1874s
 227385 147591   73.00000   60   59   79.00000   50.00000  36.7%  48.3 1882s
 228159 148103   73.00000   61   55   79.00000   50.00000  36.7%  48.4 1891s
 228980 149615   73.00000   62   52   79.00000   50.00000  36.7%  48.4 1900s
 231381 150234   77.00000   56   23   79.00000   50.00000  36.7%  48.4 1908s
 232358 152210   77.00000   57   21   79.00000   50.00000  36.7%  48.4 1918s
 235438 154606   77.00000   43   28   79.00000   50.00000  36.7%  48.4 1930s
 239110 155259   77.00000   59   45   79.00000   50.00000  36.7%  48.5 1937s
 240079 155272   64.00000   43   36   79.00000   50.00000  36.7%  48.5 1943s
 240097 155286   64.00000   44   35   79.00000   50.00000  36.7%  48.5 1949s
 240120 155637   64.00000   45   35   79.00000   50.00000  36.7%  48.5 1957s
 240683 156196   64.00000   46   55   79.00000   50.00000  36.7%  48.5 1966s
 241559 156953   64.00000   47   50   79.00000   50.00000  36.7%  48.5 1975s
 242649 156998   64.00000   46   33   79.00000   50.00000  36.7%  48.5 1984s
 242722 157637   64.00000   47   33   79.00000   50.00000  36.7%  48.5 1994s
 243742 158786   64.00000   48   52   79.00000   50.00000  36.7%  48.5 2003s
 245608 160140   64.00000   47   35   79.00000   50.00000  36.7%  48.5 2012s
 247608 160181   77.00000   55   30   79.00000   50.00000  36.7%  48.6 2021s
 247655 161088   77.00000   57   18   79.00000   50.00000  36.7%  48.6 2031s
 249066 163212   77.00000   63   12   79.00000   50.00000  36.7%  48.6 2041s
 252452 164097   78.00000   46   53   79.00000   50.00000  36.7%  48.6 2048s
 253908 164303   76.00000   73   53   79.00000   50.00000  36.7%  48.6 2056s
 254242 164313   63.00000   41   81   79.00000   50.00000  36.7%  48.6 2063s
 254264 164328   63.00000   42   76   79.00000   50.00000  36.7%  48.6 2071s
 254283 164345   63.00000   43   68   79.00000   50.00000  36.7%  48.6 2078s
 254300 164368   63.00000   44   68   79.00000   50.00000  36.7%  48.6 2087s
 254324 164384   63.00000   45   63   79.00000   50.00000  36.7%  48.6 2097s
 254340 164407   63.00000   46   59   79.00000   50.00000  36.7%  48.6 2107s
 254387 164424   63.00000   47   63   79.00000   50.00000  36.7%  48.6 2115s
 254408 164446   63.00000   48  106   79.00000   50.00000  36.7%  48.6 2128s
 254446 165721   75.00000   49   67   79.00000   50.00000  36.7%  48.6 2137s
 256287 167597   75.00000   50   50   79.00000   50.00000  36.7%  48.6 2150s
 259274 169239   75.00000   51   52   79.00000   50.00000  36.7%  48.7 2158s
 261650 169251 infeasible   75        79.00000   50.00000  36.7%  48.7 2164s
 261691 169806   50.00000   42   79   79.00000   50.00000  36.7%  48.7 2170s
 262545 171348   77.00000   55   43   79.00000   50.00000  36.7%  48.7 2177s
 264944 172459   57.00000   51   78   79.00000   50.00000  36.7%  48.7 2183s
 266544 173593   59.00000   52   71   79.00000   50.00000  36.7%  48.7 2190s
 268282 175401   60.00000   41   82   79.00000   50.00000  36.7%  48.7 2197s
 271016 175505   64.00000   77   60   79.00000   50.00000  36.7%  48.8 2202s
 271193 176564   75.00000   78   35   79.00000   50.00000  36.7%  48.8 2207s
 272667 177970   74.00000   80   34   79.00000   50.00000  36.7%  48.8 2213s
 274952 178508   76.00000   59   29   79.00000   50.00000  36.7%  48.8 2218s
 275848 178513 infeasible   87        79.00000   50.00000  36.7%  48.8 2224s
 275899 179567   50.00000   41   83   79.00000   50.00000  36.7%  48.8 2230s
 277623 182428   50.00000   30   90   79.00000   50.00000  36.7%  48.9 2243s
 282094 182443   75.00000   63   38   79.00000   50.00000  36.7%  48.9 2247s
 282111 182450   75.00000   64   53   79.00000   50.00000  36.7%  48.9 2252s
 282135 182658   78.00000   65   35   79.00000   50.00000  36.7%  48.9 2258s
 282443 182687   78.00000   72   34   79.00000   50.00000  36.7%  48.9 2263s
 282516 182760   50.00000   43   76   79.00000   50.00000  36.7%  48.9 2268s
 282647 182773   60.00000   44   68   79.00000   50.00000  36.7%  48.9 2278s
 282666 182784   60.00000   45   68   79.00000   50.00000  36.7%  48.9 2288s
 282687 182797   60.00000   46   73   79.00000   50.00000  36.7%  48.9 2297s
 282706 182808   66.00000   47   63   79.00000   50.00000  36.7%  48.9 2306s
 282727 182822   66.00000   48   77   79.00000   50.00000  36.7%  48.9 2317s
 282751 182838   66.00000   49   72   79.00000   50.00000  36.7%  48.9 2327s
 282771 182858   66.00000   50   61   79.00000   50.00000  36.7%  48.9 2335s
 282809 182879   66.00000   51   60   79.00000   50.00000  36.7%  48.9 2345s
 282834 182908   66.00000   52   60   79.00000   50.00000  36.7%  48.9 2354s
 282867 182924   76.00000   53   53   79.00000   50.00000  36.7%  48.9 2361s
 282908 183427   76.00000   54   61   79.00000   50.00000  36.7%  48.9 2371s
 283702 184076   76.00000   55   70   79.00000   50.00000  36.7%  48.9 2379s
 284769 184801   76.00000   56   66   79.00000   50.00000  36.7%  48.9 2388s
 285861 185378   78.00000   53   31   79.00000   50.00000  36.7%  48.9 2397s
 286803 186066   77.00000   51   27   79.00000   50.00000  36.7%  49.0 2406s
 287885 187171   77.00000   66   41   79.00000   50.00000  36.7%  49.0 2416s
 289639 187693   68.00000   38   65   79.00000   50.00000  36.7%  49.0 2425s
 290460 189394   78.00000   66   35   79.00000   50.00000  36.7%  49.0 2436s
 293176 191785   78.00000   43   27   79.00000   50.00000  36.7%  49.1 2445s
 296671 193322   77.00000   47   23   79.00000   50.00000  36.7%  49.1 2452s
 298896 196097   76.00000   53   26   79.00000   50.00000  36.7%  49.1 2465s
 303412 196621   62.00000   44   84   79.00000   50.00000  36.7%  49.1 2474s
 304059 196677   53.00000   40   64   79.00000   50.00000  36.7%  49.1 2480s
 304161 197579   53.00000   41   64   79.00000   50.00000  36.7%  49.1 2486s
 305592 199496   53.00000   47   99   79.00000   50.00000  36.7%  49.2 2491s
 308371 199508   78.00000   80    8   79.00000   50.00000  36.7%  49.1 2497s
 308391 199553 infeasible   81        79.00000   50.00000  36.7%  49.1 2502s
 308496 199547   57.00000   38   54   79.00000   50.00000  36.7%  49.1 2508s
 308534 199676   71.00000   39   49   79.00000   50.00000  36.7%  49.1 2514s
 308754 199692   57.00000   39   51   79.00000   50.00000  36.7%  49.1 2519s
 308778 199709   57.00000   40   61   79.00000   50.00000  36.7%  49.1 2528s
 308805 199722   69.00000   40   42   79.00000   50.00000  36.7%  49.2 2536s
 308827 199743   57.00000   41   63   79.00000   50.00000  36.7%  49.2 2543s
 308857 199784   57.00000   41   63   79.00000   50.00000  36.7%  49.2 2550s
H308913 129317                      77.0000000   50.00000  35.1%  49.2 2563s
 308938 129588   67.00000   42   55   77.00000   50.00000  35.1%  49.2 2569s
H309054 129587                      77.0000000   50.00000  35.1%  49.2 2569s
 309402 129973   75.00000   65   55   77.00000   50.00000  35.1%  49.2 2576s
 309966 130153   67.00000   54   61   77.00000   50.00000  35.1%  49.2 2583s
 310272 131090   68.00000   47   50   77.00000   50.00000  35.1%  49.2 2591s
 311851 132648   76.00000   66   35   77.00000   50.00000  35.1%  49.3 2599s
 314451 133222   62.00000   47   54   77.00000   50.00000  35.1%  49.4 2606s
 315406 134660   62.00000   48   46   77.00000   50.00000  35.1%  49.4 2614s
 317840 135322   72.00000   54   30   77.00000   50.00000  35.1%  49.5 2621s
 318935 135633   76.00000   74   35   77.00000   50.00000  35.1%  49.5 2628s
 319574 137115   72.00000   46   42   77.00000   50.00000  35.1%  49.5 2640s
 321969 137706   76.00000   58   69   77.00000   50.00000  35.1%  49.6 2649s
 322854 137718   74.00000   63   45   77.00000   50.00000  35.1%  49.6 2659s
 322874 137737   75.00000   65   69   77.00000   50.00000  35.1%  49.6 2669s
 322909 137777   72.00000   64   45   77.00000   50.00000  35.1%  49.6 2681s
 322963 137883   72.00000   66   53   77.00000   50.00000  35.1%  49.6 2692s
 323158 138505   76.00000   76   24   77.00000   50.00000  35.1%  49.6 2707s
 324119 139730   73.00000   41   45   77.00000   50.00000  35.1%  49.6 2722s
 326084 140013   66.00000   56   44   77.00000   50.00000  35.1%  49.7 2735s
 326556 140983   73.00000   37   49   77.00000   50.00000  35.1%  49.7 2750s
 328049 142522   50.00000   44  103   77.00000   50.00000  35.1%  49.8 2764s
 330704 143205     cutoff   72        77.00000   50.00000  35.1%  49.8 2777s
 331829 145813   66.00000   46   65   77.00000   50.00000  35.1%  49.9 2791s
 335825 145823 infeasible   64        77.00000   50.00000  35.1%  50.0 2801s
 335847 145977   66.00000   65   45   77.00000   50.00000  35.1%  50.0 2811s
 336062 145988     cutoff   66        77.00000   50.00000  35.1%  50.0 2825s
 336083 146050   66.00000   67   56   77.00000   50.00000  35.1%  50.0 2838s
 336249 146166     cutoff   68        77.00000   50.00000  35.1%  50.0 2852s
 336423 146402   66.00000   68   51   77.00000   50.00000  35.1%  50.0 2866s
 336841 146734   74.00000   78   42   77.00000   50.00000  35.1%  50.0 2879s
 337374 147312   75.00000   60   51   77.00000   50.00000  35.1%  50.1 2893s
 338414 149723   75.00000   61   53   77.00000   50.00000  35.1%  50.1 2907s
 342099 152272   70.00000   46   45   77.00000   50.00000  35.1%  50.2 2920s
 346258 152286   76.00000   57   57   77.00000   50.00000  35.1%  50.3 2925s
 346276 152323 infeasible   57        77.00000   50.00000  35.1%  50.3 2930s
 346353 152337   71.00000   59   43   77.00000   50.00000  35.1%  50.3 2936s
 346384 152885   71.00000   58   36   77.00000   50.00000  35.1%  50.3 2941s
 347366 153845 infeasible   68        77.00000   50.00000  35.1%  50.3 2947s
 349116 154142   63.00000   45   59   77.00000   50.00000  35.1%  50.4 2953s
 349551 154276   70.00000   46   51   77.00000   50.00000  35.1%  50.4 2960s
 349757 155778   70.00000   47   50   77.00000   50.00000  35.1%  50.4 2967s
 352239 155870     cutoff   68        77.00000   50.00000  35.1%  50.5 2973s
 352389 156448   61.00000   43   34   77.00000   50.00000  35.1%  50.5 2979s
 353333 156456   68.00000   56   44   77.00000   50.00000  35.1%  50.5 2986s
 353357 156469   68.00000   57   40   77.00000   50.00000  35.1%  50.5 2993s
 353442 156524   68.00000   57   41   77.00000   50.00000  35.1%  50.5 3005s
 353521 156533   69.00000   57   58   77.00000   50.00000  35.1%  50.5 3016s
 353582 156590   76.00000   58   27   77.00000   50.00000  35.1%  50.5 3029s
 353662 156627   68.00000   57   38   77.00000   50.00000  35.1%  50.5 3038s
 353728 156675   76.00000   58   36   77.00000   50.00000  35.1%  50.5 3049s
 353819 156804   68.00000   58   25   77.00000   50.00000  35.1%  50.5 3059s
 354044 156850   68.00000   58   34   77.00000   50.00000  35.1%  50.5 3068s
 354119 156868   69.00000   58   63   77.00000   50.00000  35.1%  50.5 3076s
 354139 157779   76.00000   59   21   77.00000   50.00000  35.1%  50.5 3084s
 355697 158171   76.00000   55   40   77.00000   50.00000  35.1%  50.6 3093s
 356353 159187   69.00000   48   79   77.00000   50.00000  35.1%  50.6 3108s
 358005 159384   74.00000   60   51   77.00000   50.00000  35.1%  50.6 3122s
 358338 159598   74.00000   62   38   77.00000   50.00000  35.1%  50.6 3132s
 358766 159640   72.00000   45   60   77.00000   50.00000  35.1%  50.6 3142s
 358848 160636   62.00000   46   43   77.00000   50.00000  35.1%  50.6 3152s
 360587 161902   50.00000   35   93   77.00000   50.00000  35.1%  50.7 3163s
 362773 163179   68.00000   54   62   77.00000   50.00000  35.1%  50.7 3176s
 365026 163873   67.00000   51   46   77.00000   50.00000  35.1%  50.8 3185s
 366184 164505   74.00000   64   33   77.00000   50.00000  35.1%  50.8 3196s
 367256 165125 infeasible   74        77.00000   50.00000  35.1%  50.8 3208s
 368208 166022   70.00000   42   63   77.00000   50.00000  35.1%  50.8 3220s
 369734 166033   72.00000   56   69   77.00000   50.00000  35.1%  50.8 3233s
 369755 166037   72.00000   57   55   77.00000   50.00000  35.1%  50.8 3244s
 369783 166043   72.00000   58   57   77.00000   50.00000  35.1%  50.8 3258s
 369809 166084   72.00000   59   50   77.00000   50.00000  35.1%  50.8 3274s
 369906 166134   57.00000   36   71   77.00000   50.00000  35.1%  50.8 3289s
 369979 166257   57.00000   40   65   77.00000   50.00000  35.1%  50.8 3302s
 370204 168187   63.00000   41   72   77.00000   50.00000  35.1%  50.8 3317s
 373131 169717   59.00000   43   57   77.00000   50.00000  35.1%  50.9 3330s
 375695 171625   76.00000   71   31   77.00000   50.00000  35.1%  50.9 3342s
 378851 171869   70.00000   58   25   77.00000   50.00000  35.1%  51.0 3351s
 379243 172197   70.00000   54   84   77.00000   50.00000  35.1%  51.0 3361s
 379868 173550   74.00000   47   35   77.00000   50.00000  35.1%  51.0 3373s
 382087 175632   74.00000   53   39   77.00000   50.00000  35.1%  51.0 3383s
 385541 175643   76.00000   68   37   77.00000   50.00000  35.1%  51.1 3396s
 385562 185245 infeasible   69        77.00000   50.00000  35.1%  51.1 3517s
 401562 186062     cutoff   66        77.00000   50.00000  35.1%  51.3 3528s
 402952 186082   63.00000   49   49   77.00000   50.00000  35.1%  51.3 3538s
 402974 186198   63.00000   49   67   77.00000   50.00000  35.1%  51.3 3549s
 403154 186346   63.00000   48   57   77.00000   50.00000  35.1%  51.3 3560s
 403429 187767   65.00000   72   73   77.00000   50.00000  35.1%  51.3 3572s
 405844 188226   74.00000   64   55   77.00000   50.00000  35.1%  51.4 3582s
 406675 188511   74.00000   65   50   77.00000   50.00000  35.1%  51.4 3595s
 407188 189185 infeasible   66        77.00000   50.00000  35.1%  51.4 3600s

Cutting planes:
  Learned: 6191
  Lift-and-project: 29
  Cover: 85
  MIR: 150
  StrongCG: 1
  Flow cover: 450
  RLT: 68

Explored 408240 nodes (21016390 simplex iterations) in 3600.06 seconds (3829.28 work units)
Thread count was 32 (of 32 available processors)

Solution count 10: 77 77 79 ... 83

Time limit reached
Best objective 7.699999999220e+01, best bound 5.000000000000e+01, gap 35.0649%
