
Gurobi 13.0.0 (linux64) logging started Fri Nov 28 15:06:41 2025

Set parameter LogFile to value "./Results/StripPacking-BranchSP/Logs/SBspbM-111-StripPacking-50-0.log"
Set parameter TimeLimit to value 3600
Set parameter Cuts to value 1
Set parameter Presolve to value 1
Set parameter Heuristics to value 1
Set parameter LogToConsole to value 0
Set parameter LPWarmStart to value 2
Gurobi Optimizer version 13.0.0 build v13.0.0rc1 (linux64 - "Debian GNU/Linux 12 (bookworm)")

CPU model: Intel(R) Xeon(R) CPU E5-2630 v3 @ 2.40GHz, instruction set [SSE2|AVX|AVX2]
Thread count: 16 physical cores, 32 logical processors, using up to 32 threads

Non-default parameters:
TimeLimit  3600
LPWarmStart  2
Heuristics  1
Cuts  1
LogToConsole  0
Presolve  1

Optimize a model with 100500 rows, 3776 columns and 301450 nonzeros (Min)
Model fingerprint: 0xd5724792
Model has 1 linear objective coefficients
Variable types: 1326 continuous, 2450 integer (2450 binary)
Coefficient statistics:
  Matrix range     [1e+00, 1e+04]
  Objective range  [1e+00, 1e+00]
  Bounds range     [1e+00, 1e+04]
  RHS range        [1e+00, 1e+04]
Using branch priorities.

Warning: Completing partial solution with 2450 unfixed non-continuous variables out of 2450
User MIP start did not produce a new incumbent solution

Presolve removed 6125 rows and 0 columns
Presolve time: 1.16s
Presolved: 94375 rows, 3776 columns, 285525 nonzeros
Variable types: 1326 continuous, 2450 integer (2450 binary)
Found heuristic solution: objective 692.0000000
Root relaxation presolved: 3776 rows, 98151 columns, 289301 nonzeros


Root simplex log...

Iteration    Objective       Primal Inf.    Dual Inf.      Time
   15206    4.1373401e+01   0.000000e+00   1.329339e+06      5s
   33574    4.2360825e+01   0.000000e+00   1.802448e+06     10s
   55222    4.2978535e+01   0.000000e+00   1.530901e+05     15s
   78510    4.3222406e+01   0.000000e+00   1.514848e+04     20s
   90702    3.5000000e+01   0.000000e+00   0.000000e+00     22s
   90702    3.5000000e+01   0.000000e+00   0.000000e+00     22s
   90702    3.5000000e+01   0.000000e+00   0.000000e+00     23s

Root relaxation: objective 3.500000e+01, 90702 iterations, 20.64 seconds (12.63 work units)
Another try with MIP start

    Nodes    |    Current Node    |     Objective Bounds      |     Work
 Expl Unexpl |  Obj  Depth IntInf | Incumbent    BestBd   Gap | It/Node Time

H    0     0                     305.0000000   35.00000  88.5%     -   66s
H    0     0                     299.0000000   35.00000  88.3%     -   66s
H    0     0                     293.0000000   35.00000  88.1%     -   67s
H    0     0                     291.0000000   35.00000  88.0%     -   69s
H    0     0                     281.0000000   35.00000  87.5%     -   69s
H    0     0                     242.0000000   35.00000  85.5%     -   69s
H    0     0                     227.0000000   35.00000  84.6%     -   71s
H    0     0                     220.0000000   35.00000  84.1%     -   71s
H    0     0                     218.0000000   35.00000  83.9%     -   72s
H    0     0                     213.0000000   35.00000  83.6%     -   76s
H    0     0                     210.0000000   35.00000  83.3%     -   81s
H    0     0                     205.0000000   35.00000  82.9%     -   83s
H    0     0                     203.0000000   35.00000  82.8%     -   84s
H    0     0                     202.0000000   35.00000  82.7%     -   84s
H    0     0                     201.0000000   35.00000  82.6%     -   84s
     0     0   35.00000    0 1252  201.00000   35.00000  82.6%     -   89s
H    0     0                     200.0000000   35.00000  82.5%     -  460s
H    0     0                     199.0000000   35.00000  82.4%     -  460s
H    0     0                     199.0000000   35.00000  82.4%     -  460s
H    0     0                     197.0000000   35.00000  82.2%     -  460s
     0     0   35.00000    0 1513  197.00000   35.00000  82.2%     -  461s
H    0     0                     194.0000000   35.00000  82.0%     -  462s
H    0     0                     193.0000000   35.00000  81.9%     -  582s
H    0     0                     193.0000000   35.00000  81.9%     -  582s
H    0     0                     190.0000000   35.00000  81.6%     -  582s
H    0     0                     190.0000000   35.00000  81.6%     -  582s
H    0     0                     188.0000000   35.00000  81.4%     -  582s
H    0     0                     187.0000000   35.00000  81.3%     -  582s
H    0     0                     186.0000000   35.00000  81.2%     -  582s
H    0     0                     185.0000000   35.00000  81.1%     -  582s
H    0     0                     184.0000000   35.00000  81.0%     -  582s
     0     0   35.00000    0 1379  184.00000   35.00000  81.0%     -  586s
H    0     0                     184.0000000   35.00000  81.0%     -  792s
H    0     0                     183.0000000   35.00000  80.9%     -  792s
H    0     0                     183.0000000   35.00000  80.9%     -  792s
H    0     0                     181.0000000   35.00000  80.7%     -  792s
H    0     0                     181.0000000   35.00000  80.7%     -  792s
     0     0   35.00000    0 1420  181.00000   35.00000  80.7%     -  792s
     0     0   35.00000    0 1297  181.00000   35.00000  80.7%     -  921s
H    0     0                     180.0000000   35.00000  80.6%     - 1080s
H    0     0                     180.0000000   35.00000  80.6%     - 1080s
     0     0   35.00000    0 1422  180.00000   35.00000  80.6%     - 1094s
     0     0   35.00000    0 1482  180.00000   35.00000  80.6%     - 1305s
     0     0   35.00000    0 1482  180.00000   35.00000  80.6%     - 1429s
     0     0   35.00000    0 1389  180.00000   35.00000  80.6%     - 1576s
     0     0   35.00000    0 1464  180.00000   35.00000  80.6%     - 1756s
     0     0   35.00000    0 1464  180.00000   35.00000  80.6%     - 1896s
H    0     0                     179.0000000   35.00000  80.4%     - 1985s
H    0     0                     179.0000000   35.00000  80.4%     - 1985s
H    0     0                     178.0000000   35.00000  80.3%     - 1985s
     0     0   35.00000    0 1344  178.00000   35.00000  80.3%     - 1985s
     0     0   35.00000    0 1416  178.00000   35.00000  80.3%     - 2152s
H    0     0                     178.0000000   35.00000  80.3%     - 2266s
     0     0   35.00000    0 1375  178.00000   35.00000  80.3%     - 2266s
     0     0   35.00000    0 1387  178.00000   35.00000  80.3%     - 2433s
     0     0   35.00000    0 1387  178.00000   35.00000  80.3%     - 2434s
     0     0   35.00000    0 1387  178.00000   35.00000  80.3%     - 2435s
     0     0   35.00000    0 1387  178.00000   35.00000  80.3%     - 2436s
     0     2   35.00000    0 1387  178.00000   35.00000  80.3%     - 2936s
     1     4   35.00000    1 1240  178.00000   35.00000  80.3% 53552 3496s

Cutting planes:
  Cover: 57
  MIR: 494
  Flow cover: 1099
  Zero half: 1
  RLT: 99

Explored 3 nodes (944292 simplex iterations) in 3600.04 seconds (2943.22 work units)
Thread count was 32 (of 32 available processors)

Solution count 10: 178 178 179 ... 183

Time limit reached
Best objective 1.779999999821e+02, best bound 3.500000000000e+01, gap 80.3371%
