
Gurobi 13.0.0 (linux64) logging started Fri Nov 28 09:06:29 2025

Set parameter LogFile to value "./Results/StripPacking-BranchSP/Logs/SBspbM-111-StripPacking-20-0.log"
Set parameter TimeLimit to value 3600
Set parameter Cuts to value 1
Set parameter Presolve to value 1
Set parameter Heuristics to value 1
Set parameter LogToConsole to value 0
Set parameter LPWarmStart to value 2
Gurobi Optimizer version 13.0.0 build v13.0.0rc1 (linux64 - "Debian GNU/Linux 12 (bookworm)")

CPU model: Intel(R) Xeon(R) CPU E5-2630 v3 @ 2.40GHz, instruction set [SSE2|AVX|AVX2]
Thread count: 16 physical cores, 32 logical processors, using up to 32 threads

Non-default parameters:
TimeLimit  3600
LPWarmStart  2
Heuristics  1
Cuts  1
LogToConsole  0
Presolve  1

Optimize a model with 14625 rows, 951 columns and 43850 nonzeros (Min)
Model fingerprint: 0xd5f45e2a
Model has 1 linear objective coefficients
Variable types: 351 continuous, 600 integer (600 binary)
Coefficient statistics:
  Matrix range     [1e+00, 1e+04]
  Objective range  [1e+00, 1e+00]
  Bounds range     [1e+00, 1e+04]
  RHS range        [1e+00, 1e+04]
Using branch priorities.

Warning: Completing partial solution with 600 unfixed non-continuous variables out of 600
User MIP start did not produce a new incumbent solution

Presolve removed 1500 rows and 0 columns
Presolve time: 0.07s
Presolved: 13125 rows, 951 columns, 39950 nonzeros
Variable types: 351 continuous, 600 integer (600 binary)
Found heuristic solution: objective 350.0000000
Found heuristic solution: objective 248.0000000

Root relaxation: objective 3.600000e+01, 2235 iterations, 0.34 seconds (0.29 work units)
Another try with MIP start

    Nodes    |    Current Node    |     Objective Bounds      |     Work
 Expl Unexpl |  Obj  Depth IntInf | Incumbent    BestBd   Gap | It/Node Time

H    0     0                     157.0000000   36.00000  77.1%     -    0s
H    0     0                     152.0000000   36.00000  76.3%     -    1s
H    0     0                     144.0000000   36.00000  75.0%     -    1s
H    0     0                     141.0000000   36.00000  74.5%     -    1s
H    0     0                     137.0000000   36.00000  73.7%     -    2s
H    0     0                     135.0000000   36.00000  73.3%     -    2s
H    0     0                     132.0000000   36.00000  72.7%     -    2s
H    0     0                     131.0000000   36.00000  72.5%     -    3s
     0     0   36.00000    0  175  131.00000   36.00000  72.5%     -    3s
H    0     0                     129.0000000   36.00000  72.1%     -    3s
H    0     0                     128.0000000   36.00000  71.9%     -    4s
H    0     0                     125.0000000   36.00000  71.2%     -    4s
H    0     0                     118.0000000   36.00000  69.5%     -    4s
     0     0   36.00000    0  321  118.00000   36.00000  69.5%     -    4s
     0     0   36.00000    0  307  118.00000   36.00000  69.5%     -    4s
H    0     0                     116.0000000   36.00000  69.0%     -    6s
H    0     0                     115.0000000   36.00000  68.7%     -    6s
H    0     0                     112.0000000   36.00000  67.9%     -    6s
     0     0   36.00000    0  325  112.00000   36.00000  67.9%     -    6s
     0     0   36.00000    0  198  112.00000   36.00000  67.9%     -    8s
H    0     0                     111.0000000   36.00000  67.6%     -    8s
H    0     0                     107.0000000   36.00000  66.4%     -    9s
H    0     0                     104.0000000   36.00000  65.4%     -   10s
     0     0   36.00000    0  184  104.00000   36.00000  65.4%     -   10s
     0     0   36.00000    0  330  104.00000   36.00000  65.4%     -   12s
     0     0   36.00000    0  178  104.00000   36.00000  65.4%     -   14s
H    0     0                     101.0000000   36.00000  64.4%     -   15s
H    0     0                      98.0000000   36.00000  63.3%     -   15s
H    0     0                      97.0000000   36.00000  62.9%     -   15s
     0     0   36.00000    0  181   97.00000   36.00000  62.9%     -   15s
     0     0   36.00000    0  317   97.00000   36.00000  62.9%     -   16s
     0     0   36.00000    0  317   97.00000   36.00000  62.9%     -   18s
     0     0   36.00000    0  334   97.00000   36.00000  62.9%     -   19s
H    0     0                      96.0000000   36.00000  62.5%     -   21s
     0     0   36.00000    0  314   96.00000   36.00000  62.5%     -   21s
     0     0   36.00000    0  312   96.00000   36.00000  62.5%     -   23s
H    0     0                      95.0000000   36.00000  62.1%     -   23s
     0     0   36.00000    0  312   95.00000   36.00000  62.1%     -   23s
     0     0   36.00000    0  264   95.00000   36.00000  62.1%     -   25s
     0     2   36.00000    0  204   95.00000   36.00000  62.1%     -   28s
     3     8   36.05414    2  358   95.00000   36.00000  62.1%  3217   31s
    15    32   36.06726    4  312   95.00000   36.05819  62.0%  4094   37s
    47    65   37.45182    6  263   95.00000   36.55948  61.5%  1980   40s
    64    84   38.98750    7  408   95.00000   36.55948  61.5%  1711   45s
H  113   121                      95.0000000   36.55948  61.5%  1299   49s
   120   139   43.78000    9  320   95.00000   36.55948  61.5%  1243   50s
H  129   139                      94.0000000   36.55948  61.1%  1186   50s
H  155   204                      92.0000000   36.55948  60.3%  1026   52s
   243   252   44.28000   13  255   92.00000   36.55948  60.3%   750   55s
H  244   252                      92.0000000   36.55948  60.3%   747   55s
   315   332   54.00000   15  209   92.00000   36.55948  60.3%   623   60s
   442   441   77.00000   19  170   92.00000   36.55948  60.3%   481   65s
   528   511   77.00000   22  174   92.00000   36.70565  60.1%   430   70s
   586   566   78.00000   25  110   92.00000   36.70565  60.1%   398   75s
H  629   598                      91.0000000   36.70565  59.7%   379   78s
   655   625 infeasible   29        91.00000   36.70565  59.7%   368   81s
H  669   625                      91.0000000   36.70565  59.7%   362   81s
   693   669   78.00000   31  111   91.00000   36.70565  59.7%   353   85s
   771   709   85.00000   36   99   91.00000   36.70565  59.7%   334   90s
   825   783   85.00000   38   95   91.00000   36.70565  59.7%   318   95s
   956   854 infeasible   40        91.00000   36.85875  59.5%   283  100s
  1073   922   85.00000   41   85   91.00000   37.57455  58.7%   268  107s
  1189   968 infeasible   51        91.00000   37.57455  58.7%   254  112s
  1255   981   77.00000   22  122   91.00000   37.57455  58.7%   252  116s
  1274  1001   77.00000   23  127   91.00000   37.57455  58.7%   250  120s
  1311  1031   78.00000   25  110   91.00000   37.57455  58.7%   246  127s
  1328  1074   78.00000   26  107   91.00000   37.57455  58.7%   244  131s
  1395  1094     cutoff   27        91.00000   37.57455  58.7%   235  135s
  1511  1181   86.00000   29   65   91.00000   37.57455  58.7%   230  143s
  1602  1219   90.00000   37   39   91.00000   37.57455  58.7%   224  148s
  1658  1240   88.00000   42   39   91.00000   37.57455  58.7%   221  152s
  1697  1270   88.00000   55   43   91.00000   37.57455  58.7%   218  157s
  1741  1289   89.00000   59   53   91.00000   37.57455  58.7%   215  161s
  1780  1341   89.00000   60   52   91.00000   37.57455  58.7%   212  166s
  1866  1401 infeasible   61        91.00000   37.57455  58.7%   207  171s
  1986  1447   89.00000   60   55   91.00000   37.57455  58.7%   201  176s
  2106  1498   89.00000   61   52   91.00000   42.00000  53.8%   196  181s
  2202  1533 infeasible   62        91.00000   42.00000  53.8%   195  186s
  2273  1599 infeasible   63        91.00000   42.00000  53.8%   194  194s
  2405  1614   65.00000   14  185   91.00000   42.00000  53.8%   188  200s
  2422  1631   65.00000   15  167   91.00000   42.00000  53.8%   188  206s
  2441  1647   65.00000   18  189   91.00000   42.00000  53.8%   188  211s
  2457  1680   65.00000   19  149   91.00000   42.00000  53.8%   188  217s
  2522  1753 infeasible   20        91.00000   42.00000  53.8%   186  223s
  2649  1822   65.00000   21  135   91.00000   42.00000  53.8%   183  230s
  2750  1939   65.00000   22  124   91.00000   42.00000  53.8%   179  235s
  2962  1940   71.00000   17  264   91.00000   42.00000  53.8%   172  240s
  2965  1942   65.00000   12  391   91.00000   42.00000  53.8%   172  245s
  2967  1943   73.00000   16  318   91.00000   42.00000  53.8%   172  253s
  2968  1944   77.00000   21  310   91.00000   42.00000  53.8%   172  255s
  2969  1945   83.00000   34  276   91.00000   42.00000  53.8%   172  262s
  2970  1945   90.00000   59  219   91.00000   42.00000  53.8%   172  265s
  2974  1953   42.00000   13  432   91.00000   42.00000  53.8%   194  271s
  2978  1960   42.00000   14  469   91.00000   42.00000  53.8%   202  276s
  2986  1973   42.00000   15  480   91.00000   42.00000  53.8%   215  281s
  3002  1984   42.00000   16  485   91.00000   42.00000  53.8%   226  287s
  3018  2004   42.00000   17  462   91.00000   42.00000  53.8%   230  292s
  3044  2020   59.00000   20  396   91.00000   42.00000  53.8%   236  298s
  3068  2030   59.00000   21  354   91.00000   42.00000  53.8%   239  303s
  3086  2043   59.00000   21  324   91.00000   42.00000  53.8%   245  308s
  3105  2059   59.00000   22  299   91.00000   42.00000  53.8%   247  312s
  3128  2076   78.00000   22  283   91.00000   42.00000  53.8%   249  316s
  3156  2088   78.00000   23  260   91.00000   42.00000  53.8%   253  320s
  3184  2099   78.00000   23  270   91.00000   42.00000  53.8%   256  326s
  3212  2112   78.00000   24  238   91.00000   42.00000  53.8%   257  331s
  3244  2123   81.00000   24  240   91.00000   42.00000  53.8%   259  335s
  3270  2141   81.00000   25  241   91.00000   42.00000  53.8%   261  341s
  3297  2171   81.00000   25  258   91.00000   42.00000  53.8%   263  345s
  3368  2193   81.00000   26  229   91.00000   42.00000  53.8%   266  354s
  3394  2203   88.00000   27  253   91.00000   42.00000  53.8%   267  359s
  3415  2216   81.00000   27  218   91.00000   42.00000  53.8%   267  364s
  3439  2229   88.00000   28  231   91.00000   42.00000  53.8%   267  367s
  3470  2237   88.00000   28  148   91.00000   42.00000  53.8%   268  371s
  3493  2254   88.00000   29  187   91.00000   42.00000  53.8%   268  376s
  3522  2275   88.00000   29  233   91.00000   42.00000  53.8%   269  380s
  3600  2294   88.00000   30  179   91.00000   42.00000  53.8%   270  388s
  3626  2310   88.00000   31  182   91.00000   42.00000  53.8%   271  392s
  3656  2326   88.00000   31  157   91.00000   42.00000  53.8%   272  396s
  3696  2330   88.00000   32  185   91.00000   42.00000  53.8%   273  401s
  3720  2340   88.00000   32  155   91.00000   42.00000  53.8%   272  407s
  3738  2357   88.00000   33  185   91.00000   42.00000  53.8%   273  413s
  3773  2366   88.00000   34  174   91.00000   42.00000  53.8%   272  419s
  3808  2374   89.00000   34  113   91.00000   42.00000  53.8%   272  424s
  3847  2376   88.00000   35  172   91.00000   42.00000  53.8%   271  433s
  3866  2381   88.00000   36  157   91.00000   48.00000  47.3%   271  439s
  3887  2397   88.00000   36  122   91.00000   48.00000  47.3%   271  444s
  3914  2410   90.00000   37  110   91.00000   48.00000  47.3%   271  451s
  3942  2413     cutoff   37        91.00000   48.00000  47.3%   270  457s
  3967  2423   88.00000   37  120   91.00000   48.00000  47.3%   270  466s
  3991  2428   88.00000   38  102   91.00000   48.00000  47.3%   270  474s
  4021  2430   90.00000   38  116   91.00000   48.00000  47.3%   270  481s
  4046  2437   88.00000   39  113   91.00000   48.00000  47.3%   269  488s
  4079  2440   88.00000   39   91   91.00000   48.00000  47.3%   269  497s
  4103  2458   88.00000   40   70   91.00000   48.00000  47.3%   268  505s
  4135  2486   89.00000   42   69   91.00000   48.00000  47.3%   268  513s
  4196  2480 infeasible   49        91.00000   48.00000  47.3%   266  523s
  4258  2493   70.00000   29  169   91.00000   50.00000  45.1%   265  532s
  4339  2499   70.00000   30  155   91.00000   50.00000  45.1%   265  544s
  4402  2546   85.00000   36   96   91.00000   50.00000  45.1%   265  553s
  4498  2574   88.00000   54   93   91.00000   50.00000  45.1%   263  563s
H 4615  2317                      90.0000000   50.00000  44.4%   261  563s
  4620  2414   57.00000   19  251   90.00000   50.00000  44.4%   262  573s
H 4630  2318                      90.0000000   50.00000  44.4%   263  573s
H 4632  2155                      89.0000000   50.00000  43.8%   263  573s
  4759  2191   59.00000   22  205   89.00000   50.00000  43.8%   263  582s
H 4764  2105                      89.0000000   50.00000  43.8%   263  582s
  4902  2095   66.00000   27  212   89.00000   50.00000  43.8%   263  592s
  4955  2102   66.00000   28  199   89.00000   50.00000  43.8%   262  602s
H 4959  1966                      88.0000000   50.00000  43.2%   262  602s
  4987  2001   82.00000   29  116   88.00000   50.00000  43.2%   263  614s
H 5030  1911                      88.0000000   50.00000  43.2%   263  614s
  5086  1952 infeasible   30        88.00000   50.00000  43.2%   263  625s
  5270  1997   87.00000   40   23   88.00000   50.00000  43.2%   261  638s
  5449  2064 infeasible   41        88.00000   50.00000  43.2%   261  649s
  5708  2054   78.00000   26  102   88.00000   50.00000  43.2%   261  662s
  5828  2161   72.00000   37   69   88.00000   50.00000  43.2%   262  674s
  6124  2081 infeasible   67        88.00000   50.00000  43.2%   258  685s
  6159  2307 infeasible   67        88.00000   50.00000  43.2%   258  696s
  6638  2310   82.00000   56   22   88.00000   50.00000  43.2%   259  707s
  7004  2547   82.00000   57   23   88.00000   50.00000  43.2%   255  720s
  7682  2474 infeasible   50        88.00000   55.00000  37.5%   251  731s
  7703  2557   85.00000   50   43   88.00000   55.00000  37.5%   251  742s
  7864  2635   85.00000   51   49   88.00000   55.00000  37.5%   249  757s
  8070  2715   85.00000   52   52   88.00000   55.00000  37.5%   248  769s
  8291  2749 infeasible   53        88.00000   55.00000  37.5%   247  782s
  8401  2936   85.00000   53   41   88.00000   55.00000  37.5%   246  794s
  8809  3027   86.00000   53   67   88.00000   55.00000  37.5%   243  807s
  9047  3210 infeasible   54        88.00000   55.00000  37.5%   241  820s
  9493  3349     cutoff   55        88.00000   55.00000  37.5%   237  835s
  9879  3461   86.00000   56    9   88.00000   55.00000  37.5%   235  851s
 10206  3685 infeasible   57        88.00000   55.00000  37.5%   233  866s
 10783  3999   87.00000   57    6   88.00000   55.00000  37.5%   230  881s
 11554  4216 infeasible   58        88.00000   55.00000  37.5%   227  895s
 11938  4778   85.00000   42  101   88.00000   56.00000  36.4%   226  920s
*12462  4381              69      87.0000000   56.00000  35.6%   223  920s
 13175  4861 infeasible   43        87.00000   56.00000  35.6%   220  935s
H13176  4563                      86.0000000   56.00000  34.9%   220  935s
 14620  4920   79.00000   57   86   86.00000   56.00000  34.9%   216  950s
H15017  4920                      86.0000000   56.00000  34.9%   216  950s
 15883  5502   85.00000   46   93   86.00000   56.00000  34.9%   215  964s
 17105  5978   78.00000   44  145   86.00000   57.00000  33.7%   215  980s
*17560  4994              72      85.0000000   57.00000  32.9%   215  980s
 18117  5531     cutoff   37        85.00000   57.00000  32.9%   214  994s
H18509  5531                      85.0000000   57.00000  32.9%   214  994s
 19720  5994   80.00000   43   94   85.00000   57.00000  32.9%   216 1009s
 20883  7387   84.00000   44   74   85.00000   57.00000  32.9%   217 1037s
 23972  7400   67.00000   33  185   85.00000   58.00000  31.8%   216 1060s
 23991  7414   78.00000   34  161   85.00000   58.00000  31.8%   216 1088s
 24009  7529   59.00000   32  211   85.00000   58.00000  31.8%   216 1115s
 24240  8313   80.00000   39  160   85.00000   58.00000  31.8%   216 1145s
 26133  9359   70.00000   40  116   85.00000   58.00000  31.8%   213 1177s
 28943 10772   78.00000   40   85   85.00000   58.00000  31.8%   211 1211s
 32163 12125   77.00000   43  219   85.00000   58.00000  31.8%   212 1247s
 35431 12159   84.00000   51   70   85.00000   59.00000  30.6%   212 1283s
 35519 12219   76.00000   40  140   85.00000   59.00000  30.6%   212 1321s
 35680 12333 infeasible   45        85.00000   59.00000  30.6%   212 1362s
 35987 14472   77.00000   43  311   85.00000   59.00000  30.6%   212 1403s
 41209 14480   70.00000   46  232   85.00000   59.00000  30.6%   213 1439s
 41232 14488   70.00000   47  229   85.00000   59.00000  30.6%   213 1481s
 41256 14536   82.00000   48  169   85.00000   59.00000  30.6%   213 1525s
 41378 16495   82.00000   52   85   85.00000   59.00000  30.6%   213 1571s
 46740 18541   78.00000   43   85   85.00000   59.00000  30.6%   213 1617s
 51834 18645   81.00000   33  120   85.00000   59.00000  30.6%   215 1657s
 52016 20506   84.00000   43   82   85.00000   59.00000  30.6%   215 1696s
 56768 20510 infeasible   46        85.00000   59.00000  30.6%   218 1730s
 56795 20519   83.00000   45  141   85.00000   59.00000  30.6%   218 1768s
 56818 20668   83.00000   46  159   85.00000   59.00000  30.6%   218 1806s
 57137 21402   59.00000   29  219   85.00000   59.00000  30.6%   218 1847s
 58988 22878   76.00000   42  125   85.00000   59.00000  30.6%   219 1891s
 62805 23555   73.00000   28  143   85.00000   59.00000  30.6%   220 1932s
 64251 25724   82.00000   51   79   85.00000   59.00000  30.6%   220 1975s
 69064 28124   84.00000   46   86   85.00000   59.00000  30.6%   221 2012s
 74178 30485     cutoff   41        85.00000   59.00000  30.6%   222 2048s
 79254 31671     cutoff   45        85.00000   59.00000  30.6%   223 2084s
 82214 31759   73.00000   29  172   85.00000   59.00000  30.6%   224 2119s
 82390 33655   81.00000   34   92   85.00000   59.00000  30.6%   224 2154s
 86318 35170 infeasible   55        85.00000   59.00000  30.6%   226 2190s
 89779 36554   82.00000   47  127   85.00000   59.00000  30.6%   228 2223s
 93239 38092   59.00000   28  224   85.00000   59.00000  30.6%   230 2254s
 96412 38104     cutoff   40        85.00000   59.00000  30.6%   231 2284s
 96432 38237   81.00000   41  185   85.00000   59.00000  30.6%   232 2315s
 96692 38357   81.00000   42   93   85.00000   59.00000  30.6%   231 2346s
 96971 38731 infeasible   43        85.00000   59.00000  30.6%   231 2381s
 97740 39370   81.00000   44   96   85.00000   59.00000  30.6%   231 2417s
 99118 39414   81.00000   45   94   85.00000   59.00000  30.6%   231 2451s
 99211 40269   81.00000   46   90   85.00000   59.00000  30.6%   231 2486s
 101035 41474   77.00000   37  171   85.00000   59.00000  30.6%   231 2521s
 103703 41582   77.00000   45  130   85.00000   59.00000  30.6%   231 2557s
 103961 42769 infeasible   53        85.00000   59.00000  30.6%   232 2593s
 107192 43908   66.00000   36  169   85.00000   59.00000  30.6%   232 2628s
 110291 45067   82.00000   32  143   85.00000   59.00000  30.6%   233 2664s
 113111 46787   82.00000   34  146   85.00000   59.00000  30.6%   233 2696s
 117408 47853   59.00000   31  209   85.00000   59.00000  30.6%   235 2728s
 120273 49281   74.00000   30  172   85.00000   59.00000  30.6%   235 2761s
 123435 51100   77.00000   31  163   85.00000   59.00000  30.6%   236 2792s
 127201 52498   59.00000   33  145   85.00000   59.00000  30.6%   235 2822s
 130321 52548   80.00000   47  119   85.00000   59.00000  30.6%   236 2855s
 130445 52575 infeasible   54        85.00000   59.00000  30.6%   236 2885s
 130508 52695 infeasible   55        85.00000   59.00000  30.6%   236 2917s
 130779 52867 infeasible   56        85.00000   59.00000  30.6%   236 2949s
 131187 53136   73.00000   38  207   85.00000   59.00000  30.6%   236 2980s
 131867 53675   73.00000   39  191   85.00000   59.00000  30.6%   236 3019s
 133109 54237   76.00000   40  202   85.00000   59.00000  30.6%   236 3052s
 134514 54300   76.00000   41  198   85.00000   59.00000  30.6%   236 3085s
 134644 55490   76.00000   42  166   85.00000   59.00000  30.6%   236 3122s
*136014 50702              67      84.0000000   59.00000  29.8%   236 3122s
 137109 52842   76.00000   43  141   84.00000   59.00000  29.8%   236 3158s
H138671 52834                      84.0000000   59.00000  29.8%   236 3158s
*142056 48362              68      83.0000000   59.00000  28.9%   236 3158s
 142663 49206 infeasible   53        83.00000   59.00000  28.9%   235 3194s
H142664 49201                      83.0000000   59.00000  28.9%   235 3194s
 146195 50643 infeasible   49        83.00000   59.00000  28.9%   235 3225s
 149862 51906   73.00000   33  165   83.00000   59.00000  28.9%   237 3257s
 152974 53192   82.00000   57   57   83.00000   59.00000  28.9%   238 3288s
 156265 54223   59.00000   34  167   83.00000   59.00000  28.9%   240 3319s
 159560 54246 infeasible   48        83.00000   59.00000  28.9%   241 3349s
 159602 55608   78.00000   47  133   83.00000   59.00000  28.9%   241 3381s
 162888 56547   76.00000   37  212   83.00000   59.00000  28.9%   241 3412s
 165871 56558   59.00000   33  198   83.00000   59.00000  28.9%   241 3438s
 165890 56568   59.00000   34  226   83.00000   59.00000  28.9%   241 3464s
 165911 56574   59.00000   35  224   83.00000   59.00000  28.9%   241 3496s
 165936 56587   59.00000   36  223   83.00000   59.00000  28.9%   241 3530s
 165955 56601   79.00000   37  198   83.00000   59.00000  28.9%   241 3565s
 165973 56611   79.00000   38  144   83.00000   59.00000  28.9%   241 3600s

Cutting planes:
  Gomory: 3
  Cover: 25
  MIR: 168
  Flow cover: 490
  RLT: 134
  Lazy constraints: 10

Explored 165995 nodes (40134808 simplex iterations) in 3600.05 seconds (3068.45 work units)
Thread count was 32 (of 32 available processors)

Solution count 10: 83 83 84 ... 88

Time limit reached
Best objective 8.299999999160e+01, best bound 5.900000000000e+01, gap 28.9157%
