
Gurobi 13.0.0 (linux64) logging started Fri Nov 28 12:06:32 2025

Set parameter LogFile to value "./Results/StripPacking-BranchSP/Logs/SBspbM-010-StripPacking-35-0.log"
Set parameter TimeLimit to value 3600
Set parameter Cuts to value 0
Set parameter Presolve to value 1
Set parameter Heuristics to value 0
Set parameter LogToConsole to value 0
Set parameter LPWarmStart to value 2
Gurobi Optimizer version 13.0.0 build v13.0.0rc1 (linux64 - "Debian GNU/Linux 12 (bookworm)")

CPU model: Intel(R) Xeon(R) CPU E5-2630 v3 @ 2.40GHz, instruction set [SSE2|AVX|AVX2]
Thread count: 16 physical cores, 32 logical processors, using up to 32 threads

Non-default parameters:
TimeLimit  3600
LPWarmStart  2
Heuristics  0
Cuts  0
LogToConsole  0
Presolve  1

Optimize a model with 36925 rows, 1856 columns and 110740 nonzeros (Min)
Model fingerprint: 0xf21b5b64
Model has 1 linear objective coefficients
Variable types: 666 continuous, 1190 integer (1190 binary)
Coefficient statistics:
  Matrix range     [1e+00, 1e+04]
  Objective range  [1e+00, 1e+00]
  Bounds range     [1e+00, 1e+04]
  RHS range        [1e+00, 1e+04]
Using branch priorities.

Warning: Completing partial solution with 1190 unfixed non-continuous variables out of 1190
User MIP start did not produce a new incumbent solution

Presolve removed 2975 rows and 0 columns
Presolve time: 0.26s
Presolved: 33950 rows, 1856 columns, 103005 nonzeros
Variable types: 666 continuous, 1190 integer (1190 binary)
Root relaxation presolved: 20860 rows, 14946 columns, 76825 nonzeros


Root relaxation: objective 4.800000e+01, 4182 iterations, 1.40 seconds (1.16 work units)
Another try with MIP start

    Nodes    |    Current Node    |     Objective Bounds      |     Work
 Expl Unexpl |  Obj  Depth IntInf | Incumbent    BestBd   Gap | It/Node Time

H    0     0                     195.0000000   48.00000  75.4%     -    4s
H    0     0                     192.0000000   48.00000  75.0%     -    4s
H    0     0                     183.0000000   48.00000  73.8%     -    4s
H    0     0                     180.0000000   48.00000  73.3%     -    4s
H    0     0                     166.0000000   48.00000  71.1%     -    5s
H    0     0                     165.0000000   48.00000  70.9%     -    5s
H    0     0                     163.0000000   48.00000  70.6%     -    5s
H    0     0                     161.0000000   48.00000  70.2%     -    6s
H    0     0                     146.0000000   48.00000  67.1%     -    6s
H    0     0                     143.0000000   48.00000  66.4%     -    6s
H    0     0                     142.0000000   48.00000  66.2%     -    6s
H    0     0                     133.0000000   48.00000  63.9%     -    6s
H    0     0                     128.0000000   48.00000  62.5%     -    9s
H    0     0                     128.0000000   48.00000  62.5%     -    9s
H    0     0                     127.0000000   48.00000  62.2%     -    9s
H    0     0                     126.0000000   48.00000  61.9%     -    9s
H    0     0                     123.0000000   48.00000  61.0%     -    9s
     0     0   48.00000    0  329  123.00000   48.00000  61.0%     -   10s
     0     0   48.00000    0  329  123.00000   48.00000  61.0%     -   10s
     0     0   48.00000    0  287  123.00000   48.00000  61.0%     -   15s
     0     2   48.00000    0  229  123.00000   48.00000  61.0%     -   16s
    31    48   48.00000    5  232  123.00000   48.00000  61.0%   479   21s
   147   175   48.00000   12  253  123.00000   48.00000  61.0%   529   27s
   235   309   48.00000   16  327  123.00000   48.00000  61.0%   624   31s
   383   486   48.00000   20  291  123.00000   48.00000  61.0%   625   37s
   493   647   48.00000   26  293  123.00000   48.00000  61.0%   605   42s
   654   855   48.00000   33  364  123.00000   48.00000  61.0%   581   51s
   870  1288   58.00000   40  286  123.00000   48.00000  61.0%   560   59s
  1341  1813   58.00000   56  321  123.00000   48.00000  61.0%   463   64s
  1936  2269   97.00000   90  158  123.00000   48.00000  61.0%   378   69s
  2536  2715   48.00000   18  339  123.00000   48.00000  61.0%   327   73s
  3084  3106   48.00000   23  431  123.00000   48.00000  61.0%   296   78s
  3547  3511   64.00000   35  334  123.00000   48.00000  61.0%   283   83s
  4059  3513  121.00000  108  374  123.00000   48.00000  61.0%   268   89s
  4060  3514  122.00000  119  340  123.00000   48.00000  61.0%   268  101s
  4068  3528   48.00000   16  346  123.00000   48.00000  61.0%   273  106s
  4092  3552   48.00000   18  316  123.00000   48.00000  61.0%   275  120s
  4140  3606   48.00000   21  369  123.00000   48.00000  61.0%   296  129s
  4178  3628   48.00000   22  359  123.00000   48.00000  61.0%   301  134s
  4212  3637   48.00000   24  340  123.00000   48.00000  61.0%   304  149s
  4233  3699   48.00000   25  360  123.00000   48.00000  61.0%   312  155s
  4302  3764   48.00000   26  335  123.00000   48.00000  61.0%   319  163s
  4390  3881   51.00000   29  394  123.00000   48.00000  61.0%   329  172s
  4536  4031   52.00000   31  375  123.00000   48.00000  61.0%   338  182s
  4735  4169   61.00000   33  328  123.00000   48.00000  61.0%   340  190s
  4939  4312   51.00000   36  500  123.00000   48.00000  61.0%   344  200s
  5150  4397   51.00000   37  408  123.00000   48.00000  61.0%   343  209s
  5327  4546   51.00000   40  371  123.00000   48.00000  61.0%   346  217s
  5537  4823   53.00000   43  337  123.00000   48.00000  61.0%   346  225s
  5893  5053   53.00000   46  304  123.00000   48.00000  61.0%   337  232s
  6300  5169   54.00000   52  365  123.00000   48.00000  61.0%   331  239s
* 6536  4882             157     122.0000000   48.00000  60.7%   330  239s
  6598  5126   70.00000   64  285  122.00000   48.00000  60.7%   329  244s
  6953  5289   70.00000   80  193  122.00000   48.00000  60.7%   324  249s
  7302  5541   84.00000   99  149  122.00000   48.00000  60.7%   318  255s
* 7359  5262             165     119.0000000   48.00000  59.7%   316  255s
* 7362  5090             166     118.0000000   48.00000  59.3%   316  255s
* 7806  4773             153     117.0000000   48.00000  59.0%   310  259s
  8001  4841   59.00000   25  407  117.00000   48.00000  59.0%   310  265s
  8228  4987   71.00000   33  284  117.00000   48.00000  59.0%   311  274s
* 8347  4724             124     116.0000000   48.00000  58.6%   311  274s
  8493  4727   86.00000   48  158  116.00000   48.00000  58.6%   313  282s
  8625  5028   86.00000   54  398  116.00000   48.00000  58.6%   315  289s
  9005  5126  105.00000   72  197  116.00000   48.00000  58.6%   313  297s
  9342  5284 infeasible   85       116.00000   48.00000  58.6%   311  304s
  9772  5363   49.00000   39  424  116.00000   48.00000  58.6%   309  312s
 10086  5661   51.00000   49  409  116.00000   48.00000  58.6%   310  320s
 10550  5924   75.00000   73  226  116.00000   48.00000  58.6%   308  330s
 11045  6119  112.00000  100   63  116.00000   48.00000  58.6%   307  340s
*11107  5787             146     115.0000000   48.00000  58.3%   305  340s
*11335  5290             149     113.0000000   48.00000  57.5%   305  340s
 11565  5497   63.00000   33  182  113.00000   48.00000  57.5%   305  349s
*11687  5352             123     112.0000000   48.00000  57.1%   305  349s
 11944  5529   69.00000   46  208  112.00000   48.00000  57.1%   306  359s
 12179  5934 infeasible   77       112.00000   48.00000  57.1%   308  369s
 12656  6235   60.00000   36  504  112.00000   48.00000  57.1%   309  383s
 13021  6651   70.00000   46  378  112.00000   48.00000  57.1%   309  393s
 13573  7137 infeasible   99       112.00000   48.00000  57.1%   309  406s
 14159  7663   59.00000   43  259  112.00000   48.00000  57.1%   309  418s
 14898  8270   85.00000   74  229  112.00000   48.00000  57.1%   307  429s
*15169  7830             148     111.0000000   48.00000  56.8%   303  429s
 15735  8422     cutoff  132       111.00000   48.00000  56.8%   303  441s
 16575  9111   77.00000   62  191  111.00000   48.00000  56.8%   299  453s
*17050  8489             127     109.0000000   48.00000  56.0%   296  453s
 17721  8581   48.00000   31  569  109.00000   48.00000  56.0%   292  467s
 18126  9015   48.00000   36  458  109.00000   48.00000  56.0%   292  480s
 18770  9586   70.00000   51  404  109.00000   48.00000  56.0%   293  494s
 19595 10226   49.00000   29  381  109.00000   48.00000  56.0%   291  508s
 20519 10857   62.00000   44  359  109.00000   48.00000  56.0%   290  525s
 21227 11515  108.00000   77   71  109.00000   48.00000  56.0%   293  541s
 22087 12346   58.00000   41  326  109.00000   48.00000  56.0%   294  558s
 23308 12674  107.00000   66  342  109.00000   48.00000  56.0%   291  573s
 23814 13473   48.00000   29  450  109.00000   48.00000  56.0%   291  589s
 24908 14017   88.00000   58  242  109.00000   48.00000  56.0%   289  611s
 25848 14571  108.00000  124   33  109.00000   48.00000  56.0%   289  628s
 26617 15494   75.00000   52  277  109.00000   48.00000  56.0%   290  645s
*27480 14712             130     108.0000000   48.00000  55.6%   289  645s
 27795 15261     cutoff   74       108.00000   48.00000  55.6%   288  663s
 28720 16116   60.00000   35  635  108.00000   48.00000  55.6%   289  680s
 29780 16589   77.00000   40  403  108.00000   48.00000  55.6%   289  699s
 30491 17690   81.00000   47  350  108.00000   48.00000  55.6%   289  718s
*31091 16928             125     107.0000000   48.00000  55.1%   288  718s
 31806 18042   60.00000   52  258  107.00000   48.00000  55.1%   288  738s
 33580 19110  101.00000   86  101  107.00000   48.00000  55.1%   283  763s
*34570 18521             131     106.0000000   48.00000  54.7%   281  763s
 35166 19273  101.00000   58  289  106.00000   48.00000  54.7%   281  783s
 36280 20265   69.00000   51  184  106.00000   48.00000  54.7%   282  804s
 37601 21278   71.00000   58  226  106.00000   48.00000  54.7%   282  824s
 39070 22389   65.00000   68  261  106.00000   48.00000  54.7%   280  847s
 40617 23693   90.00000   80  263  106.00000   48.00000  54.7%   280  871s
 42440 25413  101.00000   76   81  106.00000   48.00000  54.7%   278  902s
 44950 26374   49.00000   35  519  106.00000   48.00000  54.7%   274  920s
 46366 27301   96.00000   70  133  106.00000   48.00000  54.7%   273  940s
 47655 28538  104.00000  120   38  106.00000   48.00000  54.7%   272  962s
*48266 27131             106     105.0000000   48.00000  54.3%   270  962s
 49629 27979 infeasible   95       105.00000   48.00000  54.3%   269  983s
 51187 29094   91.00000   81  183  105.00000   48.00000  54.3%   268 1005s
 52690 30191  102.00000   76  161  105.00000   48.00000  54.3%   267 1025s
 54386 31152   48.00000   27  466  105.00000   48.00000  54.3%   266 1049s
 55746 31978   59.00000   37  360  105.00000   48.00000  54.3%   267 1070s
 56968 32704   76.00000   53  253  105.00000   48.00000  54.3%   267 1089s
 58122 33704  101.00000   67  115  105.00000   48.00000  54.3%   269 1110s
 59595 34708   49.00000   25  449  105.00000   48.00000  54.3%   269 1132s
 61070 35972  102.00000   82   93  105.00000   48.00000  54.3%   269 1156s
 62797 37111   99.00000   95  116  105.00000   48.00000  54.3%   268 1178s
 64355 38671   62.00000   32  377  105.00000   48.00000  54.3%   268 1210s
 66624 39683   90.00000   66  215  105.00000   48.00000  54.3%   267 1233s
 68150 40767   71.00000   69  229  105.00000   48.00000  54.3%   266 1254s
 69825 41670   63.00000   52  415  105.00000   48.00000  54.3%   265 1274s
 71302 42664   72.00000   76  216  105.00000   48.00000  54.3%   265 1294s
 72781 43654  104.00000  117   62  105.00000   48.00000  54.3%   265 1315s
 74343 44591   48.14980   53  693  105.00000   48.00000  54.3%   265 1336s
 75738 45770   78.00000   66  495  105.00000   48.00000  54.3%   265 1359s
 77420 47171   59.00000   62  262  105.00000   48.00000  54.3%   265 1382s
 79456 48471   82.00000   85  194  105.00000   48.00000  54.3%   263 1403s
 81401 49533  102.00000   96   52  105.00000   48.00000  54.3%   261 1423s
 82986 50644  102.00000   87  100  105.00000   48.00000  54.3%   261 1444s
 84606 51653   48.00000   29  427  105.00000   48.00000  54.3%   261 1467s
 86039 53007   56.00000   44  338  105.00000   48.00000  54.3%   261 1494s
 87871 54226   58.00000   56  348  105.00000   48.00000  54.3%   261 1518s
 89588 55342  104.00000   87  253  105.00000   48.00000  54.3%   261 1541s
 91274 56569   78.00000   56  216  105.00000   48.00000  54.3%   261 1564s
*92567 50600             120     103.0000000   48.00000  53.4%   260 1564s
 93132 51417     cutoff  107       103.00000   48.00000  53.4%   260 1586s
 94667 52586  102.00000   93  110  103.00000   48.00000  53.4%   260 1609s
 96471 53676   79.00000   64  270  103.00000   48.00000  53.4%   259 1632s
 98055 54857  102.00000  104   59  103.00000   48.00000  53.4%   259 1654s
 99962 55996   48.00000   43  324  103.00000   48.00000  53.4%   258 1676s
 101659 56804   96.00000   89   91  103.00000   48.00000  53.4%   258 1698s
 102962 57830   63.00000   43  316  103.00000   48.00000  53.4%   258 1721s
 104490 58885   59.00000   66  312  103.00000   48.00000  53.4%   258 1743s
 106157 60070   58.00000   54  264  103.00000   48.00000  53.4%   258 1766s
 107781 61202   69.00000   48  262  103.00000   48.00000  53.4%   258 1795s
 109627 62316   78.00000   53  243  103.00000   48.00000  53.4%   258 1821s
 111116 63525   98.00000   74  122  103.00000   48.00000  53.4%   258 1845s
 113085 64595   59.00000   57  290  103.00000   48.00000  53.4%   258 1870s
 114638 65756  101.00000   67  161  103.00000   48.00000  53.4%   258 1895s
 116586 66671  102.00000   88  175  103.00000   48.00000  53.4%   258 1916s
 118272 67847 infeasible  101       103.00000   48.00000  53.4%   257 1938s
 119991 68960   81.00000   78  198  103.00000   48.00000  53.4%   257 1959s
 121910 70141  102.00000  101  136  103.00000   48.00000  53.4%   256 1981s
 123540 71032   93.00000   89  140  103.00000   48.00000  53.4%   256 2001s
 125049 72162   48.00000   59  266  103.00000   48.00000  53.4%   256 2023s
 126804 73273   72.00000   60  249  103.00000   48.00000  53.4%   255 2042s
 128601 74770   69.00000   58  257  103.00000   48.00000  53.4%   255 2067s
 130905 75514   69.00000   58  401  103.00000   48.00000  53.4%   254 2085s
 132216 76557  102.00000   81   61  103.00000   48.00000  53.4%   254 2104s
 133829 77663  101.00000   98  220  103.00000   48.00000  53.4%   253 2122s
*133925 72817             130     102.0000000   48.00000  52.9%   253 2122s
 135642 73781   94.00000   71  187  102.00000   48.00000  52.9%   253 2141s
 137243 74681  101.00000  113   47  102.00000   48.00000  52.9%   252 2159s
 138760 75841   91.00000   82  175  102.00000   48.00000  52.9%   252 2177s
 140325 76780     cutoff   83       102.00000   48.00000  52.9%   252 2198s
 141938 77708   48.00000   56  452  102.00000   48.00000  52.9%   252 2216s
 143277 78617   94.00000   89  218  102.00000   48.00000  52.9%   252 2237s
 144788 79523   69.00000   59  339  102.00000   48.00000  52.9%   251 2256s
 146115 80405 infeasible   82       102.00000   48.00000  52.9%   252 2277s
 147674 81317   90.00000   71  159  102.00000   48.00000  52.9%   251 2300s
 149099 82372   83.00000   74  391  102.00000   48.00000  52.9%   252 2324s
 150701 83533   92.00000   76  179  102.00000   48.00000  52.9%   252 2350s
 152553 84597   69.00000   64  250  102.00000   48.00000  52.9%   252 2374s
 154242 85656   50.00000   52  303  102.00000   48.00000  52.9%   251 2399s
 155941 86443 infeasible   83       102.00000   48.00000  52.9%   251 2422s
 157147 87418   58.00000   58  207  102.00000   48.00000  52.9%   252 2445s
 158602 88370   48.00000   50  426  102.00000   48.00000  52.9%   252 2471s
 160107 89479 infeasible  113       102.00000   48.00000  52.9%   252 2497s
 161878 90514   98.00000   65  248  102.00000   48.00000  52.9%   252 2520s
 163340 91535   81.00000   66  401  102.00000   48.00000  52.9%   253 2545s
 165013 92523   99.00000   73  229  102.00000   48.00000  52.9%   253 2569s
 166603 93687   69.00000   47  514  102.00000   48.00000  52.9%   253 2593s
 168363 94805   77.00000   73  296  102.00000   48.00000  52.9%   253 2617s
 170078 96004   92.00000   95  111  102.00000   48.00000  52.9%   253 2641s
 171988 97095   95.00000   76  147  102.00000   48.00000  52.9%   253 2662s
 173608 98004   62.00000   62  297  102.00000   48.00000  52.9%   253 2683s
 175158 98968   87.00000   66  242  102.00000   48.00000  52.9%   253 2704s
 176539 99854   91.00000   84  158  102.00000   48.00000  52.9%   253 2726s
 178058 100924 infeasible   87       102.00000   48.00000  52.9%   253 2748s
 179644 101982   84.00000   84  268  102.00000   48.00000  52.9%   253 2771s
 181264 103135 infeasible   98       102.00000   48.00000  52.9%   253 2794s
 182981 104266   91.00000   74  159  102.00000   48.00000  52.9%   253 2817s
 184811 105162   99.00000   90  146  102.00000   48.00000  52.9%   253 2839s
 186268 106084   56.00000   44  324  102.00000   48.00000  52.9%   253 2862s
 187699 107088   97.00000  105  168  102.00000   48.00000  52.9%   253 2884s
 189110 108096   80.00000   78  389  102.00000   48.00000  52.9%   253 2906s
 190575 109066  100.00000   79  176  102.00000   48.00000  52.9%   253 2930s
 192135 110100   48.00000   44  376  102.00000   48.00000  52.9%   254 2955s
 193764 111264   60.00000   47  401  102.00000   48.00000  52.9%   254 2982s
 195550 112234 infeasible   89       102.00000   48.00000  52.9%   254 3008s
 197078 113301   53.00000   52  363  102.00000   48.00000  52.9%   254 3036s
 198726 114375   97.00000   84  143  102.00000   48.00000  52.9%   255 3065s
 200291 115636   71.00000   61  270  102.00000   48.00000  52.9%   255 3090s
 201977 116957     cutoff   89       102.00000   48.00000  52.9%   255 3115s
 203788 118204   48.00000   33  575  102.00000   48.00000  52.9%   255 3142s
 205658 119145   49.00000   40  476  102.00000   48.00000  52.9%   255 3168s
 207155 120030   95.00000   56  372  102.00000   48.00000  52.9%   256 3192s
 208511 120984   67.00000   60  347  102.00000   48.00000  52.9%   256 3217s
 209986 121909   93.00000   97  156  102.00000   48.00000  52.9%   257 3242s
 211478 122972   57.00000   39  387  102.00000   48.00000  52.9%   257 3266s
 213120 123936  101.00000   75  129  102.00000   48.00000  52.9%   257 3289s
 214638 125120   69.00000   63  323  102.00000   48.00000  52.9%   257 3314s
 216437 126143   98.00000   94  117  102.00000   48.00000  52.9%   257 3338s
 218083 127124   67.00000   52  322  102.00000   48.00000  52.9%   257 3362s
 219648 128154   96.00000   92  153  102.00000   48.00000  52.9%   257 3386s
 221240 129226   84.00000   80  296  102.00000   48.00000  52.9%   257 3410s
 223170 130381   89.00000   89  142  102.00000   48.00000  52.9%   257 3432s
 225034 131461   90.00000   76  181  102.00000   48.00000  52.9%   257 3455s
 226669 132400   49.00000   35  531  102.00000   48.00000  52.9%   257 3477s
 228171 133441   99.00000   68  144  102.00000   48.00000  52.9%   257 3501s
 229807 134205  101.00000  104   32  102.00000   48.00000  52.9%   257 3524s
 230983 135144   86.00000   47  397  102.00000   48.00000  52.9%   257 3548s
 232339 136101   82.00000   57  246  102.00000   48.00000  52.9%   258 3572s
 233864 137206   68.00000   36  378  102.00000   48.00000  52.9%   258 3597s
 235619 137335   70.00000   51  313  102.00000   48.00000  52.9%   258 3600s

Explored 235780 nodes (60816247 simplex iterations) in 3600.04 seconds (2449.53 work units)
Thread count was 32 (of 32 available processors)

Solution count 10: 102 103 105 ... 113

Time limit reached
Best objective 1.020000000000e+02, best bound 4.800000000000e+01, gap 52.9412%
