
Gurobi 13.0.0 (linux64) logging started Fri Nov 28 13:06:34 2025

Set parameter LogFile to value "./Results/StripPacking-BranchSP/Logs/SBspbM-111-StripPacking-35-0.log"
Set parameter TimeLimit to value 3600
Set parameter Cuts to value 1
Set parameter Presolve to value 1
Set parameter Heuristics to value 1
Set parameter LogToConsole to value 0
Set parameter LPWarmStart to value 2
Gurobi Optimizer version 13.0.0 build v13.0.0rc1 (linux64 - "Debian GNU/Linux 12 (bookworm)")

CPU model: Intel(R) Xeon(R) CPU E5-2630 v3 @ 2.40GHz, instruction set [SSE2|AVX|AVX2]
Thread count: 16 physical cores, 32 logical processors, using up to 32 threads

Non-default parameters:
TimeLimit  3600
LPWarmStart  2
Heuristics  1
Cuts  1
LogToConsole  0
Presolve  1

Optimize a model with 36925 rows, 1856 columns and 110740 nonzeros (Min)
Model fingerprint: 0xf21b5b64
Model has 1 linear objective coefficients
Variable types: 666 continuous, 1190 integer (1190 binary)
Coefficient statistics:
  Matrix range     [1e+00, 1e+04]
  Objective range  [1e+00, 1e+00]
  Bounds range     [1e+00, 1e+04]
  RHS range        [1e+00, 1e+04]
Using branch priorities.

Warning: Completing partial solution with 1190 unfixed non-continuous variables out of 1190
User MIP start did not produce a new incumbent solution

Presolve removed 2975 rows and 0 columns
Presolve time: 0.24s
Presolved: 33950 rows, 1856 columns, 103005 nonzeros
Variable types: 666 continuous, 1190 integer (1190 binary)
Found heuristic solution: objective 390.0000000
Found heuristic solution: objective 286.0000000
Found heuristic solution: objective 285.0000000
Root relaxation presolved: 20860 rows, 14946 columns, 76825 nonzeros


Root relaxation: objective 4.800000e+01, 4182 iterations, 1.39 seconds (1.16 work units)

    Nodes    |    Current Node    |     Objective Bounds      |     Work
 Expl Unexpl |  Obj  Depth IntInf | Incumbent    BestBd   Gap | It/Node Time

     0     0   48.00000    0  330  285.00000   48.00000  83.2%     -    3s
Another try with MIP start
H    0     0                     189.0000000   48.00000  74.6%     -    3s
H    0     0                     180.0000000   48.00000  73.3%     -    3s
H    0     0                     170.0000000   48.00000  71.8%     -    4s
H    0     0                     162.0000000   48.00000  70.4%     -    4s
H    0     0                     142.0000000   48.00000  66.2%     -    4s
H    0     0                     141.0000000   48.00000  66.0%     -    4s
H    0     0                     137.0000000   48.00000  65.0%     -    5s
H    0     0                     132.0000000   48.00000  63.6%     -    5s
H    0     0                     131.0000000   48.00000  63.4%     -    6s
H    0     0                     129.0000000   48.00000  62.8%     -    6s
H    0     0                     127.0000000   48.00000  62.2%     -    7s
H    0     0                     125.0000000   48.00000  61.6%     -    7s
H    0     0                     124.0000000   48.00000  61.3%     -    8s
H    0     0                     121.0000000   48.00000  60.3%     -    9s
H    0     0                     119.0000000   48.00000  59.7%     -    9s
H    0     0                     116.0000000   48.00000  58.6%     -    9s
H    0     0                     115.0000000   48.00000  58.3%     -    9s
H    0     0                     114.0000000   48.00000  57.9%     -   10s
     0     0   48.00000    0  469  114.00000   48.00000  57.9%     -   17s
     0     0   48.00000    0  437  114.00000   48.00000  57.9%     -   19s
     0     0   48.00000    0  461  114.00000   48.00000  57.9%     -   24s
     0     0   48.00000    0  303  114.00000   48.00000  57.9%     -   34s
     0     0   48.00000    0  388  114.00000   48.00000  57.9%     -   35s
H    0     0                     113.0000000   48.00000  57.5%     -   40s
     0     0   48.00000    0  386  113.00000   48.00000  57.5%     -   40s
     0     0   48.00000    0  386  113.00000   48.00000  57.5%     -   46s
H    0     0                     113.0000000   48.00000  57.5%     -   47s
H    0     0                     111.0000000   48.00000  56.8%     -   47s
     0     0   48.00000    0  363  111.00000   48.00000  56.8%     -   47s
     0     0   48.00000    0  446  111.00000   48.00000  56.8%     -   54s
     0     0   48.00000    0  326  111.00000   48.00000  56.8%     -   64s
H    0     0                     109.0000000   48.00000  56.0%     -   66s
H    0     0                     108.0000000   48.00000  55.6%     -   66s
     0     0   48.00000    0  326  108.00000   48.00000  55.6%     -   66s
     0     0   48.00000    0  475  108.00000   48.00000  55.6%     -   74s
     0     0   48.00000    0  384  108.00000   48.00000  55.6%     -   88s
H    0     0                     108.0000000   48.00000  55.6%     -   92s
     0     0   48.00000    0  459  108.00000   48.00000  55.6%     -   93s
H    0     0                     106.0000000   48.00000  54.7%     -   98s
     0     0   48.00000    0  517  106.00000   48.00000  54.7%     -   98s
     0     0   48.00000    0  428  106.00000   48.00000  54.7%     -  109s
     0     0   48.00000    0  428  106.00000   48.00000  54.7%     -  113s
     0     0   48.00000    0  288  106.00000   48.00000  54.7%     -  125s
     0     2   48.00000    0  288  106.00000   48.00000  54.7%     -  130s
     7    16   48.00000    3  465  106.00000   48.00000  54.7%  2947  135s
    15    32   48.00000    4  433  106.00000   48.00000  54.7%  3289  140s
H   25    32                     105.0000000   48.00000  54.3%  3298  140s
    31    45   48.00000    5  424  105.00000   48.00000  54.3%  3303  157s
    44    61   48.00000    6  385  105.00000   48.00000  54.3%  2925  167s
    60    79   48.00000    7  365  105.00000   48.00000  54.3%  2908  178s
H   63    79                     105.0000000   48.00000  54.3%  2906  178s
    78    95   48.00000    8  386  105.00000   48.00000  54.3%  2607  192s
    94   111   48.00000    8  481  105.00000   48.00000  54.3%  2537  207s
   110   127   48.00000    9  480  105.00000   48.00000  54.3%  2470  232s
   126   144   48.00000   10  486  105.00000   48.00000  54.3%  2423  260s
   145   160   48.00000   11  420  105.00000   48.00000  54.3%  2350  302s
   161   207   48.00000   11  458  105.00000   48.00000  54.3%  2294  356s
   208   423   48.00000   13  431  105.00000   48.00000  54.3%  2274  428s
   432  1329   48.00000   21  449  105.00000   48.00000  54.3%  1816  539s
  1406  1641   68.00000   75  325  105.00000   48.00000  54.3%   882  595s
  1854  1754   48.00000   12  432  105.00000   48.00000  54.3%   794  655s
  1999  2039   48.00000   13  438  105.00000   48.00000  54.3%   767  721s
  2300  2040   57.00000   31  288  105.00000   48.00000  54.3%   710  760s
  2302  2041   88.00000   92  434  105.00000   48.00000  54.3%   709  767s
  2303  2042   59.00000   30  476  105.00000   48.00000  54.3%   709  779s
  2304  2043   61.00000   40  448  105.00000   48.00000  54.3%   709  785s
  2305  2043   59.00000   19  389  105.00000   48.00000  54.3%   708  807s
  2306  2044   48.00000    9  357  105.00000   48.00000  54.3%   708  824s
  2307  2045   72.00000   59  469  105.00000   48.00000  54.3%   708  838s
  2308  2045   54.00000   26  443  105.00000   48.00000  54.3%   707  843s
  2309  2046   60.00000   39  393  105.00000   48.00000  54.3%   707  861s
  2310  2047   77.00000   67  468  105.00000   48.00000  54.3%   707  874s
  2311  2047   48.00000    5  325  105.00000   48.00000  54.3%   706  898s
  2312  2048   56.00000   19  376  105.00000   48.00000  54.3%   706  908s
  2313  2049   48.00000   12  299  105.00000   48.00000  54.3%   706  924s
H 2313  1946                     104.0000000   48.00000  53.8%   706  926s
  2315  1947   60.00000   54  354  104.00000   48.00000  53.8%   705  951s
H 2315  1849                     104.0000000   48.00000  53.8%   705  954s
  2316  1850   70.00000   40  382  104.00000   48.00000  53.8%   705  962s
  2317  1850   54.00000   26  315  104.00000   48.00000  53.8%   705  977s
  2318  1851   72.00000   75  372  104.00000   48.00000  53.8%   704  986s
  2319  1852   63.00000   46  429  104.00000   48.00000  53.8%   704 1013s
  2320  1852   70.00000   33  451  104.00000   48.00000  53.8%   704 1024s
  2321  1853   68.00000   77  388  104.00000   48.00000  53.8%   703 1040s
  2322  1854   90.00000   85  388  104.00000   48.00000  53.8%   703 1048s
  2323  1854   58.00000   18  388  104.00000   48.00000  53.8%   703 1055s
  2324  1858   48.00000   14  465  104.00000   48.00000  53.8%   815 1064s
  2326  1861   48.00000   15  571  104.00000   48.00000  53.8%   820 1076s
  2330  1868   48.00000   16  807  104.00000   48.00000  53.8%   838 1098s
  2338  1881   48.00000   17  845  104.00000   48.00000  53.8%   885 1135s
  2354  1889   48.00000   18  849  104.00000   48.00000  53.8%   968 1162s
  2367  1904   48.00000   19  688  104.00000   48.00000  53.8%   975 1215s
  2386  1913   48.00000   20  581  104.00000   48.00000  53.8%  1028 1297s
  2402  1925   48.00000   20  644  104.00000   48.00000  53.8%  1078 1423s
  2419  1936   48.00000   21  662  104.00000   48.00000  53.8%  1090 1592s
  2436  2044   48.00000   21  689  104.00000   48.00000  53.8%  1134 1824s
  2549  2108   48.00000   24  699  104.00000   48.00000  53.8%  1255 1975s
  2651  2403   48.00000   24  738  104.00000   48.00000  53.8%  1269 2148s
  2996  2745   48.00000   31  496  104.00000   48.00000  53.8%  1343 2275s
  3506  2647   48.00000   34  523  104.00000   48.00000  53.8%  1230 2366s
  3603  2861   48.00000   35  620  104.00000   48.00000  53.8%  1226 2456s
  3934  2777   48.00000   35  597  104.00000   48.00000  53.8%  1165 2542s
  3991  2877   48.00000   36  581  104.00000   48.00000  53.8%  1176 2631s
  4123  2903   59.00000   36  479  104.00000   48.00000  53.8%  1162 2725s
  4273  2871   59.00000   37  466  104.00000   48.00000  53.8%  1151 2826s
  4291  2908   59.00000   38  460  104.00000   48.00000  53.8%  1161 2939s
  4344  3068   59.00000   40  370  104.00000   48.00000  53.8%  1163 3060s
  4585  3139   59.00000   42  338  104.00000   48.00000  53.8%  1140 3185s
  4813  3093   66.00000   42  268  104.00000   48.00000  53.8%  1113 3311s
  4843  3223   59.00000   43  261  104.00000   48.00000  53.8%  1118 3442s
  5011  3272   59.00000   43  362  104.00000   48.00000  53.8%  1104 3586s
  5138  3253   59.00000   44  312  104.00000   48.00000  53.8%  1092 3600s
H 5139  3086                     103.0000000   48.00000  53.4%  1092 3600s

Cutting planes:
  Lift-and-project: 5
  Cover: 52
  MIR: 196
  Flow cover: 829
  RLT: 84
  Relax-and-lift: 1

Explored 5165 nodes (5775276 simplex iterations) in 3600.05 seconds (2949.98 work units)
Thread count was 32 (of 32 available processors)

Solution count 10: 103 104 104 ... 111

Time limit reached
Best objective 1.030000000000e+02, best bound 4.800000000000e+01, gap 53.3981%
