
Gurobi 13.0.0 (linux64) logging started Fri Nov 28 08:04:28 2025

Set parameter LogFile to value "./Results/StripPacking-BranchSP/Logs/SBspbM-111-StripPacking-10-0.log"
Set parameter TimeLimit to value 3600
Set parameter Cuts to value 1
Set parameter Presolve to value 1
Set parameter Heuristics to value 1
Set parameter LogToConsole to value 0
Set parameter LPWarmStart to value 2
Gurobi Optimizer version 13.0.0 build v13.0.0rc1 (linux64 - "Debian GNU/Linux 12 (bookworm)")

CPU model: Intel(R) Xeon(R) CPU E5-2630 v3 @ 2.40GHz, instruction set [SSE2|AVX|AVX2]
Thread count: 16 physical cores, 32 logical processors, using up to 32 threads

Non-default parameters:
TimeLimit  3600
LPWarmStart  2
Heuristics  1
Cuts  1
LogToConsole  0
Presolve  1

Optimize a model with 1300 rows, 156 columns and 3890 nonzeros (Min)
Model fingerprint: 0x947f51b0
Model has 1 linear objective coefficients
Variable types: 66 continuous, 90 integer (90 binary)
Coefficient statistics:
  Matrix range     [1e+00, 1e+04]
  Objective range  [1e+00, 1e+00]
  Bounds range     [1e+00, 1e+04]
  RHS range        [1e+00, 1e+04]
Using branch priorities.

User MIP start produced solution with objective 50 (0.00s)
Loaded user MIP start with objective 50

Presolve removed 225 rows and 0 columns
Presolve time: 0.01s
Presolved: 1075 rows, 156 columns, 3305 nonzeros
Variable types: 66 continuous, 90 integer (90 binary)

Root relaxation: objective 3.500000e+01, 84 iterations, 0.00 seconds (0.00 work units)

    Nodes    |    Current Node    |     Objective Bounds      |     Work
 Expl Unexpl |  Obj  Depth IntInf | Incumbent    BestBd   Gap | It/Node Time

     0     0   35.00000    0    4   50.00000   35.00000  30.0%     -    0s
H    0     0                      46.0000000   35.00000  23.9%     -    0s
     0     0   35.00000    0    6   46.00000   35.00000  23.9%     -    0s
     0     0   35.00000    0    9   46.00000   35.00000  23.9%     -    0s
H    0     0                      44.0000000   35.00000  20.5%     -    0s
     0     0   35.00000    0   10   44.00000   35.00000  20.5%     -    0s
     0     0   35.00000    0   13   44.00000   35.00000  20.5%     -    0s
     0     0   35.00000    0    3   44.00000   35.00000  20.5%     -    0s
     0     0   35.00000    0    5   44.00000   35.00000  20.5%     -    0s
     0     0   35.00000    0    8   44.00000   35.00000  20.5%     -    0s
     0     0   35.00000    0    7   44.00000   35.00000  20.5%     -    0s
     0     0   35.00000    0   13   44.00000   35.00000  20.5%     -    0s
     0     0   35.00000    0    5   44.00000   35.00000  20.5%     -    0s
     0     0   35.00000    0    5   44.00000   35.00000  20.5%     -    0s
     0     0   35.00000    0   14   44.00000   35.00000  20.5%     -    0s
     0     0   35.00000    0    5   44.00000   35.00000  20.5%     -    0s
H    0     0                      42.0000000   35.00000  16.7%     -    0s
     0     0   35.00000    0    7   42.00000   35.00000  16.7%     -    0s
     0     0   35.00000    0   29   42.00000   35.00000  16.7%     -    0s
     0     0   35.00000    0    6   42.00000   35.00000  16.7%     -    0s
     0     0   35.00000    0    6   42.00000   35.00000  16.7%     -    0s
     0     0   35.00000    0    4   42.00000   35.00000  16.7%     -    0s
H    0     0                      41.0000000   35.00000  14.6%     -    0s
     0     0   35.00000    0    6   41.00000   35.00000  14.6%     -    0s
     0     0   35.00000    0   12   41.00000   35.00000  14.6%     -    0s
     0     0   35.00000    0    5   41.00000   35.00000  14.6%     -    0s
     0     0   35.00000    0    4   41.00000   35.00000  14.6%     -    0s
     0     0   35.00000    0   18   41.00000   35.00000  14.6%     -    0s
     0     0   35.00000    0    8   41.00000   35.00000  14.6%     -    0s
     0     0   35.00000    0   16   41.00000   35.00000  14.6%     -    0s
     0     0   35.00000    0   21   41.00000   35.00000  14.6%     -    0s
     0     0   35.00000    0    2   41.00000   35.00000  14.6%     -    0s
     0     0   35.00000    0    2   41.00000   35.00000  14.6%     -    0s
     0     0   35.00000    0    7   41.00000   35.00000  14.6%     -    0s
     0     0   35.00000    0    7   41.00000   35.00000  14.6%     -    0s
     0     0   35.00000    0    8   41.00000   35.00000  14.6%     -    0s
     0     0   35.00000    0    8   41.00000   35.00000  14.6%     -    0s
     0     0   35.00000    0    3   41.00000   35.00000  14.6%     -    0s
     0     0   35.00000    0    3   41.00000   35.00000  14.6%     -    0s
     0     2   35.00000    0    3   41.00000   35.00000  14.6%     -    0s
H 1596   501                      41.0000000   35.00000  14.6%  12.4    1s
* 1604   525              22      39.0000000   35.00000  10.3%  12.4    1s
H 5439   371                      39.0000000   38.00000  2.56%   8.9    2s
  8557    25 infeasible   14        39.00000   38.00000  2.56%   8.0    5s

Cutting planes:
  Learned: 33
  Gomory: 1
  Lift-and-project: 6
  Cover: 6
  MIR: 28
  Flow cover: 46
  Inf proof: 1
  RLT: 2

Explored 8713 nodes (71706 simplex iterations) in 5.78 seconds (2.73 work units)
Thread count was 32 (of 32 available processors)

Solution count 8: 39 39 41 ... 50

Optimal solution found (tolerance 1.00e-04)
Best objective 3.899999999600e+01, best bound 3.899999999600e+01, gap 0.0000%
