
Gurobi 13.0.0 (linux64) logging started Fri Nov 28 00:04:10 2025

Set parameter LogFile to value "./Results/StripPacking-BranchSP/Logs/SBspbL-010-StripPacking-20-0.log"
Set parameter TimeLimit to value 3600
Set parameter Cuts to value 0
Set parameter Presolve to value 1
Set parameter Heuristics to value 0
Set parameter LogToConsole to value 0
Set parameter LPWarmStart to value 2
Gurobi Optimizer version 13.0.0 build v13.0.0rc1 (linux64 - "Debian GNU/Linux 12 (bookworm)")

CPU model: Intel(R) Xeon(R) CPU E5-2630 v3 @ 2.40GHz, instruction set [SSE2|AVX|AVX2]
Thread count: 16 physical cores, 32 logical processors, using up to 32 threads

Non-default parameters:
TimeLimit  3600
LPWarmStart  2
Heuristics  0
Cuts  0
LogToConsole  0
Presolve  1

Optimize a model with 12825 rows, 651 columns and 39650 nonzeros (Min)
Model fingerprint: 0x1375e1eb
Model has 1 linear objective coefficients
Variable types: 51 continuous, 600 integer (600 binary)
Coefficient statistics:
  Matrix range     [1e+00, 1e+04]
  Objective range  [1e+00, 1e+00]
  Bounds range     [1e+00, 1e+04]
  RHS range        [5e-01, 1e+04]
Using branch priorities.

Warning: Completing partial solution with 600 unfixed non-continuous variables out of 600
User MIP start did not produce a new incumbent solution

Presolve removed 600 rows and 0 columns
Presolve time: 0.05s
Presolved: 12225 rows, 651 columns, 37850 nonzeros
Variable types: 51 continuous, 600 integer (600 binary)

Root relaxation: objective 3.600000e+01, 2651 iterations, 0.43 seconds (0.37 work units)
Another try with MIP start

    Nodes    |    Current Node    |     Objective Bounds      |     Work
 Expl Unexpl |  Obj  Depth IntInf | Incumbent    BestBd   Gap | It/Node Time

H    0     0                     160.0000000   36.00000  77.5%     -    1s
H    0     0                     153.0000000   36.00000  76.5%     -    1s
H    0     0                     151.0000000   36.00000  76.2%     -    1s
H    0     0                     148.0000000   36.00000  75.7%     -    1s
H    0     0                     144.0000000   36.00000  75.0%     -    1s
H    0     0                     140.0000000   36.00000  74.3%     -    2s
H    0     0                     139.0000000   36.00000  74.1%     -    2s
H    0     0                     132.0000000   36.00000  72.7%     -    2s
H    0     0                     125.0000000   36.00000  71.2%     -    2s
H    0     0                     121.0000000   36.00000  70.2%     -    2s
H    0     0                     121.0000000   36.00000  70.2%     -    4s
     0     0   36.00000    0  202  121.00000   36.00000  70.2%     -    4s
     0     0   36.00000    0  202  121.00000   36.00000  70.2%     -    4s
     0     0   36.00000    0  173  121.00000   36.00000  70.2%     -    4s
     0     2   36.00000    0  164  121.00000   36.00000  70.2%     -    5s
* 1350  1285              87     116.0000000   36.00000  69.0%  77.0    9s
  1485  1339  106.00000   67   32  116.00000   36.00000  69.0%  72.1   10s
* 1598  1253              82     110.0000000   36.00000  67.3%  70.4   10s
* 2010  1504              98     109.0000000   36.00000  67.0%  68.9   10s
* 2352  1656             106     107.0000000   36.00000  66.4%  67.0   11s
* 2362  1560             113     105.0000000   36.00000  65.7%  66.7   11s
* 2364  1521             112     104.0000000   36.00000  65.4%  66.7   11s
  2393  1476   36.00000   16  172  104.00000   36.00000  65.4%  70.1   15s
  2831  1801   77.00000   31   80  104.00000   36.00000  65.4%  84.4   20s
* 3628  2073              85      98.0000000   36.00000  63.3%  82.5   22s
* 3734  1943              94      97.0000000   36.00000  62.9%  82.7   22s
* 4433  2031              94      96.0000000   36.00000  62.5%  81.7   24s
  4551  2075   91.00000   89   14   96.00000   36.00000  62.5%  81.8   25s
  6280  2657   77.00000   28  146   96.00000   48.00000  50.0%  88.2   30s
* 6536  2461              73      95.0000000   48.00000  49.5%  88.4   30s
* 7107  2625              85      94.0000000   48.00000  48.9%  88.7   32s
  7986  3168   92.00000   63   22   94.00000   50.00000  46.8%  91.1   35s
* 8841  3055             102      92.0000000   50.00000  45.7%  93.4   37s
* 9592  3274              81      91.0000000   55.00000  39.6%  95.3   39s
  9626  3422     cutoff   36        91.00000   55.00000  39.6%  95.7   40s
*10659  3624              84      90.0000000   55.00000  38.9%  98.8   42s
 11315  4113   88.00000   45   46   90.00000   55.00000  38.9%   101   45s
 12758  4875   88.00000   66   34   90.00000   55.00000  38.9%   104   50s
 14636  5785 infeasible   59        90.00000   56.00000  37.8%   107   55s
 15959  6524 infeasible   46        90.00000   57.00000  36.7%   109   60s
 17551  7316   86.00000   37   63   90.00000   57.00000  36.7%   112   65s
 19202  8245   64.00000   30  152   90.00000   57.00000  36.7%   114   70s
 20481  8795   87.00000   54   38   90.00000   57.00000  36.7%   116   75s
 21847  9758   88.00000   53   81   90.00000   57.00000  36.7%   119   80s
 23594 10671   67.00000   44  150   90.00000   57.00000  36.7%   121   86s
 25436 11694   81.00000   48  127   90.00000   57.00000  36.7%   123   92s
 26561 12298   85.00000   34  113   90.00000   57.00000  36.7%   123   95s
 28830 13493   89.00000   60   36   90.00000   57.00000  36.7%   123  102s
 30014 14064 infeasible   58        90.00000   57.00000  36.7%   124  105s
*31237 13380              82      89.0000000   58.00000  34.8%   124  109s
 32579 14165     cutoff   63        89.00000   58.00000  34.8%   124  113s
 34287 15196   66.00000   39   72   89.00000   58.00000  34.8%   123  118s
 36123 16244   86.00000   49  117   89.00000   58.00000  34.8%   121  123s
 37976 17328   84.00000   56   85   89.00000   58.00000  34.8%   120  127s
 39895 18417 infeasible   47        89.00000   59.00000  33.7%   119  131s
 41985 19672   88.00000   62   39   89.00000   59.00000  33.7%   117  136s
 46287 21140   84.00000   48   79   89.00000   59.00000  33.7%   113  142s
 47814 21941   79.00000   60   64   89.00000   59.00000  33.7%   112  145s
 50551 23331   73.00000   40   94   89.00000   59.00000  33.7%   111  152s
 52295 24060 infeasible   57        89.00000   59.00000  33.7%   110  155s
 55306 25618   59.00000   28  124   89.00000   59.00000  33.7%   109  161s
 56641 26288     cutoff   36        89.00000   59.00000  33.7%   109  165s
 59531 27721   78.00000   50   73   89.00000   59.00000  33.7%   108  172s
 60930 28511 infeasible   59        89.00000   59.00000  33.7%   108  175s
 62481 29509   85.00000   58   79   89.00000   59.00000  33.7%   107  180s
 66018 31114   88.00000   54   33   89.00000   59.00000  33.7%   107  187s
 67630 31919   83.00000   43   69   89.00000   59.00000  33.7%   106  191s
 69095 32849   88.00000   45   51   89.00000   59.00000  33.7%   106  195s
*72372 29364              79      88.0000000   59.00000  33.0%   106  198s
 72486 29741   81.00000   43  117   88.00000   59.00000  33.0%   106  202s
 74026 30412     cutoff   59        88.00000   59.00000  33.0%   106  206s
 75340 31055   76.00000   40  101   88.00000   59.00000  33.0%   106  210s
 77990 32241 infeasible   53        88.00000   59.00000  33.0%   107  218s
 79271 32952   85.00000   42   69   88.00000   59.00000  33.0%   107  222s
 80880 33793   77.00000   66   68   88.00000   59.00000  33.0%   107  226s
 82849 34641   87.00000   71   48   88.00000   59.00000  33.0%   107  230s
 84676 35526   79.00000   59   57   88.00000   59.00000  33.0%   107  235s
*85377 32175              87      87.0000000   59.00000  32.2%   106  235s
 88226 33673   82.00000   47   79   87.00000   59.00000  32.2%   106  242s
 89872 34471 infeasible   49        87.00000   59.00000  32.2%   106  245s
 93266 36144 infeasible   45        87.00000   59.00000  32.2%   106  252s
 94928 36853   86.00000   60   27   87.00000   59.00000  32.2%   105  256s
 97966 38141 infeasible   68        87.00000   59.00000  32.2%   105  262s
 99363 38829   78.00000   44   74   87.00000   59.00000  32.2%   106  266s
 102176 40179   85.00000   43   77   87.00000   59.00000  32.2%   106  273s
 103556 40955   72.00000   38  112   87.00000   59.00000  32.2%   106  277s
 105130 41746     cutoff   38        87.00000   59.00000  32.2%   106  281s
 108375 43090   67.00000   39  153   87.00000   59.00000  32.2%   106  288s
 109809 43793   78.00000   44  106   87.00000   59.00000  32.2%   106  291s
 111292 44616   86.00000   50   46   87.00000   59.00000  32.2%   107  295s
 114805 46220   76.00000   45   82   87.00000   59.00000  32.2%   106  303s
 116583 46862   66.00000   38  127   87.00000   59.00000  32.2%   106  307s
 118131 47541   74.00000   44   59   87.00000   59.00000  32.2%   106  311s
 119589 48065   76.00000   60   56   87.00000   59.00000  32.2%   107  315s
 122370 49428   82.00000   61   30   87.00000   59.00000  32.2%   107  322s
 123984 50319 infeasible   47        87.00000   59.00000  32.2%   107  327s
*125112 46044              92      86.0000000   59.00000  31.4%   107  327s
 125970 46702   75.00000   63   49   86.00000   59.00000  31.4%   107  331s
 129582 48057 infeasible   56        86.00000   59.00000  31.4%   107  337s
 131206 48682 infeasible   73        86.00000   59.00000  31.4%   107  341s
 134292 49762   76.00000   33   73   86.00000   59.00000  31.4%   106  348s
 135590 50253 infeasible   57        86.00000   59.00000  31.4%   107  351s
 136907 50758   76.00000   42   76   86.00000   59.00000  31.4%   107  355s
 139389 51863   83.00000   53   85   86.00000   59.00000  31.4%   107  362s
 140649 52539   85.00000   58   24   86.00000   59.00000  31.4%   107  365s
 143577 53750 infeasible   50        86.00000   59.00000  31.4%   108  373s
 144925 54350   81.00000   48   65   86.00000   59.00000  31.4%   108  377s
 146333 54997   69.00000   59   82   86.00000   59.00000  31.4%   108  381s
 147780 55706   78.00000   45  109   86.00000   59.00000  31.4%   108  385s
 149193 56380     cutoff   42        86.00000   59.00000  31.4%   109  390s
 152278 57724   85.00000   55   21   86.00000   59.00000  31.4%   109  399s
 153808 58411 infeasible   68        86.00000   59.00000  31.4%   109  403s
 155346 59110 infeasible   47        86.00000   59.00000  31.4%   110  408s
 156932 60008   61.00000   58   91   86.00000   59.00000  31.4%   110  413s
 158807 60838   82.00000   44   99   86.00000   59.00000  31.4%   110  417s
 160489 61650   72.00000   32  158   86.00000   59.00000  31.4%   110  422s
 162006 62389 infeasible   41        86.00000   59.00000  31.4%   111  426s
 163603 63172   59.00000   38  143   86.00000   59.00000  31.4%   111  431s
 165050 63923   81.00000   44   48   86.00000   59.00000  31.4%   111  437s
 166849 64771   75.00000   39  105   86.00000   59.00000  31.4%   111  442s
 168701 65370   66.00000   35  138   86.00000   59.00000  31.4%   111  446s
 170040 66014   85.00000   46   45   86.00000   59.00000  31.4%   112  452s
 171726 66727   77.00000   56   79   86.00000   59.00000  31.4%   112  456s
 173278 67669   81.00000   39  114   86.00000   59.00000  31.4%   112  461s
 175127 68549   85.00000   47   51   86.00000   59.00000  31.4%   112  465s
 176783 69415   83.00000   61   88   86.00000   59.00000  31.4%   112  470s
 180137 71282   81.00000   60   37   86.00000   59.00000  31.4%   113  479s
 181918 72002   78.00000   52   58   86.00000   59.00000  31.4%   113  483s
 183505 72850   83.00000   64   40   86.00000   59.00000  31.4%   113  487s
 185180 73478   74.00000   53  105   86.00000   59.00000  31.4%   113  492s
 186850 74162   59.00000   43  125   86.00000   59.00000  31.4%   113  496s
 188489 74912   85.00000   52   62   86.00000   59.00000  31.4%   113  501s
 190198 75471     cutoff   56        86.00000   59.00000  31.4%   113  505s
 191430 76310   83.00000   48   61   86.00000   59.00000  31.4%   113  511s
 193431 77098   84.00000   47   68   86.00000   59.00000  31.4%   113  516s
 195209 78042   79.00000   44   70   86.00000   59.00000  31.4%   113  521s
 197136 78911   84.00000   63   35   86.00000   59.00000  31.4%   113  526s
 198979 79685   66.00000   34  139   86.00000   59.00000  31.4%   113  531s
 200657 80296   65.00000   48   92   86.00000   59.00000  31.4%   114  535s
 202429 81023   84.00000   61   48   86.00000   59.00000  31.4%   114  540s
 205972 82643 infeasible   52        86.00000   59.00000  31.4%   113  548s
 207618 83470   59.00000   36  115   86.00000   59.00000  31.4%   113  553s
 209316 84437   83.00000   55   46   86.00000   59.00000  31.4%   113  557s
 211135 85252   85.00000   59  100   86.00000   59.00000  31.4%   113  561s
 212866 86174   81.00000   51   83   86.00000   59.00000  31.4%   113  565s
 216065 87650   72.00000   59   74   86.00000   59.00000  31.4%   113  573s
 217460 88318   83.00000   61   65   86.00000   59.00000  31.4%   113  577s
 219192 89070 infeasible   71        86.00000   59.00000  31.4%   113  581s
 220811 89586   74.00000   49   83   86.00000   59.00000  31.4%   113  585s
 223740 91090   83.00000   52   60   86.00000   59.00000  31.4%   113  593s
 225282 91933   85.00000   59   66   86.00000   59.00000  31.4%   114  598s
 226930 92664   85.00000   58   42   86.00000   59.00000  31.4%   114  603s
 228482 93464   83.00000   47  111   86.00000   59.00000  31.4%   114  608s
 230094 94125   74.00000   51  102   86.00000   59.00000  31.4%   114  612s
 231518 94788   66.00000   51   96   86.00000   59.00000  31.4%   114  617s
 232994 95525   83.00000   51   88   86.00000   59.00000  31.4%   114  622s
 234439 96191   78.00000   52   84   86.00000   59.00000  31.4%   114  627s
 236203 96768   84.00000   63   44   86.00000   59.00000  31.4%   114  631s
 237786 97582   83.00000   61   63   86.00000   59.00000  31.4%   114  636s
 239490 98269 infeasible   61        86.00000   59.00000  31.4%   114  640s
 242533 99829   80.00000   55   85   86.00000   59.00000  31.4%   114  648s
 244099 100832 infeasible   60        86.00000   59.00000  31.4%   115  653s
 246095 101789 infeasible   71        86.00000   59.00000  31.4%   115  657s
 248069 102811   85.00000   53   33   86.00000   59.00000  31.4%   114  661s
 249994 103581   66.00000   45   91   86.00000   59.00000  31.4%   114  666s
 251502 104310   79.00000   50   74   86.00000   59.00000  31.4%   114  671s
 253125 105147   85.00000   41   61   86.00000   59.00000  31.4%   114  675s
 254907 106132   82.00000   52   53   86.00000   59.00000  31.4%   114  680s
 258073 107595   85.00000   68   42   86.00000   59.00000  31.4%   114  688s
 259771 108449   85.00000   55   71   86.00000   59.00000  31.4%   114  692s
 261423 109411   85.00000   48   41   86.00000   59.00000  31.4%   114  696s
 263147 110141   76.00000   39  109   86.00000   59.00000  31.4%   114  700s
 266362 111756   77.00000   41  121   86.00000   59.00000  31.4%   114  709s
 267875 112441     cutoff   67        86.00000   59.00000  31.4%   114  713s
 269445 113086   82.00000   43   66   86.00000   59.00000  31.4%   114  717s
 270872 113852   84.00000   35   62   86.00000   59.00000  31.4%   114  721s
 272499 114542   84.00000   49   43   86.00000   59.00000  31.4%   114  725s
*274074 98259              82      85.0000000   59.00000  30.6%   114  729s
 275870 98727   83.00000   70   56   85.00000   59.00000  30.6%   114  733s
 277586 99278   77.00000   56   75   85.00000   59.00000  30.6%   114  737s
 279019 99851   81.00000   65   77   85.00000   59.00000  30.6%   114  741s
 280505 100451   83.00000   45  121   85.00000   59.00000  30.6%   114  745s
 281669 101045   83.00000   51   89   85.00000   59.00000  30.6%   115  750s
 284617 102520   82.00000   45   84   85.00000   59.00000  30.6%   115  759s
 286059 103184   77.00000   52   87   85.00000   59.00000  30.6%   115  763s
 287518 103820   84.00000   69   23   85.00000   59.00000  30.6%   115  768s
 288990 104460   83.00000   55   57   85.00000   59.00000  30.6%   116  773s
 290466 105142   80.00000   45   71   85.00000   59.00000  30.6%   116  778s
 292013 105914   83.00000   40  101   85.00000   59.00000  30.6%   116  783s
 293646 106721   78.00000   43  100   85.00000   59.00000  30.6%   116  788s
 295357 107368   82.00000   62   91   85.00000   59.00000  30.6%   116  793s
 296824 108104   79.00000   42  163   85.00000   59.00000  30.6%   116  797s
 298450 108757     cutoff   41        85.00000   59.00000  30.6%   116  801s
 300158 109315 infeasible   62        85.00000   59.00000  30.6%   116  805s
 301597 109740   73.00000   62  124   85.00000   59.00000  30.6%   116  810s
 304330 111022   76.00000   46   79   85.00000   59.00000  30.6%   117  818s
 305759 111631 infeasible   56        85.00000   59.00000  30.6%   117  823s
 307131 112230 infeasible   61        85.00000   59.00000  30.6%   117  827s
 308706 112939   79.00000   56   40   85.00000   59.00000  30.6%   117  832s
 310406 113622 infeasible   58        85.00000   59.00000  30.6%   117  837s
 312094 114242   84.00000   68   63   85.00000   59.00000  30.6%   117  842s
 313605 114916   84.00000   40  126   85.00000   59.00000  30.6%   117  847s
 315073 115558   76.00000   39  189   85.00000   59.00000  30.6%   117  852s
 316515 116217     cutoff   62        85.00000   59.00000  30.6%   118  857s
 317957 116761   82.00000   48   66   85.00000   59.00000  30.6%   118  861s
 319233 117566 infeasible   58        85.00000   59.00000  30.6%   118  866s
 320952 118183   72.00000   36  149   85.00000   59.00000  30.6%   118  871s
 322398 118912 infeasible   51        85.00000   59.00000  30.6%   118  877s
 324004 119645   76.00000   44  116   85.00000   59.00000  30.6%   118  882s
 325522 120413   82.00000   55   97   85.00000   59.00000  30.6%   119  888s
 327155 121003   83.00000   48   72   85.00000   59.00000  30.6%   119  893s
 328367 121640   83.00000   51   56   85.00000   59.00000  30.6%   119  898s
 329936 122315   81.00000   54   57   85.00000   59.00000  30.6%   119  903s
 331549 122953   81.00000   53   75   85.00000   59.00000  30.6%   119  909s
 332943 123749   78.00000   57   96   85.00000   59.00000  30.6%   120  914s
 334493 124428   74.00000   56   73   85.00000   59.00000  30.6%   120  920s
 336098 125156   69.00000   45  116   85.00000   59.00000  30.6%   120  927s
 337599 125885   74.00000   48  106   85.00000   59.00000  30.6%   120  933s
 339201 126335   84.00000   68   36   85.00000   59.00000  30.6%   120  937s
 340191 127205 infeasible   54        85.00000   59.00000  30.6%   121  944s
 342042 127860   84.00000   57   85   85.00000   59.00000  30.6%   121  951s
 343618 128642   83.00000   46  126   85.00000   59.00000  30.6%   121  957s
 345359 129304 infeasible   51        85.00000   59.00000  30.6%   121  964s
 346860 130185   81.00000   45   77   85.00000   59.00000  30.6%   122  970s
 348617 130759 infeasible   59        85.00000   59.00000  30.6%   122  977s
 350324 131355 infeasible   55        85.00000   59.00000  30.6%   122  983s
 351853 132144   82.00000   48   47   85.00000   59.00000  30.6%   122  989s
 353470 132929   70.00000   44  104   85.00000   59.00000  30.6%   123  996s
 354942 133723     cutoff   49        85.00000   59.00000  30.6%   123 1002s
 356693 134437 infeasible   58        85.00000   59.00000  30.6%   123 1009s
 358465 135141   83.00000   68   35   85.00000   59.00000  30.6%   123 1015s
 360001 135705 infeasible   57        85.00000   59.00000  30.6%   123 1020s
 361263 136227     cutoff   61        85.00000   59.00000  30.6%   124 1026s
 362886 136956   84.00000   48   83   85.00000   59.00000  30.6%   124 1032s
 364535 137518   83.00000   46   79   85.00000   59.00000  30.6%   124 1037s
 366008 138083   67.00000   53  130   85.00000   59.00000  30.6%   124 1043s
 367347 138743   81.00000   51   46   85.00000   59.00000  30.6%   124 1050s
 368798 139474   82.00000   48   58   85.00000   59.00000  30.6%   125 1056s
 370427 140064   82.00000   60   40   85.00000   59.00000  30.6%   125 1063s
 372072 140586   62.00000   46  166   85.00000   59.00000  30.6%   125 1070s
 373417 141343   59.00000   47  180   85.00000   59.00000  30.6%   125 1076s
 375080 142061   75.00000   45  105   85.00000   59.00000  30.6%   125 1083s
 376600 142673   75.00000   43  127   85.00000   59.00000  30.6%   126 1090s
 378169 143376 infeasible   44        85.00000   59.00000  30.6%   126 1096s
 379835 143952 infeasible   59        85.00000   59.00000  30.6%   126 1103s
 381375 144386 infeasible   51        85.00000   59.00000  30.6%   126 1107s
 382376 145147   74.00000   50  132   85.00000   59.00000  30.6%   126 1114s
 384180 146016   72.00000   52  110   85.00000   59.00000  30.6%   127 1122s
 386103 146723   79.00000   51   56   85.00000   59.00000  30.6%   127 1128s
 387726 147397   66.00000   47  116   85.00000   59.00000  30.6%   127 1133s
 389238 148141   78.00000   50   81   85.00000   59.00000  30.6%   127 1140s
 391043 148841   78.00000   43  170   85.00000   59.00000  30.6%   127 1146s
 392666 149628     cutoff   55        85.00000   59.00000  30.6%   127 1152s
 394600 150451   83.00000   52   84   85.00000   59.00000  30.6%   128 1158s
 396428 151352   81.00000   50   56   85.00000   59.00000  30.6%   128 1165s
 398415 152036 infeasible   39        85.00000   59.00000  30.6%   128 1171s
 399997 152659   82.00000   42  131   85.00000   59.00000  30.6%   128 1177s
 401555 153301   72.00000   44  125   85.00000   59.00000  30.6%   128 1182s
 403116 153728   80.00000   51  116   85.00000   59.00000  30.6%   128 1187s
 404317 154461 infeasible   49        85.00000   59.00000  30.6%   128 1194s
 406145 155172   72.00000   46  149   85.00000   59.00000  30.6%   128 1200s
 407715 155862   72.00000   41  119   85.00000   59.00000  30.6%   129 1205s
 409176 156477   82.00000   44  107   85.00000   59.00000  30.6%   129 1212s
 410666 156978   81.00000   45   75   85.00000   59.00000  30.6%   129 1218s
 412052 157556   84.00000   33  104   85.00000   59.00000  30.6%   129 1224s
 413535 158368   83.00000   54   48   85.00000   59.00000  30.6%   129 1230s
 415129 159051   84.00000   42   89   85.00000   59.00000  30.6%   130 1236s
 416576 159538   84.00000   55   40   85.00000   59.00000  30.6%   130 1242s
 418056 160141   70.00000   53   97   85.00000   59.00000  30.6%   130 1248s
 419639 160924   62.00000   31  158   85.00000   59.00000  30.6%   130 1255s
 421457 161720   78.00000   52   74   85.00000   59.00000  30.6%   130 1261s
 423315 162484     cutoff   50        85.00000   59.00000  30.6%   130 1267s
 425292 163176   82.00000   45  112   85.00000   59.00000  30.6%   131 1273s
 427082 164055   77.00000   51   87   85.00000   59.00000  30.6%   131 1277s
 429099 164810 infeasible   66        85.00000   60.00000  29.4%   130 1281s
 430867 165583 infeasible   64        85.00000   60.00000  29.4%   130 1285s
 434505 167129 infeasible   65        85.00000   60.00000  29.4%   130 1293s
 436273 167890 infeasible   56        85.00000   60.00000  29.4%   130 1297s
 437982 168608 infeasible   65        85.00000   60.00000  29.4%   130 1300s
 441462 170040   79.00000   52   58   85.00000   60.00000  29.4%   130 1308s
 443164 170669   82.00000   60   26   85.00000   60.00000  29.4%   129 1311s
 444739 171273   84.00000   65   62   85.00000   60.00000  29.4%   129 1315s
 446395 172037   61.00000   33   66   85.00000   60.00000  29.4%   129 1320s
 450357 173395     cutoff   66        85.00000   60.00000  29.4%   129 1327s
 451914 174028 infeasible   72        85.00000   60.00000  29.4%   129 1331s
 455167 175277 infeasible   60        85.00000   60.00000  29.4%   129 1338s
 456825 175886 infeasible   61        85.00000   60.00000  29.4%   129 1341s
 459969 177281   82.00000   46   94   85.00000   60.00000  29.4%   128 1348s
 461598 177763   74.00000   59   70   85.00000   60.00000  29.4%   128 1351s
 463140 178393 infeasible   59        85.00000   60.00000  29.4%   128 1355s
 466331 179562   83.00000   52   45   85.00000   60.00000  29.4%   128 1362s
 467976 180211     cutoff   57        85.00000   60.00000  29.4%   128 1366s
 469880 180948   71.00000   46   75   85.00000   60.00000  29.4%   128 1370s
 473080 182223 infeasible   57        85.00000   60.00000  29.4%   128 1378s
 474488 182911   76.00000   62  132   85.00000   60.00000  29.4%   128 1382s
 476110 183681 infeasible   49        85.00000   60.00000  29.4%   128 1386s
 477573 184375   79.00000   35   59   85.00000   60.00000  29.4%   128 1390s
 480466 185805   84.00000   61   30   85.00000   60.00000  29.4%   128 1399s
 482015 186443 infeasible   49        85.00000   60.00000  29.4%   128 1403s
 483682 187128   81.00000   62   33   85.00000   60.00000  29.4%   128 1407s
 485411 187802   79.00000   52   97   85.00000   60.00000  29.4%   128 1411s
 486959 188429 infeasible   54        85.00000   60.00000  29.4%   128 1415s
 488491 189096   68.00000   35   91   85.00000   60.00000  29.4%   128 1420s
 490035 189909   77.00000   45   72   85.00000   60.00000  29.4%   128 1425s
 493352 191313     cutoff   45        85.00000   60.00000  29.4%   128 1434s
 495014 192168   82.00000   53   70   85.00000   60.00000  29.4%   128 1439s
 496921 192832   81.00000   65   58   85.00000   60.00000  29.4%   128 1443s
 498551 193438   83.00000   41   72   85.00000   60.00000  29.4%   128 1448s
 500126 194188 infeasible   66        85.00000   60.00000  29.4%   128 1452s
 501922 194816   81.00000   43  101   85.00000   60.00000  29.4%   128 1456s
 503434 195525   81.00000   46   58   85.00000   60.00000  29.4%   128 1461s
 505112 196253 infeasible   69        85.00000   60.00000  29.4%   128 1465s
 506633 196996   79.00000   41  118   85.00000   60.00000  29.4%   128 1470s
 508384 197734   75.00000   45   81   85.00000   60.00000  29.4%   128 1475s
 511523 199170   84.00000   48   60   85.00000   60.00000  29.4%   128 1484s
 512982 199955 infeasible   48        85.00000   60.00000  29.4%   128 1489s
 514645 200706 infeasible   73        85.00000   60.00000  29.4%   128 1494s
 516336 201310   78.00000   50   85   85.00000   60.00000  29.4%   128 1499s
 518084 202128 infeasible   68        85.00000   60.00000  29.4%   128 1504s
 519793 202741   75.00000   46   79   85.00000   60.00000  29.4%   128 1509s
 521438 203434   84.00000   61   22   85.00000   60.00000  29.4%   128 1513s
 523280 204071   73.00000   30   95   85.00000   60.00000  29.4%   128 1518s
 524917 204710 infeasible   40        85.00000   60.00000  29.4%   128 1522s
 526474 205321   80.00000   47  122   85.00000   60.00000  29.4%   128 1527s
 527982 206065   71.00000   42  126   85.00000   60.00000  29.4%   128 1531s
 529583 206803   83.00000   52   47   85.00000   60.00000  29.4%   128 1536s
 531347 207390   60.00000   42  150   85.00000   60.00000  29.4%   128 1541s
 533015 208115   80.00000   46   35   85.00000   60.00000  29.4%   128 1545s
 534591 208838   60.00000   37  130   85.00000   60.00000  29.4%   128 1550s
 537878 210352   60.00000   46  106   85.00000   60.00000  29.4%   128 1559s
 539681 210963   84.00000   59   66   85.00000   60.00000  29.4%   128 1563s
 541360 211442   82.00000   59   79   85.00000   60.00000  29.4%   128 1568s
 542740 212166     cutoff   51        85.00000   60.00000  29.4%   128 1572s
 544443 213008   80.00000   40   62   85.00000   60.00000  29.4%   128 1577s
 546177 213889   79.00000   46   48   85.00000   60.00000  29.4%   128 1581s
 547947 214555 infeasible   63        85.00000   60.00000  29.4%   128 1585s
 551359 216028   77.00000   50   53   85.00000   60.00000  29.4%   128 1594s
 553005 216763   82.00000   58   58   85.00000   60.00000  29.4%   128 1598s
 554736 217314 infeasible   74        85.00000   60.00000  29.4%   128 1603s
 556193 217901   75.00000   50  111   85.00000   60.00000  29.4%   128 1608s
 557605 218667   82.00000   69   65   85.00000   60.00000  29.4%   128 1613s
 559303 219537   81.00000   43  134   85.00000   60.00000  29.4%   128 1618s
 561251 220205   82.00000   55   70   85.00000   60.00000  29.4%   128 1623s
 562911 221137   75.00000   42  123   85.00000   60.00000  29.4%   128 1628s
 564756 221956 infeasible   64        85.00000   60.00000  29.4%   128 1634s
 566583 222741 infeasible   62        85.00000   60.00000  29.4%   128 1639s
 568338 223450   84.00000   39   90   85.00000   60.00000  29.4%   128 1644s
 569828 224219   84.00000   48   47   85.00000   60.00000  29.4%   128 1649s
 571509 224931   72.00000   44  104   85.00000   60.00000  29.4%   128 1653s
 573059 225672   82.00000   43   64   85.00000   60.00000  29.4%   128 1659s
 574655 226246   78.00000   62   52   85.00000   60.00000  29.4%   128 1664s
 576081 226831   83.00000   66   67   85.00000   60.00000  29.4%   128 1670s
 577521 227597   75.00000   51   68   85.00000   60.00000  29.4%   128 1676s
 579601 228280   84.00000   44   54   85.00000   60.00000  29.4%   128 1682s
 581120 229052   81.00000   50   30   85.00000   60.00000  29.4%   128 1688s
 582852 229711   82.00000   43  116   85.00000   60.00000  29.4%   128 1694s
 584388 230336   81.00000   50   82   85.00000   60.00000  29.4%   128 1699s
 586112 230991   78.00000   51  113   85.00000   60.00000  29.4%   128 1704s
 587870 231777   83.00000   54   85   85.00000   60.00000  29.4%   128 1709s
 589534 232359   70.00000   39  114   85.00000   60.00000  29.4%   128 1714s
 591441 232882   77.00000   45   82   85.00000   60.00000  29.4%   128 1719s
 593151 233507   60.00000   47  159   85.00000   60.00000  29.4%   128 1724s
 594779 234212   81.00000   45   96   85.00000   60.00000  29.4%   128 1729s
 596336 234950   79.00000   62   80   85.00000   60.00000  29.4%   128 1734s
 597872 235714   83.00000   51   60   85.00000   60.00000  29.4%   128 1738s
 599557 236326 infeasible   41        85.00000   60.00000  29.4%   128 1743s
 600970 236951   84.00000   53   70   85.00000   60.00000  29.4%   128 1748s
 602577 237744   84.00000   45   93   85.00000   60.00000  29.4%   128 1753s
 604546 238380 infeasible   48        85.00000   60.00000  29.4%   128 1758s
 606227 239287   82.00000   49   84   85.00000   60.00000  29.4%   128 1763s
 608024 240002   84.00000   56   55   85.00000   60.00000  29.4%   128 1767s
 609676 240704   84.00000   61   34   85.00000   60.00000  29.4%   128 1772s
 611231 241387   78.00000   57   80   85.00000   60.00000  29.4%   128 1776s
 612936 242131   81.00000   44   52   85.00000   60.00000  29.4%   128 1781s
 614578 242725 infeasible   57        85.00000   60.00000  29.4%   128 1786s
 616103 243477   60.00000   38  138   85.00000   60.00000  29.4%   128 1790s
 617808 244237   80.00000   60   81   85.00000   60.00000  29.4%   128 1795s
 620946 245456   82.00000   44   65   85.00000   60.00000  29.4%   128 1803s
 622410 246190   77.00000   53  119   85.00000   60.00000  29.4%   128 1808s
 624057 246720   84.00000   57   61   85.00000   60.00000  29.4%   128 1813s
 625436 247392   63.00000   39  104   85.00000   60.00000  29.4%   128 1817s
 626995 248047   79.00000   45   38   85.00000   60.00000  29.4%   128 1822s
 628660 248734   81.00000   49   35   85.00000   60.00000  29.4%   128 1827s
 630448 249440   78.00000   49   71   85.00000   60.00000  29.4%   128 1832s
 632327 250212   74.00000   50   85   85.00000   60.00000  29.4%   128 1836s
 634045 250909 infeasible   59        85.00000   60.00000  29.4%   128 1841s
 635504 251473   84.00000   60   41   85.00000   60.00000  29.4%   128 1846s
 637200 252114 infeasible   53        85.00000   60.00000  29.4%   128 1851s
 638713 252737   61.00000   55  118   85.00000   60.00000  29.4%   128 1856s
 640126 253317   79.00000   42   54   85.00000   60.00000  29.4%   128 1861s
 641665 253856 infeasible   51        85.00000   60.00000  29.4%   128 1866s
 643209 254569   60.00000   39  131   85.00000   60.00000  29.4%   128 1872s
 644952 255292   75.00000   47  131   85.00000   60.00000  29.4%   128 1878s
 646659 256055     cutoff   52        85.00000   60.00000  29.4%   129 1883s
 648521 256944   83.00000   58   42   85.00000   60.00000  29.4%   129 1888s
 650454 257738   83.00000   45  108   85.00000   60.00000  29.4%   128 1894s
 652270 258604   79.00000   44  134   85.00000   60.00000  29.4%   129 1899s
 654354 259372   77.00000   62   72   85.00000   60.00000  29.4%   128 1903s
 656151 260143   79.00000   45   58   85.00000   60.00000  29.4%   128 1908s
 657848 260890   83.00000   43   85   85.00000   60.00000  29.4%   128 1913s
 659560 261642 infeasible   47        85.00000   60.00000  29.4%   128 1918s
 661071 262355   60.00000   34  187   85.00000   60.00000  29.4%   128 1924s
 662662 262996   79.00000   48   84   85.00000   60.00000  29.4%   128 1929s
 664109 263768   79.00000   54   68   85.00000   60.00000  29.4%   129 1935s
 665829 264400   69.00000   48  132   85.00000   60.00000  29.4%   129 1941s
 667372 265264   83.00000   57   77   85.00000   60.00000  29.4%   129 1947s
 669317 265982   60.00000   32  166   85.00000   60.00000  29.4%   129 1952s
 671243 266844   79.00000   51   93   85.00000   60.00000  29.4%   129 1958s
 673022 267850   80.00000   45   94   85.00000   60.00000  29.4%   129 1963s
 674832 268755   77.00000   46   82   85.00000   60.00000  29.4%   129 1968s
 676600 269581   84.00000   39   95   85.00000   60.00000  29.4%   129 1973s
 678546 270425   72.00000   43  101   85.00000   60.00000  29.4%   128 1977s
 680158 271202   80.00000   44  100   85.00000   60.00000  29.4%   128 1982s
 681872 271891   80.00000   48   82   85.00000   60.00000  29.4%   128 1986s
 683458 272666   78.00000   40   87   85.00000   60.00000  29.4%   128 1991s
 685115 273320 infeasible   57        85.00000   60.00000  29.4%   128 1995s
 686647 273956   60.00000   40  163   85.00000   60.00000  29.4%   128 2000s
 688194 274627 infeasible   58        85.00000   60.00000  29.4%   128 2005s
 691367 276006   78.00000   50   73   85.00000   60.00000  29.4%   128 2014s
 692926 276699   83.00000   43  100   85.00000   60.00000  29.4%   128 2018s
 694505 277412   83.00000   47   75   85.00000   60.00000  29.4%   128 2023s
 696122 277945   81.00000   66   31   85.00000   60.00000  29.4%   128 2027s
 697449 278626     cutoff   44        85.00000   60.00000  29.4%   128 2032s
 699003 279310   83.00000   50   68   85.00000   60.00000  29.4%   129 2036s
 700491 280017   77.00000   47   95   85.00000   60.00000  29.4%   129 2041s
 702010 280805   83.00000   51   71   85.00000   60.00000  29.4%   129 2045s
 703632 281505   80.00000   43  114   85.00000   60.00000  29.4%   129 2050s
 707078 283033   79.00000   40   91   85.00000   60.00000  29.4%   129 2059s
 708574 283651   69.00000   48   99   85.00000   60.00000  29.4%   129 2063s
 709967 284222   77.00000   48  102   85.00000   60.00000  29.4%   129 2067s
 711331 284876   73.00000   38   89   85.00000   60.00000  29.4%   129 2072s
 712815 285535   80.00000   58   48   85.00000   60.00000  29.4%   129 2077s
 714579 286297   79.00000   49   45   85.00000   60.00000  29.4%   129 2081s
 716140 286920   84.00000   58   37   85.00000   60.00000  29.4%   129 2086s
 717573 287610   82.00000   46   59   85.00000   60.00000  29.4%   129 2090s
 719195 288280   76.00000   58   75   85.00000   60.00000  29.4%   129 2095s
 722114 289588   81.00000   35  152   85.00000   60.00000  29.4%   129 2104s
 723591 290008   83.00000   59   28   85.00000   60.00000  29.4%   129 2108s
 724980 290965   83.00000   44  114   85.00000   60.00000  29.4%   129 2114s
 726979 291962   80.00000   59   52   85.00000   60.00000  29.4%   129 2119s
 729289 292725   80.00000   63   75   85.00000   60.00000  29.4%   129 2123s
 731106 293444   61.00000   47  172   85.00000   60.00000  29.4%   129 2127s
 732699 294118 infeasible   52        85.00000   60.00000  29.4%   129 2131s
 734272 294668   82.00000   53   51   85.00000   60.00000  29.4%   129 2135s
 736986 295828   81.00000   43  151   85.00000   60.00000  29.4%   129 2143s
 738443 296321   83.00000   47   72   85.00000   60.00000  29.4%   129 2147s
 739847 296777   80.00000   51   48   85.00000   60.00000  29.4%   129 2152s
 741180 297510   83.00000   38   94   85.00000   60.00000  29.4%   129 2156s
 742738 298232   82.00000   55   57   85.00000   60.00000  29.4%   129 2161s
 744205 298858   60.00000   42  125   85.00000   60.00000  29.4%   129 2165s
 745651 299702 infeasible   60        85.00000   60.00000  29.4%   129 2171s
 747393 300440   77.00000   51  115   85.00000   60.00000  29.4%   129 2176s
 749078 301094   83.00000   56   61   85.00000   60.00000  29.4%   129 2181s
 750612 301811   84.00000   40   51   85.00000   60.00000  29.4%   129 2186s
 752261 302543   82.00000   56   65   85.00000   60.00000  29.4%   129 2191s
 754046 303187   83.00000   73   54   85.00000   60.00000  29.4%   129 2196s
 755577 303940   84.00000   54   69   85.00000   60.00000  29.4%   129 2201s
 757302 304729   77.00000   42  128   85.00000   60.00000  29.4%   129 2205s
 759044 305538 infeasible   59        85.00000   60.00000  29.4%   129 2210s
 760849 306139 infeasible   44        85.00000   60.00000  29.4%   129 2215s
 762544 306803 infeasible   52        85.00000   60.00000  29.4%   129 2220s
 764106 307380   83.00000   53   70   85.00000   60.00000  29.4%   129 2225s
 766873 308592 infeasible   39        85.00000   60.00000  29.4%   129 2235s
 768559 309373 infeasible   47        85.00000   60.00000  29.4%   129 2241s
 770513 310055 infeasible   57        85.00000   60.00000  29.4%   129 2246s
 772219 310794   64.00000   54  138   85.00000   60.00000  29.4%   129 2250s
 773801 311460 infeasible   65        85.00000   60.00000  29.4%   129 2255s
 775392 312226   78.00000   49   65   85.00000   60.00000  29.4%   129 2260s
 777126 312955   80.00000   45   64   85.00000   60.00000  29.4%   129 2265s
 778801 313979   75.00000   32  114   85.00000   60.00000  29.4%   129 2270s
 780777 314795   82.00000   47   61   85.00000   60.00000  29.4%   129 2275s
 782509 315467   83.00000   53   48   85.00000   60.00000  29.4%   129 2280s
 784065 316089 infeasible   46        85.00000   60.00000  29.4%   129 2285s
 785596 316665 infeasible   58        85.00000   60.00000  29.4%   129 2290s
 787030 317264   79.00000   55   80   85.00000   60.00000  29.4%   129 2295s
 788377 318009   77.00000   46  149   85.00000   60.00000  29.4%   129 2300s
 790252 318571   77.00000   49   66   85.00000   60.00000  29.4%   129 2305s
 791609 319337   83.00000   41   79   85.00000   60.00000  29.4%   129 2310s
 793407 320103 infeasible   61        85.00000   60.00000  29.4%   129 2315s
 795156 320828 infeasible   59        85.00000   60.00000  29.4%   129 2321s
 796855 321506   73.00000   39  115   85.00000   60.00000  29.4%   129 2326s
 798403 322197   60.00000   45  171   85.00000   60.00000  29.4%   129 2330s
 800055 323032     cutoff   66        85.00000   60.00000  29.4%   130 2335s
 801765 323742   84.00000   68   19   85.00000   60.00000  29.4%   130 2340s
 803459 324400   79.00000   54  114   85.00000   60.00000  29.4%   130 2345s
 805053 325022     cutoff   51        85.00000   60.00000  29.4%   130 2350s
 806770 325581   80.00000   52  123   85.00000   60.00000  29.4%   130 2355s
 809907 327112   84.00000   37   68   85.00000   60.00000  29.4%   130 2364s
 811568 328070   82.00000   44   97   85.00000   60.00000  29.4%   130 2368s
 813358 328910   80.00000   56   44   85.00000   60.00000  29.4%   130 2373s
 814909 329721 infeasible   43        85.00000   60.00000  29.4%   130 2378s
 816484 330458   73.00000   48  115   85.00000   60.00000  29.4%   130 2382s
 818015 331170   81.00000   38   77   85.00000   60.00000  29.4%   130 2387s
 819724 331815   83.00000   90   13   85.00000   60.00000  29.4%   130 2392s
 821323 332418   83.00000   63   47   85.00000   60.00000  29.4%   130 2396s
 822764 333117   78.00000   48   95   85.00000   60.00000  29.4%   130 2401s
 824279 333765   81.00000   55   91   85.00000   60.00000  29.4%   130 2406s
 825844 334402   84.00000   42   95   85.00000   60.00000  29.4%   130 2411s
 827377 335038   82.00000   47   63   85.00000   60.00000  29.4%   130 2415s
 828952 335610   84.00000   47   55   85.00000   60.00000  29.4%   130 2420s
 830450 336259     cutoff   61        85.00000   60.00000  29.4%   130 2426s
 831926 336994   70.00000   52   80   85.00000   60.00000  29.4%   130 2431s
 833551 337604   60.00000   42  146   85.00000   60.00000  29.4%   130 2436s
 835044 338287   72.00000   45  123   85.00000   60.00000  29.4%   130 2441s
 836558 339042 infeasible   48        85.00000   60.00000  29.4%   130 2446s
 838219 339746   79.00000   46  106   85.00000   60.00000  29.4%   130 2452s
 840202 340421 infeasible   59        85.00000   60.00000  29.4%   130 2457s
 841831 341036   72.00000   40  116   85.00000   60.00000  29.4%   130 2462s
 843551 341604   80.00000   60   73   85.00000   60.00000  29.4%   130 2467s
 844901 342367   79.00000   48   86   85.00000   60.00000  29.4%   130 2473s
 846664 343091   79.00000   42  118   85.00000   60.00000  29.4%   130 2478s
 848256 343765   79.00000   48   71   85.00000   60.00000  29.4%   130 2483s
 849715 344216 infeasible   50        85.00000   60.00000  29.4%   130 2488s
 850939 344893   77.00000   49   97   85.00000   60.00000  29.4%   130 2494s
 852665 345476   76.00000   50  132   85.00000   60.00000  29.4%   131 2500s
 854132 346310   80.00000   43  162   85.00000   60.00000  29.4%   131 2507s
 856050 347155 infeasible   55        85.00000   60.00000  29.4%   131 2513s
 858038 348069   84.00000   54   49   85.00000   60.00000  29.4%   131 2519s
 859960 349008   61.00000   52   84   85.00000   60.00000  29.4%   131 2524s
 862196 349921   79.00000   48   87   85.00000   60.00000  29.4%   131 2529s
 864431 350506   75.00000   37  102   85.00000   60.00000  29.4%   131 2534s
 865871 351149 infeasible   47        85.00000   60.00000  29.4%   131 2539s
 867441 351754     cutoff   47        85.00000   60.00000  29.4%   131 2544s
 868964 352458   79.00000   52   86   85.00000   60.00000  29.4%   131 2549s
 870488 352983 infeasible   64        85.00000   60.00000  29.4%   131 2553s
 871693 353794     cutoff   48        85.00000   60.00000  29.4%   131 2559s
 873712 354608   72.00000   45  114   85.00000   60.00000  29.4%   131 2564s
 875450 355235   60.00000   42  208   85.00000   60.00000  29.4%   131 2570s
 877006 355918 infeasible   54        85.00000   60.00000  29.4%   131 2576s
 878610 356554   83.00000   53  121   85.00000   60.00000  29.4%   131 2581s
 880181 357219   78.00000   52   76   85.00000   60.00000  29.4%   131 2586s
 881853 357968   83.00000   56   84   85.00000   60.00000  29.4%   131 2592s
 883637 358658   83.00000   46   89   85.00000   60.00000  29.4%   131 2597s
 885084 359494   84.00000   46  102   85.00000   60.00000  29.4%   131 2602s
 886886 360376   84.00000   76   12   85.00000   60.00000  29.4%   131 2607s
 888828 361087   79.00000   48  135   85.00000   60.00000  29.4%   131 2612s
 890644 361869   77.00000   50   94   85.00000   60.00000  29.4%   131 2617s
 892315 362447   80.00000   51   42   85.00000   60.00000  29.4%   131 2622s
 893667 363123   80.00000   50   67   85.00000   60.00000  29.4%   131 2627s
 895273 363828   81.00000   56   55   85.00000   60.00000  29.4%   131 2633s
 897008 364468   79.00000   49   94   85.00000   60.00000  29.4%   131 2638s
 898564 365038   84.00000   49   74   85.00000   60.00000  29.4%   131 2644s
 900354 365740   84.00000   44   93   85.00000   60.00000  29.4%   131 2649s
 902093 366524   82.00000   47   63   85.00000   60.00000  29.4%   131 2655s
 903786 367385   84.00000   58   31   85.00000   60.00000  29.4%   131 2660s
 905695 368113 infeasible   71        85.00000   60.00000  29.4%   131 2665s
 907544 368834   84.00000   55   50   85.00000   60.00000  29.4%   131 2671s
 909223 369531   76.00000   52   95   85.00000   60.00000  29.4%   131 2676s
 910745 370171   83.00000   59   37   85.00000   60.00000  29.4%   131 2682s
 912205 370841   84.00000   49   37   85.00000   60.00000  29.4%   131 2688s
 913778 371385 infeasible   52        85.00000   60.00000  29.4%   131 2693s
 915125 371986   77.00000   47  123   85.00000   60.00000  29.4%   131 2698s
 916622 372745   82.00000   55   53   85.00000   60.00000  29.4%   131 2704s
 918415 373463   81.00000   48   30   85.00000   60.00000  29.4%   132 2709s
 919984 374190 infeasible   67        85.00000   60.00000  29.4%   132 2715s
 921812 374655   78.00000   40  125   85.00000   60.00000  29.4%   132 2720s
 923377 375289 infeasible   47        85.00000   60.00000  29.4%   132 2725s
 924963 375916   79.00000   54   83   85.00000   60.00000  29.4%   132 2731s
 926505 376675   77.00000   51   89   85.00000   60.00000  29.4%   132 2736s
 928469 377471   81.00000   66   42   85.00000   60.00000  29.4%   132 2742s
 930773 378349   82.00000   48   47   85.00000   60.00000  29.4%   132 2748s
 933294 379102   81.00000   61   31   85.00000   61.00000  28.2%   132 2753s
 935364 379915     cutoff   55        85.00000   61.00000  28.2%   132 2758s
 937392 380539   83.00000   63   33   85.00000   61.00000  28.2%   132 2762s
 939170 381167 infeasible   63        85.00000   61.00000  28.2%   132 2766s
 940827 381834   76.00000   63   56   85.00000   61.00000  28.2%   131 2771s
 942564 382439   79.00000   63   73   85.00000   61.00000  28.2%   131 2775s
 944164 383015   82.00000   51   46   85.00000   61.00000  28.2%   131 2780s
 947315 384134   83.00000   73   32   85.00000   61.00000  28.2%   131 2789s
 949003 384643   76.00000   75   58   85.00000   61.00000  28.2%   131 2793s
 950703 385255   84.00000   53   44   85.00000   61.00000  28.2%   131 2797s
 952379 385846   83.00000   70   39   85.00000   61.00000  28.2%   131 2802s
 954113 386363   79.00000   55   42   85.00000   61.00000  28.2%   131 2806s
 955729 387053   72.00000   68   80   85.00000   61.00000  28.2%   131 2811s
 957488 387895     cutoff   70        85.00000   61.00000  28.2%   131 2816s
 959713 388487   75.00000   39   60   85.00000   61.00000  28.2%   131 2820s
 962900 389645 infeasible   62        85.00000   61.00000  28.2%   131 2828s
 964428 390208   84.00000   47   65   85.00000   61.00000  28.2%   131 2832s
 966041 390852   79.00000   53   56   85.00000   61.00000  28.2%   131 2836s
 967649 391365   82.00000   73   34   85.00000   61.00000  28.2%   131 2840s
 970741 392615   79.00000   63   39   85.00000   61.00000  28.2%   131 2847s
 972325 393127   84.00000   53   54   85.00000   61.00000  28.2%   131 2851s
 973888 393559   79.00000   63   47   85.00000   61.00000  28.2%   131 2855s
 977011 394932   82.00000   54   39   85.00000   61.00000  28.2%   131 2863s
 978621 395548   82.00000   76   52   85.00000   61.00000  28.2%   131 2868s
 980555 396121     cutoff   48        85.00000   61.00000  28.2%   131 2872s
 982359 396700 infeasible   53        85.00000   61.00000  28.2%   130 2876s
 983799 397218     cutoff   60        85.00000   61.00000  28.2%   130 2880s
 986868 398424   78.00000   65   56   85.00000   61.00000  28.2%   130 2887s
 988456 399039   79.00000   64   29   85.00000   61.00000  28.2%   130 2891s
 990156 399706   81.00000   63   38   85.00000   61.00000  28.2%   130 2895s
 993313 400820 infeasible   49        85.00000   61.00000  28.2%   130 2903s
 994849 401451   61.00000   46  115   85.00000   61.00000  28.2%   130 2907s
 996454 401999   78.00000   53   70   85.00000   61.00000  28.2%   130 2911s
 998059 402603   84.00000   67   42   85.00000   61.00000  28.2%   130 2915s
 999616 403343 infeasible   43        85.00000   61.00000  28.2%   130 2920s
 1002946 404776   83.00000   64   42   85.00000   61.00000  28.2%   130 2928s
 1004855 405387   77.00000   46  166   85.00000   61.00000  28.2%   130 2932s
 1006391 406125 infeasible   61        85.00000   61.00000  28.2%   130 2936s
 1008095 406691   82.00000   48  128   85.00000   61.00000  28.2%   130 2941s
 1009777 407301   80.00000   47   68   85.00000   61.00000  28.2%   130 2945s
 1011412 407904   80.00000   58   34   85.00000   61.00000  28.2%   130 2950s
 1014647 409306   80.00000   63   67   85.00000   61.00000  28.2%   130 2958s
 1016133 410021   84.00000   44   56   85.00000   61.00000  28.2%   130 2963s
 1017845 410685   77.00000   47  141   85.00000   61.00000  28.2%   130 2967s
 1019319 411321   79.00000   43   97   85.00000   61.00000  28.2%   130 2971s
 1020911 411975   84.00000   53   86   85.00000   61.00000  28.2%   130 2976s
 1022527 412615   78.00000   45   73   85.00000   61.00000  28.2%   130 2980s
 1025692 413646   83.00000   62   59   85.00000   61.00000  28.2%   130 2989s
 1027244 414211 infeasible   60        85.00000   61.00000  28.2%   130 2994s
 1028931 414815   61.00000   34  138   85.00000   61.00000  28.2%   130 2999s
*1029839 359920              91      84.0000000   61.00000  27.4%   130 3000s
 1030507 360365   61.00000   54  107   84.00000   61.00000  27.4%   130 3005s
 1032129 360997 infeasible   62        84.00000   61.00000  27.4%   130 3011s
 1033774 361624 infeasible   66        84.00000   61.00000  27.4%   130 3017s
 1035234 362078 infeasible   37        84.00000   61.00000  27.4%   130 3022s
 1036889 362663   82.00000   60   58   84.00000   61.00000  27.4%   130 3027s
 1038495 363263   71.00000   60   79   84.00000   61.00000  27.4%   130 3033s
 1040198 363723     cutoff   68        84.00000   61.00000  27.4%   130 3038s
 1041566 364271   83.00000   51   69   84.00000   61.00000  27.4%   130 3042s
 1043210 364733 infeasible   62        84.00000   61.00000  27.4%   130 3047s
 1044748 365327   83.00000   53   50   84.00000   61.00000  27.4%   130 3052s
 1046454 365947   83.00000   59   49   84.00000   61.00000  27.4%   130 3057s
 1048148 366569   83.00000   58   32   84.00000   61.00000  27.4%   130 3062s
 1049757 367232 infeasible   46        84.00000   61.00000  27.4%   130 3066s
 1051508 367740   76.00000   41  122   84.00000   61.00000  27.4%   130 3071s
 1053151 368161   82.00000   61   27   84.00000   61.00000  27.4%   130 3075s
 1054495 368577   81.00000   59   66   84.00000   61.00000  27.4%   130 3080s
 1057515 369628     cutoff   55        84.00000   61.00000  27.4%   130 3089s
 1058999 370122 infeasible   50        84.00000   61.00000  27.4%   130 3094s
 1060771 370624   83.00000   33   63   84.00000   61.00000  27.4%   130 3098s
 1062265 371113   82.00000   38   44   84.00000   61.00000  27.4%   130 3102s
 1063748 371618   83.00000   49   73   84.00000   61.00000  27.4%   131 3107s
 1065357 372134   74.00000   39   91   84.00000   61.00000  27.4%   131 3113s
 1066988 372641   77.00000   48  106   84.00000   61.00000  27.4%   131 3119s
 1068538 373348   76.00000   46   85   84.00000   61.00000  27.4%   131 3125s
 1070421 373965 infeasible   69        84.00000   61.00000  27.4%   131 3131s
 1072221 374486 infeasible   38        84.00000   61.00000  27.4%   131 3136s
 1073811 375111   79.00000   47   67   84.00000   61.00000  27.4%   131 3142s
 1075489 375702   76.00000   44   90   84.00000   61.00000  27.4%   131 3147s
 1077210 376300   67.00000   56   71   84.00000   61.00000  27.4%   131 3152s
 1078961 376959     cutoff   53        84.00000   61.00000  27.4%   131 3158s
 1080741 377691   82.00000   50   45   84.00000   61.00000  27.4%   131 3163s
 1082442 378336   83.00000   52   44   84.00000   61.00000  27.4%   131 3168s
 1084245 378947   82.00000   55   31   84.00000   61.00000  27.4%   131 3173s
 1086027 379434 infeasible   60        84.00000   61.00000  27.4%   131 3177s
 1087623 379966   83.00000   61   41   84.00000   61.00000  27.4%   131 3181s
 1089157 380482   67.00000   49   82   84.00000   61.00000  27.4%   131 3186s
 1090699 381064   83.00000   67   37   84.00000   61.00000  27.4%   131 3190s
 1093871 382150   61.00000   50  134   84.00000   61.00000  27.4%   131 3199s
 1095311 382633   82.00000   49   87   84.00000   61.00000  27.4%   131 3204s
 1096987 383262 infeasible   58        84.00000   61.00000  27.4%   131 3208s
 1098656 383808   79.00000   43  155   84.00000   61.00000  27.4%   131 3213s
 1100348 384323   79.00000   45  109   84.00000   61.00000  27.4%   131 3217s
 1101833 384852   72.00000   46   59   84.00000   61.00000  27.4%   131 3222s
 1103337 385353   79.00000   58   94   84.00000   61.00000  27.4%   131 3226s
 1104925 385822     cutoff   58        84.00000   61.00000  27.4%   131 3231s
 1106543 386339 infeasible   61        84.00000   61.00000  27.4%   131 3236s
 1108166 386763 infeasible   65        84.00000   61.00000  27.4%   131 3240s
 1109751 387293 infeasible   76        84.00000   61.00000  27.4%   131 3245s
 1112999 388345 infeasible   53        84.00000   61.00000  27.4%   131 3254s
 1114635 388923   61.00000   55  123   84.00000   61.00000  27.4%   131 3259s
 1116300 389445   82.00000   56   72   84.00000   61.00000  27.4%   131 3264s
 1117767 390225   79.00000   58  110   84.00000   61.00000  27.4%   131 3268s
 1119492 390781 infeasible   63        84.00000   61.00000  27.4%   131 3274s
 1121188 391274     cutoff   50        84.00000   61.00000  27.4%   131 3279s
 1122771 391917     cutoff   40        84.00000   61.00000  27.4%   131 3285s
 1124419 392558   83.00000   63   22   84.00000   61.00000  27.4%   131 3290s
 1126031 393131 infeasible   54        84.00000   61.00000  27.4%   131 3296s
 1127619 393783   83.00000   57   57   84.00000   61.00000  27.4%   131 3301s
 1129350 394443 infeasible   41        84.00000   61.00000  27.4%   131 3307s
 1130968 395035   67.00000   39  114   84.00000   61.00000  27.4%   131 3311s
 1132508 395573   80.00000   67   56   84.00000   61.00000  27.4%   131 3317s
 1134069 396137 infeasible   63        84.00000   61.00000  27.4%   131 3322s
 1135526 397003   83.00000   59   14   84.00000   61.00000  27.4%   131 3326s
 1137282 397774   66.00000   44   94   84.00000   61.00000  27.4%   131 3331s
 1139183 398591   82.00000   46   75   84.00000   61.00000  27.4%   131 3336s
 1141234 399264   83.00000   33   80   84.00000   61.00000  27.4%   131 3340s
 1144757 400533   80.00000   45   41   84.00000   61.00000  27.4%   131 3348s
 1146335 401177   82.00000   52   63   84.00000   61.00000  27.4%   131 3352s
 1147984 401885 infeasible   48        84.00000   61.00000  27.4%   131 3357s
 1149781 402452   83.00000   48   68   84.00000   61.00000  27.4%   131 3361s
 1151390 403091 infeasible   40        84.00000   61.00000  27.4%   131 3365s
 1154562 404112 infeasible   69        84.00000   61.00000  27.4%   131 3373s
 1156088 404642   74.00000   39   81   84.00000   61.00000  27.4%   131 3377s
 1157659 405370   73.00000   56   98   84.00000   61.00000  27.4%   131 3382s
 1159355 406001   80.00000   51   40   84.00000   61.00000  27.4%   131 3386s
 1161048 406548   79.00000   56   77   84.00000   61.00000  27.4%   131 3390s
 1162583 407309 infeasible   57        84.00000   61.00000  27.4%   131 3395s
 1166414 408572 infeasible   53        84.00000   61.00000  27.4%   131 3403s
 1168085 409170 infeasible   48        84.00000   61.00000  27.4%   131 3407s
 1169715 409845   61.00000   35  113   84.00000   61.00000  27.4%   131 3411s
 1171432 410388   73.00000   41   54   84.00000   61.00000  27.4%   131 3416s
 1172934 410988   82.00000   55   52   84.00000   61.00000  27.4%   131 3420s
 1174514 411609   61.00000   47   91   84.00000   61.00000  27.4%   131 3425s
 1177994 413122   79.00000   54   51   84.00000   61.00000  27.4%   131 3434s
 1179768 413828   62.00000   49  130   84.00000   61.00000  27.4%   131 3439s
 1181644 414505   83.00000   53   25   84.00000   61.00000  27.4%   131 3443s
 1183409 415152   80.00000   39   72   84.00000   61.00000  27.4%   131 3448s
 1185066 415773   83.00000   43   51   84.00000   61.00000  27.4%   131 3453s
 1186653 416305   83.00000   45   36   84.00000   61.00000  27.4%   131 3457s
 1188279 416737 infeasible   56        84.00000   61.00000  27.4%   131 3462s
 1189591 417326   83.00000   51   61   84.00000   61.00000  27.4%   131 3466s
 1191091 417852     cutoff   42        84.00000   61.00000  27.4%   131 3471s
 1192768 418393     cutoff   47        84.00000   61.00000  27.4%   131 3476s
 1194410 419004   80.00000   46   35   84.00000   61.00000  27.4%   131 3481s
 1195979 419550   83.00000   45   32   84.00000   61.00000  27.4%   131 3486s
 1197742 420190   82.00000   48   35   84.00000   61.00000  27.4%   131 3491s
 1199426 421042   79.00000   48   50   84.00000   61.00000  27.4%   131 3495s
 1203043 422052     cutoff   54        84.00000   61.00000  27.4%   131 3503s
 1204579 422408   76.00000   44   43   84.00000   61.00000  27.4%   131 3507s
 1205934 422970   79.00000   51   51   84.00000   61.00000  27.4%   131 3511s
 1207457 423419   81.00000   49   69   84.00000   61.00000  27.4%   131 3516s
 1208967 423933   79.00000   52   74   84.00000   61.00000  27.4%   131 3520s
 1210604 424535   67.00000   43  105   84.00000   61.00000  27.4%   131 3525s
 1213574 425768   77.00000   51  104   84.00000   61.00000  27.4%   131 3534s
 1215517 426472   78.00000   57   78   84.00000   61.00000  27.4%   131 3539s
 1217452 427285     cutoff   74        84.00000   61.00000  27.4%   131 3544s
 1219254 427868     cutoff   61        84.00000   61.00000  27.4%   131 3549s
 1220747 428381 infeasible   57        84.00000   61.00000  27.4%   131 3554s
 1222295 429010   80.00000   70   50   84.00000   61.00000  27.4%   131 3559s
 1223883 429482   82.00000   54   61   84.00000   61.00000  27.4%   131 3564s
 1225423 430018   61.00000   54  138   84.00000   61.00000  27.4%   131 3568s
 1226783 430715   79.00000   54   90   84.00000   61.00000  27.4%   131 3573s
 1228342 431415 infeasible   52        84.00000   61.00000  27.4%   131 3578s
 1229918 432124     cutoff   63        84.00000   61.00000  27.4%   131 3583s
 1231613 432859 infeasible   62        84.00000   61.00000  27.4%   131 3588s
 1233336 433644     cutoff   57        84.00000   61.00000  27.4%   131 3593s
 1235048 434278   80.00000   50   96   84.00000   61.00000  27.4%   131 3598s
 1236598 434576   80.00000   62   38   84.00000   61.00000  27.4%   131 3600s

Explored 1237325 nodes (161793580 simplex iterations) in 3600.03 seconds (2636.53 work units)
Thread count was 32 (of 32 available processors)

Solution count 10: 84 85 86 ... 94

Time limit reached
Best objective 8.400000000000e+01, best bound 6.100000000000e+01, gap 27.3810%
