
Gurobi 13.0.0 (linux64) logging started Fri Nov 28 08:04:34 2025

Set parameter LogFile to value "./Results/StripPacking-BranchSP/Logs/SBspbM-010-StripPacking-15-0.log"
Set parameter TimeLimit to value 3600
Set parameter Cuts to value 0
Set parameter Presolve to value 1
Set parameter Heuristics to value 0
Set parameter LogToConsole to value 0
Set parameter LPWarmStart to value 2
Gurobi Optimizer version 13.0.0 build v13.0.0rc1 (linux64 - "Debian GNU/Linux 12 (bookworm)")

CPU model: Intel(R) Xeon(R) CPU E5-2630 v3 @ 2.40GHz, instruction set [SSE2|AVX|AVX2]
Thread count: 16 physical cores, 32 logical processors, using up to 32 threads

Non-default parameters:
TimeLimit  3600
LPWarmStart  2
Heuristics  0
Cuts  0
LogToConsole  0
Presolve  1

Optimize a model with 3725 rows, 346 columns and 11160 nonzeros (Min)
Model fingerprint: 0x69408046
Model has 1 linear objective coefficients
Variable types: 136 continuous, 210 integer (210 binary)
Coefficient statistics:
  Matrix range     [1e+00, 1e+04]
  Objective range  [1e+00, 1e+00]
  Bounds range     [1e+00, 1e+04]
  RHS range        [1e+00, 1e+04]
Using branch priorities.

Warning: Completing partial solution with 210 unfixed non-continuous variables out of 210
User MIP start did not produce a new incumbent solution

Presolve removed 525 rows and 0 columns
Presolve time: 0.02s
Presolved: 3200 rows, 346 columns, 9795 nonzeros
Variable types: 136 continuous, 210 integer (210 binary)

Root relaxation: objective 3.200000e+01, 309 iterations, 0.02 seconds (0.02 work units)
Another try with MIP start

    Nodes    |    Current Node    |     Objective Bounds      |     Work
 Expl Unexpl |  Obj  Depth IntInf | Incumbent    BestBd   Gap | It/Node Time

H    0     0                      71.0000000   32.00000  54.9%     -    0s
H    0     0                      68.0000000   32.00000  52.9%     -    0s
H    0     0                      67.0000000   32.00000  52.2%     -    0s
H    0     0                      66.0000000   32.00000  51.5%     -    0s
H    0     0                      64.0000000   32.00000  50.0%     -    0s
     0     0   32.00000    0   44   64.00000   32.00000  50.0%     -    0s
     0     0   32.00000    0   44   64.00000   32.00000  50.0%     -    0s
     0     0   32.00000    0   34   64.00000   32.00000  50.0%     -    0s
     0     2   32.00000    0   26   64.00000   32.00000  50.0%     -    0s
*  735   667              43      63.0000000   32.00000  49.2%  43.2    1s
* 1108   864              40      62.0000000   32.00000  48.4%  39.9    1s
* 1391   924              43      61.0000000   32.00000  47.5%  40.2    1s
* 1735   947              45      59.0000000   32.00000  45.8%  38.8    1s
* 2611  1138              52      58.0000000   32.00000  44.8%  37.6    1s
* 4451  1752              40      56.0000000   32.00000  42.9%  46.1    4s
  4516  1755   47.00000   33   29   56.00000   32.00000  42.9%  46.3    5s
* 4767  1754              39      55.0000000   32.00000  41.8%  46.9    5s
* 5366  1627              54      54.0000000   32.00000  40.7%  49.6    6s
* 5815  1521              47      53.0000000   32.00000  39.6%  51.5    7s
* 5865  1450              37      51.0000000   32.00000  37.3%  51.7    7s
* 7179  1266              34      50.0000000   38.00000  24.0%  58.5    9s
  7476  1293 infeasible   27        50.00000   38.00000  24.0%  60.0   10s
 11417  1543   49.00000   31   14   50.00000   45.00000  10.0%  71.0   15s
 15953  1527 infeasible   33        50.00000   46.00000  8.00%  74.7   20s
 20709  1712     cutoff   32        50.00000   47.00000  6.00%  75.2   25s
 27108  1731   48.00000   43   21   50.00000   47.00000  6.00%  71.9   30s
*30748  1634              43      48.0000000   47.00000  2.08%  68.9   31s

Explored 33906 nodes (2170063 simplex iterations) in 32.14 seconds (8.95 work units)
Thread count was 32 (of 32 available processors)

Solution count 10: 48 48 50 ... 59

Optimal solution found (tolerance 1.00e-04)
Best objective 4.800000000000e+01, best bound 4.800000000000e+01, gap 0.0000%
