
Gurobi 13.0.0 (linux64) logging started Fri Nov 28 05:04:16 2025

Set parameter LogFile to value "./Results/StripPacking-BranchSP/Logs/SBspbL-111-StripPacking-35-0.log"
Set parameter TimeLimit to value 3600
Set parameter Cuts to value 1
Set parameter Presolve to value 1
Set parameter Heuristics to value 1
Set parameter LogToConsole to value 0
Set parameter LPWarmStart to value 2
Gurobi Optimizer version 13.0.0 build v13.0.0rc1 (linux64 - "Debian GNU/Linux 12 (bookworm)")

CPU model: Intel(R) Xeon(R) CPU E5-2630 v3 @ 2.40GHz, instruction set [SSE2|AVX|AVX2]
Thread count: 16 physical cores, 32 logical processors, using up to 32 threads

Non-default parameters:
TimeLimit  3600
LPWarmStart  2
Heuristics  1
Cuts  1
LogToConsole  0
Presolve  1

Optimize a model with 33355 rows, 1261 columns and 102410 nonzeros (Min)
Model fingerprint: 0x73051f44
Model has 1 linear objective coefficients
Variable types: 71 continuous, 1190 integer (1190 binary)
Coefficient statistics:
  Matrix range     [1e+00, 1e+04]
  Objective range  [1e+00, 1e+00]
  Bounds range     [1e+00, 1e+04]
  RHS range        [5e-01, 1e+04]
Using branch priorities.

Warning: Completing partial solution with 1190 unfixed non-continuous variables out of 1190
User MIP start did not produce a new incumbent solution

Presolve removed 1190 rows and 0 columns
Presolve time: 0.21s
Presolved: 32165 rows, 1261 columns, 98840 nonzeros
Variable types: 71 continuous, 1190 integer (1190 binary)
Found heuristic solution: objective 554.0000000
Found heuristic solution: objective 533.0000000
Found heuristic solution: objective 527.0000000
Root relaxation presolved: 17758 rows, 15668 columns, 69397 nonzeros


Root relaxation: objective 4.800000e+01, 5378 iterations, 1.93 seconds (1.54 work units)
Another try with MIP start

    Nodes    |    Current Node    |     Objective Bounds      |     Work
 Expl Unexpl |  Obj  Depth IntInf | Incumbent    BestBd   Gap | It/Node Time

H    0     0                     194.0000000   48.00000  75.3%     -    4s
H    0     0                     191.0000000   48.00000  74.9%     -    4s
H    0     0                     182.0000000   48.00000  73.6%     -    4s
H    0     0                     171.0000000   48.00000  71.9%     -    4s
H    0     0                     166.0000000   48.00000  71.1%     -    4s
H    0     0                     165.0000000   48.00000  70.9%     -    4s
     0     0   48.00000    0  225  165.00000   48.00000  70.9%     -    4s
H    0     0                     139.0000000   48.00000  65.5%     -    5s
     0     0   48.00000    0  368  139.00000   48.00000  65.5%     -    9s
H    0     0                     136.0000000   48.00000  64.7%     -   11s
H    0     0                     134.0000000   48.00000  64.2%     -   11s
H    0     0                     133.0000000   48.00000  63.9%     -   11s
H    0     0                     131.0000000   48.00000  63.4%     -   11s
H    0     0                     130.0000000   48.00000  63.1%     -   11s
H    0     0                     129.0000000   48.00000  62.8%     -   11s
H    0     0                     127.0000000   48.00000  62.2%     -   11s
     0     0   48.00000    0  404  127.00000   48.00000  62.2%     -   11s
     0     0   48.00000    0  411  127.00000   48.00000  62.2%     -   15s
     0     0   48.00000    0  280  127.00000   48.00000  62.2%     -   36s
H    0     0                     123.0000000   48.00000  61.0%     -   47s
H    0     0                     122.0000000   48.00000  60.7%     -   47s
H    0     0                     121.0000000   48.00000  60.3%     -   47s
H    0     0                     120.0000000   48.00000  60.0%     -   47s
H    0     0                     118.0000000   48.00000  59.3%     -   47s
H    0     0                     117.0000000   48.00000  59.0%     -   47s
H    0     0                     116.0000000   48.00000  58.6%     -   47s
H    0     0                     114.0000000   48.00000  57.9%     -   47s
H    0     0                     113.0000000   48.00000  57.5%     -   47s
H    0     0                     112.0000000   48.00000  57.1%     -   47s
     0     0   48.00000    0  349  112.00000   48.00000  57.1%     -   47s
     0     0   48.00000    0  460  112.00000   48.00000  57.1%     -   51s
     0     0   48.00000    0  308  112.00000   48.00000  57.1%     -   69s
H    0     0                     112.0000000   48.00000  57.1%     -   81s
     0     0   48.00000    0  418  112.00000   48.00000  57.1%     -   81s
H    0     0                     111.0000000   48.00000  56.8%     -   86s
     0     0   48.00000    0  498  111.00000   48.00000  56.8%     -   86s
     0     0   48.00000    0  351  111.00000   48.00000  56.8%     -   95s
H    0     0                     110.0000000   48.00000  56.4%     -   97s
H    0     0                     110.0000000   48.00000  56.4%     -   97s
     0     0   48.00000    0  338  110.00000   48.00000  56.4%     -   97s
     0     0   48.00000    0  373  110.00000   48.00000  56.4%     -  100s
     0     0   48.00000    0  284  110.00000   48.00000  56.4%     -  118s
H    0     0                     109.0000000   48.00000  56.0%     -  125s
H    0     0                     108.0000000   48.00000  55.6%     -  125s
H    0     0                     108.0000000   48.00000  55.6%     -  125s
     0     0   48.00000    0  305  108.00000   48.00000  55.6%     -  125s
     0     0   48.00000    0  432  108.00000   48.00000  55.6%     -  130s
     0     0   48.00000    0  357  108.00000   48.00000  55.6%     -  136s
     0     0   48.00000    0  357  108.00000   48.00000  55.6%     -  139s
     0     0   48.00000    0  267  108.00000   48.00000  55.6%     -  153s
     0     2   48.00000    0  204  108.00000   48.00000  55.6%     -  171s
     7    16   48.00000    3  373  108.00000   48.00000  55.6%  2360  177s
    15    32   48.00000    4  403  108.00000   48.00000  55.6%  3140  182s
    31    48   48.00000    5  398  108.00000   48.00000  55.6%  3120  186s
    47    64   48.00000    6  377  108.00000   48.00000  55.6%  2474  194s
    63    79   48.00000    7  382  108.00000   48.00000  55.6%  2409  209s
    78    95   48.00000    7  396  108.00000   48.00000  55.6%  2347  219s
    94   111   48.00000    8  405  108.00000   48.00000  55.6%  2262  230s
   110   127   48.00000    9  381  108.00000   48.00000  55.6%  2085  242s
   126   142   48.00000    9  373  108.00000   48.00000  55.6%  2119  258s
   143   169   48.00000   10  351  108.00000   48.00000  55.6%  1995  281s
   170   191   48.00000   11  390  108.00000   48.00000  55.6%  1872  313s
H  178   191                     107.0000000   48.00000  55.1%  1850  313s
   192   230   48.00000   12  363  107.00000   48.00000  55.1%  1848  349s
H  198   230                     107.0000000   48.00000  55.1%  1815  349s
   213   230   48.00000   12  409  107.00000   48.00000  55.1%  1844  350s
   231   303   48.00000   14  379  107.00000   48.00000  55.1%  1808  397s
   308   685   48.00000   17  432  107.00000   48.00000  55.1%  1618  459s
   698  1221   56.00000   37  314  107.00000   48.00000  55.1%  1167  525s
  1287  1505   64.00000   38  316  107.00000   48.00000  55.1%   763  574s
  1643  2083   56.00000   38  319  107.00000   48.00000  55.1%   666  623s
  2315  2574   67.00000   45  281  107.00000   48.00000  55.1%   630  671s
  2870  2707   67.00000   45  322  107.00000   48.00000  55.1%   558  722s
  3065  2708   56.00000   21  267  107.00000   48.00000  55.1%   537  765s
  3067  2709   95.00000   39  331  107.00000   48.00000  55.1%   537  772s
  3068  2710   80.00000   78  411  107.00000   48.00000  55.1%   537  777s
  3069  2711   60.00000   24  374  107.00000   48.00000  55.1%   536  783s
  3070  2711   90.00000   78  346  107.00000   48.00000  55.1%   536  801s
  3071  2712   82.00000   28  284  107.00000   48.00000  55.1%   536  805s
  3072  2713  106.00000   73  327  107.00000   48.00000  55.1%   536  815s
  3073  2713  105.00000  111  381  107.00000   48.00000  55.1%   536  820s
  3074  2714   48.00000   29  286  107.00000   48.00000  55.1%   536  830s
  3076  2715   82.00000   78  285  107.00000   48.00000  55.1%   535  852s
  3077  2716  102.00000   62  427  107.00000   48.00000  55.1%   535  866s
  3078  2717   89.00000   44  316  107.00000   48.00000  55.1%   535  886s
  3079  2717  104.00000   49  341  107.00000   48.00000  55.1%   535  890s
  3080  2718   82.00000   48  282  107.00000   48.00000  55.1%   535  897s
  3081  2719   56.00000   38  425  107.00000   48.00000  55.1%   534  904s
  3082  2719   87.00000   52  250  107.00000   48.00000  55.1%   534  924s
  3083  2720   98.00000   65  305  107.00000   48.00000  55.1%   534  938s
  3084  2721  104.00000   41  306  107.00000   48.00000  55.1%   534  959s
  3085  2721   64.00000   30  334  107.00000   48.00000  55.1%   534  965s
  3086  2722   69.00000   69  204  107.00000   48.00000  55.1%   534  973s
  3087  2723   63.00000   39  432  107.00000   48.00000  55.1%   533  986s
  3088  2723   84.00000   45  374  107.00000   48.00000  55.1%   533 1001s
  3089  2724   79.00000   33  264  107.00000   48.00000  55.1%   533 1012s
  3091  2728   48.00000   15  253  107.00000   48.00000  55.1%   616 1018s
  3093  2732   48.00000   16  353  107.00000   48.00000  55.1%   616 1021s
  3097  2738   48.00000   17  347  107.00000   48.00000  55.1%   619 1025s
  3121  2760   48.00000   19  396  107.00000   48.00000  55.1%   632 1048s
  3135  2777   48.00000   20  389  107.00000   48.00000  55.1%   641 1054s
  3156  2786   48.00000   21  377  107.00000   48.00000  55.1%   647 1061s
  3172  2798   48.00000   21  382  107.00000   48.00000  55.1%   654 1067s
  3190  2812   48.00000   22  350  107.00000   48.00000  55.1%   657 1072s
  3210  2824   48.00000   22  419  107.00000   48.00000  55.1%   661 1079s
  3228  2840   48.00000   23  330  107.00000   48.00000  55.1%   664 1085s
  3250  2848   48.00000   23  391  107.00000   48.00000  55.1%   666 1091s
  3266  2865   48.00000   24  403  107.00000   48.00000  55.1%   670 1102s
  3288  2882   48.00000   24  358  107.00000   48.00000  55.1%   669 1113s
  3312  2898   48.00000   25  351  107.00000   48.00000  55.1%   672 1131s
H 3336  2770                     105.0000000   48.00000  54.3%   671 1152s
H 3353  2697                     105.0000000   48.00000  54.3%   674 1178s
H 3356  2573                     104.0000000   48.00000  53.8%   675 1178s
  3416  2588   48.00000   26  382  104.00000   48.00000  53.8%   675 1204s
H 3421  2469                     104.0000000   48.00000  53.8%   674 1204s
H 3428  2355                     103.0000000   48.00000  53.4%   674 1204s
H 3430  2249                     102.0000000   48.00000  52.9%   673 1204s
  3451  2289   48.00000   27  359  102.00000   48.00000  52.9%   673 1233s
H 3452  2188                     102.0000000   48.00000  52.9%   673 1233s
  3502  2195   48.00000   28  354  102.00000   48.00000  52.9%   674 1267s
  3528  2239   48.00000   28  422  102.00000   48.00000  52.9%   675 1302s
  3584  2252   48.00000   29  385  102.00000   48.00000  52.9%   672 1346s
  3620  2334   48.00000   29  391  102.00000   48.00000  52.9%   673 1392s
  3714  2319   48.00000   30  411  102.00000   48.00000  52.9%   670 1435s
  3730  2369   64.00000   30  320  102.00000   48.00000  52.9%   673 1481s
  3786  2422   48.00000   31  414  102.00000   48.00000  52.9%   670 1537s
  3857  2569   48.00000   31  375  102.00000   48.00000  52.9%   670 1594s
  4038  2705   48.00000   32  392  102.00000   48.00000  52.9%   665 1653s
  4269  2760   51.00000   33  341  102.00000   48.00000  52.9%   657 1709s
  4475  2715   48.00000   34  473  102.00000   48.00000  52.9%   644 1763s
  4507  2733   48.00000   34  371  102.00000   48.00000  52.9%   645 1822s
  4544  2812   48.00000   35  401  102.00000   48.00000  52.9%   643 1880s
  4639  2896   48.00000   37  423  102.00000   48.00000  52.9%   641 1940s
  4799  3007   49.00000   38  360  102.00000   48.00000  52.9%   631 2012s
  4995  3302   49.00000   38  392  102.00000   48.00000  52.9%   621 2079s
  5391  3929   49.00000   39  391  102.00000   48.00000  52.9%   602 2134s
  6350  4068   49.00000   44  369  102.00000   48.00000  52.9%   552 2181s
* 6642  3820             146     101.0000000   48.00000  52.5%   536 2181s
  6997  4524   49.00000   44  396  101.00000   48.00000  52.5%   522 2210s
  8197  4138   82.00000   82  164  101.00000   48.00000  52.5%   484 2241s
H 8198  4047                     101.0000000   48.00000  52.5%   484 2241s
  8215  4286   82.00000   82  184  101.00000   48.00000  52.5%   484 2272s
H 8332  4188                     100.0000000   48.00000  52.0%   481 2272s
  8589  4224     cutoff   95       100.00000   48.00000  52.0%   475 2302s
H 8597  3983                      99.0000000   48.00000  51.5%   475 2302s
  8794  4103   48.00000   23  401   99.00000   48.00000  51.5%   474 2335s
H 8861  4103                      99.0000000   48.00000  51.5%   476 2335s
  8940  4235   48.00000   24  375   99.00000   48.00000  51.5%   475 2373s
  9094  4268   48.00000   25  367   99.00000   48.00000  51.5%   474 2411s
  9135  4711   48.00000   26  401   99.00000   48.00000  51.5%   474 2453s
  9720  4840   48.00000   27  362   99.00000   48.00000  51.5%   462 2501s
  9921  5234   48.00000   28  382   99.00000   48.00000  51.5%   459 2539s
 10443  5400   48.00000   29  368   99.00000   48.00000  51.5%   453 2581s
 10695  5930   48.00000   30  346   99.00000   48.00000  51.5%   451 2622s
 11441  6089   48.00000   31  455   99.00000   48.00000  51.5%   439 2662s
 11688  6911   48.00000   32  451   99.00000   48.00000  51.5%   437 2719s
 12839  6926   48.00000   33  403   99.00000   48.00000  51.5%   423 2769s
 12855  7266   48.00000   34  392   99.00000   48.00000  51.5%   423 2822s
 13310  7350 infeasible   72        99.00000   48.00000  51.5%   419 2872s
 13445  7928   94.00000   73  171   99.00000   48.00000  51.5%   417 2927s
 14383  8046   60.00000   52  312   99.00000   48.00000  51.5%   408 2993s
 14565  8703   63.00000   53  300   99.00000   48.00000  51.5%   408 3050s
 15529  9026   48.00000   22  436   99.00000   48.00000  51.5%   401 3112s
 16022  9743   48.00000   23  365   99.00000   48.00000  51.5%   397 3173s
 16898 10230   49.00000   32  329   99.00000   48.00000  51.5%   398 3238s
 17675 11137   49.00000   33  358   99.00000   48.00000  51.5%   395 3330s
 18967 11945   48.00000   30  377   99.00000   48.00000  51.5%   391 3396s
 20284 12328   48.00000   29  458   99.00000   48.00000  51.5%   385 3459s
 20849 12344   48.00000   30  430   99.00000   48.00000  51.5%   385 3570s
 20865 12391   48.00000   31  392   99.00000   48.00000  51.5%   385 3600s

Cutting planes:
  Learned: 2929
  Gomory: 5
  Lift-and-project: 41
  Cover: 130
  MIR: 433
  StrongCG: 3
  Flow cover: 858
  RLT: 56

Explored 20920 nodes (8211770 simplex iterations) in 3600.05 seconds (2960.84 work units)
Thread count was 32 (of 32 available processors)

Solution count 10: 99 99 100 ... 104

Time limit reached
Best objective 9.899999998000e+01, best bound 4.800000000000e+01, gap 51.5152%
