
Gurobi 13.0.0 (linux64) logging started Fri Nov 28 14:06:36 2025

Set parameter LogFile to value "./Results/StripPacking-BranchSP/Logs/SBspbM-010-StripPacking-50-0.log"
Set parameter TimeLimit to value 3600
Set parameter Cuts to value 0
Set parameter Presolve to value 1
Set parameter Heuristics to value 0
Set parameter LogToConsole to value 0
Set parameter LPWarmStart to value 2
Gurobi Optimizer version 13.0.0 build v13.0.0rc1 (linux64 - "Debian GNU/Linux 12 (bookworm)")

CPU model: Intel(R) Xeon(R) CPU E5-2630 v3 @ 2.40GHz, instruction set [SSE2|AVX|AVX2]
Thread count: 16 physical cores, 32 logical processors, using up to 32 threads

Non-default parameters:
TimeLimit  3600
LPWarmStart  2
Heuristics  0
Cuts  0
LogToConsole  0
Presolve  1

Optimize a model with 100500 rows, 3776 columns and 301450 nonzeros (Min)
Model fingerprint: 0xd5724792
Model has 1 linear objective coefficients
Variable types: 1326 continuous, 2450 integer (2450 binary)
Coefficient statistics:
  Matrix range     [1e+00, 1e+04]
  Objective range  [1e+00, 1e+00]
  Bounds range     [1e+00, 1e+04]
  RHS range        [1e+00, 1e+04]
Using branch priorities.

Warning: Completing partial solution with 2450 unfixed non-continuous variables out of 2450
User MIP start did not produce a new incumbent solution

Presolve removed 6125 rows and 0 columns
Presolve time: 0.93s
Presolved: 94375 rows, 3776 columns, 285525 nonzeros
Variable types: 1326 continuous, 2450 integer (2450 binary)
Root relaxation presolved: 3776 rows, 98151 columns, 289301 nonzeros


Root simplex log...

Iteration    Objective       Primal Inf.    Dual Inf.      Time
   18814    4.1626934e+01   0.000000e+00   7.137769e+05      5s
   39478    4.2586357e+01   0.000000e+00   3.364552e+05     10s
   58502    4.3026232e+01   0.000000e+00   1.602811e+05     15s
   83102    4.3239074e+01   0.000000e+00   3.185192e+03     20s
   90702    3.5000000e+01   0.000000e+00   0.000000e+00     22s
   90702    3.5000000e+01   0.000000e+00   0.000000e+00     22s
   90702    3.5000000e+01   0.000000e+00   0.000000e+00     22s

Root relaxation: objective 3.500000e+01, 90702 iterations, 20.47 seconds (12.63 work units)
Another try with MIP start

    Nodes    |    Current Node    |     Objective Bounds      |     Work
 Expl Unexpl |  Obj  Depth IntInf | Incumbent    BestBd   Gap | It/Node Time

H    0     0                     292.0000000   35.00000  88.0%     -   66s
H    0     0                     290.0000000   35.00000  87.9%     -   66s
H    0     0                     285.0000000   35.00000  87.7%     -   66s
H    0     0                     259.0000000   35.00000  86.5%     -   66s
H    0     0                     242.0000000   35.00000  85.5%     -   68s
H    0     0                     232.0000000   35.00000  84.9%     -   70s
H    0     0                     229.0000000   35.00000  84.7%     -   75s
H    0     0                     217.0000000   35.00000  83.9%     -   77s
H    0     0                     212.0000000   35.00000  83.5%     -   81s
H    0     0                     203.0000000   35.00000  82.8%     -   86s
H    0     0                     202.0000000   35.00000  82.7%     -   97s
H    0     0                     202.0000000   35.00000  82.7%     -  106s
     0     0   35.00000    0 1252  202.00000   35.00000  82.7%     -  107s
     0     0   35.00000    0 1252  202.00000   35.00000  82.7%     -  109s
     0     0   35.00000    0 1138  202.00000   35.00000  82.7%     -  195s
     0     2   35.00000    0 1089  202.00000   35.00000  82.7%     -  227s
     1     4   35.00000    1 1022  202.00000   35.00000  82.7%  9014  267s
     3     7   35.00000    2 1087  202.00000   35.00000  82.7%  5756  292s
     6    14   35.00000    3 1041  202.00000   35.00000  82.7%  8041  313s
    13    28   35.00000    4 1029  202.00000   35.00000  82.7%  6828  340s
    27    38   50.00000    5  814  202.00000   35.00000  82.7%  5429  398s
    37    81   35.00000    6 1100  202.00000   35.00000  82.7%  4749  438s
    80   136   35.26750    7 1256  202.00000   35.00000  82.7%  3889  482s
   135   197   37.60284    8 1137  202.00000   35.00000  82.7%  2889  505s
   196   251   37.60284    9 1109  202.00000   35.00000  82.7%  2304  524s
   254   305   50.00000   14  783  202.00000   35.00000  82.7%  2021  539s
   308   355   50.00000   15  792  202.00000   35.00000  82.7%  1851  556s
   358   409   50.00000   17  753  202.00000   35.00000  82.7%  1737  573s
   412   465   50.00000   13 1053  202.00000   35.00000  82.7%  1628  586s
   468   529   50.00000   14 1022  202.00000   35.00000  82.7%  1526  596s
   532   605   50.00000   15 1007  202.00000   35.00000  82.7%  1428  605s
   608   689   50.00000   16  995  202.00000   35.00000  82.7%  1318  617s
   694   787   68.00000   18  670  202.00000   35.00000  82.7%  1227  624s
   792   895   68.00000   20  745  202.00000   35.00000  82.7%  1129  631s
   902  1031   68.00000   22  670  202.00000   35.00000  82.7%  1038  637s
  1040  1175   68.00000   25  581  202.00000   35.00000  82.7%   941  642s
  1186  1320   86.00000   28  565  202.00000   35.00000  82.7%   861  654s
  1347  1470  104.00000   31  553  202.00000   35.00000  82.7%   791  678s
  1521  1641  117.00000   36  434  202.00000   35.00000  82.7%   723  699s
  1727  1811  117.00000   41  453  202.00000   35.00000  82.7%   656  714s
  1949  2010  137.00000   51  310  202.00000   35.00000  82.7%   605  736s
  2208  2222  158.00000   65  256  202.00000   35.00000  82.7%   557  756s
  2472  2223   74.00000   35 1138  202.00000   35.00000  82.7%   513  772s
  2474  2224  109.00000   69 1437  202.00000   35.00000  82.7%   513  859s
  2475  2225  149.00000   83 1244  202.00000   35.00000  82.7%   513 1005s
  2477  2228   35.00000   15 1178  202.00000   35.00000  82.7%   605 1188s
  2478  2231   35.00000   16 1144  202.00000   35.00000  82.7%   608 1207s
  2481  2236   35.00000   17 1090  202.00000   35.00000  82.7%   619 1235s
  2487  2246   35.00000   18 1112  202.00000   35.00000  82.7%   638 1271s
  2499  2249   50.00000   19 1066  202.00000   35.00000  82.7%   677 1467s
  2506  2263   51.00000   20  878  202.00000   35.00000  82.7%   688 1647s
  2522  2321   52.00000   21  965  202.00000   35.00000  82.7%   770 1721s
  2586  2364   52.00000   25  860  202.00000   35.00000  82.7%   803 1755s
  2650  2391   52.00000   30  820  202.00000   35.00000  82.7%   813 1790s
  2698  2430   52.00000   33  908  202.00000   35.00000  82.7%   821 1815s
  2753  2465   65.00000   36  821  202.00000   35.00000  82.7%   824 1833s
  2807  2503   65.00000   37  687  202.00000   35.00000  82.7%   828 1852s
  2863  2541   70.00000   38  653  202.00000   35.00000  82.7%   827 1875s
  2919  2585   83.00000   39  614  202.00000   35.00000  82.7%   824 1892s
  2982  2637   83.00000   41  740  202.00000   35.00000  82.7%   822 1914s
  3055  2702   83.00000   43  676  202.00000   35.00000  82.7%   820 1942s
  3144  2780   83.00000   47  559  202.00000   35.00000  82.7%   810 1965s
  3252  2863   91.00000   53  469  202.00000   35.00000  82.7%   797 1986s
  3371  2958   91.00000   59  536  202.00000   35.00000  82.7%   785 2008s
  3506  3068  110.00000   62  374  202.00000   35.00000  82.7%   768 2031s
  3661  3191  118.00000   71  328  202.00000   35.00000  82.7%   744 2052s
  3842  3337  138.00000   83  223  202.00000   35.00000  82.7%   718 2084s
  4055  3505  138.00000   98  251  202.00000   35.00000  82.7%   691 2109s
  4306  3648  155.00000  118  243  202.00000   35.00000  82.7%   661 2136s
  4581  3861  168.00000  140  161  202.00000   35.00000  82.7%   630 2157s
* 4722  3543             218     201.0000000   35.00000  82.6%   615 2157s
  4901  3505     cutoff  166       201.00000   35.00000  82.6%   596 2190s
* 4967  3308             223     200.0000000   35.00000  82.5%   593 2190s
  5099  3338  134.00000   67  227  200.00000   35.00000  82.5%   580 2222s
* 5234  3102             246     199.0000000   35.00000  82.4%   573 2222s
  5286  3255  161.00000   95  189  199.00000   35.00000  82.4%   571 2251s
  5502  3416  196.00000  131   86  199.00000   35.00000  82.4%   563 2275s
  5735  3614  197.00000  169   72  199.00000   35.00000  82.4%   556 2300s
  6019  3786 infeasible  206       199.00000   35.00000  82.4%   544 2328s
  6336  3886  123.00000   71  352  199.00000   35.00000  82.4%   529 2359s
* 6429  3643             205     198.0000000   35.00000  82.3%   528 2359s
  6598  3708  135.00000   91  237  198.00000   35.00000  82.3%   519 2391s
  6812  3898  188.00000  128  133  198.00000   35.00000  82.3%   516 2425s
  7082  4161  196.00000  180   49  198.00000   35.00000  82.3%   510 2445s
* 7129  3946             227     197.0000000   35.00000  82.2%   507 2445s
  7445  4280     cutoff  230       197.00000   35.00000  82.2%   498 2473s
  7899  4797  104.00000   41  525  197.00000   35.00000  82.2%   482 2501s
* 8344  4596             246     196.0000000   35.00000  82.1%   464 2501s
  8552  4803  117.00000   48  518  196.00000   35.00000  82.1%   456 2540s
* 8603  4569             228     195.0000000   35.00000  82.1%   455 2540s
  8991  5173  104.00000   52  588  195.00000   35.00000  82.1%   443 2558s
  9646  5959  106.00000   54  564  195.00000   35.00000  82.1%   425 2583s
*10184  5884             233     194.0000000   35.00000  82.0%   411 2583s
 10480  6277  137.00000   59  525  194.00000   35.00000  82.0%   403 2621s
*11092  6111             231     193.0000000   35.00000  81.9%   389 2621s
 11140  6726  120.00000   62  488  193.00000   35.00000  81.9%   387 2662s
*11548  6444             321     188.0000000   35.00000  81.4%   377 2662s
*11559  6331             324     185.0000000   35.00000  81.1%   377 2662s
*11563  6038             325     180.0000000   35.00000  80.6%   377 2662s
*11635  6002             332     179.0000000   35.00000  80.4%   376 2662s
*11673  5401             335     172.0000000   35.00000  79.7%   375 2662s
 11987  5349  134.00000   68  533  172.00000   35.00000  79.7%   369 2693s
 12408  5865  134.00000   71  412  172.00000   35.00000  79.7%   368 2728s
*12954  5770             234     171.0000000   35.00000  79.5%   361 2728s
 13081  5922  157.00000   77  427  171.00000   35.00000  79.5%   361 2766s
 13472  6192  159.00000   88  390  171.00000   35.00000  79.5%   360 2799s
 13754  6663  166.00000   93  400  171.00000   35.00000  79.5%   364 2829s
 14247  7047  166.00000  102  389  171.00000   35.00000  79.5%   363 2871s
 14788  7528  166.00000  119  200  171.00000   35.00000  79.5%   362 2911s
 15339  8213  170.00000  145   96  171.00000   35.00000  79.5%   360 2954s
*15482  7792             184     170.0000000   35.00000  79.4%   357 2955s
 16221  7981     cutoff  183       170.00000   35.00000  79.4%   351 2997s
 16685  8519   52.00000   29  917  170.00000   35.00000  79.4%   353 3051s
*17273  8033             226     167.0000000   35.00000  79.0%   351 3051s
 17324  8232   60.00000   30  844  167.00000   35.00000  79.0%   352 3098s
 17750  8679   60.00000   35  842  167.00000   35.00000  79.0%   355 3156s
 18336  8966   68.00000   41  751  167.00000   35.00000  79.0%   355 3228s
 18703  9551  101.00000   48  576  167.00000   35.00000  79.0%   358 3283s
 19344 10223  164.00000  100  194  167.00000   35.00000  79.0%   358 3339s
 20333 10631   60.00000   26 1070  167.00000   35.00000  79.0%   355 3392s
 20942 11212   86.00000   38  957  167.00000   35.00000  79.0%   357 3476s
 21650 11975  141.00000   69  370  167.00000   35.00000  79.0%   361 3558s
 22676 12295   65.00000   31  842  167.00000   35.00000  79.0%   364 3600s

Explored 23074 nodes (8641378 simplex iterations) in 3600.10 seconds (2795.66 work units)
Thread count was 32 (of 32 available processors)

Solution count 10: 167 170 171 ... 194

Time limit reached
Best objective 1.670000000000e+02, best bound 3.500000000000e+01, gap 79.0419%
