
Gurobi 13.0.0 (linux64) logging started Fri Nov 28 08:06:27 2025

Set parameter LogFile to value "./Results/StripPacking-BranchSP/Logs/SBspbM-010-StripPacking-20-0.log"
Set parameter TimeLimit to value 3600
Set parameter Cuts to value 0
Set parameter Presolve to value 1
Set parameter Heuristics to value 0
Set parameter LogToConsole to value 0
Set parameter LPWarmStart to value 2
Gurobi Optimizer version 13.0.0 build v13.0.0rc1 (linux64 - "Debian GNU/Linux 12 (bookworm)")

CPU model: Intel(R) Xeon(R) CPU E5-2630 v3 @ 2.40GHz, instruction set [SSE2|AVX|AVX2]
Thread count: 16 physical cores, 32 logical processors, using up to 32 threads

Non-default parameters:
TimeLimit  3600
LPWarmStart  2
Heuristics  0
Cuts  0
LogToConsole  0
Presolve  1

Optimize a model with 14625 rows, 951 columns and 43850 nonzeros (Min)
Model fingerprint: 0xd5f45e2a
Model has 1 linear objective coefficients
Variable types: 351 continuous, 600 integer (600 binary)
Coefficient statistics:
  Matrix range     [1e+00, 1e+04]
  Objective range  [1e+00, 1e+00]
  Bounds range     [1e+00, 1e+04]
  RHS range        [1e+00, 1e+04]
Using branch priorities.

Warning: Completing partial solution with 600 unfixed non-continuous variables out of 600
User MIP start did not produce a new incumbent solution

Presolve removed 1500 rows and 0 columns
Presolve time: 0.07s
Presolved: 13125 rows, 951 columns, 39950 nonzeros
Variable types: 351 continuous, 600 integer (600 binary)

Root relaxation: objective 3.600000e+01, 2235 iterations, 0.34 seconds (0.29 work units)
Another try with MIP start

    Nodes    |    Current Node    |     Objective Bounds      |     Work
 Expl Unexpl |  Obj  Depth IntInf | Incumbent    BestBd   Gap | It/Node Time

H    0     0                     200.0000000   36.00000  82.0%     -    0s
H    0     0                     196.0000000   36.00000  81.6%     -    0s
H    0     0                     194.0000000   36.00000  81.4%     -    0s
H    0     0                     191.0000000   36.00000  81.2%     -    1s
H    0     0                     183.0000000   36.00000  80.3%     -    1s
H    0     0                     170.0000000   36.00000  78.8%     -    1s
H    0     0                     166.0000000   36.00000  78.3%     -    1s
H    0     0                     164.0000000   36.00000  78.0%     -    1s
H    0     0                     159.0000000   36.00000  77.4%     -    1s
H    0     0                     158.0000000   36.00000  77.2%     -    1s
H    0     0                     149.0000000   36.00000  75.8%     -    1s
H    0     0                     136.0000000   36.00000  73.5%     -    2s
H    0     0                     132.0000000   36.00000  72.7%     -    2s
H    0     0                     128.0000000   36.00000  71.9%     -    2s
H    0     0                     128.0000000   36.00000  71.9%     -    2s
     0     0   36.00000    0  175  128.00000   36.00000  71.9%     -    3s
     0     0   36.00000    0  175  128.00000   36.00000  71.9%     -    3s
     0     0   36.00000    0  175  128.00000   36.00000  71.9%     -    3s
     0     2   36.00000    0  132  128.00000   36.00000  71.9%     -    3s
    31    48   36.00000    5  291  128.00000   36.00000  71.9%   478    5s
* 1545  1415              88     118.0000000   36.00000  69.5%  88.0    9s
* 1622  1331              97     114.0000000   36.00000  68.4%  85.4    9s
  1716  1287 infeasible   89       114.00000   36.00000  68.4%  82.2   10s
* 1901  1369              98     113.0000000   36.00000  68.1%  88.3   11s
  2475  1777  102.00000   36  139  113.00000   38.00000  66.4%  85.8   19s
  2477  1781   38.00000   12  190  113.00000   38.00000  66.4%  89.4   20s
  2711  1963   78.00000   21  161  113.00000   38.00000  66.4%   106   25s
* 3596  2371              68     112.0000000   38.00000  66.1%   109   29s
  3740  2578   78.00000   47  103  112.00000   38.00000  66.1%   108   30s
* 3792  2461              68     111.0000000   38.00000  65.8%   106   30s
* 4273  2313              94     109.0000000   38.00000  65.1%   100   31s
* 4559  2071              93     108.0000000   38.00000  64.8%  98.0   32s
  5172  2409   98.00000   42   75  108.00000   38.00000  64.8%   101   35s
* 5995  2279              76     106.0000000   48.00000  54.7%   101   39s
  6175  2298   96.00000   32   72  106.00000   48.00000  54.7%   102   40s
* 6680  2398              84     105.0000000   48.00000  54.3%   103   41s
* 7147  2317              96     103.0000000   48.00000  53.4%   102   42s
* 7534  2262              89     100.0000000   48.00000  52.0%   102   44s
  7774  2248   97.00000   32  248  100.00000   48.00000  52.0%   102   45s
* 7928  2131             105      99.0000000   48.00000  51.5%   103   45s
  8894  2961   57.00000   25  252   99.00000   48.00000  51.5%   108   50s
* 9346  2798              82      98.0000000   48.00000  51.0%   109   51s
 10297  3492   97.00000   63   21   98.00000   48.00000  51.0%   111   55s
*11395  3544              72      97.0000000   50.00000  48.5%   114   58s
 11420  3646   90.00000   59   88   97.00000   50.00000  48.5%   114   60s
 12725  4649   65.00000   37  244   97.00000   50.00000  48.5%   119   65s
*13220  4066              94      96.0000000   50.00000  47.9%   119   65s
*13493  3851              80      95.0000000   50.00000  47.4%   120   66s
 13718  4142   55.00000   34  297   95.00000   50.00000  47.4%   122   70s
 14782  4889   73.00000   30  226   95.00000   54.00000  43.2%   127   75s
 16066  5492     cutoff   47        95.00000   55.00000  42.1%   131   81s
 16835  6085   86.00000   41  148   95.00000   55.00000  42.1%   134   86s
 17933  6538 infeasible   63        95.00000   55.00000  42.1%   136   90s
 19286  7217   92.00000   50  124   95.00000   55.00000  42.1%   137   95s
 20435  8031   66.00000   47  344   95.00000   55.00000  42.1%   139  100s
*21485  7256              82      94.0000000   55.00000  41.5%   141  103s
 21908  7552   86.00000   43  176   94.00000   55.00000  41.5%   141  106s
 23206  8338   69.00000   47  236   94.00000   55.00000  41.5%   145  112s
 23907  8794   69.00000   39  206   94.00000   55.00000  41.5%   146  115s
*24096  7911              95      93.0000000   55.00000  40.9%   147  115s
 25378  8601   85.00000   57   84   93.00000   55.00000  40.9%   150  122s
*25740  7694              94      92.0000000   55.00000  40.2%   150  122s
 26228  7976   67.00000   32  203   92.00000   56.00000  39.1%   151  125s
 27895  8958   81.00000   65  147   92.00000   56.00000  39.1%   154  132s
 28901  9422   68.00000   50  293   92.00000   57.00000  38.0%   155  137s
 29760  9873   77.00000   52  242   92.00000   57.00000  38.0%   157  141s
 30630 10341   86.00000   52  154   92.00000   57.00000  38.0%   159  145s
 31590 10836   78.00000   58  245   92.00000   57.00000  38.0%   161  150s
*31858  9706              79      91.0000000   57.00000  37.4%   161  150s
 32469 10114   78.00000   46  155   91.00000   57.00000  37.4%   163  155s
 33509 10638   83.00000   44  193   91.00000   57.00000  37.4%   165  160s
 34547 11182   87.00000   53  126   91.00000   57.00000  37.4%   167  166s
 35593 11831 infeasible   53        91.00000   58.00000  36.3%   169  171s
 37045 12767   88.00000   51   98   91.00000   58.00000  36.3%   169  177s
*38352 11328              71      90.0000000   58.00000  35.6%   169  177s
 38761 11837     cutoff   61        90.00000   58.00000  35.6%   169  183s
 40164 12482   81.00000   44  123   90.00000   58.00000  35.6%   170  189s
 41490 13301   70.00000   41  203   90.00000   58.00000  35.6%   171  195s
 43016 14172   83.00000   28  153   90.00000   58.00000  35.6%   172  201s
 44464 15071   89.00000   35  133   90.00000   58.00000  35.6%   173  208s
 46085 16084   89.00000   61   65   90.00000   59.00000  34.4%   174  214s
*46987 14522              77      89.0000000   59.00000  33.7%   173  214s
 47948 15101   87.00000   37  221   89.00000   59.00000  33.7%   173  221s
 49316 16008   81.00000   27  167   89.00000   59.00000  33.7%   174  227s
 51108 16887   62.00000   41  318   89.00000   59.00000  33.7%   174  233s
 52738 17826   69.00000   31  138   89.00000   59.00000  33.7%   175  240s
 54394 18626   81.00000   50   81   89.00000   59.00000  33.7%   175  246s
 55895 19528   66.00000   34  327   89.00000   59.00000  33.7%   175  253s
 57522 20484   77.00000   30   89   89.00000   59.00000  33.7%   176  260s
 59235 21437   59.00000   35  113   89.00000   59.00000  33.7%   175  266s
 60959 22491   85.00000   52   37   89.00000   59.00000  33.7%   175  273s
*62888 20248              74      88.0000000   59.00000  33.0%   175  273s
 63019 20814   81.00000   44  143   88.00000   59.00000  33.0%   175  279s
 64425 21639   85.00000   42  125   88.00000   59.00000  33.0%   175  286s
 65955 22380 infeasible   61        88.00000   59.00000  33.0%   176  292s
 67368 23264 infeasible   37        88.00000   59.00000  33.0%   176  299s
 69047 24138   62.00000   46  224   88.00000   59.00000  33.0%   176  305s
 70549 25015   85.00000   51   73   88.00000   59.00000  33.0%   177  312s
 72098 25959   78.00000   39  191   88.00000   59.00000  33.0%   177  319s
 73855 26834   84.00000   44   93   88.00000   59.00000  33.0%   177  325s
 75633 27619 infeasible   57        88.00000   59.00000  33.0%   177  332s
 77135 28502   80.00000   40  100   88.00000   59.00000  33.0%   177  339s
 78770 29239   66.00000   34  211   88.00000   59.00000  33.0%   178  345s
 80481 30062 infeasible   54        88.00000   59.00000  33.0%   178  352s
 82064 30852   85.00000   62   38   88.00000   59.00000  33.0%   178  358s
 83543 31717   85.00000   48  115   88.00000   59.00000  33.0%   178  365s
 85413 32578   87.00000   46   98   88.00000   59.00000  33.0%   178  371s
 87071 33510   79.00000   39  138   88.00000   59.00000  33.0%   178  378s
 88758 34368   59.00000   36  195   88.00000   59.00000  33.0%   178  384s
 90490 35140     cutoff   50        88.00000   59.00000  33.0%   178  390s
 92338 35949   60.60134   41  167   88.00000   59.00000  33.0%   178  397s
 93964 36776   84.00000   66   97   88.00000   59.00000  33.0%   178  403s
 95665 37656 infeasible   69        88.00000   59.00000  33.0%   178  409s
*96316 32456              86      87.0000000   59.00000  32.2%   178  409s
 97225 33127   81.00000   39  142   87.00000   59.00000  32.2%   178  416s
*97986 29733              88      86.0000000   59.00000  31.4%   178  416s
 98827 30166   77.00000   51   88   86.00000   59.00000  31.4%   178  423s
 100345 30896   84.00000   47   50   86.00000   59.00000  31.4%   178  429s
 101963 31574   76.00000   39  246   86.00000   59.00000  31.4%   179  436s
 103400 32207   83.00000   53   66   86.00000   59.00000  31.4%   179  443s
 104705 32845   78.00000   46  130   86.00000   59.00000  31.4%   180  450s
 106258 33426   83.00000   33   88   86.00000   59.00000  31.4%   180  457s
 107769 34100 infeasible   57        86.00000   59.00000  31.4%   180  463s
 109290 34797     cutoff   42        86.00000   59.00000  31.4%   181  469s
 110838 35358   79.00000   41   94   86.00000   59.00000  31.4%   181  476s
 112423 36002   83.00000   60   81   86.00000   59.00000  31.4%   181  483s
 113872 36626 infeasible   59        86.00000   59.00000  31.4%   181  490s
 115323 37321   85.00000   57   75   86.00000   59.00000  31.4%   182  496s
 116932 38041 infeasible   64        86.00000   59.00000  31.4%   182  503s
 118312 38765 infeasible   48        86.00000   59.00000  31.4%   183  509s
 119764 39491 infeasible   50        86.00000   59.00000  31.4%   183  516s
 121302 40286   84.00000   47   74   86.00000   59.00000  31.4%   183  522s
 123022 41050   76.00000   44  142   86.00000   59.00000  31.4%   183  529s
 124646 41732   83.00000   70   32   86.00000   59.00000  31.4%   183  536s
 126295 42426   72.00000   41  210   86.00000   59.00000  31.4%   183  542s
 127805 43057     cutoff   50        86.00000   59.00000  31.4%   184  549s
 129206 43738   78.00000   39  158   86.00000   59.00000  31.4%   184  556s
 130631 44520   78.00000   40  200   86.00000   59.00000  31.4%   184  564s
 132145 45232   85.00000   47   74   86.00000   59.00000  31.4%   185  571s
 133599 46006   85.00000   59   61   86.00000   59.00000  31.4%   185  577s
 135129 46753   81.00000   44   77   86.00000   59.00000  31.4%   185  583s
 136734 47404     cutoff   37        86.00000   59.00000  31.4%   185  590s
 138207 47998   70.00000   27  210   86.00000   59.00000  31.4%   186  596s
 139418 48617   78.00000   48  113   86.00000   59.00000  31.4%   186  602s
 140794 49366   83.00000   40  111   86.00000   59.00000  31.4%   187  609s
 142382 50014   79.00000   43  140   86.00000   59.00000  31.4%   187  617s
 143903 50636 infeasible   57        86.00000   59.00000  31.4%   187  624s
 145632 51330   80.00000   48   53   86.00000   59.00000  31.4%   187  632s
 147184 52014   80.00000   42  101   86.00000   59.00000  31.4%   187  638s
 148599 52754 infeasible   41        86.00000   59.00000  31.4%   187  646s
 150068 53336     cutoff   68        86.00000   59.00000  31.4%   188  652s
 151231 54093   84.00000   47   45   86.00000   59.00000  31.4%   188  659s
 152791 54688   73.00000   44  220   86.00000   59.00000  31.4%   188  666s
 154169 55362   77.00000   45  104   86.00000   59.00000  31.4%   189  673s
 155776 55978   85.00000   48  145   86.00000   59.00000  31.4%   189  679s
 157390 56670   85.00000   30  119   86.00000   59.00000  31.4%   189  686s
 158707 57355     cutoff   58        86.00000   59.00000  31.4%   189  692s
 160234 57991 infeasible   52        86.00000   59.00000  31.4%   190  699s
 161811 58597 infeasible   54        86.00000   59.00000  31.4%   190  706s
 163212 59222   63.00000   54  214   86.00000   59.00000  31.4%   190  713s
 164747 60057   84.00000   61   63   86.00000   59.00000  31.4%   190  720s
 166380 60651   59.00000   26  217   86.00000   59.00000  31.4%   190  726s
 167998 61210   81.00000   40  129   86.00000   59.00000  31.4%   190  733s
 169278 61917   79.00000   50   96   86.00000   59.00000  31.4%   191  739s
 170844 62631   80.00000   42   88   86.00000   59.00000  31.4%   191  746s
 172471 63339   81.00000   55  206   86.00000   59.00000  31.4%   191  753s
 173803 64011 infeasible   51        86.00000   59.00000  31.4%   191  760s
 175222 64769   74.00000   57  120   86.00000   59.00000  31.4%   191  766s
 176805 65419   79.00000   55  136   86.00000   59.00000  31.4%   192  773s
 178285 65973   85.00000   50   87   86.00000   59.00000  31.4%   192  779s
 179619 66673   62.00000   41  261   86.00000   59.00000  31.4%   192  786s
 181081 67346   70.00000   47  154   86.00000   59.00000  31.4%   192  793s
 182572 67983   80.00000   45  127   86.00000   59.00000  31.4%   192  800s
 183977 68763   85.00000   56   81   86.00000   59.00000  31.4%   193  807s
 185498 69393   82.00000   47  133   86.00000   59.00000  31.4%   193  814s
 187029 70082   85.00000   50   94   86.00000   59.00000  31.4%   193  820s
 188556 70790   78.00000   35  137   86.00000   59.00000  31.4%   193  828s
 190128 71446   85.00000   50   99   86.00000   59.00000  31.4%   193  835s
 191533 72073   84.00000   37   76   86.00000   59.00000  31.4%   193  842s
 193006 72662   72.00000   46  238   86.00000   59.00000  31.4%   194  849s
 194587 73228   82.00000   63  179   86.00000   59.00000  31.4%   194  855s
 195976 73742   72.00000   31  220   86.00000   59.00000  31.4%   194  862s
 197356 74365 infeasible   43        86.00000   59.00000  31.4%   194  869s
 198802 74978   85.00000   58   71   86.00000   59.00000  31.4%   194  875s
 200506 75767     cutoff   52        86.00000   59.00000  31.4%   194  882s
 201977 76369   84.00000   61   83   86.00000   59.00000  31.4%   195  889s
 203503 76967   72.00000   48  251   86.00000   59.00000  31.4%   195  896s
 204982 77797   59.00000   42  134   86.00000   59.00000  31.4%   195  902s
 206752 78542   85.00000   52   60   86.00000   59.00000  31.4%   195  909s
 208465 79182 infeasible   56        86.00000   59.00000  31.4%   195  916s
 210022 79776 infeasible   58        86.00000   59.00000  31.4%   195  923s
 211493 80393 infeasible   37        86.00000   59.00000  31.4%   195  929s
 213073 81048   82.00000   40  164   86.00000   59.00000  31.4%   195  936s
 214536 81720 infeasible   41        86.00000   59.00000  31.4%   195  943s
 216106 82374 infeasible   41        86.00000   59.00000  31.4%   195  949s
 217625 83053   79.00000   36  197   86.00000   59.00000  31.4%   195  956s
 219085 83713 infeasible   43        86.00000   59.00000  31.4%   196  963s
 220566 84483   85.00000   36  133   86.00000   59.00000  31.4%   196  970s
 222001 85072   77.00000   33  154   86.00000   59.00000  31.4%   196  977s
 223421 85671   80.00000   52   43   86.00000   59.00000  31.4%   196  984s
 224877 86425   59.00000   37  146   86.00000   59.00000  31.4%   196  991s
 226423 87149   73.00000   34  228   86.00000   59.00000  31.4%   196  998s
 228068 87731   84.00000   69   28   86.00000   59.00000  31.4%   196 1004s
 229502 88449   62.00000   37  276   86.00000   59.00000  31.4%   197 1011s
 230995 89132   85.00000   42   92   86.00000   59.00000  31.4%   197 1019s
 232496 89811 infeasible   70        86.00000   59.00000  31.4%   197 1026s
 234044 90492 infeasible   53        86.00000   59.00000  31.4%   197 1033s
 235479 91068   75.00000   37  320   86.00000   59.00000  31.4%   197 1040s
 236802 91790   78.00000   48  123   86.00000   59.00000  31.4%   197 1047s
 238296 92474   63.00000   41  242   86.00000   59.00000  31.4%   198 1054s
 239789 93105 infeasible   58        86.00000   59.00000  31.4%   198 1061s
 241334 93707   85.00000   58   43   86.00000   59.00000  31.4%   198 1068s
 242823 94406   82.00000   52  107   86.00000   59.00000  31.4%   198 1075s
 244505 95099   66.00000   55  130   86.00000   59.00000  31.4%   198 1082s
 246058 95739     cutoff   53        86.00000   59.00000  31.4%   198 1089s
 247592 96395   59.00000   34  183   86.00000   59.00000  31.4%   198 1096s
 248968 97063 infeasible   55        86.00000   59.00000  31.4%   198 1102s
 250584 97684     cutoff   48        86.00000   59.00000  31.4%   198 1109s
 252233 98499   82.00000   55   96   86.00000   59.00000  31.4%   198 1116s
 253827 99198   82.00000   44   94   86.00000   59.00000  31.4%   199 1123s
 255345 99895   73.00000   29  178   86.00000   59.00000  31.4%   199 1130s
 256828 100489 infeasible   58        86.00000   59.00000  31.4%   199 1137s
 258223 101131 infeasible   68        86.00000   59.00000  31.4%   199 1144s
 259666 101887 infeasible   46        86.00000   59.00000  31.4%   199 1152s
 261352 102542 infeasible   42        86.00000   59.00000  31.4%   199 1159s
 262984 103153   79.00000   41   88   86.00000   59.00000  31.4%   199 1165s
 264365 103769     cutoff   43        86.00000   59.00000  31.4%   199 1173s
 265876 104452   78.00000   33  169   86.00000   59.00000  31.4%   199 1180s
 267415 105097   85.00000   40  112   86.00000   59.00000  31.4%   199 1187s
 268922 105838   85.00000   49  101   86.00000   59.00000  31.4%   200 1194s
 270535 106526 infeasible   48        86.00000   59.00000  31.4%   200 1201s
 272093 107129   76.00000   40  147   86.00000   59.00000  31.4%   200 1208s
 273519 107812   59.00000   31  188   86.00000   59.00000  31.4%   200 1215s
 275084 108632     cutoff   41        86.00000   59.00000  31.4%   200 1222s
 276889 109280   85.00000   49   66   86.00000   59.00000  31.4%   200 1229s
 278387 109902   72.00000   46  185   86.00000   59.00000  31.4%   200 1236s
 279819 110493   72.00000   50  144   86.00000   59.00000  31.4%   200 1243s
 281321 111237   75.00000   24  182   86.00000   59.00000  31.4%   200 1251s
 282741 111941 infeasible   53        86.00000   59.00000  31.4%   200 1258s
 284327 112638   85.00000   49  123   86.00000   59.00000  31.4%   200 1266s
 285899 113368 infeasible   57        86.00000   59.00000  31.4%   200 1273s
 287506 114137   78.00000   30  194   86.00000   59.00000  31.4%   200 1281s
 289087 114882   82.00000   49  134   86.00000   59.00000  31.4%   200 1289s
 290678 115536   83.00000   53  102   86.00000   59.00000  31.4%   201 1297s
 292257 116222 infeasible   58        86.00000   59.00000  31.4%   201 1304s
 292508 116222   81.00000   33  133   86.00000   59.00000  31.4%   201 1305s
 293812 116855   85.00000   63   61   86.00000   59.00000  31.4%   201 1313s
 295305 117509   85.00000   45  247   86.00000   59.00000  31.4%   201 1320s
 296828 118210   84.00000   47   53   86.00000   59.00000  31.4%   201 1328s
 298501 118881 infeasible   57        86.00000   59.00000  31.4%   201 1336s
 299888 119491 infeasible   52        86.00000   59.00000  31.4%   201 1343s
 301396 120012   78.00000   42  163   86.00000   59.00000  31.4%   201 1351s
 302714 120888   64.00000   33  189   86.00000   59.00000  31.4%   201 1359s
 304275 121726   80.00000   42  125   86.00000   59.00000  31.4%   201 1366s
 305813 122508   85.00000   59   29   86.00000   59.00000  31.4%   201 1373s
 307448 123176   59.00000   39  238   86.00000   59.00000  31.4%   202 1381s
 309104 123851   75.00000   45  222   86.00000   59.00000  31.4%   202 1388s
 310693 124437   85.00000   57   59   86.00000   59.00000  31.4%   202 1395s
 312117 125160 infeasible   50        86.00000   59.00000  31.4%   202 1403s
 313726 125842   79.00000   50  108   86.00000   59.00000  31.4%   202 1410s
 315323 126490   60.00000   47  181   86.00000   59.00000  31.4%   202 1418s
 316816 127221   83.00000   46  174   86.00000   59.00000  31.4%   202 1425s
 318806 127788   72.00000   32  202   86.00000   59.00000  31.4%   202 1432s
 320220 128518   74.00000   46  120   86.00000   59.00000  31.4%   202 1440s
 321734 129198   84.00000   49   37   86.00000   59.00000  31.4%   202 1448s
 323261 129873   68.00000   53  143   86.00000   59.00000  31.4%   202 1455s
 324852 130506   63.00000   45  220   86.00000   59.00000  31.4%   202 1462s
 326372 131139   69.00000   40  255   86.00000   59.00000  31.4%   202 1469s
 327844 131872   84.00000   48  113   86.00000   59.00000  31.4%   202 1476s
 329409 132446   83.00000   44   88   86.00000   59.00000  31.4%   202 1483s
 330828 133141   85.00000   52  112   86.00000   59.00000  31.4%   202 1490s
 332314 133709   85.00000   61  124   86.00000   59.00000  31.4%   203 1496s
 333687 134437   79.00000   45  105   86.00000   59.00000  31.4%   203 1503s
 335296 135132   59.00000   36  214   86.00000   59.00000  31.4%   203 1511s
 336895 135979   72.00000   33  216   86.00000   59.00000  31.4%   203 1518s
 338420 136631   85.00000   57   68   86.00000   59.00000  31.4%   203 1526s
 339874 137209   81.00000   51  154   86.00000   59.00000  31.4%   203 1534s
 341212 137809   81.00000   56  191   86.00000   59.00000  31.4%   203 1542s
 342839 138490   81.00000   51  110   86.00000   59.00000  31.4%   203 1550s
 344358 139193   82.00000   46  116   86.00000   59.00000  31.4%   203 1557s
 345954 139923   81.00000   38  161   86.00000   59.00000  31.4%   203 1565s
 347416 140624   85.00000   58   48   86.00000   59.00000  31.4%   203 1572s
 348972 141352   77.00000   43  225   86.00000   59.00000  31.4%   203 1579s
 350717 142014   84.00000   54   73   86.00000   59.00000  31.4%   203 1586s
 352249 142691   82.00000   50  182   86.00000   59.00000  31.4%   203 1593s
 353802 143324     cutoff   49        86.00000   59.00000  31.4%   203 1600s
 355202 143965   78.00000   42  164   86.00000   59.00000  31.4%   204 1608s
 356893 144694   69.00000   49  237   86.00000   59.00000  31.4%   204 1615s
 358375 145451   84.00000   63   35   86.00000   59.00000  31.4%   204 1623s
 360101 146155   85.00000   49  103   86.00000   59.00000  31.4%   204 1630s
 361667 146802   76.00000   40  169   86.00000   59.00000  31.4%   204 1636s
 363130 147512 infeasible   60        86.00000   59.00000  31.4%   204 1643s
 364749 148171 infeasible   56        86.00000   59.00000  31.4%   204 1650s
 366123 148783   80.00000   36  116   86.00000   59.00000  31.4%   204 1657s
 367477 149408 infeasible   60        86.00000   59.00000  31.4%   204 1664s
 368938 149999 infeasible   51        86.00000   59.00000  31.4%   204 1671s
 370171 150731 infeasible   55        86.00000   59.00000  31.4%   204 1678s
 371720 151452   84.00000   42  157   86.00000   59.00000  31.4%   204 1686s
 373317 152090 infeasible   55        86.00000   59.00000  31.4%   204 1693s
 374806 152757   81.00000   57   35   86.00000   59.00000  31.4%   205 1700s
 376366 153400   80.00000   45   62   86.00000   59.00000  31.4%   205 1707s
 377944 154166   76.00000   37  102   86.00000   59.00000  31.4%   205 1715s
 379521 154873   78.00000   35  253   86.00000   59.00000  31.4%   205 1721s
 381038 155502   81.00000   54  134   86.00000   59.00000  31.4%   205 1729s
 382587 156175   83.00000   46   84   86.00000   59.00000  31.4%   205 1736s
 384032 156865 infeasible   54        86.00000   59.00000  31.4%   205 1743s
 385583 157574 infeasible   42        86.00000   59.00000  31.4%   205 1750s
 387232 158145   78.00000   46  128   86.00000   59.00000  31.4%   205 1757s
 388904 158724   82.00000   49   84   86.00000   59.00000  31.4%   205 1764s
 390441 159473   82.00000   45   99   86.00000   59.00000  31.4%   205 1771s
 392148 160112 infeasible   64        86.00000   59.00000  31.4%   205 1778s
 393628 160676   79.00000   43  185   86.00000   59.00000  31.4%   205 1785s
 395139 161257   85.00000   35  132   86.00000   59.00000  31.4%   205 1792s
 396659 161936   76.00000   37  158   86.00000   59.00000  31.4%   205 1799s
 398265 162668   79.00000   49  129   86.00000   59.00000  31.4%   205 1806s
 399925 163532   81.00000   34  205   86.00000   59.00000  31.4%   205 1813s
 401597 164156   85.00000   43   91   86.00000   59.00000  31.4%   205 1820s
 403105 164815   78.00000   58   69   86.00000   59.00000  31.4%   205 1827s
 404617 165399   80.00000   47  127   86.00000   59.00000  31.4%   205 1834s
 406000 166049   85.00000   47   94   86.00000   59.00000  31.4%   206 1841s
 407494 166750   72.00000   36  192   86.00000   59.00000  31.4%   206 1848s
 409105 167404   78.00000   42  138   86.00000   59.00000  31.4%   206 1855s
 410654 168028   81.00000   46  116   86.00000   59.00000  31.4%   206 1862s
 412126 168706   77.00000   35  133   86.00000   59.00000  31.4%   206 1869s
 413551 169384   76.00000   37  151   86.00000   59.00000  31.4%   206 1877s
 415040 170065   79.00000   40   97   86.00000   59.00000  31.4%   206 1884s
 416543 170810   85.00000   45   45   86.00000   59.00000  31.4%   206 1891s
 418039 171462   80.00000   43  128   86.00000   59.00000  31.4%   206 1898s
 419553 172178   80.00000   46  110   86.00000   59.00000  31.4%   206 1905s
 420996 172952   72.00000   36  213   86.00000   59.00000  31.4%   206 1912s
 422706 173701   80.00000   48   92   86.00000   59.00000  31.4%   206 1919s
 424390 174451   59.00000   34  216   86.00000   59.00000  31.4%   206 1926s
 426051 175085   59.00000   34  238   86.00000   59.00000  31.4%   206 1933s
 427681 175908   85.00000   49  130   86.00000   59.00000  31.4%   206 1940s
 429376 176656   73.00000   68  126   86.00000   59.00000  31.4%   206 1947s
 431046 177418   79.00000   56   98   86.00000   59.00000  31.4%   206 1954s
 432680 178200   81.00000   37  132   86.00000   59.00000  31.4%   206 1961s
 434387 178886   84.00000   47  131   86.00000   59.00000  31.4%   206 1969s
 435927 179454   80.00000   31  150   86.00000   59.00000  31.4%   206 1976s
 437514 180101   62.00000   34  269   86.00000   59.00000  31.4%   206 1984s
 438997 180641   76.00000   42  147   86.00000   59.00000  31.4%   206 1991s
 440742 181321   80.00000   45  120   86.00000   59.00000  31.4%   206 1998s
 442298 182527 infeasible   49        86.00000   59.70968  30.6%   206 2006s
 444663 183689   81.00000   43  124   86.00000   60.00000  30.2%   206 2014s
 447188 184532 infeasible   67        86.00000   60.00000  30.2%   206 2021s
 449201 185579   82.00000   46  114   86.00000   60.00000  30.2%   205 2029s
 451373 186446   73.00000   35  134   86.00000   60.00000  30.2%   205 2037s
 453420 187236   82.00000   41   97   86.00000   60.00000  30.2%   205 2044s
 455425 188126   83.00000   65   49   86.00000   60.00000  30.2%   205 2051s
 457364 189023     cutoff   68        86.00000   60.00000  30.2%   205 2058s
 459278 189839   81.00000   29  216   86.00000   60.00000  30.2%   205 2066s
 461100 190704   85.00000   49   83   86.00000   60.00000  30.2%   205 2073s
 462925 191387   84.00000   57   93   86.00000   60.00000  30.2%   205 2080s
*463440 155709              72      85.0000000   60.00000  29.4%   204 2080s
 464832 156317     cutoff   63        85.00000   60.00000  29.4%   204 2088s
 466524 157078   82.00000   67   79   85.00000   60.00000  29.4%   204 2095s
 468378 157900   79.00000   58  131   85.00000   60.00000  29.4%   204 2102s
 470090 158635   80.00000   45  209   85.00000   60.00000  29.4%   204 2109s
 472100 159443 infeasible   53        85.00000   60.00000  29.4%   204 2117s
 473981 160153 infeasible   45        85.00000   60.00000  29.4%   204 2124s
 475667 160816   83.00000   47   75   85.00000   60.00000  29.4%   204 2131s
 477268 161604   73.00000   26  164   85.00000   60.00000  29.4%   204 2138s
 478906 162351 infeasible   49        85.00000   60.00000  29.4%   204 2145s
 480550 163123     cutoff   55        85.00000   60.00000  29.4%   204 2152s
 482482 163773   60.00000   51  144   85.00000   60.00000  29.4%   204 2159s
 484202 164452   80.00000   54   44   85.00000   60.00000  29.4%   204 2166s
 485929 165111   79.00000   55   87   85.00000   60.00000  29.4%   204 2174s
 487450 165892   80.00000   40  109   85.00000   60.00000  29.4%   204 2182s
 489253 166686     cutoff   61        85.00000   60.00000  29.4%   204 2190s
 490938 167391 infeasible   37        85.00000   60.00000  29.4%   204 2197s
 492599 168170   71.00000   51   88   85.00000   60.00000  29.4%   204 2205s
 494452 168836   70.00000   43  114   85.00000   60.00000  29.4%   204 2211s
 496172 169704   76.00000   47  167   85.00000   60.00000  29.4%   204 2219s
 498156 170463   80.00000   45   93   85.00000   60.00000  29.4%   204 2226s
 499924 171176   82.00000   54   56   85.00000   60.00000  29.4%   204 2234s
 501567 171976     cutoff   38        85.00000   60.00000  29.4%   204 2241s
 503612 172647 infeasible   60        85.00000   60.00000  29.4%   204 2248s
 505224 173338 infeasible   55        85.00000   60.00000  29.4%   204 2255s
 506848 173996   77.00000   58   98   85.00000   60.00000  29.4%   204 2263s
 508247 174607   79.00000   36  123   85.00000   60.00000  29.4%   204 2270s
 509615 175300 infeasible   54        85.00000   60.00000  29.4%   204 2277s
 511164 176044   84.00000   50   48   85.00000   60.00000  29.4%   204 2284s
 512660 176775 infeasible   50        85.00000   60.00000  29.4%   204 2292s
 514307 177553   79.00000   52  110   85.00000   60.00000  29.4%   204 2299s
 516007 178384   79.00000   52  102   85.00000   60.00000  29.4%   204 2306s
 517729 179104   80.00000   48   78   85.00000   60.00000  29.4%   204 2313s
 519391 179765     cutoff   45        85.00000   60.00000  29.4%   204 2321s
 520972 180420   77.00000   43  137   85.00000   60.00000  29.4%   204 2327s
 522392 181040   82.00000   61   72   85.00000   60.00000  29.4%   204 2334s
 524029 181720   78.00000   44  131   85.00000   60.00000  29.4%   204 2341s
 525634 182457 infeasible   56        85.00000   60.00000  29.4%   204 2349s
 527329 183269 infeasible   43        85.00000   60.00000  29.4%   204 2355s
 529198 183956   83.00000   40   88   85.00000   60.00000  29.4%   204 2362s
 530826 184542   78.00000   43  240   85.00000   60.00000  29.4%   204 2369s
 532299 185238   79.00000   57  122   85.00000   60.00000  29.4%   204 2376s
 533861 185868   79.00000   54   79   85.00000   60.00000  29.4%   204 2383s
 535256 186521   73.00000   45  171   85.00000   60.00000  29.4%   204 2389s
 536721 187145   79.00000   39  107   85.00000   60.00000  29.4%   204 2397s
 538287 187806   79.00000   46  139   85.00000   60.00000  29.4%   204 2404s
 539920 188411   80.00000   43  100   85.00000   60.00000  29.4%   204 2412s
 541331 189194   82.00000   48   82   85.00000   60.00000  29.4%   204 2419s
 543058 189768 infeasible   47        85.00000   60.00000  29.4%   204 2425s
 544586 190429   84.00000   41  115   85.00000   60.00000  29.4%   204 2433s
 546159 191146 infeasible   45        85.00000   60.00000  29.4%   204 2440s
 547794 191861   79.00000   57   91   85.00000   60.00000  29.4%   204 2447s
 549465 192554   82.00000   31   98   85.00000   60.00000  29.4%   204 2454s
 550965 193270 infeasible   51        85.00000   60.00000  29.4%   204 2461s
 552463 193857 infeasible   51        85.00000   60.00000  29.4%   205 2468s
 553871 194438   84.00000   50   93   85.00000   60.00000  29.4%   205 2475s
 555316 195061   67.00000   52  166   85.00000   60.00000  29.4%   205 2481s
 556610 195752 infeasible   42        85.00000   60.00000  29.4%   205 2489s
 558145 196399   82.00000   46  130   85.00000   60.00000  29.4%   205 2496s
 559604 197149   77.00000   47  164   85.00000   60.00000  29.4%   205 2503s
 561092 197857   81.00000   56  140   85.00000   60.00000  29.4%   205 2510s
 562701 198534   68.00000   37  193   85.00000   60.00000  29.4%   205 2517s
 564458 199077   78.00000   61  117   85.00000   60.00000  29.4%   205 2524s
 566000 199715   80.00000   53   74   85.00000   60.00000  29.4%   205 2530s
 567585 200391 infeasible   33        85.00000   60.00000  29.4%   205 2538s
 569140 201048   77.00000   43  109   85.00000   60.00000  29.4%   205 2545s
 570640 201677   82.00000   46   84   85.00000   60.00000  29.4%   205 2553s
 572152 202412   75.00000   45  139   85.00000   60.00000  29.4%   205 2560s
 573677 203122   79.00000   44  200   85.00000   60.00000  29.4%   205 2567s
 575163 203869   84.00000   48   86   85.00000   60.00000  29.4%   205 2575s
 576794 204503   81.00000   45  113   85.00000   60.00000  29.4%   205 2582s
 578288 205216   84.00000   47   97   85.00000   60.00000  29.4%   205 2589s
 579863 205874   84.00000   58   54   85.00000   60.00000  29.4%   205 2597s
 581373 206498   60.00000   39  178   85.00000   60.00000  29.4%   205 2605s
 582655 207233   83.00000   52   61   85.00000   60.00000  29.4%   206 2612s
 584269 207953 infeasible   44        85.00000   60.00000  29.4%   206 2619s
 585914 208635 infeasible   60        85.00000   60.00000  29.4%   206 2626s
 587580 209266   69.00000   43  149   85.00000   60.00000  29.4%   206 2633s
 588986 209987   84.00000   47   64   85.00000   60.00000  29.4%   206 2640s
 590662 210664   75.00000   42  127   85.00000   60.00000  29.4%   206 2647s
 592263 211193   77.00000   44  174   85.00000   60.00000  29.4%   206 2654s
 593788 211762   79.00000   43   98   85.00000   60.00000  29.4%   206 2661s
 595154 212516   79.00000   38  119   85.00000   60.00000  29.4%   206 2669s
 596853 213157   73.00000   37  170   85.00000   60.00000  29.4%   206 2676s
 598359 213917   75.00000   35  167   85.00000   60.00000  29.4%   206 2684s
 600037 214590   79.00000   50  130   85.00000   60.00000  29.4%   206 2691s
 601610 215247   82.00000   43  217   85.00000   60.00000  29.4%   206 2699s
 603181 215806   73.00000   38  138   85.00000   60.00000  29.4%   206 2706s
 604791 216441   82.00000   51  157   85.00000   60.00000  29.4%   206 2714s
 606471 217026   72.00000   37  129   85.00000   60.00000  29.4%   206 2722s
 607849 217646   82.00000   38  118   85.00000   60.00000  29.4%   206 2730s
 609277 218362   81.00000   49   85   85.00000   60.00000  29.4%   206 2737s
 610974 219031   79.00000   41  188   85.00000   60.00000  29.4%   206 2744s
 612429 219615   81.00000   49   82   85.00000   60.00000  29.4%   206 2751s
 614078 220350   84.00000   59   70   85.00000   60.00000  29.4%   206 2758s
 615820 221001 infeasible   38        85.00000   60.00000  29.4%   206 2765s
 617333 221653   73.00000   34  242   85.00000   60.00000  29.4%   206 2772s
 618878 222238     cutoff   48        85.00000   60.00000  29.4%   206 2779s
 620434 222927   79.00000   53   82   85.00000   60.00000  29.4%   206 2787s
 622004 223561   81.00000   43   87   85.00000   60.00000  29.4%   206 2794s
 623583 224188   73.00000   36  249   85.00000   60.00000  29.4%   206 2801s
 625196 224691   81.00000   43  160   85.00000   60.00000  29.4%   206 2808s
 626561 225369   80.00000   46  158   85.00000   60.00000  29.4%   206 2815s
 628072 225987 infeasible   39        85.00000   60.00000  29.4%   206 2822s
 629589 226689   76.00000   39  157   85.00000   60.00000  29.4%   206 2829s
 631159 227447   78.00000   31  175   85.00000   60.00000  29.4%   207 2836s
 632740 228092 infeasible   58        85.00000   60.00000  29.4%   207 2843s
 634319 228796   79.00000   43  194   85.00000   60.00000  29.4%   207 2851s
 635973 229540 infeasible   39        85.00000   60.00000  29.4%   207 2859s
 637602 230130   73.00000   33  197   85.00000   60.00000  29.4%   207 2866s
 638935 230870   79.00000   59  109   85.00000   60.00000  29.4%   207 2873s
 640695 231528   77.00000   42   90   85.00000   60.00000  29.4%   207 2881s
 642246 232219   77.00000   42  181   85.00000   60.00000  29.4%   207 2888s
 643805 232756   79.00000   42   95   85.00000   60.00000  29.4%   207 2896s
 645561 233375   78.00000   48  101   85.00000   60.00000  29.4%   207 2904s
 647348 234066   77.00000   46   92   85.00000   60.00000  29.4%   207 2913s
 648982 234597   79.00000   39  189   85.00000   60.00000  29.4%   207 2921s
 650547 235282 infeasible   43        85.00000   60.00000  29.4%   207 2928s
 652030 235907   82.00000   53   42   85.00000   60.00000  29.4%   207 2935s
 653544 236604     cutoff   44        85.00000   60.00000  29.4%   207 2943s
 655226 237187   79.00000   57  214   85.00000   60.00000  29.4%   207 2950s
 656513 237793 infeasible   48        85.00000   60.00000  29.4%   207 2958s
 657951 238518   83.00000   51  121   85.00000   60.00000  29.4%   207 2965s
 659599 239201   78.00000   44  265   85.00000   60.00000  29.4%   207 2973s
 661172 239849   76.00000   48  168   85.00000   60.00000  29.4%   207 2980s
 662563 240526   77.00000   49  134   85.00000   60.00000  29.4%   207 2987s
 664191 241186   79.00000   45   95   85.00000   60.00000  29.4%   207 2995s
 665784 241874   60.00000   36  223   85.00000   60.00000  29.4%   207 3002s
 667621 242604   84.00000   43  103   85.00000   60.00000  29.4%   207 3010s
 669175 243177   78.00000   42  166   85.00000   60.00000  29.4%   207 3018s
 670603 243845   79.00000   63   69   85.00000   60.00000  29.4%   207 3026s
 672019 244618   79.00000   55   98   85.00000   60.00000  29.4%   207 3033s
 673683 245210   79.00000   51  133   85.00000   60.00000  29.4%   207 3041s
 675151 245888 infeasible   67        85.00000   60.00000  29.4%   207 3049s
 676585 246544 infeasible   53        85.00000   60.00000  29.4%   207 3057s
 678098 247274   84.00000   52   80   85.00000   60.00000  29.4%   207 3064s
 679842 247979   84.00000   49   44   85.00000   60.00000  29.4%   207 3071s
 681364 248571   72.00000   42  156   85.00000   60.00000  29.4%   207 3079s
 682884 249304 infeasible   39        85.00000   60.00000  29.4%   207 3086s
 684472 249893   77.00000   45  140   85.00000   60.00000  29.4%   207 3093s
 685954 250573   83.00000   46   58   85.00000   60.00000  29.4%   207 3100s
 687584 251120   84.00000   50   55   85.00000   60.00000  29.4%   207 3108s
 689000 251799   73.00000   33  128   85.00000   60.00000  29.4%   207 3115s
 690553 252455 infeasible   54        85.00000   60.00000  29.4%   208 3123s
 692122 253046 infeasible   32        85.00000   60.00000  29.4%   208 3130s
 693668 253724 infeasible   49        85.00000   60.00000  29.4%   208 3137s
 695509 254413   83.00000   47   83   85.00000   60.00000  29.4%   208 3145s
 697169 255041   84.00000   48   83   85.00000   60.00000  29.4%   208 3152s
 698739 255593 infeasible   66        85.00000   60.00000  29.4%   208 3159s
 700503 256199   76.00000   45  259   85.00000   60.00000  29.4%   208 3167s
 702357 256898     cutoff   58        85.00000   60.00000  29.4%   207 3175s
 704063 257617   84.00000   53   71   85.00000   60.00000  29.4%   207 3182s
 705883 258319   80.00000   57  107   85.00000   60.00000  29.4%   207 3190s
 707380 258974   84.00000   57   41   85.00000   60.00000  29.4%   207 3197s
 708893 259677   84.00000   44   54   85.00000   60.00000  29.4%   207 3204s
 710593 260270   73.00000   33  145   85.00000   60.00000  29.4%   207 3212s
 712222 261082   82.00000   62   87   85.00000   60.00000  29.4%   207 3219s
 713989 261739   77.00000   49  136   85.00000   60.00000  29.4%   207 3227s
 715586 262461 infeasible   57        85.00000   60.00000  29.4%   207 3234s
 717295 263086   75.00000   42  250   85.00000   60.00000  29.4%   207 3242s
 718831 263724   76.00000   43  256   85.00000   60.00000  29.4%   207 3249s
 720421 264443   82.00000   46  200   85.00000   60.00000  29.4%   208 3257s
 721858 265065   78.00000   47  151   85.00000   60.00000  29.4%   208 3264s
 723143 265616 infeasible   47        85.00000   60.00000  29.4%   208 3272s
 724858 266121   79.00000   51   94   85.00000   60.00000  29.4%   208 3279s
 726391 266689   69.00000   44  128   85.00000   60.00000  29.4%   208 3287s
 727786 267346   60.00000   43  150   85.00000   60.00000  29.4%   208 3295s
 729304 268065   73.00000   40  137   85.00000   60.00000  29.4%   208 3302s
 731012 268833   79.00000   39  101   85.00000   60.00000  29.4%   208 3310s
 732746 269520   80.00000   38  177   85.00000   60.00000  29.4%   208 3317s
 734332 270105   62.00000   43  159   85.00000   60.00000  29.4%   208 3325s
 735755 270792   79.00000   44  138   85.00000   60.00000  29.4%   208 3332s
 737389 271393   83.00000   42   77   85.00000   60.00000  29.4%   208 3339s
 738864 271999   79.00000   52  144   85.00000   60.00000  29.4%   208 3347s
 740349 272657   80.00000   58   65   85.00000   60.00000  29.4%   208 3355s
 741805 273252   79.00000   51  128   85.00000   60.00000  29.4%   208 3362s
 743464 273789 infeasible   52        85.00000   60.00000  29.4%   208 3370s
 744907 274341   79.00000   49  158   85.00000   60.00000  29.4%   208 3377s
 746356 275011   73.00000   49  130   85.00000   60.00000  29.4%   208 3385s
 747966 275542   76.00000   45  172   85.00000   60.00000  29.4%   208 3393s
 749465 276177   78.00000   41  200   85.00000   60.00000  29.4%   208 3400s
 750931 276745   78.00000   48  123   85.00000   60.00000  29.4%   208 3408s
 752482 277378   83.00000   33  143   85.00000   60.00000  29.4%   208 3416s
 754510 278015   60.00000   32  184   85.00000   60.00000  29.4%   208 3424s
 756304 278640   79.00000   49  118   85.00000   60.00000  29.4%   208 3432s
 758213 279295   79.00000   44   76   85.00000   60.00000  29.4%   208 3439s
 759701 279851   81.00000   55  102   85.00000   60.00000  29.4%   208 3447s
 761217 280434   76.00000   51  193   85.00000   60.00000  29.4%   208 3454s
 762721 281082   78.00000   46  128   85.00000   60.00000  29.4%   208 3461s
 764163 281822   79.00000   38  142   85.00000   60.00000  29.4%   208 3469s
 765831 282309   83.00000   44  124   85.00000   60.00000  29.4%   208 3476s
 767464 282936   64.00000   39  190   85.00000   60.00000  29.4%   208 3484s
 769128 283606   78.00000   54   92   85.00000   60.00000  29.4%   208 3491s
 770712 284309   83.00000   57   89   85.00000   60.00000  29.4%   208 3499s
 772348 285066   80.00000   42  130   85.00000   60.00000  29.4%   208 3506s
 774015 285610   79.00000   48  136   85.00000   60.00000  29.4%   208 3514s
 775584 286242   69.00000   39  171   85.00000   60.00000  29.4%   208 3522s
 777102 286929 infeasible   50        85.00000   60.00000  29.4%   208 3529s
 778761 287600   83.00000   52   82   85.00000   60.00000  29.4%   208 3536s
 780329 288355   83.00000   56   57   85.00000   60.00000  29.4%   208 3543s
 781920 288985 infeasible   68        85.00000   60.00000  29.4%   208 3551s
 783420 289517   84.00000   42  132   85.00000   60.00000  29.4%   208 3558s
 784845 290206   75.00000   40  179   85.00000   60.00000  29.4%   208 3566s
 786399 290872   83.00000   33  159   85.00000   60.00000  29.4%   208 3573s
 787864 291684   76.00000   39  156   85.00000   60.00000  29.4%   209 3580s
 789570 292322   60.00000   48  157   85.00000   60.00000  29.4%   209 3586s
 790979 292957   84.00000   56   45   85.00000   60.00000  29.4%   209 3594s
 792539 293550 infeasible   50        85.00000   60.00000  29.4%   209 3600s

Cutting planes:
  Lazy constraints: 65

Explored 793924 nodes (165612863 simplex iterations) in 3600.01 seconds (2717.36 work units)
Thread count was 32 (of 32 available processors)

Solution count 10: 85 86 87 ... 94

Time limit reached
Best objective 8.500000000000e+01, best bound 6.000000000000e+01, gap 29.4118%
