
Gurobi 13.0.0 (linux64) logging started Fri Nov 28 06:04:17 2025

Set parameter LogFile to value "./Results/StripPacking-BranchSP/Logs/SBspbL-010-StripPacking-50-0.log"
Set parameter TimeLimit to value 3600
Set parameter Cuts to value 0
Set parameter Presolve to value 1
Set parameter Heuristics to value 0
Set parameter LogToConsole to value 0
Set parameter LPWarmStart to value 2
Gurobi Optimizer version 13.0.0 build v13.0.0rc1 (linux64 - "Debian GNU/Linux 12 (bookworm)")

CPU model: Intel(R) Xeon(R) CPU E5-2630 v3 @ 2.40GHz, instruction set [SSE2|AVX|AVX2]
Thread count: 16 physical cores, 32 logical processors, using up to 32 threads

Non-default parameters:
TimeLimit  3600
LPWarmStart  2
Heuristics  0
Cuts  0
LogToConsole  0
Presolve  1

Optimize a model with 93150 rows, 2551 columns and 284300 nonzeros (Min)
Model fingerprint: 0x7a2faafd
Model has 1 linear objective coefficients
Variable types: 101 continuous, 2450 integer (2450 binary)
Coefficient statistics:
  Matrix range     [1e+00, 1e+04]
  Objective range  [1e+00, 1e+00]
  Bounds range     [1e+00, 1e+04]
  RHS range        [5e-01, 1e+04]
Using branch priorities.

Warning: Completing partial solution with 2450 unfixed non-continuous variables out of 2450
User MIP start did not produce a new incumbent solution

Presolve removed 2450 rows and 0 columns
Presolve time: 0.62s
Presolved: 90700 rows, 2551 columns, 276950 nonzeros
Variable types: 101 continuous, 2450 integer (2450 binary)
Root relaxation presolved: 2551 rows, 93251 columns, 279501 nonzeros


Root simplex log...

Iteration    Objective       Primal Inf.    Dual Inf.      Time
   20223    3.5811462e+01   0.000000e+00   1.233060e+05      5s
   45003    3.5951302e+01   0.000000e+00   2.344457e+04     10s
   68285    3.5000000e+01   0.000000e+00   0.000000e+00     15s
   68285    3.5000000e+01   0.000000e+00   0.000000e+00     15s
   68285    3.5000000e+01   0.000000e+00   0.000000e+00     15s

Root relaxation: objective 3.500000e+01, 68285 iterations, 13.50 seconds (10.17 work units)
Total elapsed time = 15.12s (DegenMoves)
Another try with MIP start

    Nodes    |    Current Node    |     Objective Bounds      |     Work
 Expl Unexpl |  Obj  Depth IntInf | Incumbent    BestBd   Gap | It/Node Time

H    0     0                     321.0000000   35.00000  89.1%     -   80s
H    0     0                     305.0000000   35.00000  88.5%     -   80s
H    0     0                     302.0000000   35.00000  88.4%     -   80s
H    0     0                     292.0000000   35.00000  88.0%     -   80s
H    0     0                     280.0000000   35.00000  87.5%     -   81s
H    0     0                     268.0000000   35.00000  86.9%     -   82s
H    0     0                     262.0000000   35.00000  86.6%     -   82s
H    0     0                     248.0000000   35.00000  85.9%     -   85s
H    0     0                     246.0000000   35.00000  85.8%     -   87s
H    0     0                     233.0000000   35.00000  85.0%     -   89s
H    0     0                     226.0000000   35.00000  84.5%     -   91s
H    0     0                     210.0000000   35.00000  83.3%     -   92s
H    0     0                     209.0000000   35.00000  83.3%     -   98s
H    0     0                     208.0000000   35.00000  83.2%     -   98s
H    0     0                     207.0000000   35.00000  83.1%     -   99s
H    0     0                     206.0000000   35.00000  83.0%     -   99s
     0     0   35.00000    0 1304  206.00000   35.00000  83.0%     -  100s
     0     0   35.00000    0 1304  206.00000   35.00000  83.0%     -  101s
     0     0   35.00000    0 1204  206.00000   35.00000  83.0%     -  201s
     0     2   35.00000    0 1149  206.00000   35.00000  83.0%     -  261s
     1     3   35.00000    1 1065  206.00000   35.00000  83.0%   462  278s
     2     4   50.00000    2  693  206.00000   35.00000  83.0%   807  308s
     3     6   50.00000    3  738  206.00000   35.00000  83.0%  1909  328s
     5    12   50.00000    4  806  206.00000   35.00000  83.0%  2186  360s
    11    24   50.00000    5  829  206.00000   35.00000  83.0%  5137  394s
    23    39   50.00000    6 1041  206.00000   35.00000  83.0%  5132  421s
    38    77   50.00000    7  960  206.00000   35.00000  83.0%  3893  459s
    76   131   50.00000    9  910  206.00000   35.00000  83.0%  3081  485s
   130   186   50.00000   10  803  206.00000   35.00000  83.0%  2502  509s
   185   230   50.00000   11  748  206.00000   35.00000  83.0%  2061  529s
   229   278   50.00000   12  737  206.00000   35.00000  83.0%  1912  552s
   277   326   50.00000   13  819  206.00000   35.00000  83.0%  1828  569s
   325   369   50.00000   14  771  206.00000   35.00000  83.0%  1770  588s
   368   415   50.00000   15  735  206.00000   35.00000  83.0%  1714  603s
   414   471   63.00000   16  620  206.00000   35.00000  83.0%  1636  621s
   470   531   81.00000   17  511  206.00000   35.00000  83.0%  1566  639s
   530   598   81.00000   19  455  206.00000   35.00000  83.0%  1498  661s
   597   677   81.00000   25  472  206.00000   35.00000  83.0%  1429  678s
   678   757   86.00000   30  636  206.00000   35.00000  83.0%  1351  691s
   766   855   86.00000   31  590  206.00000   35.00000  83.0%  1263  702s
   866   955   86.00000   34  484  206.00000   35.00000  83.0%  1180  713s
   972  1064   86.00000   36  478  206.00000   35.00000  83.0%  1104  731s
  1090  1191   86.00000   38  438  206.00000   35.00000  83.0%  1044  742s
  1226  1333  128.00000   46  342  206.00000   35.00000  83.0%   980  750s
  1382  1475  120.00000   59  292  206.00000   35.00000  83.0%   907  762s
  1551  1643  120.00000   72  275  206.00000   35.00000  83.0%   844  774s
  1739  1786  130.00000   85  263  206.00000   35.00000  83.0%   784  799s
  1938  1970  130.00000   93  250  206.00000   35.00000  83.0%   730  824s
  2170  2140  137.00000  112  232  206.00000   35.00000  83.0%   676  851s
  2377  2141   85.00000   10 1204  206.00000   35.00000  83.0%   642  875s
  2379  2142   86.00000   32 1439  206.00000   35.00000  83.0%   642 1004s
  2380  2143   96.00000   34 1037  206.00000   35.00000  83.0%   641 1154s
  2382  2147   35.00000   10  884  206.00000   35.00000  83.0%   731 1280s
  2384  2151   35.00000   11  826  206.00000   35.00000  83.0%   734 1303s
  2388  2157   35.00000   12  945  206.00000   35.00000  83.0%   746 1323s
  2396  2171   35.00000   13  867  206.00000   35.00000  83.0%   759 1356s
  2412  2179   35.00000   14  942  206.00000   35.00000  83.0%   775 1397s
  2426  2224   35.00000   15  954  206.00000   35.00000  83.0%   777 1433s
  2475  2266   42.00000   16  786  206.00000   35.00000  83.0%   792 1451s
  2534  2292   42.00000   16  852  206.00000   35.00000  83.0%   802 1468s
  2579  2332   52.00000   17  708  206.00000   35.00000  83.0%   810 1479s
  2634  2369   57.00000   18  651  206.00000   35.00000  83.0%   812 1491s
  2690  2405   61.00000   19  704  206.00000   35.00000  83.0%   814 1504s
  2744  2433   61.00000   20  646  206.00000   35.00000  83.0%   813 1513s
  2790  2473   64.00000   20  617  206.00000   35.00000  83.0%   814 1521s
  2846  2510   64.00000   22  666  206.00000   35.00000  83.0%   813 1526s
  2901  2556   64.00000   23  651  206.00000   35.00000  83.0%   808 1532s
  2966  2610   74.00000   25  529  206.00000   35.00000  83.0%   804 1541s
  3041  2671   64.00000   25  633  206.00000   35.00000  83.0%   796 1553s
  3127  2740   64.00000   26  586  206.00000   35.00000  83.0%   787 1558s
  3225  2805   73.00000   27  550  206.00000   35.00000  83.0%   774 1570s
  3323  2867   64.00000   28  657  206.00000   35.00000  83.0%   765 1577s
  3417  2965   64.00000   29  615  206.00000   35.00000  83.0%   755 1583s
  3549  3049   64.00000   30  582  206.00000   35.00000  83.0%   738 1589s
  3682  3131   72.00000   31  516  206.00000   35.00000  83.0%   722 1596s
  3826  3214   72.00000   32  489  206.00000   35.00000  83.0%   705 1629s
  3973  3308   72.00000   33  479  206.00000   35.00000  83.0%   690 1637s
  4119  3423   72.00000   34  496  206.00000   35.00000  83.0%   675 1645s
* 4256  3211             202     205.0000000   35.00000  82.9%   661 1645s
  4305  3288  105.00000   37  350  205.00000   35.00000  82.9%   655 1667s
  4435  3391   93.00000   40  374  205.00000   35.00000  82.9%   646 1678s
  4588  3524   93.00000   41  365  205.00000   35.00000  82.9%   636 1685s
  4779  3657  115.00000   44  290  205.00000   35.00000  82.9%   620 1692s
* 4828  3502             288     204.0000000   35.00000  82.8%   616 1692s
  4998  3641  132.00000   52  221  204.00000   35.00000  82.8%   603 1707s
  5210  3803  131.00000   60  198  204.00000   35.00000  82.8%   590 1715s
  5444  3977  144.00000   69  185  204.00000   35.00000  82.8%   574 1723s
  5700  4156  131.00000   83  237  204.00000   35.00000  82.8%   559 1731s
* 5979  3899             206     203.0000000   35.00000  82.8%   540 1731s
  5999  4149  140.00000   97  218  203.00000   35.00000  82.8%   541 1739s
  6266  4405  140.00000  117  176  203.00000   35.00000  82.8%   527 1747s
  6611  4702  145.00000  133  210  203.00000   35.00000  82.8%   508 1757s
  7023  5115  153.00000  151  162  203.00000   35.00000  82.8%   486 1766s
  7582  5574  164.00000  178  110  203.00000   35.00000  82.8%   457 1776s
* 8160  5448             209     202.0000000   35.00000  82.7%   430 1776s
  8266  5897  173.00000  207   80  202.00000   35.00000  82.7%   425 1804s
  8834  6425  201.00000  240   30  202.00000   35.00000  82.7%   403 1820s
* 8873  6398             259     201.0000000   35.00000  82.6%   402 1820s
  9397  6893   56.00000   16  579  201.00000   35.00000  82.6%   385 1831s
* 9654  6581             331     189.0000000   35.00000  81.5%   378 1831s
* 9806  6269             323     182.0000000   35.00000  80.8%   373 1831s
  9978  6292   57.00000   20  540  182.00000   35.00000  80.8%   369 1845s
 10355  6566   74.00000   27  494  182.00000   35.00000  80.8%   362 1855s
*10374  6463             282     180.0000000   35.00000  80.6%   362 1855s
 10675  6706   74.00000   33  434  180.00000   35.00000  80.6%   357 1878s
 11003  7016   74.00000   39  399  180.00000   35.00000  80.6%   353 1890s
 11331  7497  117.00000   52  317  180.00000   35.00000  80.6%   349 1904s
*11608  7163             271     176.0000000   35.00000  80.1%   343 1904s
 11875  7414  166.00000   94  114  176.00000   35.00000  80.1%   340 1925s
 12339  7684   66.00000   17  503  176.00000   35.00000  80.1%   336 1936s
 12737  8078   67.00000   21  531  176.00000   35.00000  80.1%   332 1969s
 13371  8347   80.00000   23  415  176.00000   35.00000  80.1%   323 1984s
 13686  8817   83.00000   30  561  176.00000   35.00000  80.1%   322 2007s
 14236  9376  116.00000   40  425  176.00000   35.00000  80.1%   317 2026s
 14955  9733  129.00000   51  414  176.00000   35.00000  80.1%   309 2049s
*15351  9288             236     175.0000000   35.00000  80.0%   307 2049s
 15393  9651  131.00000   65  470  175.00000   35.00000  80.0%   308 2075s
 15844  9996  152.00000   75  534  175.00000   35.00000  80.0%   306 2095s
 16296 10448  169.00000   91  319  175.00000   35.00000  80.0%   305 2114s
 16778 11022  174.00000  108  156  175.00000   35.00000  80.0%   304 2142s
 17481 11462   51.00000   15  697  175.00000   35.00000  80.0%   302 2171s
 18039 11766   51.00000   16  576  175.00000   35.00000  80.0%   300 2200s
 18467 12378   78.00000   26  456  175.00000   35.00000  80.0%   302 2226s
*18798 11741             221     174.0000000   35.00000  79.9%   300 2226s
 19237 12039   78.00000   32  468  174.00000   35.00000  79.9%   297 2254s
 19781 12492  122.00000   65  294  174.00000   35.00000  79.9%   297 2288s
 20308 13249  172.00000  125  203  174.00000   35.00000  79.9%   298 2326s
 21198 13863   75.00000   20  458  174.00000   35.00000  79.9%   294 2365s
*21824 13429             215     173.0000000   35.00000  79.8%   292 2366s
 22115 13999  171.00000   84  110  173.00000   35.00000  79.8%   292 2398s
 22989 14832   70.00000   31  562  173.00000   35.00000  79.8%   291 2433s
 24027 15594  107.00000   61  235  173.00000   35.00000  79.8%   288 2470s
 24973 16501  172.00000  158   39  173.00000   35.00000  79.8%   287 2509s
*25092 15805             232     172.0000000   35.00000  79.7%   285 2509s
 26137 16290   57.00000   20  593  172.00000   35.00000  79.7%   283 2546s
 26908 17014  126.00000   54  312  172.00000   35.00000  79.7%   284 2584s
 27897 17702   59.00000   18  596  172.00000   35.00000  79.7%   284 2619s
 28601 18875   93.00000   38  383  172.00000   35.00000  79.7%   287 2659s
 29958 20129  160.00000   70  307  172.00000   35.00000  79.7%   285 2707s
 31563 21151   55.00000   18  548  172.00000   35.00000  79.7%   281 2750s
 32929 22152   93.00000   42  302  172.00000   35.00000  79.7%   279 2792s
*33321 20320             230     171.0000000   35.00000  79.5%   278 2792s
 34158 21446 infeasible  168       171.00000   35.00000  79.5%   278 2844s
 35712 22703   80.00000   30  441  171.00000   35.00000  79.5%   276 2894s
 37154 24403  130.00000   46  428  171.00000   35.00000  79.5%   275 2953s
*38229 23345             241     170.0000000   42.00000  75.3%   271 2953s
 39241 24663  163.00000   73  284  170.00000   42.00000  75.3%   270 3018s
 41025 26082  169.00000  168    7  170.00000   50.00000  70.6%   267 3068s
 42847 27391   75.00000   26  507  170.00000   50.00000  70.6%   264 3126s
 44620 28615  164.00000  128  157  170.00000   50.00000  70.6%   263 3175s
*45725 27136             268     169.0000000   50.00000  70.4%   262 3175s
 46195 28279   88.00000   30  372  169.00000   50.00000  70.4%   262 3226s
 47823 29777   56.00000   25  540  169.00000   50.00000  70.4%   262 3280s
*49167 28691             243     168.0000000   50.00000  70.2%   259 3281s
 49838 29552  121.00000   66  407  168.00000   50.00000  70.2%   259 3331s
 51238 30737   83.00000   41  538  168.00000   50.00000  70.2%   259 3383s
 52708 32312  124.00000  100  485  168.00000   50.00000  70.2%   259 3437s
*53392 30870             215     167.0000000   50.00000  70.1%   258 3437s
 54666 31841   63.00000   27  582  167.00000   50.00000  70.1%   257 3496s
 56192 33113  148.00000   99  186  167.00000   50.00000  70.1%   257 3547s
*57366 32174             226     166.0000000   50.00000  69.9%   256 3547s
 57809 32990   65.00000   30  519  166.00000   50.00000  69.9%   257 3599s
 58933 33015   78.00000   50  315  166.00000   50.00000  69.9%   259 3600s

Explored 58958 nodes (15416389 simplex iterations) in 3600.10 seconds (2674.33 work units)
Thread count was 32 (of 32 available processors)

Solution count 10: 166 167 168 ... 175

Time limit reached
Best objective 1.660000000000e+02, best bound 5.000000000000e+01, gap 69.8795%
