
Gurobi 13.0.0 (linux64) logging started Fri Nov 28 11:06:31 2025

Set parameter LogFile to value "./Results/StripPacking-BranchSP/Logs/SBspbM-111-StripPacking-25-0.log"
Set parameter TimeLimit to value 3600
Set parameter Cuts to value 1
Set parameter Presolve to value 1
Set parameter Heuristics to value 1
Set parameter LogToConsole to value 0
Set parameter LPWarmStart to value 2
Gurobi Optimizer version 13.0.0 build v13.0.0rc1 (linux64 - "Debian GNU/Linux 12 (bookworm)")

CPU model: Intel(R) Xeon(R) CPU E5-2630 v3 @ 2.40GHz, instruction set [SSE2|AVX|AVX2]
Thread count: 16 physical cores, 32 logical processors, using up to 32 threads

Non-default parameters:
TimeLimit  3600
LPWarmStart  2
Heuristics  1
Cuts  1
LogToConsole  0
Presolve  1

Optimize a model with 14625 rows, 951 columns and 43850 nonzeros (Min)
Model fingerprint: 0x0002283b
Model has 1 linear objective coefficients
Variable types: 351 continuous, 600 integer (600 binary)
Coefficient statistics:
  Matrix range     [1e+00, 1e+04]
  Objective range  [1e+00, 1e+00]
  Bounds range     [1e+00, 1e+04]
  RHS range        [1e+00, 1e+04]
Using branch priorities.

Warning: Completing partial solution with 600 unfixed non-continuous variables out of 600
User MIP start did not produce a new incumbent solution

Presolve removed 1500 rows and 0 columns
Presolve time: 0.07s
Presolved: 13125 rows, 951 columns, 39950 nonzeros
Variable types: 351 continuous, 600 integer (600 binary)
Found heuristic solution: objective 283.0000000
Found heuristic solution: objective 251.0000000

Root relaxation: objective 3.400000e+01, 1845 iterations, 0.27 seconds (0.24 work units)
Another try with MIP start

    Nodes    |    Current Node    |     Objective Bounds      |     Work
 Expl Unexpl |  Obj  Depth IntInf | Incumbent    BestBd   Gap | It/Node Time

H    0     0                     189.0000000   34.00000  82.0%     -    0s
H    0     0                     181.0000000   34.00000  81.2%     -    0s
     0     0   34.00000    0  193  181.00000   34.00000  81.2%     -    0s
H    0     0                     106.0000000   34.00000  67.9%     -    0s
H    0     0                     101.0000000   34.00000  66.3%     -    2s
H    0     0                     100.0000000   34.00000  66.0%     -    2s
H    0     0                      98.0000000   34.00000  65.3%     -    2s
H    0     0                      93.0000000   34.00000  63.4%     -    2s
H    0     0                      90.0000000   34.00000  62.2%     -    2s
     0     0   34.00000    0  272   90.00000   34.00000  62.2%     -    2s
H    0     0                      89.0000000   34.00000  61.8%     -    2s
     0     0   34.00000    0  219   89.00000   34.00000  61.8%     -    2s
H    0     0                      87.0000000   34.00000  60.9%     -    3s
H    0     0                      85.0000000   34.00000  60.0%     -    4s
     0     0   34.00000    0  260   85.00000   34.00000  60.0%     -    4s
     0     0   34.00000    0  199   85.00000   34.00000  60.0%     -    5s
     0     0   34.00000    0  233   85.00000   34.00000  60.0%     -    6s
H    0     0                      84.0000000   34.00000  59.5%     -    7s
     0     0   34.00000    0  309   84.00000   34.00000  59.5%     -    8s
     0     0   34.00000    0  185   84.00000   34.00000  59.5%     -   11s
     0     0   34.00000    0  266   84.00000   34.00000  59.5%     -   12s
     0     0   34.00000    0  292   84.00000   34.00000  59.5%     -   14s
     0     0   34.00000    0  212   84.00000   34.00000  59.5%     -   16s
     0     0   34.00000    0  254   84.00000   34.00000  59.5%     -   17s
     0     0   34.00000    0  291   84.00000   34.00000  59.5%     -   19s
     0     0   34.00000    0  291   84.00000   34.00000  59.5%     -   20s
     0     0   34.00000    0  291   84.00000   34.00000  59.5%     -   21s
     0     0   34.00000    0  228   84.00000   34.00000  59.5%     -   22s
     0     2   34.00000    0  228   84.00000   34.00000  59.5%     -   25s
    15    32   34.00000    4  315   84.00000   34.00000  59.5%  2742   31s
    47    71   34.00000    6  295   84.00000   34.00000  59.5%  2548   38s
    73    87   34.00000    7  318   84.00000   34.00000  59.5%  2072   43s
    89   102   36.00000    7  293   84.00000   34.00000  59.5%  1920   47s
   105   118   41.00000    8  236   84.00000   34.00000  59.5%  1879   51s
   121   133   34.00000    8  274   84.00000   34.00000  59.5%  1799   57s
H  134   133                      84.0000000   34.00000  59.5%  1724   57s
   138   149   34.00000    9  367   84.00000   34.00000  59.5%  1719   63s
H  151   149                      83.0000000   34.00000  59.0%  1610   63s
   154   193   34.00000   10  372   83.00000   34.00000  59.0%  1588   70s
H  164   193                      83.0000000   34.00000  59.0%  1529   70s
H  191   193                      82.0000000   34.00000  58.5%  1369   70s
   198   260   34.00000   11  324   82.00000   34.00000  58.5%  1348   78s
   267   318   34.00000   13  327   82.00000   34.00000  58.5%  1156   87s
H  286   318                      82.0000000   34.00000  58.5%  1096   87s
H  290   318                      81.0000000   34.00000  58.0%  1087   87s
H  291   318                      80.0000000   34.00000  57.5%  1088   87s
   325   608   42.00000   13  244   80.00000   34.00000  57.5%  1007   92s
   645   668   44.00000   27  129   80.00000   34.00000  57.5%   707   96s
H  647   668                      80.0000000   34.00000  57.5%   705   96s
   732   755   47.00000   28  124   80.00000   34.00000  57.5%   644  101s
   835   822   47.00000   29  141   80.00000   34.00000  57.5%   587  105s
   931   966   47.00000   29  130   80.00000   34.00000  57.5%   543  110s
  1332  1160   59.00000   18  122   80.00000   34.00000  57.5%   427  119s
  1423  1174   62.00000   24  145   80.00000   34.00000  57.5%   406  123s
  1441  1199   62.00000   25  141   80.00000   34.00000  57.5%   403  127s
  1488  1210   62.00000   26  138   80.00000   34.00000  57.5%   392  131s
  1515  1225   62.00000   27  118   80.00000   34.00000  57.5%   391  136s
  1532  1267   62.00000   28  116   80.00000   34.00000  57.5%   391  141s
  1608  1283   62.00000   29  115   80.00000   34.00000  57.5%   381  145s
  1645  1318   65.00000   35  107   80.00000   34.00000  57.5%   382  153s
  1661  1331   65.00000   36  105   80.00000   34.00000  57.5%   382  158s
  1682  1440   65.00000   37  102   80.00000   34.00000  57.5%   382  162s
  1843  1450 infeasible   58        80.00000   34.00000  57.5%   357  166s
  1865  1458 infeasible   58        80.00000   34.00000  57.5%   357  171s
  1889  1472   77.00000   57   88   80.00000   34.00000  57.5%   358  175s
  1907  1498 infeasible   58        80.00000   34.00000  57.5%   358  182s
  1956  1510   77.00000   58   81   80.00000   34.00000  57.5%   356  188s
  1976  1523 infeasible   59        80.00000   34.00000  57.5%   361  193s
  1995  1535 infeasible   59        80.00000   34.00000  57.5%   364  198s
  2014  1545   34.00000    9  312   80.00000   34.00000  57.5%   366  204s
  2036  1562   34.00000   10  320   80.00000   34.00000  57.5%   369  209s
  2065  1577   34.00000   11  349   80.00000   34.00000  57.5%   372  215s
  2086  1593   34.00000   12  346   80.00000   34.00000  57.5%   374  222s
  2102  1607   34.00000   13  307   80.00000   34.00000  57.5%   374  228s
  2120  1620   34.00000   14  301   80.00000   34.00000  57.5%   373  234s
  2139  1649   34.00000   15  311   80.00000   34.00000  57.5%   371  241s
  2176  1673   34.00000   16  309   80.00000   34.00000  57.5%   368  248s
  2204  1688   34.00000   17  304   80.00000   34.00000  57.5%   365  255s
  2221  1702   34.00000   18  285   80.00000   34.00000  57.5%   363  263s
  2239  1717   35.20782   19  364   80.00000   34.00000  57.5%   363  271s
  2256  1732   48.00000   20  260   80.00000   34.00000  57.5%   362  279s
  2273  1747   62.00000   21  200   80.00000   34.00000  57.5%   360  288s
  2290  1773   62.00000   22  188   80.00000   34.00000  57.5%   358  297s
  2342  1818   62.00000   23  175   80.00000   34.00000  57.5%   354  307s
  2407  1847   62.00000   24  156   80.00000   34.00000  57.5%   349  316s
  2466  1926   75.00000   43   98   80.00000   34.00000  57.5%   348  328s
  2599  1960 infeasible   35        80.00000   34.00000  57.5%   340  339s
  2648  1961   56.00000   27  228   80.00000   34.00000  57.5%   340  363s
  2650  1962   74.00000   51  223   80.00000   34.00000  57.5%   340  365s
  2653  1964   43.00000   10  266   80.00000   34.00000  57.5%   339  373s
  2655  1966   36.00000   10  347   80.00000   34.00000  57.5%   339  379s
  2656  1966   66.00000   43  314   80.00000   34.00000  57.5%   339  381s
  2658  1968   45.00000   20  304   80.00000   34.00000  57.5%   339  386s
  2659  1968   39.30693   18  306   80.00000   34.00000  57.5%   339  390s
  2662  1970   67.00000   21  254   80.00000   34.00000  57.5%   338  395s
  2665  1972   46.00000   13  252   80.00000   34.00000  57.5%   338  401s
  2667  1974   54.00000   28  274   80.00000   34.00000  57.5%   338  407s
  2668  1974   34.00000    8  284   80.00000   34.00000  57.5%   338  412s
  2669  1975   65.00000   13  292   80.00000   34.00000  57.5%   337  416s
  2670  1976   76.00000   45  231   80.00000   34.00000  57.5%   337  420s
  2678  1990   34.00000   14  325   80.00000   34.00000  57.5%   393  427s
  2686  2003   34.00000   15  463   80.00000   34.00000  57.5%   408  430s
  2718  2030   36.00000   17  358   80.00000   34.00000  57.5%   450  441s
  2739  2044   36.00000   18  408   80.00000   34.00000  57.5%   487  448s
  2760  2053   36.00000   18  330   80.00000   34.00000  57.5%   491  458s
  2776  2065   36.00000   19  369   80.00000   34.00000  57.5%   513  465s
  2794  2078   36.00000   19  346   80.00000   34.00000  57.5%   515  474s
  2813  2088   36.00000   20  384   80.00000   34.00000  57.5%   515  482s
  2829  2099   36.00000   20  363   80.00000   34.00000  57.5%   516  488s
  2845  2109   36.00000   21  382   80.00000   34.00000  57.5%   516  500s
  2861  2124   48.00000   21  367   80.00000   34.00000  57.5%   515  510s
  2881  2139   41.00000   22  334   80.00000   34.00000  57.5%   516  523s
  2903  2201   41.00000   22  351   80.00000   34.00000  57.5%   516  540s
  2972  2237   47.00000   23  325   80.00000   34.00000  57.5%   513  557s
  3043  2286   59.00000   30  327   80.00000   34.00000  57.5%   510  572s
  3116  2332   62.00000   38  397   80.00000   34.00000  57.5%   511  587s
  3188  2385   79.00000   45  274   80.00000   34.00000  57.5%   513  601s
  3284  2367   69.00000   53  137   80.00000   34.00000  57.5%   517  614s
  3312  2377   69.00000   53   94   80.00000   34.00000  57.5%   515  627s
  3331  2383 infeasible   54        80.00000   34.00000  57.5%   515  643s
  3354  2425 infeasible   55        80.00000   34.00000  57.5%   514  657s
  3426  2428 infeasible   58        80.00000   34.00000  57.5%   511  671s
  3460  2464     cutoff   60        80.00000   34.00000  57.5%   511  685s
  3520  2460     cutoff   61        80.00000   34.00000  57.5%   509  698s
  3548  2487   34.01220   17  409   80.00000   34.00000  57.5%   509  712s
H 3553  2385                      79.0000000   34.00000  57.0%   509  712s
  3586  2403   34.01688   18  412   79.00000   34.00000  57.0%   507  727s
H 3587  2309                      79.0000000   34.00000  57.0%   507  727s
  3627  2320   34.01692   20  381   79.00000   34.00000  57.0%   508  741s
  3669  2324   73.00000   28  251   79.00000   34.00000  57.0%   506  755s
  3705  2349   73.00000   30  228   79.00000   34.00000  57.0%   508  772s
H 3707  2259                      78.0000000   34.00000  56.4%   507  772s
  3759  2260   73.00000   33  153   78.00000   34.00000  56.4%   509  787s
H 3766  2171                      78.0000000   34.00000  56.4%   508  787s
  3788  2162   73.00000   36  149   78.00000   34.00000  56.4%   514  802s
  3819  2157   73.00000   37  148   78.00000   34.00000  56.4%   516  818s
  3844  2164 infeasible   41        78.00000   34.00000  56.4%   516  832s
H 3845  2071                      77.0000000   34.00000  55.8%   516  832s
  3864  2095   73.00000   42  137   77.00000   34.00000  55.8%   517  848s
H 3877  2013                      77.0000000   34.00000  55.8%   516  848s
  3935  2011   73.00000   47  117   77.00000   34.00000  55.8%   519  864s
  3963  2014   73.00000   49  124   77.00000   34.00000  55.8%   519  879s
  3983  2025   73.00000   50  134   77.00000   34.00000  55.8%   520  896s
  4009  2031 infeasible   52        77.00000   34.00000  55.8%   520  915s
  4038  2033 infeasible   51        77.00000   34.00000  55.8%   519  932s
H 4055  1923                      76.0000000   34.00000  55.3%   519  932s
  4069  1926     cutoff   52        76.00000   34.00000  55.3%   519  950s
H 4072  1856                      76.0000000   34.00000  55.3%   520  950s
  4107  1864   34.02993   18  398   76.00000   34.00000  55.3%   521  968s
  4134  1872   34.03224   19  374   76.00000   34.00000  55.3%   522  987s
  4153  1890   34.03224   20  365   76.00000   34.00000  55.3%   523 1007s
  4178  1900   34.03224   21  364   76.00000   34.00000  55.3%   524 1028s
  4196  1905   51.00000   22  333   76.00000   34.00000  55.3%   524 1053s
  4228  1926   54.00000   23  309   76.00000   34.00000  55.3%   522 1074s
  4264  1948   54.00000   24  303   76.00000   34.00000  55.3%   523 1097s
  4306  1961   54.00000   30  263   76.00000   34.00000  55.3%   524 1120s
  4333  1989   54.00000   31  251   76.00000   34.00000  55.3%   525 1142s
  4384  1996   40.00000   24  473   76.00000   34.00000  55.3%   525 1167s
  4426  1997   42.00000   24  441   76.00000   34.00000  55.3%   528 1193s
  4447  2003   45.00000   25  469   76.00000   34.00000  55.3%   528 1219s
  4467  2020   40.00000   25  471   76.00000   34.00000  55.3%   528 1248s
  4508  2017   62.00000   28  454   76.00000   34.00000  55.3%   529 1276s
  4549  2032   45.00000   27  464   76.00000   34.00000  55.3%   530 1304s
H 4567  1863                      74.0000000   34.00000  54.1%   530 1304s
  4630  1870   73.00000   30  417   74.00000   34.00000  54.1%   531 1332s
H 4679  1791                      74.0000000   34.00000  54.1%   532 1333s
  4719  1805   62.00000   31  396   74.00000   34.00000  54.1%   535 1364s
  4765  1805   62.00000   32  393   74.00000   34.00000  54.1%   535 1396s
  4781  1820   62.00000   32  417   74.00000   34.00000  54.1%   534 1426s
  4801  1836   73.00000   31  401   74.00000   34.00000  54.1%   533 1461s
  4824  1860   62.00000   32  394   74.00000   34.00000  54.1%   532 1497s
  4864  1910   62.00000   32  380   74.00000   34.00000  54.1%   532 1531s
  4958  1954   62.00000   34  399   74.00000   34.00000  54.1%   536 1570s
  5083  2107   62.00000   33  373   74.00000   34.00000  54.1%   536 1600s
  5402  2081   34.01757   17  346   74.00000   34.00000  54.1%   541 1635s
  5519  2200   36.00000   17  321   74.00000   34.00000  54.1%   540 1670s
  5760  2193   36.00000   18  306   74.00000   34.00000  54.1%   545 1710s
  5885  2430   36.00000   18  326   74.00000   34.00000  54.1%   545 1747s
  6336  2335   50.00000   39  341   74.00000   34.00000  54.1%   548 1786s
  6355  2459   50.00000   39  222   74.00000   34.00000  54.1%   548 1825s
  6585  2470 infeasible   53        74.00000   34.00000  54.1%   550 1867s
  6606  2603   34.00000   23  442   74.00000   34.00000  54.1%   551 1905s
  6838  2614   42.00000   23  434   74.00000   34.00000  54.1%   552 1946s
  6859  2723   34.00000   24  421   74.00000   34.00000  54.1%   552 1987s
  7101  2769   42.00000   24  393   74.00000   34.00000  54.1%   553 2030s
  7202  2812   34.08710   25  457   74.00000   34.00000  54.1%   552 2076s
  7293  3005   34.00000   25  422   74.00000   34.00000  54.1%   554 2126s
  7583  3088   57.00000   28  332   74.00000   34.00000  54.1%   554 2182s
  7739  3354   57.00000   29  331   74.00000   34.00000  54.1%   557 2226s
  8181  3487   57.00000   30  337   74.00000   34.00000  54.1%   559 2278s
H 8437  3210                      73.0000000   34.00000  53.4%   556 2278s
  8439  3814     cutoff   31        73.00000   34.00000  53.4%   556 2313s
H 8563  3814                      73.0000000   34.00000  53.4%   559 2313s
  9585  4018   68.00000   33  369   73.00000   34.00000  53.4%   560 2359s
  9968  4435   68.00000   34  348   73.00000   34.00000  53.4%   559 2403s
 10818  4450   67.00000   39  228   73.00000   34.00000  53.4%   560 2450s
 10835  4564   67.00000   40  302   73.00000   34.00000  53.4%   560 2497s
 11001  4597   67.00000   41  270   73.00000   34.00000  53.4%   560 2548s
 11056  4876   67.00000   42  240   73.00000   34.00000  53.4%   561 2594s
 11572  4969   67.00000   43  236   73.00000   34.00000  53.4%   561 2648s
 11763  5509   62.00000   30  235   73.00000   34.00000  53.4%   561 2693s
 12844  5784   72.00000   38  221   73.00000   34.00000  53.4%   562 2743s
 13365  5798   34.27912   22  523   73.00000   34.00000  53.4%   561 2798s
 13383  5897   34.27912   23  528   73.00000   34.00000  53.4%   562 2852s
 13561  5990   34.27912   24  529   73.00000   34.00000  53.4%   561 2914s
 13702  6337   34.27912   25  525   73.00000   34.00000  53.4%   561 2975s
 14307  6688   34.27912   26  523   73.00000   34.00000  53.4%   560 3035s
 14990  7361   34.28593   27  518   73.00000   34.00000  53.4%   559 3101s
 16089  7560   34.29378   28  514   73.00000   34.00000  53.4%   558 3162s
 16495  8396   35.43370   29  502   73.00000   34.00000  53.4%   558 3221s
 17981  8585   48.00000   30  471   73.00000   34.00000  53.4%   554 3284s
 18312  9483   65.00000   31  424   73.00000   34.00000  53.4%   555 3345s
 19925  9857   65.00000   32  401   73.00000   34.00000  53.4%   551 3408s
 20563 11591   65.00000   33  399   73.00000   34.00000  53.4%   550 3508s
 23858 11600 infeasible   34        73.00000   34.00000  53.4%   546 3541s
 23881 11614   48.00000   33  392   73.00000   34.00000  53.4%   546 3575s
 23913 11627   50.00000   34  394   73.00000   34.00000  53.4%   546 3600s

Cutting planes:
  Gomory: 7
  Cover: 82
  MIR: 319
  Flow cover: 1113
  RLT: 162

Explored 23944 nodes (13121858 simplex iterations) in 3600.04 seconds (3434.28 work units)
Thread count was 32 (of 32 available processors)

Solution count 10: 73 73 74 ... 78

Time limit reached
Best objective 7.299999999260e+01, best bound 3.400000000000e+01, gap 53.4247%
