
Gurobi 13.0.0 (linux64) logging started Fri Nov 28 10:06:30 2025

Set parameter LogFile to value "./Results/StripPacking-BranchSP/Logs/SBspbM-010-StripPacking-25-0.log"
Set parameter TimeLimit to value 3600
Set parameter Cuts to value 0
Set parameter Presolve to value 1
Set parameter Heuristics to value 0
Set parameter LogToConsole to value 0
Set parameter LPWarmStart to value 2
Gurobi Optimizer version 13.0.0 build v13.0.0rc1 (linux64 - "Debian GNU/Linux 12 (bookworm)")

CPU model: Intel(R) Xeon(R) CPU E5-2630 v3 @ 2.40GHz, instruction set [SSE2|AVX|AVX2]
Thread count: 16 physical cores, 32 logical processors, using up to 32 threads

Non-default parameters:
TimeLimit  3600
LPWarmStart  2
Heuristics  0
Cuts  0
LogToConsole  0
Presolve  1

Optimize a model with 14625 rows, 951 columns and 43850 nonzeros (Min)
Model fingerprint: 0x0002283b
Model has 1 linear objective coefficients
Variable types: 351 continuous, 600 integer (600 binary)
Coefficient statistics:
  Matrix range     [1e+00, 1e+04]
  Objective range  [1e+00, 1e+00]
  Bounds range     [1e+00, 1e+04]
  RHS range        [1e+00, 1e+04]
Using branch priorities.

Warning: Completing partial solution with 600 unfixed non-continuous variables out of 600
User MIP start did not produce a new incumbent solution

Presolve removed 1500 rows and 0 columns
Presolve time: 0.11s
Presolved: 13125 rows, 951 columns, 39950 nonzeros
Variable types: 351 continuous, 600 integer (600 binary)

Root relaxation: objective 3.400000e+01, 1845 iterations, 0.32 seconds (0.24 work units)
Another try with MIP start

    Nodes    |    Current Node    |     Objective Bounds      |     Work
 Expl Unexpl |  Obj  Depth IntInf | Incumbent    BestBd   Gap | It/Node Time

H    0     0                     184.0000000   34.00000  81.5%     -    0s
H    0     0                     181.0000000   34.00000  81.2%     -    0s
     0     0   34.00000    0  193  181.00000   34.00000  81.2%     -    0s
     0     0   34.00000    0  193  181.00000   34.00000  81.2%     -    0s
     0     0   34.00000    0  181  181.00000   34.00000  81.2%     -    1s
     0     2   34.00000    0  172  181.00000   34.00000  81.2%     -    2s
   111   159   34.00000    7  252  181.00000   34.00000  81.2%   394    5s
  1266  1371   89.00000   59   44  181.00000   34.00000  81.2%   162   10s
* 1323  1239             104     101.0000000   34.00000  66.3%   156   10s
* 1963  1523             104      98.0000000   34.00000  65.3%   139   13s
  2620  2022   95.00000   70  175   98.00000   34.00000  65.3%   122   15s
  2653  2061   34.00000   16  231   98.00000   34.00000  65.3%   127   22s
  2750  2148   36.00000   20  171   98.00000   34.00000  65.3%   139   25s
  3030  2389   41.00000   28  199   98.00000   34.00000  65.3%   150   30s
* 3839  2671              88      95.0000000   34.00000  64.2%   145   34s
  3883  2684   83.00000   52   62   95.00000   34.00000  64.2%   145   35s
* 4049  2527              83      93.0000000   34.00000  63.4%   145   35s
* 4390  2667              81      92.0000000   34.00000  63.0%   144   38s
* 4391  2453              82      89.0000000   34.00000  61.8%   144   38s
  4641  2498 infeasible   55        89.00000   34.00000  61.8%   144   40s
  5410  2871   87.00000   53  117   89.00000   34.00000  61.8%   148   45s
* 5652  2727              73      88.0000000   34.00000  61.4%   147   46s
* 5987  2499              84      87.0000000   34.00000  60.9%   147   48s
  6124  2615   41.00000   26  236   87.00000   34.00000  60.9%   148   50s
  6729  2864 infeasible   47        87.00000   34.00000  60.9%   152   55s
* 6817  2622              68      86.0000000   34.00000  60.5%   152   55s
* 7115  2622              71      85.0000000   34.00000  60.0%   153   56s
* 7335  2764              69      84.0000000   34.00000  59.5%   154   59s
  7539  2928   73.00000   29   91   84.00000   34.00000  59.5%   154   60s
  8390  3554   43.00000   30  316   84.00000   34.00000  59.5%   158   66s
  9253  4114 infeasible   40        84.00000   34.00000  59.5%   160   71s
  9875  4526   34.00000   19  359   84.00000   34.00000  59.5%   162   75s
*10453  4546              67      83.0000000   34.00000  59.0%   163   76s
 10783  4848   73.00000   34  175   83.00000   34.00000  59.0%   164   81s
 11293  5327   34.00000   19  298   83.00000   34.00000  59.0%   167   86s
*11625  4909              85      82.0000000   34.00000  58.5%   167   86s
 11971  5360   42.00000   27  381   82.00000   34.00000  58.5%   170   90s
 12880  5893   51.00000   34  348   82.00000   34.00000  58.5%   171   96s
 13605  6383   46.00000   20  270   82.00000   34.00000  58.5%   174  101s
 14237  6746   79.00000   36  160   82.00000   34.00000  58.5%   177  106s
 14577  7026   48.00000   28  163   82.00000   34.00000  58.5%   180  110s
 15510  7604   42.00000   29  176   82.00000   34.00000  58.5%   183  116s
 16286  8157   37.00000   30  260   82.00000   34.00000  58.5%   187  122s
 16897  8446   70.00000   38  114   82.00000   34.00000  58.5%   189  126s
 17961  9336   79.00000   40  118   82.00000   34.00000  58.5%   192  136s
 19352 10323   70.00000   31  251   82.00000   34.00000  58.5%   195  144s
 20192 10701   48.00000   29  154   82.00000   34.00000  58.5%   195  148s
 20740 11226     cutoff   55        82.00000   34.00000  58.5%   196  153s
 21608 11629   48.00000   31  152   82.00000   34.00000  58.5%   196  157s
 22407 12145   80.00000   60   37   82.00000   34.00000  58.5%   197  162s
 23339 12614   66.00000   54  136   82.00000   34.00000  58.5%   196  166s
*23613 11794              74      81.0000000   34.00000  58.0%   196  166s
 24049 12185   67.00000   32  188   81.00000   34.00000  58.0%   197  170s
 24714 12784   62.00000   30  151   81.00000   34.00000  58.0%   199  175s
 25591 13525   79.00000   34   97   81.00000   34.00000  58.0%   200  180s
*26451 11250              55      79.0000000   34.00000  57.0%   200  180s
 27645 12295 infeasible   48        79.00000   34.00000  57.0%   201  189s
 28606 12850   76.00000   57  143   79.00000   34.00000  57.0%   201  194s
 29522 13419   73.00000   40  161   79.00000   34.00000  57.0%   203  200s
 30478 14196   73.00000   41  110   79.00000   34.00000  57.0%   205  207s
 31733 14978   58.00000   32  224   79.00000   34.00000  57.0%   205  213s
 32998 15696   77.00000   42  107   79.00000   34.00000  57.0%   205  220s
 34233 16395   78.00000   39  153   79.00000   34.00000  57.0%   206  226s
 35334 17222   42.00000   25  321   79.00000   34.00000  57.0%   208  233s
 36719 18101   62.00000   28  321   79.00000   34.00000  57.0%   209  242s
 38150 18960   62.00000   30  164   79.00000   34.00000  57.0%   210  250s
 39581 19770 infeasible   68        79.00000   34.00000  57.0%   211  259s
 41186 20856   70.00000   33  149   79.00000   34.00000  57.0%   211  268s
 42981 21766   72.00000   50  142   79.00000   34.00000  57.0%   211  277s
 44486 22623   60.00000   32  272   79.00000   34.00000  57.0%   211  285s
 45954 23634     cutoff   37        79.00000   34.00000  57.0%   212  293s
 47746 24508   70.00000   35  260   79.00000   34.00000  57.0%   212  301s
 49280 25375   43.00000   32  198   79.00000   34.00000  57.0%   212  310s
 50780 26505   42.00000   29  128   79.00000   34.00000  57.0%   213  319s
 52617 27773     cutoff   43        79.00000   34.00000  57.0%   213  328s
 54624 28699   76.00000   55   88   79.00000   34.00000  57.0%   212  336s
 56260 29733   75.00000   58   78   79.00000   34.00000  57.0%   212  345s
 57948 30672   77.00000   59   45   79.00000   34.00000  57.0%   212  353s
*58291 28333              88      78.0000000   34.00000  56.4%   212  353s
 59612 29235   51.00000   35  298   78.00000   34.00000  56.4%   212  361s
 61137 30218   46.00000   25  277   78.00000   36.00000  53.8%   213  369s
 62701 31218   59.00000   34  127   78.00000   36.00000  53.8%   213  378s
 64247 32386   75.00000   49   94   78.00000   36.00000  53.8%   214  387s
 66009 33427   47.00000   26  304   78.00000   36.00000  53.8%   214  395s
 67664 34226   77.00000   53   73   78.00000   36.00000  53.8%   214  404s
 68991 35479   50.00000   31  247   78.00000   36.00000  53.8%   215  412s
 70919 36468   62.00000   33  268   78.00000   36.00000  53.8%   214  420s
 72427 37661   76.00000   52  118   78.00000   36.00000  53.8%   215  430s
 74178 38701   74.00000   34  158   78.00000   36.00000  53.8%   216  438s
 75879 39791   36.00000   29  250   78.00000   36.00000  53.8%   216  447s
 77579 40708   56.00000   40  163   78.00000   36.00000  53.8%   216  455s
 79105 41594   59.00000   30  152   78.00000   36.00000  53.8%   217  464s
 80610 42649   58.00000   28  133   78.00000   36.00000  53.8%   217  473s
 82338 43814   70.00000   55   82   78.00000   36.00000  53.8%   217  483s
 84132 44902   48.00000   27  219   78.00000   36.00000  53.8%   216  491s
 85959 45809   67.00000   29  215   78.00000   36.00000  53.8%   216  499s
 87556 46681   59.00000   34  180   78.00000   36.00000  53.8%   216  507s
 88982 47574     cutoff   41        78.00000   36.00000  53.8%   216  515s
 90426 48504   59.00000   24  206   78.00000   36.00000  53.8%   217  524s
 91910 49428   60.00000   36  172   78.00000   36.00000  53.8%   217  532s
 93371 50434   62.00000   30  260   78.00000   36.00000  53.8%   217  540s
 94961 51261   77.00000   47   32   78.00000   36.00000  53.8%   218  549s
 96399 52338     cutoff   48        78.00000   36.00000  53.8%   218  558s
 98001 53293   76.00000   63   55   78.00000   36.00000  53.8%   219  566s
 99493 54183   36.00000   23  290   78.00000   36.00000  53.8%   219  576s
 101017 55073   68.00000   40  172   78.00000   36.00000  53.8%   220  585s
 102462 56133   42.00000   28  238   78.00000   36.00000  53.8%   220  594s
 104233 56976   66.00000   31  165   78.00000   36.00000  53.8%   220  602s
 105688 57844   75.00000   46  100   78.00000   36.00000  53.8%   221  611s
 107160 58824   74.00000   45  122   78.00000   36.00000  53.8%   221  620s
 108753 60031   36.00000   26  338   78.00000   36.00000  53.8%   222  629s
 110657 60699   55.00000   32  200   78.00000   36.00000  53.8%   221  639s
 112182 61632   73.00000   37  154   78.00000   36.00000  53.8%   222  649s
 113890 62833   73.00000   36  115   78.00000   36.00000  53.8%   222  659s
 115742 63979   47.00000   24  252   78.00000   36.00000  53.8%   222  668s
 117574 65056   45.00000   27  220   78.00000   36.00000  53.8%   222  677s
 119197 66123   55.00000   29  249   78.00000   36.00000  53.8%   222  686s
 120936 67236   62.00000   32  294   78.00000   36.00000  53.8%   222  695s
 122657 68405   70.00000   38  143   78.00000   36.00000  53.8%   222  703s
 124557 69409   77.00000   41  101   78.00000   36.00000  53.8%   222  712s
 126217 70224   77.00000   36   80   78.00000   36.00000  53.8%   222  721s
 127563 71364   48.00000   27  199   78.00000   36.00000  53.8%   222  732s
 129455 72528   39.00000   22  197   78.00000   36.00000  53.8%   223  743s
 131325 73569   43.00000   27  368   78.00000   36.00000  53.8%   223  753s
 132930 74502   54.00000   30  246   78.00000   36.00000  53.8%   223  762s
 134485 75482   62.00000   33   89   78.00000   36.00000  53.8%   223  773s
 136183 76546   61.00000   33  244   78.00000   36.00000  53.8%   224  783s
 138149 77494 infeasible   56        78.00000   36.00000  53.8%   224  792s
 139652 78494   61.00000   32  242   78.00000   36.00000  53.8%   224  802s
 141180 79431   52.00000   32  191   78.00000   36.00000  53.8%   224  811s
 142693 80517   76.00000   62   90   78.00000   36.00000  53.8%   225  821s
 144470 81388   67.00000   35  143   78.00000   36.00000  53.8%   225  831s
 145973 82396   54.00000   43  309   78.00000   36.00000  53.8%   225  839s
 147685 83534   63.00000   35  223   78.00000   36.00000  53.8%   225  848s
 149416 84506   56.00000   34  163   78.00000   36.00000  53.8%   225  856s
 151102 85430     cutoff   48        78.00000   36.00000  53.8%   224  864s
 152516 86682   72.00000   41  146   78.00000   36.00000  53.8%   225  872s
 154359 87521   76.00000   52   81   78.00000   36.00000  53.8%   225  880s
 155813 88434   77.00000   46   82   78.00000   36.00000  53.8%   225  888s
 157332 89458   39.00000   29  173   78.00000   36.00000  53.8%   225  897s
 158990 90624   71.00000   38  133   78.00000   36.00000  53.8%   225  905s
 160780 91571   77.00000   52   20   78.00000   36.00000  53.8%   225  914s
 162383 92506   75.00000   49  106   78.00000   36.00000  53.8%   224  922s
 163986 93413   67.00000   39   95   78.00000   36.00000  53.8%   224  930s
 165492 94394 infeasible   44        78.00000   36.00000  53.8%   224  938s
 167095 95231   36.00000   23  312   78.00000   36.00000  53.8%   224  947s
 168491 96102     cutoff   64        78.00000   36.00000  53.8%   224  955s
 170013 97211   64.00000   32  265   78.00000   36.00000  53.8%   225  964s
 171839 98301   77.00000   42   49   78.00000   36.00000  53.8%   225  973s
 173641 99360   40.00000   27  308   78.00000   36.00000  53.8%   224  982s
 175288 100248 infeasible   48        78.00000   36.00000  53.8%   224  991s
 176998 101128   48.00000   29  225   78.00000   36.00000  53.8%   224  999s
 178624 101977   48.00000   33  253   78.00000   36.00000  53.8%   224 1007s
 180108 102904 infeasible   48        78.00000   36.00000  53.8%   224 1016s
 181652 103759   58.00000   37  229   78.00000   36.00000  53.8%   224 1025s
 183077 104790   45.00000   32  192   78.00000   36.00000  53.8%   224 1035s
 184659 105780   48.00000   35  186   78.00000   36.00000  53.8%   225 1044s
 186250 106670   56.00000   41  154   78.00000   36.00000  53.8%   225 1053s
 187674 107664 infeasible   50        78.00000   36.00000  53.8%   225 1062s
 189261 108712   75.00000   43  157   78.00000   36.00000  53.8%   225 1071s
 190913 109583   45.00000   27  150   78.00000   36.00000  53.8%   225 1080s
 192423 110482   62.00000   35  238   78.00000   36.00000  53.8%   226 1088s
 193969 111445   67.00000   39  110   78.00000   36.00000  53.8%   226 1096s
 195580 112347   51.00000   28  375   78.00000   36.00000  53.8%   226 1105s
 197002 113229 infeasible   37        78.00000   36.00000  53.8%   226 1114s
 198619 114335   48.00000   33  219   78.00000   36.00000  53.8%   226 1123s
 200436 115500   60.00000   33  122   78.00000   36.00000  53.8%   226 1132s
 202309 116393   54.00000   32  195   78.00000   36.00000  53.8%   226 1141s
 203759 117300   60.00000   31  254   78.00000   36.00000  53.8%   227 1149s
 205296 118497   70.00000   47  104   78.00000   36.00000  53.8%   227 1158s
 207121 119356   75.00000   42   54   78.00000   36.00000  53.8%   227 1167s
 208624 120196 infeasible   35        78.00000   36.00000  53.8%   227 1176s
 210105 121304   70.00000   39  190   78.00000   36.00000  53.8%   227 1185s
 211933 122081   63.00000   34  176   78.00000   36.00000  53.8%   227 1193s
 213555 123026   74.00000   36  188   78.00000   36.00000  53.8%   227 1201s
 215199 123784     cutoff   65        78.00000   36.00000  53.8%   227 1209s
 216543 124609     cutoff   47        78.00000   36.00000  53.8%   227 1217s
 218011 125334   76.00000   49  118   78.00000   36.00000  53.8%   227 1225s
 219310 126230   74.00000   58   79   78.00000   36.00000  53.8%   227 1234s
 220698 127249   72.00000   39  228   78.00000   36.00000  53.8%   227 1243s
 222380 128336   63.00000   39   88   78.00000   36.00000  53.8%   227 1252s
 224102 129131 infeasible   51        78.00000   36.00000  53.8%   227 1260s
 225524 129816   67.00000   46  101   78.00000   36.00000  53.8%   228 1268s
 226679 130689   70.00000   44  136   78.00000   36.00000  53.8%   228 1277s
 228203 131619   48.00000   41  197   78.00000   36.00000  53.8%   228 1286s
 229793 132398   48.00000   43  217   78.00000   36.00000  53.8%   228 1296s
 231214 133318 infeasible   54        78.00000   36.00000  53.8%   228 1304s
 232794 134081   62.00000   39  248   78.00000   36.00000  53.8%   228 1313s
 234114 134943   77.00000   48   40   78.00000   36.00000  53.8%   228 1322s
 235696 136089   69.00000   36  143   78.00000   36.00000  53.8%   229 1332s
 237697 137142   50.00000   31  165   78.00000   36.00000  53.8%   229 1341s
 239458 138259   72.00000   42   84   78.00000   36.00000  53.8%   229 1350s
 241317 139185   75.00000   41  103   78.00000   36.00000  53.8%   228 1360s
 242973 140099   69.00000   37  183   78.00000   36.00000  53.8%   229 1369s
 244525 141049   45.00000   35  199   78.00000   37.00000  52.6%   229 1378s
 246152 142140   44.00000   32  345   78.00000   37.00000  52.6%   229 1387s
 247885 142942   48.00000   30  340   78.00000   37.00000  52.6%   229 1396s
 249278 144113   75.00000   49  168   78.00000   37.00000  52.6%   229 1405s
 251063 144923   62.00000   34  297   78.00000   37.00000  52.6%   229 1414s
 252458 145754 infeasible   62        78.00000   37.00000  52.6%   229 1423s
 253953 146543   40.00000   27  158   78.00000   38.00000  51.3%   229 1433s
 255359 147528   72.00000   45   94   78.00000   38.00000  51.3%   229 1443s
 257056 148592   73.00000   32  217   78.00000   38.00000  51.3%   230 1453s
 258844 149495   62.00000   29  209   78.00000   38.00000  51.3%   230 1462s
 260515 150630   61.00000   45  219   78.00000   38.00000  51.3%   230 1472s
 262499 151607   60.00000   44  244   78.00000   39.00000  50.0%   230 1481s
 264104 152751   71.00000   55  116   78.00000   39.00000  50.0%   230 1490s
 266137 153787   67.00000   27  128   78.00000   39.00000  50.0%   230 1498s
 267943 154836   55.00000   32  306   78.00000   39.00000  50.0%   230 1507s
 269785 155781   45.00000   28  215   78.00000   39.00000  50.0%   230 1515s
 271525 156950 infeasible   45        78.00000   39.00000  50.0%   230 1524s
 273527 158001   70.00000   42   91   78.00000   39.00000  50.0%   229 1533s
 275314 159035   71.00000   48   81   78.00000   39.00000  50.0%   229 1541s
 277076 159919   51.00000   33  173   78.00000   39.00000  50.0%   229 1549s
 278689 160961 infeasible   44        78.00000   39.00000  50.0%   229 1556s
 280512 161966 infeasible   50        78.00000   39.00000  50.0%   229 1564s
 282309 162823   69.00000   42   82   78.00000   39.00000  50.0%   228 1572s
 283779 163562   74.00000   46   95   78.00000   39.00000  50.0%   229 1579s
 285102 164306   76.00000   50   69   78.00000   39.00000  50.0%   229 1587s
 286483 165151   76.00000   44  110   78.00000   40.00000  48.7%   229 1595s
 288116 166080   74.00000   44  148   78.00000   40.00000  48.7%   229 1603s
 289689 167056   64.00000   36  147   78.00000   40.00000  48.7%   229 1611s
 291320 168013   74.00000   47  138   78.00000   40.00000  48.7%   229 1619s
 292854 168799   75.00000   41   94   78.00000   40.00000  48.7%   229 1628s
 294221 169862   44.00000   26  305   78.00000   40.00000  48.7%   229 1638s
 296084 170680   68.00000   40  219   78.00000   40.00000  48.7%   228 1645s
 297521 171608 infeasible   45        78.00000   40.00000  48.7%   228 1654s
 299056 172416   70.00000   32  166   78.00000   40.00000  48.7%   228 1662s
 300592 173275   73.00000   36  166   78.00000   40.00000  48.7%   228 1670s
 302143 174150   67.00000   31  231   78.00000   40.00000  48.7%   228 1679s
 303619 175194   47.00000   32  220   78.00000   40.00000  48.7%   229 1687s
 305202 176024   71.00000   37  207   78.00000   40.00000  48.7%   229 1696s
 306877 176913   71.00000   45  143   78.00000   40.00000  48.7%   229 1704s
 308751 177614   75.00000   40  108   78.00000   40.00000  48.7%   229 1714s
 309925 178301   70.00000   36  273   78.00000   40.00000  48.7%   229 1723s
 311284 179479   48.00000   30  303   78.00000   40.00000  48.7%   229 1731s
 313218 180411   73.00000   28  140   78.00000   40.00000  48.7%   229 1740s
 314788 181340 infeasible   50        78.00000   40.00000  48.7%   229 1749s
 316431 182121   74.00000   47  125   78.00000   40.00000  48.7%   229 1757s
 317913 183194   41.00000   26  222   78.00000   40.00000  48.7%   229 1766s
 319804 184151   58.00000   29  358   78.00000   40.00000  48.7%   229 1775s
 321558 185338   48.00000   31  202   78.00000   40.00000  48.7%   229 1783s
 323532 186384   75.00000   42   67   78.00000   40.00000  48.7%   229 1791s
 325191 187262   72.00000   50   98   78.00000   40.00000  48.7%   229 1799s
 326794 187961 infeasible   51        78.00000   40.00000  48.7%   229 1807s
 328126 188706   76.00000   42  179   78.00000   40.00000  48.7%   229 1816s
 329594 189595   73.00000   42  163   78.00000   40.00000  48.7%   229 1824s
 331199 190662 infeasible   42        78.00000   40.00000  48.7%   229 1833s
 333002 191619   54.00000   34  206   78.00000   40.00000  48.7%   229 1841s
 334564 192580   67.00000   33  128   78.00000   40.00000  48.7%   229 1850s
 336441 193684   72.00000   60  114   78.00000   40.00000  48.7%   229 1859s
 338242 194639   73.00000   53   99   78.00000   40.00000  48.7%   229 1867s
 339740 195638   62.00000   29  275   78.00000   40.00000  48.7%   229 1876s
 341434 196550   75.00000   60  135   78.00000   40.00000  48.7%   229 1884s
 343107 197597   67.00000   32  161   78.00000   40.00000  48.7%   229 1893s
 344942 198557   76.00000   45   72   78.00000   40.00000  48.7%   229 1901s
 346508 199432   46.00000   33  200   78.00000   40.00000  48.7%   229 1909s
 348074 200365   76.00000   49   66   78.00000   40.00000  48.7%   229 1917s
 349641 201281   75.00000   41  123   78.00000   40.00000  48.7%   229 1925s
 351244 202133   74.00000   40  141   78.00000   40.00000  48.7%   229 1934s
 352708 202940   57.00000   35  170   78.00000   40.00000  48.7%   229 1942s
 354111 204031   72.00000   28   90   78.00000   40.00000  48.7%   229 1950s
 355779 204997   71.00000   29  149   78.00000   41.00000  47.4%   229 1959s
 357348 205890   48.00000   33  303   78.00000   41.00000  47.4%   229 1968s
 358870 206888   70.00000   42  113   78.00000   41.00000  47.4%   229 1977s
 360594 208123   76.00000   34   88   78.00000   41.00000  47.4%   229 1986s
 362659 209090   72.00000   29  182   78.00000   41.00000  47.4%   228 1995s
 364267 209964   76.00000   40   93   78.00000   41.00000  47.4%   228 2004s
 365819 210949   58.00000   40  165   78.00000   41.00000  47.4%   228 2012s
 367482 211976   48.00000   34  279   78.00000   41.00000  47.4%   228 2021s
 369115 213016   57.00000   36  212   78.00000   41.00000  47.4%   228 2029s
 370744 213826 infeasible   57        78.00000   41.00000  47.4%   228 2037s
 372199 214912   73.00000   35   86   78.00000   41.00000  47.4%   228 2046s
 373985 216004   76.00000   42  147   78.00000   41.00000  47.4%   228 2055s
 375964 216871   75.00000   43  110   78.00000   41.00000  47.4%   228 2063s
 377634 217838   77.00000   55  101   78.00000   41.00000  47.4%   228 2071s
 379201 218813   67.00000   39  202   78.00000   41.00000  47.4%   228 2080s
 380869 219726   70.00000   69   85   78.00000   41.00000  47.4%   228 2088s
 382485 220551 infeasible   54        78.00000   41.00000  47.4%   228 2097s
 383837 221565   41.00000   27  250   78.00000   41.00000  47.4%   228 2106s
 385567 222627   75.00000   42  159   78.00000   41.00000  47.4%   228 2115s
 387299 223778   74.00000   43  100   78.00000   41.00000  47.4%   228 2123s
 389096 224687   45.00000   33  223   78.00000   41.00000  47.4%   228 2132s
 390601 225515   72.00000   54   87   78.00000   41.00000  47.4%   228 2141s
 392269 226563   47.00000   25  190   78.00000   41.00000  47.4%   228 2149s
 393929 227463   71.00000   42  147   78.00000   41.00000  47.4%   228 2158s
 395734 228465   50.00000   34  151   78.00000   41.00000  47.4%   228 2166s
 397527 229534   67.00000   45  159   78.00000   41.00000  47.4%   228 2174s
 399334 230312     cutoff   41        78.00000   41.00000  47.4%   228 2182s
 400660 231471   72.00000   36  104   78.00000   41.00000  47.4%   228 2190s
 402489 232375 infeasible   36        78.00000   41.00000  47.4%   228 2198s
 404030 233292   73.00000   48  148   78.00000   41.00000  47.4%   228 2206s
 405684 234155   48.00000   31  150   78.00000   41.00000  47.4%   228 2215s
 407218 234975   75.00000   41  124   78.00000   41.00000  47.4%   228 2223s
 408662 235852   66.00000   38  182   78.00000   41.00000  47.4%   228 2231s
 410230 236736   67.00000   35  169   78.00000   41.00000  47.4%   228 2240s
 411868 237773   69.00000   32  170   78.00000   41.00000  47.4%   228 2248s
 413522 238756   55.00000   33  222   78.00000   41.00000  47.4%   228 2256s
 415262 239884   77.00000   50   33   78.00000   41.00000  47.4%   228 2264s
 417112 241026   74.00000   50   98   78.00000   41.00000  47.4%   228 2272s
 418940 241900   76.00000   54   64   78.00000   41.00000  47.4%   228 2280s
 420427 242822   48.00000   30  371   78.00000   41.00000  47.4%   228 2288s
 421980 243890   72.00000   28  217   78.00000   41.00000  47.4%   228 2297s
 423794 244770   69.00000   28  198   78.00000   41.00000  47.4%   228 2305s
 425238 245615   72.00000   33   89   78.00000   41.00000  47.4%   228 2314s
 426721 246567   63.00000   46   69   78.00000   41.00000  47.4%   228 2323s
 428454 247637   42.00000   26  150   78.00000   41.00000  47.4%   228 2331s
 430418 248548 infeasible   53        78.00000   41.00000  47.4%   227 2339s
 432018 249535   75.00000   43   55   78.00000   41.00000  47.4%   227 2348s
 433678 250478   72.00000   30  127   78.00000   41.00000  47.4%   227 2356s
 435445 251625   55.00000   34  233   78.00000   41.00000  47.4%   227 2364s
 437401 252601   72.00000   47  145   78.00000   41.00000  47.4%   227 2372s
 439103 253667   77.00000   49   31   78.00000   41.00000  47.4%   227 2380s
 440901 254573   55.00000   31  181   78.00000   41.00000  47.4%   227 2388s
 442370 255542   75.00000   41  102   78.00000   41.00000  47.4%   227 2396s
 444107 256719   57.00000   33  203   78.00000   41.00000  47.4%   227 2405s
 446144 257581   75.00000   54   88   78.00000   41.00000  47.4%   226 2412s
 447656 258498   76.00000   39  225   78.00000   41.00000  47.4%   226 2420s
 449160 259346   50.00000   35  334   78.00000   41.00000  47.4%   226 2427s
 450607 260413 infeasible   49        78.00000   41.00000  47.4%   226 2435s
 452461 261238   77.00000   57   57   78.00000   41.00000  47.4%   226 2442s
 453918 262175   73.00000   33  119   78.00000   41.00000  47.4%   226 2451s
 455529 263191 infeasible   55        78.00000   41.00000  47.4%   226 2458s
 457622 264269   54.00000   34  185   78.00000   41.00000  47.4%   226 2467s
 459568 265341   77.00000   42   49   78.00000   42.00000  46.2%   226 2475s
 461496 266226   77.00000   31  147   78.00000   42.00000  46.2%   225 2482s
 463060 267199   61.00000   36  232   78.00000   42.00000  46.2%   225 2489s
 464640 268183   67.00000   35  305   78.00000   42.00000  46.2%   225 2498s
 466404 269063   77.00000   49   90   78.00000   42.00000  46.2%   225 2506s
 467953 270053   74.00000   43  141   78.00000   42.00000  46.2%   225 2514s
 469605 270901   58.00000   35  306   78.00000   42.00000  46.2%   225 2523s
 471093 271728   61.00000   33  258   78.00000   42.00000  46.2%   225 2531s
 472541 272646   77.00000   46   99   78.00000   42.00000  46.2%   225 2539s
 474132 273635   77.00000   45   60   78.00000   42.00000  46.2%   225 2547s
 475925 274725 infeasible   46        78.00000   42.00000  46.2%   225 2557s
 477760 275589   60.00000   38  122   78.00000   42.00000  46.2%   225 2565s
 479259 276539   59.00000   28   91   78.00000   42.00000  46.2%   225 2575s
 480937 277277   62.00000   40  249   78.00000   42.00000  46.2%   225 2583s
 482265 278296   70.00000   40   88   78.00000   42.00000  46.2%   225 2593s
 484086 279061   54.00000   35  283   78.00000   42.00000  46.2%   225 2602s
 485635 280036   67.00000   41   68   78.00000   42.00000  46.2%   225 2611s
 487407 280797   67.00000   29  163   78.00000   42.00000  46.2%   225 2620s
 488758 281913   66.00000   38  154   78.00000   42.00000  46.2%   225 2629s
 490763 282903   67.00000   43  191   78.00000   42.00000  46.2%   225 2637s
 492488 283773   60.00000   24  171   78.00000   42.00000  46.2%   225 2645s
 493904 284626   76.00000   39  101   78.00000   42.00000  46.2%   225 2653s
 495471 285747 infeasible   47        78.00000   42.00000  46.2%   225 2661s
 497357 286776     cutoff   55        78.00000   42.00000  46.2%   225 2669s
 499164 287663   67.00000   39  291   78.00000   42.00000  46.2%   225 2677s
 500723 288641   71.00000   43  188   78.00000   42.00000  46.2%   225 2686s
 502447 289523   62.00000   34  139   78.00000   42.00000  46.2%   225 2694s
 503900 290386   73.00000   42  134   78.00000   42.00000  46.2%   225 2702s
 505419 291397   47.00000   29  188   78.00000   42.00000  46.2%   225 2711s
 507214 292653   73.00000   40  102   78.00000   42.00000  46.2%   225 2720s
 509211 293405 infeasible   75        78.00000   42.00000  46.2%   225 2728s
 510677 294148   65.00000   33  244   78.00000   42.00000  46.2%   225 2736s
 511982 295023   76.00000   42   49   78.00000   42.00000  46.2%   224 2744s
 513573 296000   73.00000   34  308   78.00000   42.00000  46.2%   224 2752s
 515165 296894   77.00000   45  116   78.00000   42.00000  46.2%   224 2760s
 516841 297774   68.00000   55  119   78.00000   42.00000  46.2%   224 2768s
 518366 298700   50.00000   37  237   78.00000   42.00000  46.2%   224 2777s
 520030 299697 infeasible   46        78.00000   42.00000  46.2%   224 2784s
 521757 300721 infeasible   55        78.00000   42.00000  46.2%   224 2793s
 523557 301660   42.00000   33  350   78.00000   42.00000  46.2%   224 2802s
 525264 302579   73.00000   39  101   78.00000   42.00000  46.2%   224 2810s
 526999 303544   73.00000   47  102   78.00000   42.00000  46.2%   224 2818s
 528711 304658   43.00000   30  260   78.00000   42.00000  46.2%   224 2827s
 530557 305598   73.00000   35  144   78.00000   42.00000  46.2%   224 2835s
 532256 306448   59.00000   37  206   78.00000   42.00000  46.2%   224 2843s
 533758 307183   76.00000   53  140   78.00000   42.00000  46.2%   224 2851s
 535070 307968   73.00000   52  140   78.00000   42.00000  46.2%   224 2860s
 536520 308943   42.00000   31  270   78.00000   42.00000  46.2%   224 2868s
 537958 310104   77.00000   37  113   78.00000   42.00000  46.2%   224 2877s
 539812 311062   77.00000   51   64   78.00000   42.00000  46.2%   224 2886s
 541577 312059   73.00000   37  129   78.00000   42.00000  46.2%   224 2895s
 543242 312894 infeasible   49        78.00000   42.00000  46.2%   224 2903s
 544905 313634   51.00000   30  142   78.00000   42.00000  46.2%   224 2911s
 546523 314477   77.00000   50  121   78.00000   42.00000  46.2%   224 2920s
 548118 315680   77.00000   55  155   78.00000   42.00000  46.2%   224 2928s
 550085 316704   71.00000   32  167   78.00000   42.00000  46.2%   224 2937s
 551933 317533 infeasible   43        78.00000   42.00000  46.2%   224 2945s
 553409 318326     cutoff   52        78.00000   42.00000  46.2%   224 2956s
 554974 319373   54.00000   34  310   78.00000   42.00000  46.2%   224 2965s
 556795 320137   66.00000   39  229   78.00000   42.00000  46.2%   224 2973s
 558252 321268   60.00000   42  138   78.00000   42.00000  46.2%   224 2981s
 560223 322440   73.00000   36  117   78.00000   42.00000  46.2%   223 2989s
 562164 323467   48.00000   29  158   78.00000   42.00000  46.2%   223 2996s
 563809 324443   73.00000   51  115   78.00000   42.00000  46.2%   223 3004s
 565434 325415   73.00000   43  157   78.00000   42.00000  46.2%   223 3012s
 567190 326288   69.00000   55   81   78.00000   42.00000  46.2%   223 3020s
 569004 327134   48.00000   38  264   78.00000   42.00000  46.2%   223 3027s
 570670 328109   62.00000   32  147   78.00000   42.00000  46.2%   223 3036s
 572407 329014   59.00000   33  206   78.00000   42.00000  46.2%   223 3044s
 573904 329937   73.00000   40  160   78.00000   42.00000  46.2%   223 3053s
 575528 330789   60.00000   28  289   78.00000   42.00000  46.2%   223 3062s
 577365 331611   76.00000   37   87   78.00000   42.00000  46.2%   223 3071s
 579016 332428   75.00000   44  150   78.00000   42.00000  46.2%   223 3079s
 580549 333408   73.00000   46  169   78.00000   42.00000  46.2%   223 3087s
 582297 334365   74.00000   33  161   78.00000   42.00000  46.2%   223 3096s
 584043 335355   63.00000   42  138   78.00000   42.00000  46.2%   223 3104s
 585835 336373   74.00000   47   84   78.00000   42.00000  46.2%   223 3112s
 587597 337071   51.00000   33  228   78.00000   42.00000  46.2%   223 3120s
 588883 338054   48.00000   38  301   78.00000   42.00000  46.2%   223 3128s
 590557 338769   47.00000   29  105   78.00000   42.00000  46.2%   223 3136s
 592320 339660 infeasible   38        78.00000   42.00000  46.2%   223 3145s
 594032 340742   74.00000   46  115   78.00000   42.00000  46.2%   223 3153s
 595818 341594   43.00000   28   99   78.00000   42.00000  46.2%   223 3161s
 597352 342403 infeasible   41        78.00000   42.00000  46.2%   223 3168s
 598820 343183   46.00000   34  160   78.00000   42.00000  46.2%   223 3177s
 600216 344171   59.00000   43  161   78.00000   42.00000  46.2%   223 3186s
 602025 345084   61.00000   34  239   78.00000   42.00000  46.2%   223 3194s
 603688 345785   67.00000   43  141   78.00000   42.00000  46.2%   223 3202s
 605131 346697 infeasible   47        78.00000   42.00000  46.2%   223 3211s
 606949 347722   74.00000   39   51   78.00000   42.00000  46.2%   223 3221s
 608724 348620     cutoff   35        78.00000   42.00000  46.2%   222 3229s
 610346 349636   54.00000   29  226   78.00000   42.00000  46.2%   222 3237s
 612155 350597   73.00000   30  218   78.00000   42.00000  46.2%   222 3245s
 613816 351613   58.00000   33  170   78.00000   42.00000  46.2%   222 3254s
 615681 352418   43.00000   27  119   78.00000   42.00000  46.2%   222 3262s
 617484 353240   58.00000   41  211   78.00000   42.00000  46.2%   222 3269s
 618977 354144   76.00000   49  161   78.00000   42.00000  46.2%   222 3277s
 620628 354988 infeasible   40        78.00000   42.00000  46.2%   222 3285s
 622209 355918   76.00000   46   68   78.00000   42.00000  46.2%   222 3292s
 623974 356675 infeasible   43        78.00000   42.00000  46.2%   222 3299s
 625403 357526 infeasible   40        78.00000   42.00000  46.2%   222 3307s
 627180 358509 infeasible   45        78.00000   42.00000  46.2%   222 3315s
 628866 359415   76.00000   35  159   78.00000   42.00000  46.2%   222 3323s
 630459 360207   60.00000   32  238   78.00000   42.00000  46.2%   222 3331s
 632025 361124   75.00000   40  153   78.00000   42.00000  46.2%   222 3340s
 633848 361895   74.00000   42   83   78.00000   42.00000  46.2%   222 3348s
 635241 362870   62.00000   41  139   78.00000   42.00000  46.2%   222 3358s
 637253 363589 infeasible   76        78.00000   42.00000  46.2%   221 3366s
 638863 364497   75.00000   53   54   78.00000   42.00000  46.2%   221 3373s
 640612 365270   66.00000   40  109   78.00000   42.00000  46.2%   221 3380s
 642356 366399   77.00000   46   43   78.00000   42.00000  46.2%   221 3387s
 644330 367518     cutoff   40        78.00000   43.00000  44.9%   221 3393s
 646515 368460 infeasible   49        78.00000   43.00000  44.9%   221 3399s
 648378 369472   77.00000   39   46   78.00000   43.00000  44.9%   221 3406s
 650236 370408   74.00000   44   70   78.00000   43.00000  44.9%   220 3412s
 651905 371387   73.00000   49   82   78.00000   43.00000  44.9%   220 3418s
 653626 372419   73.00000   50  129   78.00000   43.00000  44.9%   220 3423s
*653914 336588              55      77.0000000   43.00000  44.2%   220 3424s
 655559 337281   72.00000   53   74   77.00000   43.00000  44.2%   220 3429s
 657232 338700   76.00000   36   52   77.00000   43.00000  44.2%   220 3438s
 659741 339514   76.00000   38   41   77.00000   43.00000  44.2%   219 3444s
 661338 340376   76.00000   47   48   77.00000   43.00000  44.2%   219 3449s
 662947 341233 infeasible   57        77.00000   43.00000  44.2%   219 3455s
 664579 342089   75.00000   50   52   77.00000   43.00000  44.2%   219 3461s
 666188 342967   75.00000   36   67   77.00000   43.00000  44.2%   219 3466s
 667783 343700   71.00000   41   77   77.00000   43.00000  44.2%   219 3472s
 669133 344419   50.00000   61  157   77.00000   43.00000  44.2%   219 3478s
 670471 345036   76.00000   56   44   77.00000   43.00000  44.2%   219 3483s
 671759 345707   72.00000   37  165   77.00000   43.00000  44.2%   219 3490s
 673091 346335   54.00000   41  203   77.00000   43.00000  44.2%   219 3496s
 674382 347170 infeasible   37        77.00000   43.00000  44.2%   219 3502s
 675837 347962 infeasible   45        77.00000   43.00000  44.2%   219 3509s
 677218 348609   45.00000   26  239   77.00000   43.00000  44.2%   218 3516s
 678498 349495   74.00000   48  128   77.00000   43.00000  44.2%   219 3525s
 680281 350171 infeasible   42        77.00000   43.00000  44.2%   218 3534s
 681834 350977   48.00000   29  267   77.00000   43.00000  44.2%   219 3542s
 683475 351700 infeasible   59        77.00000   43.00000  44.2%   218 3550s
 684891 352694   74.00000   48  166   77.00000   43.00000  44.2%   219 3558s
 686732 353693   75.00000   36  142   77.00000   43.00000  44.2%   218 3566s
 688526 354553   72.00000   37  210   77.00000   43.00000  44.2%   218 3574s
 690051 355318   55.00000   32  261   77.00000   43.00000  44.2%   218 3582s
 691569 356255   74.00000   31  203   77.00000   43.00000  44.2%   219 3590s
 693279 357073   73.00000   44   81   77.00000   43.00000  44.2%   218 3599s
 695384 357138   48.00000   37  192   77.00000   43.00000  44.2%   218 3600s

Explored 695473 nodes (151850968 simplex iterations) in 3600.01 seconds (2922.17 work units)
Thread count was 32 (of 32 available processors)

Solution count 10: 77 78 79 ... 87

Time limit reached
Best objective 7.700000000000e+01, best bound 4.300000000000e+01, gap 44.1558%
