
Gurobi 13.0.0 (linux64) logging started Fri Nov 28 02:04:12 2025

Set parameter LogFile to value "./Results/StripPacking-BranchSP/Logs/SBspbL-010-StripPacking-25-0.log"
Set parameter TimeLimit to value 3600
Set parameter Cuts to value 0
Set parameter Presolve to value 1
Set parameter Heuristics to value 0
Set parameter LogToConsole to value 0
Set parameter LPWarmStart to value 2
Gurobi Optimizer version 13.0.0 build v13.0.0rc1 (linux64 - "Debian GNU/Linux 12 (bookworm)")

CPU model: Intel(R) Xeon(R) CPU E5-2630 v3 @ 2.40GHz, instruction set [SSE2|AVX|AVX2]
Thread count: 16 physical cores, 32 logical processors, using up to 32 threads

Non-default parameters:
TimeLimit  3600
LPWarmStart  2
Heuristics  0
Cuts  0
LogToConsole  0
Presolve  1

Optimize a model with 12825 rows, 651 columns and 39650 nonzeros (Min)
Model fingerprint: 0xcc511342
Model has 1 linear objective coefficients
Variable types: 51 continuous, 600 integer (600 binary)
Coefficient statistics:
  Matrix range     [1e+00, 1e+04]
  Objective range  [1e+00, 1e+00]
  Bounds range     [1e+00, 1e+04]
  RHS range        [5e-01, 1e+04]
Using branch priorities.

Warning: Completing partial solution with 600 unfixed non-continuous variables out of 600
User MIP start did not produce a new incumbent solution

Presolve removed 600 rows and 0 columns
Presolve time: 0.05s
Presolved: 12225 rows, 651 columns, 37850 nonzeros
Variable types: 51 continuous, 600 integer (600 binary)

Root relaxation: objective 3.400000e+01, 1887 iterations, 0.26 seconds (0.22 work units)
Another try with MIP start

    Nodes    |    Current Node    |     Objective Bounds      |     Work
 Expl Unexpl |  Obj  Depth IntInf | Incumbent    BestBd   Gap | It/Node Time

H    0     0                     181.0000000   34.00000  81.2%     -    0s
H    0     0                     168.0000000   34.00000  79.8%     -    0s
H    0     0                     139.0000000   34.00000  75.5%     -    0s
H    0     0                     132.0000000   34.00000  74.2%     -    0s
H    0     0                     130.0000000   34.00000  73.8%     -    0s
H    0     0                     126.0000000   34.00000  73.0%     -    1s
H    0     0                     124.0000000   34.00000  72.6%     -    1s
H    0     0                     122.0000000   34.00000  72.1%     -    1s
H    0     0                     119.0000000   34.00000  71.4%     -    1s
H    0     0                     118.0000000   34.00000  71.2%     -    1s
H    0     0                     114.0000000   34.00000  70.2%     -    1s
     0     0   34.00000    0  173  114.00000   34.00000  70.2%     -    1s
     0     0   34.00000    0  173  114.00000   34.00000  70.2%     -    1s
     0     0   34.00000    0  111  114.00000   34.00000  70.2%     -    2s
     0     2   34.00000    0  111  114.00000   34.00000  70.2%     -    2s
   173   229   41.00000   11  118  114.00000   34.00000  70.2%   290    5s
*  954   991              80     105.0000000   34.00000  67.6%   134    8s
* 1091  1069              71     104.0000000   34.00000  67.3%   125    9s
* 1390  1286             110     103.0000000   34.00000  67.0%   111    9s
  1512  1415   51.00000   20  107  103.00000   34.00000  67.0%   106   10s
* 1544  1379              80     102.0000000   34.00000  66.7%   105   10s
* 2190  1820             105     102.0000000   34.00000  66.7%  88.7   11s
* 2371  1886              99     101.0000000   34.00000  66.3%  85.5   11s
  2759  2176   34.00000   19  184  101.00000   34.00000  66.3%  83.6   15s
  3042  2410   72.00000   30   81  101.00000   34.00000  66.3%  94.3   20s
* 4621  3311              97     100.0000000   34.00000  66.0%  85.7   24s
* 4657  3186              91      99.0000000   34.00000  65.7%  85.2   24s
* 4865  3040             101      97.0000000   34.00000  64.9%  83.8   24s
* 5100  3001             110      96.0000000   34.00000  64.6%  82.5   24s
* 5220  2819             113      94.0000000   34.00000  63.8%  81.8   24s
  5242  2876     cutoff   45        94.00000   34.00000  63.8%  82.0   25s
* 5537  2698             136      91.0000000   34.00000  62.6%  81.9   25s
* 5954  2734              92      90.0000000   34.00000  62.2%  82.6   27s
* 6069  2487             109      88.0000000   34.00000  61.4%  82.9   28s
* 6077  2249             112      85.0000000   34.00000  60.0%  82.8   28s
  6558  2483   74.00000   33  162   85.00000   34.00000  60.0%  87.1   30s
  7340  2956   43.00000   26  230   85.00000   34.00000  60.0%  93.2   35s
* 7795  3164              72      84.0000000   34.00000  59.5%  95.2   37s
  8649  3913     cutoff   59        84.00000   34.00000  59.5%  97.7   40s
 10067  4854   36.00000   31  169   84.00000   34.00000  59.5%   100   45s
 11270  5744   34.00000   26  133   84.00000   34.00000  59.5%   102   51s
 12479  6580   42.00000   29  174   84.00000   34.00000  59.5%   103   55s
 13734  7341   54.00000   38  149   84.00000   34.00000  59.5%   105   60s
 15587  8698   83.00000   64   14   84.00000   34.00000  59.5%   105   66s
*16779  8936              73      83.0000000   34.00000  59.0%   107   69s
 17087  9297   60.00000   30  156   83.00000   34.00000  59.0%   107   71s
 18224  9905   70.00000   50  101   83.00000   34.00000  59.0%   108   75s
*19046  9581              77      82.0000000   34.00000  58.5%   109   77s
 20008 10541   42.00000   30  107   82.00000   34.00000  58.5%   109   82s
 20879 11147   80.00000   49   61   82.00000   34.00000  58.5%   109   85s
 23367 12455     cutoff   56        82.00000   34.00000  58.5%   109   92s
 23996 12815   48.00000   30  245   82.00000   34.00000  58.5%   110   95s
 25422 14099   78.00000   51   91   82.00000   34.00000  58.5%   112  100s
 27546 15120   76.00000   52   89   82.00000   34.00000  58.5%   113  106s
 28309 15749   81.00000   64   30   82.00000   34.00000  58.5%   113  110s
 30671 17328 infeasible   54        82.00000   34.00000  58.5%   113  118s
 31910 18024     cutoff   49        82.00000   34.00000  58.5%   113  121s
 33042 18928   62.00000   44   98   82.00000   34.00000  58.5%   114  125s
 35249 20338   39.00000   33  191   82.00000   34.00000  58.5%   115  133s
 36505 21291   60.00000   35   97   82.00000   34.00000  58.5%   115  137s
 37917 22138   76.00000   55   47   82.00000   34.00000  58.5%   116  141s
 39262 23156     cutoff   44        82.00000   34.00000  58.5%   116  145s
 40854 24170   59.00000   41  166   82.00000   34.00000  58.5%   116  150s
 42318 25385   78.00000   47  102   82.00000   34.00000  58.5%   117  155s
 44170 26450 infeasible   42        82.00000   34.00000  58.5%   117  160s
 47078 28350   67.00000   36  162   82.00000   34.00000  58.5%   118  169s
 48513 29253   61.00000   59  121   82.00000   34.00000  58.5%   118  173s
 50151 30397 infeasible   71        82.00000   34.00000  58.5%   119  178s
*50256 28453              72      81.0000000   34.00000  58.0%   118  178s
 52064 29347   70.00000   45  123   81.00000   34.00000  58.0%   118  183s
 53797 30342 infeasible   52        81.00000   34.00000  58.0%   118  188s
 55417 31350   80.00000   65   37   81.00000   34.00000  58.0%   118  192s
 56841 32406   66.00000   51  116   81.00000   34.00000  58.0%   119  197s
 58610 33334   79.00000   47   50   81.00000   34.00000  58.0%   119  203s
 60121 34359   75.00000   69   82   81.00000   34.00000  58.0%   119  208s
 61772 35453   48.00000   36  154   81.00000   34.00000  58.0%   119  213s
 63356 36349   76.00000   45   70   81.00000   34.00000  58.0%   119  219s
 64908 37190   76.00000   43  169   81.00000   34.00000  58.0%   119  224s
 66652 38198   73.00000   30  133   81.00000   34.00000  58.0%   119  230s
 68303 39334   63.00000   51  114   81.00000   34.00000  58.0%   120  235s
 69971 40333   48.00000   32  142   81.00000   36.00000  55.6%   120  240s
 71567 41265   48.00000   27  207   81.00000   36.00000  55.6%   120  245s
 73058 42388   71.00000   45  155   81.00000   36.00000  55.6%   120  251s
 74642 43407   59.00000   35  162   81.00000   36.00000  55.6%   121  256s
 76517 44527   80.00000   67   34   81.00000   36.00000  55.6%   120  261s
 78220 45604     cutoff   35        81.00000   36.00000  55.6%   120  266s
 79859 46689 infeasible   71        81.00000   36.00000  55.6%   121  271s
 81433 47797   47.00000   33  155   81.00000   36.00000  55.6%   121  276s
 83236 48764   75.00000   43   87   81.00000   36.00000  55.6%   121  281s
 84621 49945   73.00000   48  136   81.00000   36.00000  55.6%   121  287s
 86368 50946   65.00000   30  117   81.00000   36.00000  55.6%   121  292s
 87911 52040   48.00000   34  158   81.00000   36.00000  55.6%   121  297s
 89579 53182   80.00000   49   26   81.00000   36.00000  55.6%   121  302s
 91209 54176   70.00000   59  121   81.00000   36.00000  55.6%   121  306s
 92738 55289   80.00000   61   24   81.00000   36.00000  55.6%   121  311s
 94484 56330   73.00000   52   49   81.00000   36.00000  55.6%   121  316s
 96047 57293   80.00000   49   65   81.00000   36.00000  55.6%   121  320s
 97582 58133   80.00000   49   62   81.00000   36.00000  55.6%   121  325s
*97971 54363              73      80.0000000   36.00000  55.0%   121  325s
 99282 55230   57.00000   42  147   80.00000   36.00000  55.0%   121  330s
 100816 56170 infeasible   62        80.00000   36.00000  55.0%   121  335s
 103858 58067   67.00000   54   88   80.00000   36.00000  55.0%   121  345s
 105258 58936   76.00000   39   70   80.00000   36.00000  55.0%   121  350s
 106837 60015   48.00000   35  203   80.00000   36.00000  55.0%   121  356s
 108668 60978   79.00000   50   59   80.00000   36.00000  55.0%   121  360s
 110008 62099   76.00000   40  104   80.00000   36.00000  55.0%   122  365s
 113230 64091   57.00000   35  195   80.00000   36.00000  55.0%   122  374s
 114762 64971   67.00000   56  121   80.00000   36.00000  55.0%   122  379s
 116205 66078   41.00000   32  197   80.00000   36.00000  55.0%   123  383s
 117752 67156   74.00000   59   78   80.00000   36.00000  55.0%   123  388s
 119382 68110   72.00000   41   63   80.00000   36.00000  55.0%   123  393s
 121236 69077   75.00000   54   69   80.00000   36.00000  55.0%   123  398s
 122736 70000   73.00000   53  100   80.00000   36.00000  55.0%   123  403s
 124454 70872   48.00000   36  188   80.00000   36.00000  55.0%   123  408s
 125885 71789   68.00000   36  100   80.00000   36.00000  55.0%   123  413s
 127303 73027   67.00000   33  140   80.00000   36.00000  55.0%   123  418s
 129093 74079   66.00000   46  157   80.00000   36.00000  55.0%   124  423s
 130673 75046   36.00000   25  181   80.00000   36.00000  55.0%   124  429s
 132231 76116   77.00000   56   88   80.00000   36.00000  55.0%   124  434s
 133806 77289     cutoff   58        80.00000   36.00000  55.0%   124  439s
 135566 78248   75.00000   63   43   80.00000   36.00000  55.0%   125  444s
 136982 79280   51.00000   34   66   80.00000   36.00000  55.0%   125  449s
 138615 80571   73.00000   39   82   80.00000   36.00000  55.0%   125  455s
 140480 81397   78.00000   46   69   80.00000   36.00000  55.0%   125  460s
 141852 82464   67.00000   42  131   80.00000   36.00000  55.0%   125  466s
 143407 83658   53.00000   34  113   80.00000   36.00000  55.0%   126  472s
 145230 84647   77.00000   50   28   80.00000   36.00000  55.0%   126  477s
 146876 85557   55.00000   37  122   80.00000   36.00000  55.0%   126  482s
 148526 86575   67.00000   47   61   80.00000   36.00000  55.0%   126  487s
 150086 87528 infeasible   55        80.00000   36.00000  55.0%   126  492s
 151596 88286     cutoff   58        80.00000   36.00000  55.0%   126  497s
 152923 89382   79.00000   66   19   80.00000   36.00000  55.0%   126  503s
 154583 90450   42.00000   31  195   80.00000   36.00000  55.0%   126  508s
 156176 91685   36.00000   30  267   80.00000   36.00000  55.0%   126  513s
 157909 92775     cutoff   80        80.00000   36.00000  55.0%   126  519s
 159625 93955   78.00000   62   55   80.00000   36.00000  55.0%   126  524s
 161335 94939   78.00000   54   69   80.00000   36.00000  55.0%   126  529s
 162936 96173   48.00000   33  162   80.00000   36.00000  55.0%   127  534s
 164661 97099   50.00000   34  116   80.00000   36.00000  55.0%   127  539s
 166189 98115   44.00000   37  124   80.00000   36.00000  55.0%   127  544s
*166374 88456              83      79.0000000   36.00000  54.4%   127  544s
 167780 89203     cutoff   78        79.00000   36.00000  54.4%   127  549s
 169170 90456   57.00000   30  107   79.00000   36.00000  54.4%   127  556s
 171068 91598 infeasible   52        79.00000   36.00000  54.4%   127  561s
 172948 92447     cutoff   50        79.00000   36.00000  54.4%   127  567s
 174487 93160   68.00000   37  170   79.00000   36.00000  54.4%   127  572s
 175633 94162   67.00000   35  171   79.00000   36.00000  54.4%   127  578s
 177229 95058   73.00000   43   79   79.00000   36.00000  54.4%   128  583s
 178689 95983   74.00000   62  143   79.00000   36.00000  54.4%   128  589s
 180155 96971   75.00000   40  178   79.00000   36.00000  54.4%   128  595s
 181726 98015   47.00000   33  164   79.00000   36.00000  54.4%   128  601s
 183350 99059     cutoff   63        79.00000   36.00000  54.4%   128  606s
 185133 99859 infeasible   68        79.00000   36.00000  54.4%   128  611s
 186460 100947   50.00000   45  125   79.00000   36.00000  54.4%   129  617s
 188024 101957   50.00000   38  180   79.00000   36.00000  54.4%   129  622s
 189725 102789   78.00000   46   63   79.00000   36.00000  54.4%   129  627s
 191091 103823   78.00000   59   87   79.00000   36.00000  54.4%   129  634s
 192982 104886   59.00000   45  123   79.00000   36.00000  54.4%   129  640s
 194802 105817   67.00000   41  126   79.00000   36.00000  54.4%   129  646s
 196387 106655   48.00000   34  186   79.00000   36.00000  54.4%   129  651s
 198115 107404   44.00000   35  233   79.00000   36.00000  54.4%   129  656s
 199417 108389   67.00000   49  126   79.00000   36.00000  54.4%   130  662s
 201076 109489   53.00000   34  200   79.00000   36.00000  54.4%   130  668s
 202632 110642   36.00000   33  198   79.00000   36.00000  54.4%   130  673s
 204395 111673   67.00000   41  107   79.00000   36.00000  54.4%   130  679s
 205969 112651   75.00000   50  117   79.00000   36.00000  54.4%   130  685s
 207533 113652   46.00000   33  217   79.00000   36.00000  54.4%   130  691s
 209168 114778   48.00000   29  146   79.00000   36.00000  54.4%   130  696s
 211049 115707   54.00000   36  165   79.00000   36.00000  54.4%   130  701s
 212631 116835   48.00000   34  179   79.00000   36.00000  54.4%   130  707s
 214367 117691   62.00000   30   92   79.00000   36.00000  54.4%   130  712s
 215851 118630   77.00000   46   92   79.00000   36.00000  54.4%   130  717s
 217389 119610   67.00000   37  116   79.00000   36.00000  54.4%   130  722s
 218945 120497   74.00000   59   80   79.00000   36.00000  54.4%   130  727s
 220411 121367   75.00000   49   79   79.00000   36.00000  54.4%   131  732s
 221872 122315   77.00000   47   48   79.00000   36.00000  54.4%   131  737s
 223411 123158   76.00000   59   14   79.00000   36.00000  54.4%   131  742s
 224765 124161   74.00000   54   76   79.00000   36.00000  54.4%   131  748s
 226486 125248   75.00000   65   65   79.00000   36.00000  54.4%   131  754s
 228192 126262     cutoff   55        79.00000   36.00000  54.4%   131  761s
 230006 127200   36.00000   32  138   79.00000   36.00000  54.4%   131  766s
 231588 128072   36.00000   31  205   79.00000   36.00000  54.4%   131  772s
 233074 129148   71.00000   53  105   79.00000   36.00000  54.4%   131  778s
 234723 130226   71.00000   37  142   79.00000   36.00000  54.4%   132  784s
 236348 131425 infeasible   69        79.00000   36.00000  54.4%   132  790s
 238111 132556   71.00000   55   64   79.00000   36.00000  54.4%   132  796s
 239857 133622   74.00000   68   76   79.00000   36.00000  54.4%   132  801s
 241481 134641   78.00000   49   78   79.00000   36.00000  54.4%   132  807s
 243188 135524   54.00000   37  135   79.00000   36.00000  54.4%   132  812s
 244685 136369   77.00000   63   55   79.00000   36.00000  54.4%   132  817s
 246041 137342   74.00000   41  138   79.00000   36.00000  54.4%   132  823s
 247591 138404   44.00000   27  157   79.00000   36.00000  54.4%   132  829s
 249376 139521   73.00000   40   95   79.00000   36.00000  54.4%   132  835s
 251173 140465   68.00000   60  117   79.00000   36.00000  54.4%   132  840s
 252788 141476   66.00000   31  108   79.00000   36.00000  54.4%   132  845s
 254449 142512 infeasible   51        79.00000   36.00000  54.4%   132  850s
 256003 143451   78.00000   56   68   79.00000   36.00000  54.4%   132  855s
 257571 144575 infeasible   69        79.00000   36.00000  54.4%   132  860s
 259324 145670   48.00000   42  111   79.00000   36.00000  54.4%   132  865s
 260978 146567   50.00000   39  164   79.00000   36.00000  54.4%   132  871s
 262544 147542 infeasible   76        79.00000   36.00000  54.4%   132  876s
 264088 148518   72.00000   55   80   79.00000   36.00000  54.4%   133  882s
 265807 149404   76.00000   63   61   79.00000   36.00000  54.4%   132  888s
 267246 150293   40.00000   36  175   79.00000   36.00000  54.4%   133  893s
 268761 151328   50.00000   36  141   79.00000   36.00000  54.4%   133  898s
 270459 152332 infeasible   73        79.00000   36.00000  54.4%   133  903s
 272107 153343   78.00000   50   81   79.00000   36.00000  54.4%   133  909s
 273964 154481   50.00000   39  180   79.00000   36.00000  54.4%   133  915s
 275658 155400   69.00000   40  239   79.00000   36.00000  54.4%   133  920s
 277176 156381   65.00000   34  130   79.00000   36.00000  54.4%   133  925s
 278851 157228   64.00000   37  109   79.00000   36.00000  54.4%   133  931s
 280339 158220   62.00000   36  171   79.00000   37.00000  53.2%   133  936s
 281984 159072 infeasible   57        79.00000   37.00000  53.2%   133  941s
 283542 160142   76.00000   55   77   79.00000   37.00000  53.2%   133  947s
 285316 161058   55.00000   32  173   79.00000   37.00000  53.2%   133  952s
 286847 161673   67.00000   37   89   79.00000   37.00000  53.2%   133  957s
 288018 162516   65.00000   34  214   79.00000   38.00000  51.9%   133  963s
 289439 163279   62.00000   46  156   79.00000   38.00000  51.9%   133  968s
 290830 164022   64.00000   37  152   79.00000   38.00000  51.9%   133  974s
 292171 164844   70.00000   39  146   79.00000   38.00000  51.9%   134  980s
 293577 165755   78.00000   50  113   79.00000   38.00000  51.9%   134  986s
 295227 166848 infeasible   65        79.00000   38.00000  51.9%   134  991s
 296881 167826   72.00000   47   89   79.00000   38.00000  51.9%   134  997s
 298624 168855   62.00000   41  193   79.00000   39.00000  50.6%   134 1002s
 300305 169745   76.00000   47   70   79.00000   39.00000  50.6%   134 1007s
 301842 170674   75.00000   45  127   79.00000   39.00000  50.6%   134 1012s
 303677 171615   68.00000   38  145   79.00000   39.00000  50.6%   134 1017s
 305319 172570   51.00000   33  150   79.00000   39.00000  50.6%   134 1022s
 306864 173341   62.00000   33  154   79.00000   39.00000  50.6%   134 1027s
 308221 174246   68.00000   56   48   79.00000   39.00000  50.6%   134 1032s
 309787 175171   67.00000   51  151   79.00000   39.00000  50.6%   134 1037s
 311284 175974   67.00000   41  147   79.00000   39.00000  50.6%   134 1042s
 312677 176929   39.00000   32  208   79.00000   39.00000  50.6%   134 1048s
 314329 177875   67.00000   52   91   79.00000   39.00000  50.6%   134 1054s
 315981 178865   71.00000   45   90   79.00000   39.00000  50.6%   134 1059s
 317616 179886   51.00000   35  153   79.00000   39.00000  50.6%   134 1065s
 319260 180815   67.00000   38   71   79.00000   39.00000  50.6%   134 1070s
 320821 182096   73.00000   45   87   79.00000   39.00000  50.6%   134 1075s
 322825 183156   68.00000   44   59   79.00000   39.00000  50.6%   134 1080s
 324842 184097   67.00000   41  167   79.00000   40.00000  49.4%   134 1085s
 328105 185953   76.00000   66   96   79.00000   40.00000  49.4%   133 1094s
 329652 186856 infeasible   66        79.00000   40.00000  49.4%   133 1098s
 331190 187775   68.00000   32   89   79.00000   40.00000  49.4%   133 1103s
 332759 188837   71.00000   37  122   79.00000   40.00000  49.4%   133 1107s
 334489 189794   78.00000   47   83   79.00000   40.00000  49.4%   133 1112s
 336000 190786     cutoff   40        79.00000   40.00000  49.4%   133 1117s
 337553 191787   78.00000   53   80   79.00000   40.00000  49.4%   133 1123s
 339235 192571   54.00000   36  160   79.00000   40.00000  49.4%   133 1128s
 340704 193455   50.00000   34  225   79.00000   40.00000  49.4%   133 1133s
 342194 194461   78.00000   57   49   79.00000   40.00000  49.4%   134 1139s
 343953 195430   54.00000   32  166   79.00000   40.00000  49.4%   134 1144s
 345574 196323 infeasible   53        79.00000   40.00000  49.4%   134 1149s
 347300 197315   68.00000   52   78   79.00000   40.00000  49.4%   134 1154s
 348985 198204   78.00000   54   34   79.00000   40.00000  49.4%   134 1160s
 350535 198930   72.00000   46  104   79.00000   40.00000  49.4%   134 1166s
 352080 199840   72.00000   63   46   79.00000   40.00000  49.4%   134 1171s
 353738 200887   78.00000   61   36   79.00000   40.00000  49.4%   134 1177s
 355431 201663 infeasible   53        79.00000   40.00000  49.4%   134 1183s
 356977 202720   75.00000   44  120   79.00000   40.00000  49.4%   134 1189s
 358747 203554   48.00000   43  163   79.00000   40.00000  49.4%   134 1194s
 360149 204588   62.00000   44   96   79.00000   40.00000  49.4%   134 1201s
 361946 205553   59.00000   32  219   79.00000   40.00000  49.4%   134 1207s
 363510 206634 infeasible   69        79.00000   40.00000  49.4%   134 1213s
 365274 207630   63.00000   47  127   79.00000   40.00000  49.4%   134 1220s
 366916 208867   78.00000   46   54   79.00000   40.00000  49.4%   134 1226s
 368860 209930   51.00000   40   85   79.00000   40.00000  49.4%   134 1232s
 370663 210966   71.00000   49  106   79.00000   40.00000  49.4%   134 1238s
 372442 211968   54.00000   34  154   79.00000   40.00000  49.4%   134 1243s
 374138 212938   71.00000   49   76   79.00000   40.00000  49.4%   134 1248s
 375785 213908   71.00000   40  107   79.00000   40.00000  49.4%   134 1253s
 377403 214726   67.00000   51   80   79.00000   40.00000  49.4%   134 1258s
 378891 215672   70.00000   52  124   79.00000   40.00000  49.4%   134 1264s
 380652 216604   78.00000   59   15   79.00000   40.00000  49.4%   134 1269s
 382410 217457   63.00000   39  156   79.00000   40.00000  49.4%   134 1274s
 383862 218373   78.00000   54  100   79.00000   40.00000  49.4%   134 1280s
 385402 219338   43.00000   34   97   79.00000   40.00000  49.4%   134 1285s
 387021 220183 infeasible   58        79.00000   40.00000  49.4%   134 1290s
 388487 221175   62.00000   34  196   79.00000   40.00000  49.4%   134 1295s
 390126 222050   74.00000   45  130   79.00000   40.00000  49.4%   134 1301s
 391788 223113   71.00000   34  119   79.00000   40.00000  49.4%   134 1306s
 393545 224169   78.00000   55   57   79.00000   40.00000  49.4%   134 1311s
 395320 225237   77.00000   55   81   79.00000   40.00000  49.4%   134 1316s
 397077 226222   76.00000   60   74   79.00000   40.00000  49.4%   134 1321s
 398748 227298 infeasible   47        79.00000   40.00000  49.4%   134 1326s
 400622 228345   55.00000   31  115   79.00000   41.00000  48.1%   134 1332s
 402255 229349 infeasible   59        79.00000   41.00000  48.1%   134 1338s
 403915 230537   75.00000   44   73   79.00000   41.00000  48.1%   134 1343s
 405655 231468 infeasible   59        79.00000   41.00000  48.1%   134 1348s
 407102 232476   58.00000   40   80   79.00000   41.00000  48.1%   134 1353s
 408696 233341 infeasible   48        79.00000   41.00000  48.1%   134 1358s
 410197 234461   51.00000   30  156   79.00000   41.00000  48.1%   134 1364s
 411870 235478   60.00000   36   98   79.00000   41.00000  48.1%   134 1369s
 413494 236378     cutoff   47        79.00000   41.00000  48.1%   134 1374s
 415173 237277 infeasible   60        79.00000   41.00000  48.1%   134 1379s
 416779 238197   72.00000   41   72   79.00000   41.00000  48.1%   134 1385s
 418260 239165   73.00000   58   63   79.00000   41.00000  48.1%   134 1391s
 420041 240206   67.00000   41   92   79.00000   41.00000  48.1%   134 1396s
 421649 241132   47.00000   32  111   79.00000   41.00000  48.1%   134 1401s
 423219 242283   55.00000   29  159   79.00000   41.00000  48.1%   134 1407s
 424957 243286   41.00000   31  259   79.00000   41.00000  48.1%   134 1413s
 426617 244161   78.00000   42   85   79.00000   41.00000  48.1%   134 1418s
 428044 245465   72.00000   41   90   79.00000   41.00000  48.1%   134 1423s
 429952 246363     cutoff   67        79.00000   41.00000  48.1%   134 1429s
 431443 247297   51.00000   36  165   79.00000   41.00000  48.1%   134 1435s
 434537 249114   50.00000   36  181   79.00000   41.00000  48.1%   134 1444s
 436175 250079   42.00000   29  107   79.00000   41.00000  48.1%   134 1450s
 437715 251095     cutoff   52        79.00000   41.00000  48.1%   134 1455s
 439244 252073   74.00000   48   91   79.00000   41.00000  48.1%   134 1461s
 440860 253032   57.00000   47  148   79.00000   41.00000  48.1%   134 1466s
 442384 253956   77.00000   58   76   79.00000   41.00000  48.1%   134 1471s
 443913 254849   64.00000   43  139   79.00000   41.00000  48.1%   134 1476s
 445410 256060     cutoff   52        79.00000   41.00000  48.1%   134 1482s
 447387 257026   48.00000   41  107   79.00000   41.00000  48.1%   134 1487s
 448857 258006   78.00000   52   41   79.00000   41.00000  48.1%   134 1493s
 450592 259039   72.00000   48  104   79.00000   41.00000  48.1%   134 1499s
 452231 260062   71.00000   35   71   79.00000   41.00000  48.1%   134 1505s
 453872 261121   78.00000   49   73   79.00000   41.00000  48.1%   134 1510s
 455569 262108   72.00000   37  124   79.00000   41.00000  48.1%   134 1516s
 457137 263068   52.00000   34  177   79.00000   41.00000  48.1%   134 1521s
 458658 264113   52.00000   30  180   79.00000   41.00000  48.1%   134 1527s
 460328 264909   74.00000   44   84   79.00000   41.00000  48.1%   134 1532s
 461717 265917   63.00000   33  134   79.00000   41.00000  48.1%   134 1538s
 463342 266924   77.00000   49   58   79.00000   41.00000  48.1%   134 1543s
 464994 267868   55.00000   35  193   79.00000   41.00000  48.1%   134 1549s
 466468 269109   72.00000   43   92   79.00000   41.00000  48.1%   134 1555s
 468389 269908   67.00000   62   39   79.00000   41.00000  48.1%   134 1560s
 469822 270865   78.00000   54   97   79.00000   41.00000  48.1%   134 1566s
 471577 271909   48.00000   36  146   79.00000   41.00000  48.1%   134 1571s
 473288 272848   71.00000   44  113   79.00000   41.00000  48.1%   134 1576s
 475240 273846   52.00000   48  219   79.00000   41.00000  48.1%   134 1581s
*476985 249377              93      78.0000000   41.00000  47.4%   134 1581s
 476997 250286   48.00000   32  149   78.00000   41.00000  47.4%   134 1586s
 478555 251275   72.00000   40  122   78.00000   41.00000  47.4%   134 1591s
 480180 252202   61.00000   32  155   78.00000   41.00000  47.4%   134 1596s
 481677 253117   64.00000   48   89   78.00000   41.00000  47.4%   134 1601s
 483297 253923   48.00000   36  168   78.00000   41.00000  47.4%   134 1607s
 484757 254877   77.00000   61   68   78.00000   41.00000  47.4%   134 1612s
 486326 255634   66.00000   42  169   78.00000   41.00000  47.4%   134 1617s
 487779 256590   64.00000   43  169   78.00000   41.00000  47.4%   134 1622s
 489588 257658   77.00000   63   48   78.00000   41.00000  47.4%   134 1628s
 491229 258756 infeasible   53        78.00000   41.00000  47.4%   134 1634s
 493006 259810 infeasible   62        78.00000   41.00000  47.4%   134 1640s
 494805 260726   72.00000   43  131   78.00000   41.00000  47.4%   134 1646s
*495535 242669              91      77.0000000   41.00000  46.8%   134 1646s
 496392 243418   63.00000   42  146   77.00000   41.00000  46.8%   134 1652s
 497935 244201   54.00000   41  165   77.00000   41.00000  46.8%   134 1657s
 499337 245241   69.00000   44  115   77.00000   41.00000  46.8%   134 1663s
 500987 246145   76.00000   56   58   77.00000   41.00000  46.8%   134 1668s
 502543 247015   51.00000   31  184   77.00000   41.00000  46.8%   134 1674s
 503954 248114   61.00000   41   75   77.00000   41.00000  46.8%   134 1680s
 505771 248856   61.00000   41  115   77.00000   41.00000  46.8%   134 1685s
 507263 249747   76.00000   51   10   77.00000   41.00000  46.8%   134 1690s
 509033 250734   42.00000   26  136   77.00000   41.00000  46.8%   134 1695s
 510879 251749   74.00000   57   74   77.00000   42.00000  45.5%   134 1701s
 512813 252604   74.00000   52   45   77.00000   42.00000  45.5%   134 1706s
 514430 253439   73.00000   38   47   77.00000   42.00000  45.5%   134 1710s
 516133 254460   73.00000   39   48   77.00000   42.00000  45.5%   134 1715s
 519448 256181   76.00000   39   59   77.00000   42.00000  45.5%   134 1723s
 521181 257036   67.00000   41   77   77.00000   42.00000  45.5%   134 1727s
 522804 257842   61.00000   35   83   77.00000   42.00000  45.5%   134 1731s
 524333 258595   76.00000   52   74   77.00000   42.00000  45.5%   134 1736s
 525832 259365   68.00000   51   63   77.00000   42.00000  45.5%   134 1740s
 528711 260941   48.00000   35  151   77.00000   42.00000  45.5%   134 1750s
 530251 261814   70.00000   37  199   77.00000   42.00000  45.5%   134 1756s
 531865 262743   62.00000   39   60   77.00000   42.00000  45.5%   134 1761s
 533560 263544   62.00000   46  125   77.00000   42.00000  45.5%   134 1766s
 535188 264317   62.00000   39  109   77.00000   42.00000  45.5%   134 1772s
 536575 265253   73.00000   53  112   77.00000   42.00000  45.5%   134 1777s
 538175 266136   60.00000   38   83   77.00000   42.00000  45.5%   134 1782s
 539709 267030   72.00000   46  163   77.00000   42.00000  45.5%   134 1788s
 541192 267880   76.00000   42   76   77.00000   42.00000  45.5%   134 1794s
 542793 268667   59.00000   33  151   77.00000   42.00000  45.5%   134 1799s
 544401 269664   76.00000   44   71   77.00000   42.00000  45.5%   134 1805s
 546220 270534   58.00000   37  195   77.00000   42.00000  45.5%   134 1811s
 547830 271500 infeasible   45        77.00000   42.00000  45.5%   134 1816s
 549518 272433   74.00000   53  123   77.00000   42.00000  45.5%   134 1821s
 551009 273436   69.00000   51   85   77.00000   42.00000  45.5%   134 1827s
 552729 274273   63.00000   39   64   77.00000   42.00000  45.5%   134 1832s
 554250 275112   54.00000   42  168   77.00000   42.00000  45.5%   134 1838s
 556013 275993   62.00000   36   80   77.00000   42.00000  45.5%   135 1843s
 557539 276850   73.00000   39  188   77.00000   42.00000  45.5%   135 1848s
 559109 277646   75.00000   48   87   77.00000   42.00000  45.5%   135 1854s
 560826 278489 infeasible   56        77.00000   42.00000  45.5%   135 1859s
 562370 279414 infeasible   60        77.00000   42.00000  45.5%   135 1865s
 563963 280341   62.00000   47  154   77.00000   42.00000  45.5%   135 1870s
 565613 281218 infeasible   43        77.00000   42.00000  45.5%   135 1876s
 567062 282198   73.00000   37  160   77.00000   42.00000  45.5%   135 1881s
 568658 283108   67.00000   42   96   77.00000   42.00000  45.5%   135 1887s
 570432 283998 infeasible   52        77.00000   42.00000  45.5%   135 1892s
 571922 284876   65.00000   49   90   77.00000   42.00000  45.5%   135 1897s
 573633 285738   71.00000   41   82   77.00000   42.00000  45.5%   135 1903s
 575202 286638   62.00000   41  176   77.00000   42.00000  45.5%   135 1908s
 576798 287496   73.00000   39  110   77.00000   42.00000  45.5%   135 1913s
 578447 288326   74.00000   63   53   77.00000   42.00000  45.5%   135 1919s
 580059 289256   73.00000   47   89   77.00000   42.00000  45.5%   135 1924s
 581641 290230   43.00000   35  255   77.00000   42.00000  45.5%   135 1930s
 583343 291180   50.00000   38  264   77.00000   42.00000  45.5%   135 1935s
 584999 291914   73.00000   46   81   77.00000   42.00000  45.5%   135 1941s
 586551 292774   60.00000   40  123   77.00000   42.00000  45.5%   135 1946s
 588104 293684   48.00000   37  276   77.00000   42.00000  45.5%   135 1952s
 589589 294547   73.00000   54   53   77.00000   42.00000  45.5%   135 1957s
 591148 295531   76.00000   46   69   77.00000   42.00000  45.5%   135 1963s
 592793 296396   72.00000   55   65   77.00000   42.00000  45.5%   135 1968s
 594417 297192   67.00000   49  148   77.00000   42.00000  45.5%   135 1973s
 595897 298068     cutoff   52        77.00000   42.00000  45.5%   136 1978s
 597531 299025   75.00000   41  132   77.00000   42.00000  45.5%   136 1983s
 599227 299873   73.00000   44   98   77.00000   42.00000  45.5%   136 1988s
 600722 300770 infeasible   59        77.00000   42.00000  45.5%   136 1993s
 602368 301642   76.00000   51   69   77.00000   42.00000  45.5%   136 1998s
 603894 302471   70.00000   52   78   77.00000   42.00000  45.5%   136 2003s
 605589 303279 infeasible   56        77.00000   42.00000  45.5%   136 2008s
 607133 304026   46.00000   35  236   77.00000   42.00000  45.5%   136 2013s
 608567 304898     cutoff   55        77.00000   42.00000  45.5%   136 2018s
 610046 305754   76.00000   40   98   77.00000   42.00000  45.5%   136 2023s
 611771 306519     cutoff   56        77.00000   42.00000  45.5%   136 2029s
 613198 307457   76.00000   49   68   77.00000   42.00000  45.5%   136 2034s
 614803 308423   70.00000   39  132   77.00000   42.00000  45.5%   136 2040s
 616576 309421   67.00000   48  133   77.00000   42.00000  45.5%   136 2046s
 618319 310361   73.00000   37  121   77.00000   42.00000  45.5%   136 2051s
 620089 311212   76.00000   56   81   77.00000   42.00000  45.5%   136 2057s
 621876 312037   73.00000   34  115   77.00000   42.00000  45.5%   136 2062s
 623514 312950   61.00000   42   69   77.00000   42.00000  45.5%   136 2068s
 625096 313645   75.00000   59   70   77.00000   42.00000  45.5%   136 2073s
 626434 314517 infeasible   69        77.00000   42.00000  45.5%   136 2079s
 627979 315531   70.00000   38  115   77.00000   42.00000  45.5%   136 2084s
 629727 316476   75.00000   45   65   77.00000   42.00000  45.5%   136 2090s
 631281 317535     cutoff   48        77.00000   42.00000  45.5%   136 2095s
 633088 318350   76.00000   55   53   77.00000   42.00000  45.5%   136 2100s
 634616 319155   74.00000   48   63   77.00000   42.00000  45.5%   136 2106s
 636155 320159   74.00000   60   65   77.00000   42.00000  45.5%   136 2111s
 637906 321138   76.00000   48   56   77.00000   42.00000  45.5%   136 2117s
 639513 322016   74.00000   48   45   77.00000   42.00000  45.5%   136 2122s
 641133 322919   63.00000   49   93   77.00000   42.00000  45.5%   136 2128s
 642819 323848   50.00000   36  182   77.00000   42.00000  45.5%   136 2133s
 644412 324651     cutoff   38        77.00000   42.00000  45.5%   137 2139s
 646245 325555   73.00000   44   51   77.00000   42.00000  45.5%   137 2144s
 647892 326493     cutoff   45        77.00000   42.00000  45.5%   137 2149s
 649684 327383   48.00000   34  147   77.00000   42.00000  45.5%   137 2154s
 651264 328308   60.00000   73  122   77.00000   42.00000  45.5%   137 2159s
 652697 329049   73.00000   43  152   77.00000   42.00000  45.5%   137 2165s
 654164 329697   65.00000   43  129   77.00000   42.00000  45.5%   137 2170s
 655340 330900   73.00000   55  148   77.00000   42.00000  45.5%   137 2176s
 657485 331976   76.00000   58   44   77.00000   42.00000  45.5%   137 2182s
 659352 332887 infeasible   46        77.00000   42.00000  45.5%   137 2188s
 660993 333774   67.00000   40  132   77.00000   42.00000  45.5%   137 2194s
 662681 334819   73.00000   36   93   77.00000   42.00000  45.5%   137 2199s
 664490 335623   67.00000   49  109   77.00000   42.00000  45.5%   137 2204s
 666062 336632 infeasible   40        77.00000   42.00000  45.5%   137 2210s
 667770 337514   73.00000   35  134   77.00000   42.00000  45.5%   137 2215s
 669522 338508   61.00000   38  110   77.00000   42.00000  45.5%   137 2220s
 671339 339387     cutoff   61        77.00000   42.00000  45.5%   137 2226s
 673008 340301   73.00000   36   79   77.00000   42.00000  45.5%   137 2231s
 674623 341176   73.00000   37  146   77.00000   42.00000  45.5%   137 2236s
 676222 341937   76.00000   55   76   77.00000   42.00000  45.5%   137 2241s
 677780 342796   65.00000   47  129   77.00000   42.00000  45.5%   137 2247s
 679410 343630   75.00000   54   98   77.00000   42.00000  45.5%   137 2252s
 680991 344658   62.00000   43   71   77.00000   42.00000  45.5%   137 2257s
 682968 345668   56.00000   35   72   77.00000   42.00000  45.5%   137 2262s
 684943 346629   76.00000   48   37   77.00000   43.00000  44.2%   137 2268s
 687118 347832   52.00000   41   85   77.00000   43.00000  44.2%   137 2272s
 689305 348838   72.00000   45   48   77.00000   43.00000  44.2%   137 2277s
 691191 349855   76.00000   46   63   77.00000   43.00000  44.2%   137 2281s
 693113 350929   63.00000   42   53   77.00000   43.00000  44.2%   137 2286s
 694969 351744   72.00000   36   59   77.00000   43.00000  44.2%   137 2290s
 696529 353026   76.00000   50   54   77.00000   43.00000  44.2%   136 2295s
 700289 354822   71.00000   48  103   77.00000   43.00000  44.2%   136 2303s
 701908 355590   58.00000   39   82   77.00000   43.00000  44.2%   136 2308s
 703294 356434   76.00000   51   52   77.00000   43.00000  44.2%   136 2312s
 704959 357085   69.00000   49  116   77.00000   43.00000  44.2%   136 2316s
 706590 357750   50.00000   41  106   77.00000   43.00000  44.2%   136 2320s
*708297 329064              66      76.0000000   43.00000  43.4%   136 2325s
 711507 330502   74.00000   52   61   76.00000   43.00000  43.4%   136 2333s
 713076 331401   75.00000   40   72   76.00000   43.00000  43.4%   136 2337s
 714748 332273   62.00000   38   98   76.00000   43.00000  43.4%   136 2342s
 716296 333009 infeasible   61        76.00000   43.00000  43.4%   136 2346s
 717784 334121   69.00000   42   60   76.00000   43.00000  43.4%   136 2351s
 719818 334950   75.00000   59   71   76.00000   43.00000  43.4%   136 2356s
 721405 335821     cutoff   43        76.00000   43.00000  43.4%   136 2360s
 723062 336663   57.00000   42   92   76.00000   43.00000  43.4%   136 2365s
 726111 338216   54.00000   40  133   76.00000   43.00000  43.4%   136 2374s
 727501 339161   62.00000   37   96   76.00000   43.00000  43.4%   136 2379s
 729223 340071   43.00000   30  143   76.00000   43.00000  43.4%   136 2384s
 730967 340806   75.00000   36   39   76.00000   43.00000  43.4%   136 2388s
 732601 341474   70.00000   60   63   76.00000   43.00000  43.4%   136 2393s
 734248 342329 infeasible   48        76.00000   43.00000  43.4%   136 2398s
 735999 343143   75.00000   52   33   76.00000   43.00000  43.4%   136 2402s
 737616 343967 infeasible   43        76.00000   43.00000  43.4%   136 2407s
 739205 345052   48.00000   37  227   76.00000   43.00000  43.4%   136 2412s
 741151 345974 infeasible   61        76.00000   43.00000  43.4%   136 2416s
 742987 346774     cutoff   55        76.00000   43.00000  43.4%   136 2420s
 746055 348455   65.00000   47  101   76.00000   43.00000  43.4%   135 2429s
 747649 349246   73.00000   50   37   76.00000   43.00000  43.4%   135 2433s
 749228 350124   70.00000   39   70   76.00000   43.00000  43.4%   135 2437s
 750779 350996   67.00000   47   44   76.00000   43.00000  43.4%   135 2442s
 752390 351782   50.00000   37   86   76.00000   43.00000  43.4%   135 2446s
 753961 352663   74.00000   53   39   76.00000   43.00000  43.4%   135 2451s
 755647 353452   60.00000   43  110   76.00000   43.00000  43.4%   135 2455s
 757147 354315 infeasible   43        76.00000   43.00000  43.4%   135 2460s
 760409 356239   71.00000   44   64   76.00000   43.00000  43.4%   135 2469s
 762332 356928   74.00000   46   40   76.00000   43.00000  43.4%   135 2474s
 763762 357847   72.00000   56  100   76.00000   43.00000  43.4%   135 2478s
 765453 358711   48.00000   34  117   76.00000   43.00000  43.4%   135 2483s
 767180 359625   71.00000   52   46   76.00000   43.00000  43.4%   135 2488s
 768864 360578   72.00000   51   68   76.00000   43.00000  43.4%   135 2492s
 770621 361459   73.00000   39   72   76.00000   43.00000  43.4%   135 2497s
 772414 362366   68.00000   41   68   76.00000   43.00000  43.4%   135 2501s
 774214 363169   50.00000   44   92   76.00000   43.00000  43.4%   135 2505s
 777023 364548   60.00000   47   86   76.00000   43.00000  43.4%   135 2514s
 778320 365252 infeasible   61        76.00000   43.00000  43.4%   135 2518s
 779822 366118     cutoff   50        76.00000   43.00000  43.4%   135 2523s
 781332 366945 infeasible   50        76.00000   43.00000  43.4%   135 2528s
 782831 367763   45.00000   36  121   76.00000   43.00000  43.4%   135 2533s
 784583 368743   68.00000   42   83   76.00000   43.00000  43.4%   135 2539s
 786335 369853   48.00000   40  191   76.00000   43.00000  43.4%   135 2545s
 788275 370830   60.00000   45   67   76.00000   43.00000  43.4%   135 2550s
 791657 372506 infeasible   46        76.00000   43.00000  43.4%   135 2559s
 793203 373326 infeasible   52        76.00000   43.00000  43.4%   135 2565s
 794811 374253   55.00000   47  106   76.00000   43.00000  43.4%   135 2570s
 797963 375744   70.00000   40  114   76.00000   43.00000  43.4%   135 2580s
 799340 376545   53.00000   37  195   76.00000   43.00000  43.4%   135 2585s
 800837 377329   67.00000   43  149   76.00000   43.00000  43.4%   135 2590s
 802358 378161   60.00000   41  181   76.00000   43.00000  43.4%   135 2596s
 803902 379157   54.00000   39  136   76.00000   43.00000  43.4%   135 2601s
 805730 379966   64.00000   46   74   76.00000   43.00000  43.4%   135 2606s
 807383 380789     cutoff   63        76.00000   43.00000  43.4%   135 2611s
 808925 381674   72.00000   43  135   76.00000   43.00000  43.4%   135 2616s
 810431 382727   63.00000   47   63   76.00000   43.00000  43.4%   135 2622s
 812219 383602   73.00000   49   92   76.00000   43.00000  43.4%   135 2627s
 813785 384347   74.00000   55   58   76.00000   43.00000  43.4%   135 2632s
 815255 385041   68.00000   39  104   76.00000   43.00000  43.4%   135 2638s
 816680 386100 infeasible   51        76.00000   43.00000  43.4%   135 2643s
 818376 386820   65.00000   39   90   76.00000   43.00000  43.4%   135 2648s
 819785 387801   75.00000   60   45   76.00000   43.00000  43.4%   135 2654s
 821548 388624   71.00000   44   62   76.00000   43.00000  43.4%   135 2659s
 823171 389281   72.00000   66   56   76.00000   43.00000  43.4%   135 2665s
 824699 389946     cutoff   43        76.00000   43.00000  43.4%   135 2670s
 826222 391012     cutoff   53        76.00000   43.00000  43.4%   135 2675s
 828078 392019   43.00000   31  121   76.00000   43.00000  43.4%   135 2681s
 829917 392813   63.00000   46  106   76.00000   43.00000  43.4%   135 2686s
 831473 393610   73.00000   44   50   76.00000   43.00000  43.4%   135 2691s
 832964 394442   62.00000   45  126   76.00000   43.00000  43.4%   135 2695s
 834505 395297   75.00000   47   79   76.00000   43.00000  43.4%   135 2701s
 836052 396160   50.00000   38  176   76.00000   43.00000  43.4%   135 2706s
 837639 397035 infeasible   52        76.00000   43.00000  43.4%   136 2712s
 839259 397839   67.00000   48   67   76.00000   43.00000  43.4%   136 2717s
 840874 398593   72.00000   58   49   76.00000   43.00000  43.4%   136 2722s
 842384 399421   73.00000   46   92   76.00000   43.00000  43.4%   136 2728s
 843951 400375   73.00000   41  115   76.00000   43.00000  43.4%   136 2733s
 845619 401233   65.00000   45  105   76.00000   43.00000  43.4%   136 2738s
 847140 402160   60.00000   41  104   76.00000   43.00000  43.4%   136 2743s
 848753 402928   71.00000   39  112   76.00000   43.00000  43.4%   136 2748s
 850199 403713 infeasible   57        76.00000   43.00000  43.4%   136 2753s
 851710 404629   75.00000   53   36   76.00000   43.00000  43.4%   136 2758s
 853402 405600 infeasible   58        76.00000   43.00000  43.4%   136 2763s
 855050 406346   73.00000   49   34   76.00000   43.00000  43.4%   136 2768s
 856662 407182   62.00000   39  100   76.00000   43.00000  43.4%   136 2773s
 858149 407883   67.00000   51  111   76.00000   43.00000  43.4%   136 2778s
 859588 408708 infeasible   57        76.00000   43.00000  43.4%   136 2784s
 861169 409518 infeasible   53        76.00000   43.00000  43.4%   136 2789s
 862692 410437 infeasible   49        76.00000   43.00000  43.4%   136 2794s
 864439 411196   75.00000   45  103   76.00000   43.00000  43.4%   136 2799s
 865887 411989   59.00000   38  151   76.00000   43.00000  43.4%   136 2805s
 867433 412886   74.00000   50   60   76.00000   43.00000  43.4%   136 2811s
 869113 413746   69.00000   51  191   76.00000   43.00000  43.4%   136 2816s
 870797 414820     cutoff   55        76.00000   43.00000  43.4%   136 2822s
 872547 415546   51.00000   34  191   76.00000   43.00000  43.4%   136 2828s
 874366 416372   68.00000   57   58   76.00000   43.00000  43.4%   136 2833s
 875868 417268   47.00000   41  131   76.00000   43.00000  43.4%   136 2839s
 877561 418013   48.00000   35  116   76.00000   43.00000  43.4%   136 2844s
 879073 418613   74.00000   38  111   76.00000   43.00000  43.4%   136 2849s
 880560 419543   74.00000   52   63   76.00000   43.00000  43.4%   136 2855s
 882303 420285   56.00000   37  135   76.00000   43.00000  43.4%   136 2861s
 883629 421018   62.00000   32  205   76.00000   43.00000  43.4%   136 2867s
 884832 421679   75.00000   44   72   76.00000   43.00000  43.4%   136 2873s
 886261 422415 infeasible   45        76.00000   43.00000  43.4%   137 2878s
 887740 423247   62.00000   38  120   76.00000   43.00000  43.4%   137 2884s
 889258 424174   68.00000   49  128   76.00000   43.00000  43.4%   137 2889s
 890926 425021   50.00000   33  156   76.00000   43.00000  43.4%   137 2895s
 892487 425813   63.00000   51  151   76.00000   43.00000  43.4%   137 2900s
 894092 426740   64.00000   49  136   76.00000   43.00000  43.4%   137 2906s
 895816 427613   50.00000   35  163   76.00000   43.00000  43.4%   137 2911s
 897410 428388   75.00000   62   44   76.00000   43.00000  43.4%   137 2917s
 898961 429368   43.00000   41  146   76.00000   43.00000  43.4%   137 2922s
 900743 430318   43.00000   33  191   76.00000   43.00000  43.4%   137 2928s
 902548 430965   46.00000   47  178   76.00000   43.00000  43.4%   137 2933s
 904099 431702     cutoff   38        76.00000   43.00000  43.4%   137 2939s
 905699 432253   74.00000   49   37   76.00000   43.00000  43.4%   137 2944s
 907261 432889   74.00000   45   45   76.00000   43.00000  43.4%   137 2949s
 908556 433777   56.00000   47  155   76.00000   43.00000  43.4%   137 2955s
 910295 434649   72.00000   63   69   76.00000   43.00000  43.4%   137 2961s
 911916 435622   48.00000   40  169   76.00000   43.00000  43.4%   137 2967s
 913770 436463 infeasible   56        76.00000   43.00000  43.4%   137 2973s
 915554 437351   62.00000   57  154   76.00000   43.00000  43.4%   137 2978s
 917334 438211   72.00000   60   69   76.00000   43.00000  43.4%   137 2984s
 919016 438977   72.00000   56   51   76.00000   43.00000  43.4%   137 2989s
 920404 439973   61.00000   41  177   76.00000   43.00000  43.4%   137 2995s
 922280 440842   43.00000   28  218   76.00000   43.00000  43.4%   137 3001s
 923971 441711   56.00000   51  173   76.00000   43.00000  43.4%   137 3006s
 925769 442345   61.00000   37  183   76.00000   43.00000  43.4%   137 3012s
 927489 443185 infeasible   55        76.00000   43.00000  43.4%   137 3018s
 928994 443986   72.00000   61   64   76.00000   43.00000  43.4%   137 3023s
 930609 444938   71.00000   47  124   76.00000   43.00000  43.4%   137 3029s
 932402 445938 infeasible   63        76.00000   43.00000  43.4%   137 3033s
 934412 446845   75.00000   42   55   76.00000   43.00000  43.4%   137 3038s
 936141 447677   62.00000   39  170   76.00000   43.00000  43.4%   137 3043s
 937787 448402   68.00000   71   76   76.00000   43.00000  43.4%   137 3047s
 939228 449159 infeasible   45        76.00000   43.00000  43.4%   137 3051s
 940703 450094   64.00000   52   82   76.00000   43.00000  43.4%   137 3056s
 942462 450941   67.00000   41  144   76.00000   43.00000  43.4%   137 3061s
 944206 451642   73.00000   34   64   76.00000   43.00000  43.4%   137 3065s
 945551 452377   68.00000   47  110   76.00000   43.00000  43.4%   137 3070s
 948274 453697   72.00000   65   68   76.00000   43.00000  43.4%   137 3079s
 949615 454375   74.00000   48  102   76.00000   43.00000  43.4%   137 3084s
 951065 455239 infeasible   57        76.00000   43.00000  43.4%   137 3089s
 952780 456008   62.00000   32  134   76.00000   43.00000  43.4%   137 3095s
 954307 456734     cutoff   62        76.00000   43.00000  43.4%   137 3100s
 955749 457639 infeasible   56        76.00000   43.00000  43.4%   137 3106s
 957451 458606   72.00000   49   48   76.00000   43.00000  43.4%   137 3111s
 959152 459361   73.00000   45   67   76.00000   43.00000  43.4%   138 3117s
 960744 460264   62.00000   39  196   76.00000   43.00000  43.4%   138 3122s
 962373 461093   72.00000   42   77   76.00000   43.00000  43.4%   138 3128s
 964093 461894   72.00000   67   90   76.00000   43.00000  43.4%   138 3133s
 965668 462632   50.00000   35  189   76.00000   43.00000  43.4%   138 3139s
 967106 463510   72.00000   47   73   76.00000   43.00000  43.4%   138 3144s
 968738 464252   59.00000   48   79   76.00000   43.00000  43.4%   138 3150s
 970254 464860   74.00000   35  116   76.00000   43.00000  43.4%   138 3155s
 971594 465729 infeasible   70        76.00000   43.00000  43.4%   138 3160s
 973267 466552     cutoff   35        76.00000   43.00000  43.4%   138 3166s
 974901 467554   50.00000   41   67   76.00000   43.00000  43.4%   138 3172s
 976632 468466   74.00000   37  110   76.00000   43.00000  43.4%   138 3178s
 978387 469375     cutoff   65        76.00000   43.00000  43.4%   138 3184s
 980032 470126     cutoff   55        76.00000   43.00000  43.4%   138 3190s
 981580 470979 infeasible   52        76.00000   43.00000  43.4%   138 3196s
 983223 471837   67.00000   47  142   76.00000   43.00000  43.4%   138 3201s
 984893 472612   74.00000   49  108   76.00000   43.00000  43.4%   138 3207s
 986473 473369   52.00000   48  166   76.00000   43.00000  43.4%   138 3213s
 988034 474264   74.00000   46  104   76.00000   43.00000  43.4%   138 3220s
 989656 475070   69.00000   52   90   76.00000   43.00000  43.4%   138 3226s
 991313 475831   65.00000   40  157   76.00000   43.00000  43.4%   138 3231s
 992762 476497   62.00000   47   78   76.00000   43.00000  43.4%   138 3237s
 994196 477109   48.00000   39  187   76.00000   43.00000  43.4%   138 3243s
 995729 478006   74.00000   65   67   76.00000   43.00000  43.4%   138 3250s
 997543 478771   54.00000   42  193   76.00000   43.00000  43.4%   138 3255s
 998980 479644   74.00000   55   64   76.00000   43.00000  43.4%   139 3262s
 1000756 480278   70.00000   44   95   76.00000   43.00000  43.4%   139 3268s
 1002314 481044   60.00000   36  166   76.00000   43.00000  43.4%   139 3274s
 1003941 481718 infeasible   57        76.00000   43.00000  43.4%   139 3279s
 1005492 482636   74.00000   56   22   76.00000   43.00000  43.4%   139 3285s
 1007229 483605 infeasible   65        76.00000   43.00000  43.4%   139 3291s
 1009073 484383   75.00000   68   25   76.00000   43.00000  43.4%   139 3297s
 1010607 485300   74.00000   65   96   76.00000   43.00000  43.4%   139 3303s
 1012318 485927 infeasible   56        76.00000   43.00000  43.4%   139 3308s
 1013636 486787   74.00000   34  124   76.00000   43.00000  43.4%   139 3314s
 1015329 487679     cutoff   67        76.00000   43.00000  43.4%   139 3320s
 1017017 488653   71.00000   46   90   76.00000   43.00000  43.4%   139 3326s
 1018840 489556   67.00000   37  104   76.00000   43.00000  43.4%   139 3332s
 1020607 490353   74.00000   55   86   76.00000   43.00000  43.4%   139 3337s
 1022189 491212   50.00000   31  103   76.00000   43.00000  43.4%   139 3343s
 1023885 492075   73.00000   33  142   76.00000   43.00000  43.4%   139 3348s
 1025592 493008   62.00000   37  124   76.00000   43.00000  43.4%   139 3354s
 1027222 493795   74.00000   38   78   76.00000   43.00000  43.4%   139 3359s
 1028863 494705   43.00000   35  239   76.00000   43.00000  43.4%   139 3365s
 1030603 495527   59.00000   35  177   76.00000   43.00000  43.4%   139 3371s
 1032159 496407   48.00000   32  219   76.00000   43.00000  43.4%   139 3377s
 1033822 497163   70.00000   50   68   76.00000   43.00000  43.4%   139 3382s
 1035551 497786   62.00000   36   94   76.00000   43.00000  43.4%   139 3387s
 1037177 498551   62.00000   40  185   76.00000   43.00000  43.4%   139 3391s
 1038725 499532   71.00000   42  138   76.00000   43.00000  43.4%   139 3396s
 1040536 500237   74.00000   51   82   76.00000   43.00000  43.4%   139 3401s
 1042005 500951   75.00000   48   94   76.00000   43.00000  43.4%   139 3406s
 1043413 501680   73.00000   36  125   76.00000   43.00000  43.4%   139 3411s
 1045042 502375   62.00000   34  203   76.00000   43.00000  43.4%   139 3415s
 1046417 503157   46.00000   33  164   76.00000   43.00000  43.4%   139 3420s
 1047909 503868   50.00000   39  166   76.00000   43.00000  43.4%   139 3425s
 1049268 504713   47.00000   32  147   76.00000   43.00000  43.4%   139 3430s
 1050864 505477   66.00000   52  119   76.00000   43.00000  43.4%   139 3435s
 1052301 506333   58.00000   50  120   76.00000   43.00000  43.4%   139 3440s
 1053841 507216 infeasible   46        76.00000   43.00000  43.4%   139 3446s
 1055495 508077   65.00000   58  128   76.00000   43.00000  43.4%   139 3451s
 1057240 508776   55.00000   39  157   76.00000   43.00000  43.4%   139 3456s
 1058484 509577   74.00000   43   60   76.00000   43.00000  43.4%   139 3461s
 1060009 510487     cutoff   46        76.00000   43.00000  43.4%   139 3466s
 1061682 511254   67.00000   46   60   76.00000   43.00000  43.4%   139 3471s
 1063175 511950   74.00000   38   68   76.00000   43.00000  43.4%   139 3477s
 1064574 512756   70.00000   55   50   76.00000   43.00000  43.4%   139 3482s
 1066174 513583   63.00000   37   79   76.00000   43.00000  43.4%   140 3488s
 1067753 514386   73.00000   40  119   76.00000   43.00000  43.4%   140 3494s
 1069327 515402   59.00000   43  128   76.00000   43.00000  43.4%   140 3499s
 1071076 516286   75.00000   48   66   76.00000   43.00000  43.4%   140 3505s
 1072714 517171 infeasible   53        76.00000   43.00000  43.4%   140 3511s
 1074430 517802   74.00000   42   96   76.00000   43.00000  43.4%   140 3516s
 1075843 518603   74.00000   32  100   76.00000   43.00000  43.4%   140 3522s
 1077386 519375   48.00000   37  278   76.00000   43.00000  43.4%   140 3527s
 1079007 520008   71.00000   48   56   76.00000   43.00000  43.4%   140 3532s
 1080430 520845   48.00000   31  198   76.00000   43.00000  43.4%   140 3538s
 1081967 521746   51.00000   33  154   76.00000   43.00000  43.4%   140 3544s
 1083647 522541   57.00000   43  158   76.00000   43.00000  43.4%   140 3549s
 1085248 523450   75.00000   49   27   76.00000   43.00000  43.4%   140 3555s
 1087104 524288   56.00000   37  200   76.00000   43.00000  43.4%   140 3560s
 1088713 524998 infeasible   44        76.00000   43.00000  43.4%   140 3566s
 1090151 525816   45.00000   33  104   76.00000   43.00000  43.4%   140 3572s
 1091761 526686   74.00000   37  106   76.00000   43.00000  43.4%   140 3577s
 1093383 527422 infeasible   66        76.00000   43.00000  43.4%   140 3583s
 1095142 528196   75.00000   50   76   76.00000   43.00000  43.4%   140 3588s
 1096716 528950   63.00000   53  145   76.00000   43.00000  43.4%   140 3594s
 1098398 529763     cutoff   55        76.00000   43.00000  43.4%   140 3600s

Explored 1099945 nodes (153986552 simplex iterations) in 3600.03 seconds (2719.41 work units)
Thread count was 32 (of 32 available processors)

Solution count 10: 76 77 78 ... 85

Time limit reached
Best objective 7.600000000000e+01, best bound 4.300000000000e+01, gap 43.4211%
