
Gurobi 13.0.0 (linux64) logging started Tue Dec  9 16:25:52 2025

Set parameter LogFile to value "./Results/StripPacking-SPFix/Logs/SBspbL-010-StripPacking-15-0.log"
Set parameter TimeLimit to value 3600
Set parameter Cuts to value 0
Set parameter Presolve to value 1
Set parameter Heuristics to value 0
Set parameter LogToConsole to value 0
Set parameter LPWarmStart to value 2
Warning: linear constraint 15 and linear constraint 17 have the same name "LB[0]"
Warning: linear constraint 15 and linear constraint 17 have the same name "LB[0]"
Warning: default constraint names used to write mps file
Gurobi Optimizer version 13.0.0 build v13.0.0rc1 (linux64 - "Debian GNU/Linux 13 (trixie)")

CPU model: Intel(R) Xeon(R) CPU E5-2630 v3 @ 2.40GHz, instruction set [SSE2|AVX|AVX2]
Thread count: 16 physical cores, 32 logical processors, using up to 32 threads

Non-default parameters:
TimeLimit  3600
LPWarmStart  2
Heuristics  0
Cuts  0
LogToConsole  0
Presolve  1

Optimize a model with 3095 rows, 241 columns and 9690 nonzeros (Min)
Model fingerprint: 0x7810b2d2
Model has 1 linear objective coefficients
Variable types: 31 continuous, 210 integer (210 binary)
Coefficient statistics:
  Matrix range     [1e+00, 1e+04]
  Objective range  [1e+00, 1e+00]
  Bounds range     [1e+00, 1e+04]
  RHS range        [5e-01, 1e+04]
Using branch priorities.

Warning: Completing partial solution with 210 unfixed non-continuous variables out of 210
User MIP start produced solution with objective 62.1 (0.01s)
User MIP start produced solution with objective 62.1 (0.01s)
Loaded user MIP start with objective 62.1

Presolve removed 210 rows and 0 columns
Presolve time: 0.01s
Presolved: 2885 rows, 241 columns, 9060 nonzeros
Variable types: 31 continuous, 210 integer (210 binary)

Root relaxation: objective 3.200000e+01, 207 iterations, 0.01 seconds (0.01 work units)

    Nodes    |    Current Node    |     Objective Bounds      |     Work
 Expl Unexpl |  Obj  Depth IntInf | Incumbent    BestBd   Gap | It/Node Time

     0     0   32.00000    0   16   62.10000   32.00000  48.5%     -    0s
     0     0   32.00000    0   16   62.10000   32.00000  48.5%     -    0s
     0     0   32.00000    0   16   62.10000   32.00000  48.5%     -    0s
     0     2   32.00000    0   16   62.10000   32.00000  48.5%     -    0s
*  714   738              42      58.0000000   32.00000  44.8%  18.2    0s
*  724   738              45      56.0000000   32.00000  42.9%  18.0    0s
* 1527  1081              44      55.0000000   32.00000  41.8%  17.0    0s
* 1531  1017              42      54.0000000   32.00000  40.7%  17.0    0s
* 1664   995              52      52.0000000   32.00000  38.5%  17.0    0s
* 2986  1601              47      51.0000000   32.00000  37.3%  16.0    0s
* 4085  2022              45      50.0000000   32.00000  36.0%  21.0    1s
* 5254  2098              45      49.0000000   32.00000  34.7%  22.8    1s
* 6311  2043              47      48.0000000   32.00000  33.3%  24.0    1s
* 7660  1759              46      47.0000000   32.00000  31.9%  26.0    1s
* 8223  1750              45      46.0000000   32.00000  30.4%  27.4    1s
 23804  5537     cutoff   35        46.00000   38.00000  17.4%  38.4    5s
 51303 11555     cutoff   27        46.00000   38.00000  17.4%  41.1   10s
 77827 16755   45.00000   27   31   46.00000   39.00000  15.2%  42.3   15s
*85281  6642              54      45.0000000   39.00000  13.3%  42.5   16s
 106428  3406   42.00000   42   21   45.00000   39.00000  13.3%  41.9   20s
 136180  4602 infeasible   44        45.00000   39.00000  13.3%  41.5   25s
 168715  6374 infeasible   54        45.00000   40.00000  11.1%  41.9   30s
 201410  6266     cutoff   53        45.00000   41.00000  8.89%  42.2   35s
 230934  4818   42.00000   43   27   45.00000   42.00000  6.67%  42.6   40s
 260707  3290 infeasible   40        45.00000   43.00000  4.44%  42.4   45s
 289685  2106   43.00000   47   21   45.00000   43.00000  4.44%  42.5   50s

Cutting planes:
  Lazy constraints: 1

Explored 316234 nodes (13414134 simplex iterations) in 54.29 seconds (40.20 work units)
Thread count was 32 (of 32 available processors)

Solution count 10: 45 46 47 ... 55

Optimal solution found (tolerance 1.00e-04)
Best objective 4.500000000000e+01, best bound 4.500000000000e+01, gap 0.0000%
