
Gurobi 13.0.0 (linux64) logging started Fri Nov 28 03:04:13 2025

Set parameter LogFile to value "./Results/StripPacking-BranchSP/Logs/SBspbL-111-StripPacking-25-0.log"
Set parameter TimeLimit to value 3600
Set parameter Cuts to value 1
Set parameter Presolve to value 1
Set parameter Heuristics to value 1
Set parameter LogToConsole to value 0
Set parameter LPWarmStart to value 2
Gurobi Optimizer version 13.0.0 build v13.0.0rc1 (linux64 - "Debian GNU/Linux 12 (bookworm)")

CPU model: Intel(R) Xeon(R) CPU E5-2630 v3 @ 2.40GHz, instruction set [SSE2|AVX|AVX2]
Thread count: 16 physical cores, 32 logical processors, using up to 32 threads

Non-default parameters:
TimeLimit  3600
LPWarmStart  2
Heuristics  1
Cuts  1
LogToConsole  0
Presolve  1

Optimize a model with 12825 rows, 651 columns and 39650 nonzeros (Min)
Model fingerprint: 0xcc511342
Model has 1 linear objective coefficients
Variable types: 51 continuous, 600 integer (600 binary)
Coefficient statistics:
  Matrix range     [1e+00, 1e+04]
  Objective range  [1e+00, 1e+00]
  Bounds range     [1e+00, 1e+04]
  RHS range        [5e-01, 1e+04]
Using branch priorities.

Warning: Completing partial solution with 600 unfixed non-continuous variables out of 600
User MIP start did not produce a new incumbent solution

Presolve removed 600 rows and 0 columns
Presolve time: 0.06s
Presolved: 12225 rows, 651 columns, 37850 nonzeros
Variable types: 51 continuous, 600 integer (600 binary)
Found heuristic solution: objective 395.0000000
Found heuristic solution: objective 390.0000000
Found heuristic solution: objective 364.0000000

Root relaxation: objective 3.400000e+01, 1887 iterations, 0.27 seconds (0.22 work units)
Another try with MIP start

    Nodes    |    Current Node    |     Objective Bounds      |     Work
 Expl Unexpl |  Obj  Depth IntInf | Incumbent    BestBd   Gap | It/Node Time

H    0     0                     141.0000000   34.00000  75.9%     -    0s
H    0     0                     139.0000000   34.00000  75.5%     -    0s
H    0     0                     135.0000000   34.00000  74.8%     -    0s
H    0     0                     133.0000000   34.00000  74.4%     -    1s
H    0     0                     130.0000000   34.00000  73.8%     -    1s
H    0     0                     129.0000000   34.00000  73.6%     -    1s
H    0     0                     126.0000000   34.00000  73.0%     -    1s
H    0     0                     124.0000000   34.00000  72.6%     -    1s
H    0     0                     119.0000000   34.00000  71.4%     -    1s
H    0     0                     119.0000000   34.00000  71.4%     -    1s
     0     0   34.00000    0  172  119.00000   34.00000  71.4%     -    1s
H    0     0                     118.0000000   34.00000  71.2%     -    1s
H    0     0                     117.0000000   34.00000  70.9%     -    1s
H    0     0                     116.0000000   34.00000  70.7%     -    4s
H    0     0                     113.0000000   34.00000  69.9%     -    4s
H    0     0                     110.0000000   34.00000  69.1%     -    4s
     0     0   34.00000    0  312  110.00000   34.00000  69.1%     -    4s
H    0     0                     109.0000000   34.00000  68.8%     -    4s
H    0     0                     106.0000000   34.00000  67.9%     -    4s
     0     0   34.00000    0  265  106.00000   34.00000  67.9%     -    4s
H    0     0                      98.0000000   34.00000  65.3%     -    4s
     0     0   34.00000    0  287   98.00000   34.00000  65.3%     -    5s
     0     0   34.00000    0  181   98.00000   34.00000  65.3%     -    8s
H    0     0                      95.0000000   34.00000  64.2%     -    8s
H    0     0                      93.0000000   34.00000  63.4%     -    9s
     0     0   34.00000    0  203   93.00000   34.00000  63.4%     -    9s
H    0     0                      91.0000000   34.00000  62.6%     -    9s
     0     0   34.00000    0  271   91.00000   34.00000  62.6%     -   10s
     0     0   34.00000    0  215   91.00000   34.00000  62.6%     -   12s
     0     0   34.00000    0  240   91.00000   34.00000  62.6%     -   12s
     0     0   34.00000    0  277   91.00000   34.00000  62.6%     -   13s
     0     0   34.00000    0  214   91.00000   34.00000  62.6%     -   18s
H    0     0                      90.0000000   34.00000  62.2%     -   22s
     0     0   34.00000    0  202   90.00000   34.00000  62.2%     -   22s
     0     0   34.00000    0  247   90.00000   34.00000  62.2%     -   22s
     0     0   34.00000    0  247   90.00000   34.00000  62.2%     -   24s
     0     0   34.00000    0  231   90.00000   34.00000  62.2%     -   24s
H    0     0                      88.0000000   34.00000  61.4%     -   25s
     0     0   34.00000    0  259   88.00000   34.00000  61.4%     -   25s
     0     0   34.00000    0  223   88.00000   34.00000  61.4%     -   26s
     0     0   34.00000    0  223   88.00000   34.00000  61.4%     -   26s
     0     0   34.00000    0  223   88.00000   34.00000  61.4%     -   27s
H    0     2                      87.0000000   34.00000  60.9%     -   28s
     0     2   34.00000    0  223   87.00000   34.00000  60.9%     -   28s
     3     8   34.00000    2  232   87.00000   34.00000  60.9%  1092   30s
    31    48   34.00000    5  438   87.00000   34.00000  60.9%  2747   37s
    47    65   36.00000    6  323   87.00000   34.00000  60.9%  2481   41s
H   50    65                      87.0000000   34.00000  60.9%  2488   41s
H   73    81                      86.0000000   34.00000  60.5%  2197   44s
H   82    97                      84.0000000   34.00000  59.5%  2086   46s
    98   139   47.00000    9  188   84.00000   34.00000  59.5%  1954   51s
   140   180   36.00000   13  235   84.00000   34.00000  59.5%  1617   55s
   197   226   45.00000   14  200   84.00000   34.00000  59.5%  1393   65s
H  198   226                      84.0000000   34.00000  59.5%  1386   65s
   227   256   43.00000   15  204   84.00000   34.00000  59.5%  1293   72s
   257   282   43.00000   16  198   84.00000   34.00000  59.5%  1201   83s
   287   295   43.00000   17  187   84.00000   34.00000  59.5%  1148   96s
H  298   295                      83.0000000   34.00000  59.0%  1121   96s
   311   601   43.00000   17  194   83.00000   34.00000  59.0%  1136  102s
   631   807   62.00000   31  116   83.00000   34.00000  59.0%   787  107s
H  782   807                      83.0000000   34.00000  59.0%   646  107s
   891   996 infeasible   49        83.00000   34.00000  59.0%   579  110s
  1298  1112   48.00000    7  220   83.00000   34.00000  59.0%   443  117s
  1345  1153   48.00000    8  155   83.00000   34.00000  59.0%   441  122s
  1395  1180   48.00000    9  151   83.00000   34.00000  59.0%   435  126s
  1415  1196   48.00000   10  153   83.00000   34.00000  59.0%   436  130s
  1455  1284   48.00000   11  153   83.00000   34.00000  59.0%   432  137s
  1533  1300   48.00000   12  157   83.00000   34.00000  59.0%   416  140s
  1597  1349   48.00000   14  164   83.00000   34.00000  59.0%   404  147s
  1621  1447   79.00000   15  136   83.00000   34.00000  59.0%   400  150s
  1782  1459   60.00000   34  107   83.00000   34.00000  59.0%   374  155s
  1822  1483   60.00000   36   99   83.00000   34.00000  59.0%   373  163s
  1841  1578   60.00000   37  104   83.00000   34.00000  59.0%   371  167s
  1975  1596   75.00000   61   53   83.00000   34.00000  59.0%   354  175s
  2019  1626   75.00000   62   51   83.00000   34.00000  59.0%   353  183s
  2035  1646     cutoff   63        83.00000   34.00000  59.0%   351  189s
  2072  1681   80.00000   63   54   83.00000   34.00000  59.0%   348  194s
  2127  1696   48.00000   14  112   83.00000   34.00000  59.0%   342  199s
  2144  1708   48.00000   15  127   83.00000   34.00000  59.0%   340  203s
  2164  1732   48.00000   16  128   83.00000   34.00000  59.0%   338  208s
  2188  1745   48.00000   17  133   83.00000   34.00000  59.0%   336  213s
  2207  1760   52.00000   18  116   83.00000   34.00000  59.0%   334  218s
  2224  1784   52.00000   19  100   83.00000   34.00000  59.0%   333  223s
  2256  1796 infeasible   20        83.00000   34.00000  59.0%   329  228s
  2275  1811   60.00000   21   79   83.00000   34.00000  59.0%   327  233s
  2296  1829   60.00000   22   94   83.00000   34.00000  59.0%   325  239s
  2314  1838   60.00000   23  114   83.00000   34.00000  59.0%   323  244s
  2338  1959   60.00000   24  125   83.00000   34.00000  59.0%   321  250s
  2550  2091   60.00000   30  113   83.00000   34.00000  59.0%   303  255s
  2717  2092   56.00000   28  223   83.00000   34.00000  59.0%   294  270s
  2721  2095   66.00000   32  296   83.00000   34.00000  59.0%   293  275s
  2724  2097   81.00000   50  217   83.00000   34.00000  59.0%   293  283s
  2725  2097   34.00000    9  285   83.00000   34.00000  59.0%   293  286s
  2727  2099   48.00000   17  303   83.00000   34.00000  59.0%   293  291s
  2728  2099   59.00000   19  225   83.00000   34.00000  59.0%   292  295s
  2730  2101   58.00000   26  225   83.00000   34.00000  59.0%   292  300s
  2732  2102   55.00000   24  254   83.00000   34.00000  59.0%   292  307s
  2733  2103   62.00000   48  300   83.00000   34.00000  59.0%   292  310s
  2736  2105   47.00000   30  195   83.00000   34.00000  59.0%   292  318s
  2737  2105   73.00000   23  285   83.00000   34.00000  59.0%   291  320s
  2738  2106   34.00000   16  221   83.00000   34.00000  59.0%   291  331s
  2743  2114   34.00000   17  260   83.00000   34.00000  59.0%   337  335s
  2771  2145   34.00000   20  341   83.00000   34.00000  59.0%   361  340s
  2829  2189   34.00000   22  435   83.00000   34.00000  59.0%   378  347s
  2875  2220   34.00000   23  277   83.00000   34.00000  59.0%   383  352s
  2924  2271   34.00000   24  267   83.00000   34.00000  59.0%   386  358s
  2964  2303   41.00000   24  245   83.00000   34.00000  59.0%   385  361s
  3047  2333   41.00000   25  225   83.00000   34.00000  59.0%   380  369s
  3067  2358   41.00000   26  215   83.00000   34.00000  59.0%   380  375s
  3099  2400   41.00000   26  210   83.00000   34.00000  59.0%   378  380s
  3163  2404   41.00000   27  195   83.00000   34.00000  59.0%   375  385s
  3201  2427   41.00000   28  194   83.00000   34.00000  59.0%   375  392s
  3241  2509   41.00000   28  198   83.00000   34.00000  59.0%   374  398s
  3339  2560   60.00000   33  109   83.00000   34.00000  59.0%   369  405s
  3428  2588   61.00000   37   89   83.00000   34.00000  59.0%   363  411s
  3491  2599   77.00000   40   70   83.00000   34.00000  59.0%   360  417s
  3523  2631   77.00000   40   62   83.00000   34.00000  59.0%   359  423s
  3570  2697   77.00000   41   84   83.00000   34.00000  59.0%   356  433s
  3663  2715   77.00000   51   68   83.00000   34.00000  59.0%   350  440s
  3726  2744   77.00000   56   41   83.00000   34.00000  59.0%   346  446s
  3786  2741   77.00000   56   40   83.00000   34.00000  59.0%   343  456s
  3811  2829   77.00000   57   37   83.00000   34.00000  59.0%   342  463s
  3930  2836   77.00000   67   30   83.00000   34.00000  59.0%   335  470s
  4008  2839     cutoff   68        83.00000   34.00000  59.0%   333  476s
  4057  2852   34.00000   21  370   83.00000   34.00000  59.0%   334  482s
  4097  2857   34.00000   22  353   83.00000   34.00000  59.0%   334  492s
  4135  2889   34.00000   23  336   83.00000   34.00000  59.0%   335  502s
  4180  2950   34.00000   24  307   83.00000   34.00000  59.0%   334  511s
* 4239  2809              87      82.0000000   34.00000  58.5%   333  511s
  4274  2918   40.00000   25  265   82.00000   34.00000  58.5%   332  517s
H 4277  2816                      82.0000000   34.00000  58.5%   332  517s
  4469  2789   42.00000   26  244   82.00000   34.00000  58.5%   325  523s
  4525  2782   48.00000   27  235   82.00000   34.00000  58.5%   324  530s
* 4560  2623              77      81.0000000   34.00000  58.0%   326  530s
  4591  2625   48.00000   28  222   81.00000   34.00000  58.0%   325  536s
H 4599  2532                      81.0000000   34.00000  58.0%   327  536s
  4607  2543   59.00000   29  187   81.00000   34.00000  58.0%   328  542s
  4625  2551   73.00000   30  154   81.00000   34.00000  58.0%   330  549s
  4642  2557   73.00000   31  174   81.00000   34.00000  58.0%   330  559s
  4680  2589   73.00000   32  162   81.00000   34.00000  58.0%   332  568s
  4728  2621   73.00000   33  152   81.00000   34.00000  58.0%   331  577s
  4808  2614   78.00000   55   50   81.00000   34.00000  58.0%   332  587s
  4860  2640   43.00000   25  180   81.00000   34.00000  58.0%   331  596s
  4915  2664   36.00000   25  215   81.00000   34.00000  58.0%   332  607s
  4980  2709   36.00000   26  189   81.00000   34.00000  58.0%   331  625s
  5060  2861   43.00000   26  156   81.00000   34.00000  58.0%   331  634s
  5310  2830   78.00000   44   47   81.00000   34.00000  58.0%   327  644s
  5404  2993   78.00000   45   46   81.00000   34.00000  58.0%   325  659s
  5665  2915   78.00000   46   37   81.00000   34.00000  58.0%   319  672s
  5687  2993 infeasible   47        81.00000   34.00000  58.0%   318  687s
  5862  2950   34.00000   23  281   81.00000   34.00000  58.0%   317  699s
  5879  2958   34.00000   24  259   81.00000   34.00000  58.0%   317  709s
  5897  2965   34.00000   25  252   81.00000   34.00000  58.0%   317  722s
  5916  3024   34.00000   26  247   81.00000   34.00000  58.0%   317  735s
  6011  3150   34.00000   27  282   81.00000   34.00000  58.0%   316  749s
  6243  3209   42.00000   28  215   81.00000   34.00000  58.0%   313  767s
  6452  3323   50.00000   29  166   81.00000   34.00000  58.0%   310  781s
  6768  3272   74.00000   59   34   81.00000   34.00000  58.0%   304  794s
  6868  3425   36.00000   29  268   81.00000   34.00000  58.0%   304  811s
  7141  3426   48.00000   31  150   81.00000   34.00000  58.0%   302  824s
  7298  3579   48.00000   32  161   81.00000   34.00000  58.0%   303  837s
  7569  3576   80.00000   48   60   81.00000   34.00000  58.0%   305  853s
  7695  3778   48.00000   32  139   81.00000   34.00000  58.0%   303  866s
  8109  3901 infeasible   59        81.00000   34.00000  58.0%   299  881s
  8415  4362   62.00000   32   90   81.00000   34.00000  58.0%   298  895s
  9109  4463   43.00000   29  159   81.00000   34.00000  58.0%   289  912s
  9276  4697   43.00000   30  127   81.00000   34.00000  58.0%   291  927s
  9609  4857   43.00000   31  140   81.00000   34.00000  58.0%   288  942s
* 9717  4569              97      80.0000000   34.00000  57.5%   287  942s
  9857  4570   62.00000   31  103   80.00000   34.00000  57.5%   287  962s
H 9858  4570                      80.0000000   34.00000  57.5%   287  962s
H 9863  4148                      79.0000000   34.00000  57.0%   287  962s
  9877  4836   62.00000   32   67   79.00000   34.00000  57.0%   287  978s
H 9931  4836                      79.0000000   34.00000  57.0%   286  978s
 10965  4854 infeasible   57        79.00000   34.00000  57.0%   280  995s
 11033  4867   72.00000   60   97   79.00000   34.00000  57.0%   280 1013s
 11052  5029   75.00000   61   88   79.00000   34.00000  57.0%   281 1034s
 11266  5079 infeasible   62        79.00000   34.00000  57.0%   279 1053s
 11360  5326   75.00000   61   67   79.00000   34.00000  57.0%   278 1070s
 11751  5386 infeasible   62        79.00000   34.00000  57.0%   276 1092s
 11862  5597 infeasible   62        79.00000   34.00000  57.0%   276 1115s
 12231  5788 infeasible   63        79.00000   34.00000  57.0%   275 1137s
 12496  6175   44.00000   31  273   79.00000   34.00000  57.0%   276 1157s
 13161  6327   36.00000   31  296   79.00000   34.00000  57.0%   273 1181s
 13445  7243   38.00000   32  277   79.00000   34.00000  57.0%   274 1201s
 15058  7612   42.00000   33  252   79.00000   34.00000  57.0%   267 1220s
H15231  7237                      78.0000000   34.00000  56.4%   267 1220s
H15806  7590                      78.0000000   34.00000  56.4%   265 1242s
 16467  8320   76.00000   53   62   78.00000   34.00000  56.4%   268 1263s
 17797  8467   48.00000   33  185   78.00000   34.00000  56.4%   266 1285s
 18062  8482   48.00000   34  169   78.00000   34.00000  56.4%   266 1309s
 18079  8660   48.00000   35  167   78.00000   34.00000  56.4%   267 1333s
 18341  8684   76.00000   46   68   78.00000   34.00000  56.4%   267 1359s
 18399  9023   76.00000   47   70   78.00000   34.00000  56.4%   267 1386s
 18861  9645   76.00000   48   69   78.00000   34.00000  56.4%   267 1411s
 19950  9844   42.00000   34  205   78.00000   34.00000  56.4%   267 1439s
 20266 10442   50.00000   35  138   78.00000   34.00000  56.4%   266 1466s
 21258 11459     cutoff   46        78.00000   34.00000  56.4%   263 1505s
H22200 10753                      77.0000000   34.00000  55.8%   263 1505s
H22900 11378                      77.0000000   34.00000  55.8%   262 1526s
 24159 11804 infeasible   56        77.00000   34.00000  55.8%   263 1546s
 24852 12186   62.00000   57  120   77.00000   34.00000  55.8%   262 1565s
 25467 12928   62.00000   58  129   77.00000   34.00000  55.8%   262 1585s
 26861 13314   34.00000   29  280   77.00000   34.00000  55.8%   261 1606s
 27692 14178   36.00000   30  216   77.00000   34.00000  55.8%   261 1627s
 29080 15128   53.00000   37  213   77.00000   34.00000  55.8%   261 1648s
 30836 15480   34.00000   28  259   77.00000   34.00000  55.8%   261 1671s
 31407 15494   34.00000   29  276   77.00000   34.00000  55.8%   260 1692s
 31425 15621   43.00000   30  196   77.00000   34.00000  55.8%   260 1721s
 31633 16144   50.00000   31  167   77.00000   34.00000  55.8%   260 1748s
 32507 16381   62.00000   31  111   77.00000   34.00000  55.8%   259 1775s
 32906 17007   62.00000   32  113   77.00000   34.00000  55.8%   259 1808s
 34229 17607   42.00000   31  192   77.00000   34.00000  55.8%   257 1838s
 35371 18451   42.00000   32  184   77.00000   34.00000  55.8%   256 1869s
 36042 18451   48.00000   30  165   77.00000   34.00000  55.8%   256 1870s
 36879 18680   73.00000   39  103   77.00000   34.00000  55.8%   256 1901s
 37192 18695   73.00000   40   92   77.00000   34.00000  55.8%   257 1935s
 37209 18730   73.00000   41   89   77.00000   34.00000  55.8%   257 1971s
 37248 18745 infeasible   47        77.00000   34.00000  55.8%   256 2002s
 37271 18780   76.00000   48   72   77.00000   34.00000  55.8%   257 2038s
 37344 18808   50.00000   38  178   77.00000   34.00000  55.8%   256 2073s
 37398 18831   50.00000   39  155   77.00000   34.00000  55.8%   257 2115s
 37438 18899   50.00000   42  152   77.00000   34.00000  55.8%   257 2159s
 37524 19018   59.00000   51  117   77.00000   34.00000  55.8%   257 2199s
 37717 19042   39.00000   32  218   77.00000   34.00000  55.8%   256 2242s
 37773 19126   43.00000   37  138   77.00000   34.00000  55.8%   257 2279s
 37909 19271   48.00000   42  116   77.00000   34.00000  55.8%   257 2323s
 38094 19354   63.00000   46   81   77.00000   34.00000  55.8%   256 2368s
 38236 19567   57.00000   33  135   77.00000   34.00000  55.8%   256 2413s
 38639 19620   48.00000   34  177   77.00000   34.00000  55.8%   255 2461s
 38728 19790   48.00000   37  179   77.00000   34.00000  55.8%   255 2512s
 39103 21387 infeasible   51        77.00000   34.00000  55.8%   255 2556s
 41759 22086   34.00000   34  266   77.00000   34.00000  55.8%   253 2642s
 42871 28542   62.00000   40  160   77.00000   34.00000  55.8%   254 2750s
 54332 28883 infeasible   61        77.00000   34.00000  55.8%   251 2772s
 54903 29633   45.00000   31  299   77.00000   34.00000  55.8%   252 2793s
 56327 29957   54.00000   46  244   77.00000   34.00000  55.8%   251 2816s
 56974 30521   34.00000   29  354   77.00000   34.00000  55.8%   252 2839s
 58061 30805   67.00000   43  117   77.00000   34.00000  55.8%   252 2865s
 58544 31561   34.00000   26  331   77.00000   34.00000  55.8%   252 2892s
 59713 31905   68.00000   45  113   77.00000   34.00000  55.8%   252 2920s
 60365 33177   68.00000   46  113   77.00000   34.00000  55.8%   252 2948s
 62441 35508   36.00000   29  269   77.00000   34.00000  55.8%   251 3015s
 66318 36698   75.00000   45  134   77.00000   34.00000  55.8%   250 3042s
 68235 36713   69.00000   35  138   77.00000   34.00000  55.8%   250 3074s
 68252 36856   69.00000   36  122   77.00000   34.00000  55.8%   250 3103s
 68498 36872   62.00000   38  124   77.00000   34.00000  55.8%   250 3136s
 68532 37029   58.00000   42  117   77.00000   34.00000  55.8%   250 3179s
 68815 37037   58.00000   42  111   77.00000   34.00000  55.8%   250 3214s
 68851 37093   58.00000   43  134   77.00000   34.00000  55.8%   250 3250s
 68948 37108   60.00000   43  120   77.00000   34.00000  55.8%   250 3296s
 68977 37502   70.00000   44  118   77.00000   34.00000  55.8%   250 3335s
 69575 37857   43.00000   30  191   77.00000   34.00000  55.8%   250 3379s
 70142 39012   66.00000   49   59   77.00000   34.00000  55.8%   249 3430s
 71994 39786   40.00000   31  279   77.00000   34.00000  55.8%   248 3482s
 73354 39837   54.00000   32  241   77.00000   34.00000  55.8%   248 3541s
 73456 40528   62.00000   33  222   77.00000   34.00000  55.8%   248 3585s
 74577 40706   71.00000   34  161   77.00000   34.00000  55.8%   247 3600s

Cutting planes:
  Learned: 4214
  Gomory: 3
  Cover: 231
  MIR: 391
  StrongCG: 2
  Flow cover: 1322
  RLT: 80

Explored 74875 nodes (18554966 simplex iterations) in 3600.06 seconds (3082.98 work units)
Thread count was 32 (of 32 available processors)

Solution count 10: 77 77 78 ... 82

Time limit reached
Best objective 7.699999998440e+01, best bound 3.400000000000e+01, gap 55.8442%
