
Gurobi 13.0.0 (linux64) logging started Thu Nov 27 00:45:11 2025

Set parameter LogFile to value "./Results/StripPacking-BranchSP/Logs/SUspb-111-StripPacking-20-0.log"
Set parameter TimeLimit to value 3600
Set parameter Cuts to value 1
Set parameter Presolve to value 1
Set parameter Heuristics to value 1
Set parameter LogToConsole to value 0
Set parameter LPWarmStart to value 2
Gurobi Optimizer version 13.0.0 build v13.0.0rc1 (linux64 - "Debian GNU/Linux 12 (bookworm)")

CPU model: Intel(R) Xeon(R) CPU E5-2630 v3 @ 2.40GHz, instruction set [SSE2|AVX|AVX2]
Thread count: 16 physical cores, 32 logical processors, using up to 32 threads

Non-default parameters:
TimeLimit  3600
LPWarmStart  2
Heuristics  1
Cuts  1
LogToConsole  0
Presolve  1

Optimize a model with 31525 rows, 1251 columns and 92450 nonzeros (Min)
Model fingerprint: 0xbd6d724d
Model has 1 linear objective coefficients
Variable types: 51 continuous, 1200 integer (1200 binary)
Coefficient statistics:
  Matrix range     [1e+00, 1e+04]
  Objective range  [1e+00, 1e+00]
  Bounds range     [1e+00, 1e+04]
  RHS range        [1e+00, 1e+04]
Using branch priorities.

Warning: Completing partial solution with 1200 unfixed non-continuous variables out of 1200
User MIP start produced solution with objective 104.8 (0.05s)
Loaded user MIP start with objective 104.8

Presolve removed 600 rows and 0 columns
Presolve time: 0.14s
Presolved: 30925 rows, 1251 columns, 91250 nonzeros
Variable types: 51 continuous, 1200 integer (1200 binary)
Root relaxation presolved: 1251 rows, 32176 columns, 92501 nonzeros


Root relaxation: objective 3.600000e+01, 1931 iterations, 0.46 seconds (0.39 work units)

    Nodes    |    Current Node    |     Objective Bounds      |     Work
 Expl Unexpl |  Obj  Depth IntInf | Incumbent    BestBd   Gap | It/Node Time

     0     0   36.00000    0  300  104.80000   36.00000  65.6%     -    2s
H    0     0                     103.0000000   36.00000  65.0%     -    2s
     0     0   36.00000    0  299  103.00000   36.00000  65.0%     -    4s
H    0     0                     101.0000000   36.00000  64.4%     -    5s
     0     0   36.00000    0  258  101.00000   36.00000  64.4%     -    5s
     0     0   36.00000    0  312  101.00000   36.00000  64.4%     -    6s
     0     0   36.00000    0  250  101.00000   36.00000  64.4%     -   11s
H    0     0                     100.0000000   36.00000  64.0%     -   14s
H    0     0                      98.0000000   36.00000  63.3%     -   14s
H    0     0                      97.0000000   36.00000  62.9%     -   14s
H    0     0                      95.0000000   36.00000  62.1%     -   14s
H    0     0                      94.0000000   36.00000  61.7%     -   14s
H    0     0                      92.0000000   36.00000  60.9%     -   14s
H    0     0                      91.0000000   36.00000  60.4%     -   14s
H    0     0                      90.0000000   36.00000  60.0%     -   14s
H    0     0                      89.0000000   36.00000  59.6%     -   14s
H    0     0                      88.0000000   36.00000  59.1%     -   14s
     0     0   36.00000    0  280   88.00000   36.00000  59.1%     -   14s
     0     0   36.00000    0  301   88.00000   36.00000  59.1%     -   16s
     0     0   36.00000    0  229   88.00000   36.00000  59.1%     -   23s
H    0     0                      87.0000000   36.00000  58.6%     -   24s
H    0     0                      86.0000000   36.00000  58.1%     -   24s
H    0     0                      85.0000000   36.00000  57.6%     -   24s
H    0     0                      84.0000000   36.00000  57.1%     -   24s
     0     0   36.00000    0  334   84.00000   36.00000  57.1%     -   24s
     0     0   36.00000    0  303   84.00000   36.00000  57.1%     -   27s
     0     0   36.00000    0  284   84.00000   36.00000  57.1%     -   37s
     0     0   36.00000    0  253   84.00000   36.00000  57.1%     -   38s
     0     0   36.00000    0  294   84.00000   36.00000  57.1%     -   40s
     0     0   36.00000    0  263   84.00000   36.00000  57.1%     -   50s
     0     0   36.00000    0  307   84.00000   36.00000  57.1%     -   54s
     0     0   36.00000    0  252   84.00000   36.00000  57.1%     -   57s
     0     0   36.00000    0  163   84.00000   36.00000  57.1%     -   60s
     0     0   36.00000    0  200   84.00000   36.00000  57.1%     -   60s
     0     0   36.00000    0  226   84.00000   36.00000  57.1%     -   62s
     0     0   36.00000    0  176   84.00000   36.00000  57.1%     -   64s
     0     0   36.00000    0  186   84.00000   36.00000  57.1%     -   65s
     0     0   36.00000    0  280   84.00000   36.00000  57.1%     -   66s
     0     0   36.00000    0  213   84.00000   36.00000  57.1%     -   68s
     0     0   36.00000    0  213   84.00000   36.00000  57.1%     -   69s
     0     0   36.00000    0  213   84.00000   36.00000  57.1%     -   70s
     0     2   36.00000    0  192   84.00000   36.00000  57.1%     -   72s
    31    48   37.51787    5  342   84.00000   36.00000  57.1%   825   79s
    47    76   37.87013    6  337   84.00000   36.00000  57.1%  1313   81s
    91   112   50.00000    9  234   84.00000   36.00000  57.1%   808   85s
H  137   154                      83.0000000   36.00000  56.6%   618   86s
H  164   206                      83.0000000   36.00000  56.6%   545   87s
H  219   258                      82.0000000   36.00000  56.1%   456   89s
   257   275   50.00000   19  327   82.00000   36.00000  56.1%   414   90s
   290   307   63.00000   21  294   82.00000   36.00000  56.1%   386   95s
   322   339   59.00000   22  376   82.00000   36.00000  56.1%   371  101s
H  339   354                      82.0000000   36.00000  56.1%   360  104s
   355   370   59.00000   24  296   82.00000   36.00000  56.1%   353  108s
   371   385   59.00000   25  290   82.00000   36.00000  56.1%   344  111s
   388   400   59.00000   26  289   82.00000   36.00000  56.1%   335  115s
   421   432   59.00000   28  255   82.00000   36.00000  56.1%   319  123s
   437   448   60.00000   29  249   82.00000   36.00000  56.1%   314  127s
   453   464   59.00000   29  257   82.00000   36.00000  56.1%   309  131s
   469   480   65.00000   30  269   82.00000   36.00000  56.1%   302  135s
   501   512   59.00000   31  296   82.00000   36.00000  56.1%   294  143s
   517   528   59.00000   32  287   82.00000   36.00000  56.1%   293  147s
   533   544   59.00000   33  286   82.00000   36.00000  56.1%   287  151s
   549   560   59.00000   33  265   82.00000   36.00000  56.1%   283  156s
   565   576   59.00000   34  265   82.00000   36.00000  56.1%   279  160s
   597   608   59.00000   35  256   82.00000   36.00000  56.1%   272  168s
   613   624   59.00000   36  255   82.00000   36.00000  56.1%   267  172s
   629   640   59.00000   37  247   82.00000   36.00000  56.1%   263  176s
   645   655   61.00000   38  242   82.00000   36.00000  56.1%   260  181s
   662   671   61.00000   39  242   82.00000   36.00000  56.1%   258  186s
   678   687   61.00000   40  282   82.00000   36.00000  56.1%   255  190s
   694   703   70.00000   40  231   82.00000   36.00000  56.1%   252  196s
   710   719   64.10811   41  279   82.00000   36.00000  56.1%   249  200s
   726   735   61.00000   41  271   82.00000   36.00000  56.1%   245  205s
   775   779   61.00000   43  286   82.00000   36.00000  56.1%   236  214s
   792   795   61.00000   43  248   82.00000   36.00000  56.1%   232  218s
   808   810   61.00000   44  269   82.00000   36.00000  56.1%   229  222s
   825   825   61.00000   44  241   82.00000   36.00000  56.1%   226  227s
   842   840   61.00000   45  238   82.00000   36.00000  56.1%   225  232s
   859   855   68.00000   45  268   82.00000   36.00000  56.1%   222  236s
   876   867   61.00000   46  235   82.00000   36.00000  56.1%   220  240s
   896   882   61.00000   47  261   82.00000   36.00000  56.1%   217  248s
   913   897   61.00000   48  251   82.00000   36.00000  56.1%   216  253s
   930   910   61.00000   49  246   82.00000   36.00000  56.1%   213  259s
   949   932   61.00000   50  226   82.00000   36.00000  56.1%   211  266s
   973   947 infeasible   50        82.00000   36.00000  56.1%   208  271s
   990   963   61.00000   51  212   82.00000   36.00000  56.1%   206  277s
H 1003   909                      81.0000000   36.00000  55.6%   205  277s
  1006   918   61.00000   52  226   81.00000   36.00000  55.6%   204  284s
  1026   929   69.00000   52  210   81.00000   36.00000  55.6%   202  289s
  1043   939 infeasible   53        81.00000   36.00000  55.6%   200  295s
  1063   953   69.00000   53  190   81.00000   36.00000  55.6%   199  302s
  1079   963 infeasible   54        81.00000   36.00000  55.6%   196  308s
  1101   974   79.00000   55  291   81.00000   36.00000  55.6%   195  315s
  1121   988   79.00000   56  289   81.00000   36.00000  55.6%   194  324s
  1139  1002   79.00000   57  270   81.00000   36.00000  55.6%   191  334s
H 1155  1002                      81.0000000   36.00000  55.6%   190  334s
  1157  1016   79.00000   58  271   81.00000   36.00000  55.6%   189  341s
  1185  1031   79.00000   59  256   81.00000   36.00000  55.6%   188  348s
  1202  1057   79.00000   60  257   81.00000   36.00000  55.6%   186  358s
  1236  1072   79.00000   61  270   81.00000   36.00000  55.6%   185  370s
  1255  1084   79.00000   61  301   81.00000   36.00000  55.6%   184  379s
  1275  1100   79.00000   62  271   81.00000   36.00000  55.6%   182  391s
  1291  1127   79.00000   63  279   81.00000   36.00000  55.6%   181  404s
  1328  1170   79.00000   64  212   81.00000   36.00000  55.6%   179  417s
  1377  1216   79.00000   65  210   81.00000   36.00000  55.6%   175  427s
  1443  1253   79.00000   66  201   81.00000   36.00000  55.6%   174  440s
  1496  1303 infeasible   67        81.00000   36.00000  55.6%   171  454s
  1572  1345   79.00000   67  158   81.00000   36.33600  55.1%   168  466s
  1618  1366   79.00000   68  158   81.00000   36.33600  55.1%   166  480s
  1651  1379   79.00000   77  171   81.00000   36.33600  55.1%   164  492s
  1678  1427   79.00000   77  159   81.00000   36.33600  55.1%   163  503s
  1738  1464   79.00000   78  123   81.00000   36.33600  55.1%   161  519s
  1793  1528 infeasible   79        81.00000   36.33600  55.1%   159  540s
  1881  1625   61.00000   29  353   81.00000   36.33600  55.1%   158  553s
  2008  1679   79.00000   52  208   81.00000   36.33600  55.1%   154  576s
  2102  1770   79.00000   53  205   81.00000   42.00000  48.1%   153  592s
  2214  1786   79.00000   54  200   81.00000   42.00000  48.1%   151  610s
  2230  1982   79.00000   55  199   81.00000   42.00000  48.1%   151  628s
  2464  1984   54.00000   13  211   81.00000   42.00000  48.1%   147  639s
  2465  1985   57.00000   18  263   81.00000   42.00000  48.1%   147  640s
  2466  1986   76.00000   48  283   81.00000   42.00000  48.1%   147  648s
  2467  1986   50.00000   11  202   81.00000   42.00000  48.1%   147  655s
  2468  1987   58.00000   18  277   81.00000   42.00000  48.1%   147  672s
  2469  1988   80.00000   37  253   81.00000   42.00000  48.1%   147  677s
  2470  1988   58.00000   37  154   81.00000   42.00000  48.1%   147  680s
  2486  2016   42.00000   18  288   81.00000   42.00000  48.1%   164  686s
  2555  2081   42.00000   21  278   81.00000   42.00000  48.1%   167  690s
  2738  2199   59.00000   24  202   81.00000   42.00000  48.1%   167  695s
  2883  2276   53.00000   27  248   81.00000   42.00000  48.1%   165  701s
  2928  2314   53.00000   28  236   81.00000   42.00000  48.1%   164  708s
  2952  2322   53.00000   29  235   81.00000   42.00000  48.1%   164  713s
  2968  2338   53.00000   29  216   81.00000   42.00000  48.1%   164  717s
  2990  2354   53.00000   31  210   81.00000   42.00000  48.1%   164  720s
  3013  2371   53.00000   32  217   81.00000   42.00000  48.1%   163  725s
  3056  2389   77.00000   34  180   81.00000   42.00000  48.1%   162  732s
  3072  2400   53.00000   35  183   81.00000   42.00000  48.1%   162  737s
  3088  2410   53.00000   35  187   81.00000   42.00000  48.1%   162  743s
  3104  2421   53.00000   36  182   81.00000   42.00000  48.1%   163  747s
  3120  2433   53.00000   36  185   81.00000   42.00000  48.1%   163  752s
  3137  2458   53.00000   37  185   81.00000   42.00000  48.1%   163  757s
  3170  2477   53.00000   37  195   81.00000   42.00000  48.1%   162  761s
  3202  2482   53.00000   38  204   81.00000   42.00000  48.1%   161  765s
  3218  2498   53.00000   38  219   81.00000   42.00000  48.1%   161  770s
  3239  2511   53.00000   39  217   81.00000   42.00000  48.1%   160  776s
  3259  2523   53.00000   39  206   81.00000   42.00000  48.1%   160  780s
  3281  2532   53.00000   40  210   81.00000   42.00000  48.1%   160  785s
  3315  2552   55.00000   41  206   81.00000   42.00000  48.1%   159  793s
  3332  2562   66.00000   41  175   81.00000   42.00000  48.1%   159  798s
  3348  2573   59.00000   42  203   81.00000   42.00000  48.1%   159  802s
  3364  2588   64.00000   42  179   81.00000   42.00000  48.1%   158  807s
  3390  2607   66.00000   43  184   81.00000   42.00000  48.1%   158  811s
  3417  2614   59.00000   43  209   81.00000   42.00000  48.1%   157  815s
  3449  2635   66.00000   44  171   81.00000   42.00000  48.1%   157  822s
  3465  2646   59.00000   45  191   81.00000   42.00000  48.1%   156  826s
  3481  2655   71.00000   45  173   81.00000   42.00000  48.1%   156  830s
  3497  2666   67.00000   46  181   81.00000   42.00000  48.1%   156  835s
  3529  2687   67.00000   47  193   81.00000   42.00000  48.1%   155  843s
  3545  2697   71.00000   47  180   81.00000   42.00000  48.1%   154  848s
  3562  2706   67.00000   48  164   81.00000   42.00000  48.1%   154  852s
  3578  2717   67.00000   48  191   81.00000   42.00000  48.1%   154  857s
  3594  2728   67.00000   49  162   81.00000   42.00000  48.1%   153  861s
  3610  2738   67.00000   49  172   81.00000   42.00000  48.1%   153  866s
  3626  2749   67.00000   50  143   81.00000   42.00000  48.1%   152  871s
  3642  2759   78.00000   50  152   81.00000   42.00000  48.1%   152  875s
  3659  2769   67.00000   51  134   81.00000   42.00000  48.1%   152  880s
  3675  2780   67.00000   51  147   81.00000   42.00000  48.1%   151  885s
  3691  2790   67.00000   52  117   81.00000   42.00000  48.1%   151  890s
  3707  2798   67.00000   52  132   81.00000   42.00000  48.1%   150  895s
  3724  2808   67.00000   53  116   81.00000   42.00000  48.1%   150  900s
  3740  2830   76.00000   53  105   81.00000   42.00000  48.1%   150  906s
  3767  2836   67.00000   54  119   81.00000   42.00000  48.1%   149  912s
  3784  2845   67.00000   54   83   81.00000   42.00000  48.1%   149  918s
  3800  2856   70.00000   55  127   81.00000   42.00000  48.1%   148  924s
  3816  2865   76.00000   55  102   81.00000   42.00000  48.1%   148  929s
  3834  2873   70.00000   56  101   81.00000   42.00000  48.1%   147  936s
  3851  2915   78.00000   56  121   81.00000   42.00000  48.1%   147  942s
  3908  2912   70.00000   57  135   81.00000   42.00000  48.1%   145  949s
  3924  2921   70.00000   57  115   81.00000   42.00000  48.1%   145  958s
  3940  2929   70.00000   58   85   81.00000   42.00000  48.1%   144  965s
  3958  2939   70.00000   58  123   81.00000   42.00000  48.1%   144  972s
  3976  2953   70.00000   59  100   81.00000   42.00000  48.1%   144  984s
  4008  2982   70.00000   59   81   81.00000   42.00000  48.1%   143  991s
  4068  2982   70.00000   60   87   81.00000   42.00000  48.1%   141  998s
  4103  3000   76.00000   60   79   81.00000   42.00000  48.1%   140 1012s
  4136  3042   76.00000   61   77   81.00000   42.00000  48.1%   140 1022s
  4204  3051   77.00000   70   82   81.00000   42.00000  48.1%   138 1032s
  4244  3065   77.00000   71  108   81.00000   42.00000  48.1%   137 1043s
  4294  3092   77.00000   71   78   81.00000   42.00000  48.1%   137 1052s
  4342  3092   77.00000   78   69   81.00000   42.00000  48.1%   136 1065s
  4358  3109   80.00000   79   65   81.00000   42.00000  48.1%   136 1076s
  4391  3122   80.00000   85   42   81.00000   42.00000  48.1%   135 1086s
  4438  3161     cutoff   85        81.00000   42.00000  48.1%   134 1097s
  4505  3220   80.00000   86   49   81.00000   42.00000  48.1%   135 1108s
  4598  3241   80.00000   87   49   81.00000   42.00000  48.1%   134 1123s
  4671  3292   80.00000   87   47   81.00000   42.00000  48.1%   133 1135s
  4752  3320   80.00000   88   50   81.00000   42.00000  48.1%   133 1148s
  4856  3326   80.00000   88   47   81.00000   42.00000  48.1%   131 1162s
  4937  3327   80.00000   89   63   81.00000   42.00000  48.1%   130 1175s
  4976  3401   80.00000   89   48   81.00000   42.00000  48.1%   130 1189s
  5117  3558   78.00000   30  205   81.00000   42.00000  48.1%   128 1211s
  5363  3850   79.00000   46  141   81.00000   42.00000  48.1%   126 1222s
  5847  3900 infeasible   60        81.00000   42.00000  48.1%   122 1235s
  6138  3886 infeasible   67        81.00000   42.00000  48.1%   120 1255s
  6279  4003   46.00000   31  221   81.00000   42.00000  48.1%   119 1271s
  6504  4323   78.00000   68   51   81.00000   42.00000  48.1%   118 1283s
  7049  4815   75.00000   44  207   81.00000   42.00000  48.1%   115 1293s
  7920  4588   74.00000   55  112   81.00000   42.00000  48.1%   113 1305s
  8009  4688   74.00000   56  110   81.00000   42.00000  48.1%   113 1318s
  8202  4841   74.00000   57  116   81.00000   42.00000  48.1%   112 1329s
  8491  5081   74.00000   58  147   81.00000   42.00000  48.1%   112 1340s
  8903  5421   74.00000   59  143   81.00000   42.00000  48.1%   112 1352s
  9390  6250   74.00000   60  128   81.00000   42.00000  48.1%   110 1364s
 10535  6260   43.00000   36  311   81.00000   42.00000  48.1%   107 1382s
 10561  6265   43.00000   37  308   81.00000   42.00000  48.1%   107 1401s
 10587  6279   43.00000   38  294   81.00000   42.00000  48.1%   107 1418s
 10604  6294   43.00000   39  292   81.00000   42.00000  48.1%   107 1437s
 10620  6307   43.00000   40  292   81.00000   42.00000  48.1%   107 1454s
 10638  6318   43.00000   41  295   81.00000   42.00000  48.1%   107 1471s
 10658  6333   50.00000   42  281   81.00000   42.00000  48.1%   108 1488s
 10675  6347   50.00000   43  279   81.00000   42.00000  48.1%   108 1505s
 10693  6363   50.00000   44  278   81.00000   42.00000  48.1%   108 1522s
 10709  6375   50.00000   45  278   81.00000   42.00000  48.1%   108 1539s
 10729  6385   68.00000   46  301   81.00000   42.00000  48.1%   108 1555s
 10751  6400   72.00000   47  219   81.00000   42.00000  48.1%   108 1574s
 10767  6413   72.00000   48  198   81.00000   42.00000  48.1%   108 1591s
 10786  6428   72.00000   49  194   81.00000   42.00000  48.1%   108 1609s
 10803  6444   72.00000   50  184   81.00000   42.00000  48.1%   108 1624s
 10819  6459   72.00000   51  187   81.00000   42.00000  48.1%   108 1646s
 10836  6475   72.00000   52  185   81.00000   42.00000  48.1%   108 1668s
 10852  6490   72.00000   53  184   81.00000   42.00000  48.1%   108 1688s
 10868  6502 infeasible   54        81.00000   42.00000  48.1%   108 1705s
 10888  6518   76.00000   55  153   81.00000   43.00000  46.9%   108 1726s
 10904  6533   76.00000   56  179   81.00000   43.00000  46.9%   108 1746s
 10921  6549   76.00000   57  177   81.00000   43.00000  46.9%   108 1764s
 10937  6565   76.00000   58  162   81.00000   43.00000  46.9%   108 1784s
 10953  6578   76.00000   59  149   81.00000   43.00000  46.9%   108 1802s
 10971  6592   76.00000   60  147   81.00000   43.00000  46.9%   108 1823s
 10989  6605   76.00000   61  183   81.00000   43.00000  46.9%   108 1842s
 11007  6619   76.00000   62  163   81.00000   43.00000  46.9%   108 1862s
 11024  6629   76.00000   63  157   81.00000   43.00000  46.9%   108 1886s
 11046  6645   76.00000   64  152   81.00000   43.00000  46.9%   108 1905s
 11062  6811   76.00000   65  134   81.00000   43.00000  46.9%   108 1928s
 11282  7063   76.00000   66  145   81.00000   43.00000  46.9%   108 1956s
 11636  7290   76.00000   67  152   81.00000   43.00000  46.9%   108 1979s
 11933  7395   76.00000   68  150   81.00000   43.00000  46.9%   108 2005s
 12089  7526   78.00000   69  165   81.00000   43.00000  46.9%   108 2026s
 12307  7665   78.00000   70  160   81.00000   43.00000  46.9%   108 2051s
 12464  7813   78.00000   71  152   81.00000   43.00000  46.9%   108 2073s
 12654  8069   78.00000   72  155   81.00000   43.00000  46.9%   108 2114s
 13025  8380   78.00000   73  156   81.00000   43.00000  46.9%   108 2137s
 13431  8622   78.00000   74  140   81.00000   43.00000  46.9%   108 2164s
 13774  9164   78.00000   75  131   81.00000   43.00000  46.9%   107 2193s
 14440  9178   78.00000   76  143   81.00000   43.00000  46.9%   106 2222s
 14474  9196   78.00000   77  143   81.00000   43.00000  46.9%   106 2248s
 14494  9240   78.00000   80  109   81.00000   43.00000  46.9%   106 2281s
 14548  9271   78.00000   82  109   81.00000   43.00000  46.9%   106 2315s
 14589  9292 infeasible   83        81.00000   43.00000  46.9%   106 2342s
 14625  9358   78.00000   84  100   81.00000   43.00000  46.9%   106 2368s
 14705  9374   80.00000   48  183   81.00000   43.00000  46.9%   106 2394s
 14721  9435   80.00000   49  181   81.00000   43.00000  46.9%   106 2421s
 14788  9461   80.00000   56  122   81.00000   43.00000  46.9%   106 2448s
 14818  9656   80.00000   57  109   81.00000   43.00000  46.9%   106 2474s
 15037  9669   80.00000   59  142   81.00000   43.00000  46.9%   106 2501s
 15064  9691   80.00000   60  128   81.00000   43.00000  46.9%   106 2528s
 15098  9975   80.00000   64   96   81.00000   43.00000  46.9%   106 2556s
 15463 10482   80.00000   77   77   81.00000   43.00000  46.9%   105 2586s
 16164 12171   59.00000   35  164   81.00000   43.00000  46.9%   105 2616s
 18402 14148   61.00000   49  152   81.00000   48.00000  40.7%   103 2642s
 21240 16933   79.00000   74   82   81.00000   48.00000  40.7%  98.8 2698s
 25000 20008   79.00000   69  126   81.00000   48.00000  40.7%  96.5 2729s
 29512 23662 infeasible   78        81.00000   48.00000  40.7%  93.2 2787s
 34936 28299   76.00000   57  105   81.00000   48.00000  40.7%  92.1 2821s
 41432 33860   78.00000   71   81   81.00000   48.00000  40.7%  91.5 2888s
 49240 35806   79.00000   77   61   81.00000   48.00000  40.7%  91.2 2958s
 52155 45718   80.00000   81   97   81.00000   48.00000  40.7%  91.0 3028s
 66567 51412   80.00000   57   60   81.00000   48.00000  40.7%  91.0 3086s
 74927 56799   67.00000   47  146   81.00000   48.00000  40.7%  91.8 3136s
 82532 63444   72.00000   58  124   81.00000   48.00000  40.7%  92.3 3182s
 92427 64147   80.00000   85   80   81.00000   48.00000  40.7%  91.8 3224s
 93404 68865   49.00000   34  257   81.00000   48.00000  40.7%  91.7 3265s
 100112 74662   80.00000   70  151   81.00000   48.00000  40.7%  91.8 3306s
*101411 63472             114      80.0000000   48.00000  40.0%  92.0 3306s
 108977 62583 infeasible   67        80.00000   48.00000  40.0%  91.9 3341s
H108978 62583                      80.0000000   48.00000  40.0%  91.9 3341s
 109002 63351   76.00000   68   83   80.00000   48.00000  40.0%  91.9 3377s
 110080 63723   74.00000   81   88   80.00000   48.00000  40.0%  92.0 3411s
 110684 67701   74.00000   82   86   80.00000   48.00000  40.0%  92.1 3448s
 116615 70127   68.00000   33  195   80.00000   48.00000  40.0%  92.7 3488s
 120447 72781     cutoff   79        80.00000   48.00000  40.0%  92.9 3524s
 124515 75615   74.00000   53  119   80.00000   48.00000  40.0%  93.2 3558s
 128767 75631 infeasible   74        80.00000   48.00000  40.0%  93.5 3594s
 128813 75644   79.00000   73  156   80.00000   48.00000  40.0%  93.5 3600s

Cutting planes:
  Learned: 4421
  Gomory: 49
  Lift-and-project: 6
  Cover: 239
  Implied bound: 1
  MIR: 133
  StrongCG: 1
  Flow cover: 374
  Zero half: 1
  RLT: 284
  Relax-and-lift: 85
  Lazy constraints: 103

Explored 128832 nodes (12132052 simplex iterations) in 3600.05 seconds (2605.23 work units)
Thread count was 32 (of 32 available processors)

Solution count 10: 80 80 81 ... 85

Time limit reached
Best objective 7.999999999190e+01, best bound 4.800000000000e+01, gap 40.0000%
