
Gurobi 13.0.0 (linux64) logging started Wed Nov 26 23:28:52 2025

Set parameter LogFile to value "./Results/StripPacking-BranchSP/Logs/SUspb-010-StripPacking-15-0.log"
Set parameter TimeLimit to value 3600
Set parameter Cuts to value 0
Set parameter Presolve to value 1
Set parameter Heuristics to value 0
Set parameter LogToConsole to value 0
Set parameter LPWarmStart to value 2
Gurobi Optimizer version 13.0.0 build v13.0.0rc1 (linux64 - "Debian GNU/Linux 12 (bookworm)")

CPU model: Intel(R) Xeon(R) CPU E5-2630 v3 @ 2.40GHz, instruction set [SSE2|AVX|AVX2]
Thread count: 16 physical cores, 32 logical processors, using up to 32 threads

Non-default parameters:
TimeLimit  3600
LPWarmStart  2
Heuristics  0
Cuts  0
LogToConsole  0
Presolve  1

Optimize a model with 6840 rows, 451 columns and 19770 nonzeros (Min)
Model fingerprint: 0xf3634892
Model has 1 linear objective coefficients
Variable types: 31 continuous, 420 integer (420 binary)
Coefficient statistics:
  Matrix range     [1e+00, 1e+04]
  Objective range  [1e+00, 1e+00]
  Bounds range     [1e+00, 1e+04]
  RHS range        [1e+00, 1e+04]
Using branch priorities.

Warning: Completing partial solution with 420 unfixed non-continuous variables out of 420
User MIP start produced solution with objective 62.1 (0.01s)
User MIP start produced solution with objective 62.1 (0.01s)
Loaded user MIP start with objective 62.1

Presolve removed 210 rows and 0 columns
Presolve time: 0.07s
Presolved: 6630 rows, 451 columns, 19933 nonzeros
Variable types: 31 continuous, 420 integer (420 binary)

Root relaxation: objective 3.200000e+01, 358 iterations, 0.06 seconds (0.03 work units)

    Nodes    |    Current Node    |     Objective Bounds      |     Work
 Expl Unexpl |  Obj  Depth IntInf | Incumbent    BestBd   Gap | It/Node Time

     0     0   32.00000    0   51   62.10000   32.00000  48.5%     -    0s
     0     0   32.00000    0   51   62.10000   32.00000  48.5%     -    0s
     0     0   32.00000    0   29   62.10000   32.00000  48.5%     -    0s
     0     2   32.00000    0   26   62.10000   32.00000  48.5%     -    0s
*  788   929              50      62.0000000   32.00000  48.4%  26.9    1s
*  807   929              46      59.0000000   32.00000  45.8%  26.5    1s
* 1448  1234              43      56.0000000   32.00000  42.9%  23.1    1s
* 1856  1535              46      54.0000000   32.00000  40.7%  23.0    1s
* 3157  2063              56      53.0000000   32.00000  39.6%  22.2    1s
* 3844  2399              35      51.0000000   32.00000  37.3%  25.8    4s
* 3847  2300              35      50.0000000   32.00000  36.0%  25.8    4s
  3893  2278 infeasible   34        50.00000   32.00000  36.0%  25.9    5s
* 3937  2171              40      49.0000000   32.00000  34.7%  26.1    5s
* 4221  2133              35      48.0000000   32.00000  33.3%  27.7    5s
* 4386  2028              36      47.0000000   32.00000  31.9%  28.6    6s
* 4692  1958              38      46.0000000   32.00000  30.4%  30.5    6s
  6283  1852   45.00000   35   18   46.00000   32.00000  30.4%  39.7   10s
* 7913  1754              44      45.0000000   32.00000  28.9%  46.3   13s
  8434  1652   42.00000   37   69   45.00000   32.00000  28.9%  47.5   15s
 10713  1685 infeasible   33        45.00000   36.00000  20.0%  53.4   20s
 13927  1699 infeasible   31        45.00000   38.00000  15.6%  57.2   25s
 16302  1702   38.00000   32   58   45.00000   38.00000  15.6%  59.4   30s
 19458  1792     cutoff   40        45.00000   38.00000  15.6%  60.9   35s
 23903  1799   44.00000   49   28   45.00000   38.00000  15.6%  61.3   41s
 26690  1830   38.00000   37   46   45.00000   38.00000  15.6%  61.3   45s
 31509  1848   44.00000   40   34   45.00000   38.00000  15.6%  61.4   50s
 35029  1966     cutoff   39        45.00000   38.00000  15.6%  62.3   56s
 38106  2056   39.00000   33   63   45.00000   39.00000  13.3%  63.4   60s
 41338  2219 infeasible   32        45.00000   39.00000  13.3%  63.6   65s
 44752  2399 infeasible   37        45.00000   39.00000  13.3%  64.0   70s
 50172  2593 infeasible   38        45.00000   39.00000  13.3%  64.9   77s
 54154  2763   43.00000   31   38   45.00000   39.00000  13.3%  65.7   82s
 58020  3150     cutoff   31        45.00000   40.00000  11.1%  66.5   87s
 60406  3215   40.00000   33   49   45.00000   40.00000  11.1%  66.9   90s
 64650  3376     cutoff   35        45.00000   40.00000  11.1%  68.0   96s
 66835  3489 infeasible   48        45.00000   40.00000  11.1%  68.8  100s
 71971  3628     cutoff   45        45.00000   40.00000  11.1%  69.9  108s
 75103  3708   40.00000   33   28   45.00000   40.00000  11.1%  70.5  112s
 77886  3802   43.00000   31   47   45.00000   40.00000  11.1%  71.2  116s
 80896  3860 infeasible   34        45.00000   40.00000  11.1%  71.7  121s
 84417  3844 infeasible   44        45.00000   40.00000  11.1%  72.2  125s
 88678  3793   42.00000   36   30   45.00000   40.00000  11.1%  72.7  130s
 94268  3517     cutoff   43        45.00000   40.00000  11.1%  73.1  138s
 98853  3499   41.00000   38   67   45.00000   40.00000  11.1%  72.7  142s
 102608  3520   40.00000   32   61   45.00000   40.00000  11.1%  72.6  145s
 103983  3534     cutoff   55        45.00000   40.00000  11.1%  72.6  150s
 106338  3048   44.00000   53   29   45.00000   40.00000  11.1%  72.9  155s
 109495  2355     cutoff   48        45.00000   40.00000  11.1%  72.9  160s
 112617  1532     cutoff   46        45.00000   40.00000  11.1%  73.1  165s
 114863  1414   40.00000   45   36   45.00000   40.00000  11.1%  73.4  170s
 118627  1698   40.00000   47   38   45.00000   40.00000  11.1%  73.7  176s
 121828  1782   40.00000   52   64   45.00000   40.00000  11.1%  73.9  180s
 125484  1916   41.00000   52   46   45.00000   40.00000  11.1%  74.1  186s
 128630  2087   40.00000   51   59   45.00000   40.00000  11.1%  74.2  190s
 131706  2220 infeasible   45        45.00000   40.00000  11.1%  74.6  195s
 135087  2302     cutoff   49        45.00000   40.00000  11.1%  75.3  201s
 137436  2241   40.00000   49   43   45.00000   40.00000  11.1%  75.8  205s
 140923  2023 infeasible   47        45.00000   40.00000  11.1%  76.1  210s
 146433  1644   44.00000   53   23   45.00000   41.00000  8.89%  76.2  217s
 150197  1412   43.00000   58   34   45.00000   41.00000  8.89%  76.3  222s
 153941  1008     cutoff   57        45.00000   42.00000  6.67%  76.6  227s
 158333   371 infeasible   40        45.00000   43.00000  4.44%  76.6  232s
 162876     0 infeasible   52        45.00000   43.00000  4.44%  76.5  236s

Explored 163345 nodes (12489174 simplex iterations) in 236.67 seconds (63.02 work units)
Thread count was 32 (of 32 available processors)

Solution count 10: 45 46 47 ... 56

Optimal solution found (tolerance 1.00e-04)
Best objective 4.500000000000e+01, best bound 4.500000000000e+01, gap 0.0000%
