
Gurobi 13.0.0 (linux64) logging started Thu Nov 27 01:45:13 2025

Set parameter LogFile to value "./Results/StripPacking-BranchSP/Logs/SUspb-010-StripPacking-25-0.log"
Set parameter TimeLimit to value 3600
Set parameter Cuts to value 0
Set parameter Presolve to value 1
Set parameter Heuristics to value 0
Set parameter LogToConsole to value 0
Set parameter LPWarmStart to value 2
Gurobi Optimizer version 13.0.0 build v13.0.0rc1 (linux64 - "Debian GNU/Linux 12 (bookworm)")

CPU model: Intel(R) Xeon(R) CPU E5-2630 v3 @ 2.40GHz, instruction set [SSE2|AVX|AVX2]
Thread count: 16 physical cores, 32 logical processors, using up to 32 threads

Non-default parameters:
TimeLimit  3600
LPWarmStart  2
Heuristics  0
Cuts  0
LogToConsole  0
Presolve  1

Optimize a model with 31525 rows, 1251 columns and 92450 nonzeros (Min)
Model fingerprint: 0xcafdb8f6
Model has 1 linear objective coefficients
Variable types: 51 continuous, 1200 integer (1200 binary)
Coefficient statistics:
  Matrix range     [1e+00, 1e+04]
  Objective range  [1e+00, 1e+00]
  Bounds range     [1e+00, 1e+04]
  RHS range        [1e+00, 1e+04]
Using branch priorities.

Warning: Completing partial solution with 1200 unfixed non-continuous variables out of 1200
User MIP start produced solution with objective 106.2 (0.05s)
Loaded user MIP start with objective 106.2

Presolve removed 600 rows and 0 columns
Presolve time: 0.17s
Presolved: 30925 rows, 1251 columns, 91250 nonzeros
Variable types: 51 continuous, 1200 integer (1200 binary)
Root relaxation presolved: 1251 rows, 32176 columns, 92501 nonzeros


Root relaxation: objective 3.400000e+01, 2123 iterations, 0.47 seconds (0.39 work units)

    Nodes    |    Current Node    |     Objective Bounds      |     Work
 Expl Unexpl |  Obj  Depth IntInf | Incumbent    BestBd   Gap | It/Node Time

     0     0   34.00000    0  259  106.20000   34.00000  68.0%     -    2s
     0     0   34.00000    0  259  106.20000   34.00000  68.0%     -    2s
     0     0   34.00000    0  200  106.20000   34.00000  68.0%     -    6s
     0     2   34.00000    0  174  106.20000   34.00000  68.0%     -    7s
    31    48   34.00000    5  158  106.20000   34.00000  68.0%   216   10s
   377   767   42.00000   24  184  106.20000   34.00000  68.0%   235   18s
   768  1458   51.00000   50  157  106.20000   34.00000  68.0%   187   21s
* 1047  1458             134     105.0000000   34.00000  67.6%   147   21s
* 1527  1901             137      99.0000000   34.00000  65.7%   133   23s
* 1528  1888             136      93.0000000   34.00000  63.4%   133   23s
  2001  2304   34.00000   16  191   93.00000   34.00000  63.4%   122   25s
* 2075  2235             113      87.0000000   34.00000  60.9%   120   25s
  2898  3023   48.00000   39  331   87.00000   34.00000  60.9%   112   31s
* 3173  2964             123      86.0000000   34.00000  60.5%   107   31s
* 3174  2957             123      85.0000000   34.00000  60.0%   107   31s
  3987  3294   51.00000   35  334   85.00000   34.00000  60.0%   105   36s
  4004  3323   34.00000   18  185   85.00000   34.00000  60.0%   108   40s
  4190  3478   43.00000   25  198   85.00000   34.00000  60.0%   112   45s
  4443  3716   43.00000   33  217   85.00000   34.00000  60.0%   113   50s
  4949  4072   53.00000   49  137   85.00000   34.00000  60.0%   112   56s
  5416  4476   54.00000   58  160   85.00000   34.00000  60.0%   109   60s
* 6231  4678             109      83.0000000   34.00000  59.0%   101   63s
* 6232  4499             110      82.0000000   34.00000  58.5%   101   63s
* 6659  4231             111      81.0000000   34.00000  58.0%  97.9   64s
  6677  4315   80.00000   86   48   81.00000   34.00000  58.0%  97.7   65s
* 7246  4315             111      79.0000000   34.00000  57.0%  96.5   67s
  7618  4598   74.00000   48  169   79.00000   34.00000  57.0%  95.4   70s
* 7708  4259             124      78.0000000   34.00000  56.4%  94.8   70s
* 7907  4127              83      77.0000000   34.00000  55.8%  94.9   72s
  8385  4310   61.00000   44  136   77.00000   34.00000  55.8%  94.1   75s
* 8422  3987             115      75.0000000   34.00000  54.7%  93.9   75s
  9492  4460   39.00000   28  259   75.00000   34.00000  54.7%  94.2   81s
* 9977  4081             101      74.0000000   34.00000  54.1%  93.4   83s
 10536  4327   68.00000   57  142   74.00000   34.00000  54.1%  93.6   86s
 11211  4682   34.00000   27  168   74.00000   34.00000  54.1%  94.5   90s
 11817  5457   48.00000   54  279   74.00000   34.00000  54.1%  95.2   95s
 13107  6346   73.00000   86   64   74.00000   34.00000  54.1%  94.6  101s
 14060  7068   47.00000   52  206   74.00000   34.00000  54.1%  93.7  106s
 14997  7789   50.00000   35  227   74.00000   34.00000  54.1%  93.4  111s
 15839  8361   70.00000   72  188   74.00000   34.00000  54.1%  93.1  116s
 16967  9113   70.00000   59  126   74.00000   34.00000  54.1%  92.8  121s
*17381  7962              97      73.0000000   34.00000  53.4%  92.5  121s
 18125  8744   72.00000   77  120   73.00000   34.00000  53.4%  92.4  127s
 18702  9293   36.00000   37  261   73.00000   34.00000  53.4%  92.8  131s
 19361  9781   65.00000   62   85   73.00000   34.00000  53.4%  92.7  135s
 20687 10635   68.00000   72   93   73.00000   34.00000  53.4%  92.9  142s
 21169 11252   43.00000   45  234   73.00000   34.00000  53.4%  93.0  148s
 22170 11901   50.00000   32  280   73.00000   34.00000  53.4%  93.2  152s
 23068 12499   58.00000   41  174   73.00000   34.00000  53.4%  93.2  157s
 23937 13132   36.00000   36  224   73.00000   34.00000  53.4%  93.4  162s
 24836 13774     cutoff   87        73.00000   34.00000  53.4%  93.4  167s
 25689 14483   34.00000   32  281   73.00000   34.00000  53.4%  93.6  174s
 26673 14987   71.00000   80  122   73.00000   34.00000  53.4%  93.7  179s
 27354 15756   57.00000   55  185   73.00000   34.00000  53.4%  93.7  185s
 28317 16505   34.00000   32  313   73.00000   34.00000  53.4%  93.9  191s
 29393 17312   49.00000   40  204   73.00000   34.00000  53.4%  93.9  197s
 30496 18119   48.00000   38  275   73.00000   34.00000  53.4%  93.9  204s
 31669 19053   43.00000   30  250   73.00000   34.00000  53.4%  94.0  211s
 32949 19993   51.00000   47  240   73.00000   34.00000  53.4%  93.8  218s
*33344 18191              92      72.0000000   34.00000  52.8%  93.6  218s
 34275 18566     cutoff   88        72.00000   34.00000  52.8%  93.5  225s
 35080 19504   70.00000   70  250   72.00000   34.00000  52.8%  94.0  234s
 36343 20396   57.00000   57  238   72.00000   34.00000  52.8%  94.4  241s
 37628 21491   36.00000   30  243   72.00000   34.00000  52.8%  94.7  249s
 39028 22491   62.00000   56  186   72.00000   34.00000  52.8%  94.9  257s
 40383 23632   65.00000   85  120   72.00000   34.00000  52.8%  95.2  268s
 41874 24655   71.00000   85   94   72.00000   34.00000  52.8%  95.5  277s
 43272 25894   50.00000   51  238   72.00000   34.00000  52.8%  95.5  287s
 45011 27276 infeasible   95        72.00000   34.00000  52.8%  95.8  298s
 46759 28467   69.00000   73  111   72.00000   34.00000  52.8%  96.1  310s
 48435 29527   65.00000   54  208   72.00000   34.00000  52.8%  96.3  321s
 49923 30689     cutoff   73        72.00000   34.00000  52.8%  96.7  330s
 51512 31899   45.00000   38  203   72.00000   34.00000  52.8%  97.0  340s
 53261 32957 infeasible   90        72.00000   34.00000  52.8%  97.1  349s
 54901 34124   65.00000   73  121   72.00000   34.00000  52.8%  97.4  357s
 56564 35236   67.00000   62  238   72.00000   34.00000  52.8%  97.5  366s
 58190 36373   34.00000   37  285   72.00000   34.00000  52.8%  97.8  375s
 59774 37654   62.00000   61  186   72.00000   34.00000  52.8%  97.9  384s
 61629 38905   70.00000   76   37   72.00000   34.00000  52.8%  97.6  393s
 63349 40071   47.00000   41  173   72.00000   34.00000  52.8%  97.6  402s
 65078 41206   67.00000   57  151   72.00000   34.00000  52.8%  97.7  411s
 66717 42274   50.00000   57  197   72.00000   34.00000  52.8%  97.7  419s
 68262 43385   42.00000   38  242   72.00000   34.00000  52.8%  97.8  427s
 69750 44439   67.00000   71   75   72.00000   34.00000  52.8%  97.8  436s
 71354 45749   70.00000   57  116   72.00000   34.00000  52.8%  97.9  445s
 72945 46837   43.00000   38  235   72.00000   34.00000  52.8%  98.1  454s
 74484 47997 infeasible   81        72.00000   34.00000  52.8%  98.3  463s
 76059 49312   48.00000   42  276   72.00000   34.00000  52.8%  98.4  472s
 77776 50391   60.00000   47  204   72.00000   34.00000  52.8%  98.4  480s
*78416 44759             108      71.0000000   34.00000  52.1%  98.4  480s
 79309 45730   50.00000   39  211   71.00000   34.00000  52.1%  98.5  490s
 80842 46880   59.00000   44  273   71.00000   34.00000  52.1%  98.7  499s
 82338 47935   62.00000   62  217   71.00000   34.00000  52.1%  99.0  508s
 83891 49258     cutoff   60        71.00000   34.00000  52.1%  99.2  518s
 85600 50436   70.00000   75   74   71.00000   34.00000  52.1%  99.3  526s
 87228 51482   53.00000   62  154   71.00000   34.00000  52.1%  99.3  535s
 88720 52655   34.00000   29  294   71.00000   34.00000  52.1%  99.4  544s
 90168 53708   39.00000   41  214   71.00000   34.00000  52.1%   100  553s
 91693 54953   65.00000   72  168   71.00000   34.00000  52.1%   100  564s
*93231 49662             109      70.0000000   34.00000  51.4%   100  564s
 93311 50512   66.00000   84  168   70.00000   34.00000  51.4%   100  574s
 94794 51627   41.00000   36  297   70.00000   34.00000  51.4%   100  585s
 96349 52680   36.00000   32  261   70.00000   34.00000  51.4%   100  596s
 97841 53904   63.00000   64  178   70.00000   34.00000  51.4%   100  607s
 99554 55002   43.00000   35  245   70.00000   34.00000  51.4%   101  617s
 101168 56122   47.00000   34  239   70.00000   34.00000  51.4%   101  627s
 102832 57217 infeasible   73        70.00000   34.00000  51.4%   101  637s
 104472 58367   69.00000   68  107   70.00000   34.00000  51.4%   101  647s
 106086 59322   68.00000   84   82   70.00000   34.00000  51.4%   101  657s
 107523 60334   69.00000   92  113   70.00000   34.00000  51.4%   101  668s
 109230 61407   65.00000   66  158   70.00000   34.00000  51.4%   101  678s
 110842 62698   64.00000   77  145   70.00000   34.00000  51.4%   101  688s
 112609 63799   65.00000   82   75   70.00000   34.00000  51.4%   101  699s
 114138 64877   59.00000   59  117   70.00000   34.00000  51.4%   102  709s
 115725 65956 infeasible   78        70.00000   34.00000  51.4%   102  719s
 117161 65956   51.00000   42  235   70.00000   34.00000  51.4%   102  720s
 117262 67002   50.00000   55  247   70.00000   34.00000  51.4%   102  730s
 118825 68127 infeasible   76        70.00000   34.00000  51.4%   102  741s
 120481 69192   66.00000   62  220   70.00000   34.00000  51.4%   102  750s
 121990 70440   61.00000   60  177   70.00000   34.00000  51.4%   102  760s
 123730 71481   54.00000   59  187   70.00000   34.00000  51.4%   103  771s
 125232 72572   63.00000   64  149   70.00000   34.00000  51.4%   103  781s
 126734 73494   69.00000   52  171   70.00000   34.00000  51.4%   103  791s
 128343 74751   48.00000   46  242   70.00000   34.00000  51.4%   103  802s
 130104 75994   57.00000   58  196   70.00000   34.00000  51.4%   103  812s
 131724 77071   67.00000   60  131   70.00000   34.00000  51.4%   103  822s
 133349 78134   34.00000   40  270   70.00000   34.00000  51.4%   103  833s
 134789 79322   34.00000   48  211   70.00000   34.00000  51.4%   104  843s
 136387 80567 infeasible   88        70.00000   34.00000  51.4%   104  854s
 138059 81774   53.00000   72  265   70.00000   34.00000  51.4%   104  865s
 139757 82910   63.00000   65  168   70.00000   34.00000  51.4%   104  875s
 141285 84040   45.00000   40  221   70.00000   34.00000  51.4%   104  886s
 143001 85165   60.00000   39  255   70.00000   34.00000  51.4%   104  895s
 144546 86282   68.00000   87   68   70.00000   34.00000  51.4%   104  904s
 146202 87471   57.00000   56  188   70.00000   34.00000  51.4%   104  914s
 147811 88630   57.00000   40  204   70.00000   34.00000  51.4%   105  923s
 149321 89960   52.00000   54  222   70.00000   34.00000  51.4%   105  932s
 151091 91048   54.00000   68  178   70.00000   34.00000  51.4%   105  941s
 152668 92155   51.00000   39  224   70.00000   34.00000  51.4%   105  951s
 154220 93418   48.00000   44  286   70.00000   34.00000  51.4%   105  961s
 155969 94435   63.00000   52  228   70.00000   34.00000  51.4%   105  971s
 157477 95484   36.00000   42  296   70.00000   34.00000  51.4%   105  981s
 159053 96629   57.00000   57  250   70.00000   34.00000  51.4%   105  990s
 160675 97644   46.00000   39  238   70.00000   34.00000  51.4%   105  999s
 162183 98752     cutoff   75        70.00000   34.00000  51.4%   105 1009s
 163734 99856   57.00000   73  132   70.00000   34.00000  51.4%   105 1018s
 165321 100914     cutoff   80        70.00000   34.00000  51.4%   105 1027s
 166928 102123   67.00000   58  149   70.00000   34.00000  51.4%   105 1037s
 168445 103093     cutoff   69        70.00000   34.00000  51.4%   106 1047s
 170012 104146   69.00000   80  166   70.00000   34.00000  51.4%   106 1058s
 171525 105307   63.00000   54  199   70.00000   34.00000  51.4%   106 1069s
 173268 106701   65.00000   78  126   70.00000   34.00000  51.4%   106 1079s
 175198 107841   53.00000   52  221   70.00000   34.00000  51.4%   106 1089s
*175868 99748              82      69.0000000   34.00000  50.7%   106 1090s
 176970 100623   68.00000   48  152   69.00000   34.00000  50.7%   106 1099s
 178420 101707   68.00000   80  159   69.00000   34.00000  50.7%   106 1109s
 180032 102672   67.00000   63  188   69.00000   34.00000  50.7%   106 1118s
 181531 103668   68.00000   84   92   69.00000   34.00000  50.7%   106 1128s
 183048 104955   65.00000   72  110   69.00000   34.00000  50.7%   106 1139s
 184751 106035   67.00000   73  143   69.00000   34.00000  50.7%   107 1148s
 186402 107120   62.00000   66  175   69.00000   34.00000  50.7%   107 1158s
 187978 108244   62.00000   54  153   69.00000   34.00000  50.7%   107 1167s
 189573 109222   64.00000   50  136   69.00000   34.00000  50.7%   107 1176s
 191035 110386   56.00000   41  203   69.00000   34.00000  50.7%   107 1186s
 192656 111325 infeasible   73        69.00000   34.00000  50.7%   107 1197s
 194265 112403   65.00000   61  222   69.00000   34.00000  50.7%   107 1207s
 195806 113504   54.00000   50  241   69.00000   34.00000  50.7%   107 1217s
 197373 114770   64.00000   81  104   69.00000   34.00000  50.7%   107 1228s
 199082 115877   68.00000   69  156   69.00000   34.00000  50.7%   107 1237s
 200615 117116   66.00000   71  145   69.00000   34.00000  50.7%   108 1248s
 202291 118258   65.00000   72  150   69.00000   34.00000  50.7%   108 1259s
 203944 119386     cutoff   79        69.00000   34.00000  50.7%   108 1269s
 205583 120628   66.00000   62  112   69.00000   34.00000  50.7%   108 1279s
 207386 121650   52.00000   46  238   69.00000   34.00000  50.7%   108 1289s
 208908 122667   68.00000   77  113   69.00000   34.00000  50.7%   108 1298s
 210374 123826   68.00000   57  202   69.00000   34.00000  50.7%   108 1308s
 212104 125040 infeasible   89        69.00000   34.00000  50.7%   108 1318s
 213771 126181   68.00000   68  140   69.00000   34.00000  50.7%   108 1327s
 215429 127347   68.00000   57  260   69.00000   34.00000  50.7%   108 1337s
 217040 128368   66.00000   61  160   69.00000   34.00000  50.7%   108 1346s
 218554 129455   66.00000   52  172   69.00000   34.00000  50.7%   108 1356s
 220117 130545 infeasible   66        69.00000   34.00000  50.7%   108 1366s
 221719 131607   58.00000   57  243   69.00000   34.00000  50.7%   108 1376s
 223305 132806   68.00000   55  131   69.00000   34.00000  50.7%   108 1386s
 224967 133857   66.00000   59  166   69.00000   34.00000  50.7%   109 1395s
 226598 134910   60.00000   59  182   69.00000   34.00000  50.7%   109 1405s
 228178 135983   39.00000   43  209   69.00000   34.00000  50.7%   109 1414s
 229783 136927   68.00000   73  126   69.00000   34.00000  50.7%   109 1424s
 231201 138194 infeasible   79        69.00000   34.00000  50.7%   109 1435s
 233031 139244   65.00000   57  153   69.00000   34.00000  50.7%   109 1445s
 234568 140389   67.00000   56  166   69.00000   34.00000  50.7%   109 1456s
 236221 141409   61.00000   57  198   69.00000   34.00000  50.7%   109 1466s
 237740 142578   48.00000   39  253   69.00000   34.00000  50.7%   109 1476s
 239428 143685   65.00000   69  128   69.00000   34.00000  50.7%   109 1487s
 241080 144782   67.00000   52  219   69.00000   34.00000  50.7%   109 1498s
 242765 145829   68.00000   62  141   69.00000   34.00000  50.7%   109 1510s
 244352 146941   68.00000   54  111   69.00000   34.00000  50.7%   109 1521s
 245961 148091   50.00000   51  141   69.00000   34.00000  50.7%   109 1532s
 247621 149251   47.00000   49  237   69.00000   34.00000  50.7%   110 1543s
 249281 150455   64.00000   82  133   69.00000   34.00000  50.7%   110 1553s
 251131 151357   68.00000   60  216   69.00000   34.00000  50.7%   110 1564s
 252748 152470   67.00000   55  161   69.00000   34.00000  50.7%   110 1574s
 254373 153450   61.00000   51  192   69.00000   34.00000  50.7%   110 1584s
 255781 154486   40.00000   49  206   69.00000   34.00000  50.7%   110 1593s
 257410 155504   67.00000   78  146   69.00000   34.00000  50.7%   110 1603s
 258908 156523   68.00000   88  154   69.00000   34.00000  50.7%   110 1612s
 260460 157652   46.00000   55  206   69.00000   34.00000  50.7%   110 1623s
 262147 158834   66.00000   67  139   69.00000   34.00000  50.7%   110 1633s
 263793 159883   67.00000   56  240   69.00000   34.00000  50.7%   110 1643s
 265409 160916   64.00000   65  191   69.00000   34.00000  50.7%   110 1654s
 266965 161864   67.00000   69  228   69.00000   34.00000  50.7%   110 1664s
 268477 163015   67.00000   74  138   69.00000   34.00000  50.7%   110 1674s
 270178 164079   62.00000   62  228   69.00000   34.00000  50.7%   110 1684s
 271761 165026   68.00000   59  223   69.00000   34.00000  50.7%   110 1695s
 273246 166066 infeasible   79        69.00000   34.00000  50.7%   110 1705s
 274977 167106   64.00000   46  155   69.00000   34.00000  50.7%   110 1715s
 276843 168158   48.00000   43  183   69.00000   34.00000  50.7%   110 1724s
 278505 169203     cutoff   79        69.00000   34.00000  50.7%   110 1734s
 280096 170325   64.00000   74  198   69.00000   34.00000  50.7%   110 1744s
 281745 171322   51.00000   56  278   69.00000   34.00000  50.7%   110 1753s
 283238 172420   52.00000   47  201   69.00000   34.00000  50.7%   110 1762s
 284791 173424   65.00000   66  162   69.00000   34.00000  50.7%   111 1772s
 286332 174531 infeasible   83        69.00000   34.00000  50.7%   111 1784s
 287902 175641   64.00000   65  206   69.00000   34.00000  50.7%   111 1794s
 289563 176786   49.00000   52  235   69.00000   34.00000  50.7%   111 1805s
 291230 177914   68.00000   81  108   69.00000   34.00000  50.7%   111 1814s
 292825 179005     cutoff   69        69.00000   34.00000  50.7%   111 1825s
 294445 180069   61.00000   59  209   69.00000   34.00000  50.7%   111 1835s
 296013 181230   62.00000   56  164   69.00000   34.00000  50.7%   111 1845s
 297753 182216   65.00000   61  156   69.00000   34.00000  50.7%   111 1854s
 299304 183227   65.00000   92   91   69.00000   34.00000  50.7%   111 1863s
 300865 184287   46.00000   51  319   69.00000   34.00000  50.7%   111 1872s
 302445 185353   67.00000   55  271   69.00000   34.00000  50.7%   111 1882s
 304085 186431   50.00000   46  253   69.00000   34.00000  50.7%   111 1891s
 305711 187497 infeasible   71        69.00000   34.00000  50.7%   111 1902s
 307355 188584   61.00000   65  164   69.00000   34.00000  50.7%   111 1912s
 308941 189501   67.00000   72   78   69.00000   34.00000  50.7%   111 1922s
 310579 190501   65.00000   53  102   69.00000   34.00000  50.7%   111 1932s
 312103 191746   62.00000   47  178   69.00000   34.00000  50.7%   111 1942s
 313849 192866   66.00000   59  141   69.00000   34.00000  50.7%   111 1952s
 315608 193966   63.00000   71  184   69.00000   34.00000  50.7%   111 1961s
 317146 194887   45.00000   38  222   69.00000   34.00000  50.7%   111 1971s
 318594 195977   47.00000   55  273   69.00000   34.00000  50.7%   111 1981s
 320093 196892   68.00000   63  105   69.00000   34.00000  50.7%   111 1991s
 321466 197902   48.00000   44  247   69.00000   34.00000  50.7%   111 2000s
 322994 199016   68.00000   77  166   69.00000   34.00000  50.7%   111 2011s
 324522 200143   34.00000   34  281   69.00000   34.00000  50.7%   111 2022s
 326057 201222   66.00000   59  137   69.00000   34.00000  50.7%   111 2033s
 327661 202287   63.00000   68  262   69.00000   34.00000  50.7%   111 2043s
 329168 203393   65.00000   67  181   69.00000   34.00000  50.7%   111 2054s
 330858 204549   65.00000   63  120   69.00000   34.00000  50.7%   111 2064s
 332513 205531 infeasible   86        69.00000   34.00000  50.7%   112 2075s
 334036 206676   68.00000   80   81   69.00000   34.00000  50.7%   112 2086s
 335741 207708   47.00000   63  266   69.00000   34.00000  50.7%   112 2098s
 337300 208895   62.00000   45  227   69.00000   34.00000  50.7%   112 2109s
 338821 209952   67.00000   61  112   69.00000   34.00000  50.7%   112 2119s
 340439 211149   51.00000   55  182   69.00000   34.00000  50.7%   112 2130s
 342193 212264   68.00000   54  191   69.00000   34.00000  50.7%   112 2140s
 343817 213288 infeasible   78        69.00000   34.00000  50.7%   112 2150s
 345309 214373   68.00000   73  138   69.00000   34.00000  50.7%   112 2161s
 346886 215457   58.00000   49  255   69.00000   34.00000  50.7%   112 2171s
 348503 216487   68.00000   76  166   69.00000   34.00000  50.7%   112 2181s
 350215 217649   59.00000   85  110   69.00000   34.00000  50.7%   112 2192s
 352040 218738     cutoff   75        69.00000   34.00000  50.7%   112 2202s
 353599 219918   68.00000   63  159   69.00000   34.00000  50.7%   112 2213s
 355337 221040   45.00000   59  238   69.00000   34.00000  50.7%   112 2223s
 356962 222077   48.00000   54  261   69.00000   34.00000  50.7%   112 2235s
 358468 223202   68.00000   72  135   69.00000   34.00000  50.7%   112 2246s
 360205 224262   54.00000   43  280   69.00000   34.00000  50.7%   112 2257s
 361777 225390   65.00000   68  189   69.00000   34.00000  50.7%   112 2267s
 363468 226534   63.00000   76   95   69.00000   34.00000  50.7%   112 2277s
 365080 227657   37.00000   44  233   69.00000   34.00000  50.7%   112 2286s
 366611 228770   65.00000   66   81   69.00000   34.00000  50.7%   112 2297s
 368275 229899   63.00000   84   82   69.00000   34.00000  50.7%   112 2307s
 369937 230795   65.00000   41  221   69.00000   34.00000  50.7%   112 2317s
 371558 231812   67.00000   61  121   69.00000   34.00000  50.7%   112 2327s
 373208 232794   64.00000   79  173   69.00000   34.00000  50.7%   112 2338s
 374718 233978   46.00000   41  264   69.00000   34.00000  50.7%   112 2349s
 376366 235031   68.00000   69  149   69.00000   34.00000  50.7%   112 2360s
 377963 236044 infeasible   86        69.00000   34.00000  50.7%   112 2371s
 379448 237046   68.00000   81  163   69.00000   34.00000  50.7%   112 2382s
 381015 238175   68.00000   47  270   69.00000   34.00000  50.7%   113 2392s
 382709 239408   65.00000   61  170   69.00000   34.00000  50.7%   113 2403s
 384421 240507   63.00000   66  195   69.00000   34.00000  50.7%   113 2415s
 386038 242001   34.00000   35  257   69.00000   34.00000  50.7%   113 2426s
 387843 243032 infeasible   62        69.00000   34.00000  50.7%   113 2437s
 389733 244080   51.00000   47  185   69.00000   34.00000  50.7%   113 2448s
 391441 245115   66.00000   78  142   69.00000   34.00000  50.7%   113 2459s
 392989 246192   65.00000   76  154   69.00000   34.00000  50.7%   113 2469s
 394537 247343   57.00000   45  157   69.00000   34.00000  50.7%   113 2479s
 396222 248422   61.00000   44  297   69.00000   34.00000  50.7%   113 2490s
 397767 249566   34.00000   40  271   69.00000   34.00000  50.7%   113 2502s
 399411 250577   68.00000   68  112   69.00000   34.00000  50.7%   113 2512s
 400927 251548   68.00000   72   83   69.00000   34.00000  50.7%   113 2523s
 402724 252667     cutoff   82        69.00000   34.00000  50.7%   113 2533s
 404347 253780   65.00000   71  135   69.00000   34.00000  50.7%   113 2543s
 406026 254847   39.00000   42  245   69.00000   34.00000  50.7%   113 2553s
 407560 255891   47.00000   41  235   69.00000   34.00000  50.7%   113 2565s
 409235 256879   68.00000   63  106   69.00000   34.00000  50.7%   113 2576s
 410724 257902   63.00000   69  221   69.00000   34.00000  50.7%   113 2587s
 412237 259045   56.00000   63  200   69.00000   34.00000  50.7%   113 2597s
 413898 260169   62.00000   59  160   69.00000   34.00000  50.7%   113 2607s
 415562 261301   34.00000   52  236   69.00000   34.00000  50.7%   113 2617s
 417258 262421   51.00000   57  236   69.00000   34.00000  50.7%   113 2628s
 419049 263367 infeasible  104        69.00000   34.00000  50.7%   113 2638s
 420544 264372   68.00000   51  211   69.00000   34.00000  50.7%   113 2648s
 422094 265285   58.00000   53  219   69.00000   34.00000  50.7%   113 2659s
 423657 266225   48.00000   33  227   69.00000   34.00000  50.7%   113 2670s
 425258 267460   50.00000   57  245   69.00000   34.00000  50.7%   113 2681s
 427071 268360   66.00000   83  191   69.00000   34.00000  50.7%   113 2691s
 428502 269397   63.00000   54  246   69.00000   34.00000  50.7%   113 2701s
 430048 270594   36.00000   43  233   69.00000   34.00000  50.7%   113 2711s
 431760 271824   67.00000   75  117   69.00000   34.00000  50.7%   113 2722s
 433483 272960   58.00000   57  224   69.00000   34.00000  50.7%   113 2733s
 435195 274013   68.00000   64  222   69.00000   34.00000  50.7%   113 2743s
 436771 275080 infeasible   81        69.00000   34.00000  50.7%   113 2753s
 438339 276080   67.00000   72  181   69.00000   34.00000  50.7%   113 2763s
 439828 277231   67.00000   49  179   69.00000   34.00000  50.7%   113 2774s
 441486 278272 infeasible   68        69.00000   34.00000  50.7%   113 2784s
 443096 279414 infeasible   79        69.00000   34.00000  50.7%   113 2794s
 444735 280327   65.00000   57  168   69.00000   34.00000  50.7%   113 2803s
 446157 281482   65.00000   75  149   69.00000   34.00000  50.7%   113 2813s
 447849 282550   65.00000   52  203   69.00000   34.00000  50.7%   113 2823s
 449515 283620   62.00000   78  203   69.00000   34.00000  50.7%   113 2832s
 451141 284828   67.00000   86   54   69.00000   34.00000  50.7%   113 2842s
 452854 285973   65.00000   90   75   69.00000   34.00000  50.7%   113 2852s
 454497 287058   58.00000   68  126   69.00000   34.00000  50.7%   113 2863s
 456031 288097   68.00000   83  113   69.00000   34.00000  50.7%   113 2873s
 457603 289054   67.00000   48  210   69.00000   34.00000  50.7%   113 2883s
 459130 289976   65.00000   58  139   69.00000   34.00000  50.7%   113 2894s
 460754 290997   68.00000   65  194   69.00000   34.00000  50.7%   113 2904s
 462380 292160   58.00000   62  165   69.00000   34.00000  50.7%   113 2915s
 464074 293149   67.00000   74   81   69.00000   34.00000  50.7%   113 2924s
 465608 294192 infeasible   78        69.00000   34.00000  50.7%   113 2934s
 467107 295230 infeasible   74        69.00000   34.00000  50.7%   113 2944s
 468680 296316   46.00000   39  259   69.00000   34.00000  50.7%   113 2953s
 470238 297427   60.00000   57  181   69.00000   34.00000  50.7%   113 2963s
 471893 298555 infeasible   88        69.00000   34.00000  50.7%   113 2972s
 473556 299653   68.00000  100   78   69.00000   34.00000  50.7%   113 2982s
 475177 300895   46.00000   36  225   69.00000   34.00000  50.7%   113 2994s
 476908 302051   45.00000   46  262   69.00000   34.00000  50.7%   113 3004s
 478587 303283   47.00000   54  254   69.00000   34.00000  50.7%   113 3015s
 480343 304466   46.00000   48  215   69.00000   34.00000  50.7%   113 3025s
 482053 305513   59.00000   46  212   69.00000   34.00000  50.7%   113 3035s
 483539 306456   64.00000   56  189   69.00000   34.00000  50.7%   113 3044s
 485110 307512   68.00000   64  249   69.00000   34.00000  50.7%   113 3056s
 486896 308659   46.00000   43  279   69.00000   34.00000  50.7%   113 3067s
 488508 309669     cutoff   84        69.00000   34.00000  50.7%   113 3077s
 490068 310659 infeasible   85        69.00000   34.00000  50.7%   113 3087s
 491492 311666   57.00000   59  161   69.00000   34.00000  50.7%   114 3098s
 493018 312751   67.00000   65  126   69.00000   34.00000  50.7%   114 3108s
 494673 313669   57.00000   59  260   69.00000   34.00000  50.7%   114 3119s
 496150 314696   58.00000   71  141   69.00000   34.00000  50.7%   114 3129s
 497819 315807   65.00000   55  150   69.00000   34.00000  50.7%   114 3139s
 499444 316899   66.00000   49  172   69.00000   34.00000  50.7%   114 3150s
 501144 317914   66.00000   86   78   69.00000   34.00000  50.7%   114 3161s
 502665 318987 infeasible   77        69.00000   34.00000  50.7%   114 3173s
 504444 320040   67.00000   78  119   69.00000   34.00000  50.7%   114 3183s
 506019 321245   59.00000   60  235   69.00000   34.00000  50.7%   114 3192s
 507674 322428   36.00000   44  246   69.00000   34.00000  50.7%   114 3204s
 509484 323363   64.00000   58  255   69.00000   34.00000  50.7%   114 3214s
 510886 324496   63.00000   51  239   69.00000   34.00000  50.7%   114 3223s
 512498 325678 infeasible   78        69.00000   34.00000  50.7%   114 3233s
 514201 326641   34.00000   42  235   69.00000   34.00000  50.7%   114 3242s
 515767 327650 infeasible   72        69.00000   34.00000  50.7%   114 3252s
 517242 328804   64.00000   67  127   69.00000   34.00000  50.7%   114 3264s
 518929 329803   66.00000   75  125   69.00000   34.00000  50.7%   114 3274s
 520427 330895   64.00000   61  190   69.00000   34.00000  50.7%   114 3283s
 522081 331910   48.00000   52  229   69.00000   34.00000  50.7%   114 3293s
 523605 332938   53.00000   59  187   69.00000   34.00000  50.7%   114 3303s
 525226 333968   66.00000   66  114   69.00000   34.00000  50.7%   114 3314s
 526715 334967   58.00000   54  270   69.00000   34.00000  50.7%   114 3325s
 528195 336190   48.00000   45  226   69.00000   34.00000  50.7%   114 3337s
 529881 337333   68.00000   70  119   69.00000   34.00000  50.7%   114 3349s
 531626 338407   61.00000   55  222   69.00000   34.00000  50.7%   114 3360s
 533373 339598   68.00000   70  227   69.00000   34.00000  50.7%   114 3371s
 535145 340652   49.00000   67  227   69.00000   34.00000  50.7%   114 3382s
 536720 341743   66.00000   67  223   69.00000   34.00000  50.7%   114 3393s
 538434 342873 infeasible  115        69.00000   34.00000  50.7%   114 3403s
 540082 343925   65.00000   84  135   69.00000   34.00000  50.7%   114 3413s
 541777 345065   67.00000   84  243   69.00000   34.00000  50.7%   114 3423s
 543466 346260 infeasible   98        69.00000   34.00000  50.7%   114 3434s
 545167 347398   66.00000   63  173   69.00000   34.00000  50.7%   114 3444s
 546811 348368   64.00000   80  131   69.00000   34.00000  50.7%   114 3454s
 548382 349389   65.00000   75  210   69.00000   34.00000  50.7%   114 3464s
 549919 350634   65.00000   83  125   69.00000   34.00000  50.7%   114 3474s
 551755 351810   49.00000   61  209   69.00000   34.00000  50.7%   114 3485s
 553418 352856   44.00000   53  255   69.00000   34.00000  50.7%   114 3495s
 554976 353788   59.00000   54  224   69.00000   34.00000  50.7%   114 3504s
 556451 354775   63.00000   69  226   69.00000   34.00000  50.7%   114 3515s
 557952 355874   47.00000   43  231   69.00000   34.00000  50.7%   114 3526s
 559546 357080   65.00000   54  232   69.00000   34.00000  50.7%   114 3538s
 561310 358114   62.00000   61  184   69.00000   34.00000  50.7%   114 3548s
 562859 359105   59.00000   53  144   69.00000   34.00000  50.7%   114 3559s
 564279 360372   50.00000   45  249   69.00000   34.00000  50.7%   114 3571s
 566108 361317 infeasible   64        69.00000   34.00000  50.7%   114 3582s
 567660 362212   34.00000   66  215   69.00000   34.00000  50.7%   114 3592s
 569282 362986   68.00000   92   98   69.00000   34.00000  50.7%   114 3600s

Explored 570579 nodes (65218675 simplex iterations) in 3600.06 seconds (2176.81 work units)
Thread count was 32 (of 32 available processors)

Solution count 10: 69 70 71 ... 79

Time limit reached
Best objective 6.900000000000e+01, best bound 3.400000000000e+01, gap 50.7246%
