
Gurobi 13.0.0 (linux64) logging started Wed Nov 26 23:45:09 2025

Set parameter LogFile to value "./Results/StripPacking-BranchSP/Logs/SUspb-010-StripPacking-20-0.log"
Set parameter TimeLimit to value 3600
Set parameter Cuts to value 0
Set parameter Presolve to value 1
Set parameter Heuristics to value 0
Set parameter LogToConsole to value 0
Set parameter LPWarmStart to value 2
Gurobi Optimizer version 13.0.0 build v13.0.0rc1 (linux64 - "Debian GNU/Linux 12 (bookworm)")

CPU model: Intel(R) Xeon(R) CPU E5-2630 v3 @ 2.40GHz, instruction set [SSE2|AVX|AVX2]
Thread count: 16 physical cores, 32 logical processors, using up to 32 threads

Non-default parameters:
TimeLimit  3600
LPWarmStart  2
Heuristics  0
Cuts  0
LogToConsole  0
Presolve  1

Optimize a model with 31525 rows, 1251 columns and 92450 nonzeros (Min)
Model fingerprint: 0xbd6d724d
Model has 1 linear objective coefficients
Variable types: 51 continuous, 1200 integer (1200 binary)
Coefficient statistics:
  Matrix range     [1e+00, 1e+04]
  Objective range  [1e+00, 1e+00]
  Bounds range     [1e+00, 1e+04]
  RHS range        [1e+00, 1e+04]
Using branch priorities.

Warning: Completing partial solution with 1200 unfixed non-continuous variables out of 1200
User MIP start produced solution with objective 104.8 (0.06s)
Loaded user MIP start with objective 104.8

Presolve removed 600 rows and 0 columns
Presolve time: 0.14s
Presolved: 30925 rows, 1251 columns, 91250 nonzeros
Variable types: 51 continuous, 1200 integer (1200 binary)
Root relaxation presolved: 1251 rows, 32176 columns, 92501 nonzeros


Root relaxation: objective 3.600000e+01, 1931 iterations, 0.45 seconds (0.39 work units)

    Nodes    |    Current Node    |     Objective Bounds      |     Work
 Expl Unexpl |  Obj  Depth IntInf | Incumbent    BestBd   Gap | It/Node Time

     0     0   36.00000    0  300  104.80000   36.00000  65.6%     -    2s
     0     0   36.00000    0  300  104.80000   36.00000  65.6%     -    2s
     0     0   36.00000    0  257  104.80000   36.00000  65.6%     -    3s
     0     2   36.00000    0  214  104.80000   36.00000  65.6%     -    4s
     3     8   36.00000    2  220  104.80000   36.00000  65.6%   278    5s
   173   197   36.56206   10  338  104.80000   36.00000  65.6%   216   10s
   470   503   65.00000   29  221  104.80000   36.00000  65.6%   200   15s
  1349  1437   99.00000   99   29  104.80000   36.00000  65.6%   131   20s
* 1364  1404             109     104.0000000   36.00000  65.4%   129   20s
* 1859  1690             108      97.0000000   36.00000  62.9%   111   21s
* 2310  2040             116      94.0000000   36.00000  61.7%  98.4   22s
* 2451  1921             138      92.0000000   36.00000  60.9%  94.5   22s
  2948  2227   83.00000   41  243   92.00000   36.00000  60.9%  90.1   25s
  3323  2373   51.00000   35  204   92.00000   36.00000  60.9%  86.7   32s
  3425  2470   42.00000   21  201   92.00000   36.00000  60.9%  91.0   35s
  3912  2798   65.00000   32  182   92.00000   36.00000  60.9%  89.7   40s
  4323  3077   65.00000   45  133   92.00000   36.00000  60.9%  91.1   45s
  5232  3763   91.00000   71  175   92.00000   36.00000  60.9%  85.3   50s
* 5495  3595             100      91.0000000   36.00000  60.4%  83.3   51s
* 6056  3487             110      90.0000000   36.00000  60.0%  80.1   53s
* 6307  3287             133      89.0000000   36.00000  59.6%  79.0   53s
* 6310  3030             131      86.0000000   36.00000  58.1%  79.0   53s
* 6479  2844             146      85.0000000   36.00000  57.6%  78.4   54s
  6536  2969   50.00000   30  236   85.00000   36.00000  57.6%  78.4   55s
* 6948  2998             131      84.0000000   36.00000  57.1%  77.2   56s
  7754  3337   61.00000   68  179   84.00000   36.00000  57.1%  76.2   60s
  8956  3964   81.00000  107   60   84.00000   36.00000  57.1%  75.7   65s
* 9517  4003             117      83.0000000   36.00000  56.6%  75.4   67s
  9928  4408   57.00000   45  211   83.00000   42.00000  49.4%  75.3   70s
 11175  5402   70.00000   74  129   83.00000   42.00000  49.4%  75.9   76s
 12085  6000   68.00000   47  139   83.00000   42.00000  49.4%  77.4   80s
 12970  6743   80.00000   80  106   83.00000   43.00000  48.2%  78.7   85s
 13578  7309   77.00000   53  159   83.00000   43.00000  48.2%  79.9   90s
 14863  8209   73.00000   71  194   83.00000   43.00000  48.2%  80.7   96s
 15735  8792   79.00000   76   56   83.00000   43.00000  48.2%  81.5  100s
 16534  9386   78.00000   35  193   83.00000   43.00000  48.2%  82.4  105s
 17433 10047   69.00000   66  171   83.00000   43.00000  48.2%  83.5  110s
*18203  9416             100      82.0000000   43.00000  47.6%  83.8  113s
 18637  9762 infeasible   92        82.00000   43.00000  47.6%  83.5  116s
*18766  8820              96      81.0000000   43.00000  46.9%  83.7  116s
 19726  9462   59.00000   55  293   81.00000   43.00000  46.9%  85.1  123s
 20192  9795   80.00000   70  119   81.00000   43.00000  46.9%  85.3  126s
 20809 10241   67.00000   50  228   81.00000   43.00000  46.9%  86.0  130s
 22127 11158   80.00000   75  137   81.00000   43.00000  46.9%  87.5  139s
 22928 11637   80.00000   73  131   81.00000   43.00000  46.9%  88.4  143s
 23768 12086   79.00000   86   71   81.00000   43.00000  46.9%  89.2  148s
 24419 12953     cutoff   75        81.00000   43.00000  46.9%  89.9  153s
 25527 13716   79.00000   79   98   81.00000   43.00000  46.9%  90.0  158s
 26504 14371   79.00000   52  139   81.00000   43.00000  46.9%  90.5  163s
 27505 15139   67.00000   50  206   81.00000   44.00000  45.7%  91.0  168s
 28561 15743   72.00000   70  120   81.00000   45.00000  44.4%  91.5  174s
 29449 16449   48.00000   49  274   81.00000   45.00000  44.4%  91.6  180s
 30553 17019   80.00000   80  107   81.00000   46.00000  43.2%  92.1  187s
 31553 17700   72.00000   54  199   81.00000   46.00000  43.2%  93.2  194s
 32689 18495   76.00000   59  181   81.00000   46.00000  43.2%  93.9  200s
 33966 19277   76.00000   55  246   81.00000   46.00000  43.2%  94.0  208s
 35203 20162   67.00000   61  224   81.00000   46.00000  43.2%  94.7  215s
 36624 21281   80.00000   70  118   81.00000   46.00000  43.2%  94.9  223s
 38193 22601   55.00000   58  283   81.00000   46.00000  43.2%  94.9  230s
 39969 23851 infeasible   69        81.00000   46.00000  43.2%  94.4  238s
 41675 25065   79.00000   59  171   81.00000   46.00000  43.2%  94.2  247s
 43409 26037   74.00000   58  131   81.00000   46.00000  43.2%  94.2  256s
 44799 27044 infeasible   79        81.00000   46.00000  43.2%  94.3  264s
 46313 28074   70.00000   49  187   81.00000   46.00000  43.2%  94.5  274s
 47939 28881   79.00000   55  158   81.00000   46.00000  43.2%  94.7  282s
 49422 29957   65.00000   57  239   81.00000   48.00000  40.7%  95.2  291s
 50996 30993   78.00000   50  124   81.00000   48.00000  40.7%  95.6  300s
 52572 31885   67.00000   48  265   81.00000   48.00000  40.7%  95.9  309s
 54096 32784   63.00000   60  239   81.00000   48.00000  40.7%  96.2  318s
 55648 33946   53.00000   50  230   81.00000   48.00000  40.7%  96.5  327s
 57309 35123   80.00000   96   49   81.00000   48.00000  40.7%  96.7  336s
 59056 36380   78.00000   52  163   81.00000   48.00000  40.7%  96.7  344s
*59944 30780              98      80.0000000   48.00000  40.0%  96.5  344s
 60912 31642   69.00000   58  204   80.00000   48.00000  40.0%  96.5  352s
*61706 25856             106      79.0000000   48.00000  39.2%  96.5  352s
 62671 26592     cutoff   95        79.00000   48.00000  39.2%  96.4  361s
 64358 27768   77.00000   74  161   79.00000   48.00000  39.2%  96.5  369s
 66062 28626   78.00000   75   96   79.00000   48.00000  39.2%  96.5  377s
 67521 29698   78.00000   61  186   79.00000   48.00000  39.2%  96.6  385s
 69223 30653   78.00000   60  130   79.00000   48.00000  39.2%  96.6  393s
 70802 31645   78.00000   61  204   79.00000   48.00000  39.2%  96.7  402s
 72398 32615   51.00000   32  209   79.00000   48.00000  39.2%  96.8  410s
 73990 33580   78.00000   77   97   79.00000   48.00000  39.2%  96.9  420s
 75574 34560   77.00000   93  119   79.00000   48.00000  39.2%  97.0  429s
 77209 35465 infeasible   77        79.00000   48.00000  39.2%  97.2  437s
 78679 36411   74.00000   50  198   79.00000   48.00000  39.2%  97.4  445s
 80252 37566   77.00000   66  206   79.00000   48.00000  39.2%  97.6  454s
 82049 38527 infeasible   80        79.00000   48.00000  39.2%  97.5  461s
 83688 39540     cutoff   78        79.00000   48.00000  39.2%  97.5  470s
 85336 40353   77.00000   72  156   79.00000   48.00000  39.2%  97.7  479s
 86911 41403 infeasible   77        79.00000   48.00000  39.2%  97.8  488s
 88571 42476 infeasible   72        79.00000   48.00000  39.2%  97.9  497s
 90308 43317   77.00000   79  123   79.00000   48.00000  39.2%  97.9  505s
 91778 44083   78.00000   70  118   79.00000   48.00000  39.2%  98.1  514s
 93286 44925   60.00000   64  207   79.00000   48.00000  39.2%  98.4  523s
 94924 45826   78.00000   77  181   79.00000   48.00000  39.2%  98.5  533s
 96589 46714   78.00000   84  115   79.00000   48.00000  39.2%  98.6  541s
 98206 47590   77.00000   67  126   79.00000   48.00000  39.2%  98.7  549s
 99859 48499   63.00000   59  207   79.00000   48.00000  39.2%  98.8  557s
 101505 49473 infeasible   69        79.00000   48.00000  39.2%  98.9  565s
 103077 50745   66.00000   65  139   79.00000   48.00000  39.2%  99.0  573s
 104986 51761   61.00000   53  111   79.00000   48.00000  39.2%  98.8  582s
*105252 36494             101      78.0000000   48.00000  38.5%  98.8  582s
 106803 37104   65.00000   45  138   78.00000   48.00000  38.5%  98.7  590s
 108218 38071   60.00000   67  187   78.00000   48.00000  38.5%  98.8  597s
 109824 38958   77.00000   85   95   78.00000   48.00000  38.5%  98.8  606s
 111372 39893   73.00000   36  166   78.00000   48.00000  38.5%  98.9  614s
 112877 40861   51.00000   34  187   78.00000   48.00000  38.5%  99.0  623s
 114473 41827   76.00000   64  228   78.00000   48.00000  38.5%  99.0  631s
 116009 42877   61.00000   49  170   78.00000   48.00000  38.5%  99.0  640s
 117613 43902     cutoff   83        78.00000   48.00000  38.5%  99.1  648s
 119154 44899   76.00000   87  122   78.00000   48.00000  38.5%  99.2  656s
 120812 45875   75.00000   68  104   78.00000   48.00000  38.5%  99.2  665s
 122422 46902   77.00000   48  189   78.00000   48.00000  38.5%  99.3  673s
 124101 47950   77.00000   64   86   78.00000   48.00000  38.5%  99.4  681s
 125727 48813   66.00000   37  241   78.00000   48.00000  38.5%  99.4  690s
 127207 50061     cutoff   58        78.00000   48.00000  38.5%  99.5  699s
 129090 51184 infeasible   80        78.00000   48.00000  38.5%  99.5  708s
 130795 52062   73.00000   62  154   78.00000   48.00000  38.5%  99.5  717s
 132280 53150     cutoff   74        78.00000   48.00000  38.5%   100  725s
 134106 54100     cutoff   68        78.00000   48.00000  38.5%   100  735s
 135696 55076   77.00000   71  146   78.00000   48.00000  38.5%   100  743s
 137361 56121   48.00000   44  188   78.00000   48.00000  38.5%   100  754s
 138945 57221   73.00000   64  185   78.00000   48.00000  38.5%   100  764s
 140740 58533   61.00000   36  185   78.00000   48.00000  38.5%   100  773s
 142681 59606   67.00000   51  250   78.00000   48.00000  38.5%  99.4  782s
 144280 60508   77.00000   70   92   78.00000   48.00000  38.5%  99.4  791s
 145767 61508 infeasible   66        78.00000   48.00000  38.5%  99.5  799s
 147391 62535 infeasible   83        78.00000   48.00000  38.5%   100  808s
 148989 63699   67.00000   55  154   78.00000   48.00000  38.5%   100  816s
 150708 64547   77.00000   64  110   78.00000   48.00000  38.5%   100  824s
 152254 65466   72.00000   77  181   78.00000   48.00000  38.5%   100  833s
 153817 66373   73.00000   69  156   78.00000   48.00000  38.5%   100  841s
 155467 67444   68.00000   54  255   78.00000   48.00000  38.5%   100  849s
 157173 68647   77.00000   81  170   78.00000   48.00000  38.5%   100  857s
 159030 69704   59.00000   48  205   78.00000   48.00000  38.5%   100  866s
 160768 70657   62.00000   60  107   78.00000   48.00000  38.5%   100  874s
 162381 71459   63.00000   58  234   78.00000   48.00000  38.5%   100  882s
 163799 72458     cutoff   58        78.00000   48.00000  38.5%   100  890s
 165440 73447   72.00000   58  174   78.00000   48.00000  38.5%   100  899s
 167050 74555   77.00000   67  184   78.00000   48.00000  38.5%   100  907s
 168853 75549     cutoff   77        78.00000   48.00000  38.5%   100  916s
 170521 76601   55.00000   43  208   78.00000   48.00000  38.5%   100  925s
 172094 77651   77.00000   81  105   78.00000   48.00000  38.5%   100  933s
 173775 78628   74.00000   62  184   78.00000   48.00000  38.5%   100  941s
 175431 79638   75.00000   57   96   78.00000   48.00000  38.5%   100  950s
 177098 80610   59.00000   48  231   78.00000   48.00000  38.5%   100  958s
 178709 81628   74.00000   60  166   78.00000   48.00000  38.5%   100  967s
 180340 82623   77.00000   71  119   78.00000   48.00000  38.5%   100  976s
 181970 83547   77.00000   71  161   78.00000   48.00000  38.5%   100  985s
 183548 84483   77.00000   91  138   78.00000   48.00000  38.5%   100  995s
 185179 85393 infeasible   72        78.00000   48.00000  38.5%   100 1005s
 186681 86330 infeasible   75        78.00000   48.00000  38.5%   100 1013s
 188171 87272   74.00000   79  122   78.00000   48.00000  38.5%   100 1021s
 189719 88196   77.00000   69  144   78.00000   48.00000  38.5%   100 1030s
 191292 89209   72.00000   52  162   78.00000   48.00000  38.5%   100 1039s
 193065 90082   71.00000   70  150   78.00000   48.00000  38.5%   100 1048s
 194662 91048   49.00000   71  196   78.00000   48.00000  38.5%   100 1057s
 196348 91976   75.00000   66  116   78.00000   48.00000  38.5%   100 1067s
 197962 92896   77.00000   54  211   78.00000   48.00000  38.5%   100 1076s
 199460 93931   77.00000   81  103   78.00000   48.00000  38.5%   100 1087s
 201111 94823 infeasible   72        78.00000   48.00000  38.5%   100 1097s
 202597 95815   77.00000   66  145   78.00000   48.00000  38.5%   100 1108s
 204194 96689   72.00000   64  133   78.00000   48.00000  38.5%   100 1117s
 205758 97669     cutoff   68        78.00000   48.00000  38.5%   100 1128s
 207436 98893 infeasible   77        78.00000   48.00000  38.5%   100 1137s
 209257 99872   77.00000   68  197   78.00000   48.00000  38.5%   100 1147s
 210895 100992 infeasible   91        78.00000   48.00000  38.5%   100 1157s
 212689 101889   67.00000   65  150   78.00000   48.00000  38.5%   100 1165s
 214173 102849   68.00000   58  228   78.00000   48.00000  38.5%   100 1174s
 215799 103555 infeasible   67        78.00000   48.00000  38.5%   100 1183s
 217314 104515 infeasible   98        78.00000   48.00000  38.5%   100 1192s
 218956 105623 infeasible   88        78.00000   48.00000  38.5%   100 1201s
 220784 106600   75.00000   68  123   78.00000   48.00000  38.5%   100 1210s
 222410 107506   73.00000   84   95   78.00000   48.00000  38.5%   100 1218s
 223869 108364   72.00000   52  153   78.00000   48.00000  38.5%   100 1227s
 225319 109461   66.00000   50  178   78.00000   48.00000  38.5%   100 1236s
 226956 110360   60.00000   59  171   78.00000   48.00000  38.5%   100 1246s
 228527 111220   74.00000   75  131   78.00000   48.00000  38.5%   100 1254s
 230066 112003   77.00000   81  155   78.00000   48.00000  38.5%   100 1264s
 231573 112983 infeasible   86        78.00000   48.00000  38.5%   100 1274s
 233214 113879   75.00000   77  124   78.00000   48.00000  38.5%   100 1284s
 234677 114856   76.00000   64  208   78.00000   48.00000  38.5%   100 1294s
 236308 115804   77.00000   58  183   78.00000   48.00000  38.5%   100 1304s
 237974 116821   77.00000   68  240   78.00000   48.00000  38.5%   100 1314s
 239698 118010 infeasible   63        78.00000   48.00000  38.5%   100 1323s
 241502 118968   70.00000   64  102   78.00000   48.00000  38.5%   100 1332s
 243187 120037 infeasible   82        78.00000   48.00000  38.5%   100 1341s
 244955 120822   77.00000   57  204   78.00000   48.00000  38.5%   100 1350s
 246459 121693 infeasible   73        78.00000   48.00000  38.5%   100 1359s
 248045 122603   71.00000   63  155   78.00000   48.00000  38.5%   100 1370s
 249682 123314   77.00000   81   65   78.00000   48.00000  38.5%   100 1380s
 251209 124169   67.00000   71  219   78.00000   48.00000  38.5%   100 1389s
 252771 125118     cutoff   77        78.00000   48.00000  38.5%   100 1399s
 254303 125972   74.00000   65  148   78.00000   48.00000  38.5%   100 1409s
 255929 126783   75.00000   59  155   78.00000   48.00000  38.5%   100 1420s
 257477 127737   77.00000   78  102   78.00000   48.00000  38.5%   101 1430s
 259193 128776   77.00000   75  173   78.00000   48.00000  38.5%   101 1440s
 260850 129709   72.00000   70  149   78.00000   48.00000  38.5%   101 1450s
 262566 130843   77.00000   63  126   78.00000   48.00000  38.5%   101 1459s
 264340 131793   63.00000   61  248   78.00000   48.00000  38.5%   101 1470s
 265999 132750 infeasible   87        78.00000   48.00000  38.5%   101 1479s
 267722 133688   77.00000   69  216   78.00000   48.00000  38.5%   101 1490s
 269222 134541   77.00000   71  119   78.00000   48.00000  38.5%   101 1500s
 270806 135391   76.00000   81  113   78.00000   49.00000  37.2%   101 1510s
 272289 136427     cutoff   62        78.00000   49.00000  37.2%   101 1520s
 274061 137576   77.00000   69   75   78.00000   49.00000  37.2%   101 1530s
 275867 138420   77.00000   79   54   78.00000   49.00000  37.2%   101 1539s
 277418 139355 infeasible   80        78.00000   49.00000  37.2%   101 1547s
 278970 140185   77.00000   71  141   78.00000   49.00000  37.2%   101 1555s
 280432 141330   66.00000   51  218   78.00000   49.00000  37.2%   101 1564s
 282023 142177   75.00000   84  112   78.00000   49.00000  37.2%   101 1573s
 283636 142998   74.00000   73  158   78.00000   49.00000  37.2%   101 1582s
 285074 143788   76.00000   61   64   78.00000   49.00000  37.2%   101 1591s
 286514 144656   77.00000   58  159   78.00000   49.00000  37.2%   101 1601s
 287969 145693   76.00000   60  170   78.00000   49.00000  37.2%   101 1610s
 289584 146717   61.00000   48  144   78.00000   49.00000  37.2%   101 1619s
 291231 147573   62.00000   43  206   78.00000   49.00000  37.2%   101 1627s
 292677 148511   72.00000   64  132   78.00000   49.00000  37.2%   101 1637s
 294233 149384 infeasible   70        78.00000   49.00000  37.2%   101 1646s
 295800 150087   77.00000   75  151   78.00000   49.00000  37.2%   101 1658s
 297333 150948   71.00000   50  207   78.00000   49.00000  37.2%   101 1669s
 298899 151927   71.00000   70  154   78.00000   49.00000  37.2%   101 1679s
 300548 152956   73.00000   56  215   78.00000   49.00000  37.2%   101 1689s
 302288 153783   77.00000   70  159   78.00000   49.00000  37.2%   101 1698s
 303739 154725   76.00000   81  102   78.00000   49.00000  37.2%   101 1708s
 305387 155709   77.00000   63  141   78.00000   49.00000  37.2%   101 1718s
 307070 156667     cutoff   69        78.00000   49.00000  37.2%   101 1729s
 308708 157618   75.00000   72  111   78.00000   49.00000  37.2%   102 1738s
 310287 158423   70.00000   55  104   78.00000   49.00000  37.2%   102 1748s
 311841 159426 infeasible   71        78.00000   49.00000  37.2%   102 1758s
 313498 160356   76.00000   79  109   78.00000   49.00000  37.2%   102 1768s
 315160 161345 infeasible   83        78.00000   49.00000  37.2%   102 1780s
 316800 162192   63.00000   48  180   78.00000   49.00000  37.2%   102 1790s
 318363 163285   76.00000   81  128   78.00000   49.00000  37.2%   102 1801s
 320107 164417   76.00000   76  119   78.00000   49.00000  37.2%   102 1811s
 321884 165327 infeasible   63        78.00000   49.00000  37.2%   102 1821s
 323411 166261   74.00000   69  124   78.00000   49.00000  37.2%   102 1831s
 324971 167123   76.00000   74   71   78.00000   49.00000  37.2%   102 1840s
 326464 167987   75.00000   76  130   78.00000   49.00000  37.2%   102 1850s
 328108 168883   77.00000   66  108   78.00000   49.00000  37.2%   102 1861s
 329710 169837   66.00000   59  194   78.00000   49.00000  37.2%   102 1871s
 331312 170539   73.00000   73   93   78.00000   49.00000  37.2%   102 1880s
 332861 171463   77.00000   63   87   78.00000   49.00000  37.2%   102 1891s
 334513 172452 infeasible   76        78.00000   49.00000  37.2%   102 1900s
 336117 173102   74.00000   67  140   78.00000   49.00000  37.2%   102 1910s
 337523 174032   77.00000   82  128   78.00000   49.00000  37.2%   102 1920s
 339114 175178   72.00000   48  157   78.00000   49.00000  37.2%   102 1929s
 340807 176144   77.00000   66   71   78.00000   49.00000  37.2%   102 1939s
 342394 177214   49.00000   51  207   78.00000   49.00000  37.2%   102 1949s
 344112 178300   72.00000   67  172   78.00000   49.00000  37.2%   102 1958s
 345760 179228   74.00000   67  149   78.00000   49.00000  37.2%   102 1966s
 347270 180181   74.00000   58  229   78.00000   49.00000  37.2%   102 1975s
 348808 181116   76.00000   68   79   78.00000   49.00000  37.2%   102 1984s
 350285 182088   74.00000   69  165   78.00000   49.00000  37.2%   102 1993s
 351905 183039   76.00000   65  128   78.00000   49.00000  37.2%   102 2003s
 353528 184061     cutoff   77        78.00000   49.00000  37.2%   102 2013s
 355214 184974   76.00000   85  159   78.00000   49.00000  37.2%   102 2021s
 356839 185896   74.00000   54  202   78.00000   49.00000  37.2%   102 2031s
 358427 186809     cutoff   69        78.00000   49.00000  37.2%   102 2041s
 360004 187757   77.00000   62  257   78.00000   49.00000  37.2%   102 2050s
 361512 188572 infeasible   74        78.00000   49.00000  37.2%   102 2059s
 363124 189390   61.00000   72  186   78.00000   49.00000  37.2%   103 2069s
 364720 190546   51.00000   40  202   78.00000   49.00000  37.2%   103 2078s
 366495 191618 infeasible   67        78.00000   49.00000  37.2%   103 2087s
 368230 192576   76.00000   65  132   78.00000   49.00000  37.2%   103 2096s
 369845 193708   51.00000   38  190   78.00000   49.00000  37.2%   103 2104s
 371599 194720   76.00000   79  104   78.00000   49.00000  37.2%   103 2113s
 373279 195852   66.00000   47  159   78.00000   49.00000  37.2%   103 2122s
 375028 196918   49.00000   45  188   78.00000   49.00000  37.2%   103 2131s
 376702 197967     cutoff   72        78.00000   49.00000  37.2%   103 2140s
 378382 198881 infeasible   73        78.00000   49.00000  37.2%   103 2149s
 379958 199911 infeasible   96        78.00000   49.00000  37.2%   103 2159s
 381620 200928   73.00000   70  112   78.00000   49.00000  37.2%   103 2168s
 383179 201999   61.00000   51  181   78.00000   49.00000  37.2%   103 2176s
 384771 202785   68.00000   66  146   78.00000   49.00000  37.2%   103 2184s
 386194 204020   76.00000   62  184   78.00000   49.00000  37.2%   103 2193s
 388005 205078   51.00000   38  227   78.00000   49.00000  37.2%   103 2202s
 389666 205790   75.00000   75  124   78.00000   49.00000  37.2%   103 2210s
 391317 206660   75.00000   62  155   78.00000   49.00000  37.2%   103 2220s
 392802 207671   66.00000   54  115   78.00000   49.00000  37.2%   103 2228s
 394396 208518   61.00000   52  203   78.00000   49.00000  37.2%   103 2238s
 395871 209392   49.44246   52  209   78.00000   49.00000  37.2%   103 2248s
 397407 210214   73.00000   60  106   78.00000   49.00000  37.2%   103 2257s
 398847 211203   61.00000   60  215   78.00000   49.00000  37.2%   103 2266s
 400424 212131   73.00000   66  140   78.00000   49.00000  37.2%   103 2275s
 401932 213133   77.00000   57  166   78.00000   49.00000  37.2%   103 2285s
 403622 213991   77.00000   76   88   78.00000   49.00000  37.2%   103 2296s
 405129 214734   77.00000   75  106   78.00000   49.00000  37.2%   103 2307s
 406685 215776   75.00000   67  173   78.00000   49.00000  37.2%   103 2317s
 408381 217025   63.00000   55  185   78.00000   49.00000  37.2%   103 2326s
 410307 218336   77.00000   80   81   78.00000   49.00000  37.2%   103 2337s
 412141 219501   68.00000   49  133   78.00000   49.00000  37.2%   103 2346s
 413808 220404     cutoff   70        78.00000   49.00000  37.2%   103 2355s
 415539 221283   76.00000   50  275   78.00000   49.00000  37.2%   103 2364s
 417048 222381   76.00000   62  117   78.00000   49.00000  37.2%   103 2373s
 418771 223331   76.00000   66  219   78.00000   49.00000  37.2%   103 2381s
 420375 224319   59.00000   44  149   78.00000   49.00000  37.2%   103 2390s
 421996 225339 infeasible   63        78.00000   49.00000  37.2%   103 2400s
 423679 226267   60.00000   58  181   78.00000   49.00000  37.2%   103 2409s
 425247 227322   77.00000   67  124   78.00000   49.00000  37.2%   103 2418s
 426945 228235   61.00000   52  141   78.00000   49.00000  37.2%   103 2426s
 428573 229047   77.00000   77  170   78.00000   49.00000  37.2%   103 2434s
 430160 229827 infeasible   67        78.00000   49.00000  37.2%   103 2444s
 431632 231044   77.00000   69  115   78.00000   49.76815  36.2%   103 2454s
 433394 231926   75.00000   49  227   78.00000   50.00000  35.9%   103 2462s
 434818 232960   74.00000   69  172   78.00000   50.00000  35.9%   103 2471s
 436489 233952   77.00000   74   94   78.00000   50.00000  35.9%   103 2480s
 438024 235192   63.00000   54  180   78.00000   50.00000  35.9%   103 2488s
 439891 236005     cutoff   71        78.00000   50.00000  35.9%   103 2496s
 441472 236948     cutoff   60        78.00000   50.00000  35.9%   103 2504s
 442983 237976   76.00000   69  159   78.00000   50.00000  35.9%   103 2514s
 444612 238891   77.00000   83  132   78.00000   50.00000  35.9%   103 2523s
 446137 239763   76.00000   61   56   78.00000   50.00000  35.9%   103 2533s
 447622 240650   72.00000   75  113   78.00000   50.00000  35.9%   103 2545s
 449199 241785   65.00000   57  101   78.00000   50.00000  35.9%   103 2555s
 450947 242478 infeasible   67        78.00000   50.00000  35.9%   103 2566s
 452406 243348   72.00000   69  217   78.00000   50.00000  35.9%   103 2575s
 453883 244210   64.00000   43  175   78.00000   50.00000  35.9%   103 2585s
 455441 245166   74.00000   78  117   78.00000   50.00000  35.9%   103 2594s
 457059 246062   77.00000   63  139   78.00000   50.00000  35.9%   103 2604s
 458698 247065     cutoff   72        78.00000   50.00000  35.9%   103 2613s
 460420 247894   77.00000   64  129   78.00000   50.00000  35.9%   103 2622s
 462092 248861   76.00000   62  114   78.00000   50.00000  35.9%   103 2631s
 463767 249781   72.00000   43  160   78.00000   50.00000  35.9%   104 2640s
 465253 250627   71.00000   71  142   78.00000   50.00000  35.9%   104 2651s
 466874 251540   72.00000   70  156   78.00000   50.00000  35.9%   104 2660s
 468381 252681   63.00000   43  225   78.00000   50.00000  35.9%   104 2669s
 470095 253518   72.00000   62  128   78.00000   50.00000  35.9%   104 2680s
 471621 254821   77.00000   62  128   78.00000   50.00000  35.9%   104 2689s
 473558 255725   73.00000   80  106   78.00000   50.00000  35.9%   104 2698s
 475314 256719 infeasible   84        78.00000   50.00000  35.9%   104 2707s
 477031 257891   74.00000   70  160   78.00000   50.00000  35.9%   104 2718s
 478901 258915   76.00000   75  146   78.00000   50.00000  35.9%   104 2728s
 480618 260062   77.00000   62  169   78.00000   50.00000  35.9%   104 2738s
 482472 260999   74.00000   58  193   78.00000   50.00000  35.9%   104 2747s
 484137 262015   74.00000   65  120   78.00000   50.00000  35.9%   104 2756s
 485811 262982   70.00000   82  214   78.00000   50.00000  35.9%   104 2765s
 487425 263997 infeasible   88        78.00000   50.00000  35.9%   104 2774s
 489175 264916   70.00000   68  163   78.00000   50.00000  35.9%   104 2783s
 490674 265830   61.00000   52  262   78.00000   50.00000  35.9%   104 2792s
 492136 266864   71.00000   63  186   78.00000   50.00000  35.9%   104 2801s
 493744 267890   68.00000   66  194   78.00000   50.00000  35.9%   104 2810s
 495386 268742   72.00000   61  155   78.00000   50.00000  35.9%   104 2820s
 496988 269466 infeasible   74        78.00000   50.00000  35.9%   104 2830s
 498446 270381   76.00000   73  119   78.00000   50.00000  35.9%   104 2839s
 500108 271088   50.00000   61  224   78.00000   50.00000  35.9%   104 2849s
 501667 271886   77.00000   72  155   78.00000   50.00000  35.9%   104 2858s
 503285 272939   71.00000   66  103   78.00000   50.00000  35.9%   104 2867s
 504971 273870   74.00000   77  158   78.00000   50.00000  35.9%   104 2876s
 506575 274829     cutoff   68        78.00000   50.00000  35.9%   104 2884s
 508100 275856   68.00000   60  239   78.00000   50.00000  35.9%   104 2894s
 509755 276781   60.00000   48  187   78.00000   50.00000  35.9%   104 2903s
 511218 277844   74.00000   64  158   78.00000   50.00000  35.9%   104 2913s
 512893 278882   74.00000   56  161   78.00000   50.00000  35.9%   104 2922s
 514597 279760 infeasible   75        78.00000   50.00000  35.9%   104 2931s
 516178 280790 infeasible   80        78.00000   50.00000  35.9%   104 2940s
 517884 281705   75.00000   67  152   78.00000   50.00000  35.9%   104 2949s
 519595 282711   75.00000   97   32   78.00000   50.00000  35.9%   104 2958s
 521405 283638   74.00000   48  213   78.00000   50.00000  35.9%   104 2968s
 523226 284682   75.00000   94  118   78.00000   50.00000  35.9%   104 2977s
 524902 285716   76.00000   87   85   78.00000   50.00000  35.9%   104 2987s
 526688 286754   74.00000   57  124   78.00000   50.00000  35.9%   104 2996s
 528499 287939     cutoff   81        78.00000   50.00000  35.9%   104 3008s
 530293 288772 infeasible   94        78.00000   50.00000  35.9%   104 3016s
 531741 289725 infeasible   91        78.00000   50.00000  35.9%   104 3024s
 533456 290540   75.00000   96  155   78.00000   50.00000  35.9%   104 3032s
 535115 291436   65.00000   70  126   78.00000   50.00000  35.9%   104 3040s
 536815 292363     cutoff   93        78.00000   50.00000  35.9%   104 3047s
 538426 293342   74.00000   70  127   78.00000   50.00000  35.9%   104 3056s
 540031 294160   70.00000   65  169   78.00000   50.00000  35.9%   104 3064s
 541508 295057 infeasible   99        78.00000   50.00000  35.9%   104 3073s
 543012 295823   74.00000   59  107   78.00000   50.00000  35.9%   104 3081s
 544368 296740   76.00000   87  159   78.00000   50.00000  35.9%   104 3092s
 545896 297586 infeasible   88        78.00000   50.00000  35.9%   104 3101s
 547415 298357     cutoff   87        78.00000   50.00000  35.9%   104 3110s
 548905 299145   77.00000  102   36   78.00000   50.00000  35.9%   104 3119s
 550405 299876 infeasible   73        78.00000   50.00000  35.9%   104 3129s
 552005 300468   77.00000   89  169   78.00000   50.00000  35.9%   104 3139s
 553413 301080   77.00000   90  120   78.00000   50.00000  35.9%   104 3149s
 554866 301829     cutoff   56        78.00000   50.00000  35.9%   104 3160s
 556480 302487   77.00000   84  135   78.00000   50.00000  35.9%   104 3171s
 558105 303379   75.00000   73  105   78.00000   50.00000  35.9%   105 3182s
 559799 304407     cutoff   71        78.00000   50.00000  35.9%   105 3193s
 561603 305556   67.00000   59  113   78.00000   50.00000  35.9%   105 3204s
 563538 306536   72.00000   68  120   78.00000   50.00000  35.9%   105 3214s
 565087 307590 infeasible   82        78.00000   50.00000  35.9%   105 3224s
 566881 308603 infeasible   58        78.00000   50.00000  35.9%   105 3233s
 568632 309639 infeasible   81        78.00000   50.00000  35.9%   105 3243s
 570386 310516 infeasible   78        78.00000   50.00000  35.9%   105 3252s
 571900 311633   77.00000   57  159   78.00000   50.00000  35.9%   105 3263s
 573625 312587 infeasible   68        78.00000   50.00000  35.9%   105 3273s
 575211 313625     cutoff   70        78.00000   50.00000  35.9%   105 3284s
 576786 314613   73.00000   47  108   78.00000   50.00000  35.9%   105 3293s
 578443 315665   77.00000   91   82   78.00000   50.00000  35.9%   105 3303s
 580206 316774   73.00000   78  116   78.00000   50.00000  35.9%   105 3313s
 581917 317984   72.00000   56  178   78.00000   50.00000  35.9%   105 3322s
 583755 319125   75.00000   69  119   78.00000   50.00000  35.9%   105 3332s
 585530 320279   77.00000   61  137   78.00000   50.00000  35.9%   105 3341s
 587286 321219   76.00000   67   82   78.00000   50.00000  35.9%   105 3350s
 588862 322112   77.00000   72  139   78.00000   50.00000  35.9%   105 3358s
 590431 323034   77.00000   73  221   78.00000   50.00000  35.9%   105 3368s
 592102 323992   72.00000   73  153   78.00000   50.00000  35.9%   105 3377s
 593698 324972 infeasible   87        78.00000   50.00000  35.9%   105 3387s
 595315 325982   76.00000   59  230   78.00000   50.00000  35.9%   105 3396s
 596943 326886   72.00000   53  185   78.00000   50.00000  35.9%   105 3405s
 598547 327825 infeasible   58        78.00000   50.00000  35.9%   105 3415s
 600088 328908   77.00000   67  220   78.00000   50.00000  35.9%   105 3425s
 601709 329812   76.00000   60  131   78.00000   50.00000  35.9%   105 3433s
 603317 330713 infeasible   67        78.00000   50.00000  35.9%   105 3442s
 604943 331428   74.00000   53  152   78.00000   50.00000  35.9%   105 3451s
 606349 332258   72.00000   60  175   78.00000   50.00000  35.9%   105 3461s
 607849 333175 infeasible   78        78.00000   50.00000  35.9%   105 3470s
 609431 334225   50.00000   34  242   78.00000   50.00000  35.9%   105 3480s
 611159 335139 infeasible   72        78.00000   50.00000  35.9%   105 3490s
 612725 336039   77.00000   61  223   78.00000   50.00000  35.9%   105 3500s
 614296 337032 infeasible   60        78.00000   50.00000  35.9%   105 3509s
 615944 338054   76.00000   73  160   78.00000   50.00000  35.9%   105 3518s
 617588 338957   68.00000   47  257   78.00000   50.00000  35.9%   105 3528s
 619197 339910   60.00000   48  206   78.00000   50.00000  35.9%   105 3537s
 620724 340788 infeasible   79        78.00000   50.00000  35.9%   105 3546s
 622333 341847 infeasible   64        78.00000   50.00000  35.9%   105 3556s
 623959 342792   75.00000   72  179   78.00000   50.00000  35.9%   105 3566s
 625508 343873   75.00000   76   50   78.00000   50.00000  35.9%   105 3576s
 627262 344953   72.00000   68  294   78.00000   50.00000  35.9%   105 3586s
 629089 346188 infeasible   89        78.00000   50.00000  35.9%   105 3595s
 631016 346735   72.00000   67  193   78.00000   50.00000  35.9%   105 3600s

Explored 631948 nodes (66336163 simplex iterations) in 3600.05 seconds (2105.18 work units)
Thread count was 32 (of 32 available processors)

Solution count 10: 78 79 80 ... 89

Time limit reached
Best objective 7.800000000000e+01, best bound 5.000000000000e+01, gap 35.8974%
