
Gurobi 12.0.3 (win64) logging started Mon Oct  6 12:40:09 2025

Set parameter LogFile to value "Results/D-RU-[[1, 1], [0, 0]].log"
Set parameter DisplayInterval to value 60
Set parameter NumericFocus to value 3
Set parameter IntegralityFocus to value 1
Set parameter FeasibilityTol to value 1e-09
Gurobi Optimizer version 12.0.3 build v12.0.3rc0 (win64 - Windows 11.0 (26100.2))

CPU model: AMD Ryzen AI 9 365 w/ Radeon 880M, instruction set [SSE2|AVX|AVX2|AVX512]
Thread count: 10 physical cores, 20 logical processors, using up to 20 threads

Non-default parameters:
TimeLimit  240
FeasibilityTol  1e-09
IntegralityFocus  1
DisplayInterval  60
NumericFocus  3

Optimize a model with 108 rows, 35 columns and 484 nonzeros
Model fingerprint: 0x272cd3f0
Variable types: 12 continuous, 23 integer (23 binary)
Coefficient statistics:
  Matrix range     [2e-01, 6e+01]
  Objective range  [1e+00, 1e+00]
  Bounds range     [1e+00, 1e+00]
  RHS range        [1e+00, 6e+01]
Presolve removed 50 rows and 4 columns
Presolve time: 0.00s
Presolved: 58 rows, 31 columns, 213 nonzeros
Variable types: 12 continuous, 19 integer (19 binary)

Root relaxation: objective 4.000000e+00, 33 iterations, 0.00 seconds (0.00 work units)

    Nodes    |    Current Node    |     Objective Bounds      |     Work
 Expl Unexpl |  Obj  Depth IntInf | Incumbent    BestBd   Gap | It/Node Time

     0     0    4.00000    0    5          -    4.00000      -     -    0s
H    0     0                      -0.0000000    4.00000      -     -    0s
     0     2    4.00000    0    5   -0.00000    4.00000      -     -    0s

Cutting planes:
  Implied bound: 1

Explored 65 nodes (379 simplex iterations) in 0.02 seconds (0.01 work units)
Thread count was 20 (of 20 available processors)

Solution count 1: -0 
No other solutions better than -0

Optimal solution found (tolerance 1.00e-04)
Best objective -0.000000000000e+00, best bound -0.000000000000e+00, gap 0.0000%
