
Gurobi 12.0.3 (win64) logging started Thu Nov 13 13:48:37 2025

Set parameter LogFile to value "Results/D-RU-((1, 0), (0, 1)).log"
Set parameter DisplayInterval to value 60
Set parameter NumericFocus to value 3
Set parameter IntegralityFocus to value 1
Set parameter FeasibilityTol to value 1e-09
Gurobi Optimizer version 12.0.3 build v12.0.3rc0 (win64 - Windows 11+.0 (26200.2))

CPU model: AMD Ryzen AI 9 365 w/ Radeon 880M, instruction set [SSE2|AVX|AVX2|AVX512]
Thread count: 10 physical cores, 20 logical processors, using up to 20 threads

Non-default parameters:
TimeLimit  120
FeasibilityTol  1e-09
IntegralityFocus  1
DisplayInterval  60
NumericFocus  3

Optimize a model with 159 rows, 31 columns and 880 nonzeros
Model fingerprint: 0x2901a3e7
Variable types: 12 continuous, 19 integer (19 binary)
Coefficient statistics:
  Matrix range     [1e+00, 4e+01]
  Objective range  [1e+00, 1e+00]
  Bounds range     [1e+00, 1e+00]
  RHS range        [1e+00, 4e+01]
Found heuristic solution: objective -0.0000000
Presolve removed 40 rows and 0 columns
Presolve time: 0.00s
Presolved: 119 rows, 31 columns, 688 nonzeros
Variable types: 12 continuous, 19 integer (19 binary)

Root relaxation: objective 2.857143e+00, 34 iterations, 0.00 seconds (0.00 work units)

    Nodes    |    Current Node    |     Objective Bounds      |     Work
 Expl Unexpl |  Obj  Depth IntInf | Incumbent    BestBd   Gap | It/Node Time

     0     0    2.85714    0    8   -0.00000    2.85714      -     -    0s
     0     2    2.85714    0    8   -0.00000    2.85714      -     -    0s
H 1028    80                       0.0000185    2.00000      -   3.6    0s

Cutting planes:
  Cover: 6
  Implied bound: 3
  Inf proof: 7

Explored 1503 nodes (5257 simplex iterations) in 0.18 seconds (0.04 work units)
Thread count was 20 (of 20 available processors)

Solution count 3: 1.84751e-05 -0 -0 

Optimal solution found (tolerance 1.00e-04)
Best objective -0.000000000000e+00, best bound -0.000000000000e+00, gap 0.0000%
