
Gurobi 13.0.0 (linux64) logging started Mon Nov 17 14:46:25 2025

Set parameter LogFile to value "Results/D-RU-((1, 0), (0, 0)).log"
Set parameter DisplayInterval to value 60
Set parameter NumericFocus to value 3
Set parameter IntegralityFocus to value 1
Set parameter FeasibilityTol to value 1e-09
Gurobi Optimizer version 13.0.0 build v13.0.0rc1 (linux64 - "Debian GNU/Linux 12 (bookworm)")

CPU model: Intel(R) Xeon(R) CPU E5-2630 v3 @ 2.40GHz, instruction set [SSE2|AVX|AVX2]
Thread count: 16 physical cores, 32 logical processors, using up to 32 threads

Non-default parameters:
TimeLimit  360
FeasibilityTol  1e-09
IntegralityFocus  1
DisplayInterval  60
NumericFocus  3

Optimize a model with 138 rows, 31 columns and 764 nonzeros (Max)
Model fingerprint: 0xfcf31f84
Model has 4 linear objective coefficients
Variable types: 12 continuous, 19 integer (19 binary)
Coefficient statistics:
  Matrix range     [1e+00, 4e+01]
  Objective range  [1e+00, 1e+00]
  Bounds range     [1e+00, 1e+00]
  RHS range        [1e+00, 4e+01]
Found heuristic solution: objective -0.0000000
Presolve removed 22 rows and 0 columns
Presolve time: 0.00s
Presolved: 116 rows, 31 columns, 668 nonzeros
Variable types: 12 continuous, 19 integer (19 binary)

Root relaxation: objective 4.000000e+00, 30 iterations, 0.00 seconds (0.00 work units)

    Nodes    |    Current Node    |     Objective Bounds      |     Work
 Expl Unexpl |  Obj  Depth IntInf | Incumbent    BestBd   Gap | It/Node Time

     0     0    4.00000    0    4   -0.00000    4.00000      -     -    0s
     0     2    4.00000    0    4   -0.00000    4.00000      -     -    0s

Cutting planes:
  Cover: 5
  Implied bound: 3
  Inf proof: 2

Explored 1589 nodes (5394 simplex iterations) in 0.15 seconds (0.03 work units)
Thread count was 32 (of 32 available processors)

Solution count 1: -0 
No other solutions better than -0

Optimal solution found (tolerance 1.00e-04)
Best objective -0.000000000000e+00, best bound -0.000000000000e+00, gap 0.0000%
