
Gurobi 13.0.0 (linux64) logging started Wed Nov 19 17:01:35 2025

Set parameter LogFile to value "Results/D-SBM-((0, 1), (1, 0)).log"
Set parameter DisplayInterval to value 60
Set parameter NumericFocus to value 3
Set parameter IntegralityFocus to value 1
Set parameter FeasibilityTol to value 1e-09
Gurobi Optimizer version 13.0.0 build v13.0.0rc1 (linux64 - "Debian GNU/Linux 12 (bookworm)")

CPU model: Intel(R) Xeon(R) CPU E5-2630 v3 @ 2.40GHz, instruction set [SSE2|AVX|AVX2]
Thread count: 16 physical cores, 32 logical processors, using up to 32 threads

Non-default parameters:
TimeLimit  3600
FeasibilityTol  1e-09
IntegralityFocus  1
DisplayInterval  60
NumericFocus  3

Optimize a model with 81 rows, 30 columns and 358 nonzeros (Max)
Model fingerprint: 0x7427ffe2
Model has 3 linear objective coefficients
Variable types: 10 continuous, 20 integer (20 binary)
Coefficient statistics:
  Matrix range     [3e-04, 2e+02]
  Objective range  [1e+00, 1e+00]
  Bounds range     [1e+00, 1e+00]
  RHS range        [5e-04, 2e+02]
Found heuristic solution: objective -0.0000000
Presolve removed 11 rows and 0 columns
Presolve time: 0.00s
Presolved: 70 rows, 30 columns, 342 nonzeros
Variable types: 10 continuous, 20 integer (20 binary)

Root relaxation: objective 3.000000e+00, 25 iterations, 0.00 seconds (0.00 work units)

    Nodes    |    Current Node    |     Objective Bounds      |     Work
 Expl Unexpl |  Obj  Depth IntInf | Incumbent    BestBd   Gap | It/Node Time

     0     0    3.00000    0    3   -0.00000    3.00000      -     -    0s
     0     2    3.00000    0    3   -0.00000    3.00000      -     -    0s
* 1010   124              13       0.0000000    2.00000      -   3.3    0s
* 1395   116              13       0.0000000    2.00000      -   3.3    0s
H 1928     8                       0.0000000    2.00000      -   3.3    0s

Cutting planes:
  Cover: 3
  Implied bound: 4
  Inf proof: 8

Explored 2162 nodes (7209 simplex iterations) in 0.15 seconds (0.03 work units)
Thread count was 32 (of 32 available processors)

Solution count 5: 5.60985e-09 3.7399e-09 1.86984e-09 ... -0

Optimal solution found (tolerance 1.00e-04)
Best objective -0.000000000000e+00, best bound -0.000000000000e+00, gap 0.0000%
