
Gurobi 13.0.0 (linux64) logging started Wed Nov 19 15:01:29 2025

Set parameter LogFile to value "Results/D-SBM-((0, 0), (1, 0)).log"
Set parameter DisplayInterval to value 60
Set parameter NumericFocus to value 3
Set parameter IntegralityFocus to value 1
Set parameter FeasibilityTol to value 1e-09
Gurobi Optimizer version 13.0.0 build v13.0.0rc1 (linux64 - "Debian GNU/Linux 12 (bookworm)")

CPU model: Intel(R) Xeon(R) CPU E5-2630 v3 @ 2.40GHz, instruction set [SSE2|AVX|AVX2]
Thread count: 16 physical cores, 32 logical processors, using up to 32 threads

Non-default parameters:
TimeLimit  3600
FeasibilityTol  1e-09
IntegralityFocus  1
DisplayInterval  60
NumericFocus  3

Optimize a model with 74 rows, 30 columns and 313 nonzeros (Max)
Model fingerprint: 0x2e749fb7
Model has 3 linear objective coefficients
Variable types: 10 continuous, 20 integer (20 binary)
Coefficient statistics:
  Matrix range     [1e-08, 2e+02]
  Objective range  [1e+00, 1e+00]
  Bounds range     [1e+00, 1e+00]
  RHS range        [6e-01, 2e+02]
Found heuristic solution: objective -0.0000000
Presolve removed 10 rows and 0 columns
Presolve time: 0.00s
Presolved: 64 rows, 30 columns, 305 nonzeros
Variable types: 10 continuous, 20 integer (20 binary)

Root relaxation: objective 3.000000e+00, 25 iterations, 0.00 seconds (0.00 work units)

    Nodes    |    Current Node    |     Objective Bounds      |     Work
 Expl Unexpl |  Obj  Depth IntInf | Incumbent    BestBd   Gap | It/Node Time

     0     0    3.00000    0    3   -0.00000    3.00000      -     -    0s
     0     2    3.00000    0    3   -0.00000    3.00000      -     -    0s
H   88   101                       0.0000000    3.00000      -   3.9    0s
*  118   101               8       0.0000000    3.00000      -   4.0    0s
*  194   131              14       0.0000000    3.00000      -   3.9    0s
*  239   146              15       0.0000000    3.00000      -   3.8    0s
*  321   162              12       0.0000001    3.00000      -   3.6    0s
*  324   162              13       0.0000047    3.00000      -   3.6    0s

Cutting planes:
  Cover: 1
  Implied bound: 5
  Inf proof: 2

Explored 1633 nodes (6055 simplex iterations) in 0.13 seconds (0.03 work units)
Thread count was 32 (of 32 available processors)

Solution count 8: 4.74278e-06 5.09428e-08 2.53377e-08 ... -0

Optimal solution found (tolerance 1.00e-04)
Best objective 5.830004151684e-10, best bound 5.830004151684e-10, gap 0.0000%
