
Gurobi 13.0.0 (linux64) logging started Wed Nov 19 19:02:25 2025

Set parameter LogFile to value "Results/D-SBM-((1, 1), (0, 1)).log"
Set parameter DisplayInterval to value 60
Set parameter NumericFocus to value 3
Set parameter IntegralityFocus to value 1
Set parameter FeasibilityTol to value 1e-09
Gurobi Optimizer version 13.0.0 build v13.0.0rc1 (linux64 - "Debian GNU/Linux 12 (bookworm)")

CPU model: Intel(R) Xeon(R) CPU E5-2630 v3 @ 2.40GHz, instruction set [SSE2|AVX|AVX2]
Thread count: 16 physical cores, 32 logical processors, using up to 32 threads

Non-default parameters:
TimeLimit  3600
FeasibilityTol  1e-09
IntegralityFocus  1
DisplayInterval  60
NumericFocus  3

Optimize a model with 101 rows, 30 columns and 493 nonzeros (Max)
Model fingerprint: 0xd524cd7d
Model has 3 linear objective coefficients
Variable types: 10 continuous, 20 integer (20 binary)
Coefficient statistics:
  Matrix range     [7e-04, 2e+02]
  Objective range  [1e+00, 1e+00]
  Bounds range     [1e+00, 1e+00]
  RHS range        [3e-16, 2e+02]
Found heuristic solution: objective -0.0000000
Presolve removed 24 rows and 0 columns
Presolve time: 0.00s
Presolved: 77 rows, 30 columns, 389 nonzeros
Variable types: 10 continuous, 20 integer (20 binary)

Root relaxation: objective 3.000000e+00, 31 iterations, 0.00 seconds (0.00 work units)

    Nodes    |    Current Node    |     Objective Bounds      |     Work
 Expl Unexpl |  Obj  Depth IntInf | Incumbent    BestBd   Gap | It/Node Time

     0     0    3.00000    0    3   -0.00000    3.00000      -     -    0s
     0     2    3.00000    0    3   -0.00000    3.00000      -     -    0s
H  182   134                       0.0000000    2.97646      -   3.3    0s

Cutting planes:
  Implied bound: 2

Explored 2475 nodes (7857 simplex iterations) in 0.13 seconds (0.03 work units)
Thread count was 32 (of 32 available processors)

Solution count 3: 2.47767e-08 -0 -0 

Optimal solution found (tolerance 1.00e-04)
Best objective -0.000000000000e+00, best bound -0.000000000000e+00, gap 0.0000%
