
Gurobi 13.0.0 (linux64) logging started Mon Nov 17 14:21:19 2025

Set parameter LogFile to value "Results/D-SU-((1, 1), (0, 0)).log"
Set parameter DisplayInterval to value 60
Set parameter NumericFocus to value 3
Set parameter IntegralityFocus to value 1
Set parameter FeasibilityTol to value 1e-09
Gurobi Optimizer version 13.0.0 build v13.0.0rc1 (linux64 - "Debian GNU/Linux 12 (bookworm)")

CPU model: Intel(R) Xeon(R) CPU E5-2630 v3 @ 2.40GHz, instruction set [SSE2|AVX|AVX2]
Thread count: 16 physical cores, 32 logical processors, using up to 32 threads

Non-default parameters:
TimeLimit  360
FeasibilityTol  1e-09
IntegralityFocus  1
DisplayInterval  60
NumericFocus  3

Optimize a model with 79 rows, 28 columns and 322 nonzeros (Max)
Model fingerprint: 0x5bba5cfc
Model has 4 linear objective coefficients
Variable types: 12 continuous, 16 integer (16 binary)
Coefficient statistics:
  Matrix range     [1e+00, 1e+02]
  Objective range  [1e+00, 1e+00]
  Bounds range     [1e+00, 1e+00]
  RHS range        [1e+00, 1e+02]
Found heuristic solution: objective -0.0000000
Presolve removed 13 rows and 0 columns
Presolve time: 0.00s
Presolved: 66 rows, 28 columns, 293 nonzeros
Variable types: 12 continuous, 16 integer (16 binary)

Root relaxation: objective 2.000000e+00, 23 iterations, 0.00 seconds (0.00 work units)

    Nodes    |    Current Node    |     Objective Bounds      |     Work
 Expl Unexpl |  Obj  Depth IntInf | Incumbent    BestBd   Gap | It/Node Time

     0     0    2.00000    0    3   -0.00000    2.00000      -     -    0s
     0     2    2.00000    0    3   -0.00000    2.00000      -     -    0s

Cutting planes:
  Cover: 4
  Implied bound: 4

Explored 500 nodes (1785 simplex iterations) in 0.05 seconds (0.01 work units)
Thread count was 32 (of 32 available processors)

Solution count 1: -0 
No other solutions better than -0

Optimal solution found (tolerance 1.00e-04)
Best objective -0.000000000000e+00, best bound -0.000000000000e+00, gap 0.0000%
