
Gurobi 12.0.3 (win64) logging started Mon Oct  6 12:05:22 2025

Set parameter LogFile to value "Results/P-HU-((1, 0), (0, 0)).log"
Set parameter NonConvex to value 2
Set parameter DisplayInterval to value 60
Set parameter IntegralityFocus to value 1
Gurobi Optimizer version 12.0.3 build v12.0.3rc0 (win64 - Windows 11.0 (26100.2))

CPU model: AMD Ryzen AI 9 365 w/ Radeon 880M, instruction set [SSE2|AVX|AVX2|AVX512]
Thread count: 10 physical cores, 20 logical processors, using up to 20 threads

Non-default parameters:
TimeLimit  240
IntegralityFocus  1
DisplayInterval  60
NonConvex  2

Optimize a model with 54 rows, 47 columns and 200 nonzeros
Model fingerprint: 0xd67507cf
Model has 32 quadratic constraints
Variable types: 24 continuous, 23 integer (23 binary)
Coefficient statistics:
  Matrix range     [1e+00, 3e+00]
  QMatrix range    [1e+00, 1e+00]
  QLMatrix range   [1e+00, 1e+01]
  Objective range  [1e+00, 1e+00]
  Bounds range     [1e+00, 1e+01]
  RHS range        [1e+00, 8e+00]
  QRHS range       [1e+01, 1e+01]
Presolve removed 21 rows and 4 columns
Presolve time: 0.00s
Presolved: 161 rows, 68 columns, 533 nonzeros
Presolved model has 24 bilinear constraint(s)

Solving non-convex MIQCP

Variable types: 49 continuous, 19 integer (19 binary)

Root relaxation: objective 4.000000e+00, 33 iterations, 0.00 seconds (0.00 work units)

    Nodes    |    Current Node    |     Objective Bounds      |     Work
 Expl Unexpl |  Obj  Depth IntInf | Incumbent    BestBd   Gap | It/Node Time

     0     0    4.00000    0   11          -    4.00000      -     -    0s
     0     0    4.00000    0    8          -    4.00000      -     -    0s
     0     0    4.00000    0    7          -    4.00000      -     -    0s
     0     0    4.00000    0   10          -    4.00000      -     -    0s
     0     0    4.00000    0   10          -    4.00000      -     -    0s
     0     0    4.00000    0    8          -    4.00000      -     -    0s
     0     0    4.00000    0    8          -    4.00000      -     -    0s
     0     2    4.00000    0    8          -    4.00000      -     -    0s
*31909   324              21      -0.0000000    2.00000      -   6.2    2s
*32907   324              75       0.0000055    2.00000      -   6.1    2s
H33740   410                       0.0000066    1.40000      -   6.1    2s
*33916   410              65       0.0000267    1.40000      -   6.0    2s
*35260   410              65       0.0000283    1.40000      -   5.9    2s
*51104   869              80       0.0000316    0.00015   363%   5.1    2s
H54796  1030                       0.0000353    0.00009   164%   5.0    3s
*64239  1170              95       0.0000551    0.00008  38.2%   4.8    3s
*64323  1170              95       0.0000555    0.00008  37.3%   4.8    3s
*64326  1170              95       0.0000556    0.00008  37.0%   4.8    3s
*66639  2390              95       0.0000629    0.00007  6.21%   4.7    3s
*66849  2390              98       0.0000666    0.00007  0.22%   4.7    3s

Cutting planes:
  Gomory: 1
  MIR: 2
  RLT: 11

Explored 70023 nodes (321049 simplex iterations) in 3.92 seconds (0.88 work units)
Thread count was 20 (of 20 available processors)

Solution count 10: 6.6612e-05 6.28527e-05 5.55751e-05 ... 6.56012e-06

Optimal solution found (tolerance 1.00e-04)
Best objective 1.369384436163e-12, best bound 1.369384436163e-12, gap 0.0000%
