
Gurobi 12.0.3 (win64) logging started Tue Oct 28 17:39:13 2025

Set parameter LogFile to value "Results/P-RU-((1, 1), (1, 1)).log"
Set parameter NonConvex to value 2
Set parameter DisplayInterval to value 60
Set parameter IntegralityFocus to value 1
Set parameter MIPFocus to value 3
Set parameter Heuristics to value 0
Set parameter RINS to value 0
Set parameter ImproveStartTime to value 10000000000
Set parameter Presolve to value 2
Set parameter Aggregate to value 2
Gurobi Optimizer version 12.0.3 build v12.0.3rc0 (win64 - Windows 11+.0 (26200.2))

CPU model: AMD Ryzen AI 9 365 w/ Radeon 880M, instruction set [SSE2|AVX|AVX2|AVX512]
Thread count: 10 physical cores, 20 logical processors, using up to 20 threads

Non-default parameters:
Heuristics  0
IntegralityFocus  1
MIPFocus  3
RINS  0
Aggregate  2
DisplayInterval  60
NonConvex  2
Presolve  2
ImproveStartTime  10000000000

Optimize a model with 191 rows, 59 columns and 982 nonzeros
Model fingerprint: 0x3e515a04
Model has 24 quadratic constraints
Model has 8 simple general constraints
  8 ABS
Variable types: 40 continuous, 19 integer (19 binary)
Coefficient statistics:
  Matrix range     [1e+00, 3e+00]
  QMatrix range    [1e+00, 1e+00]
  QLMatrix range   [1e+00, 1e+01]
  Objective range  [1e+00, 1e+00]
  Bounds range     [1e+00, 2e+01]
  RHS range        [1e+00, 8e+00]
  QRHS range       [1e+01, 1e+01]
Presolve added 0 rows and 16 columns
Presolve removed 112 rows and 0 columns
Presolve time: 0.00s
Presolved: 199 rows, 100 columns, 650 nonzeros
Presolved model has 24 bilinear constraint(s)

Solving non-convex MIQCP

Variable types: 73 continuous, 27 integer (27 binary)
Root relaxation presolve removed 24 rows and 9 columns
Root relaxation presolved: 175 rows, 91 columns, 618 nonzeros


Root relaxation: objective 2.666667e+00, 64 iterations, 0.00 seconds (0.00 work units)

    Nodes    |    Current Node    |     Objective Bounds      |     Work
 Expl Unexpl |  Obj  Depth IntInf | Incumbent    BestBd   Gap | It/Node Time

     0     0    2.66667    0   10          -    2.66667      -     -    0s
     0     0    2.00000    0    4          -    2.00000      -     -    0s
     0     0    2.00000    0    3          -    2.00000      -     -    0s
     0     0    2.00000    0    7          -    2.00000      -     -    0s
     0     0    2.00000    0    3          -    2.00000      -     -    0s
     0     0    2.00000    0    6          -    2.00000      -     -    0s
     0     0    2.00000    0    4          -    2.00000      -     -    0s
     0     0    2.00000    0    6          -    2.00000      -     -    0s
     0     0    2.00000    0    6          -    2.00000      -     -    0s
     0     0    2.00000    0   18          -    2.00000      -     -    0s
     0     0    2.00000    0   18          -    2.00000      -     -    0s
     0     0    2.00000    0    9          -    2.00000      -     -    0s
     0     0    2.00000    0   18          -    2.00000      -     -    0s
     0     0    2.00000    0   25          -    2.00000      -     -    0s
     0     0    2.00000    0   21          -    2.00000      -     -    0s
     0     0    2.00000    0   22          -    2.00000      -     -    0s
     0     0    2.00000    0   18          -    2.00000      -     -    0s
     0     0    2.00000    0   18          -    2.00000      -     -    0s
     0     0    2.00000    0   28          -    2.00000      -     -    0s
     0     0    2.00000    0   28          -    2.00000      -     -    0s
     0     2    2.00000    0   28          -    2.00000      -     -    0s
*   27    62               6       0.0000000    2.00000      -  15.9    0s

Cutting planes:
  Gomory: 14
  Cover: 1
  MIR: 7
  Flow cover: 55
  RLT: 105

Explored 1424 nodes (13149 simplex iterations) in 0.39 seconds (0.13 work units)
Thread count was 20 (of 20 available processors)

Solution count 1: 1.11022e-16 

Solve interrupted
Best objective -0.000000000000e+00, best bound 2.000000000000e+00, gap -
