
Gurobi 12.0.3 (win64) logging started Thu Nov 13 13:07:20 2025

Set parameter LogFile to value "Results/P-RU-((0, 0), (1, 0)).log"
Set parameter NonConvex to value 2
Set parameter DisplayInterval to value 60
Set parameter IntegralityFocus to value 1
Set parameter MIPFocus to value 3
Set parameter Heuristics to value 0
Set parameter RINS to value 0
Set parameter ImproveStartTime to value 10000000000
Set parameter Presolve to value 2
Set parameter Aggregate to value 2
Gurobi Optimizer version 12.0.3 build v12.0.3rc0 (win64 - Windows 11+.0 (26200.2))

CPU model: AMD Ryzen AI 9 365 w/ Radeon 880M, instruction set [SSE2|AVX|AVX2|AVX512]
Thread count: 10 physical cores, 20 logical processors, using up to 20 threads

Non-default parameters:
TimeLimit  360
Heuristics  0
IntegralityFocus  1
MIPFocus  3
RINS  0
Aggregate  2
DisplayInterval  60
NonConvex  2
Presolve  2
ImproveStartTime  10000000000

Optimize a model with 127 rows, 43 columns and 719 nonzeros
Model fingerprint: 0x2bd6a1d0
Model has 24 quadratic constraints
Variable types: 24 continuous, 19 integer (19 binary)
Coefficient statistics:
  Matrix range     [1e+00, 3e+00]
  QMatrix range    [1e+00, 1e+00]
  QLMatrix range   [1e+00, 1e+01]
  Objective range  [1e+00, 1e+00]
  Bounds range     [1e+00, 1e+01]
  RHS range        [1e+00, 8e+00]
  QRHS range       [1e+01, 1e+01]
Presolve removed 18 rows and 0 columns
Presolve time: 0.01s
Presolved: 229 rows, 68 columns, 1007 nonzeros
Presolved model has 24 bilinear constraint(s)

Solving non-convex MIQCP

Variable types: 49 continuous, 19 integer (19 binary)
Root relaxation presolve removed 27 rows and 1 columns
Root relaxation presolved: 202 rows, 67 columns, 925 nonzeros


Root relaxation: objective 4.000000e+00, 39 iterations, 0.00 seconds (0.00 work units)

    Nodes    |    Current Node    |     Objective Bounds      |     Work
 Expl Unexpl |  Obj  Depth IntInf | Incumbent    BestBd   Gap | It/Node Time

     0     0    4.00000    0   17          -    4.00000      -     -    0s
     0     0    4.00000    0   10          -    4.00000      -     -    0s
     0     0    4.00000    0   14          -    4.00000      -     -    0s
     0     0    4.00000    0   15          -    4.00000      -     -    0s
     0     0    4.00000    0   10          -    4.00000      -     -    0s
     0     0    4.00000    0   17          -    4.00000      -     -    0s
     0     0    4.00000    0    8          -    4.00000      -     -    0s
     0     0    4.00000    0    5          -    4.00000      -     -    0s
     0     0    4.00000    0    4          -    4.00000      -     -    0s
     0     0    4.00000    0    4          -    4.00000      -     -    0s
     0     2    4.00000    0    4          -    4.00000      -     -    0s
*  706   666              13      -0.0000000    4.00000      -  11.9    0s
*23970  3155              30       0.0000014    2.00000      -  12.5    1s
*28619  2692              31       0.0000017    1.59262      -  12.3    1s
*30019  2306              30       0.0000022    1.48356      -  12.1    1s
*32455  1430              33       0.0000038    1.18952      -  11.7    2s
*68626   660              40       0.0000046    0.00012  2437%   9.0    5s
*95970  4251              69       0.0000302    0.00004  40.7%   8.8    7s
*100442  5266              73       0.0000304    0.00004  25.1%   8.7    7s
 1430213 271150    0.00004  166    7    0.00003    0.00004  15.3%   1.3   60s
 2619795 446045 infeasible  166         0.00003    0.00004  15.3%   1.0  120s
 3679606 545484    0.00004  168    5    0.00003    0.00004  15.3%   0.9  180s
 4586454 650586    0.00004  148    4    0.00003    0.00004  15.3%   0.8  240s
*4705809  7047             174       0.0000350    0.00004  0.00%   0.8  250s

Cutting planes:
  Gomory: 21
  Lift-and-project: 7
  Cover: 2
  MIR: 12
  Flow cover: 100
  Inf proof: 40
  RLT: 129
  Relax-and-lift: 13

Explored 4707673 nodes (3788471 simplex iterations) in 250.89 seconds (44.98 work units)
Thread count was 20 (of 20 available processors)

Solution count 10: 3.50444e-05 3.03839e-05 3.02232e-05 ... -0

Optimal solution found (tolerance 1.00e-04)
Best objective 1.372343779085e-12, best bound 1.372343779085e-12, gap 0.0000%
