
Gurobi 13.0.0 (linux64) logging started Wed Nov 19 18:01:39 2025

Set parameter LogFile to value "Results/P-SBM-((0, 1), (0, 1)).log"
Set parameter NonConvex to value 2
Set parameter DisplayInterval to value 60
Set parameter NumericFocus to value 3
Set parameter IntegralityFocus to value 1
Set parameter FeasibilityTol to value 1e-09
Set parameter IntFeasTol to value 1e-09
Set parameter MIPGapAbs to value 1e-09
Set parameter MIPFocus to value 3
Set parameter Heuristics to value 0
Set parameter RINS to value 0
Set parameter ImproveStartTime to value 10000000000
Set parameter Presolve to value 2
Set parameter Aggregate to value 2
Gurobi Optimizer version 13.0.0 build v13.0.0rc1 (linux64 - "Debian GNU/Linux 12 (bookworm)")

CPU model: Intel(R) Xeon(R) CPU E5-2630 v3 @ 2.40GHz, instruction set [SSE2|AVX|AVX2]
Thread count: 16 physical cores, 32 logical processors, using up to 32 threads

Non-default parameters:
TimeLimit  3600
FeasibilityTol  1e-09
IntFeasTol  1e-09
MIPGapAbs  1e-09
Heuristics  0
IntegralityFocus  1
MIPFocus  3
RINS  0
Aggregate  2
DisplayInterval  60
NonConvex  2
NumericFocus  3
Presolve  2
ImproveStartTime  10000000000

Optimize a model with 65 rows, 42 columns and 286 nonzeros (Max)
Model fingerprint: 0xecfad09d
Model has 3 linear objective coefficients
Model has 24 quadratic constraints
Variable types: 22 continuous, 20 integer (20 binary)
Coefficient statistics:
  Matrix range     [1e+00, 2e+00]
  QMatrix range    [1e+00, 1e+00]
  QLMatrix range   [1e+00, 2e+01]
  Objective range  [1e+00, 1e+00]
  Bounds range     [1e+00, 1e+01]
  RHS range        [1e+00, 7e+00]
  QRHS range       [2e+01, 2e+01]
Presolve removed 12 rows and 0 columns
Presolve time: 0.02s
Presolved: 205 rows, 75 columns, 734 nonzeros
Presolved model has 32 bilinear constraint(s)
Warning: Model contains variables with very large bounds participating
         in product terms.
         Presolve was not able to compute smaller bounds for these variables.
         Consider bounding these variables or reformulating the model.


Solving non-convex MIQCP to global optimality

Variable types: 55 continuous, 20 integer (20 binary)
Root relaxation presolve removed 21 rows and 2 columns
Root relaxation presolved: 184 rows, 73 columns, 749 nonzeros


Root relaxation: objective 3.000000e+00, 41 iterations, 0.00 seconds (0.00 work units)

    Nodes    |    Current Node    |     Objective Bounds      |     Work
 Expl Unexpl |  Obj  Depth IntInf | Incumbent    BestBd   Gap | It/Node Time

     0     0    3.00000    0   11          -    3.00000      -     -    0s
     0     2    3.00000    0   11          -    3.00000      -     -    0s
*   28    28               4      -0.0000000    3.00000      -  15.7    0s
 499027  4593    1.02874   61   19   -0.00000    1.02883      -  11.5   60s
 902387  1702    0.00001  120   16   -0.00000    0.00001      -  12.3  120s
*928278  2809              75       0.0000000    0.00000      -  12.8  125s
*1096490 11025             133       0.0000000    0.00000      -  14.6  158s
 1206336 25799    0.00000  109   14    0.00000    0.00000      -  15.4  180s
 1573960 87319 infeasible  114         0.00000    0.00000      -  16.0  240s
 1941010 141481    0.00000  113   19    0.00000    0.00000      -  16.3  300s
 2320269 199507    0.00000  111   13    0.00000    0.00000      -  16.5  360s
 2700269 250963    0.00000  112   11    0.00000    0.00000      -  16.5  420s
 3082490 307803    0.00000  107    9    0.00000    0.00000      -  16.6  480s
 3460783 372388    0.00000  115   19    0.00000    0.00000      -  16.7  540s
 3831830 428858    0.00000  109   11    0.00000    0.00000      -  16.8  600s
 4206000 487304    0.00000  116   14    0.00000    0.00000      -  16.9  660s
 4575384 544843    0.00000  108   16    0.00000    0.00000      -  17.0  720s
 4957167 600911 infeasible  114         0.00000    0.00000      -  16.9  780s
 5340282 659268 infeasible  116         0.00000    0.00000      -  16.9  840s
 5717465 715425    0.00000  116   21    0.00000    0.00000      -  16.9  900s
*5870168 731845              91       0.0000000    0.00000      -  17.0  924s
*6077252 755080             101       0.0000000    0.00000      -  17.0  957s
 6092491 757787    0.00000  119    8    0.00000    0.00000      -  17.0  960s
 6536680 809671    0.00000  115   22    0.00000    0.00000      -  16.6 1020s
 6999429 867807 infeasible  116         0.00000    0.00000      -  16.2 1080s
 7459076 905002    0.00000  115   25    0.00000    0.00000      -  15.9 1140s
 7901686 939370    0.00000  117   24    0.00000    0.00000      -  15.6 1200s
 8335961 969049    0.00000  124   24    0.00000    0.00000      -  15.4 1260s
 8774026 996854    0.00000  112   21    0.00000    0.00000      -  15.2 1320s
 9223920 1024806 infeasible  116         0.00000    0.00000      -  15.0 1380s
 9669227 1052169    0.00000  118   22    0.00000    0.00000      -  14.8 1440s
 10116645 1081296    0.00000  119   21    0.00000    0.00000      -  14.6 1500s
 10564166 1108502    0.00000  118   20    0.00000    0.00000      -  14.5 1560s
 11013114 1136049    0.00000  119   19    0.00000    0.00000      -  14.3 1620s
 11457148 1164001    0.00000  116   22    0.00000    0.00000      -  14.2 1680s
 11903889 1189396    0.00000  114   28    0.00000    0.00000      -  14.1 1740s
 12350602 1219448 infeasible  115         0.00000    0.00000      -  13.9 1800s
 12812910 1243165    0.00000  118   14    0.00000    0.00000      -  13.8 1860s
 13279539 1268029    0.00000  120   22    0.00000    0.00000      -  13.7 1920s
 13727138 1290889 infeasible  115         0.00000    0.00000      -  13.6 1980s
 14171911 1315022    0.00000  117   27    0.00000    0.00000      -  13.5 2040s
 14621326 1336892    0.00000  116   21    0.00000    0.00000      -  13.5 2100s
 15058235 1358169    0.00000  121   29    0.00000    0.00000      -  13.4 2160s
 15513936 1379533 infeasible  117         0.00000    0.00000      -  13.3 2220s
 15957439 1398564 infeasible  120         0.00000    0.00000      -  13.2 2280s
 16405778 1418034    0.00000  118   22    0.00000    0.00000      -  13.2 2340s
 16848499 1437327    0.00000  116   15    0.00000    0.00000      -  13.1 2400s
 17301124 1460577    0.00000  115   15    0.00000    0.00000      -  13.1 2460s
 17740609 1480046    0.00000  114   23    0.00000    0.00000      -  13.0 2520s
 18180126 1497823    0.00000  119   15    0.00000    0.00000      -  12.9 2580s
 18618287 1515845 infeasible  121         0.00000    0.00000      -  12.9 2640s
 19062249 1536310    0.00000  117   22    0.00000    0.00000      -  12.8 2700s
 19504198 1556560    0.00000  115   22    0.00000    0.00000      -  12.8 2760s
 19923824 1574742 infeasible  116         0.00000    0.00000      -  12.8 2820s
 20372129 1593617    0.00000  117   17    0.00000    0.00000      -  12.7 2880s
 20785929 1607696 infeasible  117         0.00000    0.00000      -  12.7 2940s
 21215527 1623280 infeasible  115         0.00000    0.00000      -  12.6 3000s
 21646455 1637690    0.00000  125   22    0.00000    0.00000      -  12.6 3060s
 22066439 1649393    0.00000  119   15    0.00000    0.00000      -  12.6 3120s
 22488470 1664255    0.00000  118   19    0.00000    0.00000      -  12.5 3180s
 22915769 1676144    0.00000  124   28    0.00000    0.00000      -  12.5 3240s
 23333314 1687778    0.00000  117   16    0.00000    0.00000      -  12.5 3300s
 23756042 1701707    0.00000  120   25    0.00000    0.00000      -  12.4 3360s
 24185320 1714387    0.00000  116   25    0.00000    0.00000      -  12.4 3420s
 24603539 1727830    0.00000  119   20    0.00000    0.00000      -  12.4 3480s
 25017782 1739195    0.00000  124   25    0.00000    0.00000      -  12.4 3540s
 25442389 1750418 infeasible  120         0.00000    0.00000      -  12.3 3600s

Cutting planes:
  Cover: 1
  MIR: 1
  Flow cover: 11
  Inf proof: 57
  RLT: 153
  Relax-and-lift: 9

Explored 25445731 nodes (313705309 simplex iterations) in 3600.09 seconds (782.95 work units)
Thread count was 32 (of 32 available processors)

Solution count 5: 3.12471e-09 5.78407e-10 4.71962e-10 ... -0

Time limit reached
Warning: max constraint violation (1.0596e-09) exceeds tolerance
Best objective 3.124711821512e-09, best bound 9.548575525034e-07, gap -
