
Gurobi 12.0.3 (win64) logging started Mon Nov 10 10:25:58 2025

Set parameter LogFile to value "Results/P-SBM-((1, 1), (0, 0)).log"
Set parameter NonConvex to value 2
Set parameter DisplayInterval to value 60
Set parameter IntegralityFocus to value 1
Set parameter MIPGapAbs to value 2e-05
Set parameter MIPFocus to value 3
Set parameter Heuristics to value 0
Set parameter RINS to value 0
Set parameter ImproveStartTime to value 10000000000
Set parameter Presolve to value 2
Set parameter Aggregate to value 2
Gurobi Optimizer version 12.0.3 build v12.0.3rc0 (win64 - Windows 11+.0 (26200.2))

CPU model: AMD Ryzen AI 9 365 w/ Radeon 880M, instruction set [SSE2|AVX|AVX2|AVX512]
Thread count: 10 physical cores, 20 logical processors, using up to 20 threads

Non-default parameters:
TimeLimit  360
MIPGapAbs  2e-05
Heuristics  0
IntegralityFocus  1
MIPFocus  3
RINS  0
Aggregate  2
DisplayInterval  60
NonConvex  2
Presolve  2
ImproveStartTime  10000000000

Optimize a model with 78 rows, 42 columns and 376 nonzeros
Model fingerprint: 0x28aa29a9
Model has 24 quadratic constraints
Variable types: 22 continuous, 20 integer (20 binary)
Coefficient statistics:
  Matrix range     [1e+00, 2e+00]
  QMatrix range    [1e+00, 1e+00]
  QLMatrix range   [1e+00, 2e+01]
  Objective range  [1e+00, 1e+00]
  Bounds range     [1e+00, 1e+01]
  RHS range        [1e+00, 7e+00]
  QRHS range       [2e+01, 2e+01]
Presolve removed 24 rows and 0 columns
Presolve time: 0.00s
Presolved: 206 rows, 75 columns, 776 nonzeros
Presolved model has 32 bilinear constraint(s)

Solving non-convex MIQCP

Variable types: 55 continuous, 20 integer (20 binary)
Root relaxation presolve removed 21 rows and 2 columns
Root relaxation presolved: 185 rows, 73 columns, 755 nonzeros


Root relaxation: objective 3.000000e+00, 44 iterations, 0.00 seconds (0.00 work units)

    Nodes    |    Current Node    |     Objective Bounds      |     Work
 Expl Unexpl |  Obj  Depth IntInf | Incumbent    BestBd   Gap | It/Node Time

     0     0    3.00000    0    6          -    3.00000      -     -    0s
     0     0    3.00000    0   12          -    3.00000      -     -    0s
     0     0    3.00000    0    2          -    3.00000      -     -    0s
     0     0    3.00000    0    8          -    3.00000      -     -    0s
     0     0    3.00000    0   10          -    3.00000      -     -    0s
     0     0    3.00000    0   12          -    3.00000      -     -    0s
     0     0    3.00000    0    8          -    3.00000      -     -    0s
     0     0    3.00000    0    8          -    3.00000      -     -    0s
     0     2    3.00000    0    8          -    3.00000      -     -    0s
* 9545  1283              25      -0.0000000    2.17563      -   9.3    1s
*17212  2175              28       0.0000000    2.00000      -  11.0    2s
*24335  2613              29       0.0000002    1.60624      -  12.1    2s
*24415  2613              28       0.0000002    1.60624      -  12.1    2s
*29164  1257              28       0.0000006    1.21921      -  12.3    3s
*31293  1170              28       0.0000012    1.04804      -  12.1    3s
*31368  1170              27       0.0000024    1.04590      -  12.0    3s

Cutting planes:
  Gomory: 9
  Cover: 4
  MIR: 14
  Flow cover: 84
  Inf proof: 12
  RLT: 169
  Relax-and-lift: 7

Explored 33737 nodes (396772 simplex iterations) in 4.12 seconds (1.01 work units)
Thread count was 20 (of 20 available processors)

Solution count 7: 2.40133e-06 1.20067e-06 6.00333e-07 ... -0
No other solutions better than 2.40133e-06

Optimal solution found (tolerance 1.00e-04)
Best objective 2.401333001778e-06, best bound 2.401333001778e-06, gap 0.0000%
