
Gurobi 12.0.3 (win64) logging started Mon Nov 10 10:56:44 2025

Set parameter LogFile to value "Results/P-SBM-((0, 0), (1, 1)).log"
Set parameter NonConvex to value 2
Set parameter DisplayInterval to value 60
Set parameter IntegralityFocus to value 1
Set parameter MIPGapAbs to value 2e-05
Set parameter MIPFocus to value 3
Set parameter Heuristics to value 0
Set parameter RINS to value 0
Set parameter ImproveStartTime to value 10000000000
Set parameter Presolve to value 2
Set parameter Aggregate to value 2
Gurobi Optimizer version 12.0.3 build v12.0.3rc0 (win64 - Windows 11+.0 (26200.2))

CPU model: AMD Ryzen AI 9 365 w/ Radeon 880M, instruction set [SSE2|AVX|AVX2|AVX512]
Thread count: 10 physical cores, 20 logical processors, using up to 20 threads

Non-default parameters:
TimeLimit  360
MIPGapAbs  2e-05
Heuristics  0
IntegralityFocus  1
MIPFocus  3
RINS  0
Aggregate  2
DisplayInterval  60
NonConvex  2
Presolve  2
ImproveStartTime  10000000000

Optimize a model with 78 rows, 42 columns and 376 nonzeros
Model fingerprint: 0x762c4eb8
Model has 24 quadratic constraints
Variable types: 22 continuous, 20 integer (20 binary)
Coefficient statistics:
  Matrix range     [1e+00, 2e+00]
  QMatrix range    [1e+00, 1e+00]
  QLMatrix range   [1e+00, 2e+01]
  Objective range  [1e+00, 1e+00]
  Bounds range     [1e+00, 1e+01]
  RHS range        [1e+00, 7e+00]
  QRHS range       [2e+01, 2e+01]
Presolve removed 24 rows and 0 columns
Presolve time: 0.00s
Presolved: 206 rows, 75 columns, 776 nonzeros
Presolved model has 32 bilinear constraint(s)

Solving non-convex MIQCP

Variable types: 55 continuous, 20 integer (20 binary)
Root relaxation presolve removed 22 rows and 2 columns
Root relaxation presolved: 184 rows, 73 columns, 751 nonzeros


Root relaxation: objective 3.000000e+00, 36 iterations, 0.00 seconds (0.00 work units)

    Nodes    |    Current Node    |     Objective Bounds      |     Work
 Expl Unexpl |  Obj  Depth IntInf | Incumbent    BestBd   Gap | It/Node Time

     0     0    3.00000    0    8          -    3.00000      -     -    0s
     0     0    3.00000    0   26          -    3.00000      -     -    0s
     0     0    3.00000    0   20          -    3.00000      -     -    0s
     0     0    3.00000    0   14          -    3.00000      -     -    0s
     0     0    3.00000    0   23          -    3.00000      -     -    0s
     0     0    3.00000    0   23          -    3.00000      -     -    0s
     0     2    3.00000    0   23          -    3.00000      -     -    0s
*  432   535              15      -0.0000000    3.00000      -  14.4    0s
*74408  6697              26       0.0000001    1.99999      -  13.2   11s
*97001  5487              28       0.0000002    1.59593      -  14.2   14s
*97830  5257              24       0.0000004    1.52030      -  14.3   15s
*101519  4515              27       0.0000012    1.42345      -  14.3   16s
*108480  1880              27       0.0000012    1.03632      -  14.3   17s
*111648     2              40       0.0000016    0.03403      -  14.3   17s

Cutting planes:
  Gomory: 10
  Cover: 1
  MIR: 18
  Flow cover: 79
  Inf proof: 45
  RLT: 246
  Relax-and-lift: 4

Explored 111799 nodes (1591474 simplex iterations) in 17.62 seconds (3.28 work units)
Thread count was 20 (of 20 available processors)

Solution count 8: 1.56065e-06 1.24523e-06 1.21524e-06 ... -0

Optimal solution found (tolerance 1.00e-04)
Best objective -0.000000000000e+00, best bound -0.000000000000e+00, gap 0.0000%
