
Gurobi 12.0.3 (win64) logging started Mon Nov 10 10:24:09 2025

Set parameter LogFile to value "Results/P-SBM-((0, 0), (0, 0)).log"
Set parameter NonConvex to value 2
Set parameter DisplayInterval to value 60
Set parameter IntegralityFocus to value 1
Set parameter MIPGapAbs to value 2e-05
Set parameter MIPFocus to value 3
Set parameter Heuristics to value 0
Set parameter RINS to value 0
Set parameter ImproveStartTime to value 10000000000
Set parameter Presolve to value 2
Set parameter Aggregate to value 2
Gurobi Optimizer version 12.0.3 build v12.0.3rc0 (win64 - Windows 11+.0 (26200.2))

CPU model: AMD Ryzen AI 9 365 w/ Radeon 880M, instruction set [SSE2|AVX|AVX2|AVX512]
Thread count: 10 physical cores, 20 logical processors, using up to 20 threads

Non-default parameters:
TimeLimit  360
MIPGapAbs  2e-05
Heuristics  0
IntegralityFocus  1
MIPFocus  3
RINS  0
Aggregate  2
DisplayInterval  60
NonConvex  2
Presolve  2
ImproveStartTime  10000000000

Optimize a model with 51 rows, 42 columns and 196 nonzeros
Model fingerprint: 0x52ab99f9
Model has 24 quadratic constraints
Variable types: 22 continuous, 20 integer (20 binary)
Coefficient statistics:
  Matrix range     [1e+00, 2e+00]
  QMatrix range    [1e+00, 1e+00]
  QLMatrix range   [1e+00, 2e+01]
  Objective range  [1e+00, 1e+00]
  Bounds range     [1e+00, 1e+01]
  RHS range        [1e+00, 7e+00]
  QRHS range       [2e+01, 2e+01]
Presolve removed 10 rows and 0 columns
Presolve time: 0.00s
Presolved: 193 rows, 75 columns, 688 nonzeros
Presolved model has 32 bilinear constraint(s)

Solving non-convex MIQCP

Variable types: 55 continuous, 20 integer (20 binary)
Root relaxation presolve removed 22 rows and 2 columns
Root relaxation presolved: 171 rows, 73 columns, 663 nonzeros


Root relaxation: objective 3.000000e+00, 39 iterations, 0.00 seconds (0.00 work units)

    Nodes    |    Current Node    |     Objective Bounds      |     Work
 Expl Unexpl |  Obj  Depth IntInf | Incumbent    BestBd   Gap | It/Node Time

     0     0    3.00000    0    4          -    3.00000      -     -    0s
     0     0    3.00000    0    5          -    3.00000      -     -    0s
     0     0    3.00000    0    6          -    3.00000      -     -    0s
     0     0    3.00000    0    3          -    3.00000      -     -    0s
     0     0    3.00000    0    6          -    3.00000      -     -    0s
     0     0    3.00000    0    5          -    3.00000      -     -    0s
     0     0    3.00000    0    5          -    3.00000      -     -    0s
     0     2    3.00000    0    5          -    3.00000      -     -    0s
* 1136  1012              16      -0.0000000    3.00000      -  12.0    0s
*101223  7298              27       0.0000001    1.56445      -  12.5    7s
*104805  6998              28       0.0000013    1.51717      -  12.5    8s
*119157  2929              30       0.0000016    1.04745      -  12.4    9s
*172954  1979              68       0.0000377    0.00008   120%  11.1   14s
*183763  3214              79       0.0000513    0.00007  36.1%  11.0   15s

Cutting planes:
  Gomory: 17
  Cover: 2
  MIR: 13
  Flow cover: 103
  Inf proof: 40
  RLT: 256
  Relax-and-lift: 4

Explored 183964 nodes (2016268 simplex iterations) in 15.74 seconds (5.52 work units)
Thread count was 20 (of 20 available processors)

Solution count 6: 5.13408e-05 3.77014e-05 1.6127e-06 ... -0

Optimal solution found (tolerance 1.00e-04)
Warning: max constraint violation (8.5568e-06) exceeds tolerance
Best objective 5.134075340499e-05, best bound 6.910953374094e-05, gap 34.6095%
