
Gurobi 13.0.0 (linux64) logging started Mon Nov 17 14:53:35 2025

Set parameter LogFile to value "Results/P-SBM-((1, 0), (0, 0)).log"
Set parameter NonConvex to value 2
Set parameter DisplayInterval to value 60
Set parameter NumericFocus to value 3
Set parameter IntegralityFocus to value 1
Set parameter FeasibilityTol to value 1e-09
Set parameter IntFeasTol to value 1e-09
Set parameter MIPGapAbs to value 1e-06
Set parameter MIPFocus to value 3
Set parameter Heuristics to value 0
Set parameter RINS to value 0
Set parameter ImproveStartTime to value 10000000000
Set parameter Presolve to value 2
Set parameter Aggregate to value 2
Gurobi Optimizer version 13.0.0 build v13.0.0rc1 (linux64 - "Debian GNU/Linux 12 (bookworm)")

CPU model: Intel(R) Xeon(R) CPU E5-2630 v3 @ 2.40GHz, instruction set [SSE2|AVX|AVX2]
Thread count: 16 physical cores, 32 logical processors, using up to 32 threads

Non-default parameters:
TimeLimit  180
FeasibilityTol  1e-09
IntFeasTol  1e-09
MIPGapAbs  1e-06
Heuristics  0
IntegralityFocus  1
MIPFocus  3
RINS  0
Aggregate  2
DisplayInterval  60
NonConvex  2
NumericFocus  3
Presolve  2
ImproveStartTime  10000000000

Optimize a model with 58 rows, 42 columns and 241 nonzeros (Max)
Model fingerprint: 0x18b0d2b5
Model has 3 linear objective coefficients
Model has 24 quadratic constraints
Variable types: 22 continuous, 20 integer (20 binary)
Coefficient statistics:
  Matrix range     [1e+00, 2e+00]
  QMatrix range    [1e+00, 1e+00]
  QLMatrix range   [1e+00, 2e+01]
  Objective range  [1e+00, 1e+00]
  Bounds range     [1e+00, 1e+01]
  RHS range        [1e+00, 7e+00]
  QRHS range       [2e+01, 2e+01]
Presolve removed 11 rows and 0 columns
Presolve time: 0.00s
Presolved: 199 rows, 75 columns, 693 nonzeros
Presolved model has 32 bilinear constraint(s)
Warning: Model contains variables with very large bounds participating
         in product terms.
         Presolve was not able to compute smaller bounds for these variables.
         Consider bounding these variables or reformulating the model.


Solving non-convex MIQCP to global optimality

Variable types: 55 continuous, 20 integer (20 binary)
Root relaxation presolve removed 22 rows and 2 columns
Root relaxation presolved: 177 rows, 73 columns, 704 nonzeros


Root relaxation: objective 3.000000e+00, 54 iterations, 0.00 seconds (0.00 work units)

    Nodes    |    Current Node    |     Objective Bounds      |     Work
 Expl Unexpl |  Obj  Depth IntInf | Incumbent    BestBd   Gap | It/Node Time

     0     0    3.00000    0   15          -    3.00000      -     -    0s
     0     2    3.00000    0   15          -    3.00000      -     -    0s
* 1574  1429              14      -0.0000000    3.00000      -  10.7    0s
*320993 19603             132       0.0000000    0.00000      -  13.3   56s

Cutting planes:
  Cover: 3
  Clique: 1
  Flow cover: 7
  Inf proof: 33
  RLT: 148
  Relax-and-lift: 11

Explored 344987 nodes (4557808 simplex iterations) in 59.83 seconds (10.89 work units)
Thread count was 32 (of 32 available processors)

Solution count 2: 3.67472e-10 -0 

Optimal solution found (tolerance 1.00e-04)
Best objective 3.674716186698e-10, best bound 1.000306096704e-06, gap -
