
Gurobi 13.0.0 (linux64) logging started Wed Nov 19 12:00:35 2025

Set parameter LogFile to value "Results/P-SBM-((1, 0), (1, 0)).log"
Set parameter NonConvex to value 2
Set parameter DisplayInterval to value 60
Set parameter NumericFocus to value 3
Set parameter IntegralityFocus to value 1
Set parameter FeasibilityTol to value 1e-09
Set parameter IntFeasTol to value 1e-09
Set parameter MIPGapAbs to value 1e-09
Set parameter MIPFocus to value 3
Set parameter Heuristics to value 0
Set parameter RINS to value 0
Set parameter ImproveStartTime to value 10000000000
Set parameter Presolve to value 2
Set parameter Aggregate to value 2
Gurobi Optimizer version 13.0.0 build v13.0.0rc1 (linux64 - "Debian GNU/Linux 12 (bookworm)")

CPU model: Intel(R) Xeon(R) CPU E5-2630 v3 @ 2.40GHz, instruction set [SSE2|AVX|AVX2]
Thread count: 16 physical cores, 32 logical processors, using up to 32 threads

Non-default parameters:
TimeLimit  3600
FeasibilityTol  1e-09
IntFeasTol  1e-09
MIPGapAbs  1e-09
Heuristics  0
IntegralityFocus  1
MIPFocus  3
RINS  0
Aggregate  2
DisplayInterval  60
NonConvex  2
NumericFocus  3
Presolve  2
ImproveStartTime  10000000000

Optimize a model with 65 rows, 42 columns and 286 nonzeros (Max)
Model fingerprint: 0xb1aa8cf7
Model has 3 linear objective coefficients
Model has 24 quadratic constraints
Variable types: 22 continuous, 20 integer (20 binary)
Coefficient statistics:
  Matrix range     [1e+00, 2e+00]
  QMatrix range    [1e+00, 1e+00]
  QLMatrix range   [1e+00, 2e+01]
  Objective range  [1e+00, 1e+00]
  Bounds range     [1e+00, 1e+01]
  RHS range        [1e+00, 7e+00]
  QRHS range       [2e+01, 2e+01]
Presolve removed 12 rows and 0 columns
Presolve time: 0.01s
Presolved: 205 rows, 75 columns, 734 nonzeros
Presolved model has 32 bilinear constraint(s)
Warning: Model contains variables with very large bounds participating
         in product terms.
         Presolve was not able to compute smaller bounds for these variables.
         Consider bounding these variables or reformulating the model.


Solving non-convex MIQCP to global optimality

Variable types: 55 continuous, 20 integer (20 binary)
Root relaxation presolve removed 22 rows and 2 columns
Root relaxation presolved: 183 rows, 73 columns, 745 nonzeros


Root relaxation: objective 3.000000e+00, 49 iterations, 0.00 seconds (0.00 work units)

    Nodes    |    Current Node    |     Objective Bounds      |     Work
 Expl Unexpl |  Obj  Depth IntInf | Incumbent    BestBd   Gap | It/Node Time

     0     0    3.00000    0   13          -    3.00000      -     -    0s
     0     2    3.00000    0   13          -    3.00000      -     -    0s
*   14    14               3      -0.0000000    3.00000      -  14.0    0s
 396858 15299    0.00000  146   24   -0.00000    0.00000      -  12.4   60s
*674877 24542             151       0.0000000    0.00000      -  14.2  101s
 837747 47151 infeasible  150         0.00000    0.00000      -  13.2  120s
 1438523 147171    0.00000  150   11    0.00000    0.00000      -  10.7  180s
*1840525 231576              95       0.0000000    0.00000      -   9.7  219s
 2060904 272317    0.00000  138   23    0.00000    0.00000      -   9.3  240s
 2704210 395985    0.00000  151   23    0.00000    0.00000      -   8.5  300s
 3332948 495120    0.00000  144   24    0.00000    0.00000      -   8.1  360s
 3952285 593784    0.00000  155   17    0.00000    0.00000      -   7.7  420s
 4553165 680301    0.00000  150   21    0.00000    0.00000      -   7.5  480s
 5183316 763723    0.00000  144   21    0.00000    0.00000      -   7.3  540s
 5818214 845917    0.00000  145   24    0.00000    0.00000      -   7.1  600s
 6453560 910442     cutoff  159         0.00000    0.00000      -   7.0  660s
 7064585 966174     cutoff  149         0.00000    0.00000      -   6.9  720s
 7658066 1018049    0.00000  143   18    0.00000    0.00000      -   6.9  780s
 8277152 1065871    0.00000  168   18    0.00000    0.00000      -   6.8  840s
 8891521 1115667    0.00000  144   18    0.00000    0.00000      -   6.8  900s
 9485932 1157860    0.00000  151   28    0.00000    0.00000      -   6.7  960s
 10089855 1205514     cutoff  161         0.00000    0.00000      -   6.7 1020s
 10726916 1246393    0.00000  166   19    0.00000    0.00000      -   6.6 1080s
 11373198 1289348     cutoff  169         0.00000    0.00000      -   6.6 1140s
 11985959 1341752    0.00000  137   16    0.00000    0.00000      -   6.5 1200s
 12587712 1379500    0.00000  165   28    0.00000    0.00000      -   6.5 1260s
 13210390 1411120    0.00000  152   23    0.00000    0.00000      -   6.5 1320s
 13818940 1442744    0.00000  142   18    0.00000    0.00000      -   6.4 1380s
 14423604 1475588    0.00000  167   18    0.00000    0.00000      -   6.4 1440s
*15041727 1499790             139       0.0000000    0.00000      -   6.4 1499s
 15043185 1499912    0.00000  161   15    0.00000    0.00000      -   6.4 1500s
 15631938 1528437    0.00000  144   26    0.00000    0.00000      -   6.4 1560s
 16256673 1553865    0.00000  144   19    0.00000    0.00000      -   6.3 1620s
 16897831 1570068    0.00000  166   23    0.00000    0.00000      -   6.3 1680s
 17530076 1587164     cutoff  168         0.00000    0.00000      -   6.3 1740s
 18143343 1605875    0.00000  174   19    0.00000    0.00000      -   6.3 1800s
 18787196 1611976    0.00000  170   19    0.00000    0.00000      -   6.2 1860s
 19408860 1626195    0.00000  166   20    0.00000    0.00000      -   6.2 1920s
 20013622 1643713    0.00000  150   18    0.00000    0.00000      -   6.2 1980s
 20657424 1657877    0.00000  159   21    0.00000    0.00000      -   6.2 2040s
 21262451 1680156    0.00000  170   18    0.00000    0.00000      -   6.2 2100s
 21875514 1693865    0.00000  150   21    0.00000    0.00000      -   6.2 2160s
 22477956 1718067    0.00000  148   17    0.00000    0.00000      -   6.2 2220s
 23058712 1729616    0.00000  166   19    0.00000    0.00000      -   6.1 2280s
 23692247 1751856    0.00000  166   20    0.00000    0.00000      -   6.1 2340s
 24307126 1763706     cutoff  158         0.00000    0.00000      -   6.1 2400s
 24931929 1784121    0.00000  160   18    0.00000    0.00000      -   6.1 2460s
 25524574 1802910    0.00000  147   24    0.00000    0.00000      -   6.1 2520s
 26182902 1815880    0.00000  150   17    0.00000    0.00000      -   6.1 2580s
 26832726 1829613    0.00000  162   16    0.00000    0.00000      -   6.0 2640s
 27436919 1840503     cutoff  163         0.00000    0.00000      -   6.0 2700s
 28036696 1852961    0.00000  156   17    0.00000    0.00000      -   6.0 2760s
 28652679 1867784    0.00000  154   24    0.00000    0.00000      -   6.0 2820s
 29225097 1877011     cutoff  162         0.00000    0.00000      -   6.0 2880s
 29851441 1890662     cutoff  160         0.00000    0.00000      -   6.0 2940s
 30547256 1904134    0.00000  164   19    0.00000    0.00000      -   6.0 3000s
 31127490 1913955    0.00000  161   20    0.00000    0.00000      -   6.0 3060s
 31757164 1930423    0.00000  167   18    0.00000    0.00000      -   6.0 3120s
 32379647 1942118    0.00000  161   17    0.00000    0.00000      -   6.0 3180s
 33001897 1951865    0.00000  158   21    0.00000    0.00000      -   6.0 3240s
 33619786 1972778    0.00000  140   16    0.00000    0.00000      -   6.0 3300s
 34260599 1991874    0.00000  155   32    0.00000    0.00000      -   6.0 3360s
 34861918 2010152    0.00000  158   19    0.00000    0.00000      -   6.0 3420s
 35482245 2023771    0.00000  162   17    0.00000    0.00000      -   6.0 3480s
 36099263 2032477    0.00000  161   21    0.00000    0.00000      -   6.0 3540s
 36707041 2042888    0.00000  146   20    0.00000    0.00000      -   6.0 3600s

Cutting planes:
  Cover: 1
  MIR: 1
  Flow cover: 3
  Inf proof: 22
  RLT: 133
  Relax-and-lift: 9

Explored 36709621 nodes (218663928 simplex iterations) in 3600.03 seconds (583.46 work units)
Thread count was 32 (of 32 available processors)

Solution count 4: 8.11412e-10 5.25832e-10 2.96773e-10 -0 

Time limit reached
Best objective 8.114116888917e-10, best bound 4.859733582016e-07, gap -
