
Gurobi 12.0.3 (win64) logging started Mon Sep 29 15:11:41 2025

Set parameter LogFile to value "Results/P-SU-((1, 0), (0, 0)).log"
Set parameter NonConvex to value 2
Set parameter DisplayInterval to value 60
Set parameter IntegralityFocus to value 1
Set parameter Threads to value 5
Gurobi Optimizer version 12.0.3 build v12.0.3rc0 (win64 - Windows 11.0 (26100.2))

CPU model: AMD Ryzen AI 9 365 w/ Radeon 880M, instruction set [SSE2|AVX|AVX2|AVX512]
Thread count: 10 physical cores, 20 logical processors, using up to 5 threads

Non-default parameters:
IntegralityFocus  1
DisplayInterval  60
NonConvex  2
Threads  5

Optimize a model with 37 rows, 40 columns and 125 nonzeros
Model fingerprint: 0x44093a97
Model has 24 quadratic constraints
Variable types: 24 continuous, 16 integer (16 binary)
Coefficient statistics:
  Matrix range     [1e+00, 2e+00]
  QMatrix range    [1e+00, 1e+00]
  QLMatrix range   [1e+00, 1e+01]
  Objective range  [1e+00, 1e+00]
  Bounds range     [1e+00, 1e+01]
  RHS range        [1e+00, 7e+00]
  QRHS range       [1e+01, 1e+01]
Presolve removed 9 rows and 0 columns
Presolve time: 0.00s
Presolved: 132 rows, 61 columns, 437 nonzeros
Presolved model has 20 bilinear constraint(s)

Solving non-convex MIQCP

Variable types: 45 continuous, 16 integer (16 binary)

Root relaxation: objective 2.000000e+00, 23 iterations, 0.00 seconds (0.00 work units)

    Nodes    |    Current Node    |     Objective Bounds      |     Work
 Expl Unexpl |  Obj  Depth IntInf | Incumbent    BestBd   Gap | It/Node Time

     0     0    2.00000    0    4          -    2.00000      -     -    0s
     0     0    2.00000    0    7          -    2.00000      -     -    0s
     0     0    2.00000    0    7          -    2.00000      -     -    0s
     0     0    2.00000    0    5          -    2.00000      -     -    0s
     0     0    2.00000    0    6          -    2.00000      -     -    0s
     0     0    2.00000    0    6          -    2.00000      -     -    0s
     0     2    2.00000    0    6          -    2.00000      -     -    0s
*  390   133              12      -0.0000000    2.00000      -   5.1    0s
* 2398   286              59       0.0000286    2.00000      -   5.0    0s
H306209  6845                       0.0000286    2.00000      -   5.4   18s
 1547906 30569    2.00000   94    3    0.00003    2.00000      -   4.1   60s
 3614170 51695 infeasible   91         0.00003    2.00000      -   3.9  120s
 5825464 62021 infeasible   97         0.00003    2.00000      -   3.9  180s
 7908217 79344    2.00000   93    3    0.00003    2.00000      -   3.8  240s
 9961506 90825 infeasible   92         0.00003    2.00000      -   3.8  300s
H11640298 102808                       0.0000406    2.00000      -   3.9  350s
H11646442 102902                       0.0000408    2.00000      -   3.9  350s
H11851174 105248                       0.0000413    2.00000      -   4.0  357s
 11948182 105548    2.00000   65    4    0.00004    2.00000      -   4.0  360s
H11951819 105500                       0.0000413    2.00000      -   4.0  360s
H12165536 107388                       0.0000416    2.00000      -   4.0  367s
H12867329 114285                       0.0000416    2.00000      -   4.1  389s
 13854402 159606    2.00000   48    6    0.00004    2.00000      -   4.2  420s
 15572887 182801 infeasible   54         0.00004    2.00000      -   4.5  480s
 17709688 186350    2.00000   49    3    0.00004    2.00000      -   4.6  540s
 19863633 191628    2.00000   50    5    0.00004    2.00000      -   4.7  600s
 21798016 193673    2.00000   44    3    0.00004    2.00000      -   4.8  660s
 23510275 104908 infeasible  144         0.00004    2.00000      -   4.8  720s
 25125707 20899 infeasible  107         0.00004    0.00011   173%   4.6  780s
*25185777 17333             159       0.0000579    0.00011  85.0%   4.6  782s
*25484636 25811             181       0.0000611    0.00009  41.7%   4.6  795s
*25545022 26307             105       0.0000660    0.00008  28.4%   4.6  798s
*26004561  1147             102       0.0000732    0.00007  0.04%   4.6  818s

Cutting planes:
  Gomory: 1
  MIR: 1
  Flow cover: 7
  Inf proof: 2
  RLT: 18

Explored 26005167 nodes (119782449 simplex iterations) in 818.28 seconds (582.97 work units)
Thread count was 5 (of 20 available processors)

Solution count 10: 7.3241e-05 6.59566e-05 6.10632e-05 ... 2.86344e-05

Optimal solution found (tolerance 1.00e-04)
Warning: max constraint violation (1.0052e-05) exceeds tolerance
Best objective 7.324101812500e-05, best bound 7.324179668358e-05, gap 0.0011%
