
Gurobi 12.0.3 (win64) logging started Mon Sep 29 15:11:13 2025

Set parameter LogFile to value "Results/P-SU-((1, 0), (1, 0)).log"
Set parameter NonConvex to value 2
Set parameter DisplayInterval to value 60
Set parameter IntegralityFocus to value 1
Set parameter Threads to value 7
Gurobi Optimizer version 12.0.3 build v12.0.3rc0 (win64 - Windows 11.0 (26100.2))

CPU model: AMD Ryzen AI 9 365 w/ Radeon 880M, instruction set [SSE2|AVX|AVX2|AVX512]
Thread count: 10 physical cores, 20 logical processors, using up to 7 threads

Non-default parameters:
IntegralityFocus  1
DisplayInterval  60
NonConvex  2
Threads  7

Optimize a model with 44 rows, 40 columns and 166 nonzeros
Model fingerprint: 0x1b3d81a7
Model has 24 quadratic constraints
Variable types: 24 continuous, 16 integer (16 binary)
Coefficient statistics:
  Matrix range     [1e+00, 2e+00]
  QMatrix range    [1e+00, 1e+00]
  QLMatrix range   [1e+00, 1e+01]
  Objective range  [1e+00, 1e+00]
  Bounds range     [1e+00, 1e+01]
  RHS range        [1e+00, 7e+00]
  QRHS range       [1e+01, 1e+01]
Presolve removed 14 rows and 0 columns
Presolve time: 0.00s
Presolved: 134 rows, 61 columns, 446 nonzeros
Presolved model has 20 bilinear constraint(s)

Solving non-convex MIQCP

Variable types: 45 continuous, 16 integer (16 binary)

Root relaxation: objective 2.000000e+00, 31 iterations, 0.00 seconds (0.00 work units)

    Nodes    |    Current Node    |     Objective Bounds      |     Work
 Expl Unexpl |  Obj  Depth IntInf | Incumbent    BestBd   Gap | It/Node Time

     0     0    2.00000    0    3          -    2.00000      -     -    0s
     0     0    2.00000    0    6          -    2.00000      -     -    0s
     0     0    2.00000    0   13          -    2.00000      -     -    0s
     0     0    2.00000    0    5          -    2.00000      -     -    0s
     0     0    2.00000    0    7          -    2.00000      -     -    0s
     0     0    2.00000    0   11          -    2.00000      -     -    0s
     0     0    2.00000    0    5          -    2.00000      -     -    0s
     0     0    2.00000    0    5          -    2.00000      -     -    0s
     0     2    2.00000    0    5          -    2.00000      -     -    0s
H   14    22                      -0.0000000    2.00000      -   3.5    0s
* 2456   381              53       0.0000097    2.00000      -   4.6    0s
* 2462   381              56       0.0000155    2.00000      -   4.6    0s
* 4099   549              60       0.0000156    2.00000      -   3.9    0s
*51251  3307              26       0.0000159    2.00000      -   4.0    2s
*55946  3910              88       0.0000186    2.00000      -   3.9    2s
*57156  4212              98       0.0000203    2.00000      -   3.9    2s
*58071  4494              27       0.0000203    2.00000      -   3.9    2s
*81809  6526             101       0.0000239    2.00000      -   3.9    3s
*81832  6497             104       0.0000254    2.00000      -   3.9    3s
*121943 12626              75       0.0000322    2.00000      -   4.1    5s
*156425 17134              95       0.0000324    2.00000      -   4.1    6s
*159392 17487              79       0.0000330    2.00000      -   4.1    6s
*178172 19542             157       0.0000336    2.00000      -   4.0    7s
*389029 52091              60       0.0000385    2.00000      -   4.0   15s
*516230 62016              85       0.0000671    1.92858      -   3.9   19s
 1944220 76840 infeasible   96         0.00007    0.11523      -   3.5   60s
 3747611 47278 infeasible   86         0.00007    0.00041   515%   3.7  120s
*4115284 59909             117       0.0000673    0.00022   232%   3.9  133s
*4115294 59895             117       0.0000675    0.00022   231%   3.9  133s
*4115297 59866             117       0.0000677    0.00022   230%   3.9  133s
*4882515 61888             138       0.0000887    0.00014  60.1%   4.1  162s
*4882518 61635             138       0.0000890    0.00014  59.7%   4.1  162s
*5001852 57187             127       0.0000913    0.00014  50.1%   4.1  166s
 5398111 50296    0.00011   93   10    0.00009    0.00012  32.3%   4.1  180s
*5452221 42393             115       0.0000948    0.00012  25.6%   4.1  181s
*5540109 34223             118       0.0000964    0.00011  19.2%   4.1  184s
*5540119 32869             118       0.0000972    0.00011  18.3%   4.1  184s
*5540145 30998             118       0.0000984    0.00011  16.8%   4.1  184s
*5585422 27957             123       0.0000990    0.00011  13.9%   4.1  186s
*5616982 24724             148       0.0001001    0.00011  11.4%   4.1  187s
*5616987 24710             148       0.0001001    0.00011  11.4%   4.1  187s
*5686720   340             115       0.0001192    0.00012  0.00%   4.1  189s

Cutting planes:
  Gomory: 7
  MIR: 1
  Flow cover: 8
  RLT: 17

Explored 5687245 nodes (23374058 simplex iterations) in 189.58 seconds (115.31 work units)
Thread count was 7 (of 20 available processors)

Solution count 10: 0.000119177 0.000100075 9.89933e-05 ... 3.84574e-05
No other solutions better than 0.000119177

Optimal solution found (tolerance 1.00e-04)
Warning: max constraint violation (6.4991e-06) exceeds tolerance
Best objective 1.191767353195e-04, best bound 1.191767353195e-04, gap 0.0000%
