
Gurobi 12.0.3 (win64) logging started Mon Sep 29 15:14:30 2025

Set parameter LogFile to value "Results/P-SU-((1, 0), (0, 1)).log"
Set parameter NonConvex to value 2
Set parameter DisplayInterval to value 60
Set parameter IntegralityFocus to value 1
Set parameter Threads to value 5
Gurobi Optimizer version 12.0.3 build v12.0.3rc0 (win64 - Windows 11.0 (26100.2))

CPU model: AMD Ryzen AI 9 365 w/ Radeon 880M, instruction set [SSE2|AVX|AVX2|AVX512]
Thread count: 10 physical cores, 20 logical processors, using up to 5 threads

Non-default parameters:
IntegralityFocus  1
DisplayInterval  60
NonConvex  2
Threads  5

Optimize a model with 44 rows, 40 columns and 166 nonzeros
Model fingerprint: 0xcd273b2a
Model has 24 quadratic constraints
Variable types: 24 continuous, 16 integer (16 binary)
Coefficient statistics:
  Matrix range     [1e+00, 2e+00]
  QMatrix range    [1e+00, 1e+00]
  QLMatrix range   [1e+00, 1e+01]
  Objective range  [1e+00, 1e+00]
  Bounds range     [1e+00, 1e+01]
  RHS range        [1e+00, 7e+00]
  QRHS range       [1e+01, 1e+01]
Presolve removed 14 rows and 0 columns
Presolve time: 0.00s
Presolved: 134 rows, 61 columns, 446 nonzeros
Presolved model has 20 bilinear constraint(s)

Solving non-convex MIQCP

Variable types: 45 continuous, 16 integer (16 binary)

Root relaxation: objective 2.000000e+00, 32 iterations, 0.00 seconds (0.00 work units)

    Nodes    |    Current Node    |     Objective Bounds      |     Work
 Expl Unexpl |  Obj  Depth IntInf | Incumbent    BestBd   Gap | It/Node Time

     0     0    2.00000    0    4          -    2.00000      -     -    0s
     0     0    2.00000    0    8          -    2.00000      -     -    0s
     0     0    2.00000    0    7          -    2.00000      -     -    0s
     0     0    2.00000    0   10          -    2.00000      -     -    0s
     0     0    2.00000    0    8          -    2.00000      -     -    0s
     0     0    2.00000    0    8          -    2.00000      -     -    0s
     0     0    2.00000    0   12          -    2.00000      -     -    0s
     0     0    2.00000    0   12          -    2.00000      -     -    0s
     0     0    2.00000    0    8          -    2.00000      -     -    0s
     0     0    2.00000    0    8          -    2.00000      -     -    0s
     0     2    2.00000    0    8          -    2.00000      -     -    0s
*   99   129              12       0.0000000    2.00000      -   9.1    0s
* 1127   224              59       0.0000019    2.00000      -   6.2    0s
H 1713   238                       0.0000021    2.00000      -   5.9    0s
H 1782   238                       0.0000022    2.00000      -   6.0    0s
H 3718   386                       0.0000025    2.00000      -   5.1    0s
H13937  1001                       0.0000025    2.00000      -   6.2    0s
H15241  1035                       0.0000027    2.00000      -   6.2    0s
H16398  1076                       0.0000029    2.00000      -   6.3    1s
H17221  1052                       0.0000030    2.00000      -   6.4    1s
*18003  1133              78       0.0000041    2.00000      -   6.4    1s
*18016  1133              79       0.0000047    2.00000      -   6.4    1s
H25887  1358                       0.0000057    2.00000      -   6.6    1s
H36321  1623                       0.0000068    2.00000      -   6.9    2s
H47258  1831                       0.0000073    2.00000      -   7.1    3s
*59423  2080              88       0.0000137    2.00000      -   7.4    3s
*67723  2480              89       0.0000153    2.00000      -   7.3    4s
*67728  2478              89       0.0000166    2.00000      -   7.3    4s
*67738  2474              88       0.0000190    2.00000      -   7.3    4s
*123763  3516              70       0.0000351    2.00000      -   7.0    8s
*123769  3505              75       0.0000430    2.00000      -   7.0    8s
 878722  6340    2.00000   47    4    0.00004    2.00000      -   7.1   60s
*1327780  8318              78       0.0000433    0.00049  1040%   6.5   79s
*1368283 13482              80       0.0000439    0.00035   698%   6.4   80s
*1383447 15604              84       0.0000439    0.00032   638%   6.4   81s
*1385807 16009              78       0.0000445    0.00032   619%   6.4   81s
*1389794 16569              80       0.0000453    0.00031   593%   6.4   81s
*1833493 60009              82       0.0000515    0.00015   188%   6.1  100s
*1918775 52637             118       0.0000666    0.00014   107%   6.0  103s
*2063035 52894              81       0.0000672    0.00012  83.7%   5.9  109s
 2310216 47217    0.00010   58    8    0.00007    0.00010  53.2%   5.8  120s
*2979926    66             115       0.0000679    0.00007  0.20%   5.3  146s

Cutting planes:
  Gomory: 9
  MIR: 1
  Flow cover: 4
  Inf proof: 4
  RLT: 11

Explored 2980271 nodes (15880208 simplex iterations) in 146.80 seconds (107.62 work units)
Thread count was 5 (of 20 available processors)

Solution count 10: 6.79197e-05 6.71818e-05 5.15098e-05 ... 3.51117e-05
No other solutions better than 6.79197e-05

Optimal solution found (tolerance 1.00e-04)
Warning: max constraint violation (7.6015e-06) exceeds tolerance
Best objective 6.791974269049e-05, best bound 6.791974269049e-05, gap 0.0000%
