
Gurobi 13.0.0 (linux64) logging started Mon Nov 24 11:48:43 2025

Set parameter LogFile to value "./Results/StripPacking-CutHeur/Logs/HU-010-StripPacking-10-0.log"
Set parameter TimeLimit to value 3600
Set parameter Cuts to value 0
Set parameter Presolve to value 1
Set parameter Heuristics to value 0
Set parameter LogToConsole to value 0
Set parameter LPWarmStart to value 2
Warning: linear constraint 370 and linear constraint 550 have the same name "PM[B0,B1,0]"
Warning: linear constraint 370 and linear constraint 550 have the same name "PM[B0,B1,0]"
Warning: default constraint names used to write mps file
Gurobi Optimizer version 13.0.0 build v13.0.0rc1 (linux64 - "Debian GNU/Linux 12 (bookworm)")

CPU model: Intel(R) Xeon(R) CPU E5-2630 v3 @ 2.40GHz, instruction set [SSE2|AVX|AVX2]
Thread count: 16 physical cores, 32 logical processors, using up to 32 threads

Non-default parameters:
TimeLimit  3600
LPWarmStart  2
Heuristics  0
Cuts  0
LogToConsole  0
Presolve  1

Optimize a model with 865 rows, 201 columns and 2360 nonzeros (Min)
Model fingerprint: 0xe954cef5
Model has 1 linear objective coefficients
Variable types: 21 continuous, 180 integer (180 binary)
Coefficient statistics:
  Matrix range     [1e+00, 1e+04]
  Objective range  [1e+00, 1e+00]
  Bounds range     [1e+00, 1e+04]
  RHS range        [1e+00, 1e+04]

Warning: Completing partial solution with 180 unfixed non-continuous variables out of 180
User MIP start produced solution with objective 50 (0.00s)
Loaded user MIP start with objective 50

Presolve removed 156 rows and 22 columns
Presolve time: 0.02s
Presolved: 709 rows, 179 columns, 2180 nonzeros
Variable types: 21 continuous, 158 integer (158 binary)

Root relaxation: objective 3.500000e+01, 179 iterations, 0.01 seconds (0.00 work units)

    Nodes    |    Current Node    |     Objective Bounds      |     Work
 Expl Unexpl |  Obj  Depth IntInf | Incumbent    BestBd   Gap | It/Node Time

     0     0   35.00000    0    9   50.00000   35.00000  30.0%     -    0s
     0     0   35.00000    0    9   50.00000   35.00000  30.0%     -    0s
     0     2   35.00000    0    9   50.00000   35.00000  30.0%     -    0s
*  191   192              14      46.0000000   35.00000  23.9%  15.1    0s
*  276   318              21      44.0000000   35.00000  20.5%  13.6    0s
*  324   318              22      43.0000000   35.00000  18.6%  12.9    0s
*  586   384              18      42.0000000   35.00000  16.7%  12.4    0s
*  816   472              18      41.0000000   35.00000  14.6%  11.0    0s
* 2777   686              25      40.0000000   35.00000  12.5%   9.8    0s
* 3842   481              23      39.0000000   35.00000  10.3%   9.3    0s

Explored 6516 nodes (49911 simplex iterations) in 0.36 seconds (0.17 work units)
Thread count was 32 (of 32 available processors)

Solution count 8: 39 40 41 ... 50

Optimal solution found (tolerance 1.00e-04)
Best objective 3.900000000000e+01, best bound 3.900000000000e+01, gap 0.0000%
