
Gurobi 13.0.0 (linux64) logging started Thu Nov 27 23:01:32 2025

Set parameter LogFile to value "./Results/StripPacking-BranchSP/Logs/HUspb-111-StripPacking-50-0.log"
Set parameter TimeLimit to value 3600
Set parameter Cuts to value 1
Set parameter Presolve to value 1
Set parameter Heuristics to value 1
Set parameter LogToConsole to value 0
Set parameter LPWarmStart to value 2
Warning: linear constraint 9850 and linear constraint 14750 have the same name "PM[B0,B1,0]"
Warning: linear constraint 9850 and linear constraint 14750 have the same name "PM[B0,B1,0]"
Warning: default constraint names used to write mps file
Gurobi Optimizer version 13.0.0 build v13.0.0rc1 (linux64 - "Debian GNU/Linux 12 (bookworm)")

CPU model: Intel(R) Xeon(R) CPU E5-2630 v3 @ 2.40GHz, instruction set [SSE2|AVX|AVX2]
Thread count: 16 physical cores, 32 logical processors, using up to 32 threads

Non-default parameters:
TimeLimit  3600
LPWarmStart  2
Heuristics  1
Cuts  1
LogToConsole  0
Presolve  1

Optimize a model with 258525 rows, 5001 columns and 769400 nonzeros (Min)
Model fingerprint: 0x82c60b37
Model has 1 linear objective coefficients
Variable types: 101 continuous, 4900 integer (4900 binary)
Coefficient statistics:
  Matrix range     [1e+00, 1e+04]
  Objective range  [1e+00, 1e+00]
  Bounds range     [1e+00, 1e+04]
  RHS range        [1e+00, 1e+04]
Using branch priorities.

Warning: Completing partial solution with 4900 unfixed non-continuous variables out of 4900
User MIP start produced solution with objective 191.6 (0.36s)
Loaded user MIP start with objective 191.6

Presolve removed 2450 rows and 0 columns
Presolve time: 3.22s
Presolved: 256075 rows, 5001 columns, 764500 nonzeros
Variable types: 101 continuous, 4900 integer (4900 binary)
Root relaxation presolved: 5001 rows, 261076 columns, 769501 nonzeros


Root simplex log...

Iteration    Objective       Primal Inf.    Dual Inf.      Time
       0    1.7000000e+01   0.000000e+00   2.859682e+04      7s
   16799    3.8216647e+01   0.000000e+00   1.244016e+06     10s
   32779    3.8464241e+01   0.000000e+00   1.299597e+06     15s
   46362    3.8619471e+01   0.000000e+00   9.323414e+05     20s
   63141    3.8775139e+01   0.000000e+00   1.051445e+06     25s
   79121    3.8891676e+01   0.000000e+00   1.102286e+06     30s
   95900    3.8993329e+01   0.000000e+00   6.345326e+05     35s
  111880    3.9077206e+01   0.000000e+00   1.571881e+05     40s
  127860    3.9151823e+01   0.000000e+00   1.820100e+06     45s
  144639    3.9215955e+01   0.000000e+00   3.119526e+05     50s
  162217    3.9270583e+01   0.000000e+00   6.589916e+04     55s
  180594    3.9317423e+01   0.000000e+00   3.664351e+04     60s
  199770    3.9352321e+01   0.000000e+00   3.115327e+04     65s
  218946    3.9379272e+01   0.000000e+00   5.453127e+04     70s
  238921    3.9396327e+01   0.000000e+00   1.549361e+04     75s
  258896    3.9402471e+01   0.000000e+00   1.294896e+01     80s
  260658    3.5000000e+01   0.000000e+00   0.000000e+00     81s
  260658    3.5000000e+01   0.000000e+00   0.000000e+00     81s
  260658    3.5000000e+01   0.000000e+00   0.000000e+00     81s

Root relaxation: objective 3.500000e+01, 260658 iterations, 75.39 seconds (53.85 work units)

    Nodes    |    Current Node    |     Objective Bounds      |     Work
 Expl Unexpl |  Obj  Depth IntInf | Incumbent    BestBd   Gap | It/Node Time

     0     0   35.00000    0 2048  191.60000   35.00000  81.7%     -  169s
H    0     0                     184.0000000   35.00000  81.0%     -  171s
H    0     0                     183.0000000   35.00000  80.9%     -  783s
H    0     0                     179.0000000   35.00000  80.4%     -  783s
H    0     0                     179.0000000   35.00000  80.4%     -  783s
     0     0   35.00000    0 1950  179.00000   35.00000  80.4%     -  789s
     0     0   36.68161    0 1829  179.00000   36.68161  79.5%     -  952s
     0     0   37.53377    0 1758  179.00000   37.53377  79.0%     - 1162s
     0     0   37.53377    0 1758  179.00000   37.53377  79.0%     - 1323s
     0     0   38.44549    0 1633  179.00000   38.44549  78.5%     - 1380s
     0     0   38.45433    0 1591  179.00000   38.45433  78.5%     - 1434s
     0     0   38.45433    0 1477  179.00000   38.45433  78.5%     - 1454s
     0     0   40.00000    0 1646  179.00000   40.00000  77.7%     - 1627s
     0     0   40.00000    0 1582  179.00000   40.00000  77.7%     - 1712s
     0     0   40.00000    0 1764  179.00000   40.00000  77.7%     - 1883s
     0     0   40.00000    0 1722  179.00000   40.00000  77.7%     - 1967s
     0     0   40.00000    0 1718  179.00000   40.00000  77.7%     - 2170s
     0     0   40.00000    0 1718  179.00000   40.00000  77.7%     - 2316s
H    0     0                     178.0000000   40.00000  77.5%     - 2354s
H    0     0                     178.0000000   40.00000  77.5%     - 2354s
     0     0   40.00000    0 1641  178.00000   40.00000  77.5%     - 2486s
H    0     0                     177.0000000   40.00000  77.4%     - 2502s
H    0     0                     177.0000000   40.00000  77.4%     - 2653s
     0     0   40.00000    0 1587  177.00000   40.00000  77.4%     - 2679s
     0     0   40.00000    0 1587  177.00000   40.00000  77.4%     - 2815s
     0     0   40.00000    0 1561  177.00000   40.00000  77.4%     - 2969s
H    0     0                     173.0000000   40.00000  76.9%     - 3062s
     0     0   40.00000    0 1534  173.00000   40.00000  76.9%     - 3099s
     0     0   40.00000    0 1534  173.00000   40.00000  76.9%     - 3227s
H    0     0                     172.0000000   40.00000  76.7%     - 3261s
H    0     0                     171.0000000   40.00000  76.6%     - 3261s
     0     0   40.00000    0 1529  171.00000   40.00000  76.6%     - 3327s
     0     0   40.00000    0 1529  171.00000   40.00000  76.6%     - 3476s
     0     0   40.00000    0 1529  171.00000   40.00000  76.6%     - 3600s

Cutting planes:
  Learned: 41
  Gomory: 1
  Cover: 286
  Implied bound: 1
  MIR: 548
  StrongCG: 1
  Zero half: 229
  RLT: 80
  Relax-and-lift: 112
  BQP: 5

Explored 1 nodes (733877 simplex iterations) in 3600.42 seconds (1816.16 work units)
Thread count was 32 (of 32 available processors)

Solution count 10: 171 172 173 ... 183

Time limit reached
Best objective 1.710000000000e+02, best bound 4.000000000000e+01, gap 76.6082%
