
Gurobi 13.0.0 (linux64) logging started Mon Nov 24 13:56:03 2025

Set parameter LogFile to value "./Results/StripPacking-CutHeur/Logs/NU-010-StripPacking-20-0.log"
Set parameter TimeLimit to value 3600
Set parameter Cuts to value 0
Set parameter Presolve to value 1
Set parameter Heuristics to value 0
Set parameter LogToConsole to value 0
Set parameter LPWarmStart to value 2
Gurobi Optimizer version 13.0.0 build v13.0.0rc1 (linux64 - "Debian GNU/Linux 12 (bookworm)")

CPU model: Intel(R) Xeon(R) CPU E5-2630 v3 @ 2.40GHz, instruction set [SSE2|AVX|AVX2]
Thread count: 16 physical cores, 32 logical processors, using up to 32 threads

Non-default parameters:
TimeLimit  3600
LPWarmStart  2
Heuristics  0
Cuts  0
LogToConsole  0
Presolve  1

Optimize a model with 1525 rows, 1251 columns and 4850 nonzeros (Min)
Model fingerprint: 0x046a144b
Model has 1 linear objective coefficients
Variable types: 51 continuous, 1200 integer (1200 binary)
Coefficient statistics:
  Matrix range     [1e+00, 1e+04]
  Objective range  [1e+00, 1e+00]
  Bounds range     [1e+00, 1e+04]
  RHS range        [1e+00, 1e+04]

Warning: Completing partial solution with 1200 unfixed non-continuous variables out of 1200
User MIP start produced solution with objective 104.8 (0.00s)
Loaded user MIP start with objective 104.8

Presolve time: 0.01s
Presolved: 1525 rows, 1251 columns, 4850 nonzeros
Variable types: 51 continuous, 1200 integer (1200 binary)

Root relaxation: objective 3.600000e+01, 558 iterations, 0.01 seconds (0.01 work units)

    Nodes    |    Current Node    |     Objective Bounds      |     Work
 Expl Unexpl |  Obj  Depth IntInf | Incumbent    BestBd   Gap | It/Node Time

     0     0   36.00000    0  106  104.80000   36.00000  65.6%     -    0s
     0     0   36.00000    0  106  104.80000   36.00000  65.6%     -    0s
     0     0   36.00000    0   76  104.80000   36.00000  65.6%     -    0s
     0     2   36.00000    0   76  104.80000   36.00000  65.6%     -    0s
* 3751  3526             132     102.0000000   36.00000  64.7%   7.7    0s
* 3953  3780             189      96.0000000   36.00000  62.5%   7.5    0s
*11250  8005             159      95.0000000   36.00000  62.1%   7.4    1s
*27118 15298             217      93.0000000   36.00000  61.3%   7.3    3s
*34025 19027             200      92.0000000   36.00000  60.9%   7.2    4s
*38962 21170             162      91.0000000   36.00000  60.4%   7.2    4s
 39795 22302 infeasible  176        91.00000   36.00000  60.4%   7.2    5s
*40532 21180             166      90.0000000   36.00000  60.0%   7.2    5s
*42600 21779             179      89.0000000   36.00000  59.6%   7.2    5s
*68361 38670             189      88.0000000   36.00000  59.1%   7.3    8s
 82820 48060   70.00000   87  168   88.00000   36.00000  59.1%   7.4   10s
*96981 51655             159      87.0000000   36.00000  58.6%   7.5   11s
*108260 54281             151      86.0000000   36.00000  58.1%   7.5   12s
 132700 73495   76.00000   77  205   86.00000   36.00000  58.1%   7.8   15s
*149810 72406             165      85.0000000   36.00000  57.6%   7.8   17s
 179404 92436   61.00000   45  202   85.00000   36.00000  57.6%   7.9   20s
 237244 130156   82.00000  147  176   85.00000   36.00000  57.6%   8.1   25s
*246719 122283             140      84.0000000   36.00000  57.1%   8.2   26s
 274736 143802   69.00000   97  165   84.00000   36.00000  57.1%   8.3   30s
 326418 179326   77.00000  106  166   84.00000   36.00000  57.1%   8.4   35s
 380109 214807   80.00000   98  182   84.00000   36.00000  57.1%   8.5   40s
*406500 204506             184      83.0000000   36.00000  56.6%   8.5   43s
 432950 210837   61.00000   57  171   83.00000   36.00000  56.6%   8.5   45s
 488765 247788   70.00000   78  202   83.00000   36.00000  56.6%   8.6   50s
*489140 219481             154      82.0000000   36.00000  56.1%   8.6   50s
 538574 251396 infeasible   77        82.00000   36.00000  56.1%   8.6   55s
 588757 285853   57.00000   69  212   82.00000   36.00000  56.1%   8.6   60s
 632953 313136   54.00000   74  281   82.00000   36.00000  56.1%   8.7   65s
 676491 356551   58.00000   77  254   82.00000   36.00000  56.1%   8.8   70s
 746546 385923 infeasible   97        82.00000   36.00000  56.1%   8.8   75s
 793524 419878   77.00000  115  134   82.00000   36.00000  56.1%   8.8   80s
 853243 456845   62.00000   63  256   82.00000   36.00000  56.1%   8.9   85s
 901416 489238   79.00000  132  170   82.00000   36.00000  56.1%   8.9   90s
 954746 536435   81.00000   82  192   82.00000   37.00000  54.9%   8.9   95s
 1016074 561486 infeasible  130        82.00000   37.00000  54.9%   8.9  100s
 1055335 589029   62.00000   62  191   82.00000   37.00000  54.9%   8.9  105s
 1107400 637604   65.00000   67  218   82.00000   40.00000  51.2%   8.9  111s
 1155551 655342   48.00000   74  288   82.00000   40.00000  51.2%   9.0  115s
 1208562 687931   76.00000   90  165   82.00000   40.00000  51.2%   9.0  120s
 1257142 718274   77.00000   79  173   82.00000   40.00000  51.2%   9.0  125s
 1305393 749718   80.00000  101  182   82.00000   40.00000  51.2%   9.0  130s
 1348575 778535 infeasible  109        82.00000   40.00000  51.2%   9.0  135s
 1398966 812501 infeasible  127        82.00000   40.00000  51.2%   9.0  140s
 1447845 845999   81.00000  121  137   82.00000   40.00000  51.2%   9.0  145s
 1499055 877613   61.00000   58  193   82.00000   40.00000  51.2%   9.1  150s
 1540688 920781   71.00000   99  179   82.00000   41.00000  50.0%   9.1  156s
 1594226 938509 infeasible  101        82.00000   41.00000  50.0%   9.1  160s
 1636792 965266     cutoff  101        82.00000   41.00000  50.0%   9.1  165s
 1684850 997463   60.00000   93  193   82.00000   41.00000  50.0%   9.1  170s
 1731061 1023684   81.00000   86  109   82.00000   41.00000  50.0%   9.1  175s
 1782432 1058079   80.00000   79  122   82.00000   41.00000  50.0%   9.1  180s
 1817519 1092048   76.00000   78  214   82.00000   41.00000  50.0%   9.1  186s
 1867135 1112502   80.00000  105  121   82.00000   41.00000  50.0%   9.1  190s
 1905388 1148411   61.00000   80  180   82.00000   41.00000  50.0%   9.1  195s
 1957930 1166570     cutoff   95        82.00000   42.00000  48.8%   9.1  200s
 1996870 1190187   78.00000   92  146   82.00000   42.00000  48.8%   9.1  206s
 2044739 1220127   79.00000   86  169   82.00000   42.00000  48.8%   9.1  210s
 2091492 1246370   81.00000   52  178   82.00000   42.00000  48.8%   9.1  215s
 2136040 1274414 infeasible  105        82.00000   42.00000  48.8%   9.1  220s
 2186186 1307496   65.00000   74  188   82.00000   42.00000  48.8%   9.1  225s
 2235947 1338369   81.00000  100  138   82.00000   42.00000  48.8%   9.1  230s
 2274194 1376871   80.00000   59  138   82.00000   42.00000  48.8%   9.2  236s
 2327563 1394429   78.00000   89  132   82.00000   42.00000  48.8%   9.2  240s
 2378455 1426392   69.00000   66  184   82.00000   42.00000  48.8%   9.2  245s
 2430776 1458981   80.00000  122  181   82.00000   42.00000  48.8%   9.2  250s
 2473568 1484983   78.00000   72  159   82.00000   42.00000  48.8%   9.2  255s
 2522059 1516342   81.00000  126  124   82.00000   42.00000  48.8%   9.2  260s
 2567156 1541991 infeasible  111        82.00000   42.00000  48.8%   9.2  265s
 2606655 1582803   81.00000  106  124   82.00000   43.00000  47.6%   9.2  270s
 2661537 1604741 infeasible   95        82.00000   43.00000  47.6%   9.2  275s
*2695358 1370321             187      81.0000000   43.00000  46.9%   9.2  279s
*2695363 1209410             188      80.0000000   43.00000  46.2%   9.2  280s
 2730965 1244951   78.00000   87  149   80.00000   43.00000  46.2%   9.2  285s
 2780052 1264601   77.00000   95   96   80.00000   43.00000  46.2%   9.2  290s
 2820745 1302981   61.00000   80  212   80.00000   43.00000  46.2%   9.2  295s
 2876638 1323695   79.00000   69  196   80.00000   43.00000  46.2%   9.2  300s
 2916460 1348916   56.00000   50  217   80.00000   43.00000  46.2%   9.2  305s
 2963250 1381110   72.00000   92  184   80.00000   43.00000  46.2%   9.2  310s
 3008597 1410465   72.00000   81  171   80.00000   43.00000  46.2%   9.2  315s
 3061165 1440414   77.00000   78  206   80.00000   43.00000  46.2%   9.2  320s
 3106028 1470079   79.00000   75  151   80.00000   43.00000  46.2%   9.2  325s
 3157588 1502093   78.00000  110  167   80.00000   43.00000  46.2%   9.2  330s
 3202098 1529033   79.00000   54  123   80.00000   43.00000  46.2%   9.2  335s
 3251058 1556927   79.00000   86  181   80.00000   43.00000  46.2%   9.2  340s
 3284217 1592569   79.00000  109  106   80.00000   43.00000  46.2%   9.2  345s
 3336378 1610987   73.00000  131  168   80.00000   43.00000  46.2%   9.2  350s
 3381387 1638144   77.00000   94  131   80.00000   43.00000  46.2%   9.2  355s
 3433534 1670140   78.00000  139   99   80.00000   43.00000  46.2%   9.2  360s
 3470339 1702554   74.00000   67  188   80.00000   43.00000  46.2%   9.2  365s
 3520983 1722687   79.00000   90  145   80.00000   43.00000  46.2%   9.3  370s
 3568716 1751330   65.00000   74  207   80.00000   43.00000  46.2%   9.3  375s
 3612248 1774639   79.00000   82  192   80.00000   43.00000  46.2%   9.3  380s
 3653805 1813358   62.00000   92  226   80.00000   43.00000  46.2%   9.3  386s
 3685115 1831735   79.00000  100  173   80.00000   43.00000  46.2%   9.3  390s
 3745188 1854785   79.00000   74  166   80.00000   43.00000  46.2%   9.3  395s
 3776015 1885422   79.00000  106  179   80.00000   43.00000  46.2%   9.3  400s
 3837612 1906813   76.00000  115  168   80.00000   43.00000  46.2%   9.3  405s
 3881895 1932878   73.00000   88  144   80.00000   43.00000  46.2%   9.3  410s
 3931271 1962632   75.00000  109  145   80.00000   43.00000  46.2%   9.3  415s
 3981278 1994585 infeasible   63        80.00000   44.00000  45.0%   9.3  420s
 4021324 2033440   75.00000   56  200   80.00000   44.00000  45.0%   9.3  426s
 4073967 2049664 infeasible   84        80.00000   44.00000  45.0%   9.3  430s
 4115109 2089162   79.00000   68  141   80.00000   44.00000  45.0%   9.3  435s
 4171344 2113339     cutoff  101        80.00000   44.00000  45.0%   9.3  440s
 4211735 2140207   61.00000   55  146   80.00000   44.00000  45.0%   9.3  445s
 4263893 2174216   70.00000   48  152   80.00000   44.00000  45.0%   9.3  450s
 4300037 2211425   78.00000   73  126   80.00000   44.00000  45.0%   9.3  455s
 4364370 2241622   72.00000  100  204   80.00000   44.00000  45.0%   9.3  460s
 4412833 2272019   78.00000  132  145   80.00000   44.00000  45.0%   9.3  465s
 4466844 2305319   79.00000   91  147   80.00000   44.00000  45.0%   9.3  470s
 4516692 2334168   62.00000   56  194   80.00000   44.00000  45.0%   9.3  475s
 4565782 2365243   57.00000   73  248   80.00000   44.00000  45.0%   9.3  480s
 4608454 2389680   79.00000  110   68   80.00000   44.00000  45.0%   9.3  485s
 4655569 2417490   70.00000   73  213   80.00000   44.00000  45.0%   9.3  490s
 4707669 2447528 infeasible   98        80.00000   45.00000  43.8%   9.3  495s
 4754117 2479282   75.00000   87  164   80.00000   45.00000  43.8%   9.3  500s
 4803754 2509780 infeasible   93        80.00000   45.00000  43.8%   9.3  505s
 4847668 2539864   79.00000   63  211   80.00000   45.00000  43.8%   9.3  510s
 4898879 2571685   79.00000   83  170   80.00000   45.00000  43.8%   9.3  515s
 4950034 2604872   76.00000   90  160   80.00000   45.00000  43.8%   9.3  520s
 4992559 2629142 infeasible   93        80.00000   45.00000  43.8%   9.3  525s
 5039285 2659944   78.00000   82  218   80.00000   45.00000  43.8%   9.3  530s
 5087655 2688846   57.00000   63  211   80.00000   45.00000  43.8%   9.3  535s
 5132327 2715578   70.00000   73  214   80.00000   45.00000  43.8%   9.3  540s
 5183007 2743377   72.00000   79  168   80.00000   45.00000  43.7%   9.3  545s
 5204781 2772492   72.00000   79  166   80.00000   46.00000  42.5%   9.3  550s
 5267359 2796657   66.00000   81  196   80.00000   46.00000  42.5%   9.3  555s
 5318085 2828115   79.00000   85  129   80.00000   46.00000  42.5%   9.3  560s
 5359580 2868900     cutoff   70        80.00000   46.00000  42.5%   9.3  566s
 5413714 2888247   72.00000   67  202   80.00000   46.00000  42.5%   9.3  570s
 5450591 2922988   76.00000  114  155   80.00000   46.00000  42.5%   9.3  575s
 5508705 2945400   79.00000   79  134   80.00000   46.00000  42.5%   9.3  580s
 5547317 2969357 infeasible  145        80.00000   46.00000  42.5%   9.3  585s
 5591110 2997753 infeasible  100        80.00000   46.00000  42.5%   9.3  590s
 5637087 3028943   79.00000  113  110   80.00000   46.00000  42.5%   9.3  595s
 5683247 3053754 infeasible   83        80.00000   46.00000  42.5%   9.3  600s
 5724254 3077856   74.00000   70  189   80.00000   46.00000  42.5%   9.3  605s
 5774488 3108345     cutoff  108        80.00000   46.00000  42.5%   9.3  610s
 5818266 3132910 infeasible   75        80.00000   46.00000  42.5%   9.3  615s
 5875233 3167265   59.00000   69  209   80.00000   46.00000  42.5%   9.3  620s
 5907961 3186494 infeasible   89        80.00000   46.00000  42.5%   9.3  625s
 5946059 3224292   63.00000  100  162   80.00000   46.00000  42.5%   9.3  630s
 6003513 3243071   70.00000  105  233   80.00000   46.00000  42.5%   9.3  635s
 6050280 3272564   66.00000   53  130   80.00000   46.00000  42.5%   9.3  640s
 6101245 3300463   48.00000   43  207   80.00000   46.00000  42.5%   9.3  645s
 6149652 3331454   56.00000   63  291   80.00000   46.00000  42.5%   9.3  650s
 6192016 3362843   79.00000   88  122   80.00000   46.00000  42.5%   9.3  655s
 6251026 3386911   78.00000   94  218   80.00000   46.00000  42.5%   9.3  660s
 6299393 3417596   79.00000   62  233   80.00000   46.00000  42.5%   9.3  665s
 6342883 3441268   79.00000  117  163   80.00000   46.00000  42.5%   9.3  670s
 6387439 3467063   77.00000  125  122   80.00000   46.00000  42.5%   9.3  675s
 6438714 3498570   46.00000   71  294   80.00000   46.00000  42.5%   9.3  680s
 6486943 3525952   55.00000   60  190   80.00000   46.00000  42.5%   9.3  685s
 6532797 3554259 infeasible  111        80.00000   46.00000  42.5%   9.3  690s
 6582078 3583469   79.00000   94  135   80.00000   46.00000  42.5%   9.3  695s
 6631399 3611870   72.00000   86  194   80.00000   46.00000  42.5%   9.3  700s
 6658148 3642154   78.00000   74  158   80.00000   46.00000  42.5%   9.3  705s
 6716710 3660675   73.00000   66  166   80.00000   46.00000  42.5%   9.3  710s
 6749225 3694039   64.00000   78  178   80.00000   46.00000  42.5%   9.3  715s
 6810157 3715471   77.00000   75  113   80.00000   46.00000  42.5%   9.3  720s
 6842280 3748672   78.00000   80  208   80.00000   46.00000  42.5%   9.3  725s
 6877015 3767221   74.00000  107  195   80.00000   46.00000  42.5%   9.3  730s
 6952007 3793154   77.00000   96  168   80.00000   46.00000  42.5%   9.3  735s
 6999647 3819966   76.00000   69  145   80.00000   46.00000  42.5%   9.3  741s
 7044821 3842928   79.00000   76  196   80.00000   46.00000  42.5%   9.3  745s
 7091659 3868510   74.00000   92  155   80.00000   46.00000  42.5%   9.3  751s
 7140680 3893249   72.00000   61  169   80.00000   46.00000  42.5%   9.3  755s
 7188436 3920189   77.00000   86  269   80.00000   46.00000  42.5%   9.3  761s
 7237881 3946637   48.00000   46  236   80.00000   46.00000  42.5%   9.3  765s
 7276413 3968608   77.00000  100  161   80.00000   46.00000  42.5%   9.3  770s
 7322482 3993854   77.00000   93  243   80.00000   46.00000  42.5%   9.3  775s
 7349777 4023199   78.00000   78  160   80.00000   46.00000  42.5%   9.3  780s
 7413002 4042826   73.00000  130  218   80.00000   46.00000  42.5%   9.3  785s
 7443307 4071150   77.00000   68  175   80.00000   46.00000  42.5%   9.3  790s
 7508201 4093343   79.00000  110  111   80.00000   46.00000  42.5%   9.3  795s
 7563387 4121965   57.00000   63  250   80.00000   46.00000  42.5%   9.3  800s
 7602930 4146120 infeasible   74        80.00000   46.00000  42.5%   9.3  805s
 7658348 4174257 infeasible   80        80.00000   46.00000  42.5%   9.3  810s
 7691738 4208278   78.00000  110  171   80.00000   46.00000  42.5%   9.3  816s
 7749684 4240650   61.00000   71  209   80.00000   46.00000  42.5%   9.3  821s
 7783287 4257979   79.00000   96   90   80.00000   46.00000  42.5%   9.3  825s
 7846885 4282563   78.00000   96  150   80.00000   46.00000  42.5%   9.3  830s
 7900576 4310744     cutoff  106        80.00000   46.00000  42.5%   9.3  835s
 7946336 4336730   74.00000   71  224   80.00000   46.00000  42.5%   9.3  840s
 7987254 4363055   48.00000   61  251   80.00000   46.00000  42.5%   9.3  845s
 8023134 4397978   58.00000   77  195   80.00000   46.00000  42.5%   9.3  851s
 8056361 4415067   72.00000   63  240   80.00000   46.00000  42.5%   9.3  855s
 8122371 4437459   74.00000  118  144   80.00000   46.00000  42.5%   9.3  860s
 8169038 4463130   72.00000   57  203   80.00000   46.00000  42.5%   9.3  865s
 8218767 4491941   72.00000   64  177   80.00000   46.00000  42.5%   9.3  870s
 8267319 4519471 infeasible   93        80.00000   46.00000  42.5%   9.3  875s
 8297551 4538509   79.00000  119  206   80.00000   46.00000  42.5%   9.3  880s
 8358361 4571647 infeasible  185        80.00000   46.00000  42.5%   9.3  885s
 8407637 4606707   74.00000   99  174   80.00000   46.00000  42.5%   9.3  890s
 8452668 4636128   55.00000   83  216   80.00000   46.00000  42.5%   9.3  895s
 8499031 4666157   75.00000  114  198   80.00000   46.00000  42.5%   9.3  900s
 8551152 4695560   79.00000   70  161   80.00000   46.00000  42.5%   9.3  905s
 8601751 4730160   69.00000  127  156   80.00000   46.00000  42.5%   9.3  910s
 8649932 4758694   76.00000   94  210   80.00000   46.00000  42.5%   9.3  915s
 8689798 4782913   74.00000   68  136   80.00000   46.00000  42.5%   9.3  920s
 8738055 4811744   79.00000   63  184   80.00000   46.00000  42.5%   9.3  925s
 8785409 4840812   59.00000   67  192   80.00000   46.00000  42.5%   9.3  930s
 8833167 4868910 infeasible  120        80.00000   46.00000  42.5%   9.3  935s
 8876260 4895699   79.00000   74  195   80.00000   46.00000  42.5%   9.3  940s
 8909532 4914659   78.00000   79  206   80.00000   46.00000  42.5%   9.3  945s
 8956746 4943416   72.00000   71  205   80.00000   46.00000  42.5%   9.3  950s
 9002973 4969114   66.00000   49  186   80.00000   46.00000  42.5%   9.3  955s
 9049514 4997723   48.00000   45  214   80.00000   46.00000  42.5%   9.3  960s
 9094894 5022861   69.00000   88  186   80.00000   46.00000  42.5%   9.3  965s
 9140553 5048725   79.00000  108  151   80.00000   46.00000  42.5%   9.3  970s
 9188495 5077195   59.00000   79  218   80.00000   46.00000  42.5%   9.3  975s
 9219190 5110181     cutoff   70        80.00000   46.00000  42.5%   9.3  980s
 9269592 5127311   68.00000   84  179   80.00000   46.00000  42.5%   9.3  985s
 9315796 5152783   78.00000  100  187   80.00000   46.00000  42.5%   9.3  990s
 9362658 5177397   79.00000   84  193   80.00000   46.00000  42.5%   9.3  995s
 9407256 5204338   77.00000   94  154   80.00000   46.00000  42.5%   9.3 1000s
 9449565 5228402 infeasible  107        80.00000   46.00000  42.5%   9.3 1005s
 9493150 5251500 infeasible  117        80.00000   46.00000  42.5%   9.3 1010s
 9526646 5283924   70.00000   80  171   80.00000   46.00000  42.5%   9.3 1015s
 9578914 5302867   79.00000   89  115   80.00000   46.00000  42.5%   9.3 1020s
 9624536 5329234   60.00000   86  228   80.00000   46.00000  42.5%   9.3 1025s
 9668802 5353215   79.00000   91  165   80.00000   46.00000  42.5%   9.3 1030s
 9714863 5377551   75.00000   87  207   80.00000   46.00000  42.5%   9.3 1035s
 9743469 5408313   76.00000   86  168   80.00000   46.00000  42.5%   9.3 1040s
 9804711 5428040   72.00000   65  156   80.00000   46.00000  42.5%   9.3 1045s
 9851668 5455890 infeasible   82        80.00000   46.00000  42.5%   9.3 1050s
 9899936 5481294     cutoff   77        80.00000   46.00000  42.5%   9.3 1055s
 9930688 5499063   78.00000   93  157   80.00000   46.00000  42.5%   9.3 1060s
 9984503 5529840   78.00000   70  222   80.00000   46.00000  42.5%   9.3 1065s
 10024532 5566539   79.00000   85  163   80.00000   46.00000  42.5%   9.3 1070s
 10057481 5584666   66.00000   61  236   80.00000   46.00000  42.5%   9.3 1075s
 10119702 5604930   78.00000   86  220   80.00000   46.00000  42.5%   9.3 1080s
 10152801 5637280   77.00000   86  166   80.00000   46.00000  42.5%   9.3 1085s
 10207193 5653104 infeasible  158        80.00000   46.00000  42.5%   9.3 1090s
 10247626 5678083   79.00000   94  130   80.00000   46.00000  42.5%   9.3 1095s
 10290959 5701870   74.00000   80  255   80.00000   46.00000  42.5%   9.3 1100s
 10327016 5723015 infeasible   99        80.00000   46.00000  42.5%   9.3 1105s
 10367044 5747653 infeasible  151        80.00000   46.00000  42.5%   9.3 1110s
 10423322 5780324   72.00000   63  162   80.00000   46.00000  42.5%   9.3 1115s
 10457028 5799689 infeasible   90        80.00000   46.00000  42.5%   9.3 1120s
 10503348 5827465   76.00000   95  155   80.00000   46.00000  42.5%   9.3 1125s
 10538561 5850458   79.00000   98   92   80.00000   46.00000  42.5%   9.3 1130s
 10583545 5875207 infeasible   74        80.00000   46.00000  42.5%   9.3 1135s
 10626312 5902384   79.00000   78  130   80.00000   46.00000  42.5%   9.3 1140s
 10667116 5926927   61.00000   57  209   80.00000   46.00000  42.5%   9.3 1145s
 10713081 5952660   79.00000  105  150   80.00000   46.00000  42.5%   9.3 1150s
 10741913 5983079   76.00000   72  163   80.00000   46.00000  42.5%   9.3 1155s
 10798703 6004552   78.00000   98  148   80.00000   46.00000  42.5%   9.3 1160s
 10836402 6041056   76.00000   88  196   80.00000   46.00000  42.5%   9.3 1166s
 10888929 6058646   78.00000   80  164   80.00000   46.00000  42.5%   9.3 1170s
 10928625 6092856   79.00000  100  164   80.00000   46.00000  42.5%   9.3 1176s
 10975620 6107191   73.00000   75  203   80.00000   46.00000  42.5%   9.3 1180s
 11020644 6135322   63.00000   82  226   80.00000   46.00000  42.5%   9.3 1185s
 11069717 6162126   79.00000   80  118   80.00000   46.00000  42.5%   9.3 1190s
 11113861 6191408 infeasible  136        80.00000   46.00000  42.5%   9.3 1195s
 11160203 6217260   76.00000   79  180   80.00000   46.00000  42.5%   9.3 1200s
 11205049 6246083   79.00000   83  186   80.00000   46.00000  42.5%   9.3 1205s
 11241632 6280398   76.00000  100  120   80.00000   46.00000  42.5%   9.3 1210s
 11299328 6300946 infeasible   99        80.00000   46.00000  42.5%   9.3 1215s
 11336057 6337611     cutoff   79        80.00000   46.00000  42.5%   9.3 1221s
 11366908 6357520   74.00000   76  187   80.00000   46.00000  42.5%   9.3 1225s
 11429597 6379361   78.00000   85  171   80.00000   46.00000  42.5%   9.3 1230s
 11481393 6409525   77.00000   75  192   80.00000   46.00000  42.5%   9.3 1235s
 11524822 6432807   77.00000  102  150   80.00000   46.00000  42.5%   9.3 1240s
 11572406 6460661   79.00000   98  133   80.00000   46.00000  42.5%   9.3 1245s
 11610285 6495017   69.00000   82  210   80.00000   46.00000  42.5%   9.3 1250s
 11667815 6516471   79.00000   82  154   80.00000   46.00000  42.5%   9.3 1255s
 11709736 6540582   62.00000   72  210   80.00000   46.00000  42.5%   9.3 1260s
 11754301 6566652   74.00000   60  163   80.00000   46.00000  42.5%   9.3 1265s
 11798483 6594021   69.00000   60  231   80.00000   46.00000  42.5%   9.3 1270s
 11852873 6624495   73.00000   65  235   80.00000   46.00000  42.5%   9.3 1275s
 11891537 6647380 infeasible   89        80.00000   46.00000  42.5%   9.3 1280s
 11937209 6675690   79.00000   90  124   80.00000   46.00000  42.5%   9.3 1285s
 11983427 6700891 infeasible  147        80.00000   46.00000  42.5%   9.3 1290s
 12012923 6734091   56.00000  107  213   80.00000   46.00000  42.5%   9.3 1296s
 12062286 6749587   73.00000  123  168   80.00000   46.00000  42.5%   9.3 1300s
 12108555 6773857   77.00000   64  157   80.00000   46.00000  42.5%   9.3 1305s
 12151386 6801369   79.00000   83  210   80.00000   46.00000  42.5%   9.3 1310s
 12190114 6821760 infeasible   80        80.00000   46.00000  42.5%   9.3 1315s
 12237097 6849320   77.00000   94  141   80.00000   46.00000  42.5%   9.3 1320s
 12281921 6872933 infeasible   80        80.00000   46.00000  42.5%   9.3 1326s
 12326069 6896247   79.00000   74  168   80.00000   46.00000  42.5%   9.3 1330s
 12372252 6924837   59.00000   74  156   80.00000   46.00000  42.5%   9.3 1335s
 12407915 6958676   61.00000   67  209   80.00000   46.00000  42.5%   9.3 1340s
 12470063 6981413   71.00000   59  184   80.00000   46.00000  42.5%   9.3 1345s
 12511921 7006075 infeasible  156        80.00000   46.00000  42.5%   9.4 1350s
 12560662 7035238   61.00000   57  220   80.00000   46.00000  42.5%   9.4 1355s
 12610112 7065478 infeasible  109        80.00000   46.00000  42.5%   9.4 1360s
 12651574 7095367   79.00000   79  247   80.00000   46.00000  42.5%   9.4 1365s
 12706523 7124066 infeasible  111        80.00000   46.00000  42.5%   9.4 1370s
 12758417 7151558 infeasible   96        80.00000   46.00000  42.5%   9.4 1375s
 12801543 7179386   77.00000  127  102   80.00000   46.00000  42.5%   9.4 1380s
 12853815 7206449   78.00000   78  136   80.00000   46.00000  42.5%   9.4 1385s
 12891150 7229615   79.00000  107  110   80.00000   46.00000  42.5%   9.4 1390s
 12936793 7255819   78.00000  103  153   80.00000   46.00000  42.5%   9.4 1395s
 12976156 7278977   78.00000  100  166   80.00000   46.00000  42.5%   9.4 1400s
 13021303 7303693 infeasible   78        80.00000   46.00000  42.5%   9.4 1405s
 13067034 7329526 infeasible   97        80.00000   46.00000  42.5%   9.4 1410s
 13116524 7355646 infeasible   64        80.00000   46.00000  42.5%   9.4 1415s
 13146210 7373133   69.00000   85  199   80.00000   46.00000  42.5%   9.4 1420s
 13201858 7401101 infeasible  116        80.00000   47.00000  41.3%   9.4 1425s
 13243241 7421716   72.00000  101  166   80.00000   47.00000  41.3%   9.4 1430s
 13283363 7441117   65.00000   80  187   80.00000   47.00000  41.3%   9.4 1435s
 13335101 7471533 infeasible  103        80.00000   47.00000  41.3%   9.4 1440s
 13367894 7503963   70.00000   66  191   80.00000   47.00000  41.3%   9.4 1445s
 13424054 7524634   74.00000   45  162   80.00000   47.00000  41.3%   9.4 1450s
 13464423 7561983   74.00000   55  224   80.00000   47.00000  41.3%   9.4 1455s
 13513518 7578890   79.00000   90  172   80.00000   47.00000  41.3%   9.4 1460s
 13551831 7602240 infeasible  111        80.00000   47.00000  41.3%   9.4 1465s
 13592736 7629112   79.00000   76  130   80.00000   47.00000  41.3%   9.4 1470s
 13636234 7652177     cutoff   96        80.00000   47.00000  41.3%   9.4 1475s
 13680840 7680646   70.00000   68  166   80.00000   47.00000  41.3%   9.4 1480s
 13726498 7705393   79.00000   64  175   80.00000   47.00000  41.3%   9.4 1485s
 13765612 7731446   78.00000   87  179   80.00000   47.00000  41.3%   9.4 1490s
 13807256 7756395   76.00000   76  239   80.00000   47.00000  41.3%   9.4 1495s
 13832939 7783861   77.00000   80  195   80.00000   47.00000  41.3%   9.4 1500s
 13883231 7800880   79.00000   64  180   80.00000   47.00000  41.3%   9.4 1505s
 13928941 7825492 infeasible   84        80.00000   47.00000  41.3%   9.4 1510s
 13973400 7853796   60.00000   76  171   80.00000   47.00000  41.3%   9.4 1515s
 14018696 7878699   72.00000   60  147   80.00000   47.00000  41.3%   9.4 1520s
 14049677 7912240   59.00000   51  213   80.00000   47.00000  41.3%   9.4 1525s
 14105761 7930900     cutoff  102        80.00000   47.00000  41.3%   9.4 1530s
 14147309 7956062 infeasible  110        80.00000   47.00000  41.3%   9.4 1535s
 14188106 7982201   77.00000  103  159   80.00000   47.00000  41.3%   9.4 1540s
 14235942 8007532 infeasible   75        80.00000   47.00000  41.3%   9.4 1545s
 14269109 8042218   72.00000   86  191   80.00000   47.00000  41.3%   9.4 1550s
 14319198 8057505   77.00000   97  143   80.00000   47.00000  41.3%   9.4 1555s
 14363273 8086053   75.00000   89  163   80.00000   47.00000  41.3%   9.4 1560s
 14395095 8119589   79.00000   94  166   80.00000   47.00000  41.3%   9.4 1566s
 14429056 8134076   78.00000   77  164   80.00000   47.00000  41.3%   9.4 1570s
 14488054 8165722   77.00000  117  192   80.00000   47.00000  41.3%   9.4 1575s
 14544232 8192499   78.00000   57  196   80.00000   47.00000  41.3%   9.4 1580s
 14583363 8218041   78.00000  111  147   80.00000   47.00000  41.3%   9.4 1585s
 14615022 8248950   76.00000   76  157   80.00000   47.00000  41.3%   9.4 1590s
 14672314 8268700   59.00000   86  177   80.00000   47.00000  41.3%   9.4 1595s
 14710581 8304055   79.00000   84  175   80.00000   47.00000  41.3%   9.4 1600s
 14767414 8324770 infeasible   77        80.00000   47.00000  41.3%   9.4 1605s
 14813074 8353572     cutoff   70        80.00000   47.00000  41.3%   9.4 1610s
 14859091 8380847   79.00000  110  100   80.00000   47.00000  41.3%   9.4 1615s
 14907513 8406383 infeasible  102        80.00000   47.00000  41.3%   9.4 1620s
 14952368 8431879   73.00000   59  228   80.00000   47.00000  41.3%   9.4 1625s
 14986727 8452724   76.00000  101  157   80.00000   47.00000  41.3%   9.4 1630s
 15045227 8483234   77.00000   77  142   80.00000   47.00000  41.3%   9.4 1635s
 15086572 8505428 infeasible  110        80.00000   47.00000  41.3%   9.4 1640s
 15131427 8531813   59.00000   80  242   80.00000   47.00000  41.3%   9.4 1645s
 15173088 8554115     cutoff  107        80.00000   47.00000  41.3%   9.4 1650s
 15213836 8579115   74.00000  100  182   80.00000   47.00000  41.3%   9.4 1655s
 15261793 8605321 infeasible  107        80.00000   47.00000  41.3%   9.4 1660s
 15299139 8626961   78.00000   71  138   80.00000   47.00000  41.3%   9.4 1665s
 15332356 8661185   79.00000   94  166   80.00000   47.00000  41.3%   9.4 1670s
 15383577 8677848   61.00000   68  218   80.00000   47.00000  41.3%   9.4 1675s
 15426676 8702488   77.00000   91  177   80.00000   47.00000  41.3%   9.4 1680s
 15472331 8730608   79.00000   91  123   80.00000   47.00000  41.3%   9.4 1685s
 15510924 8752523   79.00000   67  200   80.00000   47.00000  41.3%   9.4 1690s
 15562970 8783613   79.00000   77  166   80.00000   47.00000  41.3%   9.4 1695s
 15605589 8808908   79.00000   75  131   80.00000   47.00000  41.3%   9.4 1700s
 15654859 8834881 infeasible   89        80.00000   47.00000  41.3%   9.4 1705s
 15702273 8864965   78.00000   81  202   80.00000   47.00000  41.3%   9.4 1710s
 15752647 8891432   70.00000   92  173   80.00000   47.00000  41.3%   9.4 1715s
 15789372 8928072   63.00000  156  205   80.00000   47.00000  41.3%   9.4 1720s
 15840895 8944917   77.00000   90  171   80.00000   47.00000  41.3%   9.4 1725s
 15884889 8969400   77.00000   58  136   80.00000   47.00000  41.3%   9.4 1730s
 15916498 9000827   76.00000   85  138   80.00000   47.00000  41.3%   9.4 1735s
 15977194 9020599 infeasible   81        80.00000   47.00000  41.3%   9.4 1740s
 16006626 9052819   47.00000   49  201   80.00000   47.00000  41.3%   9.4 1745s
 16062435 9070290 infeasible  127        80.00000   47.00000  41.3%   9.4 1750s
 16107267 9095985   79.00000   76  101   80.00000   47.00000  41.3%   9.5 1755s
 16145910 9117538 infeasible  106        80.00000   47.00000  41.3%   9.5 1760s
 16191866 9142829   79.00000   97  174   80.00000   47.00000  41.3%   9.5 1765s
 16224682 9172565   79.00000   80  112   80.00000   47.00000  41.3%   9.5 1770s
 16282860 9191787 infeasible  125        80.00000   47.00000  41.2%   9.5 1775s
 16321445 9213915 infeasible  141        80.00000   47.00000  41.2%   9.5 1780s
 16365724 9240592   79.00000   76  134   80.00000   47.00000  41.2%   9.5 1785s
 16407684 9263948   77.00000   77  212   80.00000   47.00000  41.2%   9.5 1790s
 16460086 9290078 infeasible   95        80.00000   47.00000  41.2%   9.5 1795s
 16496338 9309949   73.00000   91  214   80.00000   47.00000  41.2%   9.5 1800s
 16526273 9339871   79.00000   91  198   80.00000   47.00000  41.2%   9.5 1805s
 16586311 9357856 infeasible  111        80.00000   47.00000  41.2%   9.5 1810s
 16633001 9383495   70.00000  107  194   80.00000   47.00000  41.2%   9.5 1815s
 16672616 9406456   73.00000   86  179   80.00000   47.00000  41.2%   9.5 1820s
 16712925 9427354   72.00000   83  283   80.00000   47.00000  41.2%   9.5 1825s
 16771458 9457898 infeasible  118        80.00000   47.00000  41.2%   9.5 1830s
 16813041 9483054   61.00000  102  179   80.00000   47.00000  41.2%   9.5 1835s
 16853716 9505738   57.00000   59  203   80.00000   47.00000  41.2%   9.5 1840s
 16900129 9529266   49.00000   91  248   80.00000   47.00000  41.2%   9.5 1845s
 16932033 9563071   65.00000   82  245   80.00000   47.00000  41.2%   9.5 1851s
 16965706 9578379     cutoff   87        80.00000   47.00000  41.2%   9.5 1855s
 17028043 9601672   76.00000   90  117   80.00000   47.00000  41.2%   9.5 1860s
 17071113 9624858   72.00000   75  212   80.00000   47.00000  41.2%   9.5 1865s
 17120039 9652285   65.00000   91  223   80.00000   47.00000  41.2%   9.5 1870s
 17157330 9685320   76.00000   99  145   80.00000   47.00000  41.2%   9.5 1875s
 17212064 9699852   79.00000   98  139   80.00000   47.00000  41.2%   9.5 1880s
 17254325 9724922   71.00000   63  207   80.00000   47.00000  41.2%   9.5 1885s
 17298813 9748251 infeasible  111        80.00000   47.00000  41.2%   9.5 1890s
 17343526 9773770 infeasible   86        80.00000   47.00000  41.2%   9.5 1895s
 17374763 9792531   72.00000   70  205   80.00000   47.00000  41.2%   9.5 1900s
 17422995 9817896   79.00000   99  151   80.00000   47.00000  41.2%   9.5 1905s
 17463429 9842382   74.00000   98  145   80.00000   47.00000  41.2%   9.5 1910s
 17505544 9863624 infeasible   83        80.00000   47.00000  41.2%   9.5 1915s
 17547195 9888109   78.00000  120  164   80.00000   47.00000  41.2%   9.5 1920s
 17591847 9910936   79.00000   97  159   80.00000   47.00000  41.2%   9.5 1925s
 17626456 9934851   65.00000   67  255   80.00000   47.00000  41.2%   9.5 1930s
 17679976 9959855   72.00000   72  243   80.00000   47.00000  41.2%   9.5 1935s
 17726280 9987888   61.00000   76  243   80.00000   47.00000  41.2%   9.5 1940s
 17775582 10014756   79.00000   96  175   80.00000   47.00000  41.2%   9.5 1945s
 17809393 10048119   79.00000   87  193   80.00000   47.00000  41.2%   9.5 1951s
 17841943 10065555   74.00000   96  158   80.00000   47.00000  41.2%   9.5 1955s
 17902985 10096597   79.00000   94  167   80.00000   47.00000  41.2%   9.5 1961s
 17963167 10116697   78.00000  104  163   80.00000   47.00000  41.2%   9.5 1965s
 17994442 10148384   72.00000   71  152   80.00000   47.00000  41.2%   9.5 1971s
 18026550 10168305   78.00000   90  146   80.00000   47.00000  41.2%   9.5 1977s
 18084029 10184383   66.00000   80  164   80.00000   47.00000  41.2%   9.5 1980s
 18123402 10218899   78.00000  100  171   80.00000   47.00000  41.2%   9.5 1986s
 18177176 10236015   78.00000   79  145   80.00000   47.00000  41.2%   9.5 1990s
 18212841 10268589   79.00000   92  131   80.00000   47.00000  41.2%   9.5 1996s
 18244932 10286700   72.00000   85  193   80.00000   47.00000  41.2%   9.5 2000s
 18305138 10318327   79.00000   77  177   80.00000   47.00000  41.2%   9.5 2005s
 18361191 10335480   78.00000  107  189   80.00000   47.00000  41.2%   9.5 2010s
 18395014 10358393   74.00000   84  190   80.00000   47.00000  41.2%   9.5 2015s
 18441223 10377444 infeasible  119        80.00000   47.00000  41.2%   9.5 2020s
 18487768 10403159   78.00000  113  154   80.00000   47.00000  41.2%   9.5 2025s
 18530394 10427885   53.00000   59  243   80.00000   47.00000  41.2%   9.5 2030s
 18579374 10453211   79.00000   94  172   80.00000   47.00000  41.2%   9.5 2035s
 18623086 10478290   79.00000  115   88   80.00000   47.00000  41.2%   9.5 2040s
 18671245 10503272   65.00000   64  261   80.00000   47.00000  41.2%   9.5 2045s
 18710431 10527386   77.00000   82  213   80.00000   47.00000  41.2%   9.5 2051s
 18754379 10552286   53.00000   55  197   80.00000   47.00000  41.2%   9.5 2055s
 18797437 10577648   72.00000  102  163   80.00000   47.00000  41.2%   9.5 2060s
 18837197 10597926   79.00000  100  190   80.00000   47.00000  41.2%   9.5 2065s
 18886030 10625974 infeasible  128        80.00000   47.00000  41.2%   9.5 2070s
 18924393 10652843   72.00000   72  266   80.00000   47.00000  41.2%   9.5 2076s
 18966888 10675034     cutoff   84        80.00000   47.00000  41.2%   9.5 2080s
 19015299 10716174   72.00000  111  173   80.00000   47.00000  41.2%   9.5 2086s
 19061608 10729748   78.00000   81  142   80.00000   47.00000  41.2%   9.5 2090s
 19103915 10753258     cutoff   89        80.00000   47.00000  41.2%   9.5 2095s
 19158195 10783142   71.00000   64  198   80.00000   47.00000  41.2%   9.5 2100s
 19197865 10820100   79.00000   77  119   80.00000   47.00000  41.2%   9.5 2106s
 19243084 10833767   79.00000   76  166   80.00000   47.00000  41.2%   9.5 2110s
 19283626 10856603   79.00000   77  194   80.00000   47.00000  41.2%   9.5 2115s
 19325604 10880329   73.00000   81  157   80.00000   47.00000  41.2%   9.5 2120s
 19364691 10901287     cutoff   94        80.00000   47.00000  41.2%   9.5 2125s
 19410696 10930005   74.00000   82  190   80.00000   47.00000  41.2%   9.5 2130s
 19456582 10956358   74.00000   75  182   80.00000   47.00000  41.2%   9.5 2135s
 19506532 10983387   78.00000   82  160   80.00000   47.00000  41.2%   9.5 2140s
 19542799 11017690   61.00000   88  191   80.00000   47.00000  41.2%   9.5 2145s
 19599166 11039137   79.00000   93  115   80.00000   47.00000  41.2%   9.5 2150s
 19638382 11071273   72.00000   69  205   80.00000   47.00000  41.2%   9.5 2155s
 19694546 11089666 infeasible  135        80.00000   47.00000  41.2%   9.5 2160s
 19730727 11110120 infeasible  108        80.00000   47.00000  41.2%   9.5 2165s
 19764610 11143749   79.00000   79  183   80.00000   47.00000  41.2%   9.5 2170s
 19823142 11163096   64.00000  113  234   80.00000   47.00000  41.2%   9.5 2175s
 19860402 11186259   74.00000   87  170   80.00000   47.00000  41.2%   9.5 2180s
 19912615 11213799 infeasible  141        80.00000   47.00000  41.2%   9.5 2185s
 19955462 11238247 infeasible  111        80.00000   47.00000  41.2%   9.5 2190s
 20003176 11268066   72.00000   66  183   80.00000   47.00000  41.2%   9.5 2195s
 20052263 11297504 infeasible  154        80.00000   47.00000  41.2%   9.5 2200s
 20102168 11324184   70.00000   79  164   80.00000   47.00000  41.2%   9.5 2205s
 20141181 11347019 infeasible   96        80.00000   47.00000  41.2%   9.5 2210s
 20182908 11373793   78.00000   69  165   80.00000   48.00000  40.0%   9.5 2215s
 20230309 11400538   48.00000   61  170   80.00000   48.00000  40.0%   9.5 2220s
 20273751 11427135   79.00000   63  175   80.00000   48.00000  40.0%   9.5 2225s
 20319021 11466527   75.00000   60  195   80.00000   48.00000  40.0%   9.5 2231s
 20363233 11479755   79.00000   82  167   80.00000   48.00000  40.0%   9.5 2235s
 20404424 11501810   79.00000   84  180   80.00000   48.00000  40.0%   9.5 2240s
 20440688 11538053   79.00000   81  113   80.00000   48.00000  40.0%   9.5 2245s
 20496974 11558091   78.00000   77  158   80.00000   48.00000  40.0%   9.5 2250s
 20548051 11587777   62.00000   58  157   80.00000   48.00000  40.0%   9.5 2255s
 20592758 11616495   79.00000   63  163   80.00000   48.00000  40.0%   9.5 2260s
 20629551 11650913   76.00000   77  234   80.00000   48.00000  40.0%   9.5 2266s
 20687726 11669680   62.00000   59  223   80.00000   48.00000  40.0%   9.5 2270s
 20725468 11691520   58.00000   61  184   80.00000   48.00000  40.0%   9.5 2275s
 20757511 11710488   77.00000   64  186   80.00000   48.00000  40.0%   9.5 2280s
 20806711 11736337     cutoff   65        80.00000   48.00000  40.0%   9.5 2285s
 20852774 11775970   75.00000   85  158   80.00000   48.00000  40.0%   9.5 2291s
 20902587 11791494   73.00000   67  253   80.00000   48.00000  40.0%   9.5 2295s
 20940875 11824302   79.00000   92  148   80.00000   48.00000  40.0%   9.5 2300s
 20995164 11842860   72.00000   87  177   80.00000   48.00000  40.0%   9.5 2305s
 21045277 11866955 infeasible  104        80.00000   48.00000  40.0%   9.5 2310s
 21089707 11889819   78.00000  115  146   80.00000   48.00000  40.0%   9.5 2315s
 21130972 11924442   75.00000  102  189   80.00000   48.00000  40.0%   9.5 2321s
 21163440 11941931   77.00000   97  146   80.00000   48.00000  40.0%   9.5 2325s
 21222514 11957651     cutoff   79        80.00000   48.00000  40.0%   9.5 2330s
 21255394 11988347   78.00000  111  131   80.00000   48.00000  40.0%   9.5 2336s
 21308149 12000628 infeasible   89        80.00000   48.00000  40.0%   9.5 2340s
 21345509 12019331 infeasible  122        80.00000   48.00000  40.0%   9.5 2345s
 21377777 12037038   74.00000   94  149   80.00000   48.00000  40.0%   9.5 2350s
 21432660 12063499   79.00000  123  100   80.00000   48.00000  40.0%   9.5 2355s
 21472241 12084816 infeasible   95        80.00000   48.00000  40.0%   9.5 2360s
 21513317 12103236   77.00000   82  221   80.00000   48.00000  40.0%   9.5 2365s
 21565275 12127605   78.00000   84  126   80.00000   48.00000  40.0%   9.5 2370s
 21599663 12146979   59.00000   84  209   80.00000   48.00000  40.0%   9.5 2375s
 21646542 12169931   74.00000   82  211   80.00000   48.00000  40.0%   9.5 2380s
 21695742 12192115   70.00000   77  189   80.00000   48.00000  40.0%   9.5 2385s
 21729423 12208922   73.00000   90  155   80.00000   48.00000  40.0%   9.5 2390s
 21775178 12232195 infeasible   95        80.00000   48.00000  40.0%   9.5 2395s
 21820920 12256862   60.00000   79  205   80.00000   48.00000  40.0%   9.5 2400s
 21861527 12276707   76.00000   92  168   80.00000   48.00000  40.0%   9.5 2405s
 21898792 12295177   79.00000  112   88   80.00000   48.00000  40.0%   9.5 2410s
 21943728 12315942 infeasible   89        80.00000   48.00000  40.0%   9.5 2416s
 21985474 12337377   75.00000   87  177   80.00000   48.00000  40.0%   9.5 2420s
 22027242 12355899 infeasible   95        80.00000   48.00000  40.0%   9.5 2425s
 22065493 12376968 infeasible  116        80.00000   48.00000  40.0%   9.5 2430s
 22108610 12396200   77.00000   59  182   80.00000   48.00000  40.0%   9.5 2435s
 22157400 12419904   79.00000   94  178   80.00000   48.00000  40.0%   9.5 2440s
 22191643 12448376   74.00000   99  189   80.00000   48.00000  40.0%   9.5 2446s
 22223245 12465871   79.00000  124  136   80.00000   48.00000  40.0%   9.5 2450s
 22285450 12485106 infeasible   78        80.00000   48.00000  40.0%   9.5 2455s
 22317897 12514119   79.00000   89  166   80.00000   48.00000  40.0%   9.5 2460s
 22375173 12531903   79.00000   84  210   80.00000   48.00000  40.0%   9.5 2465s
 22407259 12560686   79.00000   88  144   80.00000   48.00000  40.0%   9.5 2470s
 22463662 12580379 infeasible  142        80.00000   48.00000  40.0%   9.5 2475s
 22504606 12603093   79.00000  101  164   80.00000   48.00000  40.0%   9.5 2480s
 22535938 12632998   79.00000   95  150   80.00000   48.00000  40.0%   9.5 2485s
 22599457 12656818 infeasible   80        80.00000   48.00000  40.0%   9.5 2490s
 22632045 12684398   77.00000   76  144   80.00000   48.00000  40.0%   9.5 2495s
 22687194 12706505   78.00000   76  156   80.00000   48.00000  40.0%   9.5 2500s
 22732836 12731892   65.00000   68  205   80.00000   48.00000  40.0%   9.5 2505s
 22779158 12756764   75.00000   83  192   80.00000   48.00000  40.0%   9.5 2510s
 22821915 12782165   48.00000   75  197   80.00000   48.00000  40.0%   9.5 2515s
 22867412 12805781   71.00000   57  207   80.00000   48.00000  40.0%   9.5 2520s
 22905424 12842008   73.00000   62  233   80.00000   48.00000  40.0%   9.5 2527s
 22959248 12856588   70.00000   87  234   80.00000   48.00000  40.0%   9.5 2530s
 22996027 12877394     cutoff   76        80.00000   48.00000  40.0%   9.5 2536s
 23040804 12901398   79.00000   99  137   80.00000   48.00000  40.0%   9.5 2540s
 23087386 12925999     cutoff   88        80.00000   48.00000  40.0%   9.5 2546s
 23134907 12949322 infeasible   99        80.00000   48.00000  40.0%   9.5 2550s
 23181764 12975143   74.00000   76  166   80.00000   48.00000  40.0%   9.5 2556s
 23226429 12998641   79.00000   97  161   80.00000   48.00000  40.0%   9.5 2560s
 23271891 13020391   79.00000   87   86   80.00000   48.00000  40.0%   9.5 2565s
 23313720 13043322   78.00000   81  163   80.00000   48.00000  40.0%   9.5 2570s
 23358701 13066132   77.00000   80  192   80.00000   48.00000  40.0%   9.5 2575s
 23403699 13088475   78.00000   86  152   80.00000   48.00000  40.0%   9.5 2581s
 23437892 13119912   77.00000   84  126   80.00000   48.00000  40.0%   9.5 2586s
 23472302 13137666   78.00000   77  152   80.00000   48.00000  40.0%   9.5 2590s
 23536582 13155591   79.00000   88  171   80.00000   48.00000  40.0%   9.5 2596s
 23567888 13171877   79.00000   80  124   80.00000   48.00000  40.0%   9.5 2600s
 23628751 13203265   74.00000   76  199   80.00000   48.00000  40.0%   9.4 2605s
 23664160 13235000   77.00000   62  155   80.00000   48.00000  40.0%   9.4 2610s
 23722972 13251927   71.00000  101  172   80.00000   48.00000  40.0%   9.4 2615s
 23769682 13274689   71.00000   89  182   80.00000   48.00000  40.0%   9.4 2620s
 23815435 13298418   69.00000   94  186   80.00000   48.00000  40.0%   9.4 2625s
 23848985 13315213 infeasible   71        80.00000   48.00000  40.0%   9.4 2630s
 23906507 13344669   48.00000   75  202   80.00000   48.00000  40.0%   9.4 2635s
 23942009 13362027   77.00000   79  192   80.00000   48.00000  40.0%   9.4 2640s
 23991644 13388013   72.00000   62  206   80.00000   48.00000  40.0%   9.4 2645s
 24041269 13411863 infeasible   92        80.00000   48.00000  40.0%   9.4 2650s
 24077088 13429916 infeasible  129        80.00000   48.00000  40.0%   9.4 2655s
 24129590 13457064     cutoff   90        80.00000   48.00000  40.0%   9.4 2661s
 24157754 13471313 infeasible  100        80.00000   48.00000  40.0%   9.4 2665s
 24188126 13500313   75.00000   82  185   80.00000   48.00000  40.0%   9.4 2670s
 24246020 13517826   67.00000   87  184   80.00000   48.00000  40.0%   9.4 2676s
 24293955 13540195 infeasible   75        80.00000   48.00000  40.0%   9.4 2680s
 24340267 13564661   79.00000   93  154   80.00000   48.00000  40.0%   9.4 2686s
 24379356 13584114   77.00000   85  217   80.00000   48.00000  40.0%   9.4 2690s
 24420791 13608043   77.00000   64  186   80.00000   48.00000  40.0%   9.4 2695s
 24461659 13628540 infeasible  103        80.00000   48.00000  40.0%   9.4 2700s
 24500260 13649680   66.00000  105  205   80.00000   48.00000  40.0%   9.4 2706s
 24547466 13675505   79.00000   81  147   80.00000   48.00000  40.0%   9.4 2710s
 24594689 13699018     cutoff   60        80.00000   48.00000  40.0%   9.4 2716s
 24639979 13724005   77.00000   88  182   80.00000   48.00000  40.0%   9.4 2720s
 24683366 13746075 infeasible  113        80.00000   48.00000  40.0%   9.4 2725s
 24739469 13773896 infeasible   94        80.00000   48.00000  40.0%   9.4 2730s
 24778572 13796017   78.00000   88  170   80.00000   48.00000  40.0%   9.4 2736s
 24822427 13819553   79.00000  100  140   80.00000   48.00000  40.0%   9.4 2740s
 24866067 13843635   58.00000   91  162   80.00000   48.00000  40.0%   9.4 2745s
 24913101 13868618   77.00000   78  182   80.00000   48.00000  40.0%   9.4 2750s
 24953740 13889680   79.00000   79  170   80.00000   48.00000  40.0%   9.4 2755s
 24998564 13910430 infeasible  118        80.00000   48.00000  40.0%   9.4 2760s
 25031665 13942460   79.00000   83  180   80.00000   48.00000  40.0%   9.4 2766s
 25090767 13957743   66.00000   87  189   80.00000   48.00000  40.0%   9.4 2770s
 25124237 13988122   76.00000   88  154   80.00000   48.00000  40.0%   9.4 2776s
 25172050 14002153   52.00000   88  201   80.00000   48.00000  40.0%   9.4 2780s
 25213676 14021537 infeasible  113        80.00000   48.00000  40.0%   9.4 2785s
 25267457 14050952 infeasible   83        80.00000   48.00000  40.0%   9.4 2790s
 25305353 14071537   76.00000   90  192   80.00000   48.00000  40.0%   9.4 2795s
 25339145 14104472   60.00000   76  213   80.00000   48.00000  40.0%   9.4 2800s
 25395176 14122270   76.00000   73  197   80.00000   48.00000  40.0%   9.4 2805s
 25431753 14153130   79.00000   74  155   80.00000   48.00000  40.0%   9.4 2810s
 25494168 14173654   78.00000   61  238   80.00000   48.00000  40.0%   9.4 2816s
 25549994 14202309 infeasible  112        80.00000   48.00000  40.0%   9.4 2820s
 25584060 14223441   67.00000   66  215   80.00000   48.00000  40.0%   9.4 2825s
 25631022 14247786   73.00000   71  161   80.00000   48.00000  40.0%   9.4 2830s
 25671017 14268842   78.00000   81  202   80.00000   48.00000  40.0%   9.4 2835s
 25715096 14290625 infeasible   73        80.00000   48.00000  40.0%   9.4 2840s
 25746688 14307971   73.00000   88  136   80.00000   48.00000  40.0%   9.4 2845s
 25801230 14334415   69.00000   81  179   80.00000   48.00000  40.0%   9.4 2850s
 25847678 14358325   78.00000  107  201   80.00000   48.00000  40.0%   9.4 2855s
 25896427 14382580     cutoff   99        80.00000   48.00000  40.0%   9.4 2860s
 25943550 14408225   58.00000   94  183   80.00000   48.00000  40.0%   9.4 2865s
 25988894 14431505   79.00000   89  148   80.00000   48.00000  40.0%   9.4 2870s
 26042487 14457631 infeasible  104        80.00000   48.00000  40.0%   9.4 2875s
 26089072 14481693   78.00000   72  220   80.00000   48.00000  40.0%   9.4 2880s
 26122768 14514689   79.00000   99  150   80.00000   48.00000  40.0%   9.4 2885s
 26185542 14531513 infeasible   94        80.00000   48.00000  40.0%   9.4 2890s
 26223597 14552947   79.00000  116  153   80.00000   48.00000  40.0%   9.4 2895s
 26263363 14575052   65.00000   72  194   80.00000   48.00000  40.0%   9.4 2900s
 26310408 14599758   79.00000  104  167   80.00000   48.00000  40.0%   9.4 2905s
 26341816 14630263     cutoff   74        80.00000   48.00000  40.0%   9.4 2910s
 26401923 14649076   67.00000   72  198   80.00000   48.00000  40.0%   9.4 2915s
 26461918 14679833 infeasible  120        80.00000   48.00000  40.0%   9.4 2921s
 26493701 14699084   53.00000   73  235   80.00000   48.00000  40.0%   9.4 2925s
 26542173 14722306   76.00000   64  204   80.00000   48.00000  40.0%   9.4 2930s
 26589614 14747632   78.00000  108  129   80.00000   48.00000  40.0%   9.4 2935s
 26619105 14765025   78.00000   71  160   80.00000   48.00000  40.0%   9.4 2940s
 26673020 14792347 infeasible   88        80.00000   48.00000  40.0%   9.4 2945s
 26718769 14818031   78.00000   79  143   80.00000   48.00000  40.0%   9.4 2950s
 26772794 14844125   72.00000   75  200   80.00000   48.00000  40.0%   9.4 2955s
 26804481 14862633   79.00000   94  216   80.00000   48.00000  40.0%   9.4 2960s
 26834858 14892824   78.00000   86  165   80.00000   48.00000  40.0%   9.4 2965s
 26891610 14906964   74.00000   83  177   80.00000   48.00000  40.0%   9.4 2970s
 26934963 14930130 infeasible   95        80.00000   48.00000  40.0%   9.4 2975s
 26976895 14952911   49.00000   71  188   80.00000   48.00000  40.0%   9.4 2980s
 27017904 14975124 infeasible   93        80.00000   48.00000  40.0%   9.4 2985s
 27063780 14999217 infeasible  121        80.00000   48.00000  40.0%   9.4 2990s
 27109706 15025623   78.00000   71  151   80.00000   48.00000  40.0%   9.4 2995s
 27155602 15049904   66.00000   77  228   80.00000   48.00000  40.0%   9.4 3000s
 27208273 15076485   75.00000   74  189   80.00000   48.00000  40.0%   9.4 3005s
 27250891 15099020     cutoff   85        80.00000   48.00000  40.0%   9.4 3010s
 27296867 15126162   61.00000  106  223   80.00000   48.00000  40.0%   9.4 3015s
 27336953 15147470   79.00000   93  154   80.00000   48.00000  40.0%   9.4 3020s
 27371253 15167065   79.00000   91  144   80.00000   48.00000  40.0%   9.4 3025s
 27430158 15195044 infeasible  102        80.00000   48.00000  40.0%   9.4 3030s
 27464652 15227793   79.00000   89  128   80.00000   48.00000  40.0%   9.4 3035s
 27522875 15245746   76.00000   80  169   80.00000   48.00000  40.0%   9.4 3040s
 27559168 15267334   79.00000   73  209   80.00000   48.00000  40.0%   9.4 3045s
 27608648 15291881 infeasible  104        80.00000   48.00000  40.0%   9.4 3050s
 27653591 15317237   76.00000   60  172   80.00000   48.00000  40.0%   9.4 3055s
 27709538 15344910 infeasible  112        80.00000   48.00000  40.0%   9.4 3060s
 27743384 15364322     cutoff  118        80.00000   48.00000  40.0%   9.4 3065s
 27783448 15393495   70.00000   47  161   80.00000   48.00000  40.0%   9.4 3070s
 27829310 15414824   77.00000   77  149   80.00000   48.00000  40.0%   9.4 3075s
 27877352 15453034   79.00000  106  150   80.00000   48.00000  40.0%   9.4 3081s
 27926672 15466639 infeasible  116        80.00000   48.00000  40.0%   9.4 3085s
 27969543 15490571   52.00000   95  215   80.00000   48.00000  40.0%   9.4 3090s
 28002269 15522961   79.00000   95  148   80.00000   48.00000  40.0%   9.4 3096s
 28034303 15537488   73.00000   58  284   80.00000   48.00000  40.0%   9.4 3100s
 28095512 15572137   78.00000   96  114   80.00000   48.00000  40.0%   9.4 3105s
 28158129 15592166     cutoff   90        80.00000   48.00000  40.0%   9.4 3110s
 28195322 15612063   61.00000   65  150   80.00000   48.00000  40.0%   9.4 3115s
 28250935 15642061 infeasible  118        80.00000   48.00000  40.0%   9.4 3120s
 28281980 15660657   79.00000  113  158   80.00000   48.00000  40.0%   9.4 3125s
 28341313 15689845 infeasible   88        80.00000   48.00000  40.0%   9.4 3130s
 28375424 15709003   67.00000   91  232   80.00000   48.00000  40.0%   9.4 3135s
 28418144 15731674   68.00000   75  232   80.00000   48.00000  40.0%   9.4 3140s
 28465725 15756375   72.00000   86  223   80.00000   48.00000  40.0%   9.4 3146s
 28510916 15780290 infeasible  112        80.00000   48.00000  40.0%   9.4 3150s
 28555249 15801164 infeasible  102        80.00000   48.00000  40.0%   9.4 3155s
 28589890 15820177   79.00000   96  131   80.00000   48.00000  40.0%   9.4 3160s
 28640967 15847230   65.00000   66  254   80.00000   48.00000  40.0%   9.4 3165s
 28683583 15866751 infeasible   78        80.00000   48.00000  40.0%   9.4 3170s
 28716449 15896137   79.00000   89  146   80.00000   48.00000  40.0%   9.4 3175s
 28773663 15913830     cutoff   99        80.00000   48.00000  40.0%   9.4 3181s
 28822235 15936425   79.00000   92  160   80.00000   48.00000  40.0%   9.4 3185s
 28858495 15955835 infeasible   83        80.00000   48.00000  40.0%   9.4 3190s
 28902970 15982402   79.00000   84  156   80.00000   48.00000  40.0%   9.4 3195s
 28943638 16004381   78.00000   74  208   80.00000   48.00000  40.0%   9.4 3200s
 28991269 16029802   69.00000  112  183   80.00000   48.00000  40.0%   9.4 3205s
 29036576 16052412 infeasible  105        80.00000   48.00000  40.0%   9.4 3210s
 29080894 16078297   79.00000   82  140   80.00000   48.00000  40.0%   9.4 3215s
 29123540 16100850   72.00000   81  182   80.00000   48.00000  40.0%   9.4 3220s
 29169972 16123786   58.00000   75  248   80.00000   48.00000  40.0%   9.4 3225s
 29212376 16146002   66.00000   62  215   80.00000   48.00000  40.0%   9.4 3230s
 29245117 16174765   74.00000   86  222   80.00000   48.00000  40.0%   9.4 3235s
 29298560 16194503   70.00000   54  132   80.00000   48.00000  40.0%   9.4 3240s
 29335782 16217692     cutoff  103        80.00000   48.00000  40.0%   9.4 3245s
 29379300 16239684   78.00000   78  138   80.00000   48.00000  40.0%   9.4 3250s
 29405627 16270038   67.00000   76  181   80.00000   48.00000  40.0%   9.4 3255s
 29455941 16286842   79.00000   96  160   80.00000   48.00000  40.0%   9.4 3260s
 29497867 16321737   64.00000   81  203   80.00000   48.00000  40.0%   9.4 3265s
 29557912 16342561   75.00000   85  176   80.00000   48.00000  40.0%   9.4 3270s
 29590928 16373069   75.00000   85  173   80.00000   48.00000  40.0%   9.4 3275s
 29652764 16393006 infeasible   96        80.00000   48.00000  40.0%   9.4 3280s
 29689340 16414873     cutoff   92        80.00000   48.00000  40.0%   9.4 3285s
 29745306 16443252   74.00000   67  172   80.00000   48.00000  40.0%   9.4 3290s
 29782056 16464591   66.00000   78  205   80.00000   48.00000  40.0%   9.4 3295s
*29813581 13346824             133      79.0000000   48.00000  39.2%   9.4 3315s
 29846849 13365939   56.00000   72  230   79.00000   48.00000  39.2%   9.4 3320s
 29895502 13388014   72.00000   90  225   79.00000   48.00000  39.2%   9.4 3325s
 29934355 13408814   78.00000  103  148   79.00000   48.00000  39.2%   9.4 3331s
 29964805 13424387   77.00000   94  210   79.00000   48.00000  39.2%   9.4 3335s
 30011360 13445330 infeasible   93        79.00000   48.00000  39.2%   9.4 3340s
 30054126 13469138   74.00000   74  203   79.00000   48.00000  39.2%   9.4 3345s
 30095845 13490889   77.00000  102  170   79.00000   48.00000  39.2%   9.4 3350s
 30127734 13521500   78.00000  108  145   79.00000   48.00000  39.2%   9.4 3355s
 30159492 13523381     cutoff   83        79.00000   48.00000  39.2%   9.4 3360s
 30205757 13547084   78.00000  110  143   79.00000   48.00000  39.2%   9.4 3365s
 30254355 13570667 infeasible   82        79.00000   48.00000  39.2%   9.4 3370s
 30283517 13585438 infeasible  105        79.00000   48.00000  39.2%   9.4 3375s
 30313425 13616207   73.00000   77  197   79.00000   48.00000  39.2%   9.4 3381s
 30343415 13618367   78.00000  110  163   79.00000   48.00000  39.2%   9.4 3385s
 30386639 13641127   78.00000  109  131   79.00000   48.00000  39.2%   9.4 3390s
 30437380 13666868   77.00000   90  133   79.00000   48.00000  39.2%   9.4 3395s
 30479831 13685983 infeasible  117        79.00000   48.00000  39.2%   9.4 3400s
 30520305 13708927   77.00000  108  147   79.00000   48.00000  39.2%   9.4 3405s
 30566091 13730241   78.00000   58  166   79.00000   48.00000  39.2%   9.4 3410s
 30592524 13758196   76.00000   70  211   79.00000   48.00000  39.2%   9.4 3415s
 30625738 13775732   74.00000   86  182   79.00000   48.00000  39.2%   9.4 3420s
 30679571 13787604   78.00000   77  160   79.00000   48.00000  39.2%   9.4 3425s
 30719537 13808010   78.00000   75  187   79.00000   48.00000  39.2%   9.4 3430s
 30750745 13838740   77.00000   96  176   79.00000   48.00000  39.2%   9.4 3436s
 30783342 13856998   55.00000   72  203   79.00000   48.00000  39.2%   9.4 3441s
 30835601 13871758   74.00000   94  135   79.00000   48.00000  39.2%   9.4 3445s
 30876172 13906257   75.00000   64  146   79.00000   48.00000  39.2%   9.4 3450s
 30932576 13923273   66.00000   60  195   79.00000   48.00000  39.2%   9.4 3455s
 30965639 13943179   69.00000   86  171   79.00000   48.00000  39.2%   9.4 3460s
 31002158 13960733   67.00000   57  204   79.00000   48.00000  39.2%   9.4 3465s
 31034722 13992557   70.00000   87  204   79.00000   48.00000  39.2%   9.4 3471s
 31083195 14006716   57.00000   70  180   79.00000   48.00000  39.2%   9.4 3475s
 31124932 14040214   74.00000   70  198   79.00000   48.00000  39.2%   9.4 3481s
 31162756 14048361   77.00000   78  147   79.00000   48.00000  39.2%   9.4 3485s
 31208523 14072180     cutoff  124        79.00000   48.00000  39.2%   9.4 3490s
 31249110 14091126 infeasible   95        79.00000   48.00000  39.2%   9.4 3495s
 31286162 14123835   72.00000   62  182   79.00000   48.00000  39.2%   9.4 3501s
 31318011 14140673   78.00000  102   90   79.00000   48.00000  39.2%   9.4 3505s
 31372722 14154102   72.00000   69  195   79.00000   48.00000  39.2%   9.4 3510s
 31412322 14174369 infeasible  121        79.00000   48.00000  39.2%   9.4 3515s
 31449957 14191873     cutoff   75        79.00000   48.00000  39.2%   9.4 3520s
 31500269 14216910   74.00000   76  198   79.00000   48.00000  39.2%   9.4 3526s
 31530036 14231189 infeasible  158        79.00000   48.00000  39.2%   9.4 3530s
 31564431 14249827 infeasible  106        79.00000   48.00000  39.2%   9.4 3535s
 31605723 14270280 infeasible  107        79.00000   48.00000  39.2%   9.4 3540s
 31648204 14289100   77.00000   78  153   79.00000   48.00000  39.2%   9.4 3545s
 31682169 14305919   69.00000   88  173   79.00000   48.00000  39.2%   9.4 3550s
 31713121 14336824   67.00000  101  177   79.00000   48.00000  39.2%   9.4 3555s
 31747645 14351911   77.00000   96  150   79.00000   48.00000  39.2%   9.4 3561s
 31799187 14364973     cutoff   53        79.00000   48.00000  39.2%   9.4 3565s
 31835150 14383543 infeasible  101        79.00000   48.00000  39.2%   9.4 3570s
 31868818 14415407   78.00000   64  141   79.00000   48.00000  39.2%   9.4 3575s
 31928232 14432890 infeasible  108        79.00000   48.00000  39.2%   9.4 3581s
 31959184 14449893   77.00000   62  166   79.00000   48.00000  39.2%   9.4 3585s
 31992914 14468743   78.00000   62  176   79.00000   48.00000  39.2%   9.4 3590s
 32024945 14500278     cutoff   76        79.00000   48.00000  39.2%   9.4 3595s
 32057097 14518801   78.00000   81  179   79.00000   48.00000  39.2%   9.4 3600s

Explored 32083773 nodes (301995874 simplex iterations) in 3601.12 seconds (622.05 work units)
Thread count was 32 (of 32 available processors)

Solution count 10: 79 80 81 ... 88

Time limit reached
Best objective 7.900000000000e+01, best bound 4.800000000000e+01, gap 39.2405%
