
Gurobi 13.0.0 (linux64) logging started Mon Nov 24 12:01:00 2025

Set parameter LogFile to value "./Results/StripPacking-CutHeur/Logs/RU-010-StripPacking-15-0.log"
Set parameter TimeLimit to value 3600
Set parameter Cuts to value 0
Set parameter Presolve to value 1
Set parameter Heuristics to value 0
Set parameter LogToConsole to value 0
Set parameter LPWarmStart to value 2
Gurobi Optimizer version 13.0.0 build v13.0.0rc1 (linux64 - "Debian GNU/Linux 12 (bookworm)")

CPU model: Intel(R) Xeon(R) CPU E5-2630 v3 @ 2.40GHz, instruction set [SSE2|AVX|AVX2]
Thread count: 16 physical cores, 32 logical processors, using up to 32 threads

Non-default parameters:
TimeLimit  3600
LPWarmStart  2
Heuristics  0
Cuts  0
LogToConsole  0
Presolve  1

Optimize a model with 1590 rows, 451 columns and 4230 nonzeros (Min)
Model fingerprint: 0xda35ff6a
Model has 1 linear objective coefficients
Variable types: 31 continuous, 420 integer (420 binary)
Coefficient statistics:
  Matrix range     [1e+00, 1e+04]
  Objective range  [1e+00, 1e+00]
  Bounds range     [1e+00, 1e+04]
  RHS range        [1e+00, 1e+04]

Warning: Completing partial solution with 420 unfixed non-continuous variables out of 420
User MIP start produced solution with objective 62.1 (0.00s)
User MIP start produced solution with objective 62.1 (0.00s)
Loaded user MIP start with objective 62.1

Presolve removed 210 rows and 0 columns
Presolve time: 0.01s
Presolved: 1380 rows, 451 columns, 4393 nonzeros
Variable types: 31 continuous, 420 integer (420 binary)

Root relaxation: objective 3.200000e+01, 406 iterations, 0.01 seconds (0.01 work units)

    Nodes    |    Current Node    |     Objective Bounds      |     Work
 Expl Unexpl |  Obj  Depth IntInf | Incumbent    BestBd   Gap | It/Node Time

     0     0   32.00000    0   41   62.10000   32.00000  48.5%     -    0s
     0     0   32.00000    0   41   62.10000   32.00000  48.5%     -    0s
     0     0   32.00000    0   41   62.10000   32.00000  48.5%     -    0s
     0     2   32.00000    0   41   62.10000   32.00000  48.5%     -    0s
* 1017  1129              64      62.0000000   32.00000  48.4%  16.7    0s
* 2737  1827              58      58.0000000   32.00000  44.8%  14.1    0s
* 3961  2416              46      56.0000000   32.00000  42.9%  18.3    1s
* 4239  2362              54      53.0000000   32.00000  39.6%  19.1    1s
* 4511  2320              43      52.0000000   32.00000  38.5%  20.0    1s
* 5014  2542              56      51.0000000   32.00000  37.3%  20.4    1s
* 5286  2380              53      50.0000000   32.00000  36.0%  20.4    1s
* 5801  2133              57      49.0000000   32.00000  34.7%  22.3    2s
* 6621  1802              48      48.0000000   32.00000  33.3%  25.1    2s
* 9020  2185              44      47.0000000   32.00000  31.9%  29.6    3s
 10751  2468   43.00000   32   24   47.00000   32.00000  31.9%  31.5    5s
*10804  2312              38      46.0000000   32.00000  30.4%  31.6    5s
 17031  3020     cutoff   37        46.00000   34.00000  26.1%  40.5   10s
*21270  2247              35      45.0000000   34.00000  24.4%  40.5   11s
 25072  2107   37.00000   24   42   45.00000   36.00000  20.0%  43.0   15s
 36677  2648     cutoff   23        45.00000   38.00000  15.6%  43.1   20s
 44066  1572 infeasible   30        45.00000   40.00000  11.1%  45.9   25s
 51811  1815   41.00000   32   34   45.00000   41.00000  8.89%  47.4   30s

Explored 65868 nodes (2815185 simplex iterations) in 32.98 seconds (6.71 work units)
Thread count was 32 (of 32 available processors)

Solution count 10: 45 45 46 ... 53

Optimal solution found (tolerance 1.00e-04)
Best objective 4.500000000000e+01, best bound 4.500000000000e+01, gap 0.0000%
