
Gurobi 13.0.0 (linux64) logging started Mon Nov 24 15:56:58 2025

Set parameter LogFile to value "./Results/StripPacking-CutHeur/Logs/RU-010-StripPacking-20-0.log"
Set parameter TimeLimit to value 3600
Set parameter Cuts to value 0
Set parameter Presolve to value 1
Set parameter Heuristics to value 0
Set parameter LogToConsole to value 0
Set parameter LPWarmStart to value 2
Gurobi Optimizer version 13.0.0 build v13.0.0rc1 (linux64 - "Debian GNU/Linux 12 (bookworm)")

CPU model: Intel(R) Xeon(R) CPU E5-2630 v3 @ 2.40GHz, instruction set [SSE2|AVX|AVX2]
Thread count: 16 physical cores, 32 logical processors, using up to 32 threads

Non-default parameters:
TimeLimit  3600
LPWarmStart  2
Heuristics  0
Cuts  0
LogToConsole  0
Presolve  1

Optimize a model with 4525 rows, 1251 columns and 12050 nonzeros (Min)
Model fingerprint: 0xb2469033
Model has 1 linear objective coefficients
Variable types: 51 continuous, 1200 integer (1200 binary)
Coefficient statistics:
  Matrix range     [1e+00, 1e+04]
  Objective range  [1e+00, 1e+00]
  Bounds range     [1e+00, 1e+04]
  RHS range        [1e+00, 1e+04]

Warning: Completing partial solution with 1200 unfixed non-continuous variables out of 1200
User MIP start produced solution with objective 104.8 (0.00s)
Loaded user MIP start with objective 104.8

Presolve removed 600 rows and 0 columns
Presolve time: 0.02s
Presolved: 3925 rows, 1251 columns, 10850 nonzeros
Variable types: 51 continuous, 1200 integer (1200 binary)

Root relaxation: objective 3.600000e+01, 735 iterations, 0.03 seconds (0.02 work units)

    Nodes    |    Current Node    |     Objective Bounds      |     Work
 Expl Unexpl |  Obj  Depth IntInf | Incumbent    BestBd   Gap | It/Node Time

     0     0   36.00000    0  153  104.80000   36.00000  65.6%     -    0s
     0     0   36.00000    0  153  104.80000   36.00000  65.6%     -    0s
     0     0   36.00000    0  153  104.80000   36.00000  65.6%     -    0s
     0     2   36.00000    0   92  104.80000   36.00000  65.6%     -    0s
  3906  3377 infeasible   23       104.80000   36.00000  65.6%  39.6    5s
* 8017  5414              91     103.0000000   36.00000  65.0%  43.1    9s
  8566  5686   67.00000   88  126  103.00000   36.00000  65.0%  42.0   10s
* 8670  5511             101     103.0000000   36.00000  65.0%  42.4   10s
* 8971  5352             115     101.0000000   36.00000  64.4%  43.2   10s
* 9123  5344             133     100.0000000   36.00000  64.0%  43.3   11s
* 9469  5191             127      99.0000000   36.00000  63.6%  43.2   11s
* 9595  5014             102      98.0000000   36.00000  63.3%  43.3   11s
 13818  8379   36.00000   30  217   98.00000   36.00000  63.3%  42.9   15s
 18736 12333 infeasible  110        98.00000   36.00000  63.3%  45.3   20s
 26192 18038   95.00000   81   90   98.00000   36.00000  63.3%  45.5   25s
*26264 17288             127      97.0000000   36.00000  62.9%  45.5   25s
 33799 22829   55.00000   38  260   97.00000   36.00000  62.9%  43.3   30s
*38885 24954             150      96.0000000   36.00000  62.5%  42.1   33s
*38890 24021             150      95.0000000   36.00000  62.1%  42.0   33s
 41739 26274   83.00000   69  208   95.00000   36.00000  62.1%  42.2   35s
*46495 28310             129      94.0000000   36.00000  61.7%  42.0   38s
 47889 29429   90.00000   98   91   94.00000   36.00000  61.7%  42.2   40s
*47921 28479             129      93.0000000   36.00000  61.3%  42.2   40s
 56305 34347   85.00000   66  160   93.00000   36.00000  61.3%  42.4   45s
 61903 43666   81.00000   86  136   93.00000   36.00000  61.3%  42.3   51s
*67347 41963             105      92.0000000   36.00000  60.9%  41.3   51s
*71036 41099              97      91.0000000   36.00000  60.4%  41.1   53s
 71813 41898     cutoff   96        91.00000   36.00000  60.4%  41.3   55s
*71925 38243             113      89.0000000   36.00000  59.6%  41.3   55s
 78436 43033   83.00000   78   53   89.00000   36.00000  59.6%  41.7   60s
 85694 51114   84.00000   57  196   89.00000   36.00000  59.6%  42.0   65s
*91736 50134             109      88.0000000   36.00000  59.1%  41.6   67s
*91883 48250             101      87.0000000   36.00000  58.6%  41.6   67s
 92719 51021   49.00000   52  249   87.00000   36.00000  58.6%  41.7   71s
*97163 51055              99      86.0000000   36.00000  58.1%  42.5   74s
 99839 56860   82.00000   51  190   86.00000   36.00000  58.1%  43.0   76s
 109892 61667   81.00000   70   98   86.00000   36.00000  58.1%  42.8   81s
 116439 63972   84.00000   66  166   86.00000   36.00000  58.1%  43.1   85s
*116884 60614              83      85.0000000   36.00000  57.6%  43.2   85s
 125192 66235 infeasible   73        85.00000   36.00000  57.6%  43.0   90s
 139429 74872 infeasible   74        85.00000   36.00000  57.6%  42.5   95s
 142582 77204   80.00000   55  153   85.00000   36.00000  57.6%  43.1  100s
 150488 85612   72.00000   83   90   85.00000   36.00000  57.6%  43.4  106s
 157669 89373   84.00000   96   67   85.00000   36.00000  57.6%  43.5  112s
 161447 96212   65.00000   62  140   85.00000   36.00000  57.6%  44.0  115s
 174999 102020   82.00000   70  133   85.00000   36.00000  57.6%  43.7  121s
 187642 107368     cutoff   61        85.00000   36.55282  57.0%  43.1  126s
 189172 109674   75.00000   48  165   85.00000   37.00000  56.5%  43.3  130s
 204673 118341 infeasible  108        85.00000   37.00000  56.5%  43.0  135s
 207258 123056   83.00000   57  184   85.00000   37.00000  56.5%  43.4  140s
 220154 128375   74.00000   51  175   85.00000   39.75940  53.2%  43.1  146s
*221163 115269             104      84.0000000   40.00000  52.4%  43.2  146s
 221790 117229   79.00000   79  144   84.00000   40.00000  52.4%  43.2  150s
 237835 126822   61.00000   38  161   84.00000   40.00000  52.4%  43.0  155s
 246158 132373   57.00000   32  194   84.00000   41.00000  51.2%  43.2  161s
 249752 135034   72.00000   48  202   84.00000   41.00000  51.2%  43.4  165s
 264609 144282 infeasible   72        84.00000   42.00000  50.0%  43.1  170s
 267605 146274   83.00000   51  144   84.00000   42.00000  50.0%  43.4  176s
 275845 151567   77.00000   53  136   84.00000   42.00000  50.0%  43.5  181s
 282951 156105   83.00000   49  215   84.00000   42.00000  50.0%  43.4  185s
 298486 165151   72.00000   61  204   84.00000   43.00000  48.8%  43.0  190s
 301478 167458   77.00000   63  171   84.00000   43.00000  48.8%  43.3  195s
 309523 172602 infeasible   84        84.00000   43.00000  48.8%  43.3  201s
 316000 176971 infeasible   78        84.00000   44.00000  47.6%  43.3  205s
 320763 187292   60.00000   44  185   84.00000   45.00000  46.4%  43.8  213s
 333058 188225 infeasible   60        84.00000   45.00000  46.4%  43.4  215s
 342207 194485   59.00000   61  161   84.00000   45.00000  46.4%  43.5  221s
 349419 199179 infeasible   67        84.00000   45.00000  46.4%  43.4  225s
 354476 210054   82.00000   63  190   84.00000   45.00000  46.4%  43.8  233s
 367249 210802 infeasible   57        84.00000   45.00000  46.4%  43.4  235s
 376179 216303 infeasible  102        84.00000   45.00000  46.4%  43.5  240s
 378549 221222   69.00000   44  208   84.00000   45.00000  46.4%  43.6  245s
 390729 225758 infeasible   61        84.00000   45.00000  46.4%  43.5  251s
 397164 230020   64.00000   34  180   84.00000   45.00000  46.4%  43.6  255s
 404926 234875   50.00000   42  193   84.00000   45.00000  46.4%  43.6  260s
 411667 239407   59.00000   44  230   84.00000   45.00000  46.4%  43.5  265s
 426987 249293   82.00000   62  177   84.00000   45.00000  46.4%  43.3  270s
 430095 251239   82.00000   76   88   84.00000   45.00000  46.4%  43.5  275s
 438967 257017   64.00000   57  205   84.00000   46.00000  45.2%  43.5  280s
 447937 263535   82.00000   68   91   84.00000   46.00000  45.2%  43.5  288s
 450835 271239   83.00000   68   72   84.00000   46.00000  45.2%  43.7  291s
 464396 272863   60.00000   58  155   84.00000   46.00000  45.2%  43.4  295s
 473805 278365   78.00000   62  183   84.00000   46.00000  45.2%  43.4  301s
 481113 283143 infeasible   46        84.00000   46.00000  45.2%  43.3  305s
 495042 291808 infeasible   90        84.00000   46.00000  45.2%  43.1  310s
*496458 260091              98      83.0000000   46.00000  44.6%  43.1  312s
 498218 261287   77.00000   58  188   83.00000   46.00000  44.6%  43.2  315s
*498356 239478              85      82.0000000   46.00000  43.9%  43.3  315s
 506662 244460 infeasible   64        82.00000   46.00000  43.9%  43.3  321s
 511465 247407 infeasible   58        82.00000   46.00000  43.9%  43.3  325s
 527337 256900 infeasible   69        82.00000   46.00000  43.9%  43.2  330s
 530324 258594 infeasible   51        82.00000   46.00000  43.9%  43.4  335s
 532872 260402   80.00000   45  152   82.00000   46.00000  43.9%  43.6  340s
 543569 267845   70.00000   46  208   82.00000   46.00000  43.9%  43.6  348s
 546622 276043   81.00000   65  129   82.00000   46.00000  43.9%  43.9  352s
 561674 277207   80.00000   78  109   82.00000   46.00000  43.9%  43.7  356s
 564202 282504   80.00000   41  163   82.00000   47.00000  42.7%  43.9  360s
 572544 285191 infeasible   70        82.00000   47.00000  42.7%  43.8  367s
 575922 293541   78.00000   49  138   82.00000   47.00000  42.7%  44.0  371s
 590874 294863   78.00000   72  104   82.00000   47.00000  42.7%  43.9  375s
 595076 301082   81.00000   64  117   82.00000   47.00000  42.7%  44.2  381s
 604491 303711 infeasible   86        82.00000   47.00000  42.7%  44.1  388s
 607574 311896   71.00000   52  192   82.00000   47.00000  42.7%  44.3  392s
 622156 313224   71.00000   52  179   82.00000   47.00000  42.7%  44.1  396s
 624855 318068   78.00000   92   59   82.00000   47.00000  42.7%  44.3  400s
 633696 320946   78.00000   73  125   82.00000   47.00000  42.7%  44.2  407s
 637156 329966   48.00000   44  213   82.00000   47.30303  42.3%  44.4  411s
 652666 331410     cutoff   72        82.00000   48.00000  41.5%  44.2  415s
 662788 337541 infeasible   77        82.00000   48.00000  41.5%  44.1  421s
 664395 339183 infeasible   62        82.00000   48.00000  41.5%  44.2  425s
 682171 348732 infeasible   61        82.00000   48.00000  41.5%  44.1  431s
 685639 354045   80.00000   59  186   82.00000   48.00000  41.5%  44.2  436s
 693749 356824   58.00000   39  193   82.00000   48.00000  41.5%  44.1  442s
 696933 365187   81.00000   75   61   82.00000   48.00000  41.5%  44.3  446s
 712241 366437   48.00000   47  162   82.00000   48.00000  41.5%  44.0  450s
 722114 372347 infeasible   54        82.00000   48.00000  41.5%  44.0  456s
 723582 374168   69.00000   68  138   82.00000   48.00000  41.5%  44.0  460s
 742333 384088 infeasible   88        82.00000   48.00000  41.5%  43.8  466s
 744656 385707   75.00000   46  180   82.00000   48.00000  41.5%  43.9  470s
 754522 392727   72.00000   66  204   82.00000   48.00000  41.5%  43.9  478s
 758072 401530   81.00000   72   50   82.00000   48.00000  41.5%  44.0  482s
 774586 402543 infeasible   58        82.00000   48.00000  41.5%  43.7  485s
 782798 407559 infeasible   49        82.00000   48.00000  41.5%  43.7  491s
 784378 409204   48.00000   59  178   82.00000   48.00000  41.5%  43.8  495s
 802719 418213 infeasible   88        82.00000   48.00000  41.5%  43.6  500s
 806060 423710   59.00000   51  209   82.00000   48.00000  41.5%  43.7  505s
 814596 426116   77.00000   42  144   82.00000   48.00000  41.5%  43.6  512s
 817854 434505   65.00000   54  142   82.00000   48.00000  41.5%  43.8  516s
 835282 436093   81.00000   69  171   82.00000   48.00000  41.5%  43.5  521s
 837792 441130     cutoff   74        82.00000   48.00000  41.5%  43.6  525s
 846778 443569   76.00000   69  172   82.00000   48.00000  41.5%  43.6  531s
 849972 452083   72.00000   49  136   82.00000   48.00000  41.5%  43.7  535s
 867688 453774   81.00000   76   70   82.00000   48.00000  41.5%  43.5  541s
 870358 458818   78.00000   60  162   82.00000   48.00000  41.5%  43.6  545s
 879621 461144 infeasible   65        82.00000   48.00000  41.5%  43.5  552s
 883023 469254   76.00000   59  232   82.00000   48.00000  41.5%  43.6  556s
 899924 471111 infeasible   74        82.00000   48.00000  41.5%  43.5  561s
 902703 476362   80.00000   74   62   82.00000   48.00000  41.5%  43.6  566s
 912452 478672   79.00000   91  141   82.00000   48.00000  41.5%  43.5  572s
 915409 487401   79.00000   71   86   82.00000   48.00000  41.5%  43.6  576s
 933099 488965 infeasible   81        82.00000   48.00000  41.5%  43.5  581s
 935813 490403 infeasible   62        82.00000   48.00000  41.5%  43.5  585s
 945382 495540   74.00000   69  152   82.00000   48.00000  41.5%  43.5  590s
 946814 497026   72.00000   67  157   82.00000   48.00000  41.5%  43.5  595s
 965960 506264   79.00000   74  114   82.00000   48.00000  41.5%  43.4  600s
*968823 459566             100      81.0000000   48.00000  40.7%  43.5  604s
 969498 460193   66.00000   56  169   81.00000   48.00000  40.7%  43.5  607s
 978752 465085 infeasible   76        81.00000   48.00000  40.7%  43.5  611s
 980169 466589   80.00000   89   83   81.00000   48.00000  40.7%  43.5  615s
 999415 475813 infeasible   49        81.00000   48.00000  40.7%  43.4  621s
 1002678 477657   55.00000   72  143   81.00000   48.00000  40.7%  43.5  626s
 1011820 482544   48.00000   57  163   81.00000   48.00000  40.7%  43.4  631s
 1013189 484162   56.00000   74  191   81.00000   48.00000  40.7%  43.5  635s
 1033367 493686 infeasible   70        81.00000   48.00000  40.7%  43.4  640s
 1036424 495344   79.00000   58  112   81.00000   48.00000  40.7%  43.5  646s
 1039126 500592   80.00000   72  111   81.00000   48.00000  40.7%  43.6  651s
 1048647 502749   74.00000   57  152   81.00000   48.00000  40.7%  43.5  658s
 1052185 511699   77.00000   57  184   81.00000   48.00000  40.7%  43.7  662s
 1069819 512812   64.00000   60  124   81.00000   48.00000  40.7%  43.5  665s
 1073515 518437   74.00000   68  130   81.00000   48.00000  40.7%  43.6  671s
 1082442 520765   55.00000   64  161   81.00000   48.00000  40.7%  43.5  678s
 1085833 530018   74.00000   71  120   81.00000   48.00000  40.7%  43.7  682s
 1103987 530719 infeasible   64        81.00000   48.00000  40.7%  43.5  686s
*1105888 451397              96      79.0000000   48.00000  39.2%  43.6  688s
 1106227 451887   61.00000   73  167   79.00000   48.00000  39.2%  43.6  690s
 1114692 456318   57.00000   60  161   79.00000   48.00000  39.2%  43.5  695s
 1115936 457806   72.00000   62  177   79.00000   48.00000  39.2%  43.6  700s
 1137339 467439   55.00000   59  159   79.00000   48.00000  39.2%  43.5  706s
 1139263 468494   74.00000   80  100   79.00000   48.00000  39.2%  43.6  710s
 1143040 472768   59.00000   58  155   79.00000   48.00000  39.2%  43.7  717s
 1150512 474672 infeasible   65        79.00000   48.00000  39.2%  43.7  724s
 1153488 483750   60.00000   60  133   79.00000   48.00000  39.2%  43.9  728s
 1171127 484113 infeasible  105        79.00000   48.00000  39.2%  43.6  730s
 1174100 485420   56.00000   59  240   79.00000   48.00000  39.2%  43.8  736s
 1176473 490567     cutoff   96        79.00000   48.00000  39.2%  43.9  741s
 1186319 492371   59.00000   50  171   79.00000   48.00000  39.2%  43.8  748s
 1189684 501276   70.00000   70  131   79.00000   48.00000  39.2%  43.9  752s
 1207992 502022   69.00000   56  133   79.00000   48.00000  39.2%  43.8  756s
 1210110 502895     cutoff   64        79.00000   48.00000  39.2%  43.8  760s
 1214040 507469   74.00000   89   48   79.00000   48.00000  39.2%  44.0  767s
 1222892 508086   73.00000   72  148   79.00000   48.00000  39.2%  44.0  771s
 1225288 511565   76.00000   81   94   79.00000   48.00000  39.2%  44.1  775s
 1232514 512479 infeasible   74        79.00000   48.00000  39.2%  44.1  780s
 1240572 516454   75.00000   62  103   79.00000   48.00000  39.2%  44.1  786s
 1247178 519367   70.00000   66  171   79.00000   48.00000  39.2%  44.1  790s
 1248393 520762     cutoff   64        79.00000   48.00000  39.2%  44.1  795s
 1269960 529753 infeasible   81        79.00000   48.00000  39.2%  44.0  801s
 1271754 530501   78.00000   75   94   79.00000   48.00000  39.2%  44.1  805s
 1275543 532013   48.00000   37  229   79.00000   48.00000  39.2%  44.2  811s
 1284221 535464   78.00000   77   96   79.00000   48.00000  39.2%  44.2  815s
 1291226 538582 infeasible   85        79.00000   48.00000  39.2%  44.2  820s
 1293710 542060   72.00000   69  125   79.00000   48.00000  39.2%  44.3  825s
 1301088 542966   76.00000   72  122   79.00000   48.00000  39.2%  44.3  831s
 1308657 546601 infeasible   68        79.00000   48.00000  39.2%  44.3  835s
 1309993 548066   78.00000   62  157   79.00000   48.00000  39.2%  44.3  840s
 1328548 558254 infeasible   53        79.00000   48.00000  39.2%  44.3  845s
 1332918 564791   77.00000   60   44   79.00000   48.00000  39.2%  44.4  851s
 1341173 568265   78.00000   56   98   79.00000   48.00000  39.2%  44.3  857s
 1344427 576096   77.00000   68   87   79.00000   48.00000  39.2%  44.4  861s
 1359538 581809   78.00000   33  154   79.00000   48.00000  39.2%  44.3  866s
 1368433 583317   66.00000   39  141   79.00000   48.00000  39.2%  44.3  870s
 1375790 588595   60.00000   59  146   79.00000   48.00000  39.2%  44.2  875s
 1382228 592993   75.00000   67  140   79.00000   48.00000  39.2%  44.2  880s
 1389654 597582   78.00000   62  156   79.00000   48.00000  39.2%  44.2  885s
 1397754 606442   61.00000   57  133   79.00000   48.00000  39.2%  44.2  890s
 1407151 611171   76.00000   54  137   79.00000   48.00000  39.2%  44.2  896s
 1414175 615768   72.00000   44  148   79.00000   48.00000  39.2%  44.2  901s
 1422253 620640   78.00000   65   55   79.00000   48.00000  39.2%  44.2  906s
 1429195 630672     cutoff   63        79.00000   48.00000  39.2%  44.1  911s
 1445726 632291   78.00000   59  112   79.00000   48.00000  39.2%  44.0  916s
 1447941 633710   75.00000   47  179   79.00000   48.00000  39.2%  44.1  920s
 1456649 639141   69.00000   38  166   79.00000   48.00000  39.2%  44.0  926s
 1472706 648107 infeasible  102        79.00000   48.00000  39.2%  43.9  931s
 1475430 649610   78.00000   94   60   79.00000   48.00000  39.2%  44.0  936s
 1483846 654431   78.00000   54  196   79.00000   48.00000  39.2%  43.9  940s
 1493444 667928   63.00000   62  162   79.00000   48.00000  39.2%  43.9  948s
 1510681 668692   54.00000   56  183   79.00000   48.00000  39.2%  43.7  951s
 1513571 670075     cutoff   74        79.00000   48.00000  39.2%  43.7  955s
 1523401 675609 infeasible   60        79.00000   48.00000  39.2%  43.7  961s
 1524820 677104   77.00000   62  151   79.00000   48.00000  39.2%  43.7  966s
 1545233 686722   59.00000   82  174   79.00000   48.00000  39.2%  43.6  971s
 1547813 687685   59.00000   61  174   79.00000   48.00000  39.2%  43.7  975s
 1557156 693028 infeasible   78        79.00000   48.00000  39.2%  43.6  981s
 1558557 694816   70.00000   59  183   79.00000   48.00000  39.2%  43.7  985s
 1578470 703484   78.00000   73  110   79.00000   48.00000  39.2%  43.6  991s
 1581380 704982 infeasible   46        79.00000   48.00000  39.2%  43.7  996s
 1589766 709386 infeasible   62        79.00000   48.00000  39.2%  43.6 1000s
 1591178 710929 infeasible   69        79.00000   48.00000  39.2%  43.7 1005s
 1611523 719879 infeasible   69        79.00000   48.00000  39.2%  43.6 1010s
 1614529 721379   51.70650   62  224   79.00000   48.00000  39.2%  43.6 1016s
 1623463 725978 infeasible   79        79.00000   48.00000  39.2%  43.6 1020s
 1624894 727425     cutoff   88        79.00000   48.00000  39.2%  43.6 1025s
 1642638 735926 infeasible  115        79.00000   48.00000  39.2%  43.6 1030s
 1645796 737560   64.00000   51  183   79.00000   48.00000  39.2%  43.7 1036s
 1654312 742285 infeasible   70        79.00000   48.00000  39.2%  43.7 1041s
 1655499 743803   65.00000   64  224   79.00000   48.00000  39.2%  43.8 1046s
 1658721 752542   74.00000   62  214   79.00000   48.00000  39.2%  43.9 1050s
 1677121 753888 infeasible   75        79.00000   48.00000  39.2%  43.8 1056s
 1679442 755059 infeasible   73        79.00000   48.00000  39.2%  43.9 1061s
 1689409 760224 infeasible   58        79.00000   48.00000  39.2%  43.9 1066s
 1690673 762477   78.00000   54  167   79.00000   48.00000  39.2%  43.9 1070s
 1707334 770976   59.00000   44  195   79.00000   48.00000  39.2%  44.0 1076s
 1709875 772326   71.00000   58  141   79.00000   48.00000  39.2%  44.0 1081s
 1719531 777520 infeasible   30        79.00000   48.00000  39.2%  44.0 1086s
 1721050 779229   74.00000   71  118   79.00000   48.00000  39.2%  44.0 1090s
 1737457 787911     cutoff   62        79.00000   48.00000  39.2%  44.0 1095s
 1741391 790566   75.00000   64   81   79.00000   48.00000  39.2%  44.1 1102s
 1750786 796242   72.00000   71  143   79.00000   48.00000  39.2%  44.1 1106s
 1752236 797910 infeasible   44        79.00000   48.00000  39.2%  44.2 1111s
 1755207 806948   70.00000   49  195   79.00000   48.00000  39.2%  44.2 1115s
 1772350 808899   77.00000   63  106   79.00000   48.00000  39.2%  44.2 1120s
 1776627 811493 infeasible   45        79.00000   48.00000  39.2%  44.2 1125s
 1786919 818299   76.00000   65  154   79.00000   48.00000  39.2%  44.2 1134s
 1790102 826822   77.00000   64  151   79.00000   48.00000  39.2%  44.3 1138s
 1804545 827464 infeasible   72        79.00000   48.00000  39.2%  44.2 1140s
 1808463 830018   64.00000   43  197   79.00000   48.00000  39.2%  44.3 1146s
 1818135 835805 infeasible   88        79.00000   48.00000  39.2%  44.3 1151s
 1819681 837594   77.00000   57  120   79.00000   48.00000  39.2%  44.3 1155s
 1836556 846033 infeasible   59        79.00000   48.00000  39.2%  44.3 1161s
 1838954 847615   78.00000   65  102   79.00000   48.00000  39.2%  44.3 1165s
 1847896 852847     cutoff   61        79.00000   48.00000  39.2%  44.3 1171s
 1863219 861503   70.00000   45  157   79.00000   48.00000  39.2%  44.3 1176s
 1866143 863369   77.00000   52  127   79.00000   48.00000  39.2%  44.3 1181s
 1876175 868921 infeasible  101        79.00000   48.00000  39.2%  44.3 1186s
 1878719 878177   75.00000   57  209   79.00000   48.00000  39.2%  44.3 1192s
 1894160 879145   72.00000   52  194   79.00000   48.00000  39.2%  44.3 1195s
 1897286 881098   65.00000   61   96   79.00000   48.00000  39.2%  44.3 1201s
 1899978 886412   77.00000   70  120   79.00000   48.00000  39.2%  44.4 1205s
 1909130 888897     cutoff   69        79.00000   48.00000  39.2%  44.4 1211s
 1912253 897341   74.00000   43  158   79.00000   48.00000  39.2%  44.4 1215s
 1929279 899318 infeasible   65        79.00000   48.00000  39.2%  44.3 1221s
 1934456 902419   76.00000   52  127   79.00000   48.00000  39.2%  44.4 1225s
 1944903 908781     cutoff   77        79.00000   48.00000  39.2%  44.4 1233s
 1948134 917155     cutoff   67        79.00000   48.00000  39.2%  44.4 1237s
 1963454 918334   48.00000   51  136   79.00000   48.00000  39.2%  44.3 1241s
 1965964 919767 infeasible   67        79.00000   48.00000  39.2%  44.4 1245s
 1974826 924804 infeasible   73        79.00000   48.00000  39.2%  44.4 1250s
 1979441 934514   48.00000   63  187   79.00000   48.00000  39.2%  44.4 1258s
 1993611 935046   77.00000   77  142   79.00000   48.00000  39.2%  44.3 1260s
 1997361 937126   78.00000   69  130   79.00000   48.00000  39.2%  44.4 1266s
 2007248 942627   73.00000   54  134   79.00000   48.00000  39.2%  44.4 1270s
 2012045 952264   75.00000   50  123   79.00000   48.00000  39.2%  44.4 1278s
 2027707 953212   57.00000   34  188   79.00000   48.00000  39.2%  44.4 1281s
 2030154 954506   78.00000   86  109   79.00000   48.00000  39.2%  44.4 1285s
 2036712 958221 infeasible   66        79.00000   48.00000  39.2%  44.4 1290s
 2041676 968022   76.00000   69   96   79.00000   48.00000  39.2%  44.5 1297s
 2056980 969084   48.00000   62  185   79.00000   48.00000  39.2%  44.4 1301s
 2059503 970369   74.00000   47  105   79.00000   48.00000  39.2%  44.5 1305s
 2068870 975534 infeasible   76        79.00000   48.00000  39.2%  44.4 1310s
 2073378 985589   73.00000   53  135   79.00000   48.00000  39.2%  44.5 1318s
 2090022 986606 infeasible   64        79.00000   48.00000  39.2%  44.4 1321s
 2092393 988172 infeasible   69        79.00000   48.00000  39.2%  44.5 1325s
 2097916 991052 infeasible   63        79.00000   48.00000  39.2%  44.5 1330s
 2116114 1000783   67.00000   57  131   79.00000   48.00000  39.2%  44.4 1335s
 2118677 1002196     cutoff   68        79.00000   48.00000  39.2%  44.4 1340s
 2122237 1004329 infeasible   75        79.00000   48.00000  39.2%  44.5 1346s
 2131182 1009232 infeasible   77        79.00000   48.00000  39.2%  44.5 1351s
 2132648 1010804 infeasible   80        79.00000   48.00000  39.2%  44.5 1355s
 2151001 1019782 infeasible   78        79.00000   48.00000  39.2%  44.5 1361s
 2153233 1021003   55.00000   49  169   79.00000   48.00000  39.2%  44.5 1365s
 2163418 1026637 infeasible   43        79.00000   48.00000  39.2%  44.5 1371s
 2164821 1027965   76.00000   60  106   79.00000   48.00000  39.2%  44.5 1376s
 2167965 1036510   69.00000   70  153   79.00000   48.00000  39.2%  44.6 1380s
 2185809 1038200   73.00000   67  108   79.00000   48.00000  39.2%  44.5 1385s
 2188576 1039805   75.00000   65  140   79.00000   48.00000  39.2%  44.6 1390s
 2198856 1045149 infeasible   76        79.00000   48.00000  39.2%  44.5 1395s
 2203633 1055543   75.00000   74  108   79.00000   48.00000  39.2%  44.6 1403s
 2219320 1055923 infeasible   61        79.00000   48.00000  39.2%  44.5 1405s
 2222724 1057866   77.00000   55  106   79.00000   48.00000  39.2%  44.6 1411s
 2225724 1063239   75.00000   52  158   79.00000   48.00000  39.2%  44.6 1415s
 2235847 1065360 infeasible   69        79.00000   48.00000  39.2%  44.6 1422s
 2239216 1073817   78.00000   74   76   79.00000   48.00000  39.2%  44.7 1426s
 2256135 1074941   78.00000   64  171   79.00000   48.00000  39.2%  44.6 1430s
 2259889 1076893   78.00000   68  129   79.00000   48.00000  39.2%  44.6 1437s
 2270120 1082296   60.00000   55  120   79.00000   48.00000  39.2%  44.6 1441s
 2271495 1083851 infeasible   70        79.00000   48.00000  39.2%  44.6 1446s
 2274759 1092392   74.00000   42  180   79.00000   48.00000  39.2%  44.7 1450s
 2292586 1094067   64.00000   59  149   79.00000   48.00000  39.2%  44.6 1456s
 2295247 1095289   77.00000   69  127   79.00000   48.00000  39.2%  44.7 1460s
 2305640 1100702 infeasible   69        79.00000   48.00000  39.2%  44.6 1465s
 2310478 1110738   72.00000   61  191   79.00000   48.00000  39.2%  44.7 1473s
 2326138 1111167   48.00000   53  174   79.00000   48.00000  39.2%  44.6 1475s
 2329602 1113202 infeasible   55        79.00000   48.00000  39.2%  44.7 1481s
 2338867 1117947   63.00000   56  163   79.00000   48.00000  39.2%  44.7 1485s
 2340247 1119456   75.00000   75   95   79.00000   48.00000  39.2%  44.7 1490s
 2359042 1128202 infeasible   66        79.00000   48.00000  39.2%  44.7 1495s
 2362622 1130029   74.00000   53  105   79.00000   48.00000  39.2%  44.7 1501s
 2365620 1135213   75.00000   64  136   79.00000   48.00000  39.2%  44.8 1506s
 2375611 1137390   68.00000   58  166   79.00000   48.00000  39.2%  44.7 1512s
 2378732 1145533   69.00000   46  156   79.00000   48.00000  39.2%  44.8 1516s
 2394601 1146404     cutoff   74        79.00000   48.00000  39.2%  44.7 1520s
 2396975 1147607 infeasible   75        79.00000   48.00000  39.2%  44.8 1525s
 2401661 1153936   75.00000   50  104   79.00000   48.00000  39.2%  44.8 1532s
 2411307 1156173   75.00000   56  145   79.00000   48.00000  39.2%  44.8 1539s
 2414640 1164499   72.00000   67  161   79.00000   48.00000  39.2%  44.9 1542s
 2431184 1165670   74.00000   62  161   79.00000   48.00000  39.2%  44.8 1546s
 2433464 1166891   76.00000   52  202   79.00000   48.00000  39.2%  44.8 1550s
 2442117 1171625   73.00000   61  128   79.00000   48.00000  39.2%  44.8 1555s
 2446713 1181272   77.00000   71   90   79.00000   48.00000  39.2%  44.9 1563s
 2461895 1181689 infeasible   75        79.00000   48.00000  39.2%  44.8 1565s
 2465246 1183431   77.00000   70  151   79.00000   48.00000  39.2%  44.9 1571s
 2468181 1188787   75.00000   66  141   79.00000   48.00000  39.2%  44.9 1576s
 2478027 1190989   78.00000   77   86   79.00000   48.00000  39.2%  44.9 1583s
 2481165 1199150 infeasible   59        79.00000   48.00000  39.2%  44.9 1586s
 2497086 1200493   64.00000   46  189   79.00000   48.00000  39.2%  44.9 1590s
 2501021 1205757   67.00000   68  179   79.00000   48.00000  39.2%  44.9 1596s
 2509529 1208045     cutoff   61        79.00000   48.00000  39.2%  44.9 1603s
 2512554 1216039   78.00000   68  121   79.00000   48.00000  39.2%  44.9 1606s
 2528150 1217176   70.00000   63  144   79.00000   48.00000  39.2%  44.9 1610s
 2532190 1222932   54.00000   73  182   79.00000   48.00000  39.2%  44.9 1617s
 2541216 1225311   61.00000   52  155   79.00000   48.00000  39.2%  44.9 1623s
*2543824 1074657              80      78.0000000   48.00000  38.5%  45.0 1625s
 2559365 1082993 infeasible   80        78.00000   48.00000  38.5%  44.9 1631s
 2561540 1084239     cutoff   74        78.00000   48.00000  38.5%  44.9 1635s
 2565928 1090150     cutoff   49        78.00000   48.00000  38.5%  45.0 1641s
 2575400 1092406   75.00000   50  171   78.00000   48.00000  38.5%  45.0 1649s
 2578832 1100323   48.00000   61  281   78.00000   48.00000  38.5%  45.0 1653s
 2594212 1100724 infeasible   70        78.00000   48.00000  38.5%  45.0 1655s
 2597556 1102688   75.00000   64  119   78.00000   48.00000  38.5%  45.0 1662s
 2600718 1108080   62.00000   53  144   78.00000   48.00000  38.5%  45.1 1667s
 2610596 1110338   55.00000   37  188   78.00000   48.00000  38.5%  45.1 1674s
 2613981 1118911   70.00000   37  142   78.00000   48.00000  38.5%  45.1 1678s
 2629435 1119378 infeasible   62        78.00000   48.00000  38.5%  45.1 1680s
 2632877 1121114   48.00000   52  187   78.00000   48.00000  38.5%  45.1 1686s
 2636069 1126597   75.00000   62  145   78.00000   48.00000  38.5%  45.2 1691s
 2645980 1128910   76.00000   94  102   78.00000   48.00000  38.5%  45.1 1697s
 2649074 1137048   75.00000   68  116   78.00000   48.00000  38.5%  45.2 1701s
 2664785 1138144   68.00000   62  131   78.00000   48.00000  38.5%  45.1 1705s
 2668735 1140537   77.00000   57  237   78.00000   48.00000  38.5%  45.2 1712s
 2678852 1145935   63.00000   45  159   78.00000   48.00000  38.5%  45.2 1716s
 2680264 1147452 infeasible   61        78.00000   48.00000  38.5%  45.2 1720s
 2698539 1156073 infeasible   76        78.00000   48.00000  38.5%  45.2 1726s
 2700844 1157321 infeasible   59        78.00000   48.00000  38.5%  45.2 1730s
 2703532 1158940   71.00000   71  178   78.00000   48.00000  38.5%  45.3 1735s
 2715022 1165814   75.00000   47  209   78.00000   48.00000  38.5%  45.3 1743s
 2718113 1174261   68.00000   62  122   78.00000   48.00000  38.5%  45.3 1747s
 2733886 1175400   72.00000   68  112   78.00000   48.00000  38.5%  45.2 1751s
 2736250 1176863   60.00000   52  147   78.00000   48.00000  38.5%  45.3 1755s
 2744886 1181445 infeasible   90        78.00000   48.00000  38.5%  45.3 1760s
 2749509 1190792   77.00000   47  166   78.00000   48.00000  38.5%  45.3 1767s
 2764487 1192146   72.00000   62  152   78.00000   48.00000  38.5%  45.3 1771s
 2767100 1193729     cutoff   81        78.00000   48.00000  38.5%  45.3 1776s
 2776373 1198767 infeasible   77        78.00000   48.00000  38.5%  45.3 1780s
 2777730 1200492   48.00000   50  204   78.00000   48.00000  38.5%  45.3 1785s
 2795988 1209439   72.00000   57  192   78.00000   48.00000  38.5%  45.3 1790s
 2798320 1210687 infeasible   69        78.00000   48.00000  38.5%  45.3 1795s
 2802762 1216636   77.00000   62  104   78.00000   48.00000  38.5%  45.4 1801s
 2812312 1218887   59.00000   59  177   78.00000   48.00000  38.5%  45.4 1809s
 2815493 1226959   71.00000   40  152   78.00000   48.00000  38.5%  45.4 1813s
 2829632 1227506 infeasible   59        78.00000   48.00000  38.5%  45.4 1815s
 2833474 1229729   68.00000   54  193   78.00000   48.00000  38.5%  45.4 1821s
 2840795 1233722   65.00000   61  164   78.00000   48.00000  38.5%  45.4 1826s
 2842319 1235281   76.00000   64  109   78.00000   48.00000  38.5%  45.4 1831s
 2860316 1244121   75.00000   70  144   78.00000   48.00000  38.5%  45.4 1836s
 2862606 1245396   77.00000   50  115   78.00000   48.00000  38.5%  45.4 1840s
 2865267 1250167   68.00000   59  176   78.00000   48.00000  38.5%  45.5 1845s
 2873885 1252406   76.00000   59  157   78.00000   48.00000  38.5%  45.5 1851s
 2877068 1260906   75.00000   79   64   78.00000   48.00000  38.5%  45.5 1855s
 2894352 1262382 infeasible   62        78.00000   48.00000  38.5%  45.5 1861s
 2897158 1263921   59.00000   47  178   78.00000   48.00000  38.5%  45.5 1866s
 2907343 1269411 infeasible   65        78.00000   48.00000  38.5%  45.5 1871s
 2908863 1270629   49.00000   41  200   78.00000   48.00000  38.5%  45.5 1875s
 2927147 1279512 infeasible   75        78.00000   48.00000  38.5%  45.5 1881s
 2930609 1281605   76.00000   58  118   78.00000   48.00000  38.5%  45.5 1887s
 2933626 1286809   49.00000   53  136   78.00000   48.00000  38.5%  45.6 1891s
 2943651 1289188   73.00000   44  185   78.00000   48.00000  38.5%  45.5 1898s
 2946861 1297418   65.00000   61  175   78.00000   48.00000  38.5%  45.6 1902s
 2963307 1298520 infeasible   58        78.00000   48.00000  38.5%  45.5 1906s
 2965775 1299933 infeasible   68        78.00000   48.00000  38.5%  45.6 1910s
 2968851 1301688   76.00000   58   82   78.00000   48.00000  38.5%  45.6 1915s
 2979188 1306984   60.00000   48  126   78.00000   48.00000  38.5%  45.6 1920s
 2983870 1317142   76.00000   66  178   78.00000   48.00000  38.5%  45.6 1928s
 2999274 1317692   75.00000   77  139   78.00000   48.00000  38.5%  45.6 1930s
 3002943 1319771 infeasible   65        78.00000   48.00000  38.5%  45.6 1936s
 3011886 1324617   67.00000   49  140   78.00000   48.00000  38.5%  45.6 1941s
 3013302 1326123   75.00000   72  120   78.00000   48.00000  38.5%  45.6 1945s
 3031869 1335419 infeasible   68        78.00000   48.00000  38.5%  45.6 1951s
 3034050 1336467 infeasible   58        78.00000   48.00000  38.5%  45.6 1955s
 3038357 1342837   77.00000   69  117   78.00000   48.00000  38.5%  45.7 1961s
 3048237 1345276   72.00000   68  112   78.00000   48.00000  38.5%  45.6 1968s
 3051370 1353403   48.00000   47  144   78.00000   48.00000  38.5%  45.7 1972s
 3067381 1354437   75.00000   62   88   78.00000   48.00000  38.5%  45.6 1975s
 3071298 1356540   76.00000   51   65   78.00000   48.00000  38.5%  45.7 1982s
 3080875 1361327   59.00000   47  181   78.00000   48.00000  38.5%  45.6 1986s
 3082407 1363019     cutoff   63        78.00000   48.00000  38.5%  45.7 1991s
 3100537 1371772 infeasible   71        78.00000   48.00000  38.5%  45.6 1996s
 3102739 1373020 infeasible   66        78.00000   48.00000  38.5%  45.6 2000s
 3107139 1379437   77.00000   47  121   78.00000   48.00000  38.5%  45.7 2007s
 3117456 1381848     cutoff   68        78.00000   48.00000  38.5%  45.7 2013s
 3120743 1390104   66.82609   78  125   78.00000   48.00000  38.5%  45.7 2017s
 3136654 1391169   65.00000   49  196   78.00000   48.00000  38.5%  45.6 2020s
 3140600 1396884   48.00000   42  228   78.00000   48.00000  38.5%  45.7 2026s
 3149880 1399314   59.00000   55  165   78.00000   48.00000  38.5%  45.7 2033s
 3153026 1407873   72.00000   57  148   78.00000   48.00000  38.5%  45.7 2037s
 3169584 1408818   53.00000   45  138   78.00000   48.00000  38.5%  45.6 2040s
 3173531 1411015   69.00000   48  108   78.00000   48.00000  38.5%  45.7 2046s
 3183582 1416149   74.00000   53  168   78.00000   48.00000  38.5%  45.6 2051s
 3185142 1417693   77.00000   58  157   78.00000   48.00000  38.5%  45.7 2055s
 3202554 1425990 infeasible   72        78.00000   48.00000  38.5%  45.6 2061s
 3204883 1427260 infeasible   95        78.00000   48.00000  38.5%  45.6 2065s
 3215781 1433230 infeasible   51        78.00000   48.00000  38.5%  45.6 2071s
 3217325 1434781 infeasible   56        78.00000   48.00000  38.5%  45.6 2075s
 3235865 1443521 infeasible   64        78.00000   48.00000  38.5%  45.6 2081s
 3238084 1444761   74.00000   57  142   78.00000   48.00000  38.5%  45.6 2085s
 3247308 1449495   73.00000   54  158   78.00000   48.00000  38.5%  45.6 2091s
 3248799 1450970   76.00000   68  130   78.00000   48.00000  38.5%  45.6 2096s
 3267917 1459884   75.00000   68   56   78.00000   48.00000  38.5%  45.6 2101s
 3270145 1460755   65.00000   52  165   78.00000   48.00000  38.5%  45.6 2105s
 3274283 1466650   71.00000   67  203   78.00000   48.00000  38.5%  45.7 2111s
 3284059 1468984   56.00000   40  200   78.00000   48.00000  38.5%  45.6 2118s
 3287083 1477379   69.00000   83  158   78.00000   48.00000  38.5%  45.7 2121s
 3303252 1478544   72.00000   53  109   78.00000   48.00000  38.5%  45.6 2125s
 3307231 1484197   76.00000   62  131   78.00000   48.00000  38.5%  45.6 2131s
 3316263 1486657   65.00000   55  154   78.00000   48.00000  38.5%  45.6 2137s
 3319799 1494939   59.00000   66  151   78.00000   48.00000  38.5%  45.7 2141s
 3337904 1496593   64.00000   49  161   78.00000   48.00000  38.5%  45.6 2146s
 3340427 1501488   74.00000   71  167   78.00000   48.00000  38.5%  45.6 2150s
 3349369 1503630   71.00000   77  129   78.00000   48.00000  38.5%  45.6 2157s
 3352437 1512609   77.00000   47  112   78.00000   48.00000  38.5%  45.6 2161s
 3370945 1514185   48.00000   51  192   78.00000   48.00000  38.5%  45.6 2166s
 3373471 1515718   65.00000   73  127   78.00000   48.00000  38.5%  45.6 2170s
 3385092 1522544   70.00000   43  141   78.00000   48.00000  38.5%  45.6 2179s
 3388456 1531494   61.00000   73  170   78.00000   48.00000  38.5%  45.6 2182s
 3405255 1532427     cutoff   58        78.00000   48.00000  38.5%  45.6 2186s
 3407601 1533621   75.00000   51  128   78.00000   48.00000  38.5%  45.6 2190s
 3418072 1539956   70.00000   58  181   78.00000   48.00000  38.5%  45.6 2199s
 3421389 1548349   74.00000   56  104   78.00000   48.00000  38.5%  45.6 2202s
 3438574 1549493   77.00000   33  123   78.00000   48.00000  38.5%  45.5 2206s
 3440848 1550769   62.00000   52  159   78.00000   48.00000  38.5%  45.6 2210s
 3451182 1556983   58.00000   33  153   78.00000   48.00000  38.5%  45.6 2218s
 3454512 1565010   77.00000   67  116   78.00000   48.00000  38.5%  45.6 2222s
 3470530 1566149 infeasible   64        78.00000   48.00000  38.5%  45.5 2226s
 3473143 1567391   72.00000   73  108   78.00000   48.00000  38.5%  45.6 2230s
 3476876 1573278   65.00000   63  149   78.00000   48.00000  38.5%  45.6 2235s
 3486725 1575846 infeasible   44        78.00000   48.00000  38.5%  45.6 2241s
 3490330 1584292   77.00000   88   53   78.00000   48.00000  38.5%  45.6 2245s
 3507710 1585913   76.00000   63  154   78.00000   48.00000  38.5%  45.6 2251s
 3510278 1587799   77.00000   50  139   78.00000   48.00000  38.5%  45.6 2255s
 3521628 1593444   70.00000   54  115   78.00000   48.00000  38.5%  45.6 2260s
 3524867 1595097   76.00000   55   81   78.00000   48.00000  38.5%  45.6 2265s
 3531749 1598796     cutoff   64        78.00000   48.00000  38.5%  45.6 2270s
 3540418 1603519   66.00000   46  112   78.00000   48.00000  38.5%  45.6 2276s
 3547472 1607507 infeasible   53        78.00000   48.00000  38.5%  45.6 2281s
 3548941 1609132 infeasible   55        78.00000   48.00000  38.5%  45.6 2285s
 3568102 1618228 infeasible   77        78.00000   48.00000  38.5%  45.6 2291s
 3571481 1621662   76.00000   66  154   78.00000   48.00000  38.5%  45.6 2296s
 3576942 1622984   73.00000   70  113   78.00000   48.00000  38.5%  45.6 2300s
 3594785 1632139   77.00000   65  175   78.00000   48.00000  38.5%  45.6 2305s
 3597450 1633577 infeasible   72        78.00000   48.00000  38.5%  45.6 2310s
 3600955 1638777   73.00000   71  176   78.00000   48.00000  38.5%  45.6 2315s
 3609389 1641155   76.00000   64  156   78.00000   48.00000  38.5%  45.6 2322s
 3612735 1649752   76.00000   66  101   78.00000   48.00000  38.5%  45.6 2326s
 3629193 1650844 infeasible   59        78.00000   48.00000  38.5%  45.6 2330s
 3633949 1653457   77.00000   55  122   78.00000   48.00000  38.5%  45.6 2337s
 3643579 1658729 infeasible   85        78.00000   48.00000  38.5%  45.6 2341s
 3645063 1660472 infeasible   65        78.00000   48.00000  38.5%  45.6 2346s
 3664101 1669607   62.00000   43  192   78.00000   48.00000  38.5%  45.6 2351s
 3666099 1670829   71.00000   54  140   78.00000   48.00000  38.5%  45.6 2355s
 3676063 1676091 infeasible   80        78.00000   48.00000  38.5%  45.6 2361s
 3677525 1678051   72.00000   52  140   78.00000   48.00000  38.5%  45.6 2366s
 3680926 1686518   67.00000   57  168   78.00000   48.00000  38.5%  45.6 2370s
 3698674 1688337   67.00000   57  177   78.00000   48.00000  38.5%  45.6 2375s
 3708528 1694432 infeasible   69        78.00000   48.00000  38.5%  45.6 2383s
 3711605 1702787   55.00000   57  148   78.00000   48.00000  38.5%  45.6 2387s
 3727433 1704023   67.00000   71  138   78.00000   48.00000  38.5%  45.6 2391s
 3729878 1708527   76.00000   53  116   78.00000   48.00000  38.5%  45.6 2395s
 3738068 1710659   72.00000   55  114   78.00000   48.00000  38.5%  45.6 2401s
 3741244 1719014   76.00000   62  132   78.00000   48.00000  38.5%  45.6 2405s
 3759184 1720529   60.00000   46  219   78.00000   48.00000  38.5%  45.6 2411s
 3761742 1725566   72.00000   79  152   78.00000   48.00000  38.5%  45.6 2415s
 3770782 1727711   69.00000   68  114   78.00000   48.00000  38.5%  45.6 2421s
 3773776 1736079   48.05359   69  234   78.00000   48.00000  38.5%  45.6 2425s
 3791229 1737596 infeasible   81        78.00000   48.00000  38.5%  45.6 2430s
 3795222 1743440   68.00000   81   83   78.00000   48.00000  38.5%  45.6 2436s
 3805427 1745754   58.00000   49  203   78.00000   48.00000  38.5%  45.6 2443s
 3808632 1754033     cutoff   63        78.00000   48.00000  38.5%  45.6 2447s
 3825569 1755180   74.00000   57  130   78.00000   48.00000  38.5%  45.5 2451s
 3827906 1756441 infeasible   75        78.00000   48.00000  38.5%  45.6 2455s
 3838094 1762942   65.00000   60  123   78.00000   48.00000  38.5%  45.6 2463s
 3841273 1771334   73.00000   79  162   78.00000   48.00000  38.5%  45.6 2467s
 3857885 1772219   75.00000   59  150   78.00000   48.00000  38.5%  45.5 2470s
 3861474 1777598   69.00000   60  133   78.00000   48.00000  38.5%  45.6 2476s
 3870512 1779958   73.00000   57  148   78.00000   48.00000  38.5%  45.6 2483s
 3873901 1788040   77.00000   69  102   78.00000   48.00000  38.5%  45.6 2487s
 3890261 1789081   76.00000   56   84   78.00000   48.00000  38.5%  45.5 2491s
 3893988 1791031   69.00000   56  119   78.00000   48.00000  38.5%  45.6 2497s
 3904208 1796353   77.00000   60  164   78.00000   48.00000  38.5%  45.6 2502s
 3905694 1797752   74.00000   55  212   78.00000   48.00000  38.5%  45.6 2506s
 3924056 1806719 infeasible   73        78.00000   48.00000  38.5%  45.5 2511s
 3926244 1808017   76.00000   58   81   78.00000   48.00000  38.5%  45.6 2515s
 3928905 1809241   77.00000   64  123   78.00000   48.00000  38.5%  45.6 2520s
 3940459 1816259   68.00000   72  157   78.00000   48.00000  38.5%  45.6 2529s
 3943625 1824886   70.00000   70  121   78.00000   48.00000  38.5%  45.6 2532s
 3960076 1826012 infeasible   52        78.00000   48.00000  38.5%  45.6 2536s
 3962391 1827223     cutoff   71        78.00000   48.00000  38.5%  45.6 2540s
 3970676 1831590 infeasible   66        78.00000   48.00000  38.5%  45.6 2545s
 3975230 1841940   60.00000   44  187   78.00000   48.00000  38.5%  45.6 2553s
 3991349 1842515   68.00000   56  175   78.00000   48.00000  38.5%  45.6 2555s
 3994670 1844207   66.00000   56  149   78.00000   48.00000  38.5%  45.6 2561s
 3997498 1849447   77.00000   55  118   78.00000   48.00000  38.5%  45.6 2565s
 4007255 1851659 infeasible   65        78.00000   48.00000  38.5%  45.6 2572s
 4010610 1860221   64.00000   63  197   78.00000   48.00000  38.5%  45.6 2576s
 4027666 1861259   77.00000   86   67   78.00000   48.00000  38.5%  45.6 2580s
 4031340 1863439   67.00000   77  238   78.00000   48.00000  38.5%  45.6 2586s
 4041177 1868793 infeasible   70        78.00000   48.00000  38.5%  45.6 2590s
 4042612 1870398   66.00000   40  165   78.00000   48.00000  38.5%  45.6 2595s
 4060614 1878819   66.00000   57  181   78.00000   48.00000  38.5%  45.6 2601s
 4062777 1879920   74.00000   58  116   78.00000   48.00000  38.5%  45.6 2605s
 4067226 1886174   74.00000   53  172   78.00000   48.00000  38.5%  45.7 2611s
 4077172 1888314   74.00000   75  121   78.00000   48.00000  38.5%  45.7 2618s
 4080461 1896736   61.00000   72  194   78.00000   48.00000  38.5%  45.7 2622s
 4097510 1897945 infeasible   60        78.00000   48.00000  38.5%  45.7 2626s
 4099841 1899102   72.00000   64  113   78.00000   48.00000  38.5%  45.7 2630s
 4102664 1904889   77.00000   77   87   78.00000   48.00000  38.5%  45.7 2635s
 4112841 1907316   77.00000   42  186   78.00000   48.00000  38.5%  45.7 2642s
 4116191 1915689   74.00000   81  136   78.00000   48.00000  38.5%  45.7 2645s
 4134501 1917091   75.00000   65   71   78.00000   48.00000  38.5%  45.7 2651s
 4137038 1918303   75.00000   82  102   78.00000   48.00000  38.5%  45.7 2655s
 4148271 1925004   76.00000   74   68   78.00000   48.00000  38.5%  45.7 2664s
 4151510 1933615   72.00000   68  184   78.00000   48.00000  38.5%  45.7 2667s
 4168313 1934706     cutoff   60        78.00000   48.00000  38.5%  45.7 2671s
 4170712 1935963   72.00000   68  146   78.00000   48.00000  38.5%  45.7 2675s
 4173719 1941503   75.00000   58  173   78.00000   48.00000  38.5%  45.7 2680s
 4183742 1943773     cutoff   64        78.00000   48.00000  38.5%  45.7 2687s
 4186960 1952259   64.00000   46  236   78.00000   48.00000  38.5%  45.7 2690s
 4205098 1953966 infeasible   68        78.00000   48.00000  38.5%  45.7 2696s
 4213438 1958323 infeasible   80        78.00000   48.00000  38.5%  45.7 2700s
 4218173 1968819   77.00000   58  136   78.00000   48.00000  38.5%  45.7 2708s
 4234264 1969325 infeasible   50        78.00000   48.00000  38.5%  45.7 2710s
 4237648 1971122   54.00000   47  246   78.00000   48.00000  38.5%  45.7 2715s
 4240495 1976792   77.00000   65  122   78.00000   48.00000  38.5%  45.7 2720s
 4250652 1978775   75.00000   68  157   78.00000   48.00000  38.5%  45.7 2727s
 4253992 1987339   77.00000  101  176   78.00000   48.00000  38.5%  45.7 2731s
 4272049 1988948 infeasible   66        78.00000   48.00000  38.5%  45.7 2736s
 4274703 1990535   71.00000   45  145   78.00000   48.00000  38.5%  45.7 2740s
 4284736 1995356 infeasible   68        78.00000   48.00000  38.5%  45.7 2745s
 4289480 2005661     cutoff   73        78.00000   48.00000  38.5%  45.7 2753s
 4306029 2006064 infeasible   90        78.00000   48.00000  38.5%  45.7 2755s
 4309462 2007824   70.00000   57  109   78.00000   48.00000  38.5%  45.7 2761s
 4318689 2012706 infeasible   63        78.00000   48.00000  38.5%  45.7 2765s
 4323325 2022787   48.00000   49  178   78.00000   48.00000  38.5%  45.7 2773s
 4340759 2023512   73.00000   52  127   78.00000   48.00000  38.5%  45.6 2776s
 4342909 2024595   73.00000   51  166   78.00000   48.00000  38.5%  45.7 2780s
 4354055 2029977   68.00000   55  149   78.00000   48.00000  38.5%  45.6 2787s
 4355497 2031652   60.00000   82  179   78.00000   48.00000  38.5%  45.7 2791s
 4358900 2040054   71.00000   52  134   78.00000   48.00000  38.5%  45.7 2795s
 4377751 2041313     cutoff   68        78.00000   48.00000  38.5%  45.6 2801s
 4380125 2042431   76.00000   61   99   78.00000   48.00000  38.5%  45.7 2805s
 4391551 2048259   74.00000   78   99   78.00000   48.00000  38.5%  45.7 2814s
 4394662 2057017   77.00000   66   98   78.00000   48.00000  38.5%  45.7 2818s
 4411416 2057353 infeasible   77        78.00000   48.00000  38.5%  45.6 2820s
 4414477 2058759     cutoff   76        78.00000   48.00000  38.5%  45.7 2826s
 4417259 2063756   74.00000   63   93   78.00000   48.00000  38.5%  45.7 2830s
 4426944 2066314 infeasible   77        78.00000   48.00000  38.5%  45.7 2837s
 4430171 2074416   77.00000   63  138   78.00000   48.00000  38.5%  45.7 2840s
 4447067 2076786   66.00000   68  130   78.00000   48.00000  38.5%  45.6 2845s
 4455927 2082183   77.00000   61  151   78.00000   48.00000  38.5%  45.6 2850s
 4460720 2091659   77.00000   56  136   78.00000   48.00000  38.5%  45.6 2857s
 4475895 2093020   74.00000   54  154   78.00000   48.00000  38.5%  45.6 2861s
 4485882 2098245   59.00000   65  121   78.00000   48.00000  38.5%  45.6 2867s
 4487430 2099836   76.00000   54  149   78.00000   48.00000  38.5%  45.6 2871s
 4505885 2107358     cutoff   60        78.00000   48.02959  38.4%  45.6 2876s
 4507866 2108434     cutoff   58        78.00000   48.05943  38.4%  45.6 2880s
 4517491 2113646 infeasible   76        78.00000   48.18624  38.2%  45.6 2886s
 4518914 2115128 infeasible   68        78.00000   48.18909  38.2%  45.6 2891s
 4539053 2124476     cutoff   81        78.00000   48.22297  38.2%  45.6 2896s
 4540947 2125373     cutoff   61        78.00000   48.38776  38.0%  45.6 2900s
 4544758 2130722     cutoff   64        78.00000   48.45066  37.9%  45.6 2906s
 4554256 2132782   68.00000   87   97   78.00000   48.50062  37.8%  45.6 2912s
 4557326 2140042   73.00000   61  127   78.00000   48.56713  37.7%  45.6 2916s
 4574816 2141244 infeasible   50        78.00000   48.56713  37.7%  45.6 2921s
 4577278 2142508   73.00000   59  209   78.00000   48.80000  37.4%  45.6 2925s
 4580387 2147983   49.00000   60  178   78.00000   48.94159  37.3%  45.6 2930s
 4591490 2150057   76.00000   61  150   78.00000   49.00000  37.2%  45.6 2937s
 4594400 2158765   73.00000   73  164   78.00000   49.00000  37.2%  45.7 2941s
 4611564 2159696   60.00000   53  159   78.00000   49.00000  37.2%  45.6 2945s
 4615210 2161644   76.00000   66  130   78.00000   49.00000  37.2%  45.6 2951s
 4624056 2167261 infeasible   85        78.00000   49.00000  37.2%  45.6 2955s
 4628601 2176667   75.00000   55  104   78.00000   49.00000  37.2%  45.6 2962s
 4642726 2178066   73.00000   59   96   78.00000   49.00000  37.2%  45.6 2965s
 4645401 2179874   49.00000   41  210   78.00000   49.00000  37.2%  45.6 2970s
 4655829 2186926     cutoff   50        78.00000   49.00000  37.2%  45.6 2978s
 4659112 2195183   70.00000   35  181   78.00000   49.00000  37.2%  45.6 2981s
 4674634 2196465   58.00000   28  149   78.00000   49.00000  37.2%  45.6 2985s
 4678804 2202061   76.00000   61  111   78.00000   49.00000  37.2%  45.6 2991s
 4687950 2204649   74.00000   50  173   78.00000   49.00000  37.2%  45.6 2998s
 4691186 2212991   77.00000   61  134   78.00000   49.00000  37.2%  45.6 3001s
 4706500 2214284   76.00000   42  165   78.00000   49.00000  37.2%  45.6 3005s
 4710510 2216519   75.00000   48  119   78.00000   49.00000  37.2%  45.6 3012s
 4720223 2221772 infeasible   64        78.00000   49.00000  37.2%  45.6 3016s
 4721701 2223355   61.00000   44  185   78.00000   49.00000  37.2%  45.6 3021s
 4724829 2232078   63.00000   54  157   78.00000   49.00000  37.2%  45.7 3025s
 4742447 2234004 infeasible   66        78.00000   49.00000  37.2%  45.6 3030s
 4745402 2238855   77.00000   78  120   78.00000   49.00000  37.2%  45.6 3035s
 4754207 2241210   59.00000   45  182   78.00000   49.00000  37.2%  45.6 3041s
 4757397 2249405   77.00000   55  101   78.00000   49.00000  37.2%  45.7 3045s
 4774664 2251142   62.00000   67  140   78.00000   49.00000  37.2%  45.6 3050s
 4777471 2252550 infeasible   57        78.00000   49.00000  37.2%  45.7 3055s
 4787239 2257910 infeasible   82        78.00000   49.00000  37.2%  45.6 3060s
 4791864 2267656   66.00000   55  198   78.00000   49.00000  37.2%  45.7 3067s
 4808247 2268626   72.00000   60  159   78.00000   49.00000  37.2%  45.6 3071s
 4810611 2269880   76.00000   49  113   78.00000   49.00000  37.2%  45.6 3075s
 4822447 2275934   74.00000   56   72   78.00000   49.00000  37.2%  45.6 3082s
 4823970 2277311   65.00000   54  167   78.00000   49.00000  37.2%  45.6 3086s
 4841820 2285617   66.00000   51  125   78.00000   49.00000  37.2%  45.6 3091s
 4844025 2286758   72.00000   40  153   78.00000   49.00000  37.2%  45.6 3095s
 4846800 2287982   77.00000   52  125   78.00000   49.00000  37.2%  45.7 3100s
 4859222 2294933     cutoff   63        78.00000   49.00000  37.2%  45.7 3108s
 4862359 2298791   75.00000   65  129   78.00000   49.00000  37.2%  45.7 3113s
 4870422 2299659   54.00000   41  149   78.00000   49.00000  37.2%  45.7 3115s
 4874484 2306204   66.00000   67   96   78.00000   49.00000  37.2%  45.7 3121s
 4886849 2307288   77.00000   76   90   78.00000   49.00000  37.2%  45.7 3125s
 4888275 2308908 infeasible   65        78.00000   49.00000  37.2%  45.7 3130s
 4908302 2317601   65.00000   69  131   78.00000   49.00000  37.2%  45.7 3135s
 4911458 2319056 infeasible   66        78.00000   49.00000  37.2%  45.7 3141s
 4919242 2322763   76.00000   72  124   78.00000   49.00000  37.2%  45.7 3145s
 4920649 2323885   75.00000   66  146   78.00000   49.00000  37.2%  45.7 3150s
 4942326 2333579   76.00000   53  102   78.00000   49.00000  37.2%  45.7 3156s
 4945253 2334927   75.00000   76  113   78.00000   49.00000  37.2%  45.7 3161s
 4947886 2336083 infeasible   75        78.00000   49.00000  37.2%  45.7 3166s
 4950682 2345945   67.00000   53  144   78.00000   49.00000  37.2%  45.7 3172s
 4969432 2346613   76.00000   68  132   78.00000   49.00000  37.2%  45.7 3175s
 4972052 2347888   65.00000   71  139   78.00000   49.00000  37.2%  45.7 3181s
 4974358 2348983   68.00000   52  218   78.00000   49.00000  37.2%  45.7 3185s
 4984784 2354414 infeasible   81        78.00000   49.00000  37.2%  45.7 3192s
 4986117 2355821   72.00000   64  131   78.00000   49.00000  37.2%  45.7 3196s
 4989267 2363559   66.00000   66  223   78.00000   49.00000  37.2%  45.8 3200s
 5006755 2365095 infeasible   76        78.00000   49.00000  37.2%  45.7 3206s
 5009387 2366552     cutoff   60        78.00000   49.00000  37.2%  45.8 3211s
 5015611 2369864   61.00000   45  221   78.00000   49.00000  37.2%  45.8 3216s
 5017048 2375450   73.00000   65  119   78.00000   49.00000  37.2%  45.8 3220s
 5030560 2377097 infeasible   72        78.00000   49.00000  37.2%  45.8 3226s
 5033328 2381977   69.00000   70  179   78.00000   49.00000  37.2%  45.8 3230s
 5043264 2383774 infeasible   68        78.00000   49.00000  37.2%  45.8 3236s
 5045994 2392559   59.00000   56  161   78.00000   49.00000  37.2%  45.9 3243s
 5062525 2393422   60.00000   56  106   78.00000   49.00000  37.2%  45.8 3246s
 5065627 2395102 infeasible   88        78.00000   49.00000  37.2%  45.9 3251s
 5068310 2399865   68.00000   61  109   78.00000   49.00000  37.2%  45.9 3256s
 5077019 2401831   77.00000   89   83   78.00000   49.00000  37.2%  45.9 3263s
 5080414 2410659   71.00000   55  165   78.00000   49.00000  37.2%  45.9 3267s
 5097961 2411624   73.00000   57  147   78.00000   49.00000  37.2%  45.9 3271s
 5100230 2412688   75.00000   50  183   78.00000   49.00000  37.2%  45.9 3275s
 5103042 2414126   76.00000   47  129   78.00000   49.00000  37.2%  45.9 3280s
 5113318 2418743 infeasible   75        78.00000   49.00000  37.2%  45.9 3286s
 5120408 2422399   72.00000   44  230   78.00000   49.00000  37.2%  45.9 3291s
 5123463 2426561     cutoff   72        78.00000   49.00000  37.2%  45.9 3296s
 5131481 2430932   76.00000   81  103   78.00000   49.00000  37.2%  45.9 3301s
 5138956 2433211 infeasible   70        78.00000   49.00000  37.2%  45.9 3308s
 5142158 2441420   72.00000   87  100   78.00000   49.00000  37.2%  46.0 3312s
 5158402 2442426 infeasible   52        78.00000   49.00000  37.2%  45.9 3315s
 5160729 2443713   66.00000   71  174   78.00000   49.00000  37.2%  46.0 3320s
 5172154 2449384 infeasible   64        78.00000   49.00000  37.2%  46.0 3327s
 5173468 2450688     cutoff   77        78.00000   49.00000  37.2%  46.0 3332s
 5176801 2458601   76.00000   70  147   78.00000   49.00000  37.2%  46.0 3336s
 5192503 2459772 infeasible   61        78.00000   49.00000  37.2%  46.0 3340s
 5195064 2461075 infeasible   68        78.00000   49.00000  37.2%  46.0 3345s
 5198286 2466316   77.00000   51  193   78.00000   49.00000  37.2%  46.0 3350s
 5208420 2468336   76.00000   79  103   78.00000   49.00000  37.2%  46.0 3357s
 5211932 2476466   55.00000   45  149   78.00000   49.00000  37.2%  46.0 3361s
 5228159 2477585   76.00000   68  131   78.00000   49.00000  37.2%  46.0 3365s
 5230781 2478729     cutoff   69        78.00000   49.00000  37.2%  46.0 3370s
 5233747 2480317 infeasible   87        78.00000   49.00000  37.2%  46.1 3375s
 5244258 2485470   59.00000   61  185   78.00000   49.00000  37.2%  46.0 3380s
 5248773 2494822   77.00000   64  124   78.00000   49.00000  37.2%  46.1 3388s
 5264470 2495276 infeasible   60        78.00000   49.00000  37.2%  46.0 3390s
 5267782 2497004   73.00000   63   89   78.00000   49.00000  37.2%  46.1 3396s
 5270578 2501544   67.00000   62  196   78.00000   49.00000  37.2%  46.1 3401s
 5279753 2503927     cutoff   52        78.00000   49.00000  37.2%  46.1 3408s
 5283316 2511637   75.00000   58  140   78.00000   49.00000  37.2%  46.1 3412s
 5299923 2512615   74.00000   49  174   78.00000   49.00000  37.2%  46.1 3416s
 5302164 2513915   74.00000   55  172   78.00000   49.00000  37.2%  46.1 3420s
 5305117 2519448   72.00000   59  212   78.00000   49.00000  37.2%  46.1 3425s
 5315348 2521546     cutoff   72        78.00000   49.00000  37.2%  46.1 3432s
 5318372 2529004   76.00000   69  189   78.00000   49.00000  37.2%  46.1 3436s
 5333557 2530129   53.00000   42  203   78.00000   49.00000  37.2%  46.1 3440s
 5337648 2532055   61.00000   44  201   78.00000   49.00000  37.2%  46.1 3446s
 5347615 2537062   71.00000   36  202   78.00000   49.00000  37.2%  46.1 3451s
 5349007 2538450     cutoff   62        78.00000   49.00000  37.2%  46.2 3456s
 5352281 2546734   63.00000   62  138   78.00000   49.00000  37.2%  46.2 3460s
 5370175 2548302 infeasible   77        78.00000   49.00000  37.2%  46.2 3465s
 5372846 2549837   70.00000   67   93   78.00000   49.00000  37.2%  46.2 3470s
 5380352 2553531   64.00000   63  139   78.00000   49.00000  37.2%  46.2 3475s
 5384866 2562721   73.00000   63  134   78.00000   49.00000  37.2%  46.2 3483s
 5400044 2563249 infeasible   65        78.00000   49.00000  37.2%  46.2 3485s
 5403652 2565284   58.00000   55  157   78.00000   49.00000  37.2%  46.2 3491s
 5406656 2570617   77.00000   70  100   78.00000   49.00000  37.2%  46.2 3496s
 5416838 2572770   75.00000   53  113   78.00000   49.00000  37.2%  46.2 3503s
 5419976 2580714   72.00000   57  114   78.00000   49.00000  37.2%  46.3 3507s
 5436136 2581713   65.00000   50  150   78.00000   49.00000  37.2%  46.2 3510s
 5438568 2582878   75.00000   34  139   78.00000   49.00000  37.2%  46.3 3515s
 5441570 2587975   76.00000   55  166   78.00000   49.00000  37.2%  46.3 3520s
 5451400 2590249 infeasible   62        78.00000   49.00000  37.2%  46.3 3527s
 5454668 2598034   69.00000   56  157   78.00000   49.00000  37.2%  46.3 3531s
 5470991 2598976 infeasible   74        78.00000   49.00000  37.2%  46.3 3535s
 5474860 2601117 infeasible   68        78.00000   49.00000  37.2%  46.3 3541s
 5478254 2606803   75.00000   79  108   78.00000   49.00000  37.2%  46.3 3547s
 5488789 2608970     cutoff   67        78.00000   49.00000  37.2%  46.3 3554s
 5492308 2617364   73.00000   60  152   78.00000   49.00000  37.2%  46.3 3558s
 5508157 2617774   71.00000   50  212   78.00000   49.00000  37.2%  46.3 3560s
 5511591 2619385   75.00000   74  123   78.00000   49.00000  37.2%  46.3 3567s
 5514436 2620782   75.00000   65   76   78.00000   49.00000  37.2%  46.4 3572s
 5516050 2625481   70.00000   87   97   78.00000   49.00000  37.2%  46.4 3575s
 5526769 2627442   65.00000   55  242   78.00000   49.00000  37.2%  46.4 3582s
 5529875 2635984   72.00000   56  135   78.00000   49.00000  37.2%  46.4 3586s
 5547343 2637077   66.00000   55  181   78.00000   49.00000  37.2%  46.4 3590s
 5551137 2638832     cutoff   52        78.00000   49.00000  37.2%  46.4 3597s

Explored 5554324 nodes (257855245 simplex iterations) in 3600.07 seconds (911.60 work units)
Thread count was 32 (of 32 available processors)

Solution count 10: 78 79 81 ... 88

Time limit reached
Best objective 7.800000000000e+01, best bound 4.900000000000e+01, gap 37.1795%
