
Gurobi 13.0.0 (linux64) logging started Mon Nov 24 21:57:31 2025

Set parameter LogFile to value "./Results/StripPacking-CutHeur/Logs/RU-111-StripPacking-20-0.log"
Set parameter TimeLimit to value 3600
Set parameter Cuts to value 1
Set parameter Presolve to value 1
Set parameter Heuristics to value 1
Set parameter LogToConsole to value 0
Set parameter LPWarmStart to value 2
Gurobi Optimizer version 13.0.0 build v13.0.0rc1 (linux64 - "Debian GNU/Linux 12 (bookworm)")

CPU model: Intel(R) Xeon(R) CPU E5-2630 v3 @ 2.40GHz, instruction set [SSE2|AVX|AVX2]
Thread count: 16 physical cores, 32 logical processors, using up to 32 threads

Non-default parameters:
TimeLimit  3600
LPWarmStart  2
Heuristics  1
Cuts  1
LogToConsole  0
Presolve  1

Optimize a model with 4525 rows, 1251 columns and 12050 nonzeros (Min)
Model fingerprint: 0xb2469033
Model has 1 linear objective coefficients
Variable types: 51 continuous, 1200 integer (1200 binary)
Coefficient statistics:
  Matrix range     [1e+00, 1e+04]
  Objective range  [1e+00, 1e+00]
  Bounds range     [1e+00, 1e+04]
  RHS range        [1e+00, 1e+04]

Warning: Completing partial solution with 1200 unfixed non-continuous variables out of 1200
User MIP start produced solution with objective 104.8 (0.00s)
Loaded user MIP start with objective 104.8

Presolve removed 600 rows and 0 columns
Presolve time: 0.02s
Presolved: 3925 rows, 1251 columns, 10850 nonzeros
Variable types: 51 continuous, 1200 integer (1200 binary)

Root relaxation: objective 3.600000e+01, 735 iterations, 0.03 seconds (0.02 work units)

    Nodes    |    Current Node    |     Objective Bounds      |     Work
 Expl Unexpl |  Obj  Depth IntInf | Incumbent    BestBd   Gap | It/Node Time

     0     0   36.00000    0  153  104.80000   36.00000  65.6%     -    0s
H    0     0                     103.0000000   36.00000  65.0%     -    0s
     0     0   36.00000    0  204  103.00000   36.00000  65.0%     -    0s
     0     0   36.00000    0  182  103.00000   36.00000  65.0%     -    0s
     0     0   36.00000    0  197  103.00000   36.00000  65.0%     -    0s
     0     0   36.00000    0  126  103.00000   36.00000  65.0%     -    0s
     0     0   36.00000    0  139  103.00000   36.00000  65.0%     -    0s
     0     0   36.00000    0  162  103.00000   36.00000  65.0%     -    1s
     0     0   36.00000    0  106  103.00000   36.00000  65.0%     -    1s
     0     0   36.00000    0  142  103.00000   36.00000  65.0%     -    1s
     0     0   36.00000    0  156  103.00000   36.00000  65.0%     -    1s
     0     0   36.00000    0  156  103.00000   36.00000  65.0%     -    1s
     0     0   36.00000    0  161  103.00000   36.00000  65.0%     -    1s
     0     0   36.00000    0  217  103.00000   36.00000  65.0%     -    1s
     0     0   36.00000    0  136  103.00000   36.00000  65.0%     -    1s
     0     0   36.00000    0  140  103.00000   36.00000  65.0%     -    1s
     0     0   36.00000    0  166  103.00000   36.00000  65.0%     -    1s
     0     0   36.00000    0  131  103.00000   36.00000  65.0%     -    2s
     0     0   36.00000    0  130  103.00000   36.00000  65.0%     -    2s
     0     0   36.00000    0  130  103.00000   36.00000  65.0%     -    2s
     0     2   36.00000    0  118  103.00000   36.00000  65.0%     -    2s
H   13    16                     102.0000000   36.00000  64.7%   176    2s
   127   143   36.00000    9  239  102.00000   36.00000  64.7%   116    5s
H  203   258                     101.0000000   36.00000  64.4%   100    6s
H  204   258                     100.0000000   36.00000  64.0%  99.3    6s
H  427   791                      98.0000000   36.00000  63.3%  73.2    7s
H  461   791                      96.0000000   36.00000  62.5%  71.0    7s
H  598   791                      95.0000000   36.00000  62.1%  69.8    7s
H  843  1192                      94.0000000   36.00000  61.7%  66.6    7s
H  956  1192                      93.0000000   36.00000  61.3%  64.6    7s
H 1285  1467                      92.0000000   36.00000  60.9%  59.9    7s
H 1298  1467                      91.0000000   36.00000  60.4%  59.5    7s
H 1537  1839                      89.0000000   36.00000  59.6%  57.6    8s
H 2044  2114                      88.0000000   36.00000  59.1%  53.1    8s
H 2500  2211                      88.0000000   36.00000  59.1%  53.4    8s
H 2895  2542                      87.0000000   36.00000  58.6%  50.8    9s
  3071  2706   85.00000  101  141   87.00000   36.00000  58.6%  49.6   10s
H 3314  2576                      87.0000000   36.00000  58.6%  48.6   11s
  3417  2734   36.00000   17  200   87.00000   36.00000  58.6%  58.0   15s
  3737  2892   36.00000   21  234   87.00000   36.00000  58.6%  59.6   20s
  3876  2993   36.00000   25  242   87.00000   36.00000  58.6%  60.8   25s
  4778  3640   39.42857   35  232   87.00000   36.00000  58.6%  62.2   30s
  5293  3863   57.00000   43  160   87.00000   36.00000  58.6%  63.5   35s
  5559  3971   59.00000   46  169   87.00000   36.00000  58.6%  64.5   40s
  5772  4056   59.00000   49  197   87.00000   36.00000  58.6%  65.6   45s
  6094  4252   69.00000   52  162   87.00000   36.00000  58.6%  66.0   50s
  6364  4482   69.00000   58  209   87.00000   36.00000  58.6%  66.2   55s
  6643  4661   78.00000   66  207   87.00000   36.00000  58.6%  66.1   60s
  6911  4690   69.00000   68  209   87.00000   36.00000  58.6%  66.1   65s
  7107  4815   69.00000   70  206   87.00000   36.00000  58.6%  66.6   70s
H 7243  4578                      86.0000000   36.00000  58.1%  66.7   73s
H 7279  4312                      85.0000000   36.00000  57.6%  66.6   75s
H 7629  4301                      85.0000000   36.00000  57.6%  67.4   76s
  7692  4332   81.00000   73  210   85.00000   36.00000  57.6%  67.9   80s
H 7713  4115                      84.0000000   36.00000  57.1%  67.9   80s
  7862  4150 infeasible   75        84.00000   36.00000  57.1%  68.9   86s
H 7950  4075                      84.0000000   36.00000  57.1%  69.3   89s
  7965  4137 infeasible   77        84.00000   36.00000  57.1%  69.4   91s
  8231  4174   36.00000   24  289   84.00000   36.00000  57.1%  69.8   96s
H 8333  4064                      83.0000000   36.00000  56.6%  70.2   98s
  8377  4064   36.00000   26  242   83.00000   36.00000  56.6%  70.3  100s
  8502  4280   36.73136   29  317   83.00000   36.00000  56.6%  71.1  106s
H 8648  4137                      83.0000000   36.00000  56.6%  71.2  106s
  9690  5200   81.00000   62  247   83.00000   36.00000  56.6%  72.4  110s
 10239  5265   40.00000   27  285   83.00000   36.00000  56.6%  72.8  115s
 10480  5408   40.00000   30  256   83.00000   36.00000  56.6%  73.4  122s
 10557  5463   40.00000   32  239   83.00000   36.00000  56.6%  73.9  127s
 10626  5509   59.00000   34  187   83.00000   36.00000  56.6%  74.0  132s
 10714  5561   59.00000   36  224   83.00000   36.00000  56.6%  74.2  137s
 10784  5641   81.00000   38  191   83.00000   36.00000  56.6%  74.2  143s
 10839  5673   81.00000   39  184   83.00000   36.00000  56.6%  74.1  145s
 10974  5781   81.00000   41  172   83.00000   36.00000  56.6%  73.9  150s
 11056  5858   81.00000   43  142   83.00000   36.00000  56.6%  74.0  155s
 11446  6143   81.00000   45  128   83.00000   36.00000  56.6%  74.2  161s
 11884  6458   81.00000   47  120   83.00000   36.00000  56.6%  74.2  166s
 12399  7056   81.00000   49  117   83.00000   36.00000  56.6%  74.3  172s
 12730  7126   81.00000   50  112   83.00000   36.00000  56.6%  74.4  176s
 12886  7196   36.37288   23  342   83.00000   36.00000  56.6%  74.5  183s
 12930  7274   36.37288   24  351   83.00000   36.00000  56.6%  74.8  187s
 13029  7302   36.47526   25  341   83.00000   36.00000  56.6%  74.9  191s
H13046  6814                      82.0000000   36.00000  56.1%  74.9  191s
 13065  7279   40.00000   26  238   82.00000   36.00000  56.1%  74.9  195s
H13292  7279                      82.0000000   36.00000  56.1%  75.0  195s
 13700  7353   75.00000   44  213   82.00000   36.00000  56.1%  75.3  201s
 13751  7908   75.00000   45  185   82.00000   36.00000  56.1%  75.3  205s
 14620  8124   75.00000   47  176   82.00000   36.00000  56.1%  76.6  213s
 14827  8154   75.00000   55  164   82.00000   36.00000  56.1%  76.7  217s
 14861  8266     cutoff   56        82.00000   36.00000  56.1%  76.7  221s
 14995  8296   75.00000   57  187   82.00000   36.00000  56.1%  76.7  225s
 15230  8463   75.00000   59  181   82.00000   36.00000  56.1%  76.5  233s
 15266  8492   75.00000   60  173   82.00000   36.00000  56.1%  76.6  237s
 15301  8580   80.00000   61  150   82.00000   36.00000  56.1%  76.6  242s
 15417  8593   50.00000   21  198   82.00000   36.00000  56.1%  76.7  246s
H15464  8246                      81.0000000   36.00000  55.6%  76.9  246s
 15468  9076   50.00000   22  188   81.00000   36.00000  55.6%  76.9  251s
 16602  9102   48.00000   28  266   81.00000   36.00000  55.6%  78.4  255s
 16671  9160   72.00000   28  255   81.00000   36.00000  55.6%  78.4  263s
 16707  9543   72.00000   29  254   81.00000   36.00000  55.6%  78.4  268s
 17190  9573   76.00000   34  191   81.00000   36.00000  55.6%  78.7  273s
H17208  9573                      81.0000000   36.00000  55.6%  78.7  273s
 17224 10010   72.00000   36  187   81.00000   36.00000  55.6%  78.8  277s
 17870 10177     cutoff   57        81.00000   36.00000  55.6%  78.9  283s
 18091 10807   36.00000   20  208   81.00000   36.00000  55.6%  78.9  288s
 18925 11452   78.00000   48  161   81.00000   36.00000  55.6%  79.1  294s
 19748 11942   80.00000   81   88   81.00000   36.00000  55.6%  79.3  304s
 20467 12317   79.00000   51  210   81.00000   36.00000  55.6%  79.8  312s
 20970 12719     cutoff   71        81.00000   36.00000  55.6%  80.0  319s
 21530 12833   78.00000   66  157   81.00000   36.00000  55.6%  80.2  329s
 21676 13033     cutoff   67        81.00000   36.00000  55.6%  80.2  341s
 21988 13444     cutoff   66        81.00000   36.00000  55.6%  80.2  348s
 22542 14426   38.56853   18  212   81.00000   36.00000  55.6%  80.1  354s
 22667 14426   36.64761   25  294   81.00000   36.00000  55.6%  80.2  355s
 23816 16159   49.00000   42  302   81.00000   36.00000  55.6%  81.7  365s
 26300 16177   57.00000   29  228   81.00000   36.00000  55.6%  83.0  373s
 26346 16279   57.00000   30  220   81.00000   36.00000  55.6%  83.1  380s
 26494 16357   57.00000   31  216   81.00000   36.00000  55.6%  83.1  386s
 26591 16773   57.00000   32  214   81.00000   36.00000  55.6%  83.1  393s
 27168 17576   57.00000   33  215   81.00000   36.00000  55.6%  83.2  401s
 28249 17752   70.00000   34  258   81.00000   36.00000  55.6%  83.8  408s
 28503 18719   70.00000   35  256   81.00000   36.00000  55.6%  83.9  416s
 29893 22009   70.00000   36  254   81.00000   36.00000  55.6%  83.8  429s
 34440 22033   70.00000   37  243   81.00000   36.00000  55.6%  86.2  434s
 34480 22056   70.00000   38  256   81.00000   36.00000  55.6%  86.3  438s
 34521 22085   70.00000   39  258   81.00000   36.00000  55.6%  86.3  443s
 34556 22115   70.00000   40  246   81.00000   36.00000  55.6%  86.3  447s
 34590 22136   70.00000   41  239   81.00000   36.00000  55.6%  86.3  452s
 34633 22163   70.00000   42  209   81.00000   36.00000  55.6%  86.3  456s
 34670 22203   70.00000   43  209   81.00000   36.00000  55.6%  86.4  461s
 34722 22226   72.00000   45  189   81.00000   36.00000  55.6%  86.4  465s
 34763 22291   72.00000   46  160   81.00000   36.00000  55.6%  86.4  470s
 34862 22323   79.00000   47  104   81.00000   36.00000  55.6%  86.5  475s
 34894 22474     cutoff   48        81.00000   36.00000  55.6%  86.5  480s
 35075 22505   79.00000   52  103   81.00000   36.00000  55.6%  86.6  486s
 35108 22535   79.00000   53   98   81.00000   36.00000  55.6%  86.6  493s
 35142 22564   79.00000   54   90   81.00000   36.00000  55.6%  86.6  499s
 35176 22592   80.00000   55   99   81.00000   36.00000  55.6%  86.6  505s
 35211 22621 infeasible   56        81.00000   36.00000  55.6%  86.6  511s
 35246 22653   36.29567   25  299   81.00000   36.00000  55.6%  86.6  517s
 35278 22980   36.38001   26  312   81.00000   36.00000  55.6%  86.5  523s
 35729 23043   73.00000   34  207   81.00000   36.00000  55.6%  86.4  530s
 35822 24151 infeasible   41        81.00000   36.00000  55.6%  86.4  537s
 37354 24209   72.00000   60  160   81.00000   36.00000  55.6%  87.4  544s
 37448 24270   77.00000   64  210   81.00000   36.00000  55.6%  87.5  551s
 37533 25547   36.00000   36  251   81.00000   36.00000  55.6%  87.6  559s
 39157 25639   65.00000   62  177   81.00000   36.00000  55.6%  88.4  566s
 39270 25667   65.00000   63  146   81.00000   36.00000  55.6%  88.3  575s
 39306 25690   66.00000   64  169   81.00000   36.00000  55.6%  88.3  584s
 39343 25702 infeasible   64        81.00000   36.00000  55.6%  88.3  592s
 39422 25870 infeasible   65        81.00000   36.00000  55.6%  88.4  603s
 39653 26178   80.00000   66  130   81.00000   36.00000  55.6%  88.4  613s
 40076 26275   80.00000   67   96   81.00000   36.00000  55.6%  88.8  624s
 40189 27128   80.00000   67   98   81.00000   36.00000  55.6%  88.9  641s
 41344 29768   78.00000   54  193   81.00000   36.00000  55.6%  89.0  653s
 45421 30458 infeasible   90        81.00000   36.00000  55.6%  89.5  663s
 46515 31568   76.00000   50  221   81.00000   36.00000  55.6%  89.7  673s
 48214 32786   60.00000   45  186   81.00000   36.00000  55.6%  90.1  684s
 49898 35996   37.58194   28  269   81.00000   36.00000  55.6%  90.4  695s
 54694 36669   57.00000   55  159   81.00000   36.00000  55.6%  91.7  703s
 55735 36691 infeasible   76        81.00000   36.00000  55.6%  91.9  713s
 55776 36715   50.00000   35  244   81.00000   36.00000  55.6%  92.0  723s
 55816 36746   50.00000   36  235   81.00000   36.00000  55.6%  92.1  734s
 55849 36774   50.00000   37  232   81.00000   36.00000  55.6%  92.1  746s
 55885 36833   50.00000   38  230   81.00000   36.00000  55.6%  92.0  763s
 55960 36949   50.00000   39  234   81.00000   36.00000  55.6%  92.1  776s
 56139 37190   50.00000   40  198   81.00000   36.00000  55.6%  92.1  792s
 56523 37228   59.00000   41  207   81.00000   36.00000  55.6%  92.1  808s
 56591 37913   59.00000   42  205   81.00000   36.00000  55.6%  92.2  824s
 57531 39895   74.00000   75   91   81.00000   36.00000  55.6%  92.0  848s
 60444 46860   46.00000   38  273   81.00000   36.00000  55.6%  92.9  871s
 71900 46883 infeasible   57        81.00000   36.00000  55.6%  93.8  878s
 71941 46910   80.00000   59  189   81.00000   36.00000  55.6%  93.9  885s
 71978 46940   73.00000   58  164   81.00000   36.00000  55.6%  93.9  891s
 72012 46969   73.00000   59  161   81.00000   36.00000  55.6%  93.9  898s
 72047 46992   73.00000   60  159   81.00000   36.00000  55.6%  93.9  905s
 72088 47017   73.00000   61  159   81.00000   36.00000  55.6%  93.9  911s
 72127 47047   80.00000   62  168   81.00000   36.00000  55.6%  93.9  917s
 72175 47102   80.00000   61  170   81.00000   36.00000  55.6%  94.0  924s
 72240 47149   80.00000   65  146   81.00000   36.00000  55.6%  94.0  931s
 72325 47274 infeasible   68        81.00000   36.00000  55.6%  94.0  938s
 72510 47674 infeasible   68        81.00000   36.00000  55.6%  94.0  945s
 73129 48392   42.00000   31  234   81.00000   36.00000  55.6%  94.1  953s
 74249 50431   61.00000   52  264   81.00000   36.00000  55.6%  94.2  962s
 77269 52325   63.00000   46  209   81.00000   36.00000  55.6%  94.3  971s
 79938 54574   79.00000   50  182   81.00000   36.00000  55.6%  94.3  981s
 83192 57796   40.10526   29  264   81.00000   36.00000  55.6%  94.4  991s
 88216 58469   70.00000   51  219   81.00000   36.00000  55.6%  94.1 1000s
 89148 59475   76.00000   59  145   81.00000   36.12322  55.4%  94.1 1010s
 90475 59500   71.00000   68  112   81.00000   36.12322  55.4%  94.1 1044s
 90514 80577   71.00000   69  119   81.00000   36.12322  55.4%  94.1 1136s
 122514 88527   78.00000   66  103   81.00000   37.00000  54.3%  93.8 1164s
 133039 88527   80.00000   47   74   81.00000   37.00000  54.3%  93.8 1165s
 134145 88546   51.00000   35  290   81.00000   37.00000  54.3%  93.7 1173s
 134190 88573   51.00000   36  298   81.00000   37.00000  54.3%  93.8 1182s
 134227 88601   55.00000   37  298   81.00000   37.00000  54.3%  93.8 1190s
 134263 88628   55.00000   38  303   81.00000   37.00000  54.3%  93.8 1201s
 134299 88655   55.00000   39  311   81.00000   37.00000  54.3%  93.8 1210s
 134336 88722   78.00000   40  245   81.00000   37.00000  54.3%  93.8 1218s
 134413 88787   78.00000   41  230   81.00000   37.00000  54.3%  93.8 1227s
 134504 88824   79.00000   42  198   81.00000   37.00000  54.3%  93.8 1236s
 134573 88866   79.00000   43  183   81.00000   37.00000  54.3%  93.8 1244s
 134639 88904   79.00000   44  165   81.00000   37.00000  54.3%  93.8 1254s
 134701 88960   79.00000   45  163   81.00000   37.00000  54.3%  93.8 1264s
 134805 90072   80.00000   46  183   81.00000   37.00000  54.3%  93.8 1275s
 136418 90219   78.00000   58  157   81.00000   37.00000  54.3%  93.7 1286s
 136609 90563   78.00000   59  144   81.00000   37.00000  54.3%  93.7 1298s
 137131 91636   78.00000   60  166   81.00000   37.00000  54.3%  93.7 1313s
 138865 91832   78.00000   61  162   81.00000   37.00000  54.3%  93.7 1336s
H139037 85209                      80.0000000   37.00000  53.8%  93.7 1336s
 139167 88938   78.00000   62  156   80.00000   37.00000  53.8%  93.6 1351s
 144583 93102   77.00000   46  173   80.00000   37.00000  53.8%  93.8 1364s
H146083 93078                      80.0000000   37.00000  53.7%  93.8 1364s
 151162 93453   58.00000   39  206   80.00000   37.44960  53.2%  93.9 1374s
 151860 101517   58.00000   40  214   80.00000   37.51777  53.1%  93.9 1401s
 164735 101545   60.00000   43  215   80.00000   38.28419  52.1%  94.0 1409s
 164771 101566   60.00000   46  220   80.00000   38.28419  52.1%  94.0 1417s
 164813 101587   49.00000   46  231   80.00000   38.28419  52.1%  94.0 1425s
 164856 101596   49.00000   47  219   80.00000   38.28419  52.1%  94.0 1433s
 164911 101619   49.00000   48  243   80.00000   38.32364  52.1%  94.0 1440s
 164952 101644   59.00000   49  250   80.00000   38.32364  52.1%  94.0 1448s
 165001 101672   49.00000   48  215   80.00000   38.32364  52.1%  94.0 1455s
 165037 101720   59.00000   49  210   80.00000   38.42259  52.0%  94.0 1463s
 165107 101753   60.00000   50  258   80.00000   38.42259  52.0%  94.0 1471s
 165160 101772   60.00000   54  248   80.00000   38.42259  52.0%  94.0 1480s
 165207 101793   60.00000   55  243   80.00000   38.42259  52.0%  94.0 1490s
 165252 101830   77.00000   55  184   80.00000   38.42259  52.0%  94.0 1499s
 165307 101974   72.00000   56  216   80.00000   38.43676  52.0%  94.0 1507s
 165517 102048   60.00000   54  244   80.00000   38.43676  52.0%  94.0 1516s
 165671 102720   60.00000   55  234   80.00000   38.45715  51.9%  94.1 1526s
 166787 103242   60.00000   56  232   80.00000   38.63596  51.7%  94.2 1536s
 167817 103539   61.00000   67  174   80.00000   38.69672  51.6%  94.2 1548s
 168323 104629   72.00000   75  127   80.00000   38.72581  51.6%  94.2 1561s
 170308 106751   76.00000   40  145   80.00000   39.00000  51.2%  94.3 1574s
 173627 106941   59.00000   43  315   80.00000   39.20914  51.0%  94.2 1587s
 173979 109327   76.00000   59  237   80.00000   39.20914  51.0%  94.1 1602s
 177960 109349 infeasible   57        80.00000   39.51504  50.6%  94.0 1617s
 178001 109375   79.00000   58  116   80.00000   39.51504  50.6%  94.0 1631s
 178039 109394 infeasible   59        80.00000   39.51504  50.6%  94.0 1645s
 178081 109758   53.00000   45  230   80.00000   39.51504  50.6%  94.0 1661s
 178642 111304   53.00000   46  248   80.00000   39.51504  50.6%  94.0 1676s
 181295 111419   78.00000   56  102   80.00000   40.00000  50.0%  93.9 1703s
 181488 132278   78.00000   60  105   80.00000   40.00000  50.0%  93.9 1807s
 213488 135087   79.00000   82   97   80.00000   40.32873  49.6%  92.7 1832s
 217325 135111   65.04082   70  125   80.00000   41.00000  48.7%  92.7 1853s
 217365 135247   65.04082   70  148   80.00000   41.00000  48.7%  92.7 1877s
 217563 135297   65.04082   71  132   80.00000   41.00000  48.7%  92.7 1905s
 217631 140237 infeasible   72        80.00000   41.00000  48.7%  92.7 1939s
 224826 144879   73.00000   53  178   80.00000   41.00000  48.7%  92.4 1961s
 232439 144913   79.00000   62  183   80.00000   41.00000  48.7%  92.1 1978s
 232489 148091     cutoff   64        80.00000   41.00000  48.7%  92.1 1990s
 237411 151445   50.00000   46  275   80.00000   42.00000  47.5%  92.1 2000s
 242465 151471   73.00000   43  177   80.00000   42.00000  47.5%  92.3 2027s
 242503 172115   73.00000   44  168   80.00000   42.00000  47.5%  92.3 2129s
 244503 172115   53.00000   27  226   80.00000   42.00000  47.5%  92.2 2130s
 274503 174514   79.00000   52  130   80.00000   42.00000  47.5%  92.1 2154s
 278100 174545   71.00000   43  144   80.00000   42.00000  47.5%  92.1 2176s
 278133 174576   71.00000   44  140   80.00000   42.00000  47.5%  92.1 2197s
 278166 174620   71.00000   45  148   80.00000   42.00000  47.5%  92.1 2219s
 278250 174645   71.00000   49  143   80.00000   42.00000  47.5%  92.1 2243s
 278289 174814   71.00000   50  143   80.00000   42.00000  47.5%  92.1 2271s
 278547 177687   71.00000   51  141   80.00000   42.00000  47.5%  92.1 2307s
 283099 181063   71.00000   52  157   80.00000   42.00000  47.5%  92.0 2334s
 288267 181150   71.00000   52  145   80.00000   42.00000  47.5%  92.0 2359s
 288438 184931   71.00000   54  138   80.00000   42.00000  47.5%  92.0 2381s
 294961 188193   57.00000   33  219   80.00000   42.00000  47.5%  92.0 2399s
 300014 188747   63.00000   70  145   80.00000   42.00000  47.5%  92.0 2414s
 300921 191648   63.00000   51  262   80.00000   43.00000  46.2%  92.0 2430s
 305396 194888   69.00000   45  125   80.00000   43.00000  46.2%  92.0 2454s
 310611 197555   48.00000   42  254   80.00000   43.00000  46.2%  92.0 2469s
 314828 197579   76.00000   58  155   80.00000   43.00000  46.2%  92.0 2481s
 314868 198879   76.00000   59  185   80.00000   43.00000  46.2%  92.0 2494s
 317004 200904 infeasible   58        80.00000   43.00000  46.2%  91.9 2509s
 320634 201075 infeasible   53        80.00000   43.00000  46.2%  91.9 2522s
 320969 202024 infeasible   52        80.00000   43.00000  46.2%  91.9 2537s
 322646 203337   57.00000   36  180   80.00000   43.00000  46.2%  91.9 2552s
 324433 206407   57.00000   70  176   80.00000   43.00000  46.2%  91.9 2570s
 329372 206425   65.00000   37  254   80.00000   43.00000  46.2%  91.9 2585s
 329418 208312   65.00000   38  269   80.00000   43.00000  46.2%  91.9 2600s
 332392 209816   77.00000   51  217   80.00000   43.00000  46.2%  91.8 2616s
 334851 214586 infeasible   66        80.00000   43.00000  46.2%  91.8 2640s
 342764 214612   59.00000   43  204   80.00000   43.00000  46.2%  91.8 2650s
 342802 215534   59.00000   44  209   80.00000   43.00000  46.2%  91.8 2660s
 344312 216294   78.00000   66  223   80.00000   44.00000  45.0%  91.8 2671s
 345530 216319   78.00000   67  215   80.00000   44.00000  45.0%  91.8 2684s
 345569 216344   78.00000   68  210   80.00000   44.00000  45.0%  91.8 2698s
 345608 216364   78.00000   69  205   80.00000   44.00000  45.0%  91.8 2712s
 345654 216393   78.00000   70  190   80.00000   44.00000  45.0%  91.8 2728s
 345689 216430   78.00000   71  187   80.00000   44.00000  45.0%  91.8 2743s
 345726 216459   78.00000   72  188   80.00000   44.00000  45.0%  91.8 2759s
 345786 217711   44.00000   45  255   80.00000   44.00000  45.0%  91.8 2780s
 347926 218930   78.00000   56  128   80.00000   44.00000  45.0%  91.8 2809s
 350007 221461   77.00000   64   86   80.00000   44.00000  45.0%  91.9 2831s
 354162 225415   61.00000   44  237   80.00000   44.00000  45.0%  91.8 2847s
 360886 225453   61.00000   33  195   80.00000   44.00000  45.0%  91.9 2858s
 360952 228108   61.00000   35  195   80.00000   44.00000  45.0%  91.9 2871s
 365098 235270   62.00000   61  180   80.00000   44.00000  45.0%  91.9 2895s
 376988 235384   70.00000   59  190   80.00000   45.00000  43.7%  91.8 2901s
 377176 236414   78.00000   67  128   80.00000   45.00000  43.7%  91.8 2909s
 378981 238548   79.00000   70  129   80.00000   45.00000  43.7%  91.8 2917s
 382443 238857   69.00000   48  181   80.00000   45.00000  43.7%  91.8 2924s
 383028 239314   67.00000   44  234   80.00000   45.00000  43.7%  91.8 2932s
 383727 239689   76.00000   67  178   80.00000   45.00000  43.7%  91.8 2941s
 384501 242600   73.00000   33  200   80.00000   45.00000  43.7%  91.8 2952s
 388977 243368     cutoff   61        80.00000   45.00000  43.7%  91.8 2961s
 390253 246481   48.00000   32  300   80.00000   45.00000  43.7%  91.8 2970s
 395478 251120   79.00000   70   49   80.00000   46.00000  42.5%  91.7 2992s
 403786 251645   71.00000   77  204   80.00000   46.00000  42.5%  91.5 3001s
 404546 251676 infeasible   93        80.00000   46.00000  42.5%  91.5 3010s
 404643 251984   65.00000   35  213   80.00000   46.00000  42.5%  91.5 3021s
 405212 253275   67.00000   36  209   80.00000   46.00000  42.5%  91.5 3032s
 407417 253841   71.00000   43  213   80.00000   46.00000  42.5%  91.5 3044s
 408366 255426   46.00000   39  212   80.00000   46.00000  42.5%  91.5 3058s
 410870 255456   79.00000   68  153   80.00000   46.00000  42.5%  91.4 3073s
 410904 255485 infeasible   69        80.00000   46.00000  42.5%  91.4 3089s
 410938 255578 infeasible   70        80.00000   46.00000  42.5%  91.4 3105s
 411086 255900   77.00000   69  149   80.00000   46.00000  42.5%  91.5 3124s
 411554 256858   77.00000   70  147   80.00000   46.00000  42.5%  91.4 3152s
 412958 258132   77.00000   71  149   80.00000   46.00000  42.5%  91.4 3187s
 415170 258192   77.00000   72  132   80.00000   46.00000  42.5%  91.4 3212s
 415259 258246   77.00000   73  128   80.00000   46.00000  42.5%  91.4 3242s
 415330 261021   77.00000   76  104   80.00000   46.00000  42.5%  91.4 3273s
 419565 265765 infeasible   67        80.00000   46.00000  42.5%  91.3 3310s
 427760 265794   48.00000   45  262   80.00000   46.00000  42.5%  91.4 3340s
 427795 277374   66.00000   47  248   80.00000   46.00000  42.5%  91.4 3600s

Cutting planes:
  Learned: 7863
  Gomory: 21
  Cover: 242
  Implied bound: 2
  MIR: 469
  StrongCG: 3
  Flow cover: 1035
  GUB cover: 95
  Zero half: 13
  RLT: 5
  Relax-and-lift: 99

Explored 447597 nodes (40866204 simplex iterations) in 3601.23 seconds (1368.66 work units)
Thread count was 32 (of 32 available processors)

Solution count 10: 80 80 81 ... 84

Time limit reached
Best objective 7.999999999190e+01, best bound 4.600000000000e+01, gap 42.5000%
