
Gurobi 13.0.0 (linux64) logging started Thu Nov 27 11:52:55 2025

Set parameter LogFile to value "./Results/StripPacking-BranchSP/Logs/RUspb-010-StripPacking-35-0.log"
Set parameter TimeLimit to value 3600
Set parameter Cuts to value 0
Set parameter Presolve to value 1
Set parameter Heuristics to value 0
Set parameter LogToConsole to value 0
Set parameter LPWarmStart to value 2
Gurobi Optimizer version 13.0.0 build v13.0.0rc1 (linux64 - "Debian GNU/Linux 12 (bookworm)")

CPU model: Intel(R) Xeon(R) CPU E5-2630 v3 @ 2.40GHz, instruction set [SSE2|AVX|AVX2]
Thread count: 16 physical cores, 32 logical processors, using up to 32 threads

Non-default parameters:
TimeLimit  3600
LPWarmStart  2
Heuristics  0
Cuts  0
LogToConsole  0
Presolve  1

Optimize a model with 87500 rows, 2451 columns and 259490 nonzeros (Min)
Model fingerprint: 0x90ff6c54
Model has 1 linear objective coefficients
Variable types: 71 continuous, 2380 integer (2380 binary)
Coefficient statistics:
  Matrix range     [1e+00, 1e+04]
  Objective range  [1e+00, 1e+00]
  Bounds range     [1e+00, 1e+04]
  RHS range        [1e+00, 1e+04]
Using branch priorities.

Warning: Completing partial solution with 2380 unfixed non-continuous variables out of 2380
User MIP start produced solution with objective 143.9 (0.14s)
Loaded user MIP start with objective 143.9

Presolve removed 1190 rows and 0 columns
Presolve time: 1.04s
Presolved: 86310 rows, 2451 columns, 257110 nonzeros
Variable types: 71 continuous, 2380 integer (2380 binary)
Root relaxation presolved: 2451 rows, 88761 columns, 259561 nonzeros


Root simplex log...

Iteration    Objective       Primal Inf.    Dual Inf.      Time
   25522    4.9783640e+01   0.000000e+00   6.112084e+04      5s
   39252    4.8000000e+01   0.000000e+00   0.000000e+00      7s
   39252    4.8000000e+01   0.000000e+00   0.000000e+00      7s
   39252    4.8000000e+01   0.000000e+00   0.000000e+00      7s

Root relaxation: objective 4.800000e+01, 39252 iterations, 5.55 seconds (3.85 work units)

    Nodes    |    Current Node    |     Objective Bounds      |     Work
 Expl Unexpl |  Obj  Depth IntInf | Incumbent    BestBd   Gap | It/Node Time

     0     0   48.00000    0  641  143.90000   48.00000  66.6%     -   13s
     0     0   48.00000    0  641  143.90000   48.00000  66.6%     -   16s
     0     0   48.00000    0  455  143.90000   48.00000  66.6%     -   23s
     0     2   48.00000    0  455  143.90000   48.00000  66.6%     -   26s
    15    32   48.00000    4  332  143.90000   48.00000  66.6%   447   30s
    86   119   48.00000    8  306  143.90000   48.00000  66.6%   363   36s
   167   223   48.00000   14  320  143.90000   48.00000  66.6%   295   40s
   318   416   48.00000   22  289  143.90000   48.00000  66.6%   240   45s
   578   731   48.00000   37  321  143.90000   48.00000  66.6%   229   53s
   780   980 infeasible   48       143.90000   48.00000  66.6%   213   59s
  1063  1275   48.00000   60  318  143.90000   48.00000  66.6%   204   65s
  1461  1617   56.00000   76  342  143.90000   48.00000  66.6%   189   72s
  1914  2058   48.00000   52  268  143.90000   48.00000  66.6%   181   83s
  2544  2478   60.00000   83  402  143.90000   48.00000  66.6%   172   99s
  3258  2479   49.00000   51  455  143.90000   48.00000  66.6%   172  101s
  3260  2480   48.00000   30  611  143.90000   48.00000  66.6%   172  121s
  3261  2481   57.00000   80  508  143.90000   48.00000  66.6%   172  128s
  3263  2485   48.00000   10  346  143.90000   48.00000  66.6%   190  138s
  3265  2489   48.00000   11  344  143.90000   48.00000  66.6%   190  140s
  3293  2519   48.00000   14  301  143.90000   48.00000  66.6%   192  150s
  3309  2545   48.00000   15  308  143.90000   48.00000  66.6%   195  155s
  3371  2588   48.00000   17  377  143.90000   48.00000  66.6%   197  161s
  3439  2630   48.00000   19  330  143.90000   48.00000  66.6%   196  167s
  3468  2653   48.00000   20  326  143.90000   48.00000  66.6%   197  170s
  3530  2687   59.00000   22  248  143.90000   48.00000  66.6%   197  176s
  3556  2727   59.00000   23  239  143.90000   48.00000  66.6%   196  180s
  3604  2785   59.00000   24  226  143.90000   48.00000  66.6%   197  185s
  3678  2858   59.00000   28  252  143.90000   48.00000  66.6%   196  192s
  3776  2932   59.00000   31  226  143.90000   48.00000  66.6%   195  199s
  3887  2999   59.00000   34  226  143.90000   48.00000  66.6%   193  207s
  3993  3183   59.00000   37  242  143.90000   48.00000  66.6%   193  216s
  4218  3294   59.00000   45  345  143.90000   48.00000  66.6%   192  226s
  4422  3409   59.00000   51  358  143.90000   48.00000  66.6%   194  236s
  4625  3540   59.00000   54  311  143.90000   48.00000  66.6%   197  247s
  4848  3714   73.00000   63  280  143.90000   48.00000  66.6%   199  256s
  5138  3849   78.00000   73  213  143.90000   48.00000  66.6%   200  266s
  5416  3994   75.00000   82  215  143.90000   48.00000  66.6%   200  275s
  5745  3990   99.00000   97  153  143.90000   48.00000  66.6%   200  286s
  5877  4247   90.00000  106  168  143.90000   48.00000  66.6%   202  295s
  6260  4380   96.00000  125  131  143.90000   48.00000  66.6%   200  304s
  6613  4385  109.00000  139   87  143.90000   48.00000  66.6%   200  314s
  6787  4664 infeasible  154       143.90000   48.00000  66.6%   198  326s
  7200  4661   48.00000   44  488  143.90000   48.00000  66.6%   197  338s
  7389  4973   54.00000   48  472  143.90000   48.00000  66.6%   198  349s
  7828  5154   64.00000   62  323  143.90000   48.00000  66.6%   197  363s
  8189  5403   69.00000   67  235  143.90000   48.00000  66.6%   196  377s
* 8591  5129             292     142.0000000   48.00000  66.2%   194  377s
  8719  5453   87.00000   90  214  142.00000   48.00000  66.2%   193  389s
* 8862  5284             256     140.0000000   48.00000  65.7%   193  389s
  9217  5526   68.00000   51  270  140.00000   48.00000  65.7%   191  402s
  9692  5783   86.00000   77  242  140.00000   48.00000  65.7%   190  413s
*10020  5577             188     137.0000000   48.00000  65.0%   190  413s
 10224  6045   48.00000   19  273  137.00000   48.00000  65.0%   188  424s
 10830  6455   59.00000   36  295  137.00000   48.00000  65.0%   186  438s
*11220  6437             228     136.0000000   48.00000  64.7%   188  438s
 11360  6844   62.00000   45  231  136.00000   48.00000  64.7%   186  452s
*11914  6827             163     134.0000000   48.00000  64.2%   186  452s
 11987  7181   64.00000   57  191  134.00000   48.00000  64.2%   186  465s
 12503  7695   59.00000   27  254  134.00000   48.00000  64.2%   187  482s
 13116  8230   83.00000   83  224  134.00000   48.00000  64.2%   186  497s
 13887  8398   63.00000   45  280  134.00000   48.00000  64.2%   184  511s
*14091  8296             183     130.0000000   48.00000  63.1%   185  511s
 14129  8722   73.00000   50  237  130.00000   48.00000  63.1%   185  527s
 14659  9289   90.00000   58  292  130.00000   48.00000  63.1%   186  545s
 15388  9584   98.00000   69  242  130.00000   48.00000  63.1%   186  562s
*15668  9392             159     129.0000000   48.00000  62.8%   185  562s
 15775 10055   98.00000   74  278  129.00000   48.00000  62.8%   185  581s
 16630 10827  111.00000   87  165  129.00000   48.00000  62.8%   184  598s
*17468 10791             178     128.0000000   48.00000  62.5%   181  598s
 17602 11321  111.00000   98  208  128.00000   48.00000  62.5%   181  617s
*18316 11208             191     127.0000000   48.00000  62.2%   181  617s
 18417 11788  112.00000  118   81  127.00000   48.00000  62.2%   180  637s
*19094 11612             195     125.0000000   48.00000  61.6%   180  637s
 19304 12008   65.00000   74  270  125.00000   48.00000  61.6%   180  657s
 20029 12645   88.00000   92  312  125.00000   48.00000  61.6%   182  676s
 20878 13565  108.00000  105  220  125.00000   48.00000  61.6%   182  697s
 22032 14190  118.00000  128  129  125.00000   48.00000  61.6%   181  712s
 22911 14805  120.00000  150   56  125.00000   48.00000  61.6%   179  728s
*22979 14373             169     123.0000000   48.00000  61.0%   179  728s
 23774 14831     cutoff  173       123.00000   48.00000  61.0%   177  745s
*23904 14648             182     122.0000000   48.00000  60.7%   177  746s
 24590 15190   58.00000   61  241  122.00000   48.00000  60.7%   176  764s
*24745 14956             184     121.0000000   48.00000  60.3%   176  764s
 25420 15112   80.00000   89  261  121.00000   48.00000  60.3%   176  784s
*25545 14784             198     120.0000000   48.00000  60.0%   176  784s
*25550 14400             201     119.0000000   48.00000  59.7%   176  784s
 25811 14949   86.00000   94  229  119.00000   48.00000  59.7%   176  803s
*26409 14236             214     116.0000000   48.00000  58.6%   176  803s
 26703 14697   98.00000  130  169  116.00000   48.00000  58.6%   176  822s
 27544 15218  110.00000  101  168  116.00000   48.00000  58.6%   177  843s
 28433 15760   73.00000   76  217  116.00000   48.00000  58.6%   177  862s
 29195 16567  104.00000  132  145  116.00000   48.00000  58.6%   177  885s
*29314 16351             179     115.0000000   48.00000  58.3%   177  885s
 30340 17027 infeasible   86       115.00000   48.00000  58.3%   177  908s
*30868 16617             190     113.0000000   48.00000  57.5%   176  908s
 31388 17284  107.00000  128  123  113.00000   48.00000  57.5%   177  932s
 32451 18119 infeasible   70       113.00000   48.00000  57.5%   177  957s
*32784 17672             172     112.0000000   48.00000  57.1%   177  957s
*33473 16956             171     110.0000000   48.00000  56.4%   177  957s
 33693 17569     cutoff  139       110.00000   48.00000  56.4%   176  983s
 34859 18449   75.00000   76  218  110.00000   48.00000  56.4%   177 1011s
 36071 19466   68.00000   83  242  110.00000   48.00000  56.4%   177 1043s
 37462 19990   59.00000   63  270  110.00000   48.00000  56.4%   177 1075s
 38323 21067 infeasible   72       110.00000   48.00000  56.4%   177 1105s
*38968 20024             155     109.0000000   48.00000  56.0%   177 1105s
*39312 19280             184     108.0000000   48.00000  55.6%   176 1105s
 39833 19771   81.00000   81  299  108.00000   48.00000  55.6%   177 1135s
 41194 20946 infeasible  121       108.00000   48.00000  55.6%   177 1172s
*41907 20445             173     107.0000000   48.00000  55.1%   177 1172s
 42963 21352     cutoff  148       107.00000   48.00000  55.1%   177 1210s
 44709 22545   97.00000  156   87  107.00000   48.00000  55.1%   177 1245s
*45706 21658             193     106.0000000   48.00000  54.7%   177 1245s
 46454 22398     cutoff  159       106.00000   48.00000  54.7%   177 1281s
 47884 23642 infeasible   71       106.00000   48.00000  54.7%   178 1317s
 49544 24884     cutoff  118       106.00000   48.00000  54.7%   178 1358s
*49968 24121             163     105.0000000   48.00000  54.3%   178 1358s
*50425 22976             237     103.0000000   48.00000  53.4%   178 1358s
 51334 23582   81.00000   94  234  103.00000   48.00000  53.4%   178 1392s
 52605 24382   48.00000   44  342  103.00000   48.00000  53.4%   179 1426s
 53751 25629   98.00000   77  191  103.00000   48.00000  53.4%   180 1461s
 55378 26829  102.00000  137  147  103.00000   48.00000  53.4%   180 1502s
 57098 27847   78.00000   61  217  103.00000   48.00000  53.4%   180 1536s
 58508 28974  101.00000  129  150  103.00000   48.00000  53.4%   181 1573s
 60192 30048  100.00000   89  148  103.00000   48.00000  53.4%   181 1611s
 61772 31152   55.00000   78  214  103.00000   48.00000  53.4%   182 1649s
 63215 32336   59.00000   50  235  103.00000   48.00000  53.4%   183 1687s
 64858 33392 infeasible  113       103.00000   48.00000  53.4%   184 1729s
 66360 34123   91.00000  105  153  103.00000   48.00000  53.4%   184 1775s
 67459 35617   92.00000   88  226  103.00000   48.00000  53.4%   185 1826s
 69476 36962  102.00000  107  201  103.00000   48.00000  53.4%   185 1875s
 71440 38239   81.00000   85  273  103.00000   48.00000  53.4%   186 1915s
*71753 35826             149     102.0000000   48.00000  52.9%   186 1915s
 73251 36669 infeasible   70       102.00000   48.00000  52.9%   186 1952s
*73864 34735             161     101.0000000   48.00000  52.5%   186 1952s
 74996 35286   91.00000   98  212  101.00000   48.00000  52.5%   186 1992s
 76150 36494   48.00000   40  419  101.00000   48.00000  52.5%   188 2034s
 77874 37629   88.00000   83  147  101.00000   48.00000  52.5%   188 2078s
 79536 38790   48.00000   43  277  101.00000   48.00000  52.5%   189 2118s
 81223 39676   99.00000  131  121  101.00000   48.00000  52.5%   189 2157s
 82477 40303   61.00000   62  319  101.00000   48.00000  52.5%   191 2197s
 83418 41541   81.00000   84  280  101.00000   48.00000  52.5%   191 2248s
 85214 42654   74.00000   76  197  101.00000   48.00000  52.5%   192 2295s
 86847 43675 infeasible   75       101.00000   48.00000  52.5%   192 2339s
 88328 44818   98.00000   90  194  101.00000   48.00000  52.5%   193 2389s
 90031 45662   57.00000   66  281  101.00000   48.00000  52.5%   193 2432s
 91443 46640     cutoff  142       101.00000   48.00000  52.5%   194 2477s
 92940 47701     cutoff  143       101.00000   48.00000  52.5%   195 2527s
 94463 48964   70.00000   64  225  101.00000   48.00000  52.5%   196 2576s
 96460 49993 infeasible  139       101.00000   48.00000  52.5%   196 2622s
 97959 51102   90.00000   88  180  101.00000   48.00000  52.5%   197 2667s
 99568 51983 infeasible  108       101.00000   48.00000  52.5%   198 2709s
 100771 53195   67.00000   82  253  101.00000   48.00000  52.5%   198 2755s
 102585 54448 infeasible   97       101.00000   48.00000  52.5%   199 2798s
 104332 55749 infeasible  112       101.00000   48.00000  52.5%   199 2845s
 106241 56852   98.00000  117  194  101.00000   48.00000  52.5%   199 2890s
 107922 57834   57.00000   67  309  101.00000   48.00000  52.5%   200 2936s
 109427 58996   48.00000   90  280  101.00000   48.00000  52.5%   200 2983s
 111114 60203   80.00000  107  284  101.00000   48.00000  52.5%   201 3026s
 112980 61265   68.00000   88  313  101.00000   48.00000  52.5%   201 3068s
 114439 62349   82.00000   90  299  101.00000   48.00000  52.5%   201 3110s
 116088 63472   83.00000  100  285  101.00000   48.00000  52.5%   201 3151s
 117815 64182   74.00000   78  299  101.00000   48.00000  52.5%   202 3190s
 118956 65312  100.00000  124  124  101.00000   48.00000  52.5%   202 3233s
 120566 66422     cutoff  101       101.00000   48.00000  52.5%   202 3275s
 122183 67493 infeasible  121       101.00000   48.00000  52.5%   202 3317s
 123879 68643   77.00000   97  283  101.00000   48.00000  52.5%   203 3357s
 125611 69688   93.00000   97  184  101.00000   48.00000  52.5%   203 3399s
 127240 70835   63.00000   94  235  101.00000   48.00000  52.5%   203 3445s
 128848 71941 infeasible  108       101.00000   48.00000  52.5%   203 3489s
 130471 72903   57.00000   72  240  101.00000   48.00000  52.5%   203 3531s
 131846 74010   48.00000   71  289  101.00000   48.00000  52.5%   204 3578s
 133450 74641   69.00000   79  333  101.00000   48.00000  52.5%   205 3600s

Explored 134331 nodes (27578335 simplex iterations) in 3600.13 seconds (1872.55 work units)
Thread count was 32 (of 32 available processors)

Solution count 10: 101 102 103 ... 112

Time limit reached
Best objective 1.010000000000e+02, best bound 4.800000000000e+01, gap 52.4752%
