
Gurobi 13.0.0 (linux64) logging started Thu Nov 27 07:45:42 2025

Set parameter LogFile to value "./Results/StripPacking-BranchSP/Logs/RUspb-111-StripPacking-10-0.log"
Set parameter TimeLimit to value 3600
Set parameter Cuts to value 1
Set parameter Presolve to value 1
Set parameter Heuristics to value 1
Set parameter LogToConsole to value 0
Set parameter LPWarmStart to value 2
Gurobi Optimizer version 13.0.0 build v13.0.0rc1 (linux64 - "Debian GNU/Linux 12 (bookworm)")

CPU model: Intel(R) Xeon(R) CPU E5-2630 v3 @ 2.40GHz, instruction set [SSE2|AVX|AVX2]
Thread count: 16 physical cores, 32 logical processors, using up to 32 threads

Non-default parameters:
TimeLimit  3600
LPWarmStart  2
Heuristics  1
Cuts  1
LogToConsole  0
Presolve  1

Optimize a model with 2125 rows, 201 columns and 6140 nonzeros (Min)
Model fingerprint: 0xd6f37554
Model has 1 linear objective coefficients
Variable types: 21 continuous, 180 integer (180 binary)
Coefficient statistics:
  Matrix range     [1e+00, 1e+04]
  Objective range  [1e+00, 1e+00]
  Bounds range     [1e+00, 1e+04]
  RHS range        [1e+00, 1e+04]
Using branch priorities.

Warning: Completing partial solution with 180 unfixed non-continuous variables out of 180
User MIP start produced solution with objective 50 (0.00s)
Loaded user MIP start with objective 50

Presolve removed 365 rows and 22 columns
Presolve time: 0.02s
Presolved: 1760 rows, 179 columns, 5253 nonzeros
Variable types: 21 continuous, 158 integer (158 binary)

Root relaxation: objective 3.500000e+01, 279 iterations, 0.02 seconds (0.01 work units)

    Nodes    |    Current Node    |     Objective Bounds      |     Work
 Expl Unexpl |  Obj  Depth IntInf | Incumbent    BestBd   Gap | It/Node Time

     0     0   35.00000    0    8   50.00000   35.00000  30.0%     -    0s
H    0     0                      49.0000000   35.00000  28.6%     -    0s
     0     0   35.00000    0   11   49.00000   35.00000  28.6%     -    0s
H    0     0                      45.0000000   35.00000  22.2%     -    0s
     0     0   35.00000    0   11   45.00000   35.00000  22.2%     -    0s
     0     0   35.00000    0   15   45.00000   35.00000  22.2%     -    0s
     0     0   35.00000    0    6   45.00000   35.00000  22.2%     -    0s
H    0     0                      44.0000000   35.00000  20.5%     -    0s
     0     0   35.00000    0    7   44.00000   35.00000  20.5%     -    0s
     0     0   35.00000    0   26   44.00000   35.00000  20.5%     -    0s
     0     0   35.00000    0    6   44.00000   35.00000  20.5%     -    0s
     0     0   35.00000    0    6   44.00000   35.00000  20.5%     -    0s
     0     0   35.00000    0   12   44.00000   35.00000  20.5%     -    0s
     0     0   35.00000    0    6   44.00000   35.00000  20.5%     -    0s
     0     0   35.00000    0    6   44.00000   35.00000  20.5%     -    0s
H    0     0                      43.0000000   35.00000  18.6%     -    0s
     0     0   35.00000    0   17   43.00000   35.00000  18.6%     -    0s
     0     0   35.00000    0    3   43.00000   35.00000  18.6%     -    0s
H    0     0                      42.0000000   35.00000  16.7%     -    0s
     0     0   35.00000    0    3   42.00000   35.00000  16.7%     -    0s
     0     0   35.00000    0    7   42.00000   35.00000  16.7%     -    0s
     0     0   35.00000    0    7   42.00000   35.00000  16.7%     -    0s
     0     0   35.00000    0   13   42.00000   35.00000  16.7%     -    0s
     0     0   35.00000    0    3   42.00000   35.00000  16.7%     -    0s
     0     0   35.00000    0    8   42.00000   35.00000  16.7%     -    0s
     0     0   35.00000    0   20   42.00000   35.00000  16.7%     -    0s
     0     0   35.00000    0   10   42.00000   35.00000  16.7%     -    0s
     0     0   35.00000    0   10   42.00000   35.00000  16.7%     -    0s
     0     0   35.00000    0    5   42.00000   35.00000  16.7%     -    0s
     0     0   35.00000    0    9   42.00000   35.00000  16.7%     -    0s
     0     0   35.00000    0   20   42.00000   35.00000  16.7%     -    0s
     0     0   35.00000    0   22   42.00000   35.00000  16.7%     -    0s
     0     0   35.00000    0   13   42.00000   35.00000  16.7%     -    0s
     0     0   35.00000    0    9   42.00000   35.00000  16.7%     -    0s
     0     0   35.00000    0    6   42.00000   35.00000  16.7%     -    0s
     0     0   35.00000    0   28   42.00000   35.00000  16.7%     -    0s
     0     0   35.00000    0    3   42.00000   35.00000  16.7%     -    0s
     0     0   35.00000    0    3   42.00000   35.00000  16.7%     -    0s
     0     0   35.00000    0   10   42.00000   35.00000  16.7%     -    0s
     0     0   35.00000    0    8   42.00000   35.00000  16.7%     -    0s
     0     0   35.00000    0   13   42.00000   35.00000  16.7%     -    0s
     0     0   35.00000    0    8   42.00000   35.00000  16.7%     -    0s
H    0     0                      41.0000000   35.00000  14.6%     -    0s
     0     0   35.00000    0    8   41.00000   35.00000  14.6%     -    0s
     0     0   35.00000    0   10   41.00000   35.00000  14.6%     -    0s
     0     0   35.00000    0    9   41.00000   35.00000  14.6%     -    0s
     0     0   35.00000    0    7   41.00000   35.00000  14.6%     -    0s
     0     0   35.00000    0   10   41.00000   35.00000  14.6%     -    0s
     0     0   35.00000    0   10   41.00000   35.00000  14.6%     -    0s
     0     0   35.00000    0   10   41.00000   35.00000  14.6%     -    0s
     0     0   35.00000    0    6   41.00000   35.00000  14.6%     -    0s
     0     2   35.00000    0    6   41.00000   35.00000  14.6%     -    1s
*  480   227              25      40.0000000   35.00000  12.5%  17.3    1s
H 1021   297                      39.0000000   35.00000  10.3%  15.3    1s
H 2716   268                      39.0000000   35.00000  10.3%  12.1    3s
  4182   107 infeasible   22        39.00000   38.00000  2.56%  10.3    5s

Cutting planes:
  Learned: 155
  Gomory: 2
  Lift-and-project: 13
  Cover: 20
  Implied bound: 1
  Clique: 1
  MIR: 60
  StrongCG: 1
  GUB cover: 1
  Zero half: 2
  RLT: 1
  Relax-and-lift: 7

Explored 5224 nodes (55382 simplex iterations) in 6.96 seconds (3.58 work units)
Thread count was 32 (of 32 available processors)

Solution count 10: 39 39 40 ... 50

Optimal solution found (tolerance 1.00e-04)
Best objective 3.899999999600e+01, best bound 3.899999999600e+01, gap 0.0000%
