
Gurobi 13.0.0 (linux64) logging started Thu Nov 27 07:52:47 2025

Set parameter LogFile to value "./Results/StripPacking-BranchSP/Logs/RUspb-010-StripPacking-20-0.log"
Set parameter TimeLimit to value 3600
Set parameter Cuts to value 0
Set parameter Presolve to value 1
Set parameter Heuristics to value 0
Set parameter LogToConsole to value 0
Set parameter LPWarmStart to value 2
Gurobi Optimizer version 13.0.0 build v13.0.0rc1 (linux64 - "Debian GNU/Linux 12 (bookworm)")

CPU model: Intel(R) Xeon(R) CPU E5-2630 v3 @ 2.40GHz, instruction set [SSE2|AVX|AVX2]
Thread count: 16 physical cores, 32 logical processors, using up to 32 threads

Non-default parameters:
TimeLimit  3600
LPWarmStart  2
Heuristics  0
Cuts  0
LogToConsole  0
Presolve  1

Optimize a model with 32125 rows, 1251 columns and 94850 nonzeros (Min)
Model fingerprint: 0xa007ea05
Model has 1 linear objective coefficients
Variable types: 51 continuous, 1200 integer (1200 binary)
Coefficient statistics:
  Matrix range     [1e+00, 1e+04]
  Objective range  [1e+00, 1e+00]
  Bounds range     [1e+00, 1e+04]
  RHS range        [1e+00, 1e+04]
Using branch priorities.

Warning: Completing partial solution with 1200 unfixed non-continuous variables out of 1200
User MIP start produced solution with objective 104.8 (0.08s)
Loaded user MIP start with objective 104.8

Presolve removed 600 rows and 0 columns
Presolve time: 0.27s
Presolved: 31525 rows, 1251 columns, 93650 nonzeros
Variable types: 51 continuous, 1200 integer (1200 binary)
Root relaxation presolved: 1251 rows, 32776 columns, 94901 nonzeros


Root relaxation: objective 3.600000e+01, 2352 iterations, 0.47 seconds (0.37 work units)

    Nodes    |    Current Node    |     Objective Bounds      |     Work
 Expl Unexpl |  Obj  Depth IntInf | Incumbent    BestBd   Gap | It/Node Time

     0     0   36.00000    0  322  104.80000   36.00000  65.6%     -    2s
     0     0   36.00000    0  320  104.80000   36.00000  65.6%     -    3s
     0     0   36.00000    0  319  104.80000   36.00000  65.6%     -    3s
     0     2   36.00000    0  231  104.80000   36.00000  65.6%     -    6s
    85   116   36.00000   11  273  104.80000   36.00000  65.6%   266   10s
   540   551   54.00000   24  313  104.80000   36.00000  65.6%   174   15s
  1444  1275   81.00000   63  198  104.80000   36.00000  65.6%   135   20s
  2400  1943   71.29825   46  212  104.80000   36.00000  65.6%   115   26s
  2403  1948   36.00000   13  180  104.80000   36.00000  65.6%   118   30s
  2502  2038   36.00000   20  250  104.80000   36.00000  65.6%   120   35s
  2699  2175   36.00000   24  191  104.80000   36.00000  65.6%   123   40s
  3071  2436   36.72108   35  212  104.80000   36.00000  65.6%   123   45s
  3566  2757   61.00000   47  119  104.80000   36.00000  65.6%   125   50s
  4426  3270   64.00000   65  127  104.80000   36.00000  65.6%   117   55s
* 4452  3028             111     100.0000000   36.00000  64.0%   117   55s
* 4810  2851             105      99.0000000   36.00000  63.6%   114   56s
* 5217  2814             122      97.0000000   36.00000  62.9%   111   58s
* 5241  2688             130      96.0000000   36.00000  62.5%   111   58s
* 5302  2452             122      93.0000000   36.00000  61.3%   111   59s
  5427  2543   83.00000   93   79   93.00000   36.00000  61.3%   111   60s
  6444  2999   88.00000  130   37   93.00000   36.00000  61.3%   109   65s
* 6738  2698             146      91.0000000   36.00000  60.4%   107   66s
  7483  3176   63.00000   48  153   91.00000   36.00000  60.4%   106   70s
* 7953  3236             125      90.0000000   36.00000  60.0%   105   73s
* 8053  3011             129      89.0000000   36.00000  59.6%   105   73s
  8370  3331   85.00000   59  142   89.00000   36.00000  59.6%   106   76s
  9070  3825   76.00000   45  191   89.00000   42.00000  52.8%   107   80s
* 9314  3610             113      88.0000000   42.00000  52.3%   107   80s
  9985  4237 infeasible   39        88.00000   42.00000  52.3%   107   85s
 11141  5030 infeasible   98        88.00000   42.00000  52.3%   107   91s
*11337  4720             119      87.0000000   42.00000  51.7%   106   91s
*11448  4434             132      86.0000000   42.00000  51.2%   106   91s
 11982  4926   85.00000   84   76   86.00000   42.00000  51.2%   106   96s
*12030  4605             123      85.0000000   42.00000  50.6%   106   96s
 12721  4900   70.00000   56  172   85.00000   42.00000  50.6%   108  101s
 13346  5520   84.00000   89   45   85.00000   42.00000  50.6%   109  106s
*13613  5219             115      84.0000000   42.00000  50.0%   108  106s
 14354  5745   83.00000   73   68   84.00000   42.00000  50.0%   109  112s
 14754  6086   78.00000   65  183   84.00000   42.00000  50.0%   109  115s
 15841  6786   72.00000   56  194   84.00000   42.00000  50.0%   110  122s
 16384  7139   83.00000   88   57   84.00000   42.00000  50.0%   111  125s
 17455  7931     cutoff   83        84.00000   42.00000  50.0%   112  132s
 18042  8378   60.00000   56  161   84.00000   42.00000  50.0%   113  135s
*18110  7415             105      83.0000000   42.00000  49.4%   113  135s
*18112  6910             105      82.0000000   42.00000  48.8%   113  135s
 19188  7428   81.00000   53   69   82.00000   42.00000  48.8%   113  143s
 19812  7754   76.00000   49  210   82.00000   42.00000  48.8%   114  147s
 20377  8258   67.00000   39  163   82.00000   43.00000  47.6%   115  152s
 21090  8744   57.00000   29  162   82.00000   43.00000  47.6%   116  158s
 21714  9327   59.00000   43  214   82.00000   43.00000  47.6%   117  164s
 22594  9875   76.00000   51  135   82.00000   43.00000  47.6%   119  171s
 23415 10209   81.00000   60   90   82.00000   43.00000  47.6%   120  178s
 23933 10750   79.00000   53  153   82.00000   43.00000  47.6%   120  185s
 24945 11288   81.00000   54  113   82.00000   43.00000  47.6%   121  192s
 25866 11925   48.00000   35  215   82.00000   43.00000  47.6%   123  201s
 26912 12647   62.00000   42  195   82.00000   43.00000  47.6%   124  210s
 28009 13326   75.00000   55  169   82.00000   43.00000  47.6%   125  219s
 29063 13948   81.00000   46  186   82.00000   43.00000  47.6%   126  228s
 30072 14533   80.00000   52  121   82.00000   43.00000  47.6%   128  238s
 31228 15163   74.00000   34  135   82.00000   43.00000  47.6%   129  247s
 32304 15655   81.00000   53  123   82.00000   43.00000  47.6%   131  256s
 33113 16707   68.00000   45  223   82.00000   43.00000  47.6%   132  267s
 34594 17822 infeasible   60        82.00000   43.00000  47.6%   132  277s
*34928 15398             104      81.0000000   43.00000  46.9%   132  277s
 36311 16145   72.00000   56  179   81.00000   44.00000  45.7%   132  287s
 37817 17131   79.00000   76  110   81.00000   44.00000  45.7%   132  296s
 39325 18148   79.00000   61  130   81.00000   44.00000  45.7%   133  306s
 40932 19158   51.00000   34  179   81.00000   45.00000  44.4%   134  316s
 42534 20079   80.00000   63   86   81.00000   46.00000  43.2%   135  327s
 43861 21369   53.00000   43  184   81.00000   46.00000  43.2%   135  340s
 46066 22263   78.00000   36  188   81.00000   46.00000  43.2%   135  350s
 47522 23241   79.00000   45  124   81.00000   46.00000  43.2%   136  362s
 49135 24161 infeasible   54        81.00000   46.00000  43.2%   137  373s
 50752 25025   80.00000   74   75   81.00000   46.00000  43.2%   137  383s
 52317 25791   54.00000   33  229   81.00000   46.00000  43.2%   138  395s
 53555 26813   73.00000   45  178   81.00000   46.00000  43.2%   139  407s
 55190 27990   80.00000   68   38   81.00000   46.00000  43.2%   139  419s
 56926 29130     cutoff  102        81.00000   46.00000  43.2%   140  430s
 58563 30259 infeasible   75        81.00000   46.00000  43.2%   140  441s
 60283 31281   76.00000   69  111   81.00000   46.00000  43.2%   141  452s
 61980 32270   80.00000   67   55   81.00000   46.00000  43.2%   141  462s
 63600 33126   65.00000   37  245   81.00000   48.00000  40.7%   142  474s
 65073 34319   78.00000   58  134   81.00000   48.00000  40.7%   142  486s
 67021 35317   78.00000   55   89   81.00000   48.00000  40.7%   142  497s
 68680 36470   71.00000   57  164   81.00000   48.00000  40.7%   142  508s
 70499 37475 infeasible   90        81.00000   48.00000  40.7%   142  519s
 72216 38399 infeasible   74        81.00000   48.00000  40.7%   142  529s
 73816 39371   74.00000   64  128   81.00000   48.00000  40.7%   142  539s
 75581 40277   76.00000   67  127   81.00000   48.00000  40.7%   142  548s
 77429 41116     cutoff   85        81.00000   48.00000  40.7%   142  558s
 79149 41893   79.00000   80   84   81.00000   48.00000  40.7%   142  567s
 80652 42704   72.00000   58  122   81.00000   48.00000  40.7%   143  578s
 82252 43574   80.00000   79   54   81.00000   48.00000  40.7%   143  589s
 83812 44491   69.00000   45  135   81.00000   48.00000  40.7%   143  599s
 85530 45433 infeasible   57        81.00000   48.00000  40.7%   143  612s
 87226 46197 infeasible   70        81.00000   48.00000  40.7%   143  622s
 88829 47163   79.00000   67   76   81.00000   48.00000  40.7%   143  633s
 90578 48018 infeasible   96        81.00000   48.00000  40.7%   143  643s
 92203 48709   75.00000   75  126   81.00000   48.00000  40.7%   144  652s
 93679 49479     cutoff   86        81.00000   48.00000  40.7%   144  662s
 95294 50377   80.00000   89   61   81.00000   48.00000  40.7%   144  673s
 96891 51252   78.00000   74   91   81.00000   48.00000  40.7%   144  683s
 98587 52165   59.00000   47  165   81.00000   48.00000  40.7%   144  693s
 100252 52996   56.00000   43  166   81.00000   48.00000  40.7%   144  703s
 101826 53725   80.00000   76   83   81.00000   48.00000  40.7%   145  713s
 103354 54498   80.00000   74   58   81.00000   48.00000  40.7%   145  723s
 104972 55233   79.00000   46   82   81.00000   48.00000  40.7%   145  733s
 106557 55997   67.00000   74  146   81.00000   48.00000  40.7%   145  745s
 108170 56788   79.00000   75   68   81.00000   48.00000  40.7%   145  756s
 109776 57524   80.00000   87   49   81.00000   48.00000  40.7%   146  767s
 111392 58325   80.00000   77   74   81.00000   48.00000  40.7%   146  780s
 112951 59264   80.00000   83   67   81.00000   48.00000  40.7%   146  791s
 114742 60234   78.00000   63  159   81.00000   48.00000  40.7%   146  803s
 116446 61307     cutoff   64        81.00000   48.00000  40.7%   146  813s
 118257 62165   80.00000   79   67   81.00000   48.00000  40.7%   146  823s
*119218 52540             109      80.0000000   48.00000  40.0%   146  823s
 119968 53188   79.00000   68  110   80.00000   48.00000  40.0%   146  833s
 121438 53974   78.00000   69   90   80.00000   48.00000  40.0%   147  842s
 123068 54823   78.00000   84   92   80.00000   48.00000  40.0%   147  853s
 124742 55701 infeasible   73        80.00000   48.00000  40.0%   147  864s
 126470 56490 infeasible   81        80.00000   48.00000  40.0%   147  874s
 128106 57398   75.00000   75   95   80.00000   48.00000  40.0%   147  886s
*129127 49221             106      79.0000000   48.00000  39.2%   147  886s
 129765 49719     cutoff   96        79.00000   48.00000  39.2%   147  898s
 131326 50415   54.00000   63  165   79.00000   48.00000  39.2%   147  910s
 132960 51238   63.00000   53  175   79.00000   48.00000  39.2%   148  920s
 134414 52078   73.00000   70  128   79.00000   48.00000  39.2%   148  931s
 136128 52938   73.00000   72   99   79.00000   48.00000  39.2%   148  943s
 137631 53749   78.00000   97   73   79.00000   48.00000  39.2%   148  954s
 139272 54600   58.00000   61  154   79.00000   48.00000  39.2%   148  965s
 140899 55460 infeasible  128        79.00000   48.00000  39.2%   149  975s
 142448 56257   75.00000   90   83   79.00000   48.00000  39.2%   149  986s
 144088 57023   72.00000   90   72   79.00000   48.00000  39.2%   149  997s
 145745 57898   72.00000   80  149   79.00000   48.00000  39.2%   149 1007s
 147305 58578   74.00000   78  110   79.00000   48.00000  39.2%   149 1019s
 148889 59353   77.00000   64  131   79.00000   48.00000  39.2%   150 1030s
 150423 60003   78.00000   72   98   79.00000   48.00000  39.2%   150 1041s
 151856 60792   63.00000   72  149   79.00000   48.00000  39.2%   150 1053s
 153388 61690 infeasible   75        79.00000   48.00000  39.2%   151 1065s
 155136 62581   78.00000  105   20   79.00000   48.00000  39.2%   151 1076s
 156851 63543   78.00000   74  124   79.00000   48.00000  39.2%   151 1087s
 158743 64245   76.00000   66  123   79.00000   48.00000  39.2%   151 1098s
 160286 65044   77.00000   84   73   79.00000   48.00000  39.2%   151 1109s
 160512 65044 infeasible   60        79.00000   48.00000  39.2%   151 1110s
 161923 65959   66.00000   76  140   79.00000   48.00000  39.2%   152 1122s
 163738 66769   77.00000   81   95   79.00000   48.00000  39.2%   152 1134s
 165403 67390   66.00000   60  153   79.00000   48.00000  39.2%   152 1146s
 166971 68071   67.00000   67  164   79.00000   48.00000  39.2%   152 1158s
 168505 68887   75.00000   74  131   79.00000   48.00000  39.2%   152 1170s
 170157 69548 infeasible  114        79.00000   48.00000  39.2%   153 1182s
 171711 70427   61.00000   77  163   79.00000   48.00000  39.2%   153 1193s
 173414 71249   60.00000   78  150   79.00000   48.00000  39.2%   153 1204s
 175141 71916   76.00000  101   58   79.00000   48.00000  39.2%   153 1216s
 176660 72579   77.00000   86  100   79.00000   48.00000  39.2%   153 1227s
 178239 73256   72.00000   74  167   79.00000   48.00000  39.2%   153 1238s
 179777 73955   77.00000   77  134   79.00000   48.00000  39.2%   153 1250s
 181349 74722   76.00000   81   70   79.00000   48.00000  39.2%   154 1262s
 182820 75522     cutoff   60        79.00000   48.00000  39.2%   154 1274s
 184476 76274   67.00000   67  115   79.00000   48.00000  39.2%   154 1286s
 186181 77048   77.00000   63  159   79.00000   48.00000  39.2%   154 1297s
 187741 77840   73.00000   55  133   79.00000   48.00000  39.2%   154 1308s
 189296 78778   78.00000   68  140   79.00000   48.00000  39.2%   155 1321s
 190988 79658   78.00000   80   38   79.00000   48.00000  39.2%   155 1333s
 192599 80307   78.00000   58  112   79.00000   48.00000  39.2%   155 1346s
 194044 81083   78.00000   79   74   79.00000   48.00000  39.2%   155 1359s
 195620 81700   74.00000   78  129   79.00000   48.00000  39.2%   155 1370s
 197036 82441   67.00000   67  117   79.00000   48.00000  39.2%   155 1382s
 198646 83189   78.00000   84   60   79.00000   48.00000  39.2%   156 1394s
 200336 83909 infeasible   94        79.00000   48.00000  39.2%   156 1406s
 202028 84655     cutoff   98        79.00000   48.00000  39.2%   156 1418s
 203707 85440   78.00000   54  263   79.00000   48.00000  39.2%   156 1431s
 205401 86238   77.00000   61  137   79.00000   48.00000  39.2%   156 1443s
 207145 87032   66.00000   53  166   79.00000   48.00000  39.2%   156 1454s
 208836 87879   67.00000   69  150   79.00000   48.00000  39.2%   156 1467s
 210540 88778   77.00000   92   72   79.00000   48.00000  39.2%   157 1478s
 212334 89496 infeasible   67        79.00000   48.00000  39.2%   157 1490s
 213941 90269 infeasible   90        79.00000   48.00000  39.2%   157 1501s
 215640 91258   71.00000   78  112   79.00000   48.00000  39.2%   157 1512s
*217073 76505             103      78.0000000   48.00000  38.5%   157 1512s
 217400 77072     cutoff   90        78.00000   48.00000  38.5%   157 1523s
 218906 77790   71.00000   76  125   78.00000   48.00000  38.5%   157 1533s
 220515 78463   77.00000   81  119   78.00000   48.00000  38.5%   157 1545s
 222127 79120   76.00000   90   72   78.00000   48.00000  38.5%   157 1555s
 223667 79761 infeasible   75        78.00000   48.00000  38.5%   157 1567s
 225118 80434   68.00000   64  172   78.00000   48.00000  38.5%   157 1578s
 226476 81227   76.00000   92   53   78.00000   48.00000  38.5%   157 1590s
 228097 81952   77.00000   77  103   78.00000   48.00000  38.5%   157 1601s
 229644 82699   77.00000   82   69   78.00000   48.00000  38.5%   158 1613s
 231159 83434   63.00000   57  132   78.00000   48.00000  38.5%   158 1624s
 232687 84101 infeasible   76        78.00000   48.00000  38.5%   158 1635s
 234136 84726     cutoff   66        78.00000   48.00000  38.5%   158 1648s
 235494 85565   74.00000   64   89   78.00000   48.00000  38.5%   158 1662s
 237227 86163   75.00000   82   33   78.00000   48.00000  38.5%   159 1675s
 238674 86949   72.00000   69  205   78.00000   48.00000  38.5%   159 1688s
 240311 87891   71.00000   51  143   78.00000   48.00000  38.5%   159 1701s
 242022 88527   70.00000   61  156   78.00000   48.00000  38.5%   159 1714s
 243747 89258   77.00000   79   75   78.00000   48.00000  38.5%   159 1728s
 245458 90165 infeasible   61        78.00000   48.00000  38.5%   160 1742s
 247233 90977   77.00000   63   71   78.00000   48.00000  38.5%   160 1756s
 248854 91803   75.00000   78   90   78.00000   48.00000  38.5%   160 1769s
 250563 92499   62.00000   42  194   78.00000   48.00000  38.5%   160 1783s
 252140 93388   75.00000   64  106   78.00000   48.00000  38.5%   160 1797s
 254072 94254   74.00000   69  115   78.00000   48.00000  38.5%   160 1812s
 255812 95060   77.00000   82  102   78.00000   48.00000  38.5%   160 1825s
 257415 95792   73.00000   84   78   78.00000   48.00000  38.5%   160 1838s
 259077 96572   48.00000   63  164   78.00000   48.00000  38.5%   160 1850s
 260608 97349     cutoff   77        78.00000   48.00000  38.5%   160 1861s
 262203 98130   76.00000   76  110   78.00000   48.00000  38.5%   161 1873s
 263871 98699   74.00000   77  143   78.00000   48.00000  38.5%   161 1885s
 265416 99376     cutoff   70        78.00000   48.00000  38.5%   161 1897s
 266950 100010   72.00000   81  154   78.00000   48.00000  38.5%   161 1909s
 268490 100783   73.00000   78  118   78.00000   48.00000  38.5%   161 1922s
 270160 101389   67.00000   84  113   78.00000   48.00000  38.5%   161 1935s
 271623 102015     cutoff   85        78.00000   48.00000  38.5%   161 1949s
 273201 102763   66.00000   69  146   78.00000   48.00000  38.5%   161 1962s
 274777 103499     cutoff   95        78.00000   48.00000  38.5%   162 1975s
 276352 104253     cutoff   72        78.00000   48.00000  38.5%   162 1988s
 277855 105022   61.00000   62  153   78.00000   48.00000  38.5%   162 2002s
 279587 105818   69.00000   56  176   78.00000   48.00000  38.5%   162 2015s
 281347 106615     cutoff   87        78.00000   48.00000  38.5%   162 2028s
 282970 107354   77.00000   60  119   78.00000   48.00000  38.5%   162 2042s
 284541 108043   77.00000   70  156   78.00000   48.00000  38.5%   162 2055s
 286009 108674   74.00000   68  133   78.00000   48.00000  38.5%   162 2068s
 287660 109359   77.00000   75   94   78.00000   48.00000  38.5%   162 2079s
 289237 109998   77.00000   72  106   78.00000   48.00000  38.5%   162 2091s
 290858 110714   74.00000   57  132   78.00000   48.00000  38.5%   162 2103s
 292471 111362 infeasible   77        78.00000   48.00000  38.5%   162 2118s
 294069 112101     cutoff   65        78.00000   48.00000  38.5%   162 2131s
 295727 112734     cutoff   90        78.00000   48.00000  38.5%   163 2143s
 297310 113408   48.00000   62  167   78.00000   48.00000  38.5%   163 2155s
 298834 114226     cutoff   82        78.00000   48.00000  38.5%   163 2168s
 300531 115064 infeasible   89        78.00000   48.00000  38.5%   163 2181s
 302170 115818   76.00000   98   51   78.00000   48.00000  38.5%   163 2193s
 303762 116551   60.00000   63  157   78.00000   48.00000  38.5%   163 2206s
 305323 117331 infeasible   68        78.00000   48.00000  38.5%   163 2219s
 306842 117918   77.00000   80   69   78.00000   48.00000  38.5%   163 2232s
 308318 118634 infeasible   77        78.00000   48.00000  38.5%   163 2244s
 309861 119287   48.00000   50  178   78.00000   48.00000  38.5%   164 2257s
 311312 120106   50.00000   53  212   78.00000   48.00000  38.5%   164 2269s
 313027 120942   76.00000   61  119   78.00000   48.00000  38.5%   164 2283s
 314757 121519   76.00000  115  105   78.00000   48.00000  38.5%   164 2296s
 316328 122373   77.00000   82  112   78.00000   48.00000  38.5%   164 2309s
 318072 122923   48.00000   62  194   78.00000   48.00000  38.5%   164 2323s
 319434 123632     cutoff   61        78.00000   48.00000  38.5%   164 2337s
 321123 124501   63.00000   53  131   78.00000   48.00000  38.5%   164 2351s
 322908 125251   56.00000   48  181   78.00000   48.00000  38.5%   164 2365s
 324582 125850   77.00000   52  179   78.00000   48.00000  38.5%   165 2378s
 326070 126589   62.00000   68  181   78.00000   48.00000  38.5%   165 2391s
 327664 127369 infeasible   68        78.00000   48.00000  38.5%   165 2404s
 329274 128241   66.00000   69  190   78.00000   48.00000  38.5%   165 2418s
 330920 128914 infeasible   57        78.00000   48.00000  38.5%   165 2432s
 332444 129517   60.00000   63  138   78.00000   48.00000  38.5%   165 2446s
 333799 130428   73.00000   64  190   78.00000   48.00000  38.5%   165 2460s
 335476 131381   72.00000   58  174   78.00000   48.00000  38.5%   166 2474s
 337250 132249   58.00000   43  182   78.00000   48.00000  38.5%   166 2489s
 339114 132978 infeasible   60        78.00000   48.00000  38.5%   166 2501s
 340655 133592   60.00000   71  143   78.00000   48.00000  38.5%   166 2515s
 342146 134313   77.00000   61  115   78.00000   48.00000  38.5%   166 2529s
 343745 135096   76.00000   82   82   78.00000   48.00000  38.5%   166 2544s
 345448 135927   67.00000   66  139   78.00000   48.00000  38.5%   166 2558s
 347179 136648   74.00000   59  173   78.00000   48.00000  38.5%   166 2572s
 348668 137429   76.00000   42  154   78.00000   48.00000  38.5%   166 2586s
 350179 138253     cutoff   51        78.00000   48.00000  38.5%   166 2599s
 351107 138253   66.00000   56  212   78.00000   48.00000  38.5%   166 2600s
 351740 138962   76.00000   62  138   78.00000   48.00000  38.5%   166 2612s
 353203 139733     cutoff   77        78.00000   48.00000  38.5%   167 2626s
 354828 140727 infeasible   47        78.00000   48.00000  38.5%   167 2640s
 356633 141822 infeasible   60        78.00000   48.00000  38.5%   167 2653s
 358525 142939   69.00000   70  134   78.00000   48.00000  38.5%   167 2667s
 360354 143874   73.00000   56  124   78.00000   48.00000  38.5%   167 2680s
 362155 144504 infeasible   55        78.00000   48.00000  38.5%   167 2692s
 363562 145362     cutoff   61        78.00000   48.00000  38.5%   167 2704s
 365205 146217   77.00000   67  100   78.00000   48.00000  38.5%   167 2717s
 366740 146876   76.00000   67   73   78.00000   48.00000  38.5%   167 2729s
 368230 147716   65.00000   53  123   78.00000   48.00000  38.5%   167 2741s
 369965 148448 infeasible   64        78.00000   48.00000  38.5%   167 2752s
 371562 149127   66.00000   60  125   78.00000   48.00000  38.5%   167 2765s
 373023 149850   69.00000   57  160   78.00000   48.00000  38.5%   167 2777s
 374560 150634   67.00000   46  133   78.00000   48.00000  38.5%   167 2789s
 376108 151374   77.00000   74   69   78.00000   48.00000  38.5%   167 2801s
 377650 152088   74.00000   68  147   78.00000   48.00000  38.5%   167 2813s
 379164 152645     cutoff   82        78.00000   48.00000  38.5%   167 2825s
 380678 153294   72.00000   59  128   78.00000   48.00000  38.5%   167 2839s
 382285 153995   60.00000   56  167   78.00000   48.00000  38.5%   167 2853s
 383782 154837 infeasible   84        78.00000   48.00000  38.5%   167 2866s
 385633 155595 infeasible   67        78.00000   48.00000  38.5%   167 2879s
 387261 156218 infeasible   71        78.00000   48.00000  38.5%   167 2892s
 388726 156880   75.00000   74   60   78.00000   48.00000  38.5%   167 2905s
 390292 157638   72.00000   74  151   78.00000   48.00000  38.5%   167 2917s
 391879 158518   77.00000   77  115   78.00000   48.00000  38.5%   167 2931s
 393526 159218   77.00000   59  109   78.00000   48.00000  38.5%   167 2944s
 395257 159876   77.00000   75   64   78.00000   48.00000  38.5%   167 2957s
 396748 160577     cutoff   85        78.00000   48.00000  38.5%   167 2970s
 398444 161326 infeasible   77        78.00000   48.00000  38.5%   167 2983s
 400096 162052   76.00000   67  108   78.00000   48.00000  38.5%   168 2995s
 401835 162855   75.00000   67  121   78.00000   48.00000  38.5%   168 3007s
 403493 163578     cutoff   82        78.00000   48.00000  38.5%   168 3021s
 405082 164347   74.00000   85  143   78.00000   48.00000  38.5%   168 3033s
 406732 165146   75.00000   60  118   78.00000   48.00000  38.5%   168 3045s
 408385 165791   76.00000   70  107   78.00000   48.00000  38.5%   168 3058s
 409952 166620   65.00000   51  163   78.00000   48.00000  38.5%   168 3071s
 411650 167278   75.00000   67  129   78.00000   48.00000  38.5%   168 3084s
 413170 167922   76.00000   81   87   78.00000   48.00000  38.5%   168 3098s
 414595 168516     cutoff   78        78.00000   48.00000  38.5%   168 3111s
 416106 169109   75.00000   75   97   78.00000   48.00000  38.5%   168 3124s
 417577 169696   77.00000   77  107   78.00000   48.00000  38.5%   168 3136s
 418899 170368 infeasible   80        78.00000   48.00000  38.5%   168 3150s
 420538 171074   71.00000   78  107   78.00000   48.00000  38.5%   168 3162s
 422085 171743 infeasible   83        78.00000   48.00000  38.5%   168 3176s
 423708 172395   77.00000   70  139   78.00000   48.00000  38.5%   168 3190s
 425308 172997   61.00000   53  154   78.00000   48.00000  38.5%   168 3203s
 426704 173621   73.00000   67  114   78.00000   48.00000  38.5%   169 3218s
 428320 174210   72.00000   62  112   78.00000   48.00000  38.5%   169 3233s
 429922 174964   74.00000   67  109   78.00000   48.00000  38.5%   169 3248s
 431650 175721 infeasible   86        78.00000   48.00000  38.5%   169 3264s
 433450 176362   76.00000   74   98   78.00000   48.00000  38.5%   169 3280s
 434880 177135 infeasible   73        78.00000   48.00000  38.5%   169 3296s
 436690 177757   48.00000   64  168   78.00000   48.00000  38.5%   169 3310s
 438390 178413     cutoff   73        78.00000   48.00000  38.5%   169 3325s
 440093 179061     cutoff   86        78.00000   48.00000  38.5%   169 3339s
 441769 179852   76.00000   87   33   78.00000   48.00000  38.5%   169 3352s
 443522 180456   77.00000   75  117   78.00000   48.00000  38.5%   169 3365s
 445163 181182     cutoff   84        78.00000   48.00000  38.5%   169 3378s
 446814 181804   68.00000   72  134   78.00000   48.00000  38.5%   170 3390s
 448365 182438 infeasible   70        78.00000   48.00000  38.5%   170 3404s
 449911 183136   48.00000   48  231   78.00000   48.00000  38.5%   170 3417s
 451548 183675   77.00000   58  214   78.00000   48.00000  38.5%   170 3429s
 453067 184336   76.00000   63  117   78.00000   48.00000  38.5%   170 3444s
 454736 184946   69.00000   67  132   78.00000   48.00000  38.5%   170 3458s
 456108 185687   77.00000   71  132   78.00000   48.00000  38.5%   170 3474s
 457853 186384   72.00000   65  143   78.00000   48.00000  38.5%   170 3490s
 459547 187127 infeasible   63        78.00000   48.00000  38.5%   170 3504s
 461241 187806   76.00000   76   59   78.00000   48.00000  38.5%   170 3517s
 462747 188631     cutoff   70        78.00000   48.00000  38.5%   170 3531s
 464588 189250   68.00000   54  174   78.00000   48.00000  38.5%   170 3546s
 466123 190005   61.00000   48  144   78.00000   48.00000  38.5%   170 3558s
 467790 190661   61.00000   56  136   78.00000   48.00000  38.5%   170 3571s
 469302 191306   76.00000   76   90   78.00000   48.00000  38.5%   170 3584s
 470924 191957 infeasible   70        78.00000   48.00000  38.5%   170 3597s
 472558 192090   74.00000   54  136   78.00000   48.00000  38.5%   171 3600s

Explored 472976 nodes (80667249 simplex iterations) in 3600.06 seconds (2206.99 work units)
Thread count was 32 (of 32 available processors)

Solution count 10: 78 79 80 ... 87

Time limit reached
Best objective 7.800000000000e+01, best bound 4.800000000000e+01, gap 38.4615%
