
Gurobi 13.0.0 (linux64) logging started Mon Nov 24 13:08:24 2025

Set parameter LogFile to value "./Results/StripPacking-CutHeur/Logs/SBL-111-StripPacking-15-0.log"
Set parameter TimeLimit to value 3600
Set parameter Cuts to value 1
Set parameter Presolve to value 1
Set parameter Heuristics to value 1
Set parameter LogToConsole to value 0
Set parameter LPWarmStart to value 2
Gurobi Optimizer version 13.0.0 build v13.0.0rc1 (linux64 - "Debian GNU/Linux 12 (bookworm)")

CPU model: Intel(R) Xeon(R) CPU E5-2630 v3 @ 2.40GHz, instruction set [SSE2|AVX|AVX2]
Thread count: 16 physical cores, 32 logical processors, using up to 32 threads

Non-default parameters:
TimeLimit  3600
LPWarmStart  2
Heuristics  1
Cuts  1
LogToConsole  0
Presolve  1

Optimize a model with 1275 rows, 241 columns and 4230 nonzeros (Min)
Model fingerprint: 0xaf25fd54
Model has 1 linear objective coefficients
Variable types: 31 continuous, 210 integer (210 binary)
Coefficient statistics:
  Matrix range     [1e+00, 1e+04]
  Objective range  [1e+00, 1e+00]
  Bounds range     [1e+00, 1e+04]
  RHS range        [5e-01, 1e+04]

Warning: Completing partial solution with 210 unfixed non-continuous variables out of 210
User MIP start produced solution with objective 62.1 (0.00s)
User MIP start produced solution with objective 62.1 (0.00s)
Loaded user MIP start with objective 62.1

Presolve removed 210 rows and 0 columns
Presolve time: 0.00s
Presolved: 1065 rows, 241 columns, 3600 nonzeros
Variable types: 31 continuous, 210 integer (210 binary)

Root relaxation: objective 3.200000e+01, 129 iterations, 0.00 seconds (0.00 work units)

    Nodes    |    Current Node    |     Objective Bounds      |     Work
 Expl Unexpl |  Obj  Depth IntInf | Incumbent    BestBd   Gap | It/Node Time

     0     0   32.00000    0   24   62.10000   32.00000  48.5%     -    0s
H    0     0                      62.0000000   32.00000  48.4%     -    0s
     0     0   32.00000    0   35   62.00000   32.00000  48.4%     -    0s
H    0     0                      61.0000000   32.00000  47.5%     -    0s
     0     0   32.00000    0   32   61.00000   32.00000  47.5%     -    0s
     0     0   32.00000    0   38   61.00000   32.00000  47.5%     -    0s
     0     0   32.00000    0   18   61.00000   32.00000  47.5%     -    0s
H    0     0                      60.0000000   32.00000  46.7%     -    0s
     0     0   32.00000    0   24   60.00000   32.00000  46.7%     -    0s
H    0     0                      59.0000000   32.00000  45.8%     -    0s
     0     0   32.00000    0   45   59.00000   32.00000  45.8%     -    0s
     0     0   32.00000    0   22   59.00000   32.00000  45.8%     -    0s
     0     0   32.00000    0   27   59.00000   32.00000  45.8%     -    0s
     0     0   32.00000    0   37   59.00000   32.00000  45.8%     -    0s
     0     0   32.00000    0   21   59.00000   32.00000  45.8%     -    0s
H    0     0                      58.0000000   32.00000  44.8%     -    0s
     0     0   32.00000    0   34   58.00000   32.00000  44.8%     -    0s
     0     0   32.00000    0   32   58.00000   32.00000  44.8%     -    0s
     0     0   32.00000    0   23   58.00000   32.00000  44.8%     -    0s
     0     0   32.00000    0   23   58.00000   32.00000  44.8%     -    0s
     0     0   32.00000    0   21   58.00000   32.00000  44.8%     -    0s
     0     2   32.00000    0   20   58.00000   32.00000  44.8%     -    0s
H   56   127                      54.0000000   32.00000  40.7%  35.9    0s
H  326   348                      54.0000000   32.00000  40.7%  21.4    0s
H  473   526                      52.0000000   32.00000  38.5%  18.1    0s
H  744   647                      52.0000000   32.00000  38.5%  16.5    1s
H  751   647                      50.0000000   32.00000  36.0%  16.6    1s
H  895   841                      49.0000000   32.00000  34.7%  16.0    1s
H 1407   932                      49.0000000   32.00000  34.7%  14.8    1s
  3088  1861   32.00000   15   37   49.00000   32.00000  34.7%  15.9    5s
* 4104  2166              39      48.0000000   32.00000  33.3%  21.1    9s
* 4756  2253              40      47.0000000   32.00000  31.9%  22.5    9s
  5045  2143     cutoff   51        47.00000   32.00000  31.9%  22.6   10s
  6434  2241   45.00000   39   17   47.00000   32.00000  31.9%  26.0   15s
* 7361  1897              46      46.0000000   32.00000  30.4%  27.4   18s
  7892  1793   45.00000   27   16   46.00000   32.00000  30.4%  28.4   20s
  8604  2041   32.00000   19   59   46.00000   32.00000  30.4%  29.6   25s
H 9482  2332                      46.0000000   32.00000  30.4%  30.3   28s
  9794  2458   45.00000   25   19   46.00000   32.00000  30.4%  30.5   30s
 10748  2752     cutoff   24        46.00000   32.00000  30.4%  31.3   35s
 11348  2926   45.00000   32   17   46.00000   32.00000  30.4%  31.4   40s
 11920  3101   45.00000   35   14   46.00000   32.00000  30.4%  31.6   45s
 12146  3169 infeasible   38        46.00000   32.00000  30.4%  31.6   50s
 12684  3350   34.00000   24   28   46.00000   32.00000  30.4%  31.7   55s
 12918  3416   42.00000   26   20   46.00000   32.00000  30.4%  31.6   60s
 13147  3495   42.00000   30   25   46.00000   32.00000  30.4%  31.5   65s
 13607  3665 infeasible   33        46.00000   32.00000  30.4%  31.6   70s
 14634  4065   38.00000   27   33   46.00000   32.00000  30.4%  31.9   75s
 15648  4279   38.00000   30   27   46.00000   32.00000  30.4%  31.9   81s
 16325  4559   41.00000   29   40   46.00000   32.00000  30.4%  31.8   85s
 18179  4958   45.00000   35   23   46.00000   32.00000  30.4%  31.8   90s
 18434  5133 infeasible   38        46.00000   32.00000  30.4%  31.7   96s
 18965  5240     cutoff   40        46.00000   32.00000  30.4%  31.7  100s
 19396  5565   40.00000   26   16   46.00000   32.00000  30.4%  31.8  106s
 20946  5971   40.00000   28   16   46.00000   32.00000  30.4%  31.8  111s
 22567  6102   38.00000   25   27   46.00000   32.00000  30.4%  31.8  117s
 22695  6132 infeasible   29        46.00000   32.00000  30.4%  31.8  122s
 22782  6172   38.00000   29   20   46.00000   32.00000  30.4%  31.8  127s
 22827  6196   38.00000   30   17   46.00000   32.00000  30.4%  31.8  131s
 22867  6213   38.00000   31   22   46.00000   32.00000  30.4%  31.8  135s
 22963  6252 infeasible   31        46.00000   32.00000  30.4%  31.7  143s
 23024  6262   38.00000   32   28   46.00000   32.00000  30.4%  31.7  146s
 23231  6332 infeasible   34        46.00000   32.00000  30.4%  31.8  153s
 23281  6469   43.00000   34   27   46.00000   32.00000  30.4%  31.8  156s
 23844  6562   43.00000   35   32   46.00000   32.00000  30.4%  31.7  162s
 23886  6699 infeasible   36        46.00000   32.00000  30.4%  31.8  166s
 24231  6800   43.00000   36   27   46.00000   32.00000  30.4%  31.7  172s
 24479  7107   43.00000   37   25   46.00000   32.00000  30.4%  31.7  176s
 25935  7126   45.00000   28   14   46.00000   32.00000  30.4%  31.7  180s
 26044  7135   45.00000   29   15   46.00000   32.00000  30.4%  31.7  186s
 26097  7221     cutoff   30        46.00000   32.00000  30.4%  31.7  190s
 26311  7405   45.00000   31   16   46.00000   32.00000  30.4%  31.7  195s
 29878  8079 infeasible   26        46.00000   32.00000  30.4%  31.4  204s
 29924  9192 infeasible   25        46.00000   32.00000  30.4%  31.5  225s
*34920  5275              39      45.0000000   32.58693  27.6%  31.5  226s
 35300  5114   39.00000   32   34   45.00000   34.00000  24.4%  31.5  231s
 38530  5212 infeasible   39        45.00000   34.00000  24.4%  31.5  235s
 39964  5241     cutoff   30        45.00000   34.00000  24.4%  31.8  240s
 40920  5326     cutoff   36        45.00000   34.00000  24.4%  32.0  250s
 41770  5332 infeasible   36        45.00000   34.00000  24.4%  32.2  255s
 41826  5429   39.00000   25   42   45.00000   34.00000  24.4%  32.2  260s
H42540  5422                      45.0000000   34.00000  24.4%  32.3  260s
 43035  5444 infeasible   29        45.00000   34.00000  24.4%  32.3  267s
 45233  5550 infeasible   29        45.00000   34.00000  24.4%  32.3  273s
 50413  5554     cutoff   28        45.00000   34.00000  24.4%  32.5  278s
 50472  5560     cutoff   26        45.00000   34.00000  24.4%  32.5  283s
 50528  5562   43.00000   27   28   45.00000   34.00000  24.4%  32.5  287s
 50589  5482   43.00000   28   31   45.00000   34.00000  24.4%  32.5  292s
 52066  5353   39.00000   22   45   45.00000   34.00000  24.4%  32.5  297s
 55307  5353   39.00000   40   17   45.00000   34.00000  24.4%  32.6  303s
 55366  5353 infeasible   41        45.00000   34.00000  24.4%  32.6  308s
 55435  5353   34.00000   25   32   45.00000   34.00000  24.4%  32.6  313s
 55499  5354   37.00000   26   25   45.00000   34.00000  24.4%  32.6  320s
 55571  5361 infeasible   27        45.00000   34.00000  24.4%  32.6  327s
 55628  5359   43.00000   27   14   45.00000   34.00000  24.4%  32.6  333s
 55725  5388     cutoff   28        45.00000   34.00000  24.4%  32.6  339s
 55954  5391 infeasible   29        45.00000   34.00000  24.4%  32.6  345s
 56009  5646   38.00000   26   23   45.00000   34.00000  24.4%  32.6  351s
 56781  5662 infeasible   32        45.00000   34.00000  24.4%  32.5  357s
 57439  5635   43.00000   30   23   45.00000   36.00000  20.0%  32.5  365s
 58457  5482 infeasible   31        45.00000   36.00000  20.0%  32.5  373s
 63357  5470   43.00000   31   28   45.00000   36.00000  20.0%  32.5  380s
 63418  5490   43.00000   32   25   45.00000   36.00000  20.0%  32.5  387s
 63982  5360     cutoff   33        45.00000   36.00000  20.0%  32.5  395s
 66296  5437   38.00000   25   27   45.00000   36.00000  20.0%  32.5  403s
 66759  5446   38.00000   41   28   45.00000   36.00000  20.0%  32.5  416s
 66811  6125     cutoff   42        45.00000   36.00000  20.0%  32.5  464s
 79579  5070   41.00000   32   15   45.00000   37.00000  17.8%  32.0  474s
 94340  5081     cutoff   31        45.00000   39.00000  13.3%  31.8  480s
 94450  5083     cutoff   28        45.00000   39.00000  13.3%  31.8  489s
 94514  5080   41.00000   29   12   45.00000   39.00000  13.3%  31.8  495s
 94578  5075 infeasible   30        45.00000   39.00000  13.3%  31.8  500s
 94647  5075     cutoff   31        45.00000   39.00000  13.3%  31.8  505s
 94728  5067 infeasible   32        45.00000   39.00000  13.3%  31.8  511s
 94797  5068   43.00000   33   10   45.00000   39.00000  13.3%  31.8  516s
 95548  5050   43.00000   27   21   45.00000   39.00000  13.3%  31.8  524s
 95970  5035 infeasible   28        45.00000   40.00000  11.1%  31.7  531s
 96188  5017   43.00000   29   27   45.00000   40.00000  11.1%  31.7  540s
 96512  5011   43.00000   30   12   45.00000   40.00000  11.1%  31.7  549s
 96533  5011 infeasible   36        45.00000   40.00000  11.1%  31.7  550s
 96615  5008 infeasible   31        45.00000   40.00000  11.1%  31.7  558s
 96686  5003 infeasible   28        45.00000   40.00000  11.1%  31.7  565s
 96867  4979     cutoff   25        45.00000   40.00000  11.1%  31.7  573s
 98338  4794 infeasible   26        45.00000   40.00000  11.1%  31.6  582s
 104824  4799   43.00000   36   22   45.00000   40.00000  11.1%  31.2  590s
 104881  4789   43.00000   37   21   45.00000   40.00000  11.1%  31.1  597s
 105171  4766 infeasible   37        45.00000   40.00000  11.1%  31.1  606s
 105382  4677 infeasible   34        45.00000   40.00000  11.1%  31.1  617s
 106824  4590 infeasible   25        45.00000   40.00000  11.1%  31.0  626s
 108124  4492 infeasible   30        45.00000   40.00000  11.1%  31.0  636s
 111047  4251   43.00000   40   16   45.00000   41.00000  8.89%  30.9  646s
 118420  4037   41.00000   31   24   45.00000   41.00000  8.89%  30.5  654s
 122628  4046   41.00000   26   23   45.00000   41.00000  8.89%  30.4  661s
 122680  4057   41.00000   27   21   45.00000   41.00000  8.89%  30.4  668s
 122734  3876   41.00000   28   27   45.00000   41.00000  8.89%  30.4  683s
 126318  3491   43.00000   29   19   45.00000   41.00000  8.89%  30.3  698s
 136635  3284 infeasible   34        45.00000   41.00000  8.89%  30.1  705s
 138958  3278 infeasible   43        45.00000   41.00000  8.89%  30.1  712s
 139024  3270   41.00000   31   30   45.00000   41.00000  8.89%  30.1  719s
 139108  3265   41.00000   32   29   45.00000   41.00000  8.89%  30.1  726s
 139186  3243   41.00000   34   23   45.00000   41.00000  8.89%  30.1  734s
 139617  3166 infeasible   35        45.00000   41.00000  8.89%  30.1  744s
 140331  3051   41.00000   34   37   45.00000   41.00000  8.89%  30.1  754s
 141655  3046 infeasible   35        45.00000   41.00000  8.89%  30.0  765s
 141772  3234   41.00000   29   13   45.00000   41.00000  8.89%  30.0  776s
 143081  2921     cutoff   30        45.00000   41.00000  8.89%  29.9  788s
 145284  2488 infeasible   34        45.00000   41.00000  8.89%  29.9  800s
 149593  2282   43.00000   39   15   45.00000   41.00000  8.89%  29.8  811s
 150804  2268     cutoff   36        45.00000   41.00000  8.89%  29.7  822s
 150869  2272   43.00000   37   25   45.00000   41.00000  8.89%  29.7  838s
 150926  2350   43.00000   37   29   45.00000   41.00000  8.89%  29.7  852s
 152074  2408 infeasible   44        45.00000   42.00000  6.67%  29.7  868s
 153539   509   44.00000   44   17   45.00000   42.00000  6.67%  29.6  898s
 178306   484     cutoff   43        45.00000   43.00000  4.44%  28.8  904s
 178386   494 infeasible   36        45.00000   43.00000  4.44%  28.8  909s
 178436   496 infeasible   37        45.00000   43.00000  4.44%  28.8  915s
 178492   502   43.00000   37   22   45.00000   43.00000  4.44%  28.8  922s
 178548   494   43.00000   38   21   45.00000   43.00000  4.44%  28.8  930s
 178616   496   43.00000   39   22   45.00000   43.00000  4.44%  28.8  939s
 178674   499   43.00000   40   23   45.00000   43.00000  4.44%  28.8  947s
 178731   502   43.00000   41   21   45.00000   43.00000  4.44%  28.8  953s
 178789   516   43.00000   42   21   45.00000   43.00000  4.44%  28.8  959s
 178837   521 infeasible   43        45.00000   43.00000  4.44%  28.8  965s
 179196   561   43.00000   43   26   45.00000   43.00000  4.44%  28.8  972s
 179790   579   43.00000   51   19   45.00000   43.00000  4.44%  28.8  979s
 181254    46   43.00000   51   17   45.00000   43.00000  4.44%  28.7  988s
 183801    20 infeasible   43        45.00000   43.00000  4.44%  28.7  994s
 184013     2 infeasible   43        45.00000   43.00000  4.44%  28.7  999s
 184045     0   43.00000   31   18   45.00000   43.00000  4.44%  28.7 1001s

Cutting planes:
  Learned: 6078
  Gomory: 6
  Cover: 85
  Implied bound: 2
  MIR: 92
  StrongCG: 6
  Flow cover: 258
  Inf proof: 4
  RLT: 39

Explored 184050 nodes (5277196 simplex iterations) in 1001.52 seconds (330.17 work units)
Thread count was 32 (of 32 available processors)

Solution count 10: 45 45 45 ... 50

Optimal solution found (tolerance 1.00e-04)
Best objective 4.500000000000e+01, best bound 4.500000000000e+01, gap 0.0000%
