
Gurobi 13.0.0 (linux64) logging started Tue Nov 25 18:00:40 2025

Set parameter LogFile to value "./Results/StripPacking-CutHeur/Logs/SBL-010-StripPacking-35-0.log"
Set parameter TimeLimit to value 3600
Set parameter Cuts to value 0
Set parameter Presolve to value 1
Set parameter Heuristics to value 0
Set parameter LogToConsole to value 0
Set parameter LPWarmStart to value 2
Gurobi Optimizer version 13.0.0 build v13.0.0rc1 (linux64 - "Debian GNU/Linux 12 (bookworm)")

CPU model: Intel(R) Xeon(R) CPU E5-2630 v3 @ 2.40GHz, instruction set [SSE2|AVX|AVX2]
Thread count: 16 physical cores, 32 logical processors, using up to 32 threads

Non-default parameters:
TimeLimit  3600
LPWarmStart  2
Heuristics  0
Cuts  0
LogToConsole  0
Presolve  1

Optimize a model with 7175 rows, 1261 columns and 23870 nonzeros (Min)
Model fingerprint: 0x8ffd4b99
Model has 1 linear objective coefficients
Variable types: 71 continuous, 1190 integer (1190 binary)
Coefficient statistics:
  Matrix range     [1e+00, 1e+04]
  Objective range  [1e+00, 1e+00]
  Bounds range     [1e+00, 1e+04]
  RHS range        [5e-01, 1e+04]

Warning: Completing partial solution with 1190 unfixed non-continuous variables out of 1190
User MIP start produced solution with objective 143.9 (0.01s)
Loaded user MIP start with objective 143.9

Presolve removed 1190 rows and 0 columns
Presolve time: 0.03s
Presolved: 5985 rows, 1261 columns, 20300 nonzeros
Variable types: 71 continuous, 1190 integer (1190 binary)

Root relaxation: objective 4.800000e+01, 959 iterations, 0.07 seconds (0.05 work units)

    Nodes    |    Current Node    |     Objective Bounds      |     Work
 Expl Unexpl |  Obj  Depth IntInf | Incumbent    BestBd   Gap | It/Node Time

     0     0   48.00000    0   77  143.90000   48.00000  66.6%     -    0s
     0     0   48.00000    0   77  143.90000   48.00000  66.6%     -    0s
     0     0   48.00000    0   77  143.90000   48.00000  66.6%     -    0s
     0     2   48.00000    0   77  143.90000   48.00000  66.6%     -    0s
* 4493  5058             264     142.0000000   48.00000  66.2%  21.3    2s
* 4698  5049             303     141.0000000   48.00000  66.0%  20.7    2s
* 4917  5010             293     139.0000000   48.00000  65.5%  20.7    2s
  7715  7667   48.00000   41   90  139.00000   48.00000  65.5%  22.1    5s
*12121 10020             229     131.0000000   48.00000  63.4%  27.6    8s
*13508  9895             249     130.0000000   48.00000  63.1%  27.4    9s
 14001 10576  128.00000  255    7  130.00000   48.00000  63.1%  27.6   10s
*14140 10104             270     127.0000000   48.00000  62.2%  27.6   10s
*14341  9590             274     123.0000000   48.00000  61.0%  27.5   10s
*16949  9905             213     122.0000000   48.00000  60.7%  26.8   11s
*17759  9940             199     121.0000000   48.00000  60.3%  26.7   11s
*20439 10164             201     120.0000000   48.00000  60.0%  27.3   12s
*21532 10629             185     119.0000000   48.00000  59.7%  27.4   13s
 23116 12493  114.00000  150   51  119.00000   48.00000  59.7%  27.6   15s
*23953 12890             224     118.0000000   48.00000  59.3%  27.7   15s
*27639 15275             224     117.0000000   48.00000  59.0%  27.5   17s
 33463 20010   93.00000  162   76  117.00000   48.00000  59.0%  27.0   20s
*43429 26414             196     116.0000000   48.00000  58.6%  25.9   24s
 46053 28535  115.00000  135   43  116.00000   48.00000  58.6%  25.9   25s
*53958 33620             206     115.0000000   48.00000  58.3%  25.9   29s
 55739 34710 infeasible  244       115.00000   48.00000  58.3%  25.7   30s
*66772 40854             234     114.0000000   48.00000  57.9%  26.0   34s
 66860 41796  112.00000  148   52  114.00000   48.00000  57.9%  26.0   35s
*68094 40667             253     113.0000000   48.00000  57.5%  26.0   36s
*71910 40386             186     111.0000000   48.00000  56.8%  26.0   38s
 76124 44001  110.00000  105   46  111.00000   48.00000  56.8%  26.0   40s
*77089 41280             241     109.0000000   48.00000  56.0%  26.0   40s
 85195 48247   66.00000   41   99  109.00000   48.00000  56.0%  26.2   45s
 95226 56208   58.00000   57  103  109.00000   48.00000  56.0%  26.4   50s
*103207 56414             217     108.0000000   48.00000  55.6%  26.2   53s
 105640 58897   98.00000  105   66  108.00000   48.00000  55.6%  26.1   55s
 116997 67748   80.00000   76   84  108.00000   48.00000  55.6%  26.2   60s
*124075 67280             278     107.0000000   48.00000  55.1%  26.5   64s
 126413 69927 infeasible  132       107.00000   48.00000  55.1%  26.5   65s
 136338 77551   62.00000   52   68  107.00000   48.00000  55.1%  26.4   70s
 146073 85214  101.00000   98   75  107.00000   48.00000  55.1%  26.3   75s
 157818 94270   88.00000  102   72  107.00000   48.00000  55.1%  26.0   80s
 168658 103007  106.00000  148   39  107.00000   48.00000  55.1%  25.9   85s
 179266 111107   82.00000  171   97  107.00000   48.00000  55.1%  25.9   90s
 189974 119276  106.00000  178   13  107.00000   48.00000  55.1%  25.8   95s
 200977 127746 infeasible  182       107.00000   48.00000  55.1%  25.8  100s
 209585 134282  102.00000  106   74  107.00000   48.00000  55.1%  25.9  105s
 220089 142415     cutoff  125       107.00000   48.00000  55.1%  26.0  110s
 230956 150787  100.00000  174   31  107.00000   48.00000  55.1%  26.0  115s
 240938 158240  102.00000  105   84  107.00000   48.00000  55.1%  26.0  120s
*241684 141167             208     106.0000000   48.00000  54.7%  26.0  120s
 251260 148488   88.00000  128   77  106.00000   48.00000  54.7%  26.0  125s
 260844 156177   89.00000   73   69  106.00000   48.00000  54.7%  26.1  130s
 270856 163816   79.00000  120  104  106.00000   48.00000  54.7%  26.1  135s
 280563 171158   99.00000  150   72  106.00000   48.00000  54.7%  26.1  140s
*282727 147790             215     104.0000000   48.00000  53.8%  26.1  141s
 289411 153403  103.00000  137   34  104.00000   48.00000  53.8%  26.2  145s
 297906 159584   70.00000   64  125  104.00000   48.00000  53.8%  26.2  150s
 307493 166729   96.00000  120   82  104.00000   48.00000  53.8%  26.3  155s
 314756 172599   72.00000  112  113  104.00000   48.00000  53.8%  26.4  160s
 324796 179903   62.00000   78  132  104.00000   48.00000  53.8%  26.5  165s
 335361 187521   60.00000   75   79  104.00000   48.00000  53.8%  26.4  170s
 346263 196106   71.00000   56   70  104.00000   48.00000  53.8%  26.4  175s
 355527 203718   75.00000  107   80  104.00000   48.00000  53.8%  26.5  180s
 365578 211110 infeasible  174       104.00000   48.00000  53.8%  26.4  185s
 375345 218508  103.00000  139   65  104.00000   48.00000  53.8%  26.4  190s
 386600 226961   85.00000  100   69  104.00000   48.00000  53.8%  26.3  195s
 396281 233858   98.00000  121   70  104.00000   48.00000  53.8%  26.3  200s
 404014 240154  100.00000  198    9  104.00000   48.00000  53.8%  26.4  205s
*406093 217414             195     103.0000000   48.00000  53.4%  26.4  206s
 414306 223796   93.00000   73   65  103.00000   48.00000  53.4%  26.4  210s
 424602 231383  101.00000   87   75  103.00000   48.00000  53.4%  26.4  215s
 436525 240235 infeasible  132       103.00000   48.00000  53.4%  26.3  220s
 446405 247994 infeasible  136       103.00000   48.00000  53.4%  26.3  225s
 455632 255129   60.00000   72  105  103.00000   48.00000  53.4%  26.3  230s
 463823 261406  102.00000  104   68  103.00000   48.00000  53.4%  26.4  235s
 473693 268794  102.00000  138   72  103.00000   48.00000  53.4%  26.4  240s
 483947 276443   55.00000   76  144  103.00000   48.00000  53.4%  26.4  245s
 493682 283978   99.00000  250   43  103.00000   48.00000  53.4%  26.4  250s
 504874 292166   66.00000   82  112  103.00000   48.00000  53.4%  26.4  255s
 514072 299161 infeasible   97       103.00000   48.00000  53.4%  26.4  260s
 523733 305971     cutoff  107       103.00000   48.00000  53.4%  26.4  265s
 533311 313258 infeasible  101       103.00000   48.00000  53.4%  26.4  270s
 543261 320724   76.00000   86   82  103.00000   48.00000  53.4%  26.5  275s
 553119 328011   86.00000  100   79  103.00000   48.00000  53.4%  26.5  280s
 562879 335029   72.00000   67  102  103.00000   48.00000  53.4%  26.4  285s
 574215 343450  100.00000   84   75  103.00000   48.00000  53.4%  26.4  290s
 584022 350452   96.00000  162   64  103.00000   48.00000  53.4%  26.4  295s
 595256 358802  100.00000  115  102  103.00000   48.00000  53.4%  26.4  300s
 604469 365764   91.00000  189   57  103.00000   48.00000  53.4%  26.4  305s
 614468 372941  102.00000  152   28  103.00000   48.00000  53.4%  26.4  310s
 624300 380359  100.00000  159   56  103.00000   48.00000  53.4%  26.4  315s
 635732 389142  100.00000  115   91  103.00000   48.00000  53.4%  26.3  320s
*638299 344691             221     102.0000000   48.00000  52.9%  26.3  321s
 643881 349607   86.00000   66  105  102.00000   48.00000  52.9%  26.3  325s
 654040 356792 infeasible  137       102.00000   48.00000  52.9%  26.3  330s
 665705 365422   94.00000  146   65  102.00000   48.00000  52.9%  26.3  335s
 674954 372386   99.00000   95   90  102.00000   48.00000  52.9%  26.3  340s
 684721 379776   95.00000  105   95  102.00000   48.00000  52.9%  26.3  345s
 694556 386755   91.00000  123   76  102.00000   48.00000  52.9%  26.3  350s
 706076 395018   66.00000   96  129  102.00000   48.00000  52.9%  26.3  355s
 716234 402426  101.00000  159   30  102.00000   48.00000  52.9%  26.3  360s
 726081 409278   89.00000   64   81  102.00000   48.00000  52.9%  26.3  365s
 735654 416534  100.00000  201   40  102.00000   48.00000  52.9%  26.3  370s
 745488 423792   85.00000   78  106  102.00000   48.00000  52.9%  26.4  375s
 755338 431208   99.00000  116   58  102.00000   48.00000  52.9%  26.4  380s
 766063 438770 infeasible  171       102.00000   48.00000  52.9%  26.4  385s
 775922 445749   75.00000   90   94  102.00000   48.00000  52.9%  26.3  390s
 785597 452734   87.00000   83   74  102.00000   48.00000  52.9%  26.3  395s
 795151 459945  100.00000  125   67  102.00000   48.00000  52.9%  26.4  400s
 804986 467153  101.00000   94   54  102.00000   48.00000  52.9%  26.4  405s
 816125 475141 infeasible  145       102.00000   48.00000  52.9%  26.4  410s
 826229 482650  101.00000  153   54  102.00000   48.00000  52.9%  26.4  415s
 837665 491195   69.00000   85   93  102.00000   48.00000  52.9%  26.4  420s
 847252 497734   65.00000   69   93  102.00000   48.00000  52.9%  26.4  425s
 854979 504025 infeasible  148       102.00000   48.00000  52.9%  26.4  430s
 865641 511664   98.00000  136   49  102.00000   48.00000  52.9%  26.4  435s
 876910 520073  100.00000  113   66  102.00000   48.00000  52.9%  26.4  440s
 886331 527437 infeasible   90       102.00000   48.00000  52.9%  26.4  445s
 896042 534669   97.00000  102   88  102.00000   48.00000  52.9%  26.4  450s
 905729 541396  101.00000  122   86  102.00000   48.00000  52.9%  26.4  455s
 917088 549633   97.00000  184   63  102.00000   48.00000  52.9%  26.4  460s
 926515 556885   95.00000  221   61  102.00000   48.00000  52.9%  26.4  465s
 936921 564534  100.00000  137   58  102.00000   48.00000  52.9%  26.4  470s
 946532 571172   96.00000   98   71  102.00000   48.00000  52.9%  26.4  475s
 955508 578363   71.00000  105   95  102.00000   48.00000  52.9%  26.4  480s
 963598 584689  101.00000  128   74  102.00000   48.00000  52.9%  26.5  485s
 974055 592322  100.00000  211   36  102.00000   48.00000  52.9%  26.4  490s
 985724 600631   61.00000   86  151  102.00000   48.00000  52.9%  26.4  495s
 995355 608018   97.00000  146   65  102.00000   48.00000  52.9%  26.4  500s
 1005071 614974  100.00000  157   72  102.00000   48.00000  52.9%  26.4  505s
 1015161 622109   96.00000  137   63  102.00000   48.00000  52.9%  26.4  510s
 1024678 628814   48.00000   24  100  102.00000   48.00000  52.9%  26.4  515s
 1035091 636322   89.00000   86  101  102.00000   48.00000  52.9%  26.4  520s
 1046302 644736   96.00000   99   73  102.00000   48.00000  52.9%  26.4  525s
 1054870 651088   68.00000   78  142  102.00000   48.00000  52.9%  26.4  530s
 1064614 658463   85.00000  134   75  102.00000   48.00000  52.9%  26.4  535s
 1075777 666585  100.00000  114   57  102.00000   48.00000  52.9%  26.4  540s
 1085933 673917  100.00000  122   56  102.00000   48.00000  52.9%  26.4  545s
 1095650 681039  101.00000  144   50  102.00000   48.00000  52.9%  26.4  550s
 1105025 688213  101.00000  153   85  102.00000   48.00000  52.9%  26.4  555s
 1114519 695671  101.00000  153   83  102.00000   48.00000  52.9%  26.4  560s
 1126297 703798  101.00000  115   74  102.00000   48.00000  52.9%  26.4  565s
 1136173 711256   64.00000   60  113  102.00000   48.00000  52.9%  26.4  570s
*1137163 619977             201     101.0000000   48.00000  52.5%  26.4  570s
 1145872 627265   72.00000   78   57  101.00000   48.00000  52.5%  26.4  575s
 1154093 633570   98.00000   93   60  101.00000   48.00000  52.5%  26.4  580s
 1163818 640909   81.00000   78  132  101.00000   48.00000  52.5%  26.4  585s
 1173392 648666   82.00000  129   74  101.00000   48.00000  52.5%  26.4  590s
 1181639 654796   99.00000  166   62  101.00000   48.00000  52.5%  26.4  595s
 1191390 662555   48.00000   59  155  101.00000   48.00000  52.5%  26.4  600s
 1199947 668724 infeasible  146       101.00000   48.00000  52.5%  26.4  605s
 1210140 676296   80.00000  108   98  101.00000   48.00000  52.5%  26.4  610s
 1221786 685034   80.00000  129   85  101.00000   48.00000  52.5%  26.4  615s
 1231204 691864  100.00000  133   72  101.00000   48.00000  52.5%  26.4  620s
 1239350 697901   97.00000  156   48  101.00000   48.00000  52.5%  26.4  625s
 1249019 704825  100.00000  126   54  101.00000   48.00000  52.5%  26.4  630s
 1258934 712464   88.00000  169   56  101.00000   48.00000  52.5%  26.4  635s
 1270257 720896  100.00000  188   45  101.00000   48.00000  52.5%  26.4  640s
 1279733 728031   76.00000   84  118  101.00000   48.00000  52.5%  26.4  645s
 1289503 735190  100.00000   95   90  101.00000   48.00000  52.5%  26.4  650s
 1298923 742192   92.00000  112   67  101.00000   48.00000  52.5%  26.4  655s
*1302536 665077             217     100.0000000   48.00000  52.0%  26.4  657s
 1308886 669800   65.00000   75  107  100.00000   48.00000  52.0%  26.4  660s
 1318965 676919   48.00000   60  139  100.00000   48.00000  52.0%  26.4  665s
 1328762 684150   93.00000  132   77  100.00000   48.00000  52.0%  26.4  670s
 1338329 691438   98.00000  119   68  100.00000   48.00000  52.0%  26.4  675s
 1348138 698643   72.00000   80  103  100.00000   48.00000  52.0%  26.4  680s
 1357935 705992   74.00000  103  103  100.00000   48.00000  52.0%  26.4  685s
 1366548 712388   98.00000  142   77  100.00000   48.00000  52.0%  26.4  690s
 1376333 719456   99.00000  185   56  100.00000   48.00000  52.0%  26.4  695s
 1385981 726563   92.00000  113   76  100.00000   48.00000  52.0%  26.4  700s
 1395527 733682   99.00000  132   55  100.00000   48.00000  52.0%  26.4  705s
 1405392 741327   72.00000  129   93  100.00000   48.00000  52.0%  26.4  710s
 1415297 748772   95.00000  145   79  100.00000   48.00000  52.0%  26.4  715s
 1423174 754521   80.00000  100   78  100.00000   48.00000  52.0%  26.4  720s
 1433231 761755   99.00000  161   62  100.00000   48.00000  52.0%  26.4  725s
 1442771 769309   71.00000  127   99  100.00000   48.00000  52.0%  26.5  730s
 1452090 776484   95.00000   98  107  100.00000   48.00000  52.0%  26.5  735s
 1462470 784033   95.00000  162   74  100.00000   48.00000  52.0%  26.5  740s
 1470695 790706   83.00000  169   64  100.00000   48.00000  52.0%  26.5  745s
 1480401 797933   96.00000   95   78  100.00000   48.00000  52.0%  26.5  750s
 1490432 805372   65.00000   71  106  100.00000   48.00000  52.0%  26.5  755s
 1500406 812541   99.00000  128   55  100.00000   48.00000  52.0%  26.5  760s
 1510387 819627 infeasible  145       100.00000   48.00000  52.0%  26.5  765s
 1519502 826759   98.00000  106   74  100.00000   48.00000  52.0%  26.5  770s
 1529540 834003   66.00000   82  114  100.00000   48.00000  52.0%  26.5  775s
 1539253 841342   80.00000  116  103  100.00000   48.00000  52.0%  26.5  780s
 1549321 848551   97.00000  159   55  100.00000   48.00000  52.0%  26.5  785s
 1559120 855401   86.00000  131  101  100.00000   48.00000  52.0%  26.5  790s
 1570663 863486   94.00000   91   88  100.00000   48.00000  52.0%  26.5  795s
 1580488 870722   98.00000  113   63  100.00000   48.00000  52.0%  26.5  800s
 1590328 877924   93.00000  134   93  100.00000   48.00000  52.0%  26.5  805s
 1598322 883659   98.00000  137   51  100.00000   48.00000  52.0%  26.5  810s
 1608212 890605   93.00000  123   69  100.00000   48.00000  52.0%  26.5  815s
 1619719 898670   75.00000   67  128  100.00000   48.00000  52.0%  26.5  820s
 1629362 905766   87.00000  158   90  100.00000   48.00000  52.0%  26.5  825s
 1639156 912634   96.00000   92   79  100.00000   48.00000  52.0%  26.5  830s
 1650615 920750   99.00000  106   88  100.00000   48.00000  52.0%  26.5  835s
 1660591 927395   95.00000  123   60  100.00000   48.00000  52.0%  26.5  840s
 1670468 934273   97.00000  148   78  100.00000   48.00000  52.0%  26.5  845s
 1680106 940984   64.00000   79  111  100.00000   48.00000  52.0%  26.5  850s
 1689790 948222   79.00000  151   84  100.00000   48.00000  52.0%  26.5  855s
 1699095 954827   99.00000  124   31  100.00000   48.00000  52.0%  26.5  860s
 1708824 961891   97.00000  116   54  100.00000   48.00000  52.0%  26.5  865s
 1718819 969204   98.00000  118   86  100.00000   48.00000  52.0%  26.5  870s
 1728733 976208   97.00000  120   69  100.00000   48.00000  52.0%  26.5  875s
 1738491 983325 infeasible  145       100.00000   48.00000  52.0%  26.5  880s
 1746609 989787     cutoff  151       100.00000   48.00000  52.0%  26.5  885s
 1757001 997401   98.00000  108   84  100.00000   48.00000  52.0%  26.5  890s
 1766673 1004536   99.00000  128   60  100.00000   48.00000  52.0%  26.5  895s
 1776523 1011756   99.00000  172   26  100.00000   48.00000  52.0%  26.5  900s
 1786094 1018671   91.00000   91   96  100.00000   48.00000  52.0%  26.5  905s
 1794361 1024749   48.00000   75  121  100.00000   48.00000  52.0%  26.6  910s
 1804164 1032132   91.00000  200   48  100.00000   48.00000  52.0%  26.6  915s
 1812276 1038165   98.00000  124   54  100.00000   48.00000  52.0%  26.6  920s
 1820943 1044373   70.00000   62   95  100.00000   48.00000  52.0%  26.6  925s
 1830307 1051202   88.00000   86   78  100.00000   48.00000  52.0%  26.6  930s
 1838134 1057233   76.00000   87  108  100.00000   48.00000  52.0%  26.6  935s
 1848639 1064126 infeasible  102       100.00000   48.00000  52.0%  26.6  940s
 1858153 1071418   99.00000  110   77  100.00000   48.00000  52.0%  26.7  945s
 1866356 1077634   95.00000  110   66  100.00000   48.00000  52.0%  26.7  950s
 1876015 1084562   97.00000   98   90  100.00000   48.00000  52.0%  26.7  955s
 1883888 1090310   99.00000  188   36  100.00000   48.00000  52.0%  26.7  960s
 1893534 1097778 infeasible  191       100.00000   48.00000  52.0%  26.7  965s
 1902186 1104225   98.00000  135   33  100.00000   48.00000  52.0%  26.7  970s
 1912316 1111642   97.00000  150   57  100.00000   48.00000  52.0%  26.7  975s
 1921590 1118248   49.00000   59  142  100.00000   48.00000  52.0%  26.7  980s
 1929629 1124346   98.00000  122   59  100.00000   48.00000  52.0%  26.7  985s
 1939341 1131964   90.00000  184   71  100.00000   48.00000  52.0%  26.7  990s
 1949398 1139415 infeasible  200       100.00000   48.00000  52.0%  26.7  995s
 1957324 1145532   91.00000   84   89  100.00000   48.00000  52.0%  26.7 1000s
 1967226 1152648   80.00000   66  108  100.00000   48.00000  52.0%  26.7 1005s
 1976925 1159823   99.00000  170   64  100.00000   48.00000  52.0%  26.8 1010s
 1986673 1166707   70.00000   67  142  100.00000   48.00000  52.0%  26.8 1015s
 1997908 1174865   59.00000   64  134  100.00000   48.00000  52.0%  26.8 1020s
 2007731 1182208   48.00000   77  139  100.00000   48.00000  52.0%  26.8 1025s
 2015500 1187992   92.00000   91   85  100.00000   48.00000  52.0%  26.8 1030s
 2027394 1196299   61.00000   79  152  100.00000   48.00000  52.0%  26.8 1035s
 2036737 1203325   79.00000   85   92  100.00000   48.00000  52.0%  26.8 1040s
 2046260 1209750   77.00000   92  115  100.00000   48.00000  52.0%  26.8 1045s
 2055700 1216929   53.00000   72  129  100.00000   48.00000  52.0%  26.8 1050s
 2063489 1223518   76.00000   85   68  100.00000   48.00000  52.0%  26.8 1055s
 2072047 1229732   95.00000   88   61  100.00000   48.00000  52.0%  26.8 1060s
 2082854 1237183   83.00000   92   71  100.00000   48.00000  52.0%  26.8 1065s
 2092437 1244181   81.00000  147  102  100.00000   48.00000  52.0%  26.8 1070s
 2101687 1251340   66.00000   73  125  100.00000   48.00000  52.0%  26.9 1075s
 2109829 1257686     cutoff  138       100.00000   48.00000  52.0%  26.9 1080s
 2119611 1265002   83.00000  201   61  100.00000   48.00000  52.0%  26.9 1085s
 2129034 1272150   88.00000  189   67  100.00000   48.00000  52.0%  26.9 1090s
 2138190 1279551   86.00000  120   88  100.00000   48.00000  52.0%  26.9 1095s
 2146288 1285527   94.00000  141   44  100.00000   48.00000  52.0%  26.9 1100s
 2156644 1292783   98.00000  191   42  100.00000   48.00000  52.0%  26.9 1105s
 2166718 1299899   99.00000  181   41  100.00000   48.00000  52.0%  26.9 1110s
 2176568 1306962   99.00000  107   82  100.00000   48.00000  52.0%  26.9 1115s
 2185760 1313857 infeasible  199       100.00000   48.00000  52.0%  26.9 1120s
 2195449 1320759   99.00000  125   62  100.00000   48.00000  52.0%  26.9 1125s
 2205103 1327736   97.00000  132   72  100.00000   48.00000  52.0%  26.9 1130s
 2213144 1333602   99.00000  110   56  100.00000   48.00000  52.0%  26.9 1135s
 2223036 1340532   93.00000  204   48  100.00000   48.00000  52.0%  26.9 1140s
 2230754 1346346   94.00000  103   78  100.00000   48.00000  52.0%  26.9 1145s
 2240789 1353310   98.00000  121   70  100.00000   48.00000  52.0%  27.0 1150s
 2250631 1360439   65.00000   89  111  100.00000   48.00000  52.0%  27.0 1155s
 2260472 1367097 infeasible  132       100.00000   48.00000  52.0%  27.0 1160s
 2270031 1374065   94.00000  107   88  100.00000   48.00000  52.0%  27.0 1165s
 2279814 1381043   72.00000   89  106  100.00000   48.00000  52.0%  27.0 1170s
 2287652 1386859   99.00000  111  101  100.00000   48.00000  52.0%  27.0 1175s
 2297516 1394041   99.00000  165   46  100.00000   48.00000  52.0%  27.0 1180s
 2307027 1400787   97.00000   86   82  100.00000   48.00000  52.0%  27.0 1185s
 2317179 1408105   99.00000  159   73  100.00000   48.00000  52.0%  27.0 1190s
 2326855 1414952   98.00000  150   89  100.00000   48.00000  52.0%  27.0 1195s
 2336301 1421874   78.00000   88  110  100.00000   48.00000  52.0%  27.0 1200s
 2346089 1428714   99.00000  148   53  100.00000   48.00000  52.0%  27.0 1205s
 2356279 1435688   97.00000  126   66  100.00000   48.00000  52.0%  27.0 1210s
 2366299 1442600   89.00000  165   64  100.00000   48.00000  52.0%  27.0 1215s
 2377594 1450936   90.00000  101   67  100.00000   48.00000  52.0%  27.0 1220s
 2387668 1458043   95.00000   80   82  100.00000   48.00000  52.0%  27.0 1225s
 2395775 1464240   97.00000   80   85  100.00000   48.00000  52.0%  27.0 1230s
 2405766 1471379   97.00000  162   43  100.00000   48.00000  52.0%  27.0 1235s
 2415418 1478129   99.00000  102   76  100.00000   48.00000  52.0%  27.0 1240s
 2425076 1485124   76.00000  154   85  100.00000   48.00000  52.0%  27.0 1245s
 2435323 1492483   95.00000   89   83  100.00000   48.00000  52.0%  27.0 1250s
 2445006 1499464   98.00000  144   56  100.00000   48.00000  52.0%  27.0 1255s
 2454812 1506416   61.00000   71  109  100.00000   48.00000  52.0%  27.0 1260s
 2464052 1513209   78.00000   76   97  100.00000   48.00000  52.0%  27.0 1265s
 2472334 1519101   88.00000  174   43  100.00000   48.00000  52.0%  27.0 1270s
 2482710 1526462   98.00000  109   58  100.00000   48.00000  52.0%  27.0 1275s
 2490494 1532654   74.00000   91  116  100.00000   48.00000  52.0%  27.0 1280s
 2500724 1539996   99.00000  170   62  100.00000   48.00000  52.0%  27.0 1285s
 2510899 1546939   97.00000  110   74  100.00000   48.00000  52.0%  27.0 1290s
 2520233 1553676   96.00000  118   70  100.00000   48.00000  52.0%  27.0 1295s
 2528040 1559594 infeasible  151       100.00000   48.00000  52.0%  27.0 1300s
 2538453 1566830   58.00000   49  115  100.00000   48.00000  52.0%  27.0 1305s
 2548492 1574044   48.00000   74  134  100.00000   48.00000  52.0%  27.0 1310s
 2558328 1581355   99.00000   81   93  100.00000   48.00000  52.0%  27.0 1315s
 2568162 1588563   99.00000  121   97  100.00000   48.00000  52.0%  27.0 1320s
 2578035 1595951   54.00000   46  107  100.00000   48.00000  52.0%  27.0 1325s
 2587684 1603020   78.00000  105  109  100.00000   48.00000  52.0%  27.0 1330s
 2597300 1610743   82.00000  163  105  100.00000   48.00000  52.0%  27.0 1335s
 2605829 1617453   79.00000   63   90  100.00000   48.00000  52.0%  27.0 1340s
 2616008 1625146   84.00000  156   99  100.00000   48.00000  52.0%  27.0 1345s
 2626268 1632523   97.00000   91   84  100.00000   48.00000  52.0%  27.0 1350s
 2636401 1640131   71.00000   93  102  100.00000   48.00000  52.0%  27.0 1355s
 2646005 1647323   94.00000  104   75  100.00000   48.00000  52.0%  27.0 1360s
 2655798 1654736   95.00000   97  106  100.00000   48.00000  52.0%  27.0 1365s
 2663884 1660731   78.00000  191   69  100.00000   48.00000  52.0%  26.9 1370s
 2673507 1668035   48.00000   50  137  100.00000   48.00000  52.0%  26.9 1375s
 2683456 1675345   80.00000  168   77  100.00000   48.00000  52.0%  26.9 1380s
 2692788 1682064 infeasible  102       100.00000   48.00000  52.0%  26.9 1385s
 2703037 1689160   94.00000  111   77  100.00000   48.00000  52.0%  26.9 1390s
 2714052 1697808   89.00000  150   66  100.00000   48.00000  52.0%  26.9 1395s
 2721608 1703687   87.00000   81  103  100.00000   48.00000  52.0%  26.9 1400s
 2731922 1711073   98.00000  102   43  100.00000   48.00000  52.0%  26.9 1405s
 2741715 1718647   94.00000  174   52  100.00000   48.00000  52.0%  26.9 1410s
 2752198 1726315   99.00000  122   65  100.00000   48.00000  52.0%  26.9 1415s
 2764136 1734831   68.00000   71  122  100.00000   48.00000  52.0%  26.9 1420s
 2773572 1742124   90.00000  233   61  100.00000   48.00000  52.0%  26.9 1425s
 2783233 1749239   99.00000  163   47  100.00000   48.00000  52.0%  26.9 1430s
 2793781 1757078 infeasible  168       100.00000   48.00000  52.0%  26.9 1435s
 2803372 1764476   95.00000  194   44  100.00000   48.00000  52.0%  26.9 1440s
 2813156 1771380   99.00000  211   42  100.00000   48.00000  52.0%  26.8 1445s
 2822856 1778392   96.00000  125   82  100.00000   48.00000  52.0%  26.8 1450s
 2832801 1785874   67.00000   65  113  100.00000   48.00000  52.0%  26.8 1455s
 2843807 1794205   67.00000  109  122  100.00000   48.00000  52.0%  26.8 1460s
 2853800 1801858   96.00000  150   72  100.00000   48.00000  52.0%  26.8 1465s
 2863720 1809030   99.00000   90   63  100.00000   48.00000  52.0%  26.8 1470s
 2873540 1816523   94.00000  185   56  100.00000   48.00000  52.0%  26.8 1475s
 2883077 1823842   89.00000   94   98  100.00000   48.00000  52.0%  26.8 1480s
 2893302 1831246   83.00000   83   82  100.00000   48.00000  52.0%  26.8 1485s
 2905051 1839881   96.00000  134   84  100.00000   48.00000  52.0%  26.8 1490s
 2915375 1847192   84.00000   98  113  100.00000   48.00000  52.0%  26.8 1495s
 2926707 1855318 infeasible  175       100.00000   48.00000  52.0%  26.8 1500s
 2937550 1864096   93.00000  122   70  100.00000   48.00000  52.0%  26.8 1505s
 2945426 1870116   99.00000  109   63  100.00000   48.00000  52.0%  26.8 1510s
 2955598 1877757   80.00000  107   87  100.00000   48.00000  52.0%  26.7 1515s
 2967255 1885942   99.00000  118   76  100.00000   48.00000  52.0%  26.7 1520s
 2977474 1893181   89.00000  111  113  100.00000   48.00000  52.0%  26.7 1525s
 2987077 1900828   93.00000   72  103  100.00000   48.00000  52.0%  26.7 1530s
 2998541 1909030   99.00000  114   74  100.00000   48.00000  52.0%  26.7 1535s
 3008215 1916308     cutoff  197       100.00000   48.00000  52.0%  26.7 1540s
 3018481 1923667   97.00000  106   78  100.00000   48.00000  52.0%  26.7 1545s
 3030261 1932124   68.00000   83  110  100.00000   48.00000  52.0%  26.7 1550s
 3041839 1940364   53.00000   80  146  100.00000   48.00000  52.0%  26.7 1555s
 3051354 1947514   60.00000   62   90  100.00000   48.00000  52.0%  26.7 1560s
 3061289 1954550   96.00000  157   52  100.00000   48.00000  52.0%  26.7 1565s
 3071304 1961572   48.00000   38  144  100.00000   48.00000  52.0%  26.7 1570s
 3082759 1970127   99.00000  115   69  100.00000   48.00000  52.0%  26.7 1575s
 3092768 1977521   82.00000  144   71  100.00000   48.00000  52.0%  26.6 1580s
 3102273 1984667   76.00000   87  116  100.00000   48.00000  52.0%  26.6 1585s
 3111845 1991639   93.00000   81   90  100.00000   48.00000  52.0%  26.6 1590s
 3123095 1999834   98.00000  135   64  100.00000   48.00000  52.0%  26.6 1595s
 3133169 2007089   67.00000   85  141  100.00000   48.00000  52.0%  26.6 1600s
 3142610 2014041   96.00000  171   68  100.00000   48.00000  52.0%  26.6 1605s
 3154217 2022751   99.00000  172   57  100.00000   48.00000  52.0%  26.6 1610s
 3165753 2031495   85.00000  149   81  100.00000   48.00000  52.0%  26.6 1615s
 3176172 2039264   95.00000  108   84  100.00000   48.00000  52.0%  26.6 1620s
 3186197 2046524   99.00000  110   93  100.00000   48.00000  52.0%  26.6 1625s
 3195714 2053749   99.00000  145   64  100.00000   48.00000  52.0%  26.6 1630s
 3205533 2060977   98.00000  195   36  100.00000   48.00000  52.0%  26.6 1635s
 3215392 2068479   53.00000   69   92  100.00000   48.00000  52.0%  26.6 1640s
 3226574 2076456 infeasible  155       100.00000   48.00000  52.0%  26.6 1645s
 3236558 2083884 infeasible  155       100.00000   48.00000  52.0%  26.6 1650s
 3246252 2091458   95.00000   93   88  100.00000   48.00000  52.0%  26.6 1655s
 3257630 2099597   99.00000  108   68  100.00000   48.00000  52.0%  26.6 1660s
 3266852 2106594 infeasible  140       100.00000   48.00000  52.0%  26.6 1665s
 3276459 2113796   81.00000  185   69  100.00000   48.00000  52.0%  26.6 1670s
 3288308 2122230 infeasible  144       100.00000   48.00000  52.0%  26.6 1675s
 3298023 2129471   95.00000  135   82  100.00000   48.00000  52.0%  26.6 1680s
 3307654 2136333   75.00000   82  121  100.00000   48.00000  52.0%  26.6 1685s
 3317214 2143509 infeasible  159       100.00000   48.00000  52.0%  26.6 1690s
 3326855 2150863   62.00000   64  109  100.00000   48.00000  52.0%  26.6 1695s
 3336977 2157723 infeasible  139       100.00000   48.00000  52.0%  26.6 1700s
 3347918 2165852   64.00000   76   80  100.00000   48.00000  52.0%  26.6 1705s
 3357473 2173367     cutoff  169       100.00000   48.00000  52.0%  26.6 1710s
 3366465 2179716   92.00000  108   64  100.00000   48.00000  52.0%  26.6 1715s
 3376402 2187334   98.00000   98   84  100.00000   48.00000  52.0%  26.6 1720s
 3386216 2194456   66.00000   83  112  100.00000   48.00000  52.0%  26.6 1725s
 3396385 2201845   99.00000  137   70  100.00000   48.00000  52.0%  26.6 1730s
 3405980 2208875   95.00000  102  101  100.00000   48.00000  52.0%  26.6 1735s
 3417540 2217236   48.00000   61  135  100.00000   48.00000  52.0%  26.6 1740s
 3425621 2223279   99.00000  158   45  100.00000   48.00000  52.0%  26.6 1745s
*3428186 1882131             207      99.0000000   48.00000  51.5%  26.6 1747s
 3432190 1885428   98.00000  198   53   99.00000   48.00000  51.5%  26.6 1750s
 3441676 1892614   55.00000   74  106   99.00000   48.00000  51.5%  26.6 1755s
 3452206 1900049   98.00000  168   65   99.00000   48.00000  51.5%  26.6 1760s
 3461414 1907009   83.00000  192   70   99.00000   48.00000  51.5%  26.6 1765s
 3469911 1913463   98.00000  103   76   99.00000   48.00000  51.5%  26.6 1770s
 3478568 1919480 infeasible  131        99.00000   48.00000  51.5%  26.6 1775s
 3488623 1926722   98.00000  143   72   99.00000   48.00000  51.5%  26.6 1780s
 3498059 1934371   73.00000  125   89   99.00000   48.00000  51.5%  26.6 1785s
 3505674 1939866   70.00000   69  114   99.00000   48.00000  51.5%  26.6 1790s
 3515378 1946935 infeasible  133        99.00000   48.00000  51.5%  26.6 1795s
 3525451 1954002   95.00000  102   96   99.00000   48.00000  51.5%  26.6 1800s
 3536770 1962056   69.00000   90  104   99.00000   48.00000  51.5%  26.6 1805s
 3546185 1969118   95.00000  179   31   99.00000   48.00000  51.5%  26.6 1810s
 3554312 1975160     cutoff  153        99.00000   48.00000  51.5%  26.6 1815s
 3563795 1982518   87.00000  140   90   99.00000   48.00000  51.5%  26.6 1820s
 3573636 1989631     cutoff  140        99.00000   48.00000  51.5%  26.6 1825s
 3583598 1996918   91.00000   92   88   99.00000   48.00000  51.5%  26.6 1830s
 3593444 2003839 infeasible  160        99.00000   48.00000  51.5%  26.6 1835s
 3604924 2012064   97.00000  135   64   99.00000   48.00000  51.5%  26.6 1840s
 3614742 2019135   96.00000  143   64   99.00000   48.00000  51.5%  26.6 1845s
 3624160 2026113   53.00000   78  130   99.00000   48.00000  51.5%  26.6 1850s
 3633502 2032827   89.00000   94  105   99.00000   48.00000  51.5%  26.6 1855s
 3643314 2039991   79.00000   77   84   99.00000   48.00000  51.5%  26.6 1860s
 3651637 2046381   88.00000  133   85   99.00000   48.00000  51.5%  26.6 1865s
 3662167 2053931   98.00000  108   59   99.00000   48.00000  51.5%  26.6 1870s
 3672265 2060834   98.00000  144   49   99.00000   48.00000  51.5%  26.6 1875s
 3681942 2068124 infeasible  186        99.00000   48.00000  51.5%  26.6 1880s
 3691612 2075064   98.00000  156   40   99.00000   48.00000  51.5%  26.6 1885s
 3701481 2082269   95.00000  126   97   99.00000   48.00000  51.5%  26.6 1890s
 3710669 2088855   93.00000   79  132   99.00000   48.00000  51.5%  26.6 1895s
 3720227 2095670   98.00000   92   71   99.00000   48.00000  51.5%  26.6 1900s
 3729954 2103021   91.00000  140   89   99.00000   48.00000  51.5%  26.6 1905s
 3739872 2110234   88.00000  131   65   99.00000   48.00000  51.5%  26.6 1910s
 3749633 2117527   85.00000  142   84   99.00000   48.00000  51.5%  26.6 1915s
 3759376 2124344   90.00000   83   75   99.00000   48.00000  51.5%  26.6 1920s
 3767369 2130268   66.00000   93  124   99.00000   48.00000  51.5%  26.6 1925s
 3776918 2137523   98.00000  174   73   99.00000   48.00000  51.5%  26.6 1930s
 3786590 2144379   85.00000  178   67   99.00000   48.00000  51.5%  26.6 1935s
 3796281 2151357   97.00000  136   81   99.00000   48.00000  51.5%  26.6 1940s
 3807870 2159709   82.00000  198   84   99.00000   48.00000  51.5%  26.6 1945s
 3817004 2166673 infeasible  160        99.00000   48.00000  51.5%  26.6 1950s
 3826807 2173631   91.00000  133   71   99.00000   48.00000  51.5%  26.6 1955s
 3836457 2180545   96.00000  153   87   99.00000   48.00000  51.5%  26.6 1960s
 3847734 2188426   97.00000  108   78   99.00000   48.00000  51.5%  26.6 1965s
 3857905 2195419     cutoff  154        99.00000   48.00000  51.5%  26.6 1970s
 3865966 2201610   84.00000  165   53   99.00000   48.00000  51.5%  26.6 1975s
 3876104 2208874   98.00000  130   60   99.00000   48.00000  51.5%  26.6 1980s
 3886049 2216256   97.00000  145   71   99.00000   48.00000  51.5%  26.6 1985s
 3895684 2223353   96.00000   94   60   99.00000   48.00000  51.5%  26.6 1990s
 3905607 2230822   81.00000   81   92   99.00000   48.00000  51.5%  26.6 1995s
 3915675 2238041 infeasible  149        99.00000   48.00000  51.5%  26.6 2000s
 3925605 2244978   91.00000   76  129   99.00000   48.00000  51.5%  26.6 2005s
 3935156 2251574   97.00000   92   69   99.00000   48.00000  51.5%  26.6 2010s
 3945144 2258747   66.00000   81  109   99.00000   48.00000  51.5%  26.6 2015s
 3955004 2265863   98.00000   90   86   99.00000   48.00000  51.5%  26.6 2020s
 3964579 2273501   85.00000   91   80   99.00000   48.00000  51.5%  26.6 2025s
 3974600 2280606 infeasible  157        99.00000   48.00000  51.5%  26.6 2030s
 3983993 2287585 infeasible  140        99.00000   48.00000  51.5%  26.6 2035s
 3993726 2294723   66.00000   68  115   99.00000   48.00000  51.5%  26.6 2040s
 4003727 2302046 infeasible  201        99.00000   48.00000  51.5%  26.6 2045s
 4013474 2309081   98.00000   99   90   99.00000   48.00000  51.5%  26.6 2050s
 4023226 2316508 infeasible  170        99.00000   48.00000  51.5%  26.6 2055s
 4032980 2323359   80.00000   88   79   99.00000   48.00000  51.5%  26.6 2060s
 4042209 2330415   81.00000   99   95   99.00000   48.00000  51.5%  26.6 2065s
 4051898 2337239   97.00000  159   53   99.00000   48.00000  51.5%  26.6 2070s
 4061692 2344292   59.00000   70  113   99.00000   48.00000  51.5%  26.6 2075s
 4071500 2350945     cutoff   84        99.00000   48.00000  51.5%  26.6 2080s
 4081638 2358516   62.00000  112  104   99.00000   48.00000  51.5%  26.6 2085s
 4092848 2366936   79.00000   78  110   99.00000   48.00000  51.5%  26.6 2090s
 4102666 2374072   66.00000   96  107   99.00000   48.00000  51.5%  26.6 2095s
 4112107 2380555   66.00000   83  115   99.00000   48.00000  51.5%  26.6 2100s
 4121735 2387585   96.00000  156   54   99.00000   48.00000  51.5%  26.6 2105s
 4131942 2394313   95.00000  169   48   99.00000   48.00000  51.5%  26.6 2110s
 4141656 2401743   98.00000  139   62   99.00000   48.00000  51.5%  26.6 2115s
 4153518 2409967   98.00000  166   48   99.00000   48.00000  51.5%  26.6 2120s
 4163178 2416493   66.00000   62   98   99.00000   48.00000  51.5%  26.6 2125s
 4172833 2423739   97.00000  135   70   99.00000   48.00000  51.5%  26.6 2130s
 4180947 2429721   96.00000  155   78   99.00000   48.00000  51.5%  26.6 2135s
 4190805 2437483   77.00000  121   92   99.00000   48.00000  51.5%  26.6 2140s
 4200696 2444448   64.00000   89  138   99.00000   48.00000  51.5%  26.6 2145s
 4210380 2451766   96.00000  135   65   99.00000   48.00000  51.5%  26.6 2150s
 4220611 2459148   98.00000  152   48   99.00000   48.00000  51.5%  26.6 2155s
 4230112 2466279   97.00000  160   46   99.00000   48.00000  51.5%  26.6 2160s
 4239727 2472900   59.00000   73  101   99.00000   48.00000  51.5%  26.6 2165s
 4247615 2479085   87.00000  139   72   99.00000   48.00000  51.5%  26.6 2170s
 4258034 2486404 infeasible  137        99.00000   48.00000  51.5%  26.6 2175s
 4267645 2493236   95.00000  113   77   99.00000   48.00000  51.5%  26.6 2180s
 4275819 2499447   95.00000  136   65   99.00000   48.00000  51.5%  26.6 2185s
 4285619 2506692 infeasible  156        99.00000   48.00000  51.5%  26.6 2190s
 4295414 2513481   81.00000   81   98   99.00000   48.00000  51.5%  26.6 2195s
 4302994 2519312   66.00000   98  136   99.00000   48.00000  51.5%  26.6 2200s
 4312623 2525994   96.00000   82   75   99.00000   48.00000  51.5%  26.6 2205s
 4320978 2531931   98.00000  191   31   99.00000   48.00000  51.5%  26.6 2210s
 4330481 2539109   48.00000   74  120   99.00000   48.00000  51.5%  26.7 2215s
 4338257 2544623   97.00000  123   63   99.00000   48.00000  51.5%  26.7 2220s
 4348344 2551313 infeasible  172        99.00000   48.00000  51.5%  26.7 2225s
 4358082 2558392   91.00000  123   79   99.00000   48.00000  51.5%  26.7 2230s
 4366570 2564846   59.00000   94   99   99.00000   48.00000  51.5%  26.7 2235s
 4374803 2570984   63.00000   69  126   99.00000   48.00000  51.5%  26.7 2240s
 4384887 2577857 infeasible  188        99.00000   48.00000  51.5%  26.7 2245s
 4393422 2584224   93.00000   95   90   99.00000   48.00000  51.5%  26.7 2250s
 4403125 2590915   95.00000  153   72   99.00000   48.00000  51.5%  26.7 2255s
 4412819 2597733   48.00000   84  122   99.00000   48.00000  51.5%  26.7 2260s
 4422706 2604875   98.00000  111   75   99.00000   48.00000  51.5%  26.7 2265s
 4431111 2611030   97.00000  113   59   99.00000   48.00000  51.5%  26.7 2270s
 4440596 2618204   91.00000  109   71   99.00000   48.00000  51.5%  26.7 2275s
 4450408 2625327   98.00000   88   61   99.00000   48.00000  51.5%  26.7 2280s
 4460178 2632384 infeasible  165        99.00000   48.00000  51.5%  26.7 2285s
 4469667 2639491   98.00000  148   62   99.00000   48.00000  51.5%  26.8 2290s
 4478056 2645714   74.00000  163  100   99.00000   48.00000  51.5%  26.8 2295s
 4488201 2652758   85.00000   82  115   99.00000   48.00000  51.5%  26.8 2300s
 4498125 2660085   48.00000   77  131   99.00000   48.00000  51.5%  26.8 2305s
 4507984 2667375   79.00000  174   76   99.00000   48.00000  51.5%  26.8 2310s
 4515845 2672951   90.00000  115  101   99.00000   48.00000  51.5%  26.8 2315s
 4525475 2679506   96.00000   79   85   99.00000   48.00000  51.5%  26.8 2320s
 4535211 2686899   89.00000  140   87   99.00000   48.00000  51.5%  26.8 2325s
 4545199 2693870   98.00000  125   77   99.00000   48.00000  51.5%  26.8 2330s
 4554510 2700765   98.00000  133   96   99.00000   48.00000  51.5%  26.8 2335s
 4564117 2707996   82.00000  218   76   99.00000   48.00000  51.5%  26.8 2340s
 4574076 2715243 infeasible  146        99.00000   48.00000  51.5%  26.8 2345s
 4582058 2721071   98.00000  102   76   99.00000   48.00000  51.5%  26.8 2350s
 4592128 2728271   98.00000  181   60   99.00000   48.00000  51.5%  26.8 2355s
 4602220 2735271 infeasible  165        99.00000   48.00000  51.5%  26.8 2360s
 4612020 2742193   97.00000  121   46   99.00000   48.00000  51.5%  26.8 2365s
 4621084 2748723   98.00000  168   42   99.00000   48.00000  51.5%  26.8 2370s
 4630741 2755815   97.00000   87   76   99.00000   48.00000  51.5%  26.8 2375s
 4640519 2762639   97.00000  170   40   99.00000   48.00000  51.5%  26.8 2380s
 4649928 2769422   79.00000  111   99   99.00000   48.00000  51.5%  26.8 2385s
 4659937 2776387 infeasible  108        99.00000   48.00000  51.5%  26.8 2390s
 4669377 2783005   58.00000   85  124   99.00000   48.00000  51.5%  26.8 2395s
 4679597 2790063   98.00000   95   72   99.00000   48.00000  51.5%  26.8 2400s
 4689357 2797021   94.00000  154   45   99.00000   48.00000  51.5%  26.8 2405s
 4698293 2803752   87.00000  119   96   99.00000   48.00000  51.5%  26.8 2410s
 4706453 2809339   85.00000   89  100   99.00000   48.00000  51.5%  26.8 2415s
 4716421 2816122     cutoff  112        99.00000   48.00000  51.5%  26.8 2420s
 4725982 2823582   80.00000  142   72   99.00000   48.00000  51.5%  26.8 2425s
 4734081 2829573   98.00000  123   55   99.00000   48.00000  51.5%  26.8 2430s
 4744433 2836774   74.00000   85   90   99.00000   48.00000  51.5%  26.8 2435s
 4752455 2842932   96.00000  145   63   99.00000   48.00000  51.5%  26.8 2440s
 4762631 2850392   98.00000  221   41   99.00000   48.00000  51.5%  26.8 2445s
 4772022 2857879 infeasible  217        99.00000   48.00000  51.5%  26.8 2450s
 4780649 2863692   96.00000  119   62   99.00000   48.00000  51.5%  26.8 2455s
 4790165 2870352   98.00000  144   66   99.00000   48.00000  51.5%  26.9 2460s
 4799956 2876829   98.00000  109  101   99.00000   48.00000  51.5%  26.9 2465s
 4809437 2883474   98.00000  132   53   99.00000   48.00000  51.5%  26.9 2470s
 4819322 2890495   98.00000  181   59   99.00000   48.00000  51.5%  26.9 2475s
 4829114 2897461   52.00000   79  100   99.00000   48.00000  51.5%  26.9 2480s
 4837022 2903188   96.00000   92   74   99.00000   48.00000  51.5%  26.9 2485s
 4847031 2910508   98.00000  169   52   99.00000   48.00000  51.5%  26.9 2490s
 4856695 2917825   67.00000   77   81   99.00000   48.00000  51.5%  26.9 2495s
 4864631 2923621   98.00000  144   45   99.00000   48.00000  51.5%  26.9 2500s
 4874138 2930568   95.00000  128   98   99.00000   48.00000  51.5%  26.9 2505s
 4883931 2937607 infeasible  150        99.00000   48.00000  51.5%  26.9 2510s
 4893481 2944484   96.00000  122   86   99.00000   48.00000  51.5%  26.9 2515s
 4903069 2951376   91.00000  126   69   99.00000   48.00000  51.5%  26.9 2520s
 4912600 2958016   75.00000   80  124   99.00000   48.00000  51.5%  26.9 2525s
 4922365 2964939   98.00000  199   29   99.00000   48.00000  51.5%  26.9 2530s
 4931836 2972009   74.00000  158   82   99.00000   48.00000  51.5%  26.9 2535s
 4941121 2979340   75.00000  132  128   99.00000   48.00000  51.5%  26.9 2540s
 4949220 2985457   63.00000  122  144   99.00000   48.00000  51.5%  26.9 2545s
 4959295 2992825   89.00000   69   79   99.00000   48.00000  51.5%  26.9 2550s
 4970559 3000771   98.00000   89   70   99.00000   48.00000  51.5%  26.9 2555s
 4979814 3007852   81.00000  121   81   99.00000   48.00000  51.5%  26.9 2560s
 4989556 3015240   84.00000  201   76   99.00000   48.00000  51.5%  26.9 2565s
 4999237 3022307   98.00000  147   71   99.00000   48.00000  51.5%  26.9 2570s
 5009007 3029332     cutoff  175        99.00000   48.00000  51.5%  26.9 2575s
 5018244 3036146   96.00000  135   77   99.00000   48.00000  51.5%  26.9 2580s
 5028220 3043579   98.00000  121   57   99.00000   48.00000  51.5%  26.9 2585s
 5037924 3051290   86.00000  114   69   99.00000   48.00000  51.5%  26.9 2590s
 5047774 3058245   96.00000  129   75   99.00000   48.00000  51.5%  26.9 2595s
 5057842 3065561 infeasible  122        99.00000   48.00000  51.5%  26.9 2600s
 5067222 3073072   64.00000   85  109   99.00000   48.00000  51.5%  26.9 2605s
 5075425 3078946   75.00000  120   86   99.00000   48.00000  51.5%  26.9 2610s
 5085137 3086435   68.00000   63  113   99.00000   48.00000  51.5%  26.9 2615s
 5095492 3093806   89.00000   69   70   99.00000   48.00000  51.5%  26.9 2620s
 5105362 3101009 infeasible  144        99.00000   48.00000  51.5%  26.9 2625s
 5113590 3107188     cutoff  175        99.00000   48.00000  51.5%  26.9 2630s
 5123403 3114086   98.00000  136   54   99.00000   48.00000  51.5%  26.9 2635s
 5131662 3119897   48.00000   74  118   99.00000   48.00000  51.5%  26.9 2640s
 5140679 3127184   77.00000  213   73   99.00000   48.00000  51.5%  27.0 2645s
 5150523 3134283   90.00000   77   74   99.00000   48.00000  51.5%  27.0 2650s
 5159933 3141780 infeasible  179        99.00000   48.00000  51.5%  27.0 2655s
 5169514 3148854   83.00000  162   71   99.00000   48.00000  51.5%  27.0 2660s
 5177539 3155246   76.00000   61   88   99.00000   48.00000  51.5%  27.0 2665s
 5187787 3162708   98.00000  138   94   99.00000   48.00000  51.5%  27.0 2670s
 5196195 3168826   95.00000   93  115   99.00000   48.00000  51.5%  27.0 2675s
 5205977 3175401   84.00000   98  126   99.00000   48.00000  51.5%  27.0 2680s
 5215720 3182194   80.00000   85   92   99.00000   48.00000  51.5%  27.0 2685s
 5225434 3189233   97.00000   90   84   99.00000   48.00000  51.5%  27.0 2690s
 5235304 3196212 infeasible  164        99.00000   48.00000  51.5%  27.0 2695s
 5243828 3202182   48.00000   64  145   99.00000   48.00000  51.5%  27.0 2700s
 5253437 3209155     cutoff  184        99.00000   48.00000  51.5%  27.0 2705s
 5262849 3216142   79.00000  179   73   99.00000   48.00000  51.5%  27.0 2710s
 5270958 3221956 infeasible  137        99.00000   48.00000  51.5%  27.0 2715s
 5280945 3229134   95.00000  115   84   99.00000   48.00000  51.5%  27.0 2720s
 5290950 3235967 infeasible  118        99.00000   48.00000  51.5%  27.0 2725s
 5300540 3243436   76.00000   80   81   99.00000   48.00000  51.5%  27.0 2730s
 5310673 3250481 infeasible  157        99.00000   48.00000  51.5%  27.0 2735s
 5320176 3257756 infeasible   99        99.00000   48.00000  51.5%  27.0 2740s
 5329943 3264770 infeasible  167        99.00000   48.00000  51.5%  27.0 2745s
 5339850 3271863   97.00000  178   59   99.00000   48.00000  51.5%  27.0 2750s
 5351157 3279492   95.00000  111   91   99.00000   48.00000  51.5%  27.0 2755s
 5360326 3286539   58.00000   75   96   99.00000   48.00000  51.5%  27.0 2760s
 5368420 3292975   98.00000  129   59   99.00000   48.00000  51.5%  27.0 2765s
 5377736 3299766   95.00000  123   52   99.00000   48.00000  51.5%  27.0 2770s
 5387585 3307583   72.00000   81  112   99.00000   48.00000  51.5%  27.0 2775s
 5395903 3313326   95.00000  118   71   99.00000   48.00000  51.5%  27.0 2780s
 5405643 3320699   58.00000   61  124   99.00000   48.00000  51.5%  27.0 2785s
 5415278 3327806   90.00000   80   64   99.00000   48.00000  51.5%  27.0 2790s
 5424979 3334896   98.00000   85   83   99.00000   48.00000  51.5%  27.0 2795s
 5434892 3341821   98.00000  120   56   99.00000   48.00000  51.5%  27.0 2800s
 5444505 3348859   98.00000  138   64   99.00000   48.00000  51.5%  27.0 2805s
 5452491 3354949     cutoff  203        99.00000   48.00000  51.5%  27.0 2810s
 5462563 3362316   82.00000  128   82   99.00000   48.00000  51.5%  27.0 2815s
 5471997 3369393   72.00000  144   97   99.00000   48.00000  51.5%  27.0 2820s
 5480056 3375341   84.00000  158   63   99.00000   48.00000  51.5%  27.0 2825s
 5489424 3382600   87.00000   73  129   99.00000   48.00000  51.5%  27.0 2830s
 5498133 3388684   48.00000   77  156   99.00000   48.00000  51.5%  27.0 2835s
 5508178 3395996   98.00000  121   70   99.00000   48.00000  51.5%  27.0 2840s
 5517726 3403087 infeasible  149        99.00000   48.00000  51.5%  27.0 2845s
 5527801 3410333   98.00000  136   72   99.00000   48.00000  51.5%  27.0 2850s
 5535896 3416079   89.00000  134   64   99.00000   48.00000  51.5%  27.0 2855s
 5545300 3422664   86.00000   91  101   99.00000   48.00000  51.5%  27.1 2860s
 5555231 3429763   78.00000  122   85   99.00000   48.00000  51.5%  27.1 2865s
 5563344 3435346   98.00000  121   59   99.00000   48.00000  51.5%  27.1 2870s
 5571713 3441541   80.00000   92  102   99.00000   48.00000  51.5%  27.1 2875s
 5581560 3448572   93.00000   81   82   99.00000   48.00000  51.5%  27.1 2880s
 5591563 3455806   97.00000  192   63   99.00000   48.00000  51.5%  27.1 2885s
 5601658 3462911     cutoff  149        99.00000   48.00000  51.5%  27.1 2890s
 5611513 3469547   97.00000  113   77   99.00000   48.00000  51.5%  27.1 2895s
 5621340 3476522   91.00000  105  108   99.00000   48.00000  51.5%  27.1 2900s
 5629301 3482385 infeasible  229        99.00000   48.00000  51.5%  27.1 2905s
 5638983 3489111   81.00000  132   81   99.00000   48.00000  51.5%  27.1 2910s
 5648863 3495959   77.00000  120  125   99.00000   48.00000  51.5%  27.1 2915s
 5658755 3502744   98.00000  170   65   99.00000   48.00000  51.5%  27.1 2920s
 5668334 3509506   98.00000  115   66   99.00000   48.00000  51.5%  27.1 2925s
 5678018 3516746   79.00000   74  140   99.00000   48.00000  51.5%  27.1 2930s
 5687646 3524160   86.00000   83   94   99.00000   48.00000  51.5%  27.1 2935s
 5697667 3531348   93.00000   74   86   99.00000   48.00000  51.5%  27.1 2940s
 5707536 3538337 infeasible  129        99.00000   48.00000  51.5%  27.1 2945s
 5717598 3545572   98.00000   84   86   99.00000   48.00000  51.5%  27.1 2950s
 5727392 3552653   84.00000   80  115   99.00000   48.00000  51.5%  27.1 2955s
 5737037 3559663   75.00000   93  120   99.00000   48.00000  51.5%  27.1 2960s
 5747138 3567103   98.00000  128   62   99.00000   48.00000  51.5%  27.1 2965s
 5756898 3574289 infeasible  163        99.00000   48.00000  51.5%  27.1 2970s
 5766282 3580944   98.00000  145   78   99.00000   48.00000  51.5%  27.1 2975s
 5776096 3588058   92.00000  189   80   99.00000   48.00000  51.5%  27.1 2980s
 5786090 3594815   62.00000   62  124   99.00000   48.00000  51.5%  27.1 2985s
 5795951 3602064   68.00000   91   89   99.00000   48.00000  51.5%  27.1 2990s
 5805774 3609749 infeasible  169        99.00000   48.00000  51.5%  27.1 2995s
 5815559 3616676   89.00000  109  126   99.00000   48.00000  51.5%  27.1 3000s
 5825017 3623979 infeasible  117        99.00000   48.00000  51.5%  27.1 3005s
 5834975 3630920   64.00000   92  119   99.00000   48.00000  51.5%  27.1 3010s
 5845877 3638535   97.00000  122   68   99.00000   48.00000  51.5%  27.1 3015s
 5855491 3645851   82.00000  130  102   99.00000   48.00000  51.5%  27.1 3020s
 5865099 3652721   87.00000  100  106   99.00000   48.00000  51.5%  27.1 3025s
 5875143 3659597   77.00000  123   85   99.00000   48.00000  51.5%  27.0 3030s
 5886221 3668035   86.00000  159  107   99.00000   48.00000  51.5%  27.1 3035s
 5895820 3675057   68.00000   78  124   99.00000   48.00000  51.5%  27.1 3040s
 5905682 3682516   98.00000   73   78   99.00000   48.00000  51.5%  27.0 3045s
 5917210 3690519   92.00000   95   83   99.00000   48.00000  51.5%  27.0 3050s
 5926741 3697778   73.00000  166   89   99.00000   48.00000  51.5%  27.0 3055s
 5936507 3704682   96.00000  136   70   99.00000   48.00000  51.5%  27.0 3060s
 5946337 3711915   94.00000  150   50   99.00000   48.00000  51.5%  27.0 3065s
 5955565 3718717   95.00000  157   45   99.00000   48.00000  51.5%  27.0 3070s
 5964071 3725053   91.00000  100  100   99.00000   48.00000  51.5%  27.1 3075s
 5974407 3732432   97.00000  153   60   99.00000   48.00000  51.5%  27.1 3080s
 5984171 3739583   96.00000  153   71   99.00000   48.00000  51.5%  27.0 3085s
 5994113 3746783   96.00000  155   55   99.00000   48.00000  51.5%  27.0 3090s
 6003783 3753900   92.00000  170   56   99.00000   48.00000  51.5%  27.0 3095s
 6013797 3760850   81.00000  104   98   99.00000   48.00000  51.5%  27.0 3100s
 6023396 3768109   80.00000   94   76   99.00000   48.00000  51.5%  27.0 3105s
 6033404 3775422   97.00000  140   66   99.00000   48.00000  51.5%  27.0 3110s
 6042981 3781998 infeasible  110        99.00000   48.00000  51.5%  27.0 3115s
 6052872 3789077   95.00000   93   92   99.00000   48.00000  51.5%  27.0 3120s
 6064601 3797164   48.00000   51  119   99.00000   48.00000  51.5%  27.0 3125s
 6073734 3804052   96.00000  159   25   99.00000   48.00000  51.5%  27.0 3130s
 6083148 3811051 infeasible  201        99.00000   48.00000  51.5%  27.0 3135s
 6094550 3819198   98.00000   86   77   99.00000   48.00000  51.5%  27.0 3140s
 6104303 3826634     cutoff  123        99.00000   48.00000  51.5%  27.0 3145s
 6112901 3832830   83.00000  139   97   99.00000   48.00000  51.5%  27.0 3150s
 6123185 3840142   98.00000  141   73   99.00000   48.00000  51.5%  27.0 3155s
 6132919 3846990   98.00000  131   60   99.00000   48.00000  51.5%  27.0 3160s
 6142956 3854058   93.00000  209   41   99.00000   48.00000  51.5%  27.0 3165s
 6152598 3861206   86.00000  166   83   99.00000   48.00000  51.5%  27.0 3170s
 6162680 3868232   96.00000  128   65   99.00000   48.00000  51.5%  27.0 3175s
 6172482 3875460   76.00000  121   90   99.00000   48.00000  51.5%  27.0 3180s
 6182441 3882440 infeasible  151        99.00000   48.00000  51.5%  27.0 3185s
 6192316 3889661   93.00000   73   84   99.00000   48.00000  51.5%  27.0 3190s
 6202351 3896717   48.00000   53   90   99.00000   48.00000  51.5%  27.0 3195s
 6212091 3903886 infeasible  163        99.00000   48.00000  51.5%  27.0 3200s
 6222136 3911068   55.00000   78  153   99.00000   48.00000  51.5%  27.0 3205s
 6231746 3917816   98.00000  126   46   99.00000   48.00000  51.5%  27.0 3210s
 6241548 3924961   56.00000   71  160   99.00000   48.00000  51.5%  27.0 3215s
 6251422 3931879   96.00000   76   87   99.00000   48.00000  51.5%  27.0 3220s
 6261150 3939010   97.00000  101   90   99.00000   48.00000  51.5%  27.0 3225s
 6270867 3945820   96.00000  116   87   99.00000   48.00000  51.5%  27.0 3230s
 6280454 3952842   71.00000  107   84   99.00000   48.00000  51.5%  27.0 3235s
 6288141 3958450   74.00000   78  119   99.00000   48.00000  51.5%  27.0 3240s
 6298208 3965422   98.00000  105  116   99.00000   48.00000  51.5%  27.0 3245s
 6308158 3972502 infeasible  173        99.00000   48.00000  51.5%  27.0 3250s
 6317387 3980023   73.00000  211  116   99.00000   48.00000  51.5%  27.0 3255s
 6325788 3986279   96.00000  116   68   99.00000   48.00000  51.5%  27.0 3260s
 6334398 3992875 infeasible  127        99.00000   48.00000  51.5%  27.0 3265s
 6344033 3999827   90.00000   83   88   99.00000   48.00000  51.5%  27.1 3270s
 6352631 4005897   94.00000  124   78   99.00000   48.00000  51.5%  27.1 3275s
 6364151 4014259   96.00000   93   73   99.00000   48.00000  51.5%  27.1 3280s
 6373929 4021254   91.00000  196   69   99.00000   48.00000  51.5%  27.1 3285s
 6383574 4028139   98.00000  125   57   99.00000   48.00000  51.5%  27.1 3290s
 6392156 4034277 infeasible  190        99.00000   48.00000  51.5%  27.1 3295s
 6402287 4041280   94.00000   80  107   99.00000   48.00000  51.5%  27.1 3300s
 6412439 4048388   91.00000  111   67   99.00000   48.00000  51.5%  27.1 3305s
 6422307 4055926   95.00000  129   62   99.00000   48.00000  51.5%  27.1 3310s
 6432159 4062710   97.00000  136   67   99.00000   48.00000  51.5%  27.1 3315s
 6442173 4070242   78.00000  106  138   99.00000   48.00000  51.5%  27.1 3320s
 6451718 4077419   59.00000   87   87   99.00000   48.00000  51.5%  27.1 3325s
 6460520 4083369   94.00000   98   68   99.00000   48.00000  51.5%  27.1 3330s
 6470208 4090793   98.00000  166   61   99.00000   48.00000  51.5%  27.1 3335s
 6480672 4098040   81.00000   98  102   99.00000   48.00000  51.5%  27.1 3340s
 6490522 4105358   98.00000  153   53   99.00000   48.00000  51.5%  27.1 3345s
 6499901 4112420   98.00000  124   82   99.00000   48.00000  51.5%  27.1 3350s
 6511739 4120837   91.00000  140  106   99.00000   48.00000  51.5%  27.0 3355s
 6521358 4127948     cutoff  178        99.00000   48.00000  51.5%  27.0 3360s
 6532552 4136565   83.00000  166  129   99.00000   48.00000  51.5%  27.0 3365s
 6542593 4143955   97.00000  125   64   99.00000   48.00000  51.5%  27.0 3370s
 6552664 4151422   68.00000   75  118   99.00000   48.00000  51.5%  27.0 3375s
 6562479 4158507   93.00000   91   96   99.00000   48.00000  51.5%  27.0 3380s
 6574179 4167448   87.00000  206   57   99.00000   48.00000  51.5%  27.0 3385s
 6583819 4175038 infeasible  138        99.00000   48.00000  51.5%  27.0 3390s
 6594182 4182653 infeasible  181        99.00000   48.00000  51.5%  27.0 3395s
 6605435 4190979   95.00000   87  102   99.00000   48.00000  51.5%  27.0 3400s
 6615332 4198224   88.00000   47   82   99.00000   48.00000  51.5%  27.0 3405s
 6625417 4205509   57.00000   67  120   99.00000   48.00000  51.5%  27.0 3410s
 6634989 4213203   83.00000  125   73   99.00000   48.00000  51.5%  27.0 3415s
 6646841 4221892   96.00000  115   57   99.00000   48.00000  51.5%  27.0 3420s
 6656504 4229424   87.00000  177   80   99.00000   48.00000  51.5%  27.0 3425s
 6666380 4236495   93.00000   69   90   99.00000   48.00000  51.5%  27.0 3430s
 6678133 4245046   73.00000   62   91   99.00000   48.00000  51.5%  27.0 3435s
 6688050 4252379   91.00000  119   91   99.00000   48.00000  51.5%  27.0 3440s
 6699621 4260531   97.00000   88   97   99.00000   48.00000  51.5%  27.0 3445s
 6709346 4267985   72.00000  106   83   99.00000   48.00000  51.5%  27.0 3450s
 6718309 4274994   66.00000   74  112   99.00000   48.00000  51.5%  27.0 3455s
 6728246 4282094   98.00000  130   54   99.00000   48.00000  51.5%  27.0 3460s
 6737796 4289590   89.00000  208   75   99.00000   48.00000  51.5%  27.0 3465s
 6747891 4297279 infeasible  142        99.00000   48.00000  51.5%  27.0 3470s
 6759319 4305922   64.00000   76  124   99.00000   48.00000  51.5%  27.0 3475s
 6769353 4313524   70.00000   86  104   99.00000   48.00000  51.5%  27.0 3480s
 6778916 4320602   98.00000  165   86   99.00000   48.00000  51.5%  27.0 3485s
 6789848 4327856 infeasible  192        99.00000   48.00000  51.5%  27.0 3490s
 6800857 4336208 infeasible  176        99.00000   48.00000  51.5%  27.0 3495s
 6810196 4343737   93.00000   91   90   99.00000   48.00000  51.5%  27.0 3500s
 6820869 4351123   92.00000  145   69   99.00000   48.00000  51.5%  27.0 3505s
 6830664 4358659   98.00000  138   61   99.00000   48.00000  51.5%  27.0 3510s
 6840664 4365944 infeasible  136        99.00000   48.00000  51.5%  27.0 3515s
 6851641 4374456   98.00000  147   48   99.00000   48.00000  51.5%  27.0 3520s
 6860857 4381015   98.00000  139   64   99.00000   48.00000  51.5%  27.0 3525s
 6870373 4387841   95.00000  114   83   99.00000   48.00000  51.5%  27.0 3530s
 6880511 4395185 infeasible  148        99.00000   48.00000  51.5%  27.0 3535s
 6891872 4403591   97.00000  148   84   99.00000   48.00000  51.5%  27.0 3540s
 6901536 4410778   66.00000   73   97   99.00000   48.00000  51.5%  27.0 3545s
 6911820 4418094   98.00000  177   40   99.00000   48.00000  51.5%  27.0 3550s
 6921671 4425342 infeasible  197        99.00000   48.00000  51.5%  27.0 3555s
 6933370 4433701   93.00000  100   94   99.00000   48.00000  51.5%  27.0 3560s
 6943391 4440776   89.00000   99   71   99.00000   48.00000  51.5%  27.0 3565s
 6952940 4447642   98.00000  160   20   99.00000   48.00000  51.5%  27.0 3570s
 6963086 4454647   98.00000  154   59   99.00000   48.00000  51.5%  27.0 3575s
 6974671 4463583     cutoff  125        99.00000   48.00000  51.5%  27.0 3580s
 6984463 4470648   98.00000  161   62   99.00000   48.00000  51.5%  27.0 3585s
 6993645 4477737   95.00000  133   65   99.00000   48.00000  51.5%  27.0 3590s
 7003754 4484478 infeasible  149        99.00000   48.00000  51.5%  27.0 3595s
 7013922 4491110   98.00000  125   37   99.00000   48.00000  51.5%  27.0 3600s

Explored 7015153 nodes (189176234 simplex iterations) in 3600.02 seconds (2169.18 work units)
Thread count was 32 (of 32 available processors)

Solution count 10: 99 100 101 ... 109

Time limit reached
Best objective 9.900000000000e+01, best bound 4.800000000000e+01, gap 51.5152%
