
Gurobi 13.0.0 (linux64) logging started Tue Nov 25 11:59:43 2025

Set parameter LogFile to value "./Results/StripPacking-CutHeur/Logs/SBL-111-StripPacking-25-0.log"
Set parameter TimeLimit to value 3600
Set parameter Cuts to value 1
Set parameter Presolve to value 1
Set parameter Heuristics to value 1
Set parameter LogToConsole to value 0
Set parameter LPWarmStart to value 2
Gurobi Optimizer version 13.0.0 build v13.0.0rc1 (linux64 - "Debian GNU/Linux 12 (bookworm)")

CPU model: Intel(R) Xeon(R) CPU E5-2630 v3 @ 2.40GHz, instruction set [SSE2|AVX|AVX2]
Thread count: 16 physical cores, 32 logical processors, using up to 32 threads

Non-default parameters:
TimeLimit  3600
LPWarmStart  2
Heuristics  1
Cuts  1
LogToConsole  0
Presolve  1

Optimize a model with 3625 rows, 651 columns and 12050 nonzeros (Min)
Model fingerprint: 0x9e46d939
Model has 1 linear objective coefficients
Variable types: 51 continuous, 600 integer (600 binary)
Coefficient statistics:
  Matrix range     [1e+00, 1e+04]
  Objective range  [1e+00, 1e+00]
  Bounds range     [1e+00, 1e+04]
  RHS range        [5e-01, 1e+04]

Warning: Completing partial solution with 600 unfixed non-continuous variables out of 600
User MIP start produced solution with objective 106.2 (0.00s)
Loaded user MIP start with objective 106.2

Presolve removed 600 rows and 0 columns
Presolve time: 0.01s
Presolved: 3025 rows, 651 columns, 10250 nonzeros
Variable types: 51 continuous, 600 integer (600 binary)

Root relaxation: objective 3.400000e+01, 333 iterations, 0.02 seconds (0.01 work units)

    Nodes    |    Current Node    |     Objective Bounds      |     Work
 Expl Unexpl |  Obj  Depth IntInf | Incumbent    BestBd   Gap | It/Node Time

     0     0   34.00000    0   68  106.20000   34.00000  68.0%     -    0s
H    0     0                     104.0000000   34.00000  67.3%     -    0s
H    0     0                      93.0000000   34.00000  63.4%     -    0s
     0     0   34.00000    0  101   93.00000   34.00000  63.4%     -    0s
     0     0   34.00000    0   95   93.00000   34.00000  63.4%     -    0s
H    0     0                      91.0000000   34.00000  62.6%     -    0s
     0     0   34.00000    0  112   91.00000   34.00000  62.6%     -    0s
     0     0   34.00000    0   61   91.00000   34.00000  62.6%     -    0s
H    0     0                      88.0000000   34.00000  61.4%     -    0s
     0     0   34.00000    0   63   88.00000   34.00000  61.4%     -    0s
     0     0   34.00000    0   91   88.00000   34.00000  61.4%     -    0s
     0     0   34.00000    0   71   88.00000   34.00000  61.4%     -    0s
     0     0   34.00000    0   85   88.00000   34.00000  61.4%     -    0s
     0     0   34.00000    0  126   88.00000   34.00000  61.4%     -    0s
     0     0   34.00000    0   63   88.00000   34.00000  61.4%     -    0s
     0     0   34.00000    0   77   88.00000   34.00000  61.4%     -    0s
     0     0   34.00000    0  120   88.00000   34.00000  61.4%     -    0s
     0     0   34.00000    0   61   88.00000   34.00000  61.4%     -    0s
     0     0   34.00000    0   88   88.00000   34.00000  61.4%     -    0s
     0     0   34.00000    0  117   88.00000   34.00000  61.4%     -    1s
     0     0   34.00000    0   62   88.00000   34.00000  61.4%     -    1s
H    0     0                      87.0000000   34.00000  60.9%     -    1s
     0     0   34.00000    0   62   87.00000   34.00000  60.9%     -    1s
     0     0   34.00000    0   62   87.00000   34.00000  60.9%     -    1s
     0     2   34.00000    0   62   87.00000   34.00000  60.9%     -    1s
H   66    80                      86.0000000   34.00000  60.5%  84.0    2s
H   79   104                      84.0000000   34.00000  59.5%  86.8    2s
H   81   104                      81.0000000   34.00000  58.0%  85.6    2s
H  174   268                      79.0000000   34.00000  57.0%  61.2    3s
H  267   679                      78.0000000   34.00000  56.4%  60.9    4s
H  354   679                      76.0000000   34.00000  55.3%  55.7    4s
H 1139  1097                      76.0000000   34.00000  55.3%  35.2    4s
  1141  1318   38.00000   51   94   76.00000   34.00000  55.3%  35.2    5s
H 1207  1318                      75.0000000   34.00000  54.7%  34.5    5s
H 1435  1299                      74.0000000   34.00000  54.1%  33.0    6s
H 1442  1272                      73.0000000   34.00000  53.4%  33.2    7s
H 2253  2099                      73.0000000   34.00000  53.4%  28.9    8s
  2687  2346   67.00000   97   48   73.00000   34.00000  53.4%  28.5   10s
  3459  2951   34.00000   18  107   73.00000   34.00000  53.4%  36.6   15s
  3855  3117   34.00000   24  112   73.00000   34.00000  53.4%  39.3   20s
H 3879  2970                      72.0000000   34.00000  52.8%  39.3   20s
  4197  3207   34.00000   31  133   72.00000   34.00000  52.8%  41.4   25s
H 4203  3074                      72.0000000   34.00000  52.8%  41.5   25s
  4405  3227   39.00000   33  106   72.00000   34.00000  52.8%  42.3   31s
  4512  3255   34.00000   34  141   72.00000   34.00000  52.8%  42.6   37s
  4544  3449   34.00000   34  125   72.00000   34.00000  52.8%  42.6   41s
  4788  3552   34.00000   57  124   72.00000   34.00000  52.8%  43.6   45s
  5744  4087   34.00000   60  157   72.00000   34.00000  52.8%  45.3   52s
  5977  4041   34.00000   61  101   72.00000   34.00000  52.8%  46.2   56s
  6009  4766   34.16661   61  141   72.00000   34.00000  52.8%  46.3   60s
  7329  5490   54.00000   94   51   72.00000   34.00000  52.8%  45.9   66s
  8591  5734   61.00000  117   33   72.00000   34.00000  52.8%  46.9   72s
  9331  5618   61.00000  117   37   72.00000   34.00000  52.8%  47.4   76s
 10085  5850   61.00000  119   39   72.00000   34.00000  52.8%  47.9   82s
 10117  6314 infeasible  119        72.00000   34.00000  52.8%  48.1   87s
 10728  6200   65.00000   51   55   72.00000   34.00000  52.8%  48.4   90s
 11590  6840   67.00000   53   65   72.00000   34.00000  52.8%  48.8   98s
 11813  7317   67.00000   54   63   72.00000   34.00000  52.8%  48.6  102s
 12485  7383   60.00000   50   66   72.00000   34.00000  52.8%  48.4  107s
 12573  7475   65.00000   51   75   72.00000   34.00000  52.8%  48.3  112s
 12709  7928   65.00000   52   74   72.00000   34.00000  52.8%  48.4  117s
 13356  8133   68.00000   53   74   72.00000   34.00000  52.8%  48.2  123s
 13681  8203   70.00000   69   55   72.00000   34.00000  52.8%  48.2  128s
 13767  8883   70.00000   70   52   72.00000   34.00000  52.8%  48.2  132s
 14742  8919   70.00000   71   52   72.00000   34.00000  52.8%  48.2  137s
 14782  9215     cutoff   72        72.00000   34.00000  52.8%  48.2  142s
 15185  9238 infeasible   73        72.00000   34.00000  52.8%  48.3  147s
 15226  9263   36.00000   62  126   72.00000   34.00000  52.8%  48.3  152s
 15264  9704   49.00000   63   75   72.00000   34.00000  52.8%  48.3  159s
 15805  9813   49.00000   64   76   72.00000   34.00000  52.8%  48.5  166s
 15928 10663   49.00000   65   79   72.00000   34.00000  52.8%  48.5  172s
 17163 10973   36.00000   26  129   72.00000   34.00000  52.8%  48.1  178s
 17576 12192   36.00000   27  126   72.00000   34.00000  52.8%  47.9  184s
 19351 12221   36.00000   28  131   72.00000   34.00000  52.8%  47.9  190s
 19386 12446   48.00000   29   99   72.00000   34.00000  52.8%  48.0  196s
 19714 12470   48.00000   30   94   72.00000   34.00000  52.8%  47.9  202s
 19754 12499   48.00000   31   85   72.00000   34.00000  52.8%  47.9  208s
 19789 12699   48.00000   32   81   72.00000   34.00000  52.8%  47.9  216s
 20022 12734   65.00000   53   52   72.00000   34.00000  52.8%  47.9  222s
 20061 12763 infeasible   54        72.00000   34.00000  52.8%  47.9  229s
 20100 12793   65.00000   55   43   72.00000   34.00000  52.8%  47.9  238s
 20134 12863   65.00000   56   42   72.00000   34.00000  52.8%  47.9  244s
 20245 12945   65.00000   57   45   72.00000   34.00000  52.8%  47.9  252s
 20351 12974   65.00000   58   45   72.00000   34.00000  52.8%  47.9  261s
 20386 13086   65.00000   59   44   72.00000   34.00000  52.8%  47.9  268s
 20524 13113   65.00000   60   42   72.00000   34.00000  52.8%  47.9  276s
 20563 13269   65.00000   61   44   72.00000   34.00000  52.8%  47.9  283s
 20783 13291   34.00000   26  125   72.00000   34.00000  52.8%  47.8  290s
 20825 13492   34.00000   27  128   72.00000   34.00000  52.8%  47.8  297s
 21064 13524   48.00000   45   81   72.00000   34.00000  52.8%  47.6  304s
 21100 14510   61.00000   46   76   72.00000   34.00000  52.8%  47.5  312s
 22565 14542 infeasible   64        72.00000   34.00000  52.8%  47.3  319s
 22658 15396   34.00000   33  162   72.00000   34.00000  52.8%  47.3  326s
 23827 15422   34.00000   34  165   72.00000   34.00000  52.8%  47.2  334s
 23865 15447   34.00000   35  163   72.00000   34.00000  52.8%  47.2  342s
 23904 15470   34.00000   34  147   72.00000   34.00000  52.8%  47.3  350s
 23945 15642   34.00000   35  161   72.00000   34.00000  52.8%  47.3  358s
 24197 15671   39.00000   36  130   72.00000   34.00000  52.8%  47.3  369s
 24258 15765   34.00000   35  143   72.00000   34.00000  52.8%  47.4  378s
 24458 15787   34.02423   36  162   72.00000   34.00000  52.8%  47.5  387s
 24508 16094   59.00000   37   79   72.00000   34.00000  52.8%  47.6  396s
 24886 16355   63.00000   48   83   72.00000   34.00000  52.8%  47.7  405s
 25282 18802     cutoff   49        72.00000   34.00000  52.8%  47.7  413s
 28546 18829   53.00000   61   62   72.00000   34.00000  52.8%  48.0  421s
 28583 19569   53.00000   59   55   72.00000   34.00000  52.8%  48.0  429s
 29574 20132   53.00000   60   52   72.00000   34.00000  52.8%  47.9  446s
 30277 20717   65.00000   79   53   72.00000   34.00000  52.8%  48.2  473s
 31030 20740   65.00000  100   36   72.00000   34.00000  52.8%  48.2  506s
 31071 22676 infeasible  101        72.00000   34.00000  52.8%  48.3  544s
 33623 25741   70.00000   62   54   72.00000   34.00000  52.8%  48.3  564s
 38099 25762   39.00000   46  103   72.00000   34.00000  52.8%  48.3  578s
 38142 25940   36.00000   45  101   72.00000   34.00000  52.8%  48.4  593s
 38372 27466   63.00000   72   75   72.00000   34.00000  52.8%  48.4  606s
 40611 28392   60.00000   72   78   72.00000   34.00000  52.8%  48.3  619s
 41895 29365   55.00000   71   77   72.00000   34.00000  52.8%  48.4  634s
 43288 31111   63.00000   72   73   72.00000   34.00000  52.8%  48.4  649s
H45062 31111                      72.0000000   34.00000  52.8%  48.4  649s
 45801 34422   34.00000   26  131   72.00000   34.00000  52.8%  48.5  663s
H46461 32240                      71.0000000   34.00000  52.1%  48.5  663s
 50217 31974   48.00000   42   79   71.00000   34.00000  52.1%  48.6  676s
H50222 31974                      71.0000000   34.00000  52.1%  48.6  676s
 50265 32424   53.00000   42   87   71.00000   34.00000  52.1%  48.7  688s
 50829 32519   48.00000   43   67   71.00000   34.00000  52.1%  48.6  704s
 50943 34327   53.00000   43   66   71.00000   34.00000  52.1%  48.7  719s
 53388 35910   51.00000   54   71   71.00000   34.00000  52.1%  48.5  733s
H53635 32841                      70.0000000   34.00000  51.4%  48.5  733s
 55445 36860 infeasible  105        70.00000   34.00000  51.4%  48.5  748s
H59180 36856                      70.0000000   34.00000  51.4%  48.7  748s
 60839 44360   53.00000   38   73   70.00000   34.00000  51.4%  48.8  769s
 71286 44387   61.00000   61   45   70.00000   34.00000  51.4%  48.9  775s
 71323 44412   61.00000   62   41   70.00000   34.00000  51.4%  48.9  781s
H71341 41882                      69.0000000   34.00000  50.7%  48.9  781s
 71362 42408 infeasible   63        69.00000   34.00000  50.7%  48.9  788s
H71406 42408                      69.0000000   34.00000  50.7%  48.9  788s
 72115 42430   61.00000   69   24   69.00000   34.00000  50.7%  48.9  794s
 72154 42833   61.00000   70   22   69.00000   34.00000  50.7%  48.9  801s
 72717 42857   61.00000   71   22   69.00000   34.00000  50.7%  49.1  810s
 72756 43138   61.00000   72   23   69.00000   34.00000  50.7%  49.1  820s
 73134 43191   67.00000   71   28   69.00000   34.00000  50.7%  49.0  831s
 73226 43258   68.00000   60   39   69.00000   34.00000  50.7%  49.1  842s
 73341 43753   68.00000   61   35   69.00000   34.00000  50.7%  49.1  855s
 74044 44765   68.00000   62   30   69.00000   34.00000  50.7%  49.0  869s
 75518 45628 infeasible   63        69.00000   34.00000  50.7%  48.9  880s
 76788 48077 infeasible   64        69.00000   34.00000  50.7%  49.1  893s
 80255 48995   34.00000   27  158   69.00000   34.00000  50.7%  49.2  906s
 81610 52745   34.00000   28  178   69.00000   34.00000  50.7%  49.2  919s
 85136 52745   39.00000   41   83   69.00000   34.00000  50.7%  49.3  920s
 87235 54816   34.11725   28  163   69.00000   34.00000  50.7%  49.4  931s
 90257 54844   53.00000   41   76   69.00000   34.00000  50.7%  49.5  964s
 90293 76060   53.00000   42   84   69.00000   34.00000  50.7%  49.5 1064s
 107293 76060   57.00000   60   67   69.00000   34.00000  50.7%  49.4 1065s
 122293 76088   67.00000   70   39   69.00000   34.00000  50.7%  49.5 1092s
 122333 98273 infeasible   71        69.00000   34.00000  50.7%  49.5 1255s
H126423 92820                      68.0000000   34.00000  50.0%  49.5 1255s
 154333 91162 infeasible  124        68.00000   34.00000  50.0%  49.4 1282s
H154361 91158                      68.0000000   34.00000  50.0%  49.4 1282s
 154398 112170   34.08738   30  132   68.00000   34.00000  50.0%  49.4 1441s
 186398 112198   67.00000   68   44   68.00000   34.00000  50.0%  49.5 1468s
 186434 133354 infeasible   69        68.00000   34.00000  50.0%  49.6 1637s
 218434 139892   64.00000   88   45   68.00000   34.00000  50.0%  49.8 1663s
 228780 139920   58.00000   44   79   68.00000   34.00000  50.0%  49.8 1672s
 228815 139945   62.00000   47   67   68.00000   34.00000  50.0%  49.8 1680s
 228854 139976   62.00000   48   65   68.00000   34.00000  50.0%  49.8 1689s
 228887 140002   62.00000   49   63   68.00000   34.00000  50.0%  49.8 1700s
 228925 140122   62.00000   50   67   68.00000   34.00000  50.0%  49.8 1709s
 229109 140151   62.00000   51   69   68.00000   34.00000  50.0%  49.8 1718s
 229146 140181   62.00000   52   60   68.00000   34.00000  50.0%  49.8 1727s
 229180 140210   62.00000   53   63   68.00000   34.00000  50.0%  49.8 1736s
 229217 140288   62.00000   54   54   68.00000   34.00000  50.0%  49.8 1746s
 229341 140322   62.00000   55   51   68.00000   34.00000  50.0%  49.8 1757s
 229379 140502   62.00000   56   51   68.00000   34.00000  50.0%  49.7 1777s
 229642 140888   67.00000   57   36   68.00000   34.00000  50.0%  49.7 1795s
 230234 141973   67.00000   58   35   68.00000   34.00000  50.0%  49.7 1812s
 231886 142832 infeasible   56        68.00000   34.00000  50.0%  49.7 1826s
 233203 143271   36.00000   40  124   68.00000   34.00000  50.0%  49.7 1843s
 233898 146528   45.00000   41  107   68.00000   34.00000  50.0%  49.7 1859s
 238748 149689   34.16240   39  143   68.00000   34.00000  50.0%  49.8 1872s
 243173 149711   63.00000  106   37   68.00000   34.00000  50.0%  49.8 1886s
 243215 149754   63.00000  107   35   68.00000   34.00000  50.0%  49.8 1898s
 243326 149779   63.00000  108   40   68.00000   34.00000  50.0%  49.8 1913s
 243364 149972   66.00000  108   34   68.00000   34.00000  50.0%  49.8 1932s
 243613 150802   63.00000  107   32   68.00000   34.00000  50.0%  49.8 1950s
 244864 151857   63.00000  108   37   68.00000   34.00000  50.0%  49.8 1976s
 246521 152557   66.00000  108   31   68.00000   34.00000  50.0%  49.8 2001s
 247587 154210 infeasible  106        68.00000   34.00000  50.0%  49.8 2025s
 250116 154422   53.00000   43   57   68.00000   34.00000  50.0%  49.8 2057s
 250422 164166   53.00000   44   57   68.00000   34.00000  50.0%  49.8 2096s
 265327 164188   53.00000   45   58   68.00000   34.00000  50.0%  49.8 2109s
 265369 164512   53.00000   46   55   68.00000   34.00000  50.0%  49.8 2122s
 265836 164560   62.00000   39   66   68.00000   34.00000  50.0%  49.8 2135s
 265896 164589   65.00000   40   60   68.00000   34.00000  50.0%  49.8 2160s
 265931 164957   65.00000   41   50   68.00000   34.00000  50.0%  49.8 2180s
 266521 165908   65.00000   57   32   68.00000   34.00000  50.0%  49.8 2203s
 267878 166939   65.00000   69   36   68.00000   34.00000  50.0%  49.8 2226s
 269632 169185   65.00000   70   35   68.00000   34.00000  50.0%  49.7 2244s
 272907 171781   50.00000   47   96   68.00000   34.00000  50.0%  49.7 2262s
 276417 174986   60.00000   78   65   68.00000   34.00000  50.0%  49.7 2280s
 281412 176561   42.00000   31  107   68.00000   34.00000  50.0%  49.7 2306s
 283511 176591   60.00000   96   43   68.00000   34.00000  50.0%  49.6 2352s
 283545 178503   60.00000   97   50   68.00000   34.00000  50.0%  49.6 2400s
 286542 178591   55.00000   37   81   68.00000   34.00000  50.0%  49.6 2442s
 286681 187056   59.00000   41   67   68.00000   34.00000  50.0%  49.6 2489s
 299137 190028   34.00000   38  114   68.00000   34.00000  50.0%  49.6 2507s
 303725 190509   34.00000   39  114   68.00000   34.00000  50.0%  49.6 2524s
 304421 191344   34.00000   40  111   68.00000   34.00000  50.0%  49.6 2542s
 305826 191369   48.00000   41   84   68.00000   34.00000  50.0%  49.5 2565s
 305865 191844   48.00000   42   82   68.00000   34.00000  50.0%  49.5 2589s
 306529 192716   48.00000   43   81   68.00000   34.00000  50.0%  49.6 2622s
 307907 195776   53.00000   44   76   68.00000   34.00000  50.0%  49.6 2650s
 312510 201671   53.00000   45   74   68.00000   34.00000  50.0%  49.6 2677s
 321090 201897   62.00000   46   49   68.00000   34.00000  50.0%  49.6 2687s
 321450 203216   63.00000   47   48   68.00000   34.00000  50.0%  49.6 2698s
 323510 205441   63.00000   48   46   68.00000   34.00000  50.0%  49.5 2709s
 326673 205485   63.00000   63   42   68.00000   34.00000  50.0%  49.4 2721s
 326731 205593   63.00000   64   39   68.00000   34.00000  50.0%  49.4 2733s
 326921 205885   63.00000   65   32   68.00000   34.00000  50.0%  49.4 2747s
 327409 205910   65.00000   70   41   68.00000   34.00000  50.0%  49.4 2761s
 327448 206536   65.00000   71   42   68.00000   34.00000  50.0%  49.4 2777s
 328385 206551   59.00000   53   60   68.00000   34.00000  50.0%  49.4 2795s
 328441 207383   59.00000   54   56   68.00000   34.00000  50.0%  49.4 2819s
 329708 208226   59.00000   55   57   68.00000   34.00000  50.0%  49.4 2842s
 331099 210836   61.00000   43   57   68.00000   34.00000  50.0%  49.4 2866s
 335074 211085   67.00000   86   37   68.00000   34.00000  50.0%  49.4 2887s
 335412 211285 infeasible   87        68.00000   34.00000  50.0%  49.4 2907s
 335751 213899   39.00000   24  114   68.00000   34.00000  50.0%  49.4 2930s
 339449 213926   56.00000   40   94   68.00000   34.00000  50.0%  49.4 2955s
 339486 213992   56.00000   41   94   68.00000   34.00000  50.0%  49.4 2985s
 339558 214039   56.00000   42   90   68.00000   34.00000  50.0%  49.4 3017s
 339611 214101   56.00000   41   90   68.00000   34.00000  50.0%  49.4 3042s
 339688 214188   56.00000   44   75   68.00000   34.00000  50.0%  49.4 3066s
 339819 216035   65.00000   48   76   68.00000   34.00000  50.0%  49.4 3090s
 342664 221515   64.00000   57   55   68.00000   34.00000  50.0%  49.3 3119s
 350923 221691   62.00000   54   74   68.00000   34.00000  50.0%  49.3 3131s
 351161 222373   55.00000   54   72   68.00000   34.00000  50.0%  49.3 3143s
 352309 224881   63.00000   73   47   68.00000   34.00000  50.0%  49.3 3156s
 356176 225279   63.00000   74   46   68.00000   34.00000  50.0%  49.3 3173s
 356899 225305   66.00000   75   62   68.00000   34.00000  50.0%  49.3 3188s
 356937 225447   64.00000   75   41   68.00000   34.00000  50.0%  49.3 3204s
 357196 225496   63.00000   74   54   68.00000   34.00000  50.0%  49.3 3228s
 357263 225543 infeasible   75        68.00000   34.00000  50.0%  49.3 3256s
 357337 226039     cutoff   76        68.00000   34.00000  50.0%  49.3 3277s
 358054 229186   44.00000   33  100   68.00000   34.00000  50.0%  49.3 3295s
 362812 229204   39.00000   22  100   68.00000   34.00000  50.0%  49.3 3312s
 362867 229236   39.00000   23  101   68.00000   34.00000  50.0%  49.3 3328s
 362913 230780   39.00000   24  101   68.00000   34.00000  50.0%  49.3 3345s
 365150 234244   39.00000   25  103   68.00000   34.00000  50.0%  49.3 3363s
 370587 234263   47.00000   51   67   68.00000   34.00000  50.0%  49.3 3379s
 370632 234282   47.00000   52   62   68.00000   34.00000  50.0%  49.3 3398s
 370677 235415   47.00000   53   71   68.00000   34.00000  50.0%  49.3 3421s
 372531 239721   34.67051   32  107   68.00000   34.00000  50.0%  49.3 3452s
 379225 239803   60.00000   68   81   68.00000   34.00000  50.0%  49.3 3468s
 379377 240382   67.00000   68   76   68.00000   34.00000  50.0%  49.3 3484s
 380133 240407   34.58530   39  126   68.00000   34.00000  50.0%  49.3 3503s
 380172 241234   34.61481   38  129   68.00000   34.00000  50.0%  49.3 3523s
 381479 242097 infeasible   58        68.00000   34.00000  50.0%  49.3 3553s
 382788 242278   34.00000   30  125   68.00000   34.00000  50.0%  49.3 3578s
 383065 242341   34.00000   31  129   68.00000   34.00000  50.0%  49.3 3600s

Cutting planes:
  Learned: 11551
  Gomory: 17
  Cover: 211
  MIR: 478
  StrongCG: 10
  Flow cover: 1574
  Network: 1
  RLT: 143

Explored 383142 nodes (18891893 simplex iterations) in 3600.10 seconds (1331.81 work units)
Thread count was 32 (of 32 available processors)

Solution count 10: 68 68 69 ... 72

Time limit reached
Best objective 6.799999999310e+01, best bound 3.400000000000e+01, gap 50.0000%
