
Gurobi 13.0.0 (linux64) logging started Mon Nov 24 23:57:35 2025

Set parameter LogFile to value "./Results/StripPacking-CutHeur/Logs/SBL-111-StripPacking-20-0.log"
Set parameter TimeLimit to value 3600
Set parameter Cuts to value 1
Set parameter Presolve to value 1
Set parameter Heuristics to value 1
Set parameter LogToConsole to value 0
Set parameter LPWarmStart to value 2
Gurobi Optimizer version 13.0.0 build v13.0.0rc1 (linux64 - "Debian GNU/Linux 12 (bookworm)")

CPU model: Intel(R) Xeon(R) CPU E5-2630 v3 @ 2.40GHz, instruction set [SSE2|AVX|AVX2]
Thread count: 16 physical cores, 32 logical processors, using up to 32 threads

Non-default parameters:
TimeLimit  3600
LPWarmStart  2
Heuristics  1
Cuts  1
LogToConsole  0
Presolve  1

Optimize a model with 3625 rows, 651 columns and 12050 nonzeros (Min)
Model fingerprint: 0x00092d0f
Model has 1 linear objective coefficients
Variable types: 51 continuous, 600 integer (600 binary)
Coefficient statistics:
  Matrix range     [1e+00, 1e+04]
  Objective range  [1e+00, 1e+00]
  Bounds range     [1e+00, 1e+04]
  RHS range        [5e-01, 1e+04]

Warning: Completing partial solution with 600 unfixed non-continuous variables out of 600
User MIP start produced solution with objective 104.8 (0.00s)
Loaded user MIP start with objective 104.8

Presolve removed 600 rows and 0 columns
Presolve time: 0.01s
Presolved: 3025 rows, 651 columns, 10250 nonzeros
Variable types: 51 continuous, 600 integer (600 binary)

Root relaxation: objective 3.600000e+01, 394 iterations, 0.02 seconds (0.02 work units)

    Nodes    |    Current Node    |     Objective Bounds      |     Work
 Expl Unexpl |  Obj  Depth IntInf | Incumbent    BestBd   Gap | It/Node Time

     0     0   36.00000    0   87  104.80000   36.00000  65.6%     -    0s
H    0     0                     102.0000000   36.00000  64.7%     -    0s
     0     0   36.00000    0  142  102.00000   36.00000  64.7%     -    0s
H    0     0                      96.0000000   36.00000  62.5%     -    0s
     0     0   36.00000    0  134   96.00000   36.00000  62.5%     -    0s
     0     0   36.00000    0  131   96.00000   36.00000  62.5%     -    0s
     0     0   36.00000    0   62   96.00000   36.00000  62.5%     -    0s
H    0     0                      95.0000000   36.00000  62.1%     -    0s
     0     0   36.00000    0   80   95.00000   36.00000  62.1%     -    0s
     0     0   36.00000    0  110   95.00000   36.00000  62.1%     -    0s
     0     0   36.00000    0   85   95.00000   36.00000  62.1%     -    0s
     0     0   36.00000    0   80   95.00000   36.00000  62.1%     -    0s
     0     0   36.00000    0  111   95.00000   36.00000  62.1%     -    0s
     0     0   36.00000    0   73   95.00000   36.00000  62.1%     -    0s
     0     0   36.00000    0   86   95.00000   36.00000  62.1%     -    0s
     0     0   36.00000    0  131   95.00000   36.00000  62.1%     -    0s
     0     0   36.00000    0   73   95.00000   36.00000  62.1%     -    1s
     0     0   36.00000    0   88   95.00000   36.00000  62.1%     -    1s
     0     0   36.00000    0  106   95.00000   36.00000  62.1%     -    1s
     0     0   36.00000    0   84   95.00000   36.00000  62.1%     -    1s
     0     0   36.00000    0   84   95.00000   36.00000  62.1%     -    1s
     0     0   36.00000    0   84   95.00000   36.00000  62.1%     -    1s
     0     2   36.00000    0   71   95.00000   36.00000  62.1%     -    1s
H   49    64                      93.0000000   36.00000  61.3%  85.1    2s
H   88   110                      92.0000000   36.00000  60.9%  68.3    2s
H  152   161                      89.0000000   36.00000  59.6%  58.1    2s
H  191   213                      86.0000000   36.00000  58.1%  54.4    3s
H  361   485                      85.0000000   36.00000  57.6%  46.9    3s
H  526  1019                      85.0000000   36.00000  57.6%  45.2    4s
  1159  1125   77.00000   41   48   85.00000   36.00000  57.6%  34.2    5s
H 2342  2116                      84.0000000   36.00000  57.1%  26.7    7s
H 3116  2786                      83.0000000   36.00000  56.6%  25.6    8s
  3281  2778   81.00000   98  107   83.00000   36.00000  56.6%  25.6   10s
  3667  3068   48.00000   23   70   83.00000   36.00000  56.6%  34.2   15s
  3877  3223   48.00000   26   79   83.00000   36.00000  56.6%  34.9   20s
  5317  4254   56.00000   47   72   83.00000   36.00000  56.6%  34.9   25s
  6159  4474   56.00000   52   84   83.00000   36.00000  56.6%  34.7   30s
  6413  4609   56.00000   56   78   83.00000   36.00000  56.6%  35.0   35s
  6882  4817   77.00000   59   68   83.00000   36.00000  56.6%  34.8   40s
  7285  4986   66.00000   62   56   83.00000   36.00000  56.6%  35.0   45s
H 7380  4875                      83.0000000   36.00000  56.6%  35.0   47s
  7501  4980   66.00000   64   55   83.00000   36.00000  56.6%  34.9   51s
  7870  5316   66.00000   65   49   83.00000   36.00000  56.6%  34.9   55s
 10304  6257   66.00000   68   50   83.00000   36.00000  56.6%  33.8   60s
 10597  6340   66.00000   69   50   83.00000   36.00000  56.6%  33.8   65s
 11170  6737   66.00000   86   55   83.00000   36.00000  56.6%  33.8   70s
 11628  6861 infeasible  110        83.00000   36.00000  56.6%  33.5   76s
 12075  7242 infeasible  111        83.00000   36.00000  56.6%  33.6   82s
 12504  7518   78.00000   54   55   83.00000   36.00000  56.6%  33.4   86s
 12571  7679   78.00000   56   56   83.00000   36.00000  56.6%  33.4   91s
 12854  7937   81.00000   59   56   83.00000   36.00000  56.6%  33.3   96s
 13164  8123   81.00000   61   57   83.00000   36.00000  56.6%  33.2  101s
 13527  8352   81.00000   63   57   83.00000   36.00000  56.6%  33.0  106s
 13641  8642   81.00000   65   55   83.00000   36.00000  56.6%  33.0  110s
 13998  8806   81.00000   67   56   83.00000   36.00000  56.6%  33.0  115s
 14246  8905 infeasible   80        83.00000   36.00000  56.6%  32.9  122s
 14284  9132   81.00000   81   54   83.00000   36.00000  56.6%  32.9  126s
 14664  9451   81.00000   83   51   83.00000   36.00000  56.6%  32.9  132s
 14989  9503   81.00000   92   44   83.00000   36.00000  56.6%  32.8  136s
 15300  9732   81.00000   94   43   83.00000   36.00000  56.6%  32.8  142s
 15353  9863 infeasible   95        83.00000   36.00000  56.6%  32.8  145s
 15612 10137   36.00000   26  140   83.00000   36.00000  56.6%  32.9  153s
 15904 10163   36.00000   27  138   83.00000   36.00000  56.6%  32.8  156s
 15942 10248   36.00000   28  137   83.00000   36.00000  56.6%  32.8  160s
 16462 10898   36.80144   30  136   83.00000   36.00000  56.6%  32.8  167s
 16826 10990   79.00000   91   50   83.00000   36.00000  56.6%  32.8  172s
 16972 11350   59.00000   26   64   83.00000   36.00000  56.6%  32.8  177s
 17478 11546 infeasible  108        83.00000   36.00000  56.6%  32.6  180s
 17998 11730   67.00000   81   50   83.00000   36.00000  56.6%  32.5  187s
 18042 12337   77.00000   80   50   83.00000   36.00000  56.6%  32.5  193s
 18880 12694   79.00000  109   30   83.00000   36.00000  56.6%  32.4  197s
 19352 13695   79.00000  110   32   83.00000   36.00000  56.6%  32.6  201s
*21263 13272             121      82.0000000   36.00000  56.1%  32.1  204s
 21452 13130 infeasible  115        82.00000   36.00000  56.1%  32.1  208s
 21522 13154 infeasible  115        82.00000   36.00000  56.1%  32.1  212s
H21540 12168                      81.0000000   36.00000  55.6%  32.1  212s
 21559 12182     cutoff  113        81.00000   36.00000  55.6%  32.2  216s
H21598 12182                      81.0000000   36.00000  55.6%  32.2  216s
H21604 11739                      80.0000000   36.00000  55.0%  32.2  216s
 21605 11755   47.00000   25   97   80.00000   36.00000  55.0%  32.2  220s
 21685 11848   47.00000   27   72   80.00000   36.00000  55.0%  32.3  229s
H21704 11848                      80.0000000   36.00000  55.0%  32.3  229s
 21764 12010   47.00000   28   70   80.00000   36.00000  55.0%  32.2  233s
 21948 12069   47.00000   29   68   80.00000   36.00000  55.0%  32.2  238s
 22019 12421   47.00000   30   68   80.00000   36.00000  55.0%  32.2  242s
 22485 12565   79.00000   67   21   80.00000   36.00000  55.0%  32.1  249s
 22659 12900   79.00000   68   21   80.00000   36.00000  55.0%  32.0  254s
 23058 13120   79.00000   69   27   80.00000   36.00000  55.0%  32.0  260s
 23401 13607 infeasible   70        80.00000   36.00000  55.0%  32.0  265s
 24082 14081   79.00000   71   24   80.00000   36.00000  55.0%  32.1  272s
 24765 14101   79.00000   72   24   80.00000   36.00000  55.0%  32.0  280s
 24813 14441   79.00000   73   21   80.00000   36.00000  55.0%  32.0  285s
 25278 16659   79.00000   74   23   80.00000   36.00000  55.0%  32.1  292s
 28376 17653 infeasible   70        80.00000   36.00000  55.0%  32.2  297s
 29711 19370   60.00000   60   65   80.00000   36.00000  55.0%  32.3  305s
 31976 19753   51.00000   60   84   80.00000   36.00000  55.0%  32.4  315s
 32526 20204   51.00000   61   79   80.00000   36.00000  55.0%  32.4  321s
 33140 21738   51.00000   61   89   80.00000   36.00000  55.0%  32.4  329s
 35226 22326   51.00000   62   79   80.00000   36.00000  55.0%  32.4  336s
 36142 22356   70.00000   62   68   80.00000   36.00000  55.0%  32.4  342s
 36176 22385   70.00000   63   66   80.00000   36.00000  55.0%  32.4  348s
 36222 22446   70.00000   63   64   80.00000   36.00000  55.0%  32.4  356s
 36323 22476   70.00000   64   63   80.00000   36.00000  55.0%  32.4  363s
 36357 23130   70.00000   64   62   80.00000   36.00000  55.0%  32.4  370s
 37391 24691   70.00000   65   62   80.00000   36.00000  55.0%  32.3  379s
 39379 27513   70.00000   65   65   80.00000   36.00000  55.0%  32.4  387s
 43294 27759   78.00000   62   29   80.00000   36.00000  55.0%  32.2  393s
 43631 27794   78.00000   72   23   80.00000   36.00000  55.0%  32.2  400s
 43693 29579   78.00000   73   22   80.00000   36.00000  55.0%  32.2  406s
 46018 31136 infeasible   81        80.00000   36.00000  55.0%  32.3  414s
 48174 31159   72.00000   55   64   80.00000   36.00000  55.0%  32.4  421s
 48215 31345   72.00000   56   61   80.00000   36.00000  55.0%  32.4  428s
 48496 31506   73.00000   68   55   80.00000   36.00000  55.0%  32.4  436s
 48694 32118   74.00000   76   46   80.00000   36.00000  55.0%  32.4  444s
H49569 32118                      80.0000000   36.00000  55.0%  32.4  444s
 49722 32321   69.00000   58   61   80.00000   36.00000  55.0%  32.4  452s
 49955 33169   69.00000   59   64   80.00000   36.00000  55.0%  32.4  461s
 51100 33469   48.00000   31   99   80.00000   36.00000  55.0%  32.4  472s
 51527 34586   48.00000   32   98   80.00000   36.00000  55.0%  32.4  485s
 53255 35657   48.00000   33   96   80.00000   36.00000  55.0%  32.5  496s
 54867 37577   48.00000   34   95   80.00000   36.00000  55.0%  32.5  507s
 57604 40184   59.00000   53   76   80.00000   36.00000  55.0%  32.6  518s
 61152 44535   59.00000   54   74   80.00000   36.00000  55.0%  32.5  532s
 67386 45454   77.00000   35   62   80.00000   36.00000  55.0%  32.5  538s
 68580 45479   77.00000   36   58   80.00000   36.00000  55.0%  32.5  545s
 68619 45942   77.00000   37   46   80.00000   36.00000  55.0%  32.5  552s
 69314 46847   77.00000   38   43   80.00000   36.00000  55.0%  32.5  563s
 70557 47048   77.00000   39   42   80.00000   36.00000  55.0%  32.5  575s
 70792 47594   77.00000   41   42   80.00000   36.00000  55.0%  32.5  584s
 71535 49771   61.00000   34   81   80.00000   36.00000  55.0%  32.5  595s
 74520 51163   79.00000   66   35   80.00000   36.00000  55.0%  32.5  607s
 76330 52100   74.00000   38   70   80.00000   36.00000  55.0%  32.5  618s
 77504 52155   78.00000   51   50   80.00000   36.00000  55.0%  32.5  634s
 77593 54994   78.00000   52   50   80.00000   36.00000  55.0%  32.5  651s
 81485 60093   78.00000   53   50   80.00000   36.00000  55.0%  32.6  665s
 88242 60296   78.00000   54   49   80.00000   36.00000  55.0%  32.8  676s
 88515 64616   78.00000   55   47   80.00000   36.00000  55.0%  32.8  687s
 94605 67315   78.00000   95   33   80.00000   36.00000  55.0%  32.7  707s
 98676 67293 infeasible   79        80.00000   36.00000  55.0%  32.6  724s
 98762 67320   53.00000   29   88   80.00000   36.00000  55.0%  32.6  742s
 98799 68042   53.00000   30   79   80.00000   36.00000  55.0%  32.6  761s
 99654 69049   53.00000   31   77   80.00000   36.00000  55.0%  32.6  784s
 100956 70373   63.00000   58   53   80.00000   36.00000  55.0%  32.6  811s
 102702 86012   71.00000   66   45   80.00000   36.00000  55.0%  32.6  843s
 124790 86347   56.00000   64   73   80.00000   36.53386  54.3%  32.2  862s
 125253 108264   57.00000   66   73   80.00000   36.53386  54.3%  32.1  946s
 157253 113763 infeasible   92        80.00000   38.61630  51.7%  31.6  964s
 165124 114161   53.00000   28   74   80.00000   39.00000  51.2%  31.4  972s
 165704 114197   65.00000   29   64   80.00000   39.24496  50.9%  31.4  980s
 165748 115235   65.00000   30   71   80.00000   39.24496  50.9%  31.4  988s
 167193 115730   65.00000   31   69   80.00000   39.25709  50.9%  31.4  999s
 168011 117382   65.00000   32   68   80.00000   39.59498  50.5%  31.4 1010s
 170427 119809   65.00000   33   62   80.00000   39.59498  50.5%  31.3 1021s
 174047 122869   65.00000   34   69   80.00000   39.59498  50.5%  31.2 1032s
 178344 127353   59.00000   42   57   80.00000   40.00000  50.0%  31.2 1042s
 184922 127363   78.00000   55   36   80.00000   40.00000  50.0%  31.1 1050s
 184976 127994   78.00000   56   37   80.00000   40.00000  50.0%  31.1 1059s
 185872 128015   52.00000   32   79   80.00000   40.00000  50.0%  31.1 1068s
 185915 128038   53.00000   35   83   80.00000   40.00000  50.0%  31.1 1080s
 185956 128075   48.00000   34   81   80.00000   40.00000  50.0%  31.1 1091s
 186006 129059   64.00000   35   80   80.00000   40.00000  50.0%  31.1 1100s
 187367 136248   59.00000   55   69   80.00000   40.00000  50.0%  31.1 1117s
 198257 138701   41.00000   31  110   80.00000   40.00000  50.0%  30.9 1123s
 201516 138731   53.00000   32   91   80.00000   40.00000  50.0%  30.8 1128s
 201550 138762   53.00000   33   88   80.00000   40.00000  50.0%  30.8 1136s
 201583 138963   59.00000   34   92   80.00000   40.00000  50.0%  30.8 1143s
 201814 139015   59.00000   35   90   80.00000   40.00000  50.0%  30.8 1149s
 201873 139299   59.00000   36   87   80.00000   40.00000  50.0%  30.8 1156s
 202260 139342   59.00000   37   87   80.00000   40.00000  50.0%  30.8 1165s
 202307 139897   59.00000   38   89   80.00000   40.00000  50.0%  30.8 1176s
 203045 139938   60.00000   65   83   80.00000   41.00000  48.7%  30.8 1186s
 203101 139972   78.00000   69   50   80.00000   41.00000  48.7%  30.8 1196s
 203139 140168   69.00000   70   65   80.00000   41.00000  48.7%  30.8 1213s
 203381 140600   69.00000   71   63   80.00000   41.00000  48.7%  30.8 1222s
 204031 142976   78.00000   87   37   80.00000   41.00000  48.7%  30.8 1232s
 207218 143801   59.00000   63   54   80.00000   41.00000  48.7%  30.7 1241s
 208519 143828   79.00000   86   10   80.00000   41.00000  48.7%  30.7 1251s
 208556 144897   79.00000   86   12   80.00000   41.00000  48.7%  30.7 1263s
 210028 146347   79.00000   87   11   80.00000   41.00000  48.7%  30.7 1278s
 212273 147024   71.00000   53   50   80.00000   41.00000  48.7%  30.7 1290s
 213251 147308     cutoff   67        80.00000   41.00000  48.7%  30.7 1304s
 213645 149072 infeasible   66        80.00000   41.00000  48.7%  30.7 1319s
 216081 152425   79.00000   48   52   80.00000   41.00000  48.7%  30.7 1334s
 220965 152453   79.00000   49   52   80.00000   41.00000  48.7%  30.6 1351s
 221001 174529   79.00000   49   49   80.00000   41.00000  48.7%  30.6 1437s
 253001 174690   71.00000   61   53   80.00000   42.00000  47.5%  30.4 1457s
 253262 196564   76.00000   37   53   80.00000   42.00000  47.5%  30.4 1545s
 285262 205977   64.00000   33   68   80.00000   42.00000  47.5%  30.4 1561s
 299693 205999   70.00000   60   55   80.00000   42.00000  47.5%  30.4 1566s
 299735 206039   70.00000   61   47   80.00000   42.00000  47.5%  30.4 1571s
 299803 206061   77.00000   62   47   80.00000   42.00000  47.5%  30.4 1576s
 299844 206065   77.00000   63   44   80.00000   42.00000  47.5%  30.4 1581s
 299904 206110   77.00000   64   45   80.00000   42.00000  47.5%  30.4 1589s
 299989 206136   77.00000   65   43   80.00000   42.00000  47.5%  30.4 1596s
 300027 206337   77.00000   66   41   80.00000   42.00000  47.5%  30.4 1602s
 300307 206374   76.00000   64   45   80.00000   42.00000  47.5%  30.4 1612s
 300356 206450   76.00000   65   50   80.00000   42.00000  47.5%  30.4 1619s
 300466 206946   76.00000   66   50   80.00000   42.00000  47.5%  30.4 1627s
 301219 207044 infeasible   61        80.00000   42.00000  47.5%  30.4 1634s
 301393 207074   66.00000   46   53   80.00000   42.00000  47.5%  30.4 1640s
 301427 207417   66.00000   47   47   80.00000   42.00000  47.5%  30.4 1647s
 301950 207788   66.00000   48   43   80.00000   42.00000  47.5%  30.4 1654s
 302666 209757   77.00000   49   34   80.00000   42.00000  47.5%  30.4 1662s
 305514 210534 infeasible   83        80.00000   42.00000  47.5%  30.4 1669s
 306740 210631   64.00000   46   66   80.00000   42.00000  47.5%  30.4 1677s
 306873 210963   69.00000   47   67   80.00000   42.00000  47.5%  30.4 1686s
 307403 211318   77.00000   35   47   80.00000   42.00000  47.5%  30.4 1696s
 307910 213680   77.00000   35   46   80.00000   42.00000  47.5%  30.4 1709s
 311539 213703   77.00000   69   53   80.00000   42.00000  47.5%  30.4 1719s
 311580 213726   77.00000   70   46   80.00000   42.00000  47.5%  30.4 1729s
 311621 213823   77.00000   71   43   80.00000   42.00000  47.5%  30.4 1744s
 311744 214128   77.00000   71   45   80.00000   42.00000  47.5%  30.4 1756s
 312223 217030   77.00000   71   46   80.00000   42.00000  47.5%  30.4 1767s
 316830 219100   73.00000   53   67   80.00000   42.00000  47.5%  30.4 1784s
 319955 222332   78.00000   61   39   80.00000   42.00000  47.5%  30.4 1803s
 324876 222355   74.00000   59   50   80.00000   42.00000  47.5%  30.4 1816s
 324917 222898   68.00000   59   54   80.00000   42.00000  47.5%  30.4 1830s
H325109 199618                      79.0000000   42.00000  46.8%  30.3 1830s
 325681 199576   73.00000   79   41   79.00000   42.00000  46.8%  30.3 1846s
H325688 199567                      79.0000000   42.00000  46.8%  30.3 1846s
 325733 199579   75.00000   80   35   79.00000   42.00000  46.8%  30.3 1863s
 325777 199976   73.00000   80   39   79.00000   42.00000  46.8%  30.3 1881s
 326350 200960   75.00000   81   36   79.00000   42.00000  46.8%  30.4 1904s
 327795 201736   49.00000   48  101   79.00000   42.00000  46.8%  30.4 1924s
 328875 206394   57.00000   38  111   79.00000   42.00000  46.8%  30.4 1947s
 335551 206422 infeasible   62        79.00000   42.00000  46.8%  30.4 1963s
 335587 206487     cutoff   63        79.00000   42.00000  46.8%  30.4 1983s
 335698 207189   65.00000   50   70   79.00000   42.00000  46.8%  30.4 2000s
 336780 208580   76.00000   65   52   79.00000   42.00000  46.8%  30.4 2021s
 338932 216449   68.00000   44   82   79.00000   42.00000  46.8%  30.4 2043s
 350890 219027 infeasible   69        79.00000   42.00000  46.8%  30.4 2062s
 354685 219048   77.00000   72   41   79.00000   42.00000  46.8%  30.4 2077s
 354730 219075   77.00000   73   45   79.00000   42.00000  46.8%  30.4 2092s
 354767 219649   77.00000   74   44   79.00000   42.00000  46.8%  30.4 2113s
 355611 220623   77.00000   75   44   79.00000   42.00000  46.8%  30.4 2135s
 357162 220664   77.00000   76   43   79.00000   42.00000  46.8%  30.4 2160s
 357217 223152 infeasible   77        79.00000   42.00000  46.8%  30.4 2185s
 360906 228763   77.00000   44   44   79.00000   42.00000  46.8%  30.4 2211s
 369252 228789   77.00000   70   41   79.00000   42.00000  46.8%  30.4 2228s
 369290 229368 infeasible   71        79.00000   42.00000  46.8%  30.4 2247s
 370131 229858 infeasible   70        79.00000   42.00000  46.8%  30.4 2268s
 370835 234114   77.00000   71   37   79.00000   42.00000  46.8%  30.4 2288s
 377170 234787   67.00000   56   38   79.00000   42.00000  46.8%  30.4 2304s
 378213 237134   67.00000   57   38   79.00000   42.00000  46.8%  30.4 2323s
 381813 237161 infeasible   89        79.00000   42.00000  46.8%  30.4 2340s
 381850 257729   71.00000   90   30   79.00000   42.00000  46.8%  30.4 2429s
 394850 257729   78.00000   64   62   79.00000   42.00000  46.8%  30.4 2430s
 413850 258066   74.00000   55   54   79.00000   42.00000  46.8%  30.4 2448s
 414411 278245   74.00000   56   47   79.00000   42.00000  46.8%  30.4 2527s
 445072 283724   75.00000   50   59   79.00000   44.00000  44.3%  30.3 2545s
 453872 283752 infeasible   70        79.00000   44.00000  44.3%  30.3 2553s
 453908 283808 infeasible   71        79.00000   45.00000  43.0%  30.3 2560s
 453983 283837   50.00000   39   93   79.00000   45.00000  43.0%  30.3 2569s
 454018 283862   50.00000   40   92   79.00000   45.00000  43.0%  30.3 2584s
 454057 283881   50.00000   41   96   79.00000   45.00000  43.0%  30.3 2599s
 454102 283909   50.00000   42   94   79.00000   45.00000  43.0%  30.3 2608s
 454138 283939   50.00000   43   94   79.00000   45.00000  43.0%  30.3 2618s
 454174 283969   50.00000   44   90   79.00000   45.00000  43.0%  30.3 2626s
 454207 284105   50.00000   45   84   79.00000   45.00000  43.0%  30.3 2634s
 454390 284568   50.00000   46   86   79.00000   45.00000  43.0%  30.3 2644s
 455031 286579   54.00000   47   78   79.00000   45.00000  43.0%  30.3 2653s
 458414 289569   54.00000   48   78   79.00000   45.00000  43.0%  30.3 2662s
 462975 289594   73.00000   49   50   79.00000   45.00000  43.0%  30.2 2670s
 463014 290480   73.00000   50   64   79.00000   45.00000  43.0%  30.2 2678s
 464395 292854   75.00000   58   49   79.00000   45.00000  43.0%  30.2 2687s
 467938 294223   59.00000   46  102   79.00000   45.00000  43.0%  30.2 2696s
 469907 296846   78.00000   47   81   79.00000   45.00000  43.0%  30.2 2705s
 473899 296872   76.00000   53   39   79.00000   45.00000  43.0%  30.2 2715s
 473939 298118   76.00000   54   53   79.00000   45.00000  43.0%  30.2 2732s
 475580 298142   76.00000   43   46   79.00000   45.00000  43.0%  30.2 2765s
 475620 299043   76.00000   44   49   79.00000   45.00000  43.0%  30.2 2805s
 477030 319029   71.00000   62   69   79.00000   45.00000  43.0%  30.2 2853s
 506832 319053   64.00000   38   88   79.00000   45.00000  43.0%  29.9 2872s
 506872 340162   64.00000   39   88   79.00000   45.00000  43.0%  29.9 3143s
 538872 340161   59.00000   60   69   79.00000   46.00000  41.8%  29.7 3161s
 538936 361836   59.00000   61   68   79.00000   46.00000  41.8%  29.7 3298s
 570936 361866   57.00000   46   76   79.00000   46.00000  41.8%  29.5 3318s
 570970 382240   57.00000   47   81   79.00000   46.00000  41.8%  29.5 3461s
 602970 390913   72.00000   44   60   79.00000   46.00000  41.8%  29.4 3479s
 616903 390938   78.00000   68   67   79.00000   46.00000  41.8%  29.4 3484s
 616942 391032   78.00000   69   65   79.00000   46.00000  41.8%  29.4 3489s
 617098 391056 infeasible   70        79.00000   46.00000  41.8%  29.4 3494s
 617138 391051 infeasible   71        79.00000   46.00000  41.8%  29.4 3499s
 617206 391417   78.00000   72   49   79.00000   46.00000  41.8%  29.4 3504s
 617807 391526 infeasible   73        79.00000   46.00000  41.8%  29.4 3512s
 618014 391896   75.00000   32   53   79.00000   46.00000  41.8%  29.4 3522s
 618555 392205   75.00000   33   50   79.00000   46.00000  41.8%  29.4 3532s
 619024 392889   75.00000   34   50   79.00000   46.00000  41.8%  29.4 3544s
 620002 393548   75.00000   35   48   79.00000   46.00000  41.8%  29.4 3554s
 620982 394258   75.00000   36   46   79.00000   46.00000  41.8%  29.4 3567s
 621961 395686   56.00000   44   88   79.00000   46.00000  41.8%  29.4 3581s
 624188 398507   76.00000   61   56   79.00000   46.00000  41.8%  29.3 3599s
 628725 398527   77.00000   42   47   79.00000   46.00000  41.8%  29.3 3600s

Cutting planes:
  Learned: 7072
  Gomory: 13
  Cover: 93
  MIR: 133
  StrongCG: 1
  Flow cover: 689
  RLT: 128

Explored 628767 nodes (18443279 simplex iterations) in 3600.17 seconds (1316.09 work units)
Thread count was 32 (of 32 available processors)

Solution count 10: 79 79 80 ... 83

Time limit reached
Best objective 7.899999999200e+01, best bound 4.600000000000e+01, gap 41.7722%
