
Gurobi 13.0.0 (linux64) logging started Tue Nov 25 12:59:44 2025

Set parameter LogFile to value "./Results/StripPacking-CutHeur/Logs/SBM-111-StripPacking-25-0.log"
Set parameter TimeLimit to value 3600
Set parameter Cuts to value 1
Set parameter Presolve to value 1
Set parameter Heuristics to value 1
Set parameter LogToConsole to value 0
Set parameter LPWarmStart to value 2
Gurobi Optimizer version 13.0.0 build v13.0.0rc1 (linux64 - "Debian GNU/Linux 12 (bookworm)")

CPU model: Intel(R) Xeon(R) CPU E5-2630 v3 @ 2.40GHz, instruction set [SSE2|AVX|AVX2]
Thread count: 16 physical cores, 32 logical processors, using up to 32 threads

Non-default parameters:
TimeLimit  3600
LPWarmStart  2
Heuristics  1
Cuts  1
LogToConsole  0
Presolve  1

Optimize a model with 5425 rows, 951 columns and 16250 nonzeros (Min)
Model fingerprint: 0x2251ab3b
Model has 1 linear objective coefficients
Variable types: 351 continuous, 600 integer (600 binary)
Coefficient statistics:
  Matrix range     [1e+00, 1e+04]
  Objective range  [1e+00, 1e+00]
  Bounds range     [1e+00, 1e+04]
  RHS range        [1e+00, 1e+04]

Warning: Completing partial solution with 600 unfixed non-continuous variables out of 600
User MIP start produced solution with objective 106.2 (0.01s)
User MIP start produced solution with objective 106.2 (0.01s)
Loaded user MIP start with objective 106.2

Presolve removed 1500 rows and 0 columns
Presolve time: 0.02s
Presolved: 3925 rows, 951 columns, 12350 nonzeros
Variable types: 351 continuous, 600 integer (600 binary)

Root relaxation: objective 3.400000e+01, 493 iterations, 0.03 seconds (0.02 work units)

    Nodes    |    Current Node    |     Objective Bounds      |     Work
 Expl Unexpl |  Obj  Depth IntInf | Incumbent    BestBd   Gap | It/Node Time

     0     0   34.00000    0   74  106.20000   34.00000  68.0%     -    0s
H    0     0                     104.0000000   34.00000  67.3%     -    0s
     0     0   34.00000    0  147  104.00000   34.00000  67.3%     -    0s
     0     0   34.00000    0  128  104.00000   34.00000  67.3%     -    0s
     0     0   34.00000    0  149  104.00000   34.00000  67.3%     -    0s
     0     0   34.00000    0   85  104.00000   34.00000  67.3%     -    0s
     0     0   34.00000    0   89  104.00000   34.00000  67.3%     -    0s
     0     0   34.00000    0  152  104.00000   34.00000  67.3%     -    0s
     0     0   34.00000    0   80  104.00000   34.00000  67.3%     -    1s
H    0     0                     101.0000000   34.00000  66.3%     -    1s
H    0     0                     100.0000000   34.00000  66.0%     -    1s
     0     0   34.00000    0   80  100.00000   34.00000  66.0%     -    1s
     0     0   34.00000    0  137  100.00000   34.00000  66.0%     -    1s
     0     0   34.00000    0   91  100.00000   34.00000  66.0%     -    1s
H    0     0                      88.0000000   34.00000  61.4%     -    1s
     0     0   34.00000    0  102   88.00000   34.00000  61.4%     -    1s
     0     0   34.00000    0  139   88.00000   34.00000  61.4%     -    1s
     0     0   34.00000    0  107   88.00000   34.00000  61.4%     -    1s
     0     0   34.00000    0  107   88.00000   34.00000  61.4%     -    1s
     0     0   34.00000    0   72   88.00000   34.00000  61.4%     -    1s
     0     2   34.00000    0   72   88.00000   34.00000  61.4%     -    2s
    79    96   34.00000    8  128   88.00000   34.00000  61.4%  83.8    5s
H   91    96                      88.0000000   34.00000  61.4%  75.5    5s
H  163   509                      87.0000000   34.00000  60.9%  66.8    6s
H  478   509                      84.0000000   34.00000  59.5%  62.4    6s
H 2330  2109                      80.0000000   34.00000  57.5%  47.1    9s
  2342  3700   34.17699    9  136   80.00000   34.00000  57.5%  47.1   10s
H 5717  4727                      80.0000000   34.00000  57.5%  33.1   11s
H 5717  4357                      79.0000000   34.00000  57.0%  33.1   13s
  5725  4359   64.00000  120   83   79.00000   34.00000  57.0%  33.1   15s
  6029  4597   34.00000   19  127   79.00000   34.00000  57.0%  41.3   20s
  6198  4707   34.00000   22  121   79.00000   34.00000  57.0%  42.5   26s
H 6236  4507                      79.0000000   34.00000  57.0%  43.0   28s
  6262  4906   34.00000   23  122   79.00000   34.00000  57.0%  43.2   31s
  7775  5448   34.00000   31  149   79.00000   34.00000  57.0%  47.0   35s
  7878  5554   34.00000   32  147   79.00000   34.00000  57.0%  47.2   40s
H 8037  5337                      78.0000000   34.00000  56.4%  47.2   42s
  9360  6044   59.00000   44   70   78.00000   34.00000  56.4%  46.9   45s
H 9397  5840                      77.0000000   34.00000  55.8%  47.0   47s
  9511  5939   59.00000   46   71   77.00000   34.00000  55.8%  47.2   51s
H 9817  5789                      77.0000000   34.00000  55.8%  47.1   54s
  9823  5918   59.00000   48   74   77.00000   34.00000  55.8%  47.1   56s
 10048  6024   59.00000   57   76   77.00000   34.00000  55.8%  47.1   61s
 10496  6213   60.00000   58   74   77.00000   34.00000  55.8%  46.9   66s
 10920  6568   60.00000   80   52   77.00000   34.00000  55.8%  47.1   71s
 11345  6621   60.00000  101   43   77.00000   34.00000  55.8%  47.1   78s
 11530  6586   60.00000  102   43   77.00000   34.00000  55.8%  47.1   80s
 11740  6857     cutoff  104        77.00000   34.00000  55.8%  47.2   86s
 11990  6885   74.00000  105   35   77.00000   34.00000  55.8%  47.3   90s
 12378  7024   71.00000  114   28   77.00000   34.00000  55.8%  47.1   95s
 12450  7281 infeasible  115        77.00000   34.00000  55.8%  47.1  101s
 12805  7222 infeasible  117        77.00000   34.00000  55.8%  46.9  106s
 13114  7341   45.00000   30   86   77.00000   34.00000  55.8%  46.7  112s
 13228  7628   45.00000   32   91   77.00000   34.00000  55.8%  46.7  117s
 13609  7530   45.00000   33   89   77.00000   34.00000  55.8%  46.7  120s
 13935  7681   47.00000   35   99   77.00000   34.00000  55.8%  46.5  127s
 13968  7867   65.00000   36   78   77.00000   34.00000  55.8%  46.5  130s
 14358  7980   76.00000   56   52   77.00000   34.00000  55.8%  46.3  137s
 14585  7950   76.00000   57   51   77.00000   34.00000  55.8%  46.4  142s
 14667  7948   76.00000   58   49   77.00000   34.00000  55.8%  46.4  146s
 14706  8228   76.00000   59   52   77.00000   34.00000  55.8%  46.4  150s
 15119  8185   76.00000   61   49   77.00000   34.00000  55.8%  46.5  158s
H15183  7190                      75.0000000   34.00000  54.7%  46.5  158s
 15196  7686     cutoff   62        75.00000   34.00000  54.7%  46.5  161s
*15905  7194              99      74.0000000   34.00000  54.1%  46.9  161s
 15907  7441   36.00000   42  113   74.00000   34.00000  54.1%  46.9  165s
 16777  7919   40.00000   51  110   74.00000   34.00000  54.1%  47.3  172s
H16993  7919                      74.0000000   34.00000  54.1%  47.6  172s
H16994  7889                      73.0000000   34.00000  53.4%  47.5  177s
 17381  7992   40.00000   53  103   73.00000   34.00000  53.4%  47.6  182s
 17575  8353   48.00000   54   80   73.00000   34.00000  53.4%  47.8  186s
*17737  8035              89      72.0000000   34.00000  52.8%  47.8  186s
 18043  8355 infeasible   84        72.00000   34.00000  52.8%  48.1  191s
 18544  8395   34.00000   30  166   72.00000   34.00000  52.8%  48.0  195s
H18558  8395                      72.0000000   34.00000  52.8%  48.1  195s
 18595  8426   34.00000   31  158   72.00000   34.00000  52.8%  48.1  200s
 18628  8542   34.00000   32  153   72.00000   34.00000  52.8%  48.2  206s
H18670  8379                      71.0000000   34.00000  52.1%  48.2  206s
 18757  8704   63.00000   50   75   71.00000   34.00000  52.1%  48.3  211s
H18810  8704                      71.0000000   34.00000  52.1%  48.3  211s
 19231  8894   70.00000   51   64   71.00000   34.00000  52.1%  48.6  216s
 19473  9020   70.00000   52   63   71.00000   34.00000  52.1%  48.5  221s
 19626  9049   70.00000   53   60   71.00000   34.00000  52.1%  48.4  227s
 19661  9287   70.00000   54   58   71.00000   34.00000  52.1%  48.4  233s
 19996  9318   70.00000   55   56   71.00000   34.00000  52.1%  48.5  240s
 20029  9344   70.00000   56   56   71.00000   34.00000  52.1%  48.5  248s
 20067 10010   70.00000   57   54   71.00000   34.00000  52.1%  48.5  254s
 20894 10445   70.00000   58   51   71.00000   34.00000  52.1%  48.5  262s
 21541 12140 infeasible   59        71.00000   34.00000  52.1%  48.4  269s
 23781 13373 infeasible   60        71.00000   34.00000  52.1%  48.4  275s
 25468 13419   70.00000   61   56   71.00000   34.00000  52.1%  48.9  281s
 25560 13565   70.00000   62   55   71.00000   34.00000  52.1%  48.9  287s
 25785 14716   70.00000   63   58   71.00000   34.00000  52.1%  48.9  293s
 27403 15096   46.00000   60   85   71.00000   34.00000  52.1%  49.2  299s
 27952 15140   70.00000  108   24   71.00000   34.00000  52.1%  49.2  305s
 28010 15820 infeasible  110        71.00000   34.00000  52.1%  49.3  313s
 28868 16547   66.00000   58   64   71.00000   34.00000  52.1%  49.2  326s
 29946 18088   66.00000   59   57   71.00000   34.00000  52.1%  49.4  339s
 32051 21387   66.00000   60   55   71.00000   34.00000  52.1%  49.6  350s
 36869 21414   66.00000   61   56   71.00000   34.00000  52.1%  49.6  355s
 36906 21505   66.00000   62   51   71.00000   34.00000  52.1%  49.7  361s
 37041 21552   66.00000   63   66   71.00000   34.00000  52.1%  49.7  366s
 37102 21578   66.00000   64   63   71.00000   34.00000  52.1%  49.7  372s
 37140 22173   66.00000   65   66   71.00000   34.00000  52.1%  49.7  378s
 37977 22201   66.00000   66   62   71.00000   34.00000  52.1%  49.5  385s
 38029 22382   66.00000   67   62   71.00000   34.00000  52.1%  49.5  393s
 38401 22483   67.00000   56   69   71.00000   34.00000  52.1%  49.6  401s
 38546 22903   67.00000   62   66   71.00000   34.00000  52.1%  49.6  409s
 39104 22935   66.00000   61   44   71.00000   34.00000  52.1%  49.7  417s
 39152 23199   69.00000   64   51   71.00000   34.00000  52.1%  49.7  425s
 39462 23262   69.00000   67   45   71.00000   34.00000  52.1%  49.8  433s
 39549 24406   69.00000   70   45   71.00000   34.00000  52.1%  49.8  442s
 41139 24436   69.00000   43   67   71.00000   34.00000  52.1%  49.7  450s
 41173 24458   69.00000   44   70   71.00000   34.00000  52.1%  49.7  459s
 41217 24484     cutoff   45        71.00000   34.00000  52.1%  49.8  467s
 41254 24922   69.00000   46   60   71.00000   34.00000  52.1%  49.8  476s
 41880 24949   69.00000   47   59   71.00000   34.00000  52.1%  49.9  485s
 41917 24979   69.00000   48   59   71.00000   34.00000  52.1%  49.9  496s
 41951 25547   69.00000   49   52   71.00000   34.00000  52.1%  49.9  507s
 42840 25822   69.00000   60   39   71.00000   34.00000  52.1%  49.9  517s
 43223 26064   45.00000   43   97   71.00000   34.00000  52.1%  50.0  528s
 43595 26102   51.00000   67   87   71.00000   34.00000  52.1%  50.1  539s
 43640 27492   53.00000   68   79   71.00000   34.00000  52.1%  50.1  550s
 45566 29517   62.00000   68   77   71.00000   34.00000  52.1%  50.0  561s
 48508 29545   53.00000   69   78   71.00000   34.00000  52.1%  50.0  571s
 48544 29669   53.00000   69   79   71.00000   34.00000  52.1%  50.0  584s
 48703 30152   68.00000   70   62   71.00000   34.00000  52.1%  50.0  596s
 49427 30591   53.00000   70   78   71.00000   34.00000  52.1%  50.0  608s
 49991 30616   53.00000   71   75   71.00000   34.00000  52.1%  50.0  621s
 50048 32011   61.00000   71   66   71.00000   34.00000  52.1%  50.1  635s
 52122 36014   59.00000   72   69   71.00000   34.00000  52.1%  50.0  648s
 58011 42737   36.00000   40  107   71.00000   34.00000  52.1%  50.5  668s
 67463 42766   67.00000   82   52   71.00000   34.00000  52.1%  50.6  673s
 67498 43491   67.00000   83   52   71.00000   34.00000  52.1%  50.6  679s
 68541 45351   67.00000   84   51   71.00000   34.00000  52.1%  50.5  686s
 70999 45622   69.00000   85   47   71.00000   34.00000  52.1%  50.6  693s
 71382 47246 infeasible   86        71.00000   34.00000  52.1%  50.6  700s
 73660 49431   67.00000   86   55   71.00000   34.00000  52.1%  50.6  707s
 77469 49442   65.00000   47   72   71.00000   34.00000  52.1%  50.6  714s
 77522 49558   65.00000   48   72   71.00000   34.00000  52.1%  50.6  722s
 77676 49739   65.00000   49   77   71.00000   34.00000  52.1%  50.6  731s
 77891 49770   65.00000   64   54   71.00000   34.00000  52.1%  50.6  739s
 77924 50313   65.00000   65   54   71.00000   34.00000  52.1%  50.6  749s
 78686 51062   68.00000   66   49   71.00000   34.00000  52.1%  50.6  759s
 79714 54029     cutoff   67        71.00000   34.00000  52.1%  50.7  769s
 83972 56975   70.00000   62   64   71.00000   34.00000  52.1%  50.7  779s
 88928 67081   34.00000   31  138   71.00000   34.00000  52.1%  50.6  805s
 102512 67109   58.00000   35   81   71.00000   34.00000  52.1%  51.0  812s
 102547 67142   69.00000   35   62   71.00000   34.00000  52.1%  51.0  819s
 102610 67136   69.00000   34   71   71.00000   34.00000  52.1%  51.0  830s
 102680 67418   69.00000   37   61   71.00000   34.00000  52.1%  51.1  838s
 103032 68355   69.00000   38   60   71.00000   34.00000  52.1%  51.1  847s
 104336 68407   69.00000   36   62   71.00000   34.00000  52.1%  51.1  856s
 104428 68631   69.00000   39   59   71.00000   34.00000  52.1%  51.1  865s
 104710 68698   69.00000   39   58   71.00000   34.00000  52.1%  51.1  875s
 104815 71549   70.00000   39   53   71.00000   34.00000  52.1%  51.1  885s
 109158 74968   69.00000   45   57   71.00000   34.00000  52.1%  51.1  894s
 114249 75012   59.00000   46   78   71.00000   34.00000  52.1%  51.1  901s
 114307 75433   59.00000   47   76   71.00000   34.00000  52.1%  51.1  910s
 115027 75463   41.00000   57  120   71.00000   34.00000  52.1%  51.2  919s
 115061 75613   58.00000   58   93   71.00000   34.00000  52.1%  51.2  929s
 115297 75663   70.00000   61   69   71.00000   34.00000  52.1%  51.2  939s
 115353 75721   70.00000   69   53   71.00000   34.00000  52.1%  51.2  949s
 115417 76208   70.00000   70   52   71.00000   34.00000  52.1%  51.2  959s
 116202 79523   62.00000   48   81   71.00000   34.00000  52.1%  51.2  970s
 121025 88152   56.00000   49  105   71.00000   34.00000  52.1%  51.3  994s
 133863 88895 infeasible   92        71.00000   34.00000  52.1%  51.4 1001s
 134923 88911   70.00000   78   37   71.00000   34.00000  52.1%  51.4 1008s
 134970 88940   70.00000   79   36   71.00000   34.00000  52.1%  51.4 1015s
 135005 89389 infeasible   80        71.00000   34.00000  52.1%  51.4 1022s
 135585 89546 infeasible   80        71.00000   34.00000  52.1%  51.4 1031s
 135855 89827   34.80438   34  135   71.00000   34.00000  52.1%  51.4 1040s
 136270 89861   34.80438   35  134   71.00000   34.00000  52.1%  51.4 1052s
 136324 90823   37.00000   36  110   71.00000   34.00000  52.1%  51.4 1061s
 137765 92130   47.00000   35   96   71.00000   34.00000  52.1%  51.4 1072s
 139894 95179   68.00000   49   83   71.00000   34.00000  52.1%  51.4 1084s
 144404 97216   60.00000   71   55   71.00000   34.00000  52.1%  51.6 1095s
 147254 97240   60.00000   72   57   71.00000   34.00000  52.1%  51.7 1105s
 147293 97666   60.00000   73   56   71.00000   34.00000  52.1%  51.7 1116s
 147885 97858   60.00000   74   54   71.00000   34.00000  52.1%  51.7 1128s
 148254 98016   69.00000   75   52   71.00000   34.00000  52.1%  51.7 1142s
 148466 98121   69.00000   76   56   71.00000   34.00000  52.1%  51.7 1155s
 148627 100018   69.00000   78   46   71.00000   34.00000  52.1%  51.7 1170s
 151093 108108   70.00000   60   54   71.00000   34.00000  52.1%  51.8 1194s
 163551 108651   67.00000   66   36   71.00000   34.00000  52.1%  51.9 1201s
 164438 111318 infeasible   67        71.00000   34.00000  52.1%  51.9 1208s
 168447 112039   67.00000  110   25   71.00000   34.00000  52.1%  52.0 1214s
 169532 113181   69.00000   71   40   71.00000   34.00000  52.1%  52.0 1222s
 171300 113209   34.21318   35  164   71.00000   34.00000  52.1%  52.1 1230s
 171336 113235   34.26922   36  162   71.00000   34.00000  52.1%  52.1 1239s
 171378 114336   36.00000   38  117   71.00000   34.00000  52.1%  52.1 1250s
 173013 115757   70.00000   65   59   71.00000   34.00000  52.1%  52.1 1259s
 175041 116425   65.00000   64   57   71.00000   34.00000  52.1%  52.2 1269s
 176024 117155   50.00000   45  110   71.00000   34.00000  52.1%  52.2 1280s
 177077 117826   50.00000   46  120   71.00000   34.00000  52.1%  52.3 1292s
 178172 117845   70.00000   83   55   71.00000   34.00000  52.1%  52.2 1306s
 178213 118333 infeasible   84        71.00000   34.00000  52.1%  52.2 1322s
 179004 118977   40.00000   38  105   71.00000   34.00000  52.1%  52.2 1338s
 179987 123918   40.00000   39  104   71.00000   34.00000  52.1%  52.3 1363s
 187440 125195   48.00000   39   99   71.00000   34.00000  52.1%  52.4 1373s
 189206 126047   48.00000   40   83   71.00000   34.00000  52.1%  52.4 1384s
 190339 126071   34.00000   38  170   71.00000   34.00000  52.1%  52.4 1396s
 190377 126101   34.00000   39  168   71.00000   34.00000  52.1%  52.4 1411s
 190411 126367   34.00000   40  160   71.00000   34.00000  52.1%  52.4 1425s
 190910 126696   34.00000   44  169   71.00000   34.00000  52.1%  52.4 1441s
 191474 129779   34.00000   45  173   71.00000   34.00000  52.1%  52.4 1457s
 196074 132998   34.05406   53  165   71.00000   34.00000  52.1%  52.5 1472s
 200701 133315 infeasible   66        71.00000   34.00000  52.1%  52.6 1484s
 201279 136510   47.00000   41  104   71.00000   34.00000  52.1%  52.6 1498s
 205715 137215   45.00000   45   91   71.00000   34.00000  52.1%  52.8 1510s
 206642 137245   39.00000   46  115   71.00000   34.00000  52.1%  52.8 1523s
 206675 137581   42.00000   46  105   71.00000   34.00000  52.1%  52.8 1540s
 207109 138021   42.00000   47  103   71.00000   34.00000  52.1%  52.8 1557s
 207781 138789   57.00000   47   84   71.00000   34.00000  52.1%  52.8 1574s
 209015 140297   60.00000   58   59   71.00000   34.00000  52.1%  52.8 1596s
 211218 152690   56.00000   85   57   71.00000   34.00000  52.1%  52.8 1631s
 230413 152780   65.00000   61   63   71.00000   34.00000  52.1%  53.1 1639s
 230550 152804   34.29074   41  154   71.00000   34.00000  52.1%  53.1 1647s
 230590 153243   40.00000   42  125   71.00000   34.00000  52.1%  53.1 1654s
 231316 153811   44.00000   55  101   71.00000   34.00000  52.1%  53.1 1663s
 232218 153875   44.00000   56   93   71.00000   34.00000  52.1%  53.1 1674s
 232314 154079   44.00000   57  100   71.00000   34.00000  52.1%  53.1 1688s
 232678 154351   50.00000   58  111   71.00000   34.00000  52.1%  53.1 1699s
 233054 156450   50.00000   59  110   71.00000   34.00000  52.1%  53.1 1713s
 236334 157138   58.00000   60   82   71.00000   34.00000  52.1%  53.2 1724s
 237339 158346   58.00000   61   83   71.00000   34.00000  52.1%  53.2 1737s
 239213 160011   69.00000   62   61   71.00000   34.00000  52.1%  53.2 1758s
 241820 166715   69.00000   63   64   71.00000   34.00000  52.1%  53.2 1785s
 252530 166743   39.00000   35  108   71.00000   34.00000  52.1%  53.3 1796s
 252566 166817   39.00000   36  110   71.00000   34.00000  52.1%  53.3 1807s
 252660 166848   39.00000   37  109   71.00000   34.00000  52.1%  53.3 1819s
 252716 166882   39.00000   38  109   71.00000   34.00000  52.1%  53.3 1831s
 252802 167010   39.00000   40  109   71.00000   34.00000  52.1%  53.3 1842s
 252971 167757   39.00000   41  110   71.00000   34.00000  52.1%  53.3 1855s
 254078 171038   45.00000   40   99   71.00000   34.00000  52.1%  53.3 1869s
 258899 175466   65.00000   82   63   71.00000   34.00000  52.1%  53.4 1881s
 265682 175493   68.00000   57   62   71.00000   34.00000  52.1%  53.4 1891s
 265739 176360   68.00000   58   57   71.00000   34.00000  52.1%  53.4 1900s
 267075 177146   39.00000   52  131   71.00000   34.00000  52.1%  53.4 1910s
 268239 179339   60.00000   82   61   71.00000   34.00000  52.1%  53.4 1932s
 271658 179531   69.00000   79   35   71.00000   34.00000  52.1%  53.5 1954s
 271968 180915   70.00000   80   34   71.00000   34.00000  52.1%  53.5 1980s
 274190 183095   54.00000   50   78   71.00000   34.00000  52.1%  53.5 2009s
 277740 193255 infeasible   76        71.00000   34.00000  52.1%  53.5 2039s
 293599 193277   34.49203   44  158   71.00000   34.00000  52.1%  53.7 2050s
 293641 193310   36.00000   45  128   71.00000   34.00000  52.1%  53.7 2060s
 293728 193337   36.00000   46  118   71.00000   34.00000  52.1%  53.7 2072s
 293765 193390   36.00000   47  122   71.00000   34.00000  52.1%  53.7 2084s
 293854 193469   36.00000   48  120   71.00000   34.00000  52.1%  53.7 2099s
 293957 193711   36.00000   49  120   71.00000   34.00000  52.1%  53.7 2113s
 294357 195746   36.00000   50  114   71.00000   34.00000  52.1%  53.7 2126s
 297490 197974   36.00000   51  101   71.00000   34.00000  52.1%  53.7 2147s
 300977 202302   36.00000   52  101   71.00000   34.00000  52.1%  53.8 2168s
 307089 202560   59.00000   87   42   71.00000   34.00000  52.1%  53.9 2183s
 307526 202583     cutoff   64        71.00000   34.00000  52.1%  53.9 2198s
 307567 203250     cutoff   63        71.00000   34.00000  52.1%  53.9 2214s
 308540 203476     cutoff   64        71.00000   34.00000  52.1%  53.9 2231s
 308892 206444   34.00000   46  145   71.00000   34.00000  52.1%  53.9 2252s
 313776 206754   69.00000   73   59   71.00000   34.00000  52.1%  53.9 2268s
 314248 208660     cutoff   74        71.00000   34.00000  52.1%  53.9 2285s
 317128 208684   34.00000   42  163   71.00000   34.00000  52.1%  54.0 2303s
 317168 208980   34.00000   43  161   71.00000   34.00000  52.1%  54.0 2323s
 317560 209170   34.00000   44  171   71.00000   34.00000  52.1%  54.0 2344s
 317882 209790   34.00000   45  160   71.00000   34.00000  52.1%  54.0 2364s
 318674 210795   48.00000   55  107   71.00000   34.00000  52.1%  54.0 2387s
 320353 215244   40.00000   53  104   71.00000   34.00000  52.1%  54.0 2413s
 327161 221697   70.00000   85   46   71.00000   34.00000  52.1%  54.1 2437s
 337369 221727   48.00000   49  101   71.00000   34.00000  52.1%  54.3 2445s
 337403 221752   56.00000   50   87   71.00000   34.00000  52.1%  54.3 2453s
 337440 221846   56.00000   51   84   71.00000   34.00000  52.1%  54.3 2463s
 337563 221967   56.00000   52   82   71.00000   34.00000  52.1%  54.3 2471s
 337724 222032   56.00000   53   82   71.00000   34.00000  52.1%  54.3 2481s
 337811 223243   56.00000   54   87   71.00000   34.00000  52.1%  54.3 2490s
 339827 224815   58.00000   50   68   71.00000   34.00000  52.1%  54.3 2500s
 342333 226421   69.00000   93   38   71.00000   34.00000  52.1%  54.3 2510s
 344862 229751   70.00000   69   57   71.00000   34.00000  52.1%  54.3 2521s
 350385 229883   53.00000   59   73   71.00000   34.00000  52.1%  54.3 2530s
 350650 229906   63.00000   60   70   71.00000   34.00000  52.1%  54.3 2539s
 350691 230065   64.00000   59   72   71.00000   34.00000  52.1%  54.3 2548s
 350944 230106   65.00000   61   70   71.00000   34.00000  52.1%  54.3 2562s
 350987 230140   69.00000   60   73   71.00000   34.00000  52.1%  54.3 2572s
 351021 231003   65.00000   62   64   71.00000   34.00000  52.1%  54.3 2583s
 352424 231731   63.00000   60   63   71.00000   34.00000  52.1%  54.3 2596s
 353404 232428   51.00000   56   76   71.00000   34.00000  52.1%  54.3 2609s
 354408 233404   67.00000   81   59   71.00000   34.00000  52.1%  54.3 2623s
 355824 235431   67.00000  107   44   71.00000   34.00000  52.1%  54.4 2638s
 358975 235462   67.00000  120   43   71.00000   34.00000  52.1%  54.4 2662s
 359008 255336 infeasible  120        71.00000   34.00000  52.1%  54.4 2795s
 391008 255616 infeasible   72        71.00000   34.00000  52.1%  54.7 2818s
 391512 274284   66.00000   73   68   71.00000   34.00000  52.1%  54.7 2935s
 422570 284234   34.39833   55  175   71.00000   34.00000  52.1%  54.9 2957s
 438683 284264   44.00000   34  110   71.00000   34.00000  52.1%  55.0 2962s
 438717 284286   44.00000   35  108   71.00000   34.00000  52.1%  55.0 2967s
 438759 284319   44.00000   36  106   71.00000   34.00000  52.1%  55.0 2972s
 438816 284511   68.00000   37   89   71.00000   34.00000  52.1%  55.1 2977s
 439126 284632   68.00000   37   75   71.00000   34.00000  52.1%  55.1 2984s
 439272 285177   70.00000   36   94   71.00000   34.00000  52.1%  55.1 2990s
 440116 285197   68.00000   44   98   71.00000   34.00000  52.1%  55.1 2996s
 440160 285597   44.00000   43  112   71.00000   34.00000  52.1%  55.1 3002s
 440785 285663   68.00000   44   92   71.00000   34.00000  52.1%  55.1 3010s
 440921 285788   68.00000   41   88   71.00000   34.00000  52.1%  55.1 3019s
 441138 285780   44.00000   44  110   71.00000   34.00000  52.1%  55.1 3027s
 441210 286176   44.00000   45  107   71.00000   34.00000  52.1%  55.1 3037s
 441900 286485   44.00000   46  107   71.00000   34.00000  52.1%  55.1 3048s
 442406 287815   44.00000   47  107   71.00000   34.00000  52.1%  55.1 3058s
 444523 289796   44.00000   48  109   71.00000   34.00000  52.1%  55.1 3068s
 447604 292084   52.00000   92   82   71.00000   34.00000  52.1%  55.1 3079s
 451391 292373 infeasible   70        71.00000   34.00000  52.1%  55.1 3089s
 451843 297678   70.00000   83   29   71.00000   34.00000  52.1%  55.1 3109s
H456165 297678                      71.0000000   34.00000  52.1%  55.2 3109s
 460212 297705   34.02381   49  164   71.00000   34.00000  52.1%  55.2 3118s
 460249 297733   34.12921   49  154   71.00000   34.00000  52.1%  55.2 3127s
 460285 297736   34.15775   50  160   71.00000   34.00000  52.1%  55.2 3140s
 460346 297767   34.12921   50  150   71.00000   34.00000  52.1%  55.2 3153s
 460379 297847   34.12921   51  152   71.00000   34.00000  52.1%  55.2 3163s
 460489 298691   39.00000   51  102   71.00000   34.00000  52.1%  55.2 3175s
 461851 300721   56.00000   79   73   71.00000   34.00000  52.1%  55.2 3189s
 465179 301740   59.00000   67   90   71.00000   34.00000  52.1%  55.2 3200s
 466755 302112   59.00000   68   85   71.00000   34.00000  52.1%  55.2 3212s
 467340 305566   59.00000   69   79   71.00000   34.00000  52.1%  55.2 3226s
 472733 308237   57.00000   65   79   71.00000   34.00000  52.1%  55.2 3238s
 476947 309091   57.00000   66   79   71.00000   34.00000  52.1%  55.3 3248s
 478360 313076   57.00000   67   78   71.00000   34.00000  52.1%  55.3 3259s
 482579 313076   68.00000   82   47   71.00000   34.00000  52.1%  55.3 3260s
 485138 320136   70.00000   83   46   71.00000   34.00000  52.1%  55.4 3279s
 487240 320136   58.00000   60   92   71.00000   34.00000  52.1%  55.4 3280s
 497131 320160   49.00000   58   82   71.00000   34.00000  52.1%  55.5 3286s
 497170 320186   49.00000   59   82   71.00000   34.00000  52.1%  55.5 3292s
 497208 320351   49.00000   60   83   71.00000   34.00000  52.1%  55.5 3297s
 497539 320377   57.00000   61   65   71.00000   34.00000  52.1%  55.5 3304s
 497699 320612   68.00000   52   95   71.00000   34.00000  52.1%  55.5 3313s
 498110 320655   68.00000   53   86   71.00000   34.00000  52.1%  55.5 3321s
 498203 320894   68.00000   54   80   71.00000   34.00000  52.1%  55.5 3331s
 498575 320939   61.00000   64   65   71.00000   34.00000  52.1%  55.5 3341s
 498639 321083   61.00000   65   63   71.00000   34.00000  52.1%  55.5 3352s
 498842 321119   64.00000   68   55   71.00000   34.00000  52.1%  55.5 3366s
 498912 321385   64.00000   69   54   71.00000   34.00000  52.1%  55.5 3378s
 499313 321456   65.00000   75   58   71.00000   34.00000  52.1%  55.5 3389s
 499426 321486     cutoff   76        71.00000   34.00000  52.1%  55.5 3399s
 499500 322381   64.00000   76   54   71.00000   34.00000  52.1%  55.5 3410s
 501096 325190 infeasible   77        71.00000   34.00000  52.1%  55.5 3422s
 505783 325831 infeasible   82        71.00000   34.00000  52.1%  55.6 3433s
 507002 325863   64.00000   63   82   71.00000   34.00000  52.1%  55.6 3445s
 507034 326064   64.00000   64   80   71.00000   34.00000  52.1%  55.6 3459s
H507071 268263                      69.0000000   34.00000  50.7%  55.6 3459s
 507376 272580   64.00000   65   64   69.00000   34.00000  50.7%  55.6 3473s
H511664 272580                      69.0000000   34.00000  50.7%  55.7 3473s
 514464 277293   68.00000   47   56   69.00000   34.00000  50.7%  55.8 3493s
 522294 277312 infeasible   91        69.00000   34.00000  50.7%  55.9 3503s
 522339 277335 infeasible   89        69.00000   34.00000  50.7%  55.9 3514s
 522388 277363   48.00000   61   98   69.00000   34.00000  50.7%  55.9 3528s
 522468 277757   61.00000   62   79   69.00000   34.00000  50.7%  55.9 3539s
 523015 277938   62.00000   63   72   69.00000   34.00000  50.7%  56.0 3551s
 523369 280219   62.00000   64   71   69.00000   34.00000  50.7%  56.0 3566s
 527205 280373   34.15385   41  138   69.00000   34.00000  50.7%  56.0 3578s
 527517 280761   34.15385   42  138   69.00000   34.00000  50.7%  56.0 3590s
 528104 280787   67.00000   64   47   69.00000   34.00000  50.7%  56.0 3600s

Cutting planes:
  Gomory: 67
  Cover: 63
  MIR: 811
  Flow cover: 2438
  RLT: 331
  Relax-and-lift: 2

Explored 528142 nodes (29596894 simplex iterations) in 3600.11 seconds (1348.82 work units)
Thread count was 32 (of 32 available processors)

Solution count 10: 69 69 71 ... 74

Time limit reached
Best objective 6.899999999300e+01, best bound 3.400000000000e+01, gap 50.7246%
