
Gurobi 13.0.0 (linux64) logging started Tue Nov 25 00:57:36 2025

Set parameter LogFile to value "./Results/StripPacking-CutHeur/Logs/SBM-111-StripPacking-20-0.log"
Set parameter TimeLimit to value 3600
Set parameter Cuts to value 1
Set parameter Presolve to value 1
Set parameter Heuristics to value 1
Set parameter LogToConsole to value 0
Set parameter LPWarmStart to value 2
Gurobi Optimizer version 13.0.0 build v13.0.0rc1 (linux64 - "Debian GNU/Linux 12 (bookworm)")

CPU model: Intel(R) Xeon(R) CPU E5-2630 v3 @ 2.40GHz, instruction set [SSE2|AVX|AVX2]
Thread count: 16 physical cores, 32 logical processors, using up to 32 threads

Non-default parameters:
TimeLimit  3600
LPWarmStart  2
Heuristics  1
Cuts  1
LogToConsole  0
Presolve  1

Optimize a model with 5425 rows, 951 columns and 16250 nonzeros (Min)
Model fingerprint: 0x7f1ed9cf
Model has 1 linear objective coefficients
Variable types: 351 continuous, 600 integer (600 binary)
Coefficient statistics:
  Matrix range     [1e+00, 1e+04]
  Objective range  [1e+00, 1e+00]
  Bounds range     [1e+00, 1e+04]
  RHS range        [1e+00, 1e+04]

Warning: Completing partial solution with 600 unfixed non-continuous variables out of 600
User MIP start produced solution with objective 104.8 (0.02s)
User MIP start produced solution with objective 104.8 (0.02s)
Loaded user MIP start with objective 104.8

Presolve removed 1500 rows and 0 columns
Presolve time: 0.04s
Presolved: 3925 rows, 951 columns, 12350 nonzeros
Variable types: 351 continuous, 600 integer (600 binary)

Root relaxation: objective 3.600000e+01, 422 iterations, 0.02 seconds (0.02 work units)

    Nodes    |    Current Node    |     Objective Bounds      |     Work
 Expl Unexpl |  Obj  Depth IntInf | Incumbent    BestBd   Gap | It/Node Time

     0     0   36.00000    0   99  104.80000   36.00000  65.6%     -    0s
H    0     0                     103.0000000   36.00000  65.0%     -    0s
     0     0   36.00000    0  146  103.00000   36.00000  65.0%     -    0s
     0     0   36.00000    0  138  103.00000   36.00000  65.0%     -    0s
     0     0   36.00000    0  169  103.00000   36.00000  65.0%     -    0s
     0     0   36.00000    0   94  103.00000   36.00000  65.0%     -    0s
     0     0   36.00000    0  115  103.00000   36.00000  65.0%     -    0s
     0     0   36.00000    0  151  103.00000   36.00000  65.0%     -    0s
     0     0   36.00000    0   99  103.00000   36.00000  65.0%     -    0s
     0     0   36.00000    0  107  103.00000   36.00000  65.0%     -    1s
     0     0   36.00000    0  138  103.00000   36.00000  65.0%     -    1s
     0     0   36.00000    0   86  103.00000   36.00000  65.0%     -    1s
     0     0   36.00000    0  118  103.00000   36.00000  65.0%     -    1s
     0     0   36.00000    0  155  103.00000   36.00000  65.0%     -    1s
     0     0   36.00000    0   93  103.00000   36.00000  65.0%     -    1s
H    0     0                     101.0000000   36.00000  64.4%     -    1s
     0     0   36.00000    0  104  101.00000   36.00000  64.4%     -    1s
     0     0   36.00000    0  136  101.00000   36.00000  64.4%     -    1s
     0     0   36.00000    0   99  101.00000   36.00000  64.4%     -    1s
     0     0   36.00000    0   99  101.00000   36.00000  64.4%     -    1s
     0     0   36.00000    0   95  101.00000   36.00000  64.4%     -    1s
     0     2   36.00000    0   95  101.00000   36.00000  64.4%     -    2s
   111   128   36.00000    9  144  101.00000   36.00000  64.4%   130    5s
H  113   128                     100.0000000   36.00000  64.0%   129    5s
H  291   786                      99.0000000   36.00000  63.6%   118    6s
H  374   786                      96.0000000   36.00000  62.5%   104    6s
H  759   786                      95.0000000   36.00000  62.1%  80.0    6s
H  827   833                      94.0000000   36.00000  61.7%  77.7    7s
H  839  1087                      92.0000000   36.00000  60.9%  77.5    7s
H 1298  1560                      92.0000000   36.00000  60.9%  62.2    7s
H 1594  1556                      90.0000000   36.00000  60.0%  56.0    7s
H 1731  1533                      87.0000000   36.00000  58.6%  54.4    8s
H 1837  1513                      86.0000000   36.00000  58.1%  53.1    8s
  2327  1902   59.00000   19  113   86.00000   36.00000  58.1%  51.7   10s
H 2454  1992                      85.0000000   36.00000  57.6%  51.0   11s
H 2863  2487                      85.0000000   36.00000  57.6%  46.6   11s
  3173  2544   64.00000   23   95   85.00000   36.00000  57.6%  44.9   15s
  3496  2796   36.62926   20  173   85.00000   36.00000  57.6%  59.5   20s
  3704  2928   60.00000   23  103   85.00000   36.00000  57.6%  61.2   25s
  4040  3213   48.00000   27  118   85.00000   36.00000  57.6%  62.8   30s
  4438  3405   50.00000   31  104   85.00000   36.00000  57.6%  61.6   35s
  4738  3592   50.00000   34  101   85.00000   36.00000  57.6%  60.2   40s
  5003  3699   50.00000   38  102   85.00000   36.00000  57.6%  59.0   45s
  5283  3880   59.00000   40   86   85.00000   36.00000  57.6%  58.7   50s
  5644  4104   59.00000   55   84   85.00000   36.00000  57.6%  57.4   55s
  5999  4283   59.00000   57   88   85.00000   36.00000  57.6%  56.7   61s
  6379  4543   59.00000   59   84   85.00000   36.00000  57.6%  56.0   65s
  6843  4716   72.00000   70   73   85.00000   36.00000  57.6%  55.6   70s
  7146  4694   72.00000   82   51   85.00000   36.00000  57.6%  55.0   75s
  7568  4876   72.00000   84   54   85.00000   36.00000  57.6%  53.8   80s
  7957  5055   78.00000   85   52   85.00000   36.00000  57.6%  53.5   85s
  8184  5161   81.00000   87   51   85.00000   36.00000  57.6%  53.4   91s
  8477  5258   78.00000   88   52   85.00000   36.00000  57.6%  52.8   96s
  8555  5351   78.00000   89   37   85.00000   36.00000  57.6%  52.7  100s
  8721  5353   78.00000   90   36   85.00000   36.00000  57.6%  52.5  105s
  8798  5494   78.00000   91   35   85.00000   36.00000  57.6%  52.4  110s
  9061  5494   78.00000   92   37   85.00000   36.00000  57.6%  51.8  116s
  9398  5598   84.00000  111   14   85.00000   36.00000  57.6%  51.3  122s
  9573  5875 infeasible  112        85.00000   36.00000  57.6%  51.1  127s
  9874  5875   65.00000   35   85   85.00000   36.00000  57.6%  51.0  130s
 10453  6098   73.00000   52   60   85.00000   36.00000  57.6%  50.4  138s
 10622  6468   73.00000   53   59   85.00000   36.00000  57.6%  50.2  141s
 11191  6526   36.29218   22  153   85.00000   36.00000  57.6%  49.8  145s
 11485  7372   36.29218   24  148   85.00000   36.00000  57.6%  49.6  152s
 12474  7490   38.51755   25  128   85.00000   36.00000  57.6%  49.1  156s
 13069  8046   72.00000   67   63   85.00000   36.00000  57.6%  48.6  164s
 13334  8845   72.00000   68   63   85.00000   36.00000  57.6%  48.3  168s
 14383  9213   60.00000   38   81   85.00000   36.00000  57.6%  48.4  171s
 14884 10114   60.00000   38  108   85.00000   36.00000  57.6%  48.1  175s
 16070 10418   73.00000   75   41   85.00000   36.00000  57.6%  47.6  180s
 16540 10477   57.00000   31   66   85.00000   36.00000  57.6%  47.7  188s
 16575 10553   57.00000   32   66   85.00000   36.00000  57.6%  47.7  192s
 16676 10672   57.00000   33   70   85.00000   36.00000  57.6%  47.7  197s
 16819 10706   57.00000   34   70   85.00000   36.00000  57.6%  47.8  201s
 16857 10901   57.00000   35   69   85.00000   36.00000  57.6%  47.8  206s
 17070 10944   57.00000   36   67   85.00000   36.00000  57.6%  47.6  211s
 17125 11233   57.00000   37   67   85.00000   36.00000  57.6%  47.6  216s
H17441 10050                      84.0000000   36.00000  57.1%  47.4  216s
 17516 10020   57.00000   38   73   84.00000   36.00000  57.1%  47.5  221s
H17517 10020                      84.0000000   36.00000  57.1%  47.5  221s
 17580 10045   57.00000   39   72   84.00000   36.00000  57.1%  47.6  226s
H17584  9271                      83.0000000   36.00000  56.6%  47.6  226s
 17615  9428   59.00000   40   70   83.00000   36.00000  56.6%  47.6  231s
H17624  9428                      83.0000000   36.00000  56.6%  47.6  231s
H17767  9038                      82.0000000   36.00000  56.1%  47.8  231s
 17802  9059   64.00000   44   64   82.00000   36.00000  56.1%  47.8  236s
H17840  9240                      82.0000000   36.00000  56.1%  47.8  240s
 18047  9273   64.00000   46   53   82.00000   36.00000  56.1%  47.8  245s
 18080  9301   64.00000   47   49   82.00000   36.00000  56.1%  47.8  250s
 18115  9686   64.00000   48   49   82.00000   36.00000  56.1%  47.8  255s
 18649 10023   64.00000   49   50   82.00000   36.00000  56.1%  47.6  263s
 19074 10345   71.00000   35   96   82.00000   36.00000  56.1%  47.4  271s
 19492 10819   71.00000   35   95   82.00000   36.00000  56.1%  47.4  278s
 20180 11936   71.00000   36   96   82.00000   36.00000  56.1%  47.1  285s
 21665 12627   71.00000   36   92   82.00000   36.00000  56.1%  47.2  292s
 22651 14021   71.00000   37   79   82.00000   36.00000  56.1%  47.0  299s
 24574 15473   71.00000   37   85   82.00000   36.00000  56.1%  46.7  305s
 26612 17145   71.00000   66   51   82.00000   36.00000  56.1%  46.5  311s
 29172 19171   77.00000   95   38   82.00000   36.00000  56.1%  46.1  321s
 32245 20275 infeasible   73        82.00000   36.00146  56.1%  45.8  325s
 33975 20333   42.00000   26  132   82.00000   36.00146  56.1%  45.5  333s
 34012 20359   43.00000   27  119   82.00000   36.00146  56.1%  45.5  337s
 34050 20368   43.00000   28  121   82.00000   36.00146  56.1%  45.5  342s
 34105 20401   43.00000   29  110   82.00000   36.00146  56.1%  45.5  347s
 34140 20432   54.00000   30   82   82.00000   36.00146  56.1%  45.6  356s
 34175 20492   54.00000   31   80   82.00000   36.00146  56.1%  45.5  362s
 34253 20549   54.00000   32   78   82.00000   36.00146  56.1%  45.6  370s
 34322 20581   54.00000   33   77   82.00000   36.00146  56.1%  45.6  375s
 34360 20670   57.00000   34   75   82.00000   36.02350  56.1%  45.5  381s
 34460 20717   57.00000   35   74   82.00000   36.02350  56.1%  45.5  387s
 34509 21026   57.00000   36   76   82.00000   36.02350  56.1%  45.5  392s
 34914 21053   60.00000   43   92   82.00000   36.02350  56.1%  45.4  398s
 34951 21142   60.00000   44   90   82.00000   36.02350  56.1%  45.4  406s
 35078 21318   72.00000   46   87   82.00000   36.02350  56.1%  45.4  413s
 35321 21352   79.00000   58   62   82.00000   36.02350  56.1%  45.4  420s
 35371 23062 infeasible   59        82.00000   36.02350  56.1%  45.4  426s
 37897 25542 infeasible   88        82.00000   36.02350  56.1%  45.0  433s
 41623 25746   81.00000   69   50   82.00000   36.02350  56.1%  44.5  438s
 41948 27217   81.00000   70   52   82.00000   36.02350  56.1%  44.5  444s
 44144 29051   74.00000   40   90   82.00000   36.02350  56.1%  44.3  449s
 46877 29739   78.00000   52   78   82.00000   36.02350  56.1%  44.3  454s
 47702 29769   79.00000   85   44   82.00000   36.02350  56.1%  44.3  460s
 47736 29788 infeasible   86        82.00000   36.02350  56.1%  44.3  466s
 47787 29810   36.12245   37  193   82.00000   36.02350  56.1%  44.4  475s
 47833 30138   36.12245   38  194   82.00000   36.02350  56.1%  44.4  484s
 48280 30275   51.00000   39  135   82.00000   36.02350  56.1%  44.4  491s
 48507 31190   51.00000   40  134   82.00000   36.02350  56.1%  44.4  498s
 49728 32185   61.00000   41  105   82.00000   36.02350  56.1%  44.4  505s
 51326 33666   61.00000   42  107   82.00000   36.02350  56.1%  44.4  513s
 53517 37577   80.00000   51   73   82.00000   36.02350  56.1%  44.4  520s
 59609 41424   79.00000   50   67   82.00000   36.04501  56.0%  44.5  537s
 65240 44585   71.00000   89   53   82.00000   36.07245  56.0%  45.0  545s
 70162 44614   78.00000   40  102   82.00000   36.11680  56.0%  45.1  551s
 70197 44732   78.00000   41   94   82.00000   36.11680  56.0%  45.1  558s
 70370 44759   78.00000   43   86   82.00000   36.11680  56.0%  45.1  564s
 70407 44781   78.00000   44   86   82.00000   36.11680  56.0%  45.1  572s
 70451 44807   78.00000   45   84   82.00000   36.12245  55.9%  45.1  579s
 70489 44828   78.00000   46   75   82.00000   36.12245  55.9%  45.1  587s
 70532 45281   78.00000   47   74   82.00000   36.12245  55.9%  45.1  594s
 71311 47607   81.00000   90   27   82.00000   36.12245  55.9%  45.1  603s
 74722 47633   59.00000   50  103   82.00000   36.12245  55.9%  45.1  610s
 74760 47665   59.00000   51  102   82.00000   36.12245  55.9%  45.1  618s
 74820 47690   59.00000   52  101   82.00000   36.12245  55.9%  45.1  630s
 74859 48152   72.00000   53   82   82.00000   36.12245  55.9%  45.1  639s
 75625 50501   72.00000   54   81   82.00000   36.12245  55.9%  45.1  648s
 79148 52134   72.00000   55   83   82.00000   36.12245  55.9%  45.1  657s
 81618 56724 infeasible   77        82.00000   36.12245  55.9%  45.1  666s
 89021 57555 infeasible   86        82.00000   36.14012  55.9%  44.9  687s
 90341 78293 infeasible   80        82.00000   36.14012  55.9%  44.9  734s
 122106 78355   80.00000   70   42   82.00000   36.19638  55.9%  43.9  752s
 122208 99656 infeasible   71        82.00000   36.19638  55.9%  43.9  795s
 154208 100613   78.00000   68   70   82.00000   36.43200  55.6%  43.5  812s
 155672 114964   53.00000   40  116   82.00000   36.43200  55.6%  43.5  843s
 177134 118197   75.00000   56   73   82.00000   36.43200  55.6%  43.2  850s
 182055 118224   71.00000   57   73   82.00000   36.43200  55.6%  43.1  855s
 182092 118249   71.00000   58   72   82.00000   36.43200  55.6%  43.1  861s
 182131 118347   77.00000   59   73   82.00000   36.43200  55.6%  43.1  866s
 182301 118373   77.00000   61   71   82.00000   36.43278  55.6%  43.1  873s
 182339 118862   77.00000   62   72   82.00000   36.43278  55.6%  43.1  879s
 183085 119163   81.00000   93   33   82.00000   36.48942  55.5%  43.1  895s
 183582 140051   81.00000   94   32   82.00000   36.48942  55.5%  43.1  935s
 215582 140198   75.00000   76   76   82.00000   36.59233  55.4%  42.8  948s
 215757 161384   75.00000   78   74   82.00000   36.59233  55.4%  42.8  978s
 247757 161405   65.00000   55   71   82.00000   36.59233  55.4%  42.4  990s
 247800 181571   65.00000   56   71   82.00000   36.59233  55.4%  42.4 1121s
 279800 185692 infeasible   91        82.00000   36.84765  55.1%  42.3 1133s
 286558 185713   59.00000   58  118   82.00000   36.84765  55.1%  42.2 1140s
 286601 185961   59.00000   59  117   82.00000   36.84765  55.1%  42.2 1146s
 286988 185987   59.00000   51  108   82.00000   36.84765  55.1%  42.2 1153s
 287026 186421   59.00000   52  108   82.00000   36.84765  55.1%  42.2 1161s
 287628 187363   59.00000   53  106   82.00000   36.95775  54.9%  42.3 1171s
 289332 190021   59.00000   54  122   82.00000   36.95775  54.9%  42.3 1182s
 293501 192227 infeasible   52        82.00000   36.95775  54.9%  42.3 1191s
 297015 195028   74.00000   55   90   82.00000   36.96116  54.9%  42.3 1200s
 301602 200287 infeasible   78        82.00000   36.96116  54.9%  42.2 1208s
 309612 201436   81.00000   84   56   82.00000   36.96116  54.9%  42.2 1220s
 311549 215756   57.00000   52  115   82.00000   36.96116  54.9%  42.2 1238s
 334235 215785   66.00000   44  100   82.00000   37.00000  54.9%  42.3 1242s
 334270 215988   66.00000   45  100   82.00000   37.00000  54.9%  42.3 1246s
 334601 216120   66.00000   46   97   82.00000   37.00000  54.9%  42.3 1250s
 334821 216562   81.00000   81   32   82.00000   37.00000  54.9%  42.3 1255s
 335530 216705   81.00000   82   31   82.00000   37.00000  54.9%  42.3 1260s
 335743 216869 infeasible   83        82.00000   37.00000  54.9%  42.3 1265s
 336018 216927 infeasible   84        82.00000   37.00000  54.9%  42.3 1273s
 336115 217259   81.00000   85   29   82.00000   37.00000  54.9%  42.3 1279s
 336699 217893   81.00000   86   27   82.00000   37.00000  54.9%  42.3 1290s
 337762 218908   73.00000   51   64   82.00000   37.00000  54.9%  42.3 1299s
 339388 221338   80.00000   93   30   82.00000   37.00000  54.9%  42.3 1313s
 343191 222807   80.00000   78   38   82.00000   37.00000  54.9%  42.3 1325s
 345548 229679 infeasible   71        82.00000   37.00000  54.9%  42.3 1337s
 356480 230920   81.00000   81   54   82.00000   37.00000  54.9%  42.2 1343s
 358305 233339   76.00000   63   52   82.00000   37.00000  54.9%  42.2 1350s
 362202 234196   57.00000   42  118   82.00000   37.00000  54.9%  42.2 1356s
 363596 235885   57.00000   43  114   82.00000   37.00000  54.9%  42.2 1363s
 366374 238656   78.00000   39   89   82.00000   37.00000  54.9%  42.2 1369s
 371112 242919   54.00000   47   99   82.00000   37.03458  54.8%  42.1 1381s
 378014 242941   56.50549   48   93   82.00000   37.03458  54.8%  42.1 1387s
 378056 243345   73.00000   49   73   82.00000   37.03458  54.8%  42.1 1393s
 378729 243671   73.00000   50   71   82.00000   37.03458  54.8%  42.1 1402s
 379239 244002   73.00000   51   74   82.00000   37.05014  54.8%  42.1 1411s
 379813 244575   73.00000   52   65   82.00000   37.05014  54.8%  42.1 1420s
 380482 246029   73.00000   53   59   82.00000   37.05014  54.8%  42.1 1430s
 382802 248457   73.00000   54   59   82.00000   37.05014  54.8%  42.0 1439s
 385712 248457   43.00000   52  101   82.00000   37.05014  54.8%  42.0 1440s
 386519 253419   59.00000   62   79   82.00000   37.05014  54.8%  42.0 1449s
 393692 254293   75.00000   86   56   82.00000   37.05014  54.8%  42.0 1457s
 395044 256995   81.00000   87   56   82.00000   37.05014  54.8%  42.0 1464s
 399088 260737   46.00000   50  149   82.00000   37.05014  54.8%  42.0 1471s
 404947 265520 infeasible  123        82.00000   37.11701  54.7%  42.0 1482s
 412210 268188   79.00000   60   63   82.00000   37.19945  54.6%  42.0 1487s
 416467 268211 infeasible   60        82.00000   37.19945  54.6%  42.0 1492s
 416508 268235   75.00000   61   66   82.00000   37.19945  54.6%  42.0 1497s
 416548 268399   75.00000   62   65   82.00000   37.22514  54.6%  42.0 1502s
 416836 268597 infeasible   63        82.00000   37.22514  54.6%  42.0 1508s
 417120 268856 infeasible   64        82.00000   37.22514  54.6%  42.0 1514s
 417483 268961   71.00000   50   64   82.00000   37.22514  54.6%  42.0 1520s
 417640 269177   80.00000   65   51   82.00000   37.22514  54.6%  42.0 1529s
 418005 269329   80.00000   60   79   82.00000   37.22514  54.6%  42.0 1538s
 418255 269366   79.00000   53   85   82.00000   37.22514  54.6%  42.0 1545s
 418314 270373   79.00000   57   77   82.00000   37.22514  54.6%  42.0 1553s
 419753 273172   73.00000   67   65   82.00000   37.22514  54.6%  42.0 1561s
 424196 275004   79.00000   70   42   82.00000   37.31090  54.5%  42.0 1569s
 426861 279297   72.00000   39   82   82.00000   37.31239  54.5%  41.9 1577s
 433078 280122   69.00000   67   58   82.00000   37.31239  54.5%  41.9 1583s
 434369 280149   80.00000   80   41   82.00000   37.31239  54.5%  41.8 1595s
 434406 301436 infeasible   81        82.00000   37.31239  54.5%  41.8 1705s
 466406 305120   81.00000   89   22   82.00000   37.44066  54.3%  41.7 1717s
 472285 308044   59.00000   42  105   82.00000   37.44066  54.3%  41.7 1724s
 476702 308071   67.00000   54   99   82.00000   37.44066  54.3%  41.7 1730s
 476739 308461   74.00000   55   87   82.00000   37.44066  54.3%  41.7 1735s
 477355 308769   74.00000   56   85   82.00000   37.44066  54.3%  41.7 1742s
 477720 308847   74.00000   57   86   82.00000   37.44066  54.3%  41.7 1752s
 477858 309411   74.00000   58   82   82.00000   37.44066  54.3%  41.7 1763s
 478673 310746   78.00000   97   45   82.00000   37.44066  54.3%  41.7 1771s
 480748 311799   75.00000   54   60   82.00000   37.53522  54.2%  41.7 1784s
 482376 314837   81.00000   86   33   82.00000   37.53522  54.2%  41.7 1796s
 487408 317473   51.00000   33  127   82.00000   37.62233  54.1%  41.7 1804s
 491174 319386   75.00000   57   72   82.00000   37.62233  54.1%  41.6 1814s
 494022 324647   76.00000   44   63   82.00000   37.62233  54.1%  41.6 1822s
 502911 326386   81.00000   85   44   82.00000   37.69201  54.0%  41.6 1833s
 505802 332491   81.00000   86   47   82.00000   37.69201  54.0%  41.6 1845s
 515480 335251 infeasible   88        82.00000   37.69201  54.0%  41.5 1851s
 519708 335705     cutoff   66        82.00000   38.00000  53.7%  41.5 1856s
 520542 336088   70.00000   67   65   82.00000   38.00000  53.7%  41.5 1861s
 521235 336108   70.00000   68   65   82.00000   38.00000  53.7%  41.5 1868s
 521276 336317   70.00000   69   72   82.00000   38.00000  53.7%  41.5 1874s
 521604 337208   70.00000   70   73   82.00000   38.00000  53.7%  41.5 1883s
 522908 339008   70.00000   71   75   82.00000   38.00000  53.7%  41.5 1892s
 525660 342201   70.00000   72   74   82.00000   38.00000  53.7%  41.5 1903s
 530263 343274 infeasible   73        82.00000   38.00000  53.7%  41.5 1914s
 531906 348642   75.00000   74   89   82.00000   38.00000  53.7%  41.5 1925s
 540119 348787   54.00000   38   99   82.00000   38.00000  53.7%  41.5 1930s
 540339 349266   54.00000   39   95   82.00000   38.00000  53.7%  41.5 1935s
 541107 349759   54.00000   40   92   82.00000   38.00000  53.7%  41.5 1940s
 541815 349788   80.00000   66   47   82.00000   38.00000  53.7%  41.5 1947s
 541850 349814   80.00000   67   46   82.00000   38.00000  53.7%  41.5 1953s
 541888 349987   80.00000   68   49   82.00000   38.00000  53.7%  41.5 1960s
 542177 350041   80.00000   69   50   82.00000   38.00000  53.7%  41.5 1970s
 542262 350192   80.00000   70   50   82.00000   38.00000  53.7%  41.5 1981s
 542503 350230   80.00000   71   49   82.00000   38.05204  53.6%  41.5 1988s
 542564 350274   80.00000   72   48   82.00000   38.05204  53.6%  41.5 1998s
 542614 350998   80.00000   73   47   82.00000   38.05204  53.6%  41.5 2008s
 543783 351022   80.00000   99   41   82.00000   38.15350  53.5%  41.5 2017s
 543823 351048     cutoff  100        82.00000   38.15350  53.5%  41.5 2026s
 543867 353159 infeasible  101        82.00000   38.15350  53.5%  41.5 2034s
 547592 355857   79.00000   64   71   82.00000   38.15350  53.5%  41.6 2043s
 551953 357230     cutoff   61        82.00000   38.15350  53.5%  41.5 2051s
 554016 359870   79.00000   60   36   82.00000   38.15350  53.5%  41.5 2059s
 558831 362068   71.00000   66   80   82.00000   38.15350  53.5%  41.5 2067s
 562140 362090   71.00000   67   78   82.00000   38.15350  53.5%  41.5 2078s
 562181 382596 infeasible   68        82.00000   38.15350  53.5%  41.5 2139s
 594181 385346   79.00000   64   56   82.00000   38.64208  52.9%  41.5 2151s
 598534 385851   77.00000   51   77   82.00000   38.84144  52.6%  41.5 2160s
 599370 385875   72.00000   60   75   82.00000   39.00000  52.4%  41.5 2170s
 599410 386427   72.00000   61   75   82.00000   39.00000  52.4%  41.5 2180s
 600256 386801   75.00000   60   76   82.00000   39.00000  52.4%  41.5 2195s
 600809 389627   75.00000   61   77   82.00000   39.00000  52.4%  41.5 2211s
 604918 396755   78.00000   59   41   82.00000   39.00000  52.4%  41.5 2224s
 615840 397602   53.00000   30  108   82.00000   39.00000  52.4%  41.4 2232s
 617257 400998   53.00000   31  107   82.00000   39.00000  52.4%  41.4 2241s
 622357 404213   75.00000   73   73   82.00000   39.39897  52.0%  41.4 2248s
 627295 404278   48.00000   27  118   82.00000   40.00000  51.2%  41.4 2259s
 627378 424424   64.00000   28   94   82.00000   40.00000  51.2%  41.4 2285s
 659378 424450   60.00000   74   79   82.00000   40.00000  51.2%  41.2 2296s
 659416 444488   60.00000   74   78   82.00000   40.00000  51.2%  41.2 2377s
 691416 447307   80.00000   64   38   82.00000   40.00000  51.2%  41.1 2390s
 695643 447333   66.00000   49  100   82.00000   40.00000  51.2%  41.0 2398s
 695681 447364   66.00000   50   99   82.00000   40.00000  51.2%  41.0 2407s
 695728 447832   66.00000   51   91   82.00000   40.00000  51.2%  41.0 2415s
 696428 449783 infeasible   83        82.00000   40.00000  51.2%  41.0 2426s
 699315 456991 infeasible   77        82.00000   40.00000  51.2%  41.0 2437s
 711071 457016   80.00000   55   62   82.00000   40.00000  51.2%  40.9 2443s
 711110 457678 infeasible   56        82.00000   40.00000  51.2%  40.9 2449s
 712065 457695   80.00000   57   69   82.00000   40.00000  51.2%  40.9 2456s
 712112 458675   80.00000   58   57   82.00000   40.00000  51.2%  40.9 2465s
 713553 460967   80.00000   59   58   82.00000   40.00000  51.2%  40.9 2476s
 717114 461988   80.00000   60   57   82.00000   40.00000  51.2%  40.9 2486s
 718766 462014   80.00000   61   55   82.00000   40.00000  51.2%  40.9 2494s
 718830 465349   80.00000   62   51   82.00000   40.00000  51.2%  40.9 2503s
 723856 471276   72.00000   45   59   82.00000   40.00000  51.2%  40.9 2513s
 733411 471304   72.00000   46   57   82.00000   40.00000  51.2%  40.9 2518s
 733447 471332   72.00000   47   56   82.00000   40.00000  51.2%  40.9 2522s
 733483 471359   73.00000   48   47   82.00000   40.00000  51.2%  40.9 2526s
 733519 471399   73.00000   49   58   82.00000   40.00000  51.2%  40.9 2531s
 733568 472004   73.00000   49   54   82.00000   40.00000  51.2%  40.9 2536s
 734467 472999   73.00000   50   73   82.00000   40.00000  51.2%  40.9 2541s
 736025 473534   73.00000   50   59   82.00000   40.00000  51.2%  40.9 2546s
 736819 473553   73.00000   51   61   82.00000   40.00000  51.2%  40.9 2552s
 736864 473577   73.00000   50   59   82.00000   40.00000  51.2%  40.9 2558s
 736910 473917   73.00000   51   58   82.00000   40.00000  51.2%  40.9 2565s
 737438 475554   73.00000   50   67   82.00000   40.00000  51.2%  40.9 2577s
 740011 477864   73.00000   52   56   82.00000   40.00000  51.2%  40.9 2585s
 743844 478611   73.00000   53   56   82.00000   40.00000  51.2%  40.9 2593s
 744981 478682   73.00000   54   55   82.00000   40.00000  51.2%  40.9 2601s
 745081 481506   73.00000   55   57   82.00000   41.00000  50.0%  40.9 2608s
 749799 483475   55.00000   49  118   82.00000   41.00000  50.0%  40.8 2616s
 752879 483563   78.00000   74   62   82.00000   41.00000  50.0%  40.8 2627s
 753059 503889   78.00000   75   60   82.00000   41.00000  50.0%  40.8 2685s
 785059 507971   80.00000   80   44   82.00000   41.00000  50.0%  40.8 2696s
 791391 507998     cutoff   81        82.00000   41.00000  50.0%  40.8 2702s
 791430 508020   80.00000   82   34   82.00000   41.00000  50.0%  40.8 2708s
 791472 508541   81.00000   83   34   82.00000   41.00000  50.0%  40.8 2714s
 792343 510238 infeasible   84        82.00000   41.00000  50.0%  40.8 2721s
 795045 514297   80.00000   84   34   82.00000   41.00000  50.0%  40.8 2729s
 801896 514662 infeasible   68        82.00000   41.00000  50.0%  40.7 2735s
 802373 514682   79.00000   69   67   82.00000   41.00000  50.0%  40.7 2741s
 802417 514767 infeasible   70        82.00000   41.00000  50.0%  40.7 2747s
 802614 515054 infeasible   71        82.00000   41.00000  50.0%  40.7 2756s
 803094 515681 infeasible   72        82.00000   41.00000  50.0%  40.7 2764s
 804163 518051   57.00000   45  108   82.00000   41.00000  50.0%  40.7 2774s
 807554 519340   57.00000   46  106   82.00000   41.00000  50.0%  40.7 2781s
 809582 521151   57.00000   47  101   82.00000   41.00000  50.0%  40.7 2790s
 812507 526360   77.00000   93   40   82.00000   41.00000  50.0%  40.7 2798s
 821248 530626   65.00000   37   73   82.00000   41.00000  50.0%  40.7 2809s
 827527 532242 infeasible   81        82.00000   41.00000  50.0%  40.7 2815s
 830086 533766 infeasible   80        82.00000   41.00000  50.0%  40.7 2821s
 832437 533790   81.00000   91   39   82.00000   41.00000  50.0%  40.7 2828s
 832476 534168   81.00000   92   37   82.00000   41.00000  50.0%  40.7 2835s
 833019 534176 infeasible   93        82.00000   41.00000  50.0%  40.7 2844s
 833091 534611   65.00000   33   88   82.00000   41.00000  50.0%  40.7 2856s
 833737 535989   65.00000   34   89   82.00000   41.00000  50.0%  40.7 2865s
 835811 536854   66.00000   35   79   82.00000   41.00000  50.0%  40.7 2874s
 837035 537456   79.00000   53   49   82.00000   41.00000  50.0%  40.7 2883s
 838033 537577   81.00000   58   37   82.00000   41.00000  50.0%  40.7 2894s
 838192 537601 infeasible   61        82.00000   41.00000  50.0%  40.7 2905s
 838232 537923   61.00000   57   98   82.00000   41.00000  50.0%  40.7 2917s
 838722 538587   61.00000   58   92   82.00000   41.00000  50.0%  40.7 2931s
 839790 542149   57.00000   54  104   82.00000   41.00000  50.0%  40.6 2946s
 845404 542172   81.00000   55   86   82.00000   41.00000  50.0%  40.6 2957s
 845445 542190   77.00000   55   97   82.00000   41.00000  50.0%  40.6 2968s
 845505 545663 infeasible   54        82.00000   41.00000  50.0%  40.6 2981s
*847225 466103              88      81.0000000   41.00000  49.4%  40.6 2981s
 850777 471286     cutoff   75        81.00000   41.00000  49.4%  40.6 2992s
H851074 471211                      81.0000000   41.00000  49.4%  40.6 2992s
 860134 471222   67.00000   53   73   81.00000   41.00000  49.4%  40.6 2996s
 860177 471251   73.00000   54   70   81.00000   41.00000  49.4%  40.6 3001s
 860212 471312   67.00000   54   72   81.00000   41.00000  49.4%  40.6 3005s
 860301 471330   67.00000   55   75   81.00000   41.00000  49.4%  40.6 3011s
 860347 471415   67.00000   56   75   81.00000   41.00000  49.4%  40.6 3016s
 860509 471447   76.00000   57   66   81.00000   41.00000  49.4%  40.6 3020s
 860549 471685   72.00000   56   75   81.00000   41.00000  49.4%  40.6 3025s
 860887 471744   72.00000   68   67   81.00000   41.00000  49.4%  40.6 3030s
 860970 471772   79.00000   87   50   81.00000   41.00000  49.4%  40.6 3039s
 861005 472033   79.00000   88   54   81.00000   41.00000  49.4%  40.6 3045s
 861422 472160 infeasible   89        81.00000   41.00000  49.4%  40.6 3055s
 861606 472717   79.00000   90   39   81.00000   41.00000  49.4%  40.6 3066s
 862391 473160 infeasible   91        81.00000   41.00000  49.4%  40.6 3078s
 863066 473811   55.00000   37  106   81.00000   41.00000  49.4%  40.6 3086s
H863179 426223                      80.0000000   41.00000  48.8%  40.6 3086s
 864138 426760     cutoff   62        80.00000   41.00000  48.8%  40.6 3095s
H864142 426747                      80.0000000   41.00000  48.7%  40.6 3095s
 865065 427884   48.00000   37   90   80.00000   41.00000  48.7%  40.6 3104s
 866672 428656   72.00000   58   97   80.00000   41.00000  48.7%  40.6 3114s
 867923 432883   72.00000   59   94   80.00000   41.00000  48.7%  40.6 3126s
 874216 434300   76.00000   83   45   80.00000   41.00000  48.7%  40.7 3135s
 876536 434325 infeasible   98        80.00000   41.00000  48.7%  40.7 3145s
 876574 434654 infeasible   98        80.00000   41.00000  48.7%  40.7 3155s
 877045 434686   64.00000   43   72   80.00000   41.00000  48.7%  40.7 3167s
 877093 435046   43.24708   43  119   80.00000   41.00000  48.7%  40.7 3180s
 877646 435053   64.00000   45   72   80.00000   41.00000  48.7%  40.7 3191s
 877703 435974   64.00000   46   74   80.00000   41.00000  48.7%  40.7 3203s
 878935 435999   79.00000   63   54   80.00000   41.00000  48.7%  40.7 3215s
 878974 436087   79.00000   64   57   80.00000   41.00000  48.7%  40.7 3230s
 879130 436115   79.00000   65   57   80.00000   41.00000  48.7%  40.7 3244s
 879165 436669 infeasible   64        80.00000   41.00000  48.7%  40.7 3258s
 880051 437985   79.00000  104   40   80.00000   41.00000  48.7%  40.7 3269s
 882250 438050   76.00000   48   84   80.00000   41.00000  48.7%  40.7 3287s
 882363 438360   76.00000   49   81   80.00000   41.00000  48.7%  40.7 3305s
 882863 440336   76.00000   54   74   80.00000   41.00000  48.7%  40.7 3333s
 886315 446566   76.00000   55   83   80.00000   41.00000  48.7%  40.7 3358s
 895922 446582   79.00000   83   23   80.00000   41.00000  48.7%  40.7 3372s
 895970 446605     cutoff   84        80.00000   41.00000  48.7%  40.7 3386s
 896011 446640   79.00000   82   43   80.00000   41.00000  48.7%  40.7 3401s
 896080 449280   79.00000   83   36   80.00000   41.00000  48.7%  40.7 3417s
 900036 449309   61.00000   50   92   80.00000   41.00000  48.7%  40.7 3431s
 900090 450811   61.00000   51  103   80.00000   41.00000  48.7%  40.7 3445s
 902695 452190   41.00000   57  123   80.00000   41.00000  48.7%  40.7 3460s
 904966 455156     cutoff   64        80.00000   41.00000  48.7%  40.7 3475s
 909984 458601 infeasible   73        80.00000   41.00000  48.7%  40.7 3487s
 916019 458629   73.00000   30   86   80.00000   41.00000  48.7%  40.7 3494s
 916055 458652   73.00000   31   85   80.00000   41.00000  48.7%  40.7 3501s
 916096 458679   73.00000   32   84   80.00000   41.00000  48.7%  40.7 3507s
 916145 458697   73.00000   33   83   80.00000   41.00000  48.7%  40.7 3514s
 916191 458945   73.00000   34   79   80.00000   41.00000  48.7%  40.7 3522s
 916665 458967   73.00000   35   79   80.00000   41.00000  48.7%  40.7 3531s
 916707 459370   73.00000   36   75   80.00000   41.00000  48.7%  40.7 3539s
 917356 459403 infeasible   69        80.00000   41.00000  48.7%  40.7 3552s
 917439 459889 infeasible   67        80.00000   41.00000  48.7%  40.7 3566s
 918314 460619   67.00000   38   87   80.00000   41.00000  48.7%  40.7 3580s
 919470 460641   67.00000   39   84   80.00000   41.00000  48.7%  40.7 3594s
 919517 461158 infeasible   40        80.00000   41.00000  48.7%  40.7 3600s

Cutting planes:
  Gomory: 45
  Cover: 54
  MIR: 617
  Flow cover: 1849
  RLT: 347

Explored 920245 nodes (37462940 simplex iterations) in 3600.07 seconds (1293.21 work units)
Thread count was 32 (of 32 available processors)

Solution count 10: 80 80 81 ... 84

Time limit reached
Best objective 7.999999999190e+01, best bound 4.100000000000e+01, gap 48.7500%
