
Gurobi 13.0.0 (linux64) logging started Thu Dec 11 11:42:15 2025

Set parameter LogFile to value "./Results/StripPacking-SPFix/Logs/SBspbL-010-StripPacking-50-0.log"
Set parameter TimeLimit to value 3600
Set parameter Cuts to value 0
Set parameter Presolve to value 1
Set parameter Heuristics to value 0
Set parameter LogToConsole to value 0
Set parameter LPWarmStart to value 2
Warning: linear constraint 50 and linear constraint 52 have the same name "LB[0]"
Warning: linear constraint 50 and linear constraint 52 have the same name "LB[0]"
Warning: default constraint names used to write mps file
Gurobi Optimizer version 13.0.0 build v13.0.0rc1 (linux64 - "Debian GNU/Linux 13 (trixie)")

CPU model: Intel(R) Xeon(R) CPU E5-2630 v3 @ 2.40GHz, instruction set [SSE2|AVX|AVX2]
Thread count: 16 physical cores, 32 logical processors, using up to 32 threads

Non-default parameters:
TimeLimit  3600
LPWarmStart  2
Heuristics  0
Cuts  0
LogToConsole  0
Presolve  1

Optimize a model with 93150 rows, 2551 columns and 284300 nonzeros (Min)
Model fingerprint: 0xa25fb2d7
Model has 1 linear objective coefficients
Variable types: 101 continuous, 2450 integer (2450 binary)
Coefficient statistics:
  Matrix range     [1e+00, 1e+04]
  Objective range  [1e+00, 1e+00]
  Bounds range     [1e+00, 1e+04]
  RHS range        [5e-01, 1e+04]
Using branch priorities.

Warning: Completing partial solution with 2450 unfixed non-continuous variables out of 2450
User MIP start produced solution with objective 191.6 (0.29s)
User MIP start produced solution with objective 191.6 (0.30s)
Loaded user MIP start with objective 191.6

Presolve removed 2450 rows and 0 columns
Presolve time: 0.38s
Presolved: 90700 rows, 2551 columns, 276950 nonzeros
Variable types: 101 continuous, 2450 integer (2450 binary)
Root relaxation presolved: 2551 rows, 93251 columns, 279501 nonzeros


Root simplex log...

Iteration    Objective       Primal Inf.    Dual Inf.      Time
   25172    3.5746067e+01   0.000000e+00   1.523876e+04      5s
   32075    3.5000000e+01   0.000000e+00   0.000000e+00      6s
   32075    3.5000000e+01   0.000000e+00   0.000000e+00      6s
   32075    3.5000000e+01   0.000000e+00   0.000000e+00      6s

Root relaxation: objective 3.500000e+01, 32075 iterations, 5.51 seconds (4.80 work units)

    Nodes    |    Current Node    |     Objective Bounds      |     Work
 Expl Unexpl |  Obj  Depth IntInf | Incumbent    BestBd   Gap | It/Node Time

     0     0   35.00000    0  664  191.60000   35.00000  81.7%     -   14s
     0     0   35.00000    0  664  191.60000   35.00000  81.7%     -   15s
     0     0   35.00000    0  493  191.60000   35.00000  81.7%     -   22s
     0     2   35.00000    0  492  191.60000   35.00000  81.7%     -   26s
    15    32   35.00000    4  488  191.60000   35.00000  81.7%  1050   31s
    31    48   35.00000    5  609  191.60000   35.00000  81.7%  1186   36s
    88   127   35.00000    7  526  191.60000   35.00000  81.7%  1040   41s
   166   207   42.00000    9  460  191.60000   35.00000  81.7%   856   45s
   310   340   45.00000   12  553  191.60000   35.00000  81.7%   719   51s
   339   365   46.00000   12  483  191.60000   35.00000  81.7%   699   55s
   423   456   45.00000   15  474  191.60000   35.00000  81.7%   724   61s
   498   541   45.00000   17  458  191.60000   35.00000  81.7%   693   65s
   647   710   68.00000   23  346  191.60000   35.00000  81.7%   639   70s
   868   963   60.00000   30  406  191.60000   35.00000  81.7%   559   76s
  1061  1179   80.00000   38  333  191.60000   35.00000  81.7%   504   80s
  1452  1652  101.00000   56  226  191.60000   35.00000  81.7%   418   86s
  2101  2373  109.00000   83  213  191.60000   35.00000  81.7%   320   91s
  2992  3337  157.00000  134   97  191.60000   35.00000  81.7%   245   96s
* 3076  3314             239     184.0000000   35.00000  81.0%   238   96s
* 3536  3511             268     183.0000000   35.00000  80.9%   214   98s
  3676  3849  166.00000  175   56  183.00000   35.00000  80.9%   210  101s
  4397  4346   51.00000    7  407  183.00000   35.00000  80.9%   185  106s
* 4404  4330             257     182.0000000   35.00000  80.8%   185  106s
* 4405  4103             256     176.0000000   35.00000  80.1%   185  106s
  4839  4493   52.00000   12  435  176.00000   35.00000  80.1%   177  110s
* 5484  4690             262     174.0000000   35.00000  79.9%   167  114s
  5515  4813   52.00000   22  414  174.00000   35.00000  79.9%   167  117s
  5909  5321   78.00000   31  330  174.00000   35.00000  79.9%   165  122s
  6208  5595   82.00000   37  287  174.00000   35.00000  79.9%   162  125s
  6806  6208  145.00000   77   93  174.00000   35.00000  79.9%   157  130s
  7668  6563  172.00000  158  493  174.00000   35.00000  79.9%   148  138s
  7670  6564  133.00000   87  857  174.00000   35.00000  79.9%   148  172s
  7671  6565  166.00000  182  680  174.00000   35.00000  79.9%   148  199s
  7673  6569   35.00000   10  490  174.00000   35.00000  79.9%   166  207s
  7679  6579   35.00000   12  463  174.00000   35.00000  79.9%   167  212s
  7687  6593   35.00000   13  492  174.00000   35.00000  79.9%   168  215s
  7703  6603   35.00000   14  501  174.00000   35.00000  79.9%   169  225s
  7755  6662   51.00000   16  407  174.00000   35.00000  79.9%   178  233s
  7795  6684   58.00000   17  399  174.00000   35.00000  79.9%   179  236s
  7863  6728   42.00000   19  456  174.00000   35.00000  79.9%   182  242s
  7897  6754   45.00000   20  424  174.00000   35.00000  79.9%   184  245s
  7963  6792   42.00000   22  482  174.00000   35.00000  79.9%   186  250s
  8024  6832   55.00000   23  443  174.00000   35.00000  79.9%   188  255s
  8084  6872   46.00000   24  432  174.00000   35.00000  79.9%   190  260s
  8186  6944   46.00000   26  463  174.00000   35.00000  79.9%   192  267s
  8221  6970   59.00000   27  422  174.00000   35.00000  79.9%   193  270s
  8301  7030   59.00000   29  342  174.00000   35.00000  79.9%   195  275s
  8393  7102   59.00000   31  326  174.00000   35.00000  79.9%   197  280s
  8505  7184   72.00000   33  370  174.00000   35.00000  79.9%   199  286s
  8633  7273   73.00000   35  362  174.00000   35.00000  79.9%   199  293s
  8699  7338   60.00000   36  339  174.00000   35.00000  79.9%   200  296s
  8887  7515   66.00000   41  329  174.00000   35.00000  79.9%   199  302s
  9025  7656   90.00000   46  267  174.00000   35.00000  79.9%   199  305s
  9454  8033  108.00000   62  194  174.00000   35.00000  79.9%   196  312s
  9732  8211  109.00000   72  235  174.00000   35.00000  79.9%   194  315s
 10343  8680  115.00000   94  174  174.00000   35.00000  79.9%   188  321s
 11071  9313  134.00000  117  145  174.00000   35.00000  79.9%   181  327s
 11551  9645  136.00000  131   93  174.00000   35.00000  79.9%   175  330s
 12518 10374  164.00000  165   26  174.00000   35.00000  79.9%   166  336s
 13665 11052  164.00000  205   36  174.00000   35.00000  79.9%   155  342s
 14824 11842  170.00000  239   14  174.00000   35.00000  79.9%   145  347s
*14944 11415             259     173.0000000   35.00000  79.8%   144  347s
 15480 11575  170.00000  266   11  173.00000   35.00000  79.8%   140  351s
*15494 11164             273     172.0000000   35.00000  79.7%   140  351s
*15581 10710             308     171.0000000   35.00000  79.5%   139  351s
*15582 10258             309     168.0000000   35.00000  79.2%   139  351s
 16082 10154   35.00000   17  514  168.00000   35.00000  79.2%   136  355s
*16426  9568             281     166.0000000   35.00000  78.9%   135  355s
*16661  8990             288     164.0000000   35.00000  78.7%   134  358s
 16821  8932   48.00000   26  474  164.00000   35.00000  78.7%   134  361s
 17027  9003   48.00000   29  441  164.00000   35.00000  78.7%   134  365s
 17386  9371   82.00000   42  339  164.00000   35.00000  78.7%   136  372s
 17714  9621  108.00000   56  232  164.00000   35.00000  78.7%   137  376s
 18540 10133  138.00000  102  209  164.00000   35.00000  78.7%   135  383s
*18876  9407             233     163.0000000   35.00000  78.5%   135  383s
 19084  9634     cutoff  145       163.00000   35.00000  78.5%   134  388s
 19503  9723  161.00000  191   32  163.00000   35.00000  78.5%   134  393s
 19767 10044 infeasible  223       163.00000   35.00000  78.5%   134  397s
 20253 10205   42.00000   20  498  163.00000   35.00000  78.5%   133  402s
 20626 10766   48.00000   22  381  163.00000   35.00000  78.5%   132  410s
 21361 11104   61.00000   35  334  163.00000   35.00000  78.5%   131  415s
 22039 11661  103.00000   53  232  163.00000   35.00000  78.5%   130  421s
 22796 12162  141.00000   80  274  163.00000   35.00000  78.5%   128  426s
*22882 11629             265     162.0000000   35.00000  78.4%   128  426s
 23478 11742  159.00000  125  120  162.00000   35.00000  78.4%   127  431s
 23829 12101  159.00000  165   84  162.00000   35.00000  78.4%   128  438s
 24211 12631   63.00000   22  310  162.00000   35.00000  78.4%   129  444s
 24801 13581   63.00000   30  324  162.00000   42.00000  74.1%   130  453s
 25818 14223   94.00000   44  197  162.00000   42.00000  74.1%   128  461s
 26690 14805  118.00000   68  205  162.00000   42.00000  74.1%   126  469s
 27433 15450  133.00000  109  122  162.00000   42.00000  74.1%   126  477s
 28211 16130  157.00000  158   51  162.00000   42.00000  74.1%   125  485s
 29055 16902     cutoff  195       162.00000   42.00000  74.1%   124  494s
 30078 17628   63.00000   31  275  162.00000   42.00000  74.1%   123  503s
 31097 17905  129.00000   68  223  162.00000   42.00000  74.1%   121  512s
 31489 18573  159.00000  101  137  162.00000   42.00000  74.1%   122  521s
 32204 19412  161.00000  165   77  162.00000   42.00000  74.1%   123  530s
 33199 20386   58.00000   24  441  162.00000   42.00000  74.1%   123  541s
 34278 21410   76.00000   33  361  162.00000   42.00000  74.1%   122  551s
 35511 22438  124.00000   65  191  162.00000   42.00000  74.1%   121  562s
 36963 23159 infeasible  167       162.00000   42.00000  74.1%   119  573s
 37960 24095   68.00000   34  368  162.00000   42.00000  74.1%   119  587s
*38263 21833             240     161.0000000   42.00000  73.9%   119  587s
 39102 22601  104.00000   79  261  161.00000   42.00000  73.9%   118  599s
 40241 23519   54.00000   25  452  161.00000   42.00000  73.9%   118  614s
 41419 24500  104.00000   62  243  161.00000   42.00000  73.9%   119  633s
 42715 26046   48.00000   23  430  161.00000   42.00000  73.9%   120  655s
 44394 27410   96.00000   60  305  161.00000   45.00000  72.0%   120  678s
 46062 28737  115.00000   99  303  161.00000   45.00000  72.0%   118  698s
*47738 25166             254     159.0000000   45.00000  71.7%   118  698s
*47762 24095             258     158.0000000   45.00000  71.5%   118  698s
 47768 24748     cutoff  255       158.00000   45.00000  71.5%   118  718s
 49025 26533   79.00000   47  301  158.00000   45.00000  71.5%   119  744s
 51007 28136  157.00000  129  148  158.00000   45.00000  71.5%   118  768s
 53072 29620   69.00000   34  303  158.00000   45.00000  71.5%   117  791s
 55146 30862  155.00000  140   82  158.00000   45.00000  71.5%   116  813s
 56737 32132   72.00000   30  334  158.00000   45.00000  71.5%   116  835s
 58350 33303  144.00000  116   91  158.00000   45.00000  71.5%   115  858s
 59915 34668  106.00000   39  281  158.00000   45.00000  71.5%   115  879s
 61635 35587  155.00000  166   96  158.00000   45.00000  71.5%   115  899s
 62765 37105   80.00000   38  332  158.00000   45.00000  71.5%   115  922s
*64669 34379             298     157.0000000   45.00000  71.3%   114  922s
 64703 35001  153.00000  140   77  157.00000   45.00000  71.3%   115  938s
 66029 36183   81.00000   35  302  157.00000   45.00000  71.3%   115  956s
 67506 37411  118.00000   72  269  157.00000   45.00000  71.3%   115  973s
 69092 38647 infeasible  191       157.00000   46.00000  70.7%   115  992s
 70794 39915  122.00000   63  314  157.00000   46.00000  70.7%   115 1011s
 72348 40827 infeasible  159       157.00000   46.00000  70.7%   115 1029s
 73510 42502  134.00000   91  151  157.00000   46.00000  70.7%   116 1050s
 75388 43938 infeasible  182       157.00000   46.00000  70.7%   117 1069s
 77141 45083  152.00000  131   99  157.00000   46.00000  70.7%   117 1093s
 78433 46667   85.00000   36  345  157.00000   46.00000  70.7%   117 1116s
 80265 48188  156.00000  137   84  157.00000   46.00000  70.7%   117 1138s
 82244 49332   73.00000   34  368  157.00000   46.00000  70.7%   116 1159s
 83876 50579 infeasible  144       157.00000   46.00000  70.7%   116 1180s
 85491 52642   87.00000   43  295  157.00000   46.00000  70.7%   116 1203s
 87614 54538  142.00000   93  172  157.00000   46.00000  70.7%   116 1221s
 89896 55567  155.00000  168   39  157.00000   46.00000  70.7%   115 1236s
 91514 56472   55.00000   31  402  157.00000   46.00000  70.7%   115 1251s
 92637 57527  106.00000   59  234  157.00000   46.00000  70.7%   115 1265s
 93957 58639  156.00000  168   42  157.00000   46.00000  70.7%   115 1281s
 95426 59494   93.00000   52  249  157.00000   46.00000  70.7%   115 1297s
 96462 60740  156.00000  119  158  157.00000   46.00000  70.7%   115 1313s
 98049 61745   76.00000   41  348  157.00000   46.00000  70.7%   115 1330s
 99379 62832  156.00000  140   88  157.00000   46.00000  70.7%   115 1347s
 100703 64694   69.00000   44  291  157.00000   46.00000  70.7%   116 1365s
 102692 65724  148.00000  137  137  157.00000   46.00000  70.7%   115 1381s
 104236 67002   86.00000   51  326  157.00000   46.00000  70.7%   115 1400s
 105707 68292  155.00000  166  120  157.00000   46.00000  70.7%   115 1421s
 107507 69576   73.00000   42  341  157.00000   46.00000  70.7%   115 1441s
 109079 71038  156.00000  149   52  157.00000   46.00000  70.7%   115 1462s
 110848 73020   88.00000   54  344  157.00000   46.00000  70.7%   115 1481s
 113115 73880  156.00000  139   75  157.00000   46.00000  70.7%   114 1498s
 114606 74787   63.00000   25  364  157.00000   46.00000  70.7%   114 1514s
 115656 76002  117.00000   53  200  157.00000   47.00000  70.1%   114 1532s
 117278 77615  154.00000  153  143  157.00000   47.00000  70.1%   114 1552s
 119191 78674   97.00000   42  289  157.00000   47.00000  70.1%   114 1572s
 120754 79787  153.00000  132  162  157.00000   47.00000  70.1%   114 1591s
 122134 81068   96.00000   43  246  157.00000   47.00000  70.1%   114 1611s
 123791 82111  156.00000  170   45  157.00000   47.00000  70.1%   114 1629s
 125239 83575   90.00000   49  337  157.00000   47.00000  70.1%   114 1648s
 127035 84826  146.00000  137  174  157.00000   47.00000  70.1%   113 1668s
 128676 86189  155.00000  236    5  157.00000   47.00000  70.1%   113 1686s
 130375 87607  114.00000   76  292  157.00000   47.00000  70.1%   113 1705s
 132107 88945   48.00000   31  418  157.00000   47.00000  70.1%   113 1723s
 133645 90444   95.00000   63  200  157.00000   47.00000  70.1%   114 1741s
 135422 91670  151.00000  133   88  157.00000   48.00000  69.4%   113 1759s
 137333 92802   48.00000   32  392  157.00000   48.00000  69.4%   113 1777s
 138733 94129  109.00000   80  234  157.00000   48.00000  69.4%   113 1795s
 140694 95343 infeasible  181       157.00000   48.00000  69.4%   113 1817s
 142225 96463   92.00000   58  248  157.00000   48.00000  69.4%   113 1835s
 143762 97705  156.00000  181   41  157.00000   48.00000  69.4%   113 1857s
 145256 99507  129.00000   57  325  157.00000   48.00000  69.4%   113 1878s
 147318 100561     cutoff  164       157.00000   48.00000  69.4%   113 1897s
 148832 102534   90.00000   45  259  157.00000   48.00000  69.4%   113 1919s
 151167 103313   60.00000   33  324  157.00000   48.00000  69.4%   112 1936s
 152282 104438  102.00000   71  291  157.00000   48.00000  69.4%   112 1954s
 153496 105779   55.00000   30  353  157.00000   48.00000  69.4%   112 1973s
 154994 107532  120.00000   70  224  157.00000   48.00000  69.4%   113 1992s
 157002 108729 infeasible  188       157.00000   48.00000  69.4%   112 2008s
 158607 109680   93.00000   48  259  157.00000   48.00000  69.4%   112 2025s
 159939 110947  110.00000   71  273  157.00000   48.00000  69.4%   112 2043s
 161344 112613  154.00000   99  164  157.00000   48.00000  69.4%   112 2062s
 163285 113738  156.00000  143   48  157.00000   48.00000  69.4%   112 2080s
 164883 114750 infeasible  176       157.00000   48.00000  69.4%   112 2098s
 166376 115826   55.00000   33  386  157.00000   48.00000  69.4%   112 2115s
 167734 117082  152.00000   66  201  157.00000   48.00000  69.4%   112 2138s
 169544 118289   60.00000   34  319  157.00000   48.00000  69.4%   111 2160s
 171140 119633  144.00000  110  219  157.00000   48.00000  69.4%   111 2185s
 172871 120996 infeasible  195       157.00000   48.00000  69.4%   111 2210s
 174451 122776  140.00000  124  127  157.00000   48.00000  69.4%   111 2233s
 176614 124070  149.00000  125  106  157.00000   48.00000  69.4%   111 2252s
 178266 125359   61.00000   40  319  157.00000   48.00000  69.4%   111 2274s
 179965 127067   83.00000   54  304  157.00000   48.00000  69.4%   111 2294s
 182033 128044  134.00000  115  106  157.00000   48.00000  69.4%   111 2313s
 183402 129404  156.00000  159   82  157.00000   48.00000  69.4%   111 2333s
 185003 130500  106.00000   57  281  157.00000   48.00000  69.4%   111 2353s
 186443 131695     cutoff  190       157.00000   48.00000  69.4%   111 2372s
 187850 132871  112.00000   64  316  157.00000   48.00000  69.4%   111 2391s
 189495 134180  156.00000  156  119  157.00000   48.00000  69.4%   111 2412s
 191088 135442   64.00000   36  263  157.00000   48.00000  69.4%   111 2435s
 192758 137165  120.00000   73  242  157.00000   48.00000  69.4%   111 2460s
 194636 138466  155.00000  122  121  157.00000   48.00000  69.4%   111 2481s
 196412 139534  155.00000  169   39  157.00000   48.00000  69.4%   111 2500s
 197731 140665 infeasible  184       157.00000   48.00000  69.4%   111 2520s
 199395 141893  116.00000   79  201  157.00000   48.00000  69.4%   111 2540s
 200896 143104   55.00000   31  346  157.00000   48.00000  69.4%   111 2560s
 202436 144263  141.00000   78  194  157.00000   48.00000  69.4%   111 2584s
 203919 145549   76.00000   41  297  157.00000   48.00000  69.4%   111 2606s
 205528 146859  148.00000  123  126  157.00000   48.00000  69.4%   111 2627s
 207217 147838 infeasible  251       157.00000   48.00000  69.4%   111 2646s
 208614 149260  112.00000   70  224  157.00000   48.00000  69.4%   111 2666s
 210362 150439   55.00000   29  378  157.00000   48.00000  69.4%   111 2687s
 211906 151956  156.00000  128   66  157.00000   48.00000  69.4%   111 2708s
 213843 152898   73.00000   46  307  157.00000   48.00000  69.4%   110 2726s
 215144 154209  116.00000  113  150  157.00000   48.00000  69.4%   110 2745s
 216755 155131   61.00000   28  371  157.00000   48.00000  69.4%   110 2765s
 217847 156794   78.00000   43  227  157.00000   48.00000  69.4%   111 2788s
 219935 157882  155.00000  117   68  157.00000   48.00000  69.4%   111 2810s
 221338 159213   60.00000   33  364  157.00000   48.00000  69.4%   111 2830s
 223033 160693  122.00000   92  183  157.00000   48.00000  69.4%   111 2850s
 224777 161815  155.00000  162   88  157.00000   48.00000  69.4%   110 2868s
 226224 163231  142.00000   71  197  157.00000   48.00000  69.4%   111 2887s
 227974 164320   48.00000   31  370  157.00000   48.00000  69.4%   110 2905s
 229391 165597  114.00000   74  168  157.00000   48.00000  69.4%   111 2924s
 231094 166735  155.00000  173   75  157.00000   48.00000  69.4%   110 2942s
 232491 168324  141.00000   73  159  157.00000   48.00000  69.4%   110 2961s
 234504 169394     cutoff  212       157.00000   48.00000  69.4%   110 2978s
 235972 170554   97.00000   65  252  157.00000   48.00000  69.4%   110 2995s
 237471 171713 infeasible  174       157.00000   48.00000  69.4%   110 3015s
 239037 172837  132.00000   93  155  157.00000   48.00000  69.4%   110 3034s
 240505 173948   86.00000   42  327  157.00000   48.00000  69.4%   110 3053s
 241990 174810  134.00000   78  260  157.00000   48.00000  69.4%   110 3071s
 243131 176612  156.00000  179   52  157.00000   48.00000  69.4%   110 3092s
 245079 177737   77.00000   38  289  157.00000   48.00000  69.4%   110 3116s
 246821 178979  133.00000   60  236  157.00000   48.00000  69.4%   110 3137s
 248302 180246  148.00000  105  112  157.00000   48.00000  69.4%   110 3158s
 249942 181423  156.00000  156  107  157.00000   48.00000  69.4%   110 3180s
 251265 182620  156.00000  192   56  157.00000   48.00000  69.4%   110 3202s
 252817 183732 infeasible  211       157.00000   48.00000  69.4%   110 3223s
 254259 185612  111.00000   69  225  157.00000   48.00000  69.4%   110 3244s
 256361 186429   93.00000   46  286  157.00000   48.00000  69.4%   110 3260s
 257676 187516  151.00000  121  139  157.00000   48.00000  69.4%   110 3277s
 258905 188685   60.00000   31  330  157.00000   48.00000  69.4%   110 3295s
 260465 189851  153.00000  133  129  157.00000   48.00000  69.4%   110 3316s
 261811 191057   98.00000   52  283  157.00000   48.00000  69.4%   110 3337s
 263471 192151  154.00000  117  186  157.00000   48.00000  69.4%   110 3357s
 264823 193579 infeasible  214       157.00000   48.00000  69.4%   110 3376s
 266619 194778  155.00000  145   26  157.00000   48.00000  69.4%   110 3395s
 268171 196235  133.00000   70  317  157.00000   48.00000  69.4%   110 3413s
 270002 197276 infeasible  194       157.00000   48.00000  69.4%   110 3432s
 271535 198688  106.00000   58  279  157.00000   48.00000  69.4%   110 3451s
 273106 199752  156.00000  142  123  157.00000   48.00000  69.4%   110 3469s
 274541 201169   82.00000   44  264  157.00000   48.00000  69.4%   110 3488s
 276093 203100  119.00000   93  162  157.00000   48.00000  69.4%   110 3507s
 278336 203970   59.00000   33  399  157.00000   48.00000  69.4%   110 3521s
 279645 204850  137.00000   94  171  157.00000   48.00000  69.4%   110 3535s
 280830 206031 infeasible  189       157.00000   48.00000  69.4%   110 3551s
 282199 207390   75.00000   42  292  157.00000   48.00000  69.4%   110 3571s
 283808 208753   98.00000   71  229  157.00000   48.00000  69.4%   110 3589s
 285449 209583  143.00000  102  169  157.00000   48.00000  69.4%   110 3600s

Explored 286549 nodes (31604867 simplex iterations) in 3600.07 seconds (2672.66 work units)
Thread count was 32 (of 32 available processors)

Solution count 10: 157 158 159 ... 171

Time limit reached
Best objective 1.570000000000e+02, best bound 4.800000000000e+01, gap 69.4268%
