
Gurobi 13.0.0 (linux64) logging started Thu Dec 11 12:42:18 2025

Set parameter LogFile to value "./Results/StripPacking-SPFix/Logs/SBspbL-111-StripPacking-50-0.log"
Set parameter TimeLimit to value 3600
Set parameter Cuts to value 1
Set parameter Presolve to value 1
Set parameter Heuristics to value 1
Set parameter LogToConsole to value 0
Set parameter LPWarmStart to value 2
Warning: linear constraint 50 and linear constraint 52 have the same name "LB[0]"
Warning: linear constraint 50 and linear constraint 52 have the same name "LB[0]"
Warning: default constraint names used to write mps file
Gurobi Optimizer version 13.0.0 build v13.0.0rc1 (linux64 - "Debian GNU/Linux 13 (trixie)")

CPU model: Intel(R) Xeon(R) CPU E5-2630 v3 @ 2.40GHz, instruction set [SSE2|AVX|AVX2]
Thread count: 16 physical cores, 32 logical processors, using up to 32 threads

Non-default parameters:
TimeLimit  3600
LPWarmStart  2
Heuristics  1
Cuts  1
LogToConsole  0
Presolve  1

Optimize a model with 93150 rows, 2551 columns and 284300 nonzeros (Min)
Model fingerprint: 0xa25fb2d7
Model has 1 linear objective coefficients
Variable types: 101 continuous, 2450 integer (2450 binary)
Coefficient statistics:
  Matrix range     [1e+00, 1e+04]
  Objective range  [1e+00, 1e+00]
  Bounds range     [1e+00, 1e+04]
  RHS range        [5e-01, 1e+04]
Using branch priorities.

Warning: Completing partial solution with 2450 unfixed non-continuous variables out of 2450
User MIP start produced solution with objective 191.6 (0.29s)
User MIP start produced solution with objective 191.6 (0.30s)
Loaded user MIP start with objective 191.6

Presolve removed 2450 rows and 0 columns
Presolve time: 0.46s
Presolved: 90700 rows, 2551 columns, 276950 nonzeros
Variable types: 101 continuous, 2450 integer (2450 binary)
Root relaxation presolved: 2551 rows, 93251 columns, 279501 nonzeros


Root simplex log...

Iteration    Objective       Primal Inf.    Dual Inf.      Time
   22232    3.5731505e+01   0.000000e+00   5.798109e+04      5s
   32075    3.5000000e+01   0.000000e+00   0.000000e+00      7s
   32075    3.5000000e+01   0.000000e+00   0.000000e+00      7s
   32075    3.5000000e+01   0.000000e+00   0.000000e+00      7s

Root relaxation: objective 3.500000e+01, 32075 iterations, 5.52 seconds (4.80 work units)

    Nodes    |    Current Node    |     Objective Bounds      |     Work
 Expl Unexpl |  Obj  Depth IntInf | Incumbent    BestBd   Gap | It/Node Time

     0     0   35.00000    0  664  191.60000   35.00000  81.7%     -   15s
H    0     0                     190.6000000   35.00000  81.6%     -   15s
H    0     0                     187.0000000   35.00000  81.3%     -   15s
H    0     0                     183.0000000   35.00000  80.9%     -   39s
H    0     0                     179.0000000   35.00000  80.4%     -   39s
H    0     0                     178.4626168   35.00000  80.4%     -   39s
H    0     0                     178.0000000   35.00000  80.3%     -   39s
H    0     0                     173.0000000   35.00000  79.8%     -   39s
     0     0   35.00000    0  759  173.00000   35.00000  79.8%     -   39s
H    0     0                     172.0000000   35.00000  79.7%     -   50s
H    0     0                     171.0000000   35.00000  79.5%     -   50s
     0     0   35.00000    0  735  171.00000   35.00000  79.5%     -   50s
H    0     0                     169.0000000   35.00000  79.3%     -   69s
     0     0   35.00000    0  782  169.00000   35.00000  79.3%     -   70s
     0     0   35.00000    0  630  169.00000   35.00000  79.3%     -  100s
H    0     0                     169.0000000   35.00000  79.3%     -  127s
     0     0   35.00000    0  666  169.00000   35.00000  79.3%     -  128s
H    0     0                     167.0000000   35.00000  79.0%     -  145s
     0     0   35.00000    0  753  167.00000   35.00000  79.0%     -  146s
     0     0   35.00000    0  753  167.00000   35.00000  79.0%     -  163s
H    0     0                     166.0000000   35.00000  78.9%     -  182s
H    0     0                     165.0000000   35.00000  78.8%     -  182s
H    0     0                     165.0000000   35.00000  78.8%     -  182s
     0     0   35.00000    0  743  165.00000   35.00000  78.8%     -  182s
H    0     0                     164.0000000   35.00000  78.7%     -  198s
H    0     0                     163.0000000   35.00000  78.5%     -  198s
     0     0   35.00000    0  709  163.00000   35.00000  78.5%     -  198s
     0     0   35.00000    0  612  163.00000   35.00000  78.5%     -  225s
     0     0   35.00000    0  651  163.00000   35.00000  78.5%     -  251s
     0     0   35.00000    0  706  163.00000   35.00000  78.5%     -  270s
     0     0   35.00000    0  704  163.00000   35.00000  78.5%     -  291s
H    0     0                     163.0000000   35.00000  78.5%     -  312s
     0     0   35.00000    0  694  163.00000   35.00000  78.5%     -  312s
     0     0   35.00000    0  690  163.00000   35.00000  78.5%     -  326s
     0     0   35.00000    0  605  163.00000   35.00000  78.5%     -  345s
     0     0   35.00000    0  605  163.00000   35.00000  78.5%     -  354s
     0     0   35.00000    0  605  163.00000   35.00000  78.5%     -  369s
     0     2   35.00000    0  605  163.00000   35.00000  78.5%     -  397s
     1     4   35.00000    1  565  163.00000   35.00000  78.5%  2896  400s
     3     8   35.00000    2  638  163.00000   35.00000  78.5%  5365  408s
     7    16   35.00000    3  688  163.00000   35.00000  78.5%  6068  419s
    15    32   35.00000    4  688  163.00000   35.00000  78.5%  6138  435s
H   28    32                     162.0000000   35.00000  78.4%  5902  435s
    31    47   35.00000    5  691  162.00000   35.00000  78.4%  5585  448s
H   38    47                     162.0000000   35.00000  78.4%  4715  448s
    46    63   35.00000    6  665  162.00000   35.00000  78.4%  4250  473s
H   60    63                     160.0000000   35.00000  78.1%  3775  473s
    62    79   36.37572    7  641  160.00000   35.00000  78.1%  3680  488s
H   64    79                     158.0000000   35.00000  77.8%  3579  488s
H   78    95                     156.0000000   35.00000  77.6%  3080  500s
    94   111   42.00000    8  544  156.00000   35.00000  77.6%  2726  515s
   110   127   50.00000    9  473  156.00000   35.00000  77.6%  2553  532s
H  111   127                     156.0000000   35.00000  77.6%  2530  532s
   126   143   42.00000    9  441  156.00000   35.00000  77.6%  2364  546s
H  136   143                     155.0000000   35.00000  77.4%  2272  546s
   142   161   42.00000   10  436  155.00000   35.00000  77.4%  2234  560s
H  159   161                     155.0000000   35.00000  77.4%  2085  560s
   160   184   45.00000   11  468  155.00000   35.00000  77.4%  2079  574s
   183   200   42.00000   11  490  155.00000   35.00000  77.4%  1893  588s
   199   216   42.00000   12  451  155.00000   35.00000  77.4%  1815  601s
   215   232   42.00000   13  480  155.00000   35.00000  77.4%  1743  614s
   231   248   42.00000   14  511  155.00000   35.00000  77.4%  1662  629s
   247   264   55.00000   15  415  155.00000   35.00000  77.4%  1594  642s
   263   280   42.00000   15  529  155.00000   35.00000  77.4%  1550  658s
   279   296   48.00000   16  448  155.00000   35.00000  77.4%  1504  671s
   295   312   48.00000   16  491  155.00000   35.00000  77.4%  1450  689s
   311   328   48.00000   17  490  155.00000   35.00000  77.4%  1409  704s
   327   344   48.00000   18  443  155.00000   35.00000  77.4%  1368  722s
   343   360   48.00000   19  440  155.00000   35.00000  77.4%  1330  738s
   359   376   55.00000   20  412  155.00000   35.00000  77.4%  1293  756s
   375   392   48.00000   20  440  155.00000   35.00000  77.4%  1256  773s
   391   408   48.00000   21  410  155.00000   35.00000  77.4%  1220  789s
   407   424   48.00000   22  412  155.00000   35.00000  77.4%  1199  806s
H  415   424                     154.0000000   35.00000  77.3%  1187  806s
   423   440   48.00000   23  445  154.00000   35.00000  77.3%  1175  827s
   439   456   48.00000   24  483  154.00000   35.00000  77.3%  1150  844s
H  444   456                     154.0000000   35.00000  77.3%  1140  844s
   455   482   48.00000   25  464  154.00000   35.00000  77.3%  1124  862s
   481   498   48.00000   26  495  154.00000   35.00000  77.3%  1089  883s
   497   514   48.00000   27  459  154.00000   35.00000  77.3%  1072  901s
   513   530   48.00000   28  497  154.00000   35.00000  77.3%  1052  925s
   529   564   48.00000   28  443  154.00000   35.00000  77.3%  1032  948s
   563   580   59.00000   29  431  154.00000   35.00000  77.3%   995  969s
   579   596   60.00000   30  410  154.00000   35.00000  77.3%   975  995s
H  587   596                     153.0000000   35.00000  77.1%   965  995s
H  595   612                     153.0000000   35.00000  77.1%   956 1022s
   611   628   59.00000   31  390  153.00000   35.00000  77.1%   939 1047s
   627   644   60.00000   32  371  153.00000   35.00000  77.1%   922 1074s
   643   662   59.00000   32  384  153.00000   35.00000  77.1%   905 1100s
   661   678   59.00000   33  383  153.00000   35.00000  77.1%   890 1124s
   677   694   59.00000   34  370  153.00000   35.00000  77.1%   874 1152s
   693   710   61.53846   35  389  153.00000   35.00000  77.1%   864 1186s
   709   726   87.00000   36  383  153.00000   35.00000  77.1%   850 1215s
   725   742   87.00000   37  335  153.00000   35.00000  77.1%   839 1244s
   741   758   87.00000   38  354  153.00000   35.00000  77.1%   828 1277s
   757   774   87.00000   39  344  153.00000   35.00000  77.1%   817 1311s
   773   790   87.00000   40  341  153.00000   35.00000  77.1%   805 1350s
   789   806   87.00000   40  351  153.00000   35.00000  77.1%   794 1389s
   805   822   87.00000   41  345  153.00000   35.00000  77.1%   783 1431s
   821   838   87.00000   42  342  153.00000   35.00000  77.1%   772 1468s
   837   854   87.00000   43  339  153.00000   35.00000  77.1%   761 1513s
   853   870   87.00000   44  337  153.00000   35.00000  77.1%   751 1558s
   869   886   87.00000   45  352  153.00000   35.00000  77.1%   743 1620s
   885   902   87.00000   46  307  153.00000   35.00000  77.1%   733 1666s
   901   917   87.00000   46  333  153.00000   35.00000  77.1%   725 1725s
   918   933   87.00000   47  314  153.00000   35.00000  77.1%   716 1776s
   934   949   87.00000   48  288  153.00000   35.00000  77.1%   707 1830s
   950   965   87.00000   49  297  153.00000   35.00000  77.1%   697 1890s
   966  1006  118.00000   50  277  153.00000   35.00000  77.1%   688 1965s
  1015  1021   87.00000   50  307  153.00000   35.00000  77.1%   661 2032s
  1032  1064   87.00000   51  307  153.00000   35.00000  77.1%   670 2099s
  1075  1090   87.00000   51  303  153.00000   35.00000  77.1%   656 2168s
  1101  1145   96.00000   52  294  153.00000   35.00000  77.1%   645 2242s
  1156  1206   90.00000   52  313  153.00000   35.00000  77.1%   626 2317s
  1217  1238   90.00000   53  299  153.00000   35.00000  77.1%   601 2400s
  1249  1304   90.00000   54  283  153.00000   35.00000  77.1%   591 2471s
  1315  1401   90.00000   55  293  153.00000   35.00000  77.1%   569 2552s
  1412  1417   90.00000   56  278  153.00000   35.00000  77.1%   539 2647s
  1428  1534   90.00000   56  281  153.00000   35.00000  77.1%   535 2723s
  1545  1705   90.00000   64  220  153.00000   35.00000  77.1%   504 2795s
  1720  1868   92.00000   65  225  153.00000   35.00000  77.1%   463 2865s
  1883  2026  109.00000   82  209  153.00000   35.00000  77.1%   432 2946s
  2044  2299  127.00000   92  143  153.00000   35.00000  77.1%   406 3025s
  2329  2552  136.00000  113  111  153.00000   35.00000  77.1%   367 3089s
  2602  2711  145.00000  135  109  153.00000   35.00000  77.1%   335 3168s
  2787  2943  146.00000  146  109  153.00000   35.00000  77.1%   321 3240s
  3048  3153  146.00000  147  121  153.00000   35.00000  77.1%   303 3316s
  3302  3168  148.00000  174  109  153.00000   35.00000  77.1%   290 3397s
  3319  3184  148.00000  175   62  153.00000   35.00000  77.1%   293 3484s
  3335  3198 infeasible  176       153.00000   35.00000  77.1%   294 3584s
  3352  3213 infeasible  177       153.00000   35.00000  77.1%   294 3600s

Cutting planes:
  Learned: 1356
  Gomory: 1
  Cover: 74
  MIR: 526
  StrongCG: 1
  RLT: 72

Explored 3369 nodes (1269326 simplex iterations) in 3600.11 seconds (3808.40 work units)
Thread count was 32 (of 32 available processors)

Solution count 10: 153 153 154 ... 160

Time limit reached
Best objective 1.529999999846e+02, best bound 3.500000000000e+01, gap 77.1242%
