
Gurobi 13.0.0 (linux64) logging started Thu Dec 11 13:42:21 2025

Set parameter LogFile to value "./Results/StripPacking-SPFix/Logs/SBspbM-010-StripPacking-10-0.log"
Set parameter TimeLimit to value 3600
Set parameter Cuts to value 0
Set parameter Presolve to value 1
Set parameter Heuristics to value 0
Set parameter LogToConsole to value 0
Set parameter LPWarmStart to value 2
Warning: linear constraint 10 and linear constraint 12 have the same name "LB[0]"
Warning: linear constraint 10 and linear constraint 12 have the same name "LB[0]"
Warning: default constraint names used to write mps file
Gurobi Optimizer version 13.0.0 build v13.0.0rc1 (linux64 - "Debian GNU/Linux 13 (trixie)")

CPU model: Intel(R) Xeon(R) CPU E5-2630 v3 @ 2.40GHz, instruction set [SSE2|AVX|AVX2]
Thread count: 16 physical cores, 32 logical processors, using up to 32 threads

Non-default parameters:
TimeLimit  3600
LPWarmStart  2
Heuristics  0
Cuts  0
LogToConsole  0
Presolve  1

Optimize a model with 1300 rows, 156 columns and 3890 nonzeros (Min)
Model fingerprint: 0x3c377f55
Model has 1 linear objective coefficients
Variable types: 66 continuous, 90 integer (90 binary)
Coefficient statistics:
  Matrix range     [1e+00, 1e+04]
  Objective range  [1e+00, 1e+00]
  Bounds range     [1e+00, 1e+04]
  RHS range        [1e+00, 1e+04]
Using branch priorities.

User MIP start produced solution with objective 50 (0.00s)
Loaded user MIP start with objective 50

Presolve removed 225 rows and 0 columns
Presolve time: 0.00s
Presolved: 1075 rows, 156 columns, 3305 nonzeros
Variable types: 66 continuous, 90 integer (90 binary)

Root relaxation: objective 3.500000e+01, 84 iterations, 0.00 seconds (0.00 work units)

    Nodes    |    Current Node    |     Objective Bounds      |     Work
 Expl Unexpl |  Obj  Depth IntInf | Incumbent    BestBd   Gap | It/Node Time

     0     0   35.00000    0    5   50.00000   35.00000  30.0%     -    0s
     0     0   35.00000    0    5   50.00000   35.00000  30.0%     -    0s
     0     2   35.00000    0    5   50.00000   35.00000  30.0%     -    0s
*  156   146              14      46.0000000   35.00000  23.9%  13.2    0s
*  288   209              19      43.0000000   35.00000  18.6%  11.3    0s
*  330   209              19      42.0000000   35.00000  16.7%  11.1    0s
*  626   302              27      41.0000000   35.00000  14.6%  10.3    0s
* 2262   652              22      40.0000000   35.00000  12.5%   8.8    0s
* 2547   572              27      39.0000000   35.00000  10.3%   8.6    0s

Explored 8856 nodes (51762 simplex iterations) in 0.39 seconds (0.24 work units)
Thread count was 32 (of 32 available processors)

Solution count 7: 39 40 41 ... 50

Optimal solution found (tolerance 1.00e-04)
Best objective 3.900000000000e+01, best bound 3.900000000000e+01, gap 0.0000%
