
Gurobi 13.0.0 (linux64) logging started Tue Dec  9 16:29:22 2025

Set parameter LogFile to value "./Results/StripPacking-SPFix/Logs/SBspbL-010-StripPacking-20-0.log"
Set parameter TimeLimit to value 3600
Set parameter Cuts to value 0
Set parameter Presolve to value 1
Set parameter Heuristics to value 0
Set parameter LogToConsole to value 0
Set parameter LPWarmStart to value 2
Warning: linear constraint 25 and linear constraint 27 have the same name "LB[0]"
Warning: linear constraint 25 and linear constraint 27 have the same name "LB[0]"
Warning: default constraint names used to write mps file
Gurobi Optimizer version 13.0.0 build v13.0.0rc1 (linux64 - "Debian GNU/Linux 13 (trixie)")

CPU model: Intel(R) Xeon(R) CPU E5-2630 v3 @ 2.40GHz, instruction set [SSE2|AVX|AVX2]
Thread count: 16 physical cores, 32 logical processors, using up to 32 threads

Non-default parameters:
TimeLimit  3600
LPWarmStart  2
Heuristics  0
Cuts  0
LogToConsole  0
Presolve  1

Optimize a model with 12825 rows, 651 columns and 39650 nonzeros (Min)
Model fingerprint: 0x6a25ebdc
Model has 1 linear objective coefficients
Variable types: 51 continuous, 600 integer (600 binary)
Coefficient statistics:
  Matrix range     [1e+00, 1e+04]
  Objective range  [1e+00, 1e+00]
  Bounds range     [1e+00, 1e+04]
  RHS range        [5e-01, 1e+04]
Using branch priorities.

Warning: Completing partial solution with 600 unfixed non-continuous variables out of 600
User MIP start produced solution with objective 104.8 (0.04s)
User MIP start produced solution with objective 104.8 (0.04s)
Loaded user MIP start with objective 104.8

Presolve removed 600 rows and 0 columns
Presolve time: 0.05s
Presolved: 12225 rows, 651 columns, 37850 nonzeros
Variable types: 51 continuous, 600 integer (600 binary)

Root relaxation: objective 3.600000e+01, 894 iterations, 0.09 seconds (0.07 work units)

    Nodes    |    Current Node    |     Objective Bounds      |     Work
 Expl Unexpl |  Obj  Depth IntInf | Incumbent    BestBd   Gap | It/Node Time

     0     0   36.00000    0  106  104.80000   36.00000  65.6%     -    0s
     0     0   36.00000    0  106  104.80000   36.00000  65.6%     -    0s
     0     0   36.00000    0   71  104.80000   36.00000  65.6%     -    0s
     0     2   36.00000    0   71  104.80000   36.00000  65.6%     -    0s
* 1465  1439              92     102.0000000   36.00000  64.7%  42.5    2s
* 1883  1713              98      99.0000000   36.00000  63.6%  37.8    2s
* 2393  1719             105      93.0000000   36.00000  61.3%  34.2    3s
  2845  1900   61.00000   23   68   93.00000   36.00000  61.3%  37.3    5s
* 5074  3165             103      91.0000000   36.00000  60.4%  36.2    7s
* 5788  3247             121      90.0000000   36.00000  60.0%  34.4    7s
* 5792  3008             122      89.0000000   36.00000  59.6%  34.4    7s
* 5795  2800             122      88.0000000   36.00000  59.1%  34.4    7s
* 5986  2512             124      87.0000000   36.00000  58.6%  34.0    7s
* 6611  2670             105      87.0000000   36.00000  58.6%  34.5    8s
* 7277  2750              93      86.0000000   36.00000  58.1%  34.5    8s
* 7833  3045             120      85.0000000   36.00000  57.6%  35.9    9s
  8223  3410   78.00000   60   34   85.00000   36.00000  57.6%  36.1   10s
*12191  5306             107      84.0000000   42.00000  50.0%  37.2   13s
 14012  6680   64.00000   30   72   84.00000   42.00000  50.0%  37.8   15s
*14967  6624             120      83.0000000   42.00000  49.4%  38.2   15s
 20064 10528   82.00000   76   14   83.00000   44.00000  47.0%  39.1   20s
 26661 15536   73.00000   73   22   83.00000   48.00000  42.2%  39.1   25s
*27567 14766             115      82.0000000   48.00000  41.5%  39.0   26s
*29847 14372             105      81.0000000   48.00000  40.7%  38.9   28s
 33044 16666   73.00000   57   41   81.00000   48.00000  40.7%  39.3   30s
 39564 20983   64.00000   44   53   81.00000   48.00000  40.7%  39.8   35s
 45456 25393   73.00000   67   50   81.00000   48.00000  40.7%  40.6   41s
 52118 30181   73.00000   52   34   81.00000   48.00000  40.7%  41.2   46s
 58830 34771   77.00000   54   37   81.00000   48.00000  40.7%  41.5   51s
 65369 39106   80.00000   87   30   81.00000   48.00000  40.7%  41.6   56s
*70134 35658             105      80.0000000   48.00000  40.0%  41.6   58s
 71762 37546   79.00000   70   46   80.00000   48.00000  40.0%  41.7   60s
 77953 41775   63.00000   48   48   80.00000   48.00000  40.0%  42.0   65s
 84306 45698     cutoff   75        80.00000   48.00000  40.0%  42.2   70s
 90826 50188   66.00000   52   74   80.00000   48.00000  40.0%  42.3   75s
 97433 54566   74.00000   43   52   80.00000   48.00000  40.0%  42.6   80s
 104039 59041   78.00000   77   35   80.00000   48.00000  40.0%  42.7   85s
 110254 63091   76.00000   55   56   80.00000   48.00000  40.0%  42.9   90s
 117122 67499 infeasible   52        80.00000   48.00000  40.0%  43.0   95s
 125113 72822   79.00000   78   45   80.00000   48.00000  40.0%  43.2  101s
 131443 76907   78.00000   66   27   80.00000   48.00000  40.0%  43.5  106s
 136458 80458 infeasible   89        80.00000   48.00000  40.0%  43.6  110s
 143369 84887   77.00000   65   35   80.00000   48.00000  40.0%  43.6  115s
 150159 89247   67.00000   55   51   80.00000   48.00000  40.0%  43.6  120s
 158399 94536 infeasible   58        80.00000   48.00000  40.0%  43.6  126s
 164957 98776   64.00000   43   66   80.00000   49.00000  38.8%  43.7  130s
 171569 103242 infeasible   71        80.00000   49.00000  38.8%  43.7  135s
 178147 107728   79.00000   61   27   80.00000   49.00000  38.8%  43.6  140s
 184250 111658   65.00000   42   55   80.00000   49.00000  38.8%  43.7  145s
 192277 116930   61.00000   49   53   80.00000   49.00000  38.8%  43.7  151s
 199146 121494   74.00000   52   26   80.00000   50.00000  37.5%  43.7  156s
 205509 125488   72.00000   38   54   80.00000   50.00000  37.5%  43.8  160s
 212024 129854   66.00000   63   60   80.00000   50.00000  37.5%  43.9  165s
 218588 134367   71.00000   49   65   80.00000   50.00000  37.5%  44.0  170s
 224917 138684   79.00000   58   58   80.00000   50.00000  37.5%  44.1  175s
 231373 143052 infeasible   78        80.00000   50.00000  37.5%  44.2  180s
 239518 148398   79.00000   82   20   80.00000   50.00000  37.5%  44.3  185s
 245810 152333   63.00000   38   41   80.00000   50.00000  37.5%  44.3  190s
 253981 157420   56.00000   43   61   80.00000   50.00000  37.5%  44.4  196s
 260460 161580   79.00000   83   34   80.00000   50.00000  37.5%  44.4  200s
 266952 165603   73.00000   78   44   80.00000   50.00000  37.5%  44.5  205s
 273122 169793   77.00000   63   41   80.00000   50.00000  37.5%  44.6  210s

Gurobi 13.0.0 (linux64) logging started Wed Dec 10 09:02:13 2025

Set parameter LogFile to value "./Results/StripPacking-SPFix/Logs/SBspbL-010-StripPacking-20-0.log"
Set parameter TimeLimit to value 3600
Set parameter Cuts to value 0
Set parameter Presolve to value 1
Set parameter Heuristics to value 0
Set parameter LogToConsole to value 0
Set parameter LPWarmStart to value 2
Warning: linear constraint 25 and linear constraint 27 have the same name "LB[0]"
Warning: linear constraint 25 and linear constraint 27 have the same name "LB[0]"
Warning: default constraint names used to write mps file
Gurobi Optimizer version 13.0.0 build v13.0.0rc1 (linux64 - "Debian GNU/Linux 13 (trixie)")

CPU model: Intel(R) Xeon(R) CPU E5-2630 v3 @ 2.40GHz, instruction set [SSE2|AVX|AVX2]
Thread count: 16 physical cores, 32 logical processors, using up to 32 threads

Non-default parameters:
TimeLimit  3600
LPWarmStart  2
Heuristics  0
Cuts  0
LogToConsole  0
Presolve  1

Optimize a model with 12825 rows, 651 columns and 39650 nonzeros (Min)
Model fingerprint: 0x6a25ebdc
Model has 1 linear objective coefficients
Variable types: 51 continuous, 600 integer (600 binary)
Coefficient statistics:
  Matrix range     [1e+00, 1e+04]
  Objective range  [1e+00, 1e+00]
  Bounds range     [1e+00, 1e+04]
  RHS range        [5e-01, 1e+04]
Using branch priorities.

Warning: Completing partial solution with 600 unfixed non-continuous variables out of 600
User MIP start produced solution with objective 104.8 (0.06s)
User MIP start produced solution with objective 104.8 (0.06s)
Loaded user MIP start with objective 104.8

Presolve removed 600 rows and 0 columns
Presolve time: 0.04s
Presolved: 12225 rows, 651 columns, 37850 nonzeros
Variable types: 51 continuous, 600 integer (600 binary)

Root relaxation: objective 3.600000e+01, 894 iterations, 0.07 seconds (0.07 work units)

    Nodes    |    Current Node    |     Objective Bounds      |     Work
 Expl Unexpl |  Obj  Depth IntInf | Incumbent    BestBd   Gap | It/Node Time

     0     0   36.00000    0  106  104.80000   36.00000  65.6%     -    0s
     0     0   36.00000    0  106  104.80000   36.00000  65.6%     -    0s
     0     0   36.00000    0   71  104.80000   36.00000  65.6%     -    0s
     0     2   36.00000    0   71  104.80000   36.00000  65.6%     -    0s
* 1465  1439              92     102.0000000   36.00000  64.7%  42.5    2s
* 1883  1713              98      99.0000000   36.00000  63.6%  37.8    2s
* 2393  1719             105      93.0000000   36.00000  61.3%  34.2    3s
  2727  1813   36.00000   19   88   93.00000   36.00000  61.3%  36.1    5s
* 5074  3165             103      91.0000000   36.00000  60.4%  36.2    7s
* 5788  3247             121      90.0000000   36.00000  60.0%  34.4    7s
* 5792  3008             122      89.0000000   36.00000  59.6%  34.4    7s
* 5795  2800             122      88.0000000   36.00000  59.1%  34.4    7s
* 5986  2512             124      87.0000000   36.00000  58.6%  34.0    7s
* 6611  2670             105      87.0000000   36.00000  58.6%  34.5    8s
* 7277  2750              93      86.0000000   36.00000  58.1%  34.5    8s
* 7833  3045             120      85.0000000   36.00000  57.6%  35.9    9s
  9349  4216   67.00000   46   54   85.00000   42.00000  50.6%  36.8   10s
*12191  5306             107      84.0000000   42.00000  50.0%  37.2   11s
*14967  6624             120      83.0000000   42.00000  49.4%  38.2   13s
 16899  8230   65.00000   33   74   83.00000   43.00000  48.2%  39.0   15s
 25781 14864     cutoff   79        83.00000   46.00000  44.6%  39.1   20s
*27567 14766             115      82.0000000   48.00000  41.5%  39.0   21s
*29847 14372             105      81.0000000   48.00000  40.7%  38.9   23s
 33044 16666   73.00000   57   41   81.00000   48.00000  40.7%  39.3   25s
 39564 20983   64.00000   44   53   81.00000   48.00000  40.7%  39.8   30s
 47088 26598   79.00000   65   51   81.00000   48.00000  40.7%  40.8   35s
 55494 32471 infeasible   66        81.00000   48.00000  40.7%  41.3   40s
 63674 37865   79.00000   68   23   81.00000   48.00000  40.7%  41.6   45s
*70134 35658             105      80.0000000   48.00000  40.0%  41.6   48s
 71762 37546   79.00000   70   46   80.00000   48.00000  40.0%  41.7   50s
 79628 42920   78.00000   74   33   80.00000   48.00000  40.0%  42.0   55s
 87508 47944   54.00000   36   63   80.00000   48.00000  40.0%  42.2   60s
 95761 53394   78.00000   69   41   80.00000   48.00000  40.0%  42.5   65s
 104039 59041   78.00000   77   35   80.00000   48.00000  40.0%  42.7   70s
 112057 64175   78.00000   64   32   80.00000   48.00000  40.0%  42.9   75s
 120274 69600   76.00000   64   49   80.00000   48.00000  40.0%  43.1   80s
 128231 74874   79.00000   77    9   80.00000   48.00000  40.0%  43.3   85s
 136458 80458 infeasible   89        80.00000   48.00000  40.0%  43.6   90s
 143369 84887   77.00000   65   35   80.00000   48.00000  40.0%  43.6   95s
 151937 90188   78.00000   82   35   80.00000   48.00000  40.0%  43.6  100s
 161639 96613   74.00000   51   37   80.00000   48.00000  40.0%  43.7  105s
 169866 102190   53.00000   42   84   80.00000   49.00000  38.8%  43.7  111s
 178147 107728   79.00000   61   27   80.00000   49.00000  38.8%  43.6  115s
 185899 112696   62.00000   42   61   80.00000   49.00000  38.8%  43.7  120s
 194093 118067   78.00000   50   35   80.00000   49.00000  38.8%  43.7  125s
 202323 123417 infeasible   76        80.00000   50.00000  37.5%  43.8  130s
 210459 128832   74.00000   46   38   80.00000   50.00000  37.5%  43.8  135s
 218588 134367   71.00000   49   65   80.00000   50.00000  37.5%  44.0  140s
 226628 139834   79.00000   49   39   80.00000   50.00000  37.5%  44.1  145s
 233080 144159   71.00000   75   41   80.00000   50.00000  37.5%  44.2  150s
 241187 149597   78.00000   60   42   80.00000   50.00000  37.5%  44.3  155s
 249132 154384   72.00000   39   60   80.00000   50.00000  37.5%  44.3  160s
 257238 159543 infeasible   64        80.00000   50.00000  37.5%  44.4  165s
 265400 164688 infeasible   80        80.00000   50.00000  37.5%  44.4  170s
 273122 169793   77.00000   63   41   80.00000   50.00000  37.5%  44.6  175s
 281127 175356   78.00000   68   37   80.00000   50.00000  37.5%  44.7  180s
 289288 180229   67.00000   55   51   80.00000   50.00000  37.5%  44.8  185s
 297144 185571   58.00000   46   51   80.00000   50.00000  37.5%  44.9  190s
 305524 191265   68.00000   44   56   80.00000   50.00000  37.5%  44.9  195s
 313570 196460   69.00000   56   62   80.00000   50.00000  37.5%  44.9  201s
 320147 200916 infeasible   79        80.00000   50.00000  37.5%  44.9  205s
 328330 206043   78.00000   60   41   80.00000   50.00000  37.5%  44.9  210s
 336125 211010     cutoff   78        80.00000   50.00000  37.5%  45.0  215s
 344372 216666   77.00000   87   22   80.00000   50.00000  37.5%  45.0  220s
*345891 168176             100      79.0000000   50.00000  36.7%  45.0  220s
 352131 172222 infeasible   79        79.00000   50.00000  36.7%  45.1  225s
 359756 177382   65.00000   43   52   79.00000   50.00000  36.7%  45.2  230s
 366337 181524   78.00000   65   32   79.00000   50.00000  36.7%  45.3  235s
 374572 186690 infeasible   82        79.00000   50.00000  36.7%  45.5  240s
 380935 190743   73.00000   66   41   79.00000   50.00000  36.7%  45.6  245s
 389221 195775 infeasible   78        79.00000   50.00000  36.7%  45.7  250s
 397414 200654 infeasible   67        79.00000   50.00000  36.7%  45.7  255s
 405456 205677   78.00000   59   33   79.00000   50.00000  36.7%  45.8  261s
 411990 210075 infeasible   65        79.00000   50.00000  36.7%  45.9  265s
 420261 215145   67.00000   59   53   79.00000   50.00000  36.7%  45.9  270s
 428212 220281   78.00000   65   39   79.00000   50.00000  36.7%  46.0  275s
 434645 224166   78.00000   97   14   79.00000   50.00000  36.7%  46.1  280s
 442463 229225 infeasible   73        79.00000   50.00000  36.7%  46.2  285s
 450712 234683   74.00000   57   72   79.00000   50.00000  36.7%  46.2  290s
 456896 238503   78.00000   66   24   79.00000   50.00000  36.7%  46.3  295s
 464408 243152 infeasible   70        79.00000   50.00000  36.7%  46.4  300s
 472406 248211   74.00000   64   33   79.00000   50.00000  36.7%  46.5  305s
 478974 252096 infeasible   74        79.00000   50.00000  36.7%  46.5  310s
 486881 257102   78.00000   83   27   79.00000   50.00000  36.7%  46.6  315s
 493607 261343     cutoff   92        79.00000   50.00000  36.7%  46.7  320s
 501935 266749 infeasible  103        79.00000   50.00000  36.7%  46.7  325s
 508645 270860   68.00000   45   88   79.00000   50.00000  36.7%  46.8  330s
 516301 275841   78.00000   51   63   79.00000   50.00000  36.7%  46.8  335s
 524465 280701   75.00000   72   41   79.00000   50.00000  36.7%  46.8  340s
 530832 284955   66.00000   44   59   79.00000   50.00000  36.7%  46.9  345s
 539228 290371   68.00000   45   53   79.00000   50.00000  36.7%  47.0  350s
 545703 294221   78.00000   79   33   79.00000   50.00000  36.7%  47.0  355s
 553924 299563   78.00000   64   27   79.00000   50.00000  36.7%  47.1  360s
 562073 304760 infeasible   64        79.00000   50.00000  36.7%  47.1  365s
 568469 308738   78.00000   80   25   79.00000   50.00000  36.7%  47.2  370s
 576320 313779   78.00000   77   45   79.00000   50.00000  36.7%  47.2  375s
 584435 318770   78.00000   53   68   79.00000   50.00000  36.7%  47.3  381s
 590818 322902   77.00000   61   29   79.00000   50.00000  36.7%  47.3  385s
 598986 328103   65.00000   46   48   79.00000   50.00000  36.7%  47.3  390s
 606939 333154 infeasible   76        79.00000   50.00000  36.7%  47.4  396s
 613310 337270   78.00000   66   60   79.00000   50.00000  36.7%  47.4  400s
 621490 342197   50.00000   32   82   79.00000   50.00000  36.7%  47.5  405s
 627979 346624   70.00000   45   60   79.00000   50.00000  36.7%  47.5  410s
 636068 351695   78.00000   56   46   79.00000   50.00000  36.7%  47.5  415s
 644160 356940   74.00000   62   38   79.00000   50.00000  36.7%  47.6  421s
 651123 361278     cutoff   73        79.00000   50.00000  36.7%  47.6  425s
*653002 268848             113      78.0000000   50.00000  35.9%  47.6  426s
 657268 271387   65.00000   53   47   78.00000   50.00000  35.9%  47.6  430s
 665229 276382     cutoff   61        78.00000   50.00000  35.9%  47.7  436s
 671893 280433   67.00000   67   41   78.00000   50.00000  35.9%  47.8  440s
 678460 283954   76.00000   64   21   78.00000   50.00000  35.9%  47.8  445s
 684794 287839   53.00000   46  107   78.00000   50.00000  35.9%  47.9  450s
 693191 292758   63.00000   66   59   78.00000   50.00000  35.9%  48.0  456s
 699501 296610   68.00000   50   40   78.00000   50.00000  35.9%  48.0  460s
 706155 300511     cutoff   90        78.00000   50.00000  35.9%  48.1  465s
 714092 305483   77.00000   65   35   78.00000   50.00000  35.9%  48.2  470s
 720505 309372     cutoff   77        78.00000   50.00000  35.9%  48.2  475s
 728990 314607   50.00000   40   79   78.00000   50.00000  35.9%  48.2  481s
 735293 318504   74.00000   68   42   78.00000   50.00000  35.9%  48.3  485s
 741645 322411   77.00000   75   43   78.00000   50.00000  35.9%  48.3  490s
 749668 327378   75.00000   66   36   78.00000   50.00000  35.9%  48.4  495s
 756484 331641   75.00000   80   38   78.00000   50.00000  35.9%  48.4  500s
 762596 335260 infeasible   70        78.00000   50.00000  35.9%  48.5  505s
 771250 340592   74.00000   73   19   78.00000   50.00000  35.9%  48.6  510s
 777762 344836   76.00000   55   69   78.00000   50.00000  35.9%  48.6  515s
 784227 348866 infeasible   76        78.00000   50.00000  35.9%  48.7  520s
 792592 353597   77.00000   67   35   78.00000   50.00000  35.9%  48.7  526s
 799190 357637   67.00000   51   56   78.00000   50.00000  35.9%  48.8  530s
 805703 361609   63.00000   53   36   78.00000   50.00000  35.9%  48.8  535s
 812643 365727   77.00000   81   32   78.00000   50.00000  35.9%  48.9  540s
 819012 369355   75.00000   63   29   78.00000   50.00000  35.9%  48.9  545s
 827154 374215   72.00000   48   69   78.00000   50.00000  35.9%  49.0  551s
 833675 378030   68.00000   57   55   78.00000   50.00000  35.9%  49.1  555s
 840201 381972   77.00000   63   20   78.00000   50.00000  35.9%  49.1  560s
 846401 385446 infeasible   67        78.00000   50.00000  35.9%  49.2  565s
 854366 390092 infeasible   82        78.00000   50.00000  35.9%  49.3  571s
 860826 394088   77.00000   71   29   78.00000   50.00000  35.9%  49.3  575s
 867122 397672   77.00000   57   31   78.00000   50.00000  35.9%  49.4  580s
 873651 401482 infeasible   82        78.00000   50.00000  35.9%  49.5  585s
 880249 405313   77.00000   78   33   78.00000   50.00000  35.9%  49.5  590s
 886589 408989   77.00000   70   29   78.00000   50.00000  35.9%  49.6  595s
 893085 412893   77.00000   78   26   78.00000   50.00000  35.9%  49.7  600s
 899639 416568   72.00000   46   68   78.00000   50.00000  35.9%  49.7  605s
 906216 420568   55.00000   47   99   78.00000   50.00000  35.9%  49.8  610s
 914205 425527 infeasible   77        78.00000   50.00000  35.9%  49.8  615s
 921148 429757   77.00000   59   23   78.00000   51.00000  34.6%  49.8  620s
 927924 433920 infeasible   79        78.00000   51.00000  34.6%  49.8  625s
 935742 438676   67.00000   54   68   78.00000   51.00000  34.6%  49.8  630s
 943727 443724   69.00000   52   66   78.00000   51.00000  34.6%  49.9  635s
*947677 375271              97      77.0000000   51.00000  33.8%  49.9  638s
 950241 376647   72.00000   49   46   77.00000   51.00000  33.8%  49.9  640s
 956928 381076   73.00000   62   25   77.00000   51.00000  33.8%  49.9  645s
 965086 386112   75.00000   81   27   77.00000   51.00000  33.8%  49.9  650s
 971089 389689   69.00000   59   50   77.00000   51.00000  33.8%  50.0  655s
 978117 393817   74.00000   52   24   77.00000   51.00000  33.8%  50.0  660s
 984585 397698 infeasible   69        77.00000   51.00000  33.8%  50.1  665s
 992454 402495 infeasible   67        77.00000   51.00000  33.8%  50.1  671s
 999098 406725   67.00000   50   58   77.00000   51.00000  33.8%  50.2  675s
 1005775 410747   66.00000   46   44   77.00000   51.00000  33.8%  50.2  680s
 1012042 414310   76.00000   67   31   77.00000   51.00000  33.8%  50.2  685s
 1019812 418815   73.00000   48   42   77.00000   51.00000  33.8%  50.3  691s
 1026243 422705   64.00000   45   81   77.00000   51.00000  33.8%  50.3  695s
 1032902 426210   74.00000   62   46   77.00000   51.00000  33.8%  50.3  700s
 1039095 429963   76.00000   51   63   77.00000   51.00000  33.8%  50.4  705s
 1045891 434075   75.00000   59   43   77.00000   51.00000  33.8%  50.4  710s
 1054036 437945   74.00000   72   62   77.00000   51.00000  33.8%  50.5  715s
 1060444 442860   67.00000   45   36   77.00000   51.00000  33.8%  50.5  720s
 1066678 446470   76.00000   55   44   77.00000   51.00000  33.8%  50.6  725s
 1073269 450131   76.00000   76   30   77.00000   51.00000  33.8%  50.6  730s
 1079661 453766   74.00000   59   32   77.00000   51.00000  33.8%  50.7  735s
 1086120 457616   63.00000   41   57   77.00000   51.00000  33.8%  50.7  740s
 1092732 461553   67.00000   56   35   77.00000   51.00000  33.8%  50.8  745s
 1099163 465320   73.00000   78   36   77.00000   51.00000  33.8%  50.8  750s
 1105664 469066   59.00000   38   46   77.00000   51.00000  33.8%  50.9  755s
 1112436 472922   71.00000   57   61   77.00000   51.00000  33.8%  50.9  760s
 1119027 476268   74.00000   64   73   77.00000   51.00000  33.8%  50.9  765s
 1125725 480246   76.00000   72   52   77.00000   51.00000  33.8%  51.0  770s
 1132289 484376   64.00000   44   61   77.00000   51.00000  33.8%  51.0  775s
 1140166 488598   56.00000   46   50   77.00000   51.00000  33.8%  51.1  781s
 1146920 492357   75.00000   64   62   77.00000   51.00000  33.8%  51.1  786s
 1151883 495408 infeasible   57        77.00000   51.00000  33.8%  51.2  790s
 1160013 500133   70.00000   66   45   77.00000   51.00000  33.8%  51.2  796s
 1166376 504063   65.00000   44   55   77.00000   51.00000  33.8%  51.2  801s
 1172972 507922   72.00000   48   39   77.00000   51.00000  33.8%  51.3  805s
 1179421 511200   75.00000   61   47   77.00000   51.00000  33.8%  51.3  810s
 1185867 515300   76.00000   54   32   77.00000   51.00000  33.8%  51.3  815s
 1192392 519111   67.00000   57   56   77.00000   51.00000  33.8%  51.4  820s
 1198581 522717   70.00000   46   62   77.00000   51.00000  33.8%  51.4  825s
 1205107 526831 infeasible   64        77.00000   51.00000  33.8%  51.4  830s
 1212883 531005   51.00000   47   54   77.00000   51.00000  33.8%  51.5  836s
 1219387 534753   72.00000   53   50   77.00000   51.00000  33.8%  51.5  841s
 1225878 538426   76.00000   69   33   77.00000   51.00000  33.8%  51.6  845s
 1232117 542081   76.00000   60   56   77.00000   51.00000  33.8%  51.6  850s
 1238467 546043   66.00000   69   73   77.00000   51.00000  33.8%  51.6  855s
 1244646 549475 infeasible   69        77.00000   51.00000  33.8%  51.7  860s
 1251145 553505   75.00000   71   66   77.00000   51.00000  33.8%  51.7  865s
 1257517 557391   75.00000   59   54   77.00000   51.00000  33.8%  51.8  870s
 1264217 561036   76.00000   69   26   77.00000   51.00000  33.8%  51.8  875s
 1270527 564541   76.00000   50   54   77.00000   51.00000  33.8%  51.8  880s
 1276753 568519   71.00000   62   63   77.00000   51.00000  33.8%  51.9  885s
 1283445 572483   76.00000   62   61   77.00000   51.00000  33.8%  51.9  890s
 1289779 576247   67.00000   55   77   77.00000   51.00000  33.8%  52.0  895s
 1296789 580346   73.00000   64   51   77.00000   51.00000  33.8%  52.0  900s
 1303311 583975 infeasible   67        77.00000   51.00000  33.8%  52.0  905s
 1309836 587674   76.00000   74   16   77.00000   51.00000  33.8%  52.1  910s
 1316611 591511   75.00000   58   33   77.00000   51.00000  33.8%  52.1  915s
 1322864 595061   75.00000   65   34   77.00000   51.00000  33.8%  52.1  920s
 1329375 598518   76.00000   58   38   77.00000   51.00000  33.8%  52.2  925s
 1336121 602221 infeasible   84        77.00000   51.00000  33.8%  52.2  930s
 1342351 606007   52.00000   55   55   77.00000   51.00000  33.8%  52.3  935s
 1349060 609765     cutoff   74        77.00000   51.00000  33.8%  52.3  940s
 1355204 613332   74.00000   65   43   77.00000   51.00000  33.8%  52.3  945s
 1361912 617350   75.00000   60   83   77.00000   51.00000  33.8%  52.4  951s
 1368417 621118   66.00000   49   60   77.00000   51.00000  33.8%  52.4  956s
 1374780 624511   51.00000   43   79   77.00000   51.00000  33.8%  52.4  961s
 1379831 627584   73.00000   56   51   77.00000   51.00000  33.8%  52.5  965s
 1386995 631814   68.00000   50   54   77.00000   51.00000  33.8%  52.5  970s
 1393271 635713   75.00000   62   58   77.00000   51.00000  33.8%  52.5  975s
 1400106 639513   74.00000   68   33   77.00000   51.00000  33.8%  52.5  980s
 1406751 643335 infeasible   71        77.00000   51.00000  33.8%  52.6  985s
 1413122 646951   76.00000   59   43   77.00000   51.00000  33.8%  52.6  990s
 1419489 650715   61.00000   45   53   77.00000   51.00000  33.8%  52.6  995s
 1425897 654548   76.00000   61   45   77.00000   51.00000  33.8%  52.6 1000s
 1432397 658091   76.00000   63   60   77.00000   51.00000  33.8%  52.7 1005s
 1440392 662891   74.00000   66   32   77.00000   51.00000  33.8%  52.7 1011s
 1447013 666966   73.00000   62   30   77.00000   51.00000  33.8%  52.7 1016s
 1453239 670262 infeasible   44        77.00000   51.00000  33.8%  52.8 1021s
 1459830 674045   55.00000   42  105   77.00000   51.00000  33.8%  52.8 1025s
 1466453 677820   75.00000   50   43   77.00000   51.00000  33.8%  52.8 1030s
 1472666 681772   63.00000   44   74   77.00000   51.00000  33.8%  52.8 1035s
 1480725 686434     cutoff   52        77.00000   51.00000  33.8%  52.8 1041s
 1487036 690152   70.00000   64   37   77.00000   51.00000  33.8%  52.9 1045s
 1493933 694003   74.00000   65   53   77.00000   52.00000  32.5%  52.9 1050s
 1500639 697866   76.00000   67   22   77.00000   52.00000  32.5%  52.9 1055s
 1508771 702393 infeasible   71        77.00000   52.00000  32.5%  52.9 1060s
 1515169 706072   72.00000   61   43   77.00000   52.00000  32.5%  52.9 1065s
 1521375 709644   76.00000   69   35   77.00000   52.00000  32.5%  52.9 1070s
 1529633 714322   76.00000   70   38   77.00000   52.00000  32.5%  52.9 1076s
 1536112 717913   75.00000   69   41   77.00000   52.00000  32.5%  52.9 1080s
 1542610 721364   76.00000   82   25   77.00000   52.00000  32.5%  53.0 1085s
 1549392 725268 infeasible   56        77.00000   52.00000  32.5%  53.0 1090s
 1555692 728855   76.00000   62   41   77.00000   52.00000  32.5%  53.0 1095s
 1563902 733181   76.00000   60   35   77.00000   53.00000  31.2%  53.0 1100s
 1570523 736587   76.00000   80   32   77.00000   53.00000  31.2%  53.0 1105s
 1576880 740007   76.00000   62   44   77.00000   53.00000  31.2%  53.0 1110s
 1585035 744759 infeasible   68        77.00000   53.00000  31.2%  53.0 1116s
 1591808 748627   75.00000   67   62   77.00000   53.00000  31.2%  53.0 1120s
 1598331 752401   72.00000   49   44   77.00000   53.00000  31.2%  53.0 1125s
 1604776 755892   71.00000   70   62   77.00000   53.00000  31.2%  53.1 1130s
 1613329 760735   72.00000   49   31   77.00000   53.00000  31.2%  53.1 1136s
 1619881 764486   76.00000   55   37   77.00000   53.00000  31.2%  53.1 1140s
 1626244 768050 infeasible   72        77.00000   53.00000  31.2%  53.1 1145s
 1633084 772217   63.00000   63   51   77.00000   53.00000  31.2%  53.1 1150s
 1641122 777048 infeasible   79        77.00000   53.00000  31.2%  53.1 1156s
 1647914 780993   74.00000   72   34   77.00000   53.00000  31.2%  53.1 1160s
 1654568 784925   76.00000   60   47   77.00000   53.00000  31.2%  53.1 1165s
 1660703 788848   72.00000   54   45   77.00000   53.00000  31.2%  53.1 1170s
 1668960 794025   74.00000   46   48   77.00000   53.00000  31.2%  53.2 1176s
 1675383 797828   66.00000   48   50   77.00000   53.00000  31.2%  53.2 1180s
 1682144 801625   76.00000   63   30   77.00000   53.00000  31.2%  53.2 1185s
 1688676 805662   73.00000   82   38   77.00000   53.00000  31.2%  53.2 1190s
 1696757 810670   69.00000   53   48   77.00000   53.00000  31.2%  53.2 1196s
 1703402 814632   74.00000   55   38   77.00000   53.00000  31.2%  53.2 1200s
 1709961 818571   74.00000   69   52   77.00000   53.00000  31.2%  53.2 1205s
 1716213 822408   75.00000   70   19   77.00000   53.00000  31.2%  53.2 1210s
 1723002 826432   59.00000   47   60   77.00000   53.00000  31.2%  53.2 1215s
 1731407 831137   74.00000   73   33   77.00000   53.00000  31.2%  53.2 1221s
 1738032 835217   76.00000   64   45   77.00000   53.00000  31.2%  53.2 1225s
 1744296 838817   70.00000   63   51   77.00000   53.00000  31.2%  53.3 1230s
 1750846 842296   74.00000   60   50   77.00000   53.00000  31.2%  53.3 1235s
 1757186 845643   76.00000   54   42   77.00000   53.00000  31.2%  53.3 1240s
 1765716 850749   71.00000   71   38   77.00000   53.00000  31.2%  53.3 1245s
 1772210 854471   53.00000   44   64   77.00000   53.00000  31.2%  53.3 1250s
 1778532 858166   76.00000   67   45   77.00000   53.00000  31.2%  53.3 1255s
 1785249 862031   67.00000   50   49   77.00000   53.00000  31.2%  53.3 1260s
 1793523 866585   69.00000   52   39   77.00000   53.00000  31.2%  53.3 1266s
 1799943 870368     cutoff   65        77.00000   53.00000  31.2%  53.3 1270s
 1806657 874347   71.00000   57   67   77.00000   53.00000  31.2%  53.3 1275s
 1813330 878057   71.00000   53   64   77.00000   53.00000  31.2%  53.3 1280s
 1821205 882840   73.00000   52   38   77.00000   53.00000  31.2%  53.4 1286s
 1827653 886689   64.00000   61   38   77.00000   53.00000  31.2%  53.4 1290s
 1834131 890330   66.00000   45   50   77.00000   53.00000  31.2%  53.4 1295s
 1840274 893895   62.00000   49   75   77.00000   53.00000  31.2%  53.4 1300s
 1848736 899025   74.00000   43   60   77.00000   53.00000  31.2%  53.4 1306s
 1855512 902742   74.00000   62   43   77.00000   53.00000  31.2%  53.4 1310s
 1861836 906401   75.00000   67   21   77.00000   53.00000  31.2%  53.4 1315s
 1868537 910316   73.00000   74   39   77.00000   53.00000  31.2%  53.4 1320s
 1876558 914748   75.00000   70   23   77.00000   53.00000  31.2%  53.4 1325s
 1882907 918620   74.00000   54   35   77.00000   53.00000  31.2%  53.4 1330s
 1889675 922403   76.00000   80   53   77.00000   53.00000  31.2%  53.4 1335s
 1897597 927258   71.00000   61   32   77.00000   53.00000  31.2%  53.4 1341s
 1904235 931131   53.00000   53   63   77.00000   53.00000  31.2%  53.4 1345s
 1910895 934903   76.00000   59   42   77.00000   53.00000  31.2%  53.5 1350s
 1917419 938334   53.00000   42   62   77.00000   53.00000  31.2%  53.5 1355s
 1925304 943127   73.00000   80   33   77.00000   53.00000  31.2%  53.5 1360s
 1931868 946858   74.00000   62   32   77.00000   53.00000  31.2%  53.5 1365s
 1938056 950527 infeasible   45        77.00000   53.00000  31.2%  53.5 1370s
 1944468 954367   75.00000   82   39   77.00000   53.00000  31.2%  53.5 1375s
 1951404 958204   75.00000   71   44   77.00000   53.00000  31.2%  53.5 1380s
 1957871 961610   76.00000   74   33   77.00000   53.00000  31.2%  53.5 1385s
 1964380 965157   63.00000   47   44   77.00000   53.00000  31.2%  53.5 1390s
 1971002 969304   75.00000   66   47   77.00000   53.00000  31.2%  53.6 1395s
 1978854 973642   76.00000   60   45   77.00000   53.00000  31.2%  53.6 1401s
 1985412 977397   73.00000   65   68   77.00000   53.00000  31.2%  53.6 1406s
 1991836 981283     cutoff   68        77.00000   53.00000  31.2%  53.6 1410s
 1998310 984921   75.00000   78   24   77.00000   53.00000  31.2%  53.6 1415s
 2004965 988789   67.00000   58   56   77.00000   53.00000  31.2%  53.6 1420s
 2011432 992266   54.00000   49   71   77.00000   53.00000  31.2%  53.6 1425s
 2018092 995950   69.00000   54   60   77.00000   53.00000  31.2%  53.6 1430s
 2024510 999330   75.00000   66   33   77.00000   53.00000  31.2%  53.7 1435s
 2031004 1003050   70.00000   82   37   77.00000   53.00000  31.2%  53.7 1440s
 2039094 1007648   75.00000   70   23   77.00000   53.00000  31.2%  53.7 1446s
 2045341 1011359   70.00000   65   35   77.00000   53.00000  31.2%  53.7 1451s
 2051866 1015092 infeasible   70        77.00000   53.00000  31.2%  53.7 1456s
 2058477 1018658   76.00000   80   16   77.00000   53.00000  31.2%  53.7 1461s
 2065009 1022302   76.00000   67   21   77.00000   53.00000  31.2%  53.8 1465s
 2071386 1025777   73.00000   56   47   77.00000   53.00000  31.2%  53.8 1470s
 2077879 1029579   74.00000   76   35   77.00000   53.00000  31.2%  53.8 1475s
 2084488 1033133   74.00000   54   69   77.00000   53.00000  31.2%  53.8 1480s
 2091315 1037031   76.00000   78   26   77.00000   53.00000  31.2%  53.8 1485s
 2098034 1041110   75.00000   65   37   77.00000   53.00000  31.2%  53.8 1490s
 2104470 1044680   74.00000   61   47   77.00000   53.00000  31.2%  53.8 1495s
 2111006 1048469   75.00000   74   36   77.00000   53.00000  31.2%  53.8 1500s
 2118736 1052942   76.00000   71   14   77.00000   53.00000  31.2%  53.8 1506s
 2125293 1056784 infeasible   64        77.00000   53.00000  31.2%  53.9 1510s
 2131821 1060655   75.00000   83   25   77.00000   53.00000  31.2%  53.9 1515s
 2138384 1064365     cutoff   78        77.00000   53.00000  31.2%  53.9 1520s
 2145028 1068258   72.00000   65   32   77.00000   53.00000  31.2%  53.9 1525s
 2152984 1073016   76.00000   59   30   77.00000   53.00000  31.2%  53.9 1531s
 2159520 1076630   75.00000   85   43   77.00000   53.00000  31.2%  53.9 1535s
 2165946 1080316 infeasible   88        77.00000   53.00000  31.2%  53.9 1540s
 2172393 1084052 infeasible   87        77.00000   53.00000  31.2%  53.9 1545s
 2178773 1087731   76.00000   69   24   77.00000   53.00000  31.2%  53.9 1550s
 2185482 1091481   69.00000   54   52   77.00000   53.00000  31.2%  53.9 1555s
 2191645 1094933     cutoff   72        77.00000   53.00000  31.2%  53.9 1560s
 2197878 1098545   53.00000   45   72   77.00000   53.00000  31.2%  54.0 1565s
 2204494 1102495 infeasible   74        77.00000   53.00000  31.2%  54.0 1570s
 2210843 1106261   71.00000   56   33   77.00000   53.00000  31.2%  54.0 1575s
 2217425 1109826   76.00000   76   47   77.00000   53.00000  31.2%  54.0 1580s
 2223781 1113479   73.00000   71   56   77.00000   53.00000  31.2%  54.0 1585s
 2231677 1118006   53.00000   44   81   77.00000   53.00000  31.2%  54.0 1591s
 2238602 1122397   71.00000   61   31   77.00000   53.00000  31.2%  54.0 1596s
 2244829 1125890 infeasible   73        77.00000   53.00000  31.2%  54.1 1600s
 2251183 1129762   74.00000   85   28   77.00000   53.00000  31.2%  54.1 1605s
 2257483 1133151   74.00000   71   42   77.00000   53.00000  31.2%  54.1 1610s
 2263643 1137036   74.00000   75   34   77.00000   53.00000  31.2%  54.1 1615s
 2270087 1140735   75.00000   82   27   77.00000   53.00000  31.2%  54.1 1620s
 2276782 1144217   73.00000   56   45   77.00000   53.00000  31.2%  54.1 1625s
 2283259 1147851   65.00000   63   67   77.00000   53.00000  31.2%  54.1 1630s
 2289752 1151542   71.00000   61   54   77.00000   53.00000  31.2%  54.1 1635s
 2296488 1155575   76.00000   72   23   77.00000   53.00000  31.2%  54.2 1640s
 2303124 1159002   74.00000   55   54   77.00000   53.00000  31.2%  54.2 1645s
 2309453 1162934   75.00000   74   43   77.00000   53.00000  31.2%  54.2 1650s
 2316183 1166799   75.00000   57   35   77.00000   53.00000  31.2%  54.2 1655s
 2322848 1170822   75.00000   58   43   77.00000   53.00000  31.2%  54.2 1660s
 2329287 1174644   76.00000   60   53   77.00000   53.00000  31.2%  54.2 1665s
 2335909 1178417   76.00000   76   51   77.00000   53.00000  31.2%  54.2 1670s
 2342462 1181798   76.00000   71   52   77.00000   53.00000  31.2%  54.2 1675s
 2350368 1186563   72.00000   62   27   77.00000   53.00000  31.2%  54.3 1681s
 2356765 1190141   74.00000   57   49   77.00000   53.00000  31.2%  54.3 1686s
 2363298 1193688 infeasible   80        77.00000   53.00000  31.2%  54.3 1690s
 2369478 1197387   74.00000   52   66   77.00000   53.00000  31.2%  54.3 1695s
 2376183 1200919 infeasible   78        77.00000   53.00000  31.2%  54.3 1700s
 2382574 1204552 infeasible   84        77.00000   53.00000  31.2%  54.3 1705s
 2389165 1208052   73.00000   71   38   77.00000   53.00000  31.2%  54.3 1710s
 2395530 1211944   53.00000   45   56   77.00000   53.00000  31.2%  54.3 1715s
 2401895 1215616   58.00000   52   60   77.00000   53.00000  31.2%  54.4 1720s
 2408521 1219398   76.00000   77   40   77.00000   53.00000  31.2%  54.4 1725s
 2414936 1223223 infeasible   80        77.00000   53.00000  31.2%  54.4 1730s
 2421216 1226653 infeasible   61        77.00000   53.00000  31.2%  54.4 1735s
 2427734 1230254   69.00000   44   39   77.00000   53.00000  31.2%  54.4 1740s
 2434153 1233786   53.00000   41   66   77.00000   53.00000  31.2%  54.4 1745s
 2440352 1237209   68.00000   55   86   77.00000   53.00000  31.2%  54.4 1750s
 2446914 1240887   74.00000   54   45   77.00000   53.00000  31.2%  54.4 1755s
 2453255 1244397 infeasible   57        77.00000   53.00000  31.2%  54.5 1760s
 2459734 1248298 infeasible   81        77.00000   53.00000  31.2%  54.5 1765s
 2466371 1252322   72.00000   73   38   77.00000   53.00000  31.2%  54.5 1770s
 2474417 1256844   53.00000   47   74   77.00000   53.00000  31.2%  54.5 1776s
 2480778 1260790   71.00000   63   61   77.00000   53.00000  31.2%  54.5 1781s
 2487539 1264394   72.00000   64   46   77.00000   53.00000  31.2%  54.5 1786s
 2493984 1268205   76.00000   46   35   77.00000   53.00000  31.2%  54.5 1791s
 2500673 1272141   72.00000   74   52   77.00000   53.00000  31.2%  54.6 1796s
 2507297 1275811   64.00000   69   73   77.00000   53.00000  31.2%  54.6 1801s
 2513639 1279548   75.00000   68   57   77.00000   53.00000  31.2%  54.6 1806s
 2520304 1283369   74.00000   76   62   77.00000   53.00000  31.2%  54.6 1810s
 2526752 1287156   75.00000   56   44   77.00000   53.00000  31.2%  54.6 1815s
 2533014 1290922   71.00000   70   36   77.00000   53.00000  31.2%  54.6 1820s
 2539441 1294409   75.00000   47   51   77.00000   53.00000  31.2%  54.6 1825s
 2545974 1298128   74.00000   70   45   77.00000   53.00000  31.2%  54.6 1830s
 2552228 1301606   73.00000   73   41   77.00000   53.00000  31.2%  54.6 1835s
 2558888 1305319   72.00000   59   44   77.00000   53.00000  31.2%  54.6 1840s
 2565506 1309152   70.00000   53   83   77.00000   53.00000  31.2%  54.7 1845s
 2573569 1313740   75.00000   56   38   77.00000   53.00000  31.2%  54.7 1851s
 2580022 1317415   75.00000   82   36   77.00000   53.00000  31.2%  54.7 1855s
 2586506 1321364 infeasible   69        77.00000   53.00000  31.2%  54.7 1860s
 2592389 1324451 infeasible   66        77.00000   53.00000  31.2%  54.7 1865s
 2599030 1328323   74.00000   56   78   77.00000   53.00000  31.2%  54.7 1870s
 2605529 1332021   74.00000   85   17   77.00000   53.00000  31.2%  54.7 1875s
 2611767 1335522   74.00000   61   52   77.00000   53.00000  31.2%  54.7 1880s
 2618363 1339257   72.00000   62   39   77.00000   53.00000  31.2%  54.7 1885s
 2626461 1344149   73.00000   69   51   77.00000   53.00000  31.2%  54.7 1891s
 2632783 1347849   74.00000   74   33   77.00000   53.00000  31.2%  54.7 1895s
 2639190 1351463   75.00000   66   32   77.00000   53.00000  31.2%  54.8 1900s
 2645658 1355169   75.00000   68   41   77.00000   53.00000  31.2%  54.8 1905s
 2651973 1358885 infeasible   79        77.00000   53.00000  31.2%  54.8 1910s
 2658428 1362398   76.00000   72   32   77.00000   53.00000  31.2%  54.8 1915s
 2664896 1366019   75.00000   63   49   77.00000   53.00000  31.2%  54.8 1920s
 2670937 1369608   72.00000   57   45   77.00000   53.00000  31.2%  54.8 1925s
 2677350 1373145   73.00000   65   51   77.00000   53.00000  31.2%  54.8 1930s
 2683600 1376833   76.00000   79   20   77.00000   53.00000  31.2%  54.8 1935s
 2690512 1380732 infeasible   80        77.00000   53.00000  31.2%  54.8 1940s
 2697194 1384366   75.00000   67   35   77.00000   53.00000  31.2%  54.8 1945s
 2703631 1387948 infeasible   58        77.00000   53.00000  31.2%  54.9 1950s
 2710110 1392039   65.00000   60   69   77.00000   53.00000  31.2%  54.9 1955s
 2716560 1395724   76.00000   75   42   77.00000   53.00000  31.2%  54.9 1960s
 2723158 1399593     cutoff   64        77.00000   53.00000  31.2%  54.9 1965s
 2729640 1403488   74.00000   61   32   77.00000   53.00000  31.2%  54.9 1970s
 2735866 1407118   66.00000   42   50   77.00000   53.00000  31.2%  54.9 1975s
 2742109 1411007   71.00000   49   56   77.00000   53.00000  31.2%  54.9 1980s
 2748633 1414876   63.00000   63   86   77.00000   53.00000  31.2%  54.9 1985s
 2755099 1418615   74.00000   58   44   77.00000   53.00000  31.2%  54.9 1990s
 2761475 1422513   76.00000   86   36   77.00000   53.00000  31.2%  54.9 1995s
 2769771 1427355   72.00000   71   42   77.00000   53.00000  31.2%  55.0 2001s
 2776127 1431163   74.00000   59   44   77.00000   53.00000  31.2%  55.0 2006s
 2782706 1435147   75.00000   66   36   77.00000   53.00000  31.2%  55.0 2010s
 2789138 1438939   69.00000   57   61   77.00000   53.00000  31.2%  55.0 2015s
 2795579 1442619   71.00000   70   71   77.00000   53.00000  31.2%  55.0 2020s
 2801878 1446201   62.00000   58   54   77.00000   53.00000  31.2%  55.0 2025s
 2808305 1450050   75.00000   63   54   77.00000   53.00000  31.2%  55.0 2030s
 2814812 1453873   69.00000   88   31   77.00000   53.00000  31.2%  55.0 2035s
 2821182 1457215 infeasible   78        77.00000   53.00000  31.2%  55.0 2040s
 2827687 1460864   65.00000   43   52   77.00000   53.00000  31.2%  55.0 2045s
 2833934 1464465   76.00000   68   33   77.00000   53.00000  31.2%  55.0 2051s
 2838519 1467198   76.00000   79   49   77.00000   53.00000  31.2%  55.0 2055s
 2845551 1471632   66.00000   47   67   77.00000   53.00000  31.2%  55.0 2060s
 2852028 1475397   76.00000   96   22   77.00000   53.00000  31.2%  55.0 2066s
 2857149 1478380   72.00000   53   63   77.00000   53.00000  31.2%  55.0 2070s
 2863560 1482170   76.00000   78   42   77.00000   53.00000  31.2%  55.1 2075s
 2870100 1485883   67.00000   69   68   77.00000   53.00000  31.2%  55.1 2081s
 2874860 1488924   58.00000   53   65   77.00000   53.00000  31.2%  55.1 2085s
 2881539 1492816   75.00000   55   45   77.00000   53.00000  31.2%  55.1 2090s
 2887980 1496409     cutoff   62        77.00000   53.00000  31.2%  55.1 2096s
 2893025 1499170 infeasible   70        77.00000   53.00000  31.2%  55.1 2100s
 2899502 1502672 infeasible   91        77.00000   53.00000  31.2%  55.1 2105s
 2906319 1506575     cutoff   74        77.00000   53.00000  31.2%  55.1 2110s
 2912696 1510296   66.00000   54   84   77.00000   53.00000  31.2%  55.1 2115s
 2917340 1513212   53.00000   52   98   77.00000   53.00000  31.2%  55.1 2120s
 2924275 1517187   67.00000   55   51   77.00000   53.00000  31.2%  55.1 2125s
 2930661 1521054     cutoff   79        77.00000   53.00000  31.2%  55.1 2130s
 2936965 1524855   75.00000   57   49   77.00000   53.00000  31.2%  55.1 2136s
 2942297 1527862   75.00000   49   33   77.00000   53.00000  31.2%  55.1 2140s
 2948856 1531541   63.00000   56   57   77.00000   53.00000  31.2%  55.1 2145s
 2955244 1535264   71.00000   57   40   77.00000   53.00000  31.2%  55.2 2150s
 2961573 1539086   53.00000   48   67   77.00000   53.00000  31.2%  55.2 2156s
 2966658 1541987   53.00000   44   69   77.00000   53.00000  31.2%  55.2 2160s
 2973397 1545651 infeasible   71        77.00000   53.00000  31.2%  55.2 2165s
 2979826 1549643   73.00000   52   83   77.00000   53.00000  31.2%  55.2 2170s
 2986431 1553426   76.00000   79   28   77.00000   53.00000  31.2%  55.2 2176s
 2991238 1556175   72.00000   61   44   77.00000   53.00000  31.2%  55.2 2180s
 2997831 1560091   76.00000   81   25   77.00000   53.00000  31.2%  55.2 2185s
 3004203 1563726 infeasible   63        77.00000   53.00000  31.2%  55.2 2190s
 3010784 1567797   76.00000   70   24   77.00000   53.00000  31.2%  55.2 2196s
 3015622 1570534 infeasible   72        77.00000   53.00000  31.2%  55.2 2200s
 3022161 1574363   76.00000   66   31   77.00000   53.00000  31.2%  55.2 2205s
 3028532 1577813   76.00000   74   32   77.00000   53.00000  31.2%  55.3 2210s
 3034889 1581300   76.00000   59   50   77.00000   53.00000  31.2%  55.3 2216s
 3040055 1584353   75.00000   60   32   77.00000   53.00000  31.2%  55.3 2220s
 3046505 1588202   59.00000   47   54   77.00000   53.00000  31.2%  55.3 2225s
 3052919 1592272   73.00000   43   42   77.00000   53.00000  31.2%  55.3 2230s
 3059763 1596157   74.00000   60   35   77.00000   53.00000  31.2%  55.3 2235s
 3066207 1600083   66.00000   55   79   77.00000   53.00000  31.2%  55.3 2240s
 3074203 1604827   76.00000   54   23   77.00000   53.00000  31.2%  55.3 2246s
 3080567 1608645   74.00000   64   28   77.00000   53.00000  31.2%  55.3 2250s
 3087189 1612702     cutoff   56        77.00000   53.00000  31.2%  55.3 2255s
 3093494 1616360   76.00000   55   51   77.00000   53.00000  31.2%  55.3 2260s
 3100107 1620442   71.00000   54   30   77.00000   53.00000  31.2%  55.3 2265s
 3106596 1624216     cutoff   87        77.00000   53.00000  31.2%  55.3 2270s
 3113470 1628337   74.00000   52   63   77.00000   53.00000  31.2%  55.3 2275s
 3120220 1632154   55.00000   40   58   77.00000   53.00000  31.2%  55.3 2280s
 3126635 1635959   76.00000   68   25   77.00000   53.00000  31.2%  55.3 2285s
 3133156 1639466   67.00000   64   67   77.00000   53.00000  31.2%  55.3 2290s
 3139544 1643431   74.00000   65   28   77.00000   53.00000  31.2%  55.4 2295s
 3145831 1646702   68.00000   51   50   77.00000   53.00000  31.2%  55.4 2300s
 3152256 1650547   73.00000   64   36   77.00000   53.00000  31.2%  55.4 2305s
 3158848 1654509     cutoff   75        77.00000   53.00000  31.2%  55.4 2310s
 3165411 1658552   76.00000   55   59   77.00000   53.00000  31.2%  55.4 2315s
 3171766 1662251 infeasible   62        77.00000   53.00000  31.2%  55.4 2320s
 3178287 1665932   76.00000   81   48   77.00000   53.00000  31.2%  55.4 2325s
 3184809 1669796   74.00000   56   53   77.00000   53.00000  31.2%  55.4 2330s
 3191406 1673456   75.00000   60   26   77.00000   53.00000  31.2%  55.4 2335s
 3197635 1677098   76.00000   59   56   77.00000   53.00000  31.2%  55.4 2340s
 3204085 1680794   76.00000   75   26   77.00000   53.00000  31.2%  55.4 2345s
 3210602 1684385     cutoff   56        77.00000   53.00000  31.2%  55.4 2350s
 3217218 1688609   74.00000   56   50   77.00000   53.00000  31.2%  55.4 2355s
 3223615 1692181   73.00000   56   44   77.00000   53.00000  31.2%  55.4 2360s
 3230176 1696132   66.00000   52   47   77.00000   53.00000  31.2%  55.5 2365s
 3236545 1699857   68.00000   53   65   77.00000   53.00000  31.2%  55.5 2370s
 3243059 1703710   72.00000   64   55   77.00000   53.00000  31.2%  55.5 2375s
 3249691 1707793   76.00000   59   23   77.00000   53.00000  31.2%  55.5 2380s
 3256351 1711654   76.00000   71   27   77.00000   53.00000  31.2%  55.5 2385s
 3262542 1715480   75.00000   65   37   77.00000   53.00000  31.2%  55.5 2390s
 3268848 1719309   74.00000   53   63   77.00000   53.00000  31.2%  55.5 2395s
 3275249 1723231   71.00000   52   47   77.00000   53.00000  31.2%  55.5 2401s
 3281917 1727328   70.00000   67   64   77.00000   53.00000  31.2%  55.5 2406s
 3288618 1731082   76.00000   81   24   77.00000   53.00000  31.2%  55.5 2411s
 3295028 1734913   60.00000   53   92   77.00000   53.00000  31.2%  55.5 2416s
 3299784 1737826   67.00000   52   56   77.00000   53.00000  31.2%  55.5 2420s
 3306394 1741438   72.00000   56   38   77.00000   53.00000  31.2%  55.6 2425s
 3313247 1745472   69.00000   56   65   77.00000   53.00000  31.2%  55.6 2430s
 3319726 1749323 infeasible   81        77.00000   53.00000  31.2%  55.6 2435s
 3326133 1752917   67.00000   55   60   77.00000   53.00000  31.2%  55.6 2440s
 3332501 1756888 infeasible   89        77.00000   53.00000  31.2%  55.6 2445s
 3338797 1760671   72.00000   56   51   77.00000   53.00000  31.2%  55.6 2450s
 3345536 1764465   75.00000   55   43   77.00000   53.00000  31.2%  55.6 2455s
 3352033 1768275 infeasible   74        77.00000   53.00000  31.2%  55.6 2460s
 3360005 1772807   72.00000   62   54   77.00000   53.00000  31.2%  55.6 2466s
 3366346 1776201   74.00000   57   34   77.00000   53.00000  31.2%  55.6 2471s
 3372842 1780090     cutoff   79        77.00000   53.00000  31.2%  55.6 2476s
 3379211 1783848   74.00000   59   42   77.00000   53.00000  31.2%  55.6 2481s
 3385770 1787826 infeasible   75        77.00000   53.00000  31.2%  55.7 2486s
 3391901 1791098   76.00000   60   55   77.00000   53.00000  31.2%  55.7 2490s
 3398476 1794790   75.00000   79   79   77.00000   53.00000  31.2%  55.7 2495s
 3404862 1798518   74.00000   56   47   77.00000   53.00000  31.2%  55.7 2500s
 3411536 1802197   73.00000   72   29   77.00000   53.00000  31.2%  55.7 2505s
 3418145 1806094   73.00000   63   50   77.00000   53.00000  31.2%  55.7 2510s
 3424502 1809991   73.00000   71   30   77.00000   53.00000  31.2%  55.7 2515s
 3431116 1813740   74.00000   66   46   77.00000   53.00000  31.2%  55.7 2520s
 3437703 1817416   66.00000   47   68   77.00000   53.00000  31.2%  55.7 2525s
 3444340 1821198   76.00000   68   48   77.00000   53.00000  31.2%  55.7 2530s
 3450749 1824893   75.00000   64   46   77.00000   53.00000  31.2%  55.7 2535s
 3456993 1828342   75.00000   66   49   77.00000   53.00000  31.2%  55.7 2540s
 3463284 1831671   76.00000   74   30   77.00000   53.00000  31.2%  55.7 2545s
 3469762 1835317   72.00000   67   37   77.00000   53.00000  31.2%  55.7 2550s
 3475951 1838611   74.00000   67   54   77.00000   53.00000  31.2%  55.8 2555s
 3482841 1842547     cutoff   77        77.00000   53.00000  31.2%  55.8 2560s
 3489368 1846247   74.00000   58   54   77.00000   53.00000  31.2%  55.8 2565s
 3496101 1850235 infeasible   61        77.00000   53.00000  31.2%  55.8 2570s
 3502932 1854259   73.00000   58   46   77.00000   53.00000  31.2%  55.8 2575s
 3509615 1857925   73.00000   50   50   77.00000   53.00000  31.2%  55.8 2580s
 3515946 1861928 infeasible   76        77.00000   53.00000  31.2%  55.8 2585s
 3522714 1865614 infeasible   74        77.00000   53.00000  31.2%  55.8 2590s
 3529174 1869341   71.00000   59   45   77.00000   53.00000  31.2%  55.8 2595s
 3535565 1872804   72.00000   58   67   77.00000   53.00000  31.2%  55.8 2600s
 3541846 1876335   74.00000   75   51   77.00000   53.00000  31.2%  55.8 2605s
 3548160 1879919   75.00000   74   25   77.00000   53.00000  31.2%  55.8 2610s
 3554494 1883337   76.00000   57   55   77.00000   53.00000  31.2%  55.8 2615s
 3561027 1887273     cutoff   58        77.00000   53.00000  31.2%  55.8 2620s
 3567454 1891109   70.00000   62   57   77.00000   53.00000  31.2%  55.8 2625s
 3573807 1894555   76.00000   66   36   77.00000   53.00000  31.2%  55.9 2630s
 3580313 1898191   71.00000   59   38   77.00000   53.00000  31.2%  55.9 2635s
 3586630 1902030   74.00000   58   49   77.00000   53.00000  31.2%  55.9 2641s
 3593134 1905602   70.00000   60   55   77.00000   53.00000  31.2%  55.9 2646s
 3598159 1908686   67.00000   63   43   77.00000   53.00000  31.2%  55.9 2650s
 3604500 1912327   73.00000   61   37   77.00000   53.00000  31.2%  55.9 2655s
 3611209 1916326   76.00000   85   11   77.00000   53.00000  31.2%  55.9 2660s
 3617701 1920181   72.00000   74   54   77.00000   53.00000  31.2%  55.9 2665s
 3624236 1923740   72.00000   64   34   77.00000   53.00000  31.2%  55.9 2670s
 3632330 1928280     cutoff   69        77.00000   53.00000  31.2%  55.9 2676s
 3638664 1931807   75.00000   55   40   77.00000   53.00000  31.2%  55.9 2681s
 3643462 1934897   76.00000   69   51   77.00000   53.00000  31.2%  55.9 2685s
 3650058 1938793   76.00000   56   40   77.00000   53.00000  31.2%  55.9 2690s
 3656582 1942329   59.00000   35   58   77.00000   53.00000  31.2%  55.9 2695s
 3663088 1946140   70.00000   60   43   77.00000   53.00000  31.2%  56.0 2700s
 3669677 1950045     cutoff   77        77.00000   53.00000  31.2%  56.0 2705s
 3675988 1953688 infeasible   63        77.00000   53.00000  31.2%  56.0 2710s
 3682708 1957342 infeasible   67        77.00000   53.00000  31.2%  56.0 2715s
 3689332 1961042   75.00000   64   43   77.00000   53.00000  31.2%  56.0 2720s
 3695831 1964603 infeasible   73        77.00000   53.00000  31.2%  56.0 2725s
 3702386 1968216   65.00000   77   28   77.00000   53.00000  31.2%  56.0 2731s
 3709046 1972098   65.00000   66   58   77.00000   53.00000  31.2%  56.0 2736s
 3713978 1974915   76.00000   63   45   77.00000   53.00000  31.2%  56.0 2740s
 3720299 1978233 infeasible   66        77.00000   53.00000  31.2%  56.0 2745s
 3726821 1981903 infeasible   82        77.00000   53.00000  31.2%  56.0 2750s
 3733143 1985833     cutoff   58        77.00000   53.00000  31.2%  56.0 2755s
 3739407 1989290   74.00000   80   38   77.00000   53.00000  31.2%  56.0 2760s
 3746006 1992920   74.00000   86   37   77.00000   53.00000  31.2%  56.1 2765s
 3752195 1996617   72.00000   66   60   77.00000   53.00000  31.2%  56.1 2770s
 3758934 2000464   75.00000   66   37   77.00000   53.00000  31.2%  56.1 2775s
 3765068 2004080 infeasible   58        77.00000   53.00000  31.2%  56.1 2780s
 3771673 2007724     cutoff   67        77.00000   53.00000  31.2%  56.1 2786s
 3778277 2011226   69.00000   59   64   77.00000   53.00000  31.2%  56.1 2791s
 3784829 2014837 infeasible   59        77.00000   53.00000  31.2%  56.1 2796s
 3790969 2018342   67.00000   59   42   77.00000   53.00000  31.2%  56.1 2801s
 3796018 2021128 infeasible   80        77.00000   53.00000  31.2%  56.1 2805s
 3802795 2024758   72.00000   52   32   77.00000   53.00000  31.2%  56.1 2810s
 3809200 2028456   75.00000   71   26   77.00000   53.00000  31.2%  56.1 2815s
 3815904 2032101   74.00000   71   55   77.00000   53.00000  31.2%  56.1 2820s
 3823656 2036611   74.00000   65   46   77.00000   53.00000  31.2%  56.1 2826s
 3830186 2040250   53.00000   31   98   77.00000   53.00000  31.2%  56.1 2830s
 3836742 2044021   73.00000   66   42   77.00000   53.00000  31.2%  56.1 2835s
 3843034 2047643   66.00000   47   49   77.00000   53.00000  31.2%  56.2 2840s
 3849460 2051372   75.00000   71   50   77.00000   53.00000  31.2%  56.2 2845s
 3855961 2054891   74.00000   58   70   77.00000   53.00000  31.2%  56.2 2850s
 3862391 2058655   73.00000   72   46   77.00000   53.00000  31.2%  56.2 2855s
 3868635 2062419   73.00000   59   55   77.00000   53.00000  31.2%  56.2 2860s
 3875447 2066349     cutoff   55        77.00000   53.00000  31.2%  56.2 2865s
 3881986 2070084   55.00000   49   71   77.00000   53.00000  31.2%  56.2 2870s
 3888588 2073802   75.00000   52   40   77.00000   53.00000  31.2%  56.2 2875s
 3894859 2077191   53.00000   43   78   77.00000   53.00000  31.2%  56.2 2880s
 3901187 2080882   74.00000   61   26   77.00000   53.00000  31.2%  56.2 2885s
 3907622 2084821   69.00000   61   67   77.00000   53.00000  31.2%  56.2 2890s
 3915785 2089383   76.00000   74   50   77.00000   53.00000  31.2%  56.2 2896s
 3922258 2093075   76.00000   79   42   77.00000   53.00000  31.2%  56.2 2901s
 3928546 2096790   74.00000   54   68   77.00000   53.00000  31.2%  56.2 2905s
 3935086 2100277   74.00000   84   45   77.00000   53.00000  31.2%  56.2 2910s
 3941522 2103944   75.00000   61   76   77.00000   53.00000  31.2%  56.2 2915s
 3948090 2107626   73.00000   55   63   77.00000   53.00000  31.2%  56.2 2920s
 3954582 2111415   74.00000   62   50   77.00000   53.00000  31.2%  56.2 2925s
 3961019 2115199   76.00000   71   31   77.00000   53.00000  31.2%  56.2 2930s
 3967638 2119093   58.00000   50   75   77.00000   53.00000  31.2%  56.2 2935s
 3973918 2122771   76.00000   80   36   77.00000   53.00000  31.2%  56.3 2940s
 3980741 2126848   76.00000   63   21   77.00000   53.00000  31.2%  56.3 2945s
 3987122 2130561 infeasible   63        77.00000   53.00000  31.2%  56.3 2950s
 3993621 2134703   75.00000   55   58   77.00000   53.00000  31.2%  56.3 2955s
 4000108 2138246   75.00000   62   61   77.00000   53.00000  31.2%  56.3 2960s
 4007970 2142958   74.00000   97   42   77.00000   53.00000  31.2%  56.3 2966s
 4014156 2146683   76.00000   72   34   77.00000   53.00000  31.2%  56.3 2971s
 4019391 2149709   76.00000   84   20   77.00000   53.00000  31.2%  56.3 2975s
 4026170 2153639   65.00000   54   62   77.00000   53.00000  31.2%  56.3 2980s
 4032870 2157274 infeasible   94        77.00000   53.00000  31.2%  56.3 2985s
 4039259 2161170 infeasible   67        77.00000   53.00000  31.2%  56.3 2990s
 4045752 2164465   74.00000   60   39   77.00000   53.00000  31.2%  56.3 2995s
 4052439 2168289   68.00000   49   80   77.00000   53.00000  31.2%  56.3 3000s
 4058800 2171864     cutoff   68        77.00000   53.00000  31.2%  56.3 3005s
 4065511 2175484     cutoff   81        77.00000   53.00000  31.2%  56.3 3010s
 4071981 2179274   75.00000   66   45   77.00000   53.00000  31.2%  56.3 3015s
 4078378 2182966   72.00000   50   64   77.00000   53.00000  31.2%  56.3 3020s
 4085116 2186875   71.00000   53   52   77.00000   53.00000  31.2%  56.3 3025s
 4091698 2191069   75.00000   67   39   77.00000   53.00000  31.2%  56.3 3030s
 4098249 2194504   64.00000   38   74   77.00000   53.00000  31.2%  56.3 3035s
 4104670 2198303   72.00000   60   45   77.00000   53.00000  31.2%  56.3 3040s
 4112670 2202784   73.00000   48   76   77.00000   53.00000  31.2%  56.3 3046s
 4119158 2206684   75.00000   75   28   77.00000   53.00000  31.2%  56.4 3051s
 4125855 2210601   71.00000   57   41   77.00000   53.00000  31.2%  56.4 3055s
 4132174 2214263   65.00000   57   74   77.00000   53.00000  31.2%  56.4 3060s
 4138434 2217775     cutoff   80        77.00000   53.00000  31.2%  56.4 3065s
 4145074 2221466   76.00000   93   31   77.00000   53.00000  31.2%  56.4 3070s
 4151559 2225303   71.00000   48   68   77.00000   53.00000  31.2%  56.4 3075s
 4157989 2229074   76.00000   97   29   77.00000   53.00000  31.2%  56.4 3080s
 4164217 2232814   72.00000   52   48   77.00000   53.00000  31.2%  56.4 3085s
 4170822 2235999 infeasible   71        77.00000   53.00000  31.2%  56.4 3090s
 4177289 2239639 infeasible   61        77.00000   53.00000  31.2%  56.4 3095s
 4183954 2243105   73.00000   52   53   77.00000   53.00000  31.2%  56.4 3100s
 4190594 2246879   72.00000   77   23   77.00000   53.00000  31.2%  56.4 3105s
 4197278 2250765   73.00000   42   42   77.00000   53.00000  31.2%  56.4 3110s
 4203684 2254304   74.00000   56   43   77.00000   53.00000  31.2%  56.4 3115s
 4210293 2257840   63.00000   46   50   77.00000   53.00000  31.2%  56.4 3120s
 4216624 2261402   76.00000   81   30   77.00000   53.00000  31.2%  56.4 3125s
 4222921 2264998   75.00000   75   20   77.00000   53.00000  31.2%  56.4 3130s
 4229417 2268739 infeasible   91        77.00000   53.00000  31.2%  56.4 3135s
 4235902 2272593   63.00000   57   77   77.00000   53.00000  31.2%  56.4 3140s
 4242475 2276745   68.00000   59   53   77.00000   53.00000  31.2%  56.4 3145s
 4249035 2280502     cutoff   85        77.00000   53.00000  31.2%  56.4 3150s
 4255493 2284308   74.00000   66   41   77.00000   53.00000  31.2%  56.5 3155s
 4262191 2288052   76.00000   78   49   77.00000   53.00000  31.2%  56.5 3160s
 4268724 2291802   67.00000   69   47   77.00000   53.00000  31.2%  56.5 3165s
 4275090 2295214   53.00000   48   71   77.00000   53.00000  31.2%  56.5 3170s
 4281668 2298743   76.00000   81   27   77.00000   53.00000  31.2%  56.5 3175s
 4288253 2302711   74.00000   71   37   77.00000   53.00000  31.2%  56.5 3180s
 4294813 2306604   74.00000   75   39   77.00000   53.00000  31.2%  56.5 3185s
 4301273 2310175   70.00000   58   68   77.00000   53.00000  31.2%  56.5 3190s
 4307703 2313588   74.00000   67   73   77.00000   53.00000  31.2%  56.5 3195s
 4314079 2317313 infeasible   71        77.00000   53.00000  31.2%  56.5 3200s
 4320660 2320626   74.00000   55   56   77.00000   53.00000  31.2%  56.5 3205s
 4327119 2324434   62.00000   58   76   77.00000   53.00000  31.2%  56.5 3210s
 4333685 2327997 infeasible   91        77.00000   53.00000  31.2%  56.5 3215s
 4340300 2331784     cutoff   67        77.00000   53.00000  31.2%  56.5 3220s
 4346762 2335150   76.00000   63   80   77.00000   53.00000  31.2%  56.5 3225s
 4353154 2338989   63.00000   46   69   77.00000   53.00000  31.2%  56.5 3230s
 4359728 2342766 infeasible   75        77.00000   53.00000  31.2%  56.5 3235s
 4366242 2346308   76.00000   87   28   77.00000   53.00000  31.2%  56.5 3240s
 4372727 2349876   76.00000   58   44   77.00000   53.00000  31.2%  56.5 3245s
 4380624 2354355   72.00000   61   54   77.00000   53.00000  31.2%  56.5 3251s
 4386980 2357869   74.00000   60   63   77.00000   53.00000  31.2%  56.5 3255s
 4392928 2360975   56.00000   48   62   77.00000   53.00000  31.2%  56.6 3260s
 4399713 2364723   69.00000   75   39   77.00000   53.00000  31.2%  56.6 3266s
 4406271 2368493   76.00000   75   40   77.00000   53.00000  31.2%  56.6 3271s
 4411290 2371523   75.00000   66   41   77.00000   53.00000  31.2%  56.6 3275s
 4419309 2376001   76.00000   74   18   77.00000   53.00000  31.2%  56.6 3281s
 4425885 2379823   73.00000   72   45   77.00000   53.00000  31.2%  56.6 3285s
 4432538 2383901 infeasible   73        77.00000   53.00000  31.2%  56.6 3290s
 4438989 2387634 infeasible   41        77.00000   53.00000  31.2%  56.6 3295s
 4445503 2391154 infeasible   75        77.00000   53.00000  31.2%  56.6 3300s
 4451935 2394862 infeasible   69        77.00000   53.00000  31.2%  56.6 3305s
 4458324 2398289   74.00000   66   47   77.00000   53.00000  31.2%  56.6 3310s
 4465020 2401752   71.00000   52   45   77.00000   53.00000  31.2%  56.6 3315s
 4471466 2405218   53.00000   52   70   77.00000   53.00000  31.2%  56.6 3320s
 4477891 2408816   66.00000   51   84   77.00000   53.00000  31.2%  56.6 3325s
 4484400 2412426   72.00000   61   45   77.00000   53.00000  31.2%  56.6 3330s
 4490737 2416507   76.00000   63   16   77.00000   53.00000  31.2%  56.6 3335s
 4497447 2420088   72.00000   52   65   77.00000   53.00000  31.2%  56.6 3340s
 4503945 2423781   74.00000   68   28   77.00000   53.00000  31.2%  56.6 3345s
 4510362 2427770   72.00000   55   46   77.00000   53.00000  31.2%  56.6 3350s
 4516945 2431123   76.00000   64   42   77.00000   53.00000  31.2%  56.6 3355s
 4524681 2435613   73.00000   75   74   77.00000   53.00000  31.2%  56.6 3361s
 4531299 2439478 infeasible   75        77.00000   53.00000  31.2%  56.6 3366s
 4537712 2443123   72.00000   71   52   77.00000   53.00000  31.2%  56.6 3371s
 4544144 2447067   68.00000   66   44   77.00000   53.00000  31.2%  56.6 3376s
 4549300 2450205   75.00000   57   68   77.00000   53.00000  31.2%  56.6 3380s
 4556099 2454109   76.00000   78   37   77.00000   53.00000  31.2%  56.6 3385s
 4562614 2457999   60.00000   46   44   77.00000   53.00000  31.2%  56.6 3390s
 4569018 2461548   68.00000   58   25   77.00000   53.00000  31.2%  56.7 3395s
 4577131 2466289   70.00000   51   44   77.00000   53.00000  31.2%  56.7 3401s
 4583420 2470176   75.00000   51   36   77.00000   53.00000  31.2%  56.7 3406s
 4588360 2473119 infeasible   53        77.00000   53.00000  31.2%  56.7 3410s
 4595269 2477394   74.00000   59   45   77.00000   53.00000  31.2%  56.7 3415s
 4603533 2482487   65.00000   45   35   77.00000   53.00000  31.2%  56.7 3421s
 4609949 2486155   59.00000   43   48   77.00000   53.00000  31.2%  56.7 3425s
 4617427 2490289   69.00000   64   41   77.00000   53.00000  31.2%  56.7 3431s
 4623785 2493944     cutoff   66        77.00000   53.00000  31.2%  56.7 3435s
 4630469 2497605   64.00000   50   65   77.00000   53.00000  31.2%  56.7 3441s
 4636807 2501377   74.00000   80   26   77.00000   53.00000  31.2%  56.7 3445s
 4643399 2505135   75.00000   43   46   77.00000   53.00000  31.2%  56.7 3450s
 4649639 2508777   53.00000   45   72   77.00000   53.00000  31.2%  56.7 3455s
 4656215 2512688   75.00000   61   41   77.00000   53.00000  31.2%  56.7 3460s
 4662809 2516622   66.00000   38   35   77.00000   53.00000  31.2%  56.7 3465s
 4669499 2520407   75.00000   51   38   77.00000   53.00000  31.2%  56.7 3470s
 4675795 2524139   74.00000   62   47   77.00000   53.00000  31.2%  56.7 3475s
 4682324 2527980 infeasible   76        77.00000   53.00000  31.2%  56.7 3480s
 4688846 2531766   74.00000   53   68   77.00000   53.00000  31.2%  56.7 3485s
 4695129 2535154 infeasible   61        77.00000   53.00000  31.2%  56.7 3490s
 4701800 2539008   76.00000   59   30   77.00000   53.00000  31.2%  56.7 3495s
 4708454 2542801   73.00000   68   38   77.00000   53.00000  31.2%  56.7 3500s
 4716461 2547607 infeasible   65        77.00000   53.00000  31.2%  56.7 3506s
 4722721 2551104   76.00000   48   43   77.00000   53.00000  31.2%  56.7 3510s
 4729299 2554508   76.00000   57   32   77.00000   53.00000  31.2%  56.7 3515s
 4735464 2558379   76.00000   68   46   77.00000   53.00000  31.2%  56.7 3520s
 4742425 2562444   76.00000   85   20   77.00000   53.00000  31.2%  56.7 3525s
 4748895 2566246   74.00000   62   55   77.00000   53.00000  31.2%  56.7 3530s
 4755147 2570166   76.00000   79   33   77.00000   53.00000  31.2%  56.7 3535s
 4761654 2574224   74.00000   73   47   77.00000   53.00000  31.2%  56.7 3540s
 4768034 2577864   74.00000   48   51   77.00000   53.00000  31.2%  56.7 3545s
 4774206 2581249   76.00000   73   10   77.00000   53.00000  31.2%  56.7 3550s
 4780886 2584603   76.00000   97   25   77.00000   53.00000  31.2%  56.8 3555s
 4787306 2588154   68.00000   55   62   77.00000   53.00000  31.2%  56.8 3560s
 4795464 2592867   70.00000   76   34   77.00000   53.00000  31.2%  56.8 3566s
 4801979 2596539   73.00000   53   70   77.00000   53.00000  31.2%  56.8 3571s
 4808410 2600128 infeasible   65        77.00000   53.00000  31.2%  56.8 3575s
 4814672 2603596   72.00000   72   39   77.00000   53.00000  31.2%  56.8 3580s
 4821061 2607273   69.00000   44   53   77.00000   53.00000  31.2%  56.8 3585s
 4827568 2610819   75.00000   61   19   77.00000   53.00000  31.2%  56.8 3590s
 4834316 2614524   73.00000   73   43   77.00000   53.00000  31.2%  56.8 3595s
 4840612 2617725   76.00000   77   14   77.00000   53.00000  31.2%  56.8 3600s

Explored 4841618 nodes (274905656 simplex iterations) in 3600.01 seconds (4187.71 work units)
Thread count was 32 (of 32 available processors)

Solution count 10: 77 78 79 ... 86

Time limit reached
Best objective 7.700000000000e+01, best bound 5.300000000000e+01, gap 31.1688%
