
Gurobi 13.0.0 (linux64) logging started Wed Nov 26 03:01:32 2025

Set parameter LogFile to value "./Results/StripPacking-CutHeur/Logs/SU-010-StripPacking-50-0.log"
Set parameter TimeLimit to value 3600
Set parameter Cuts to value 0
Set parameter Presolve to value 1
Set parameter Heuristics to value 0
Set parameter LogToConsole to value 0
Set parameter LPWarmStart to value 2
Gurobi Optimizer version 13.0.0 build v13.0.0rc1 (linux64 - "Debian GNU/Linux 12 (bookworm)")

CPU model: Intel(R) Xeon(R) CPU E5-2630 v3 @ 2.40GHz, instruction set [SSE2|AVX|AVX2]
Thread count: 16 physical cores, 32 logical processors, using up to 32 threads

Non-default parameters:
TimeLimit  3600
LPWarmStart  2
Heuristics  0
Cuts  0
LogToConsole  0
Presolve  1

Optimize a model with 15975 rows, 5001 columns and 39300 nonzeros (Min)
Model fingerprint: 0x834d55cb
Model has 1 linear objective coefficients
Variable types: 101 continuous, 4900 integer (4900 binary)
Coefficient statistics:
  Matrix range     [1e+00, 1e+04]
  Objective range  [1e+00, 1e+00]
  Bounds range     [1e+00, 1e+04]
  RHS range        [1e+00, 1e+04]

Warning: Completing partial solution with 4900 unfixed non-continuous variables out of 4900
User MIP start produced solution with objective 191.6 (0.01s)
Loaded user MIP start with objective 191.6

Presolve removed 2450 rows and 0 columns
Presolve time: 0.05s
Presolved: 13525 rows, 5001 columns, 34400 nonzeros
Variable types: 101 continuous, 4900 integer (4900 binary)

Root relaxation: objective 3.500000e+01, 3163 iterations, 0.25 seconds (0.18 work units)

    Nodes    |    Current Node    |     Objective Bounds      |     Work
 Expl Unexpl |  Obj  Depth IntInf | Incumbent    BestBd   Gap | It/Node Time

     0     0   35.00000    0  567  191.60000   35.00000  81.7%     -    0s
     0     0   35.00000    0  567  191.60000   35.00000  81.7%     -    0s
     0     0   35.00000    0  429  191.60000   35.00000  81.7%     -    0s
     0     2   35.00000    0  420  191.60000   35.00000  81.7%     -    1s
   452   492   56.00000   21 1036  191.60000   35.00000  81.7%   173    5s
  1777  1926   56.00000   94 1106  191.60000   35.00000  81.7%   155   10s
  4338  4661  106.00000  271  773  191.60000   35.00000  81.7%   126   15s
  8951  8854   74.00000   53  933  191.60000   35.00000  81.7%  91.2   20s
 10492  9769   35.00000   13  496  191.60000   35.00000  81.7%  88.6   25s
 11044 10200   35.00000   31  805  191.60000   35.00000  81.7%  95.6   30s
 11978 10851   77.00000   51  675  191.60000   35.00000  81.7%  99.5   35s
 13443 12110   68.00000   99  646  191.60000   35.00000  81.7%  96.9   40s
 17194 14898   95.00000  241  494  191.60000   35.00000  81.7%  87.9   45s
 21065 17833  122.00000  349  541  191.60000   35.00000  81.7%  81.7   50s
*24441 18182             466     191.0000000   35.00000  81.7%  76.0   52s
 26964 19272  155.00000  522  380  191.00000   35.00000  81.7%  72.8   55s
 33194 23258   84.00000  124  751  191.00000   35.00000  81.7%  66.4   60s
*33827 21177             538     190.0000000   35.00000  81.6%  65.8   60s
 38998 25106  188.00000  301  675  190.00000   35.00000  81.6%  62.6   65s
 43485 33380  151.00000  119  560  190.00000   35.00000  81.6%  60.5   72s
 52321 38187   66.00000   40  653  190.00000   35.00000  81.6%  57.1   76s
 58575 42606  118.00000  111  654  190.00000   35.00000  81.6%  55.1   80s
 63969 48604  108.00000   65  696  190.00000   35.00000  81.6%  53.5   86s
 70476 54033   55.00000   36  860  190.00000   35.00000  81.6%  52.3   90s
 76051 59760  126.00000  161  651  190.00000   35.00000  81.6%  52.4   95s
 82882 65576   95.00000   66  552  190.00000   35.00000  81.6%  51.4  100s
 90914 71462   35.00000   22  928  190.00000   35.00000  81.6%  50.5  105s
 93999 75265  181.00000  222  547  190.00000   35.00000  81.6%  51.0  110s
 100981 80977   78.00000   99  817  190.00000   35.00000  81.6%  50.6  115s
 106593 86517 infeasible  276       190.00000   35.00000  81.6%  50.7  121s
 112759 91113     cutoff  168       190.00000   35.00000  81.6%  50.5  125s
 119344 95770   65.00000   31  822  190.00000   35.00000  81.6%  50.6  130s
 124187 100827   84.00000   45  784  190.00000   35.00000  81.6%  51.2  135s
 128235 111658  184.00000   77  601  190.00000   35.00000  81.6%  51.7  145s
 142867 117258  189.00000  299   90  190.00000   35.00000  81.6%  50.3  150s
 148748 122858  137.00000  283  607  190.00000   35.00000  81.6%  50.3  155s
 154647 127278   81.00000   78  655  190.00000   35.00000  81.6%  50.6  160s
 160978 133498  170.00000  260  358  190.00000   35.00000  81.6%  50.3  166s
 167087 138245  189.00000  333  277  190.00000   35.00000  81.6%  49.8  170s
 173787 142950  118.00000   92  662  190.00000   35.00000  81.6%  49.5  175s
*176485 126823             357     189.0000000   35.00000  81.5%  49.5  178s
*178892 119611             500     188.0000000   35.00000  81.4%  49.3  179s
 179321 120295  157.00000  119  588  188.00000   35.00000  81.4%  49.3  181s
 187310 127372   46.00000   33  575  188.00000   35.00000  81.4%  48.7  186s
 192086 131697  186.00000  350  462  188.00000   35.00000  81.4%  48.4  190s
 201472 138558   52.00000   36  934  188.00000   35.00000  81.4%  48.1  195s
 208595 145297  162.00000  121  600  188.00000   35.00000  81.4%  48.0  200s
 214522 151456  173.84314  228  607  188.00000   35.00000  81.4%  47.8  206s
*220457 141938             357     187.0000000   35.00000  81.3%  47.7  209s
 220495 143199  167.00000  138  590  187.00000   35.00000  81.3%  47.7  210s
 226035 148093  184.00000  197  705  187.00000   35.00000  81.3%  47.7  216s
*230977 142604             421     186.0000000   35.00000  81.2%  47.6  220s
 236389 149355  147.00000  247  403  186.00000   35.00000  81.2%  47.5  225s
*241394 144608             508     185.0000000   35.00000  81.1%  47.2  228s
 241805 146074  183.00000  159  424  185.00000   35.00000  81.1%  47.2  230s
 249206 152226  100.00000   70  696  185.00000   35.00000  81.1%  47.1  235s
 256149 157900  184.00000  226  366  185.00000   35.00000  81.1%  46.9  241s
 260691 162537   61.00000   40  564  185.00000   35.00000  81.1%  47.1  246s
 265683 166704  118.00000   52  629  185.00000   35.00000  81.1%  47.2  250s
 271902 172250  184.00000  202  253  185.00000   35.00000  81.1%  47.1  255s
 279890 176953   62.00000   49  798  185.00000   35.00000  81.1%  46.7  260s
 287045 184679  177.00000  189  473  185.00000   35.00000  81.1%  46.8  266s
*291270 171305             404     184.0000000   35.00000  81.0%  46.6  268s
 293461 171854   61.00000   39  738  184.00000   35.00000  81.0%  46.6  270s
 300056 178841  170.00000  136  396  184.00000   35.00000  81.0%  46.4  275s
 308438 184880   74.00000   56  815  184.00000   35.00000  81.0%  46.1  280s
 316134 190870  171.00000  166  586  184.00000   35.00000  81.0%  46.0  285s
 321988 197728   87.00000   82  710  184.00000   35.00000  81.0%  46.0  290s
 329378 203618  162.00000  256  554  184.00000   35.00000  81.0%  45.8  295s
 337368 210008   67.00000   46  710  184.00000   35.00000  81.0%  45.7  300s
 341102 220950   76.00000   82  811  184.00000   35.00000  81.0%  45.8  309s
 344785 220950  179.00000   80  633  184.00000   35.00000  81.0%  45.9  310s
 351985 223745  153.00000  286  515  184.00000   35.00000  81.0%  46.0  315s
 358252 228767   99.00000  106  628  184.00000   35.00000  81.0%  46.0  320s
 364833 233920  134.00000  111  618  184.00000   35.00000  81.0%  46.0  325s
 370911 238975  182.00000  237  448  184.00000   35.00000  81.0%  46.0  331s
 374635 242496  178.00000  199  569  184.00000   35.00000  81.0%  46.1  335s
 383721 248804 infeasible  178       184.00000   35.00000  81.0%  46.0  341s
 384188 256059   79.00000   63  708  184.00000   35.00000  81.0%  46.0  345s
*391852 219143             452     182.0000000   35.00000  80.8%  45.8  345s
 396582 222008   69.00000   62  787  182.00000   35.00000  80.8%  45.7  350s
 402169 226884  129.00000  108  652  182.00000   35.00000  80.8%  45.7  355s
 411429 233194   69.00000   42  900  182.00000   35.00000  80.8%  45.5  360s
 416705 239014  122.00000   89  587  182.00000   35.00000  80.8%  45.5  365s
 422907 243982  155.00000  136  652  182.00000   35.00000  80.8%  45.5  370s
 429820 250131  107.00000   69  538  182.00000   35.00000  80.8%  45.4  376s
 435213 255414  112.00000  221  569  182.00000   35.01600  80.8%  45.4  381s
 442777 261081   50.31445   46  853  182.00000   35.22647  80.6%  45.3  385s
 450660 267655  129.00000  141  484  182.00000   35.30876  80.6%  45.2  390s
 456027 272114   77.00000   58  588  182.00000   35.41237  80.5%  45.3  396s
 461442 276385  150.00000  239  419  182.00000   35.41237  80.5%  45.4  400s
 468409 282040  144.00000  112  554  182.00000   35.41237  80.5%  45.3  405s
 474522 288346  170.00000  202  468  182.00000   35.89189  80.3%  45.2  410s
 481754 292621 infeasible  306       182.00000   35.89189  80.3%  45.0  415s
 486428 296962  124.00000   68  581  182.00000   35.89189  80.3%  45.3  420s
 491394 301009 infeasible  181       182.00000   36.00000  80.2%  45.2  425s
 497047 306725  136.00000   92  633  182.00000   36.00000  80.2%  45.2  431s
 502580 311996  178.00000  181  596  182.00000   36.00000  80.2%  45.2  436s
 510432 317050   59.00000   29  910  182.00000   36.00000  80.2%  45.1  441s
 510923 323111  117.00000   55  561  182.00000   36.00000  80.2%  45.1  445s
 522454 327957  141.00000  116  485  182.00000   36.00000  80.2%  45.0  450s
 530286 334118   81.00000   59  699  182.00000   36.46667  80.0%  44.9  455s
 536145 338970  159.00000  273  608  182.00000   36.46667  80.0%  45.0  460s
 540907 344283  181.00000  239  368  182.00000   36.67391  79.8%  44.9  465s
 548527 350630  181.00000  178  605  182.00000   36.67391  79.8%  44.9  470s
 558089 358370  180.00000  227  527  182.00000   36.67391  79.8%  44.8  475s
*561565 326677             377     181.0000000   36.67391  79.7%  44.7  478s
 563944 328881  171.00000   82  614  181.00000   36.67391  79.7%  44.7  480s
 572197 335064   68.00000   47  669  181.00000   36.67391  79.7%  44.6  485s
 579069 342298   57.20930   43  861  181.00000   37.00000  79.6%  44.6  490s
 585307 347539  180.00000  134  497  181.00000   37.00000  79.6%  44.7  495s
 593698 353678  180.00000  261  462  181.00000   37.00000  79.6%  44.7  501s
 600567 358854  175.00000  190  482  181.00000   37.00000  79.6%  44.7  505s
 606840 365550  180.00000  227  575  181.00000   37.00000  79.6%  44.7  510s
 614808 371938  113.00000   78  700  181.00000   37.00000  79.6%  44.5  515s
 622518 378657   64.00000   85  716  181.00000   37.00000  79.6%  44.5  520s
 630864 385426  180.00000   98  586  181.00000   37.00000  79.6%  44.4  525s
 638520 392022  180.00000  242  245  181.00000   37.00000  79.6%  44.4  531s
 642689 396056   84.00000   96  582  181.00000   37.00000  79.6%  44.4  535s
 649302 401170   72.00000   48  673  181.00000   37.06977  79.5%  44.4  540s
 658352 408536   67.00000   45  792  181.00000   37.06977  79.5%  44.3  545s
 664335 414239  175.00000  165  557  181.00000   37.06977  79.5%  44.3  551s
 672586 420063   79.00000   64  622  181.00000   37.06977  79.5%  44.1  555s
 679532 426311  120.00000  271  466  181.00000   37.06977  79.5%  44.1  560s
 688139 432790   85.00000   54  682  181.00000   37.06977  79.5%  44.0  565s
 693312 437935  170.00000  123  577  181.00000   37.06977  79.5%  44.1  570s
 701610 444567  180.00000  212  507  181.00000   38.00000  79.0%  44.0  575s
 706454 447909  179.00000  227  447  181.00000   38.00000  79.0%  44.0  580s
 713492 454718   73.00000   59  627  181.00000   38.00000  79.0%  44.0  585s
 720063 460457  131.00000  129  693  181.00000   38.00000  79.0%  44.0  590s
 728946 467115   75.00000   62  789  181.00000   38.00000  79.0%  43.9  595s
 738719 474968   78.00000   65  615  181.00000   38.00000  79.0%  43.7  600s
 746258 481015  134.00000  136  616  181.00000   38.00000  79.0%  43.6  605s
 753773 487233     cutoff  303       181.00000   38.00000  79.0%  43.5  610s
 760145 493441  131.00000  226  457  181.00000   38.00000  79.0%  43.6  615s
 766734 498619  149.00000  132  728  181.00000   38.00000  79.0%  43.6  621s
 768443 503973  178.00000  246  481  181.00000   38.00000  79.0%  43.7  626s
*770164 451547             388     180.0000000   38.00000  78.9%  43.6  626s
 776514 454033  106.00000  146  670  180.00000   38.00000  78.9%  43.7  630s
 782764 458922  178.00000  349  362  180.00000   38.00000  78.9%  43.7  635s
 789118 469111   78.00000   77  700  180.00000   38.00000  78.9%  43.6  642s
 799420 472128  169.00000   59  609  180.00000   38.00000  78.9%  43.6  645s
 805275 477465  138.00000   94  572  180.00000   38.00000  78.9%  43.6  650s
 812854 483238  179.00000  320  347  180.00000   38.00000  78.9%  43.6  655s
 818627 487412   67.00000   42  549  180.00000   39.06383  78.3%  43.6  660s
 824250 492551     cutoff  159       180.00000   39.06383  78.3%  43.6  665s
 831357 497963   70.00000   56  854  180.00000   39.85714  77.9%  43.6  670s
 831795 503375  101.00000   84  691  180.00000   39.85714  77.9%  43.6  675s
 842710 509608  126.29412  274  384  180.00000   40.00000  77.8%  43.8  681s
 848103 512724   68.00000   42  802  180.00000   40.00000  77.8%  43.8  685s
 854855 519286  142.00000   94  556  180.00000   40.00000  77.8%  43.8  690s
 861269 525143   67.00000   40  676  180.00000   40.00000  77.8%  43.8  696s
 866549 528219  147.00000  160  504  180.00000   40.00000  77.8%  43.8  700s
 872293 533933  163.00000  370  253  180.00000   40.28057  77.6%  43.8  705s
 876972 537453   84.00000   73  673  180.00000   40.91304  77.3%  43.9  711s
 882977 543625  140.00000   91  805  180.00000   40.91304  77.3%  43.9  715s
 891682 549980  177.00000  213  502  180.00000   41.00000  77.2%  43.8  720s
 895408 557700  166.00000  102  461  180.00000   41.00000  77.2%  43.8  729s
 902888 559255  137.00000  187  723  180.00000   41.00000  77.2%  43.8  730s
 909257 563995 infeasible  387       180.00000   41.00000  77.2%  43.7  735s
 915931 568834  107.00000   63  698  180.00000   41.00000  77.2%  43.7  740s
 923742 575353   52.00000   48  704  180.00000   41.00000  77.2%  43.7  745s
 928877 580955  179.00000  148  381  180.00000   41.00000  77.2%  43.7  750s
 936479 585783  166.00000   81  466  180.00000   41.00000  77.2%  43.7  755s
 944446 592358  176.00000  157  410  180.00000   41.00000  77.2%  43.6  760s
*948154 535617             331     179.0000000   41.00000  77.1%  43.7  764s
 948423 537340   68.00000   55  770  179.00000   41.00000  77.1%  43.7  765s
 955969 542912  147.00000  174  602  179.00000   41.48980  76.8%  43.7  770s
 962351 549023   98.00000  184  623  179.00000   41.48980  76.8%  43.8  775s
 969017 553569 infeasible  393       179.00000   41.48980  76.8%  43.7  780s
 974978 559212  177.00000  178  564  179.00000   41.48980  76.8%  43.7  785s
 982322 565228   97.00000   59  573  179.00000   41.48980  76.8%  43.6  790s
 991518 572523   57.00000   42  617  179.00000   41.48980  76.8%  43.6  795s
 998073 577759  116.00000  223  447  179.00000   41.48980  76.8%  43.6  801s
 1004376 583340  155.00000  473  320  179.00000   41.48980  76.8%  43.5  805s
 1011282 588231   99.00000  152  454  179.00000   41.82353  76.6%  43.5  810s
 1019557 595355 infeasible  407       179.00000   42.00000  76.5%  43.5  815s
 1026438 601144  170.00000  114  552  179.00000   42.00000  76.5%  43.4  820s
 1034290 607666  170.00000  178  489  179.00000   42.00000  76.5%  43.4  825s
 1043233 614836  141.00000  111  509  179.00000   42.00000  76.5%  43.3  830s
 1050673 621573  166.00000  210  594  179.00000   42.00000  76.5%  43.3  835s
 1058289 628762  178.00000  190  428  179.00000   42.00000  76.5%  43.2  840s
 1067137 634774  176.00000  157  575  179.00000   42.00000  76.5%  43.2  845s
 1074178 641432  123.00000   49  544  179.00000   42.00000  76.5%  43.1  850s
 1081630 648068   76.00000   38  733  179.00000   42.00000  76.5%  43.1  855s
 1087832 653191   74.00000   54  796  179.00000   42.00000  76.5%  43.1  860s
*1091888 597674             450     178.0000000   42.00000  76.4%  43.1  863s
 1094021 600885  176.00000  134  491  178.00000   42.00000  76.4%  43.1  865s
 1099929 605386  176.00000  200  490  178.00000   42.00000  76.4%  43.2  870s
 1106741 610622  105.00000  178  394  178.00000   42.00000  76.4%  43.2  875s
 1113263 617484  132.00000  384  349  178.00000   42.00000  76.4%  43.2  880s
 1118873 621654  177.00000  112  349  178.00000   42.00000  76.4%  43.2  885s
 1126738 630915  144.00000  138  633  178.00000   42.00000  76.4%  43.2  892s
 1135534 634225     cutoff  333       178.00000   42.00000  76.4%  43.1  895s
 1143261 642323   86.00000   75  562  178.00000   42.00000  76.4%  43.1  900s
 1151053 648492   69.00000   49  814  178.00000   42.00000  76.4%  43.1  905s
 1157888 653767  167.00000  189  620  178.00000   42.00000  76.4%  43.0  910s
 1165095 659850   96.00000   93  555  178.00000   42.00000  76.4%  43.0  915s
 1172682 666799  177.00000  409  368  178.00000   42.00000  76.4%  43.0  920s
 1179038 670488  175.00000  273  447  178.00000   42.00000  76.4%  43.0  925s
 1184447 675881  176.00000  153  496  178.00000   42.00000  76.4%  43.0  930s
 1190297 681346  101.00000   62  819  178.00000   42.00000  76.4%  43.1  935s
 1197604 687118   93.00000  101  495  178.00000   42.00000  76.4%  43.1  940s
 1205106 693678  145.00000  312  414  178.00000   42.00000  76.4%  43.1  945s
 1211442 699037   76.00000   36  507  178.00000   42.00000  76.4%  43.1  950s
 1218429 705076  138.00000   98  645  178.00000   42.00000  76.4%  43.0  955s
 1226542 710350   76.00000   32  648  178.00000   42.00000  76.4%  43.0  961s
 1232642 716991  108.00000  122  672  178.00000   42.00000  76.4%  43.0  966s
 1236847 719595  171.00000  256  405  178.00000   42.00000  76.4%  43.1  970s
 1244173 725295   56.00000   31  756  178.00000   42.00000  76.4%  43.0  976s
 1248868 730162 infeasible  285       178.00000   42.00000  76.4%  43.0  980s
 1255374 735564  175.00000  216  433  178.00000   42.00000  76.4%  43.0  986s
 1261328 739943   86.00000   41  678  178.00000   42.00000  76.4%  43.0  990s
 1268460 745986   57.00000   62  736  178.00000   42.00000  76.4%  43.0  996s
 1273120 750980  107.00000   52  692  178.00000   42.00000  76.4%  43.0 1001s
 1280649 756622  100.00000   59  554  178.00000   42.00000  76.4%  43.0 1005s
 1288192 761974 infeasible  230       178.00000   42.00000  76.4%  43.0 1011s
 1292253 766539   57.00000   44  832  178.00000   42.00000  76.4%  43.0 1015s
 1297697 776292  108.00000  111  592  178.00000   42.00000  76.4%  43.0 1023s
 1305674 777984  175.00000  354  337  178.00000   42.00000  76.4%  43.0 1025s
 1312380 783454  177.00000  196  504  178.00000   42.00000  76.4%  42.9 1030s
 1320577 790115  139.00000   88  602  178.00000   42.00000  76.4%  42.9 1035s
 1326907 795118  164.00000   67  558  178.00000   42.00000  76.4%  42.9 1040s
 1331743 799951   73.00000   50  587  178.00000   42.00000  76.4%  42.9 1045s
 1337946 805248  159.00000  224  456  178.00000   42.00000  76.4%  42.9 1050s
 1344630 810651   76.00000   43  752  178.00000   42.00000  76.4%  42.9 1055s
 1352158 817253  158.00000   91  535  178.00000   42.00000  76.4%  42.9 1060s
 1361882 823771  148.00000   73  489  178.00000   42.00000  76.4%  42.8 1065s
 1366988 829477   94.00000  138  619  178.00000   42.00000  76.4%  42.8 1070s
 1373300 835139  175.00000  384  230  178.00000   42.00000  76.4%  42.9 1075s
 1381111 840824   80.00000   95  694  178.00000   42.00000  76.4%  42.9 1080s
 1387796 845894 infeasible  346       178.00000   42.00000  76.4%  43.0 1085s
 1392493 850397  115.00000  186  568  178.00000   42.00000  76.4%  43.0 1090s
 1400176 857430  105.00000   66  745  178.00000   42.00000  76.4%  43.0 1095s
 1408594 864203  164.00000  116  595  178.00000   42.00000  76.4%  42.9 1100s
 1415868 870628  164.00000  173  492  178.00000   42.00000  76.4%  42.9 1105s
 1425505 878631  171.00000  103  613  178.00000   42.00000  76.4%  42.8 1111s
 1431273 883472  103.00000  110  498  178.00000   42.27273  76.3%  42.8 1115s
 1439801 889416   95.00000   45  683  178.00000   42.65625  76.0%  42.8 1120s
 1444565 894818  127.00000  172  460  178.00000   42.65625  76.0%  42.8 1125s
 1452912 900294 infeasible  216       178.00000   42.81275  75.9%  42.8 1130s
 1459933 906481 infeasible  266       178.00000   42.81566  75.9%  42.9 1136s
*1460536 823950             323     177.0000000   42.81752  75.8%  42.9 1138s
 1464475 825905  175.00000  271  362  177.00000   42.86667  75.8%  42.9 1140s
 1470607 832203  176.00000  129  430  177.00000   42.86667  75.8%  42.9 1145s
 1477412 836305  115.00000   61  514  177.00000   42.86667  75.8%  42.9 1150s
*1482486 789658             398     176.0000000   42.86667  75.6%  42.9 1154s
 1483989 790350  175.00000  216  553  176.00000   42.86667  75.6%  42.9 1155s
 1489642 795167  112.00000  140  604  176.00000   42.86667  75.6%  42.9 1160s
 1494567 799633  144.00000  267  520  176.00000   43.00000  75.6%  42.9 1165s
 1501574 804346   84.00000   74  710  176.00000   43.00000  75.6%  43.0 1170s
 1508413 811483   81.00000   73  819  176.00000   43.00000  75.6%  42.9 1176s
 1513549 814866   94.00000  136  561  176.00000   43.00000  75.6%  42.9 1180s
 1519893 819566  160.00000  314  380  176.00000   43.00000  75.6%  42.9 1185s
 1526653 826491  174.00000  195  526  176.00000   43.00000  75.6%  42.9 1190s
 1534720 831437  164.00000  131  540  176.00000   43.00000  75.6%  42.9 1195s
 1542073 838460  113.00000  192  589  176.00000   43.00000  75.6%  42.9 1200s
 1549318 844739   81.00000   49  787  176.00000   43.00000  75.6%  42.9 1205s
 1557272 851192  150.00000  105  605  176.00000   43.00000  75.6%  42.9 1210s
 1565113 857734   88.00000   63  652  176.00000   43.00000  75.6%  42.9 1216s
 1571042 862520   91.00000   65  717  176.00000   43.00000  75.6%  42.8 1220s
 1578654 868807  139.00000  172  454  176.00000   43.00000  75.6%  42.9 1226s
 1586627 874260  126.00000  127  562  176.00000   43.00000  75.6%  42.8 1230s
 1591507 879505  170.00000  107  548  176.00000   43.00000  75.6%  42.8 1235s
 1599955 885213 infeasible  132       176.00000   43.00000  75.6%  42.8 1240s
 1607768 892889  175.00000  264  441  176.00000   43.00000  75.6%  42.8 1245s
 1615400 899239  101.00000   85  644  176.00000   43.00000  75.6%  42.8 1250s
 1622770 905544  168.00000   69  586  176.00000   43.00000  75.6%  42.8 1255s
 1631199 911023  154.00000   67  635  176.00000   43.00000  75.6%  42.8 1261s
 1637503 917255  162.00000  193  513  176.00000   43.00000  75.6%  42.7 1265s
 1645791 924211  175.00000  307  426  176.00000   43.00000  75.6%  42.7 1270s
 1651922 928216  104.00000   78  632  176.00000   43.00000  75.6%  42.7 1275s
 1660391 934989   78.00000   51  624  176.00000   43.00000  75.6%  42.7 1280s
 1667203 942074  156.00000   73  504  176.00000   43.00000  75.6%  42.7 1285s
 1674371 946617  167.00000  139  604  176.00000   43.00000  75.6%  42.7 1290s
 1682436 954269  165.00000  130  683  176.00000   43.00000  75.6%  42.6 1295s
 1688348 959307  142.00000  116  455  176.00000   43.13043  75.5%  42.7 1300s
 1695862 964542  123.00000  130  486  176.00000   43.13043  75.5%  42.7 1305s
 1702119 970490  175.00000  282  323  176.00000   43.13043  75.5%  42.7 1310s
 1709646 975560  173.00000  174  557  176.00000   43.13043  75.5%  42.7 1315s
 1716554 982647  164.00000  117  474  176.00000   43.27882  75.4%  42.7 1320s
 1721163 991246   89.00000   55  640  176.00000   43.57778  75.2%  42.7 1327s
 1730971 994060   99.00000   99  540  176.00000   44.00000  75.0%  42.7 1330s
 1738828 1001001 infeasible  333       176.00000   44.00000  75.0%  42.7 1335s
 1742799 1008232  143.00000   74  527  176.00000   44.00000  75.0%  42.7 1341s
 1755385 1014518   92.00000  153  663  176.00000   44.00000  75.0%  42.7 1345s
 1761109 1018910  162.00000  328  376  176.00000   44.00000  75.0%  42.7 1350s
 1766787 1023814   56.00000   36  766  176.00000   44.00000  75.0%  42.7 1355s
 1775008 1030456   79.00000   26  393  176.00000   44.00000  75.0%  42.7 1360s
 1782373 1037303  117.00000  233  408  176.00000   44.00000  75.0%  42.7 1365s
 1784819 1044404  158.00000  298  363  176.00000   44.00000  75.0%  42.7 1370s
 1796851 1048767 infeasible  215       176.00000   44.00000  75.0%  42.7 1375s
 1805246 1056174   65.00000   37  503  176.00000   44.00000  75.0%  42.6 1380s
 1815264 1064614  116.00000  120  686  176.00000   44.00000  75.0%  42.6 1385s
 1822664 1070254  168.00000  201  548  176.00000   44.00000  75.0%  42.5 1390s
 1830735 1077487   68.00000   40  668  176.00000   44.00000  75.0%  42.5 1395s
 1836374 1082234   92.00000   41  659  176.00000   44.00000  75.0%  42.6 1400s
 1845359 1089495  175.00000  179  426  176.00000   44.00000  75.0%  42.5 1405s
 1853724 1096315   44.00000   29  986  176.00000   44.00000  75.0%  42.5 1410s
 1862132 1102980  146.50000  134  586  176.00000   44.00000  75.0%  42.4 1415s
 1869489 1109533  169.00000  102  648  176.00000   44.00000  75.0%  42.4 1420s
 1879086 1117137   70.00000   49  694  176.00000   44.00000  75.0%  42.4 1425s
 1886494 1123709  174.00000  219  440  176.00000   44.00000  75.0%  42.4 1430s
*1886751 1023926             436     175.0000000   44.00000  74.9%  42.4 1432s
 1891485 1027725  112.00000   53  555  175.00000   44.00000  74.9%  42.4 1436s
*1894615 973915             478     174.0000000   44.00000  74.7%  42.4 1439s
 1896301 975611  146.00000   80  633  174.00000   44.00000  74.7%  42.4 1440s
 1905183 982757   83.00000   62  774  174.00000   44.00000  74.7%  42.4 1446s
 1913372 987720 infeasible  292       174.00000   44.00000  74.7%  42.3 1450s
 1919877 994761  136.00000  183  608  174.00000   44.00000  74.7%  42.3 1455s
 1927269 1000486  112.00000   56  525  174.00000   44.00000  74.7%  42.3 1460s
 1934344 1006994  148.00000  180  506  174.00000   44.00000  74.7%  42.4 1465s
*1941038 967032             359     173.0000000   44.00000  74.6%  42.3 1469s
 1941442 968569  115.00000   57  554  173.00000   44.00000  74.6%  42.3 1470s
 1948556 973291  171.00000  190  551  173.00000   44.00000  74.6%  42.3 1475s
 1956643 980904  170.00000  102  486  173.00000   44.00000  74.6%  42.3 1480s
 1963795 985746   77.00000   60  707  173.00000   44.00000  74.6%  42.3 1485s
 1973294 993612  147.00000   79  450  173.00000   44.00000  74.6%  42.3 1491s
 1973697 1000973  154.00000  111  528  173.00000   44.00000  74.6%  42.3 1495s
 1988274 1006394  141.00000   86  620  173.00000   44.00000  74.6%  42.2 1500s
 1996313 1013540   93.00000   95  682  173.00000   44.00000  74.6%  42.2 1505s
 2005079 1019553   68.00000   42  581  173.00000   44.00000  74.6%  42.2 1510s
 2012630 1027060   94.00000   68  644  173.00000   44.00000  74.6%  42.1 1515s
 2019230 1032436  171.00000  151  560  173.00000   44.00000  74.6%  42.1 1520s
 2029097 1040786 infeasible  329       173.00000   44.00000  74.6%  42.1 1525s
 2035297 1045944   82.00000   58  642  173.00000   44.00000  74.6%  42.1 1531s
 2041797 1049737  164.00000  158  541  173.00000   44.00000  74.6%  42.1 1535s
 2049985 1057257   52.00000   36  851  173.00000   44.00000  74.6%  42.1 1540s
 2057428 1064347  122.00000  142  614  173.00000   44.00000  74.6%  42.1 1545s
 2067092 1071797  171.00000  203  547  173.00000   44.00000  74.6%  42.1 1550s
 2074356 1077450   89.00000   74  576  173.00000   44.00000  74.6%  42.0 1555s
 2081722 1083876  116.00000  241  592  173.00000   44.00000  74.6%  42.1 1561s
 2087354 1088798  127.70833   49  733  173.00000   44.00000  74.6%  42.1 1565s
 2096083 1095547  139.00000  115  666  173.00000   44.00000  74.6%  42.0 1570s
 2102636 1101783  130.00000   73  526  173.00000   44.00000  74.6%  42.1 1576s
 2110420 1107644  138.00000  152  366  173.00000   44.00000  74.6%  42.1 1581s
 2116483 1112994  167.00000  387  209  173.00000   44.00000  74.6%  42.1 1585s
 2124209 1118015  170.00000  174  472  173.00000   44.00000  74.6%  42.1 1590s
 2132084 1125896  172.00000  161  456  173.00000   44.00000  74.6%  42.1 1595s
 2139407 1131636   87.00000   43  756  173.00000   44.00000  74.6%  42.1 1600s
 2145483 1137142  167.00000   82  508  173.00000   44.00000  74.6%  42.1 1605s
 2152488 1142787  171.00000  208  341  173.00000   44.00000  74.6%  42.1 1610s
 2158540 1147456  122.00000  139  490  173.00000   44.00000  74.6%  42.1 1615s
 2162180 1156154  169.00000  281  322  173.00000   44.00000  74.6%  42.2 1622s
 2172722 1159169 infeasible  294       173.00000   44.00000  74.6%  42.1 1625s
 2179645 1165045  138.00000  123  634  173.00000   44.00000  74.6%  42.2 1630s
 2189120 1171949 infeasible  237       173.00000   44.00000  74.6%  42.2 1635s
 2194004 1176770   78.00000   38  698  173.00000   44.00000  74.6%  42.2 1640s
 2201860 1183817   72.32186   40  571  173.00000   44.00000  74.6%  42.2 1645s
 2207758 1189300  132.00000  105  585  173.00000   44.00000  74.6%  42.2 1650s
 2216501 1195774  172.00000  158  384  173.00000   44.00000  74.6%  42.1 1656s
 2222677 1201000  130.00000  144  578  173.00000   44.00000  74.6%  42.1 1660s
 2230578 1207541  171.00000  173  533  173.00000   44.00000  74.6%  42.1 1665s
 2239576 1214997  165.00000  179  506  173.00000   44.00000  74.6%  42.1 1670s
 2248232 1221567  171.00000  149  483  173.00000   44.00000  74.6%  42.1 1675s
*2249701 1144616             416     172.0000000   44.00000  74.4%  42.1 1678s
 2250845 1146624   76.00000   61  715  172.00000   44.00000  74.4%  42.1 1680s
 2257994 1150920  103.00000  133  649  172.00000   44.00000  74.4%  42.1 1685s
 2264801 1156396  141.00000  111  541  172.00000   44.00000  74.4%  42.1 1690s
 2272628 1162697  123.00000   92  499  172.00000   44.00000  74.4%  42.1 1696s
 2279935 1169233  164.00000  312  252  172.00000   44.00000  74.4%  42.1 1700s
 2287843 1176260  164.00000  155  426  172.00000   44.00000  74.4%  42.1 1705s
 2295910 1182145  171.00000   83  516  172.00000   44.00000  74.4%  42.1 1710s
 2301953 1187893   65.00000   50  785  172.00000   44.00000  74.4%  42.1 1716s
 2308263 1192538  169.00000  165  609  172.00000   44.00000  74.4%  42.1 1720s
 2315416 1198813   82.00000   73  631  172.00000   44.00000  74.4%  42.1 1725s
 2321034 1203211  105.02169  207  521  172.00000   44.00000  74.4%  42.1 1730s
 2328545 1209936  142.00000   63  549  172.00000   44.00000  74.4%  42.2 1735s
 2338159 1216370 infeasible  217       172.00000   44.00000  74.4%  42.2 1741s
 2344439 1222832  104.00000  106  661  172.00000   44.00000  74.4%  42.1 1745s
 2354501 1231095  130.00000  115  569  172.00000   44.00000  74.4%  42.1 1750s
 2362121 1237222  171.00000  258  544  172.00000   44.00000  74.4%  42.1 1755s
 2368039 1242351   98.00000  134  533  172.00000   44.00000  74.4%  42.1 1760s
 2375770 1248113  151.00000  312  559  172.00000   44.00000  74.4%  42.1 1765s
*2377664 1182401             334     171.0000000   44.00000  74.3%  42.1 1768s
 2378080 1184525  170.00000  376  377  171.00000   44.00000  74.3%  42.1 1770s
 2387196 1191455  170.00000  175  515  171.00000   44.00000  74.3%  42.1 1775s
 2396271 1198574  155.00000  147  575  171.00000   44.00000  74.3%  42.1 1781s
 2404053 1204520   66.50000   44  781  171.00000   44.00000  74.3%  42.1 1785s
 2411481 1209662 infeasible  210       171.00000   44.00000  74.3%  42.1 1791s
 2417416 1215530  167.00000  151  540  171.00000   44.00000  74.3%  42.1 1795s
 2427800 1223225   57.00000   42  848  171.00000   44.00000  74.3%  42.1 1800s
 2435644 1229530  119.00000   78  611  171.00000   44.00000  74.3%  42.0 1805s
 2443646 1236112  170.00000  255  422  171.00000   44.00000  74.3%  42.0 1810s
 2450307 1242407  160.00000  142  592  171.00000   44.00000  74.3%  42.0 1815s
 2458250 1248208  141.00000  131  580  171.00000   44.00000  74.3%  42.0 1820s
 2466415 1255172  121.00000   80  687  171.00000   44.00000  74.3%  42.0 1825s
 2472404 1259928  168.00000  170  528  171.00000   44.00000  74.3%  42.0 1830s
 2480897 1267451  118.00000  112  668  171.00000   44.00000  74.3%  42.0 1835s
 2489536 1273981   77.00000   65  654  171.00000   44.00000  74.3%  41.9 1840s
 2498896 1280918  142.00000  140  466  171.00000   44.00000  74.3%  41.9 1846s
 2505001 1285702  159.00000  204  645  171.00000   44.00000  74.3%  41.9 1850s
 2513967 1293296  112.00000  225  531  171.00000   44.00000  74.3%  41.9 1855s
 2519486 1297819   56.00000   45  792  171.00000   44.00000  74.3%  41.9 1860s
 2527721 1305840   63.00000   39  852  171.00000   44.00000  74.3%  41.9 1865s
 2535078 1311235   51.00000   51  857  171.00000   44.00000  74.3%  41.9 1870s
 2539292 1315696  165.00000  121  538  171.00000   44.00000  74.3%  41.9 1875s
 2545258 1323022  115.00000  176  436  171.00000   44.00000  74.3%  42.0 1881s
 2552573 1326583  167.00000  346  335  171.00000   44.00000  74.3%  42.0 1885s
 2560962 1334218   66.00000   52  595  171.00000   44.00000  74.3%  41.9 1890s
 2565482 1341818   88.00000   55  724  171.00000   44.00000  74.3%  41.9 1897s
 2574572 1345259   90.00000   54  671  171.00000   44.00000  74.3%  42.0 1900s
 2581165 1350855  170.00000  239  398  171.00000   44.00000  74.3%  42.0 1905s
 2589377 1356660   93.08163   72  694  171.00000   44.00000  74.3%  42.0 1910s
 2595043 1362647  149.00000  306  483  171.00000   44.00000  74.3%  42.0 1915s
 2601490 1367426   66.00000   45  757  171.00000   44.00000  74.3%  42.0 1920s
 2607366 1376959  108.00000  172  458  171.00000   44.00000  74.3%  42.0 1927s
 2617491 1380266     cutoff  215       171.00000   44.00000  74.3%  42.1 1931s
 2623561 1386778  122.00000  108  569  171.00000   44.00000  74.3%  42.1 1935s
 2632103 1393294   84.00000   43  740  171.00000   44.00000  74.3%  42.0 1940s
 2641906 1401269  156.00000  104  617  171.00000   44.00000  74.3%  42.0 1945s
 2649420 1406867  170.00000  224  513  171.00000   44.26667  74.1%  42.0 1950s
 2655393 1412706  101.00000   49  619  171.00000   44.31148  74.1%  42.0 1955s
 2664515 1418667  127.00000   71  674  171.00000   44.45652  74.0%  42.0 1960s
 2670325 1425004  169.00000  179  512  171.00000   44.45652  74.0%  42.0 1965s
 2678211 1430065  170.00000  126  346  171.00000   44.62921  73.9%  42.0 1971s
 2683876 1434618   90.00000   52  662  171.00000   44.81566  73.8%  42.0 1975s
 2691573 1441007 infeasible  225       171.00000   44.81566  73.8%  42.1 1980s
 2691951 1448080  158.00000  233  622  171.00000   45.00000  73.7%  42.1 1985s
*2702724 1354072             414     170.0000000   45.00000  73.5%  42.1 1990s
 2708631 1357960  115.00000  134  497  170.00000   45.00000  73.5%  42.1 1995s
 2712512 1362542 infeasible  253       170.00000   45.00000  73.5%  42.1 2000s
 2718082 1366347   52.00000   35  735  170.00000   45.00000  73.5%  42.1 2006s
 2723133 1371954   92.00000   80  629  170.00000   45.00000  73.5%  42.1 2010s
 2730300 1377791  168.00000  172  543  170.00000   45.00000  73.5%  42.1 2015s
 2738354 1383778  107.00000   72  537  170.00000   45.00000  73.5%  42.1 2021s
 2743190 1387889   87.00000   93  602  170.00000   45.00000  73.5%  42.1 2025s
 2751574 1393859  150.00000  167  623  170.00000   45.00000  73.5%  42.2 2031s
 2755479 1398626   74.00000   60  682  170.00000   45.00000  73.5%  42.2 2035s
*2758809 1339103             397     169.0000000   45.00000  73.4%  42.2 2039s
*2758822 1291691             399     168.0000000   45.00000  73.2%  42.2 2039s
 2759010 1293051     cutoff  299       168.00000   45.00000  73.2%  42.2 2041s
 2764720 1296806  159.00000  112  528  168.00000   45.00000  73.2%  42.2 2045s
 2771114 1303150  163.00000  198  660  168.00000   45.00000  73.2%  42.2 2051s
 2777699 1308608   70.00000   39  746  168.00000   45.00000  73.2%  42.2 2056s
 2784102 1313304   96.00000   65  565  168.00000   45.00000  73.2%  42.1 2060s
 2791407 1319549  166.00000  198  426  168.00000   45.00000  73.2%  42.1 2065s
 2799458 1325747  167.00000  288  348  168.00000   45.00000  73.2%  42.1 2070s
 2806378 1332325  141.00000  221  390  168.00000   45.00000  73.2%  42.1 2076s
 2812985 1337463  167.00000  181  481  168.00000   45.00000  73.2%  42.1 2081s
 2819215 1342096  146.00000  121  652  168.00000   45.00000  73.2%  42.1 2085s
 2824739 1347425  165.00000   95  462  168.00000   45.00000  73.2%  42.1 2091s
 2831736 1352670  101.00000   46  680  168.00000   45.00000  73.2%  42.1 2095s
 2838854 1357710   91.00000   78  680  168.00000   45.00000  73.2%  42.1 2100s
 2842093 1364988  116.00000  161  617  168.00000   45.00000  73.2%  42.1 2106s
 2850943 1368971  145.00000  107  643  168.00000   45.00000  73.2%  42.1 2110s
 2856882 1373892  167.00000  212  512  168.00000   45.00000  73.2%  42.1 2115s
 2863671 1378230  119.00000  134  717  168.00000   45.00000  73.2%  42.1 2120s
 2870413 1383933   57.00000   41  678  168.00000   45.00000  73.2%  42.2 2125s
 2876807 1390497  109.00000   79  533  168.00000   45.00000  73.2%  42.2 2130s
 2883286 1396185  167.00000  283  255  168.00000   45.00000  73.2%  42.2 2135s
 2890860 1401889  119.00000  194  625  168.00000   45.00000  73.2%  42.2 2140s
 2895941 1406727   84.00000   58  701  168.00000   45.00000  73.2%  42.2 2145s
 2902462 1412234  165.00000  132  522  168.00000   45.00000  73.2%  42.2 2151s
 2905196 1416989  104.00000   67  705  168.00000   45.00000  73.2%  42.2 2156s
 2912271 1420681   71.00000   58  617  168.00000   45.00000  73.2%  42.2 2160s
 2921026 1426303  157.00000  365  376  168.00000   45.00000  73.2%  42.2 2165s
 2927333 1432579  167.00000  265  494  168.00000   45.00000  73.2%  42.2 2170s
 2935077 1438672 infeasible  209       168.00000   45.00000  73.2%  42.2 2175s
 2940632 1443460   74.00000   35  585  168.00000   45.00000  73.2%  42.3 2180s
 2947067 1449249  154.00000   70  514  168.00000   45.00000  73.2%  42.3 2185s
 2953272 1454414  167.00000  171  448  168.00000   45.00000  73.2%  42.3 2190s
 2959704 1458690 infeasible  280       168.00000   45.00000  73.2%  42.3 2195s
 2965010 1464131   79.00000   42  674  168.00000   45.00000  73.2%  42.3 2200s
 2971045 1469181  113.00000   82  618  168.00000   45.00000  73.2%  42.3 2205s
 2977767 1474899  119.00000  118  422  168.00000   45.00000  73.2%  42.3 2210s
 2982996 1479014  136.00000  313  492  168.00000   45.00000  73.2%  42.3 2215s
 2988940 1484236  160.00000  123  483  168.00000   45.00000  73.2%  42.3 2221s
 2993394 1487537  112.00000   48  560  168.00000   45.00000  73.2%  42.3 2225s
 2998677 1492065   56.00000   57  848  168.00000   45.00000  73.2%  42.3 2230s
 3006388 1497066  161.00000  115  524  168.00000   45.00000  73.2%  42.3 2235s
 3013052 1503393  167.00000  249  313  168.00000   45.00000  73.2%  42.3 2240s
 3018837 1507831 infeasible  185       168.00000   45.00000  73.2%  42.3 2245s
 3026942 1514645  164.00000  270  516  168.00000   45.00000  73.2%  42.3 2250s
 3033955 1520527   75.00000   74  617  168.00000   45.00000  73.2%  42.3 2255s
 3042676 1526874   90.00000   50  630  168.00000   45.00000  73.2%  42.3 2261s
 3048788 1532987  160.00000   89  653  168.00000   45.00000  73.2%  42.3 2265s
 3057294 1539824  145.00000   74  552  168.00000   45.00000  73.2%  42.3 2270s
 3065350 1545247   91.00000  145  540  168.00000   45.00000  73.2%  42.3 2275s
 3070745 1550953  138.00000  286  386  168.00000   45.00000  73.2%  42.3 2280s
 3078284 1558369  151.00000  183  700  168.00000   45.00000  73.2%  42.3 2286s
 3085206 1562382  127.00000   69  682  168.00000   45.00000  73.2%  42.3 2290s
 3092926 1568319  166.00000  151  406  168.00000   45.00000  73.2%  42.3 2295s
 3100734 1574238   46.00000   43  867  168.00000   45.00000  73.2%  42.3 2300s
 3109824 1581369  156.00000  201  623  168.00000   45.00000  73.2%  42.3 2305s
 3117606 1587821  152.00000  122  640  168.00000   45.00000  73.2%  42.3 2310s
 3123858 1593896  165.00000  151  641  168.00000   45.00000  73.2%  42.3 2315s
 3130996 1600215   87.00000   59  685  168.00000   45.00000  73.2%  42.3 2320s
 3138661 1606406   98.00000   43  580  168.00000   45.00000  73.2%  42.2 2325s
 3147689 1612980  105.00000   47  594  168.00000   45.00000  73.2%  42.2 2330s
 3153652 1618429  166.00000  181  477  168.00000   45.00000  73.2%  42.3 2336s
 3159290 1623535   45.00000   48 1127  168.00000   45.00000  73.2%  42.3 2341s
 3165331 1628522  161.00000   60  536  168.00000   45.00000  73.2%  42.3 2346s
 3172409 1634603  131.00000   46  588  168.00000   45.00000  73.2%  42.3 2350s
 3180668 1640507   70.00000   46  843  168.00000   45.00000  73.2%  42.3 2355s
 3184625 1648704   82.00000   47  782  168.00000   45.00000  73.2%  42.3 2361s
 3196201 1653190   90.20013   58  665  168.00000   45.00000  73.2%  42.3 2365s
 3203303 1659561  167.00000  328  330  168.00000   45.00000  73.2%  42.3 2370s
 3211580 1666390  147.00000  184  525  168.00000   45.00000  73.2%  42.3 2375s
 3217505 1670895 infeasible  333       168.00000   45.00000  73.2%  42.3 2380s
 3224148 1676853  131.00000  244  604  168.00000   45.00000  73.2%  42.3 2385s
 3230019 1682760  167.00000  247  301  168.00000   45.00000  73.2%  42.3 2390s
 3239198 1688828  163.00000  177  510  168.00000   45.00000  73.2%  42.3 2395s
 3245868 1694594  154.00000   69  706  168.00000   45.00000  73.2%  42.3 2401s
 3253121 1699466  161.00000  249  484  168.00000   45.00000  73.2%  42.3 2405s
 3259202 1705931   67.00000   58  832  168.00000   45.00000  73.2%  42.3 2410s
 3265990 1710617  106.00000  125  465  168.00000   45.00000  73.2%  42.3 2415s
 3271590 1716157  138.00000  307  333  168.00000   45.00000  73.2%  42.3 2420s
 3276152 1719973 infeasible   95       168.00000   45.00000  73.2%  42.3 2425s
 3282612 1725462  138.00000  241  529  168.00000   45.00000  73.2%  42.4 2431s
 3290522 1730768  157.00000  108  538  168.00000   45.00000  73.2%  42.3 2436s
 3298337 1737424   51.00000   37  821  168.00000   45.00000  73.2%  42.3 2440s
 3302960 1741026  128.00000  172  585  168.00000   45.00000  73.2%  42.4 2445s
 3309730 1747741  103.00000   59  625  168.00000   45.00000  73.2%  42.4 2450s
 3315450 1753318  129.00000  216  651  168.00000   45.00000  73.2%  42.4 2455s
 3324051 1759680  113.00000   55  644  168.00000   45.00000  73.2%  42.3 2460s
 3332482 1765400  120.00000  134  649  168.00000   45.00000  73.2%  42.3 2466s
 3332940 1772045  120.00000  141  611  168.00000   45.00000  73.2%  42.3 2470s
 3346038 1777559  114.00000   50  433  168.00000   45.00000  73.2%  42.3 2475s
 3352996 1783211   88.00000   45  760  168.00000   45.00000  73.2%  42.3 2481s
 3359660 1789245  160.00000  199  566  168.00000   45.00000  73.2%  42.3 2485s
 3367458 1794536  165.00000  105  541  168.00000   45.00000  73.2%  42.3 2490s
 3375995 1801274  167.00000   98  479  168.00000   45.00000  73.2%  42.3 2495s
 3383946 1808544  154.00000  146  643  168.00000   45.00000  73.2%  42.3 2500s
 3390472 1812989  147.00000  140  596  168.00000   45.27273  73.1%  42.3 2505s
 3395200 1821366  165.00000  188  562  168.00000   45.27273  73.1%  42.3 2512s
 3403960 1823682  163.00000  180  618  168.00000   45.44828  72.9%  42.3 2515s
 3411954 1830269  136.00000   54  527  168.00000   45.70681  72.8%  42.3 2520s
 3420073 1836879     cutoff  125       168.00000   45.86047  72.7%  42.3 2525s
 3424456 1841908   99.00000   63  627  168.00000   45.86047  72.7%  42.3 2530s
 3430738 1847010   46.00000   41  958  168.00000   45.86047  72.7%  42.3 2535s
 3438698 1853581 infeasible   66       168.00000   46.00000  72.6%  42.3 2540s
 3444315 1858291   79.00000   55  654  168.00000   46.00000  72.6%  42.3 2545s
 3451888 1865249  146.00000   69  677  168.00000   46.00000  72.6%  42.3 2550s
 3458525 1869386  150.00000   94  595  168.00000   46.00000  72.6%  42.3 2555s
 3467479 1876539  138.00000   56  592  168.00000   46.00000  72.6%  42.3 2560s
 3473447 1882651  100.00000   68  645  168.00000   46.00000  72.6%  42.3 2565s
 3480269 1888396  167.00000  297  378  168.00000   46.00000  72.6%  42.3 2570s
 3486814 1894271  131.00000  276  486  168.00000   46.00000  72.6%  42.4 2575s
 3494114 1899488  166.00000  128  586  168.00000   46.00000  72.6%  42.4 2580s
 3500266 1904762  142.00000  206  660  168.00000   46.00000  72.6%  42.4 2585s
 3508579 1911514   69.00000   58  717  168.00000   46.00000  72.6%  42.4 2590s
 3515319 1916260  145.00000  267  568  168.00000   46.00000  72.6%  42.4 2595s
 3522006 1923241  158.00000  175  574  168.00000   46.00000  72.6%  42.4 2600s
 3530406 1929968  112.00000   60  616  168.00000   46.00000  72.6%  42.4 2605s
 3538348 1936090  167.00000  197  331  168.00000   46.00000  72.6%  42.4 2610s
 3544965 1942102  122.00000   72  679  168.00000   46.00000  72.6%  42.4 2615s
 3553441 1948982  167.00000  353  370  168.00000   46.00000  72.6%  42.4 2621s
 3560396 1954910   99.00000   88  701  168.00000   46.00000  72.6%  42.4 2625s
 3567919 1960345   92.00000   68  725  168.00000   46.00000  72.6%  42.4 2630s
 3573151 1965731  161.00000  181  558  168.00000   46.00000  72.6%  42.4 2635s
 3581212 1972345   87.00000   56  844  168.00000   46.00000  72.6%  42.4 2640s
 3587718 1977824 infeasible  228       168.00000   46.00000  72.6%  42.4 2645s
 3593509 1982633  161.00000  100  563  168.00000   46.00000  72.6%  42.4 2650s
 3602657 1990276   82.00000   76  762  168.00000   46.00000  72.6%  42.4 2656s
 3610620 1995125   72.00000   45  692  168.00000   46.00000  72.6%  42.3 2660s
 3617039 2002301   81.00000   42  523  168.00000   46.00000  72.6%  42.4 2665s
 3625051 2008507   95.00000   70  774  168.00000   46.00000  72.6%  42.4 2670s
 3631120 2014403  167.00000  244  260  168.00000   46.00000  72.6%  42.4 2675s
 3641521 2020338   56.00000   46  862  168.00000   46.00000  72.6%  42.3 2680s
 3648318 2026183  117.00000   79  625  168.00000   46.00000  72.6%  42.4 2685s
 3654278 2032029  131.00000   71  504  168.00000   46.00000  72.6%  42.4 2690s
 3661009 2037395  159.00000  173  591  168.00000   46.00000  72.6%  42.4 2695s
 3668223 2043351  163.00000  144  494  168.00000   46.00000  72.6%  42.4 2700s
 3673693 2048842  164.00000  101  454  168.00000   46.00000  72.6%  42.4 2706s
 3682464 2053767   91.00000   50  642  168.00000   46.00000  72.6%  42.4 2711s
 3686810 2058788  144.00000  193  453  168.00000   46.00000  72.6%  42.4 2715s
 3693333 2063567  160.00000  196  603  168.00000   46.00000  72.6%  42.4 2720s
 3700793 2068798  167.00000  162  540  168.00000   46.00000  72.6%  42.4 2725s
 3703734 2072533   81.00000   52  511  168.00000   46.00000  72.6%  42.4 2730s
 3710371 2077953  105.00000   88  553  168.00000   46.00000  72.6%  42.4 2735s
 3718687 2084971 infeasible  281       168.00000   46.00000  72.6%  42.4 2740s
 3726215 2090864   56.00000   50  636  168.00000   46.00000  72.6%  42.4 2745s
 3732558 2096581  127.00000   92  640  168.00000   46.00000  72.6%  42.4 2751s
 3738540 2102027  163.00000  242  478  168.00000   46.00000  72.6%  42.4 2755s
 3745098 2107137  167.00000  236  379  168.00000   46.00000  72.6%  42.4 2760s
 3752573 2112000  154.00000   98  634  168.00000   46.00000  72.6%  42.4 2765s
 3757697 2119623  149.00000  179  570  168.00000   46.00000  72.6%  42.4 2772s
 3765809 2123221   99.00000   54  630  168.00000   46.00000  72.6%  42.4 2775s
 3772626 2129681 infeasible  217       168.00000   46.00000  72.6%  42.4 2780s
 3779800 2135139  108.00000  191  600  168.00000   46.00000  72.6%  42.4 2785s
 3785176 2140097  153.00000  331  400  168.00000   46.00000  72.6%  42.4 2790s
 3792707 2146256  115.00000  177  570  168.00000   46.00000  72.6%  42.4 2795s
 3799977 2151140  164.00000  153  592  168.00000   46.00000  72.6%  42.5 2800s
 3809337 2159497   65.00000   49  727  168.00000   46.00000  72.6%  42.4 2806s
 3814721 2163972  112.00000   48  708  168.00000   46.00000  72.6%  42.4 2810s
 3821887 2173163  167.00000  232  449  168.00000   46.00000  72.6%  42.4 2817s
 3829180 2176110  166.00000  273  502  168.00000   46.00000  72.6%  42.5 2820s
 3838059 2182176  110.00000   68  643  168.00000   46.00000  72.6%  42.4 2825s
 3843571 2188012  115.00000   92  525  168.00000   46.00000  72.6%  42.5 2830s
 3849419 2193308  161.00000  229  367  168.00000   46.00000  72.6%  42.5 2835s
 3856485 2198771  127.00000  108  717  168.00000   46.00000  72.6%  42.5 2840s
 3861805 2203464  121.00000   59  662  168.00000   46.00000  72.6%  42.5 2845s
 3869954 2209054  151.00000   98  686  168.00000   46.00000  72.6%  42.5 2850s
 3877571 2215512   80.00000   38  661  168.00000   46.00000  72.6%  42.5 2855s
 3884007 2221408  131.00000  146  615  168.00000   46.00000  72.6%  42.5 2860s
 3891666 2228072   87.00000   53  711  168.00000   46.00000  72.6%  42.5 2865s
 3899288 2233997  133.00000  127  606  168.00000   46.00000  72.6%  42.5 2870s
 3906177 2239244  100.00000   77  866  168.00000   46.00000  72.6%  42.5 2875s
 3912512 2245451   73.00000   50  709  168.00000   46.00000  72.6%  42.5 2880s
 3919094 2250797   80.00000   58  708  168.00000   46.00000  72.6%  42.5 2885s
 3925809 2256427  122.00000  295  480  168.00000   46.00000  72.6%  42.5 2890s
 3935218 2263496   46.00000   40  753  168.00000   46.00000  72.6%  42.5 2895s
 3944727 2271369   78.00000   59  704  168.00000   46.00000  72.6%  42.5 2900s
 3946782 2277450  162.00000  167  509  168.00000   46.00000  72.6%  42.5 2905s
 3957950 2281555  158.00000   90  707  168.00000   46.00000  72.6%  42.5 2911s
 3964538 2286766  115.00000  100  597  168.00000   46.00000  72.6%  42.5 2915s
 3970431 2292772   51.38462   51  963  168.00000   46.00000  72.6%  42.5 2920s
 3979441 2299594   65.00000   47  642  168.00000   46.00000  72.6%  42.5 2925s
 3985586 2305560  167.00000  366  346  168.00000   46.00000  72.6%  42.5 2930s
 3991407 2311324   71.00000   69  731  168.00000   46.00000  72.6%  42.5 2936s
 3998476 2316374  159.00000  178  704  168.00000   46.00000  72.6%  42.5 2940s
 4007591 2322463  137.00000  172  518  168.00000   46.00000  72.6%  42.5 2945s
 4014854 2329908  166.00000  147  441  168.00000   46.00000  72.6%  42.5 2950s
 4023223 2335780  167.00000  114  571  168.00000   46.00000  72.6%  42.5 2955s
 4029898 2342534  167.00000  254  206  168.00000   46.00000  72.6%  42.5 2960s
 4037798 2349116  114.00000   62  579  168.00000   46.00000  72.6%  42.5 2965s
 4043735 2353799  167.00000  189  545  168.00000   46.00000  72.6%  42.5 2970s
 4052210 2360854   98.00000   68  562  168.00000   46.00000  72.6%  42.5 2975s
 4062038 2367013  127.00000   52  643  168.00000   46.00000  72.6%  42.5 2980s
 4069285 2372973 infeasible  212       168.00000   46.00000  72.6%  42.5 2985s
 4076654 2380369  166.00000  170  585  168.00000   46.00000  72.6%  42.5 2991s
 4081702 2384341   74.00000   53  745  168.00000   46.00000  72.6%  42.5 2995s
 4088856 2391229  131.00000  292  353  168.00000   46.00000  72.6%  42.6 3001s
 4096913 2396731  126.00000  103  680  168.00000   46.00000  72.6%  42.6 3006s
 4104262 2402379  150.00000  122  585  168.00000   46.00000  72.6%  42.6 3010s
 4112003 2409207  107.00000  106  629  168.00000   46.00000  72.6%  42.6 3015s
 4118969 2420968   98.00000   51  620  168.00000   46.00000  72.6%  42.6 3023s
 4127368 2423266  132.00000  125  595  168.00000   46.00000  72.6%  42.6 3026s
 4135774 2430031  167.00000  243  448  168.00000   46.00000  72.6%  42.6 3030s
 4143586 2436221  129.00000  128  588  168.00000   46.00000  72.6%  42.5 3035s
 4152785 2443718   99.00000  166  602  168.00000   46.00000  72.6%  42.5 3040s
 4159807 2449312  149.00000  154  699  168.00000   46.00000  72.6%  42.6 3045s
 4167263 2456213  116.00000   61  764  168.00000   46.00000  72.6%  42.6 3050s
 4174315 2460613   56.00000   52  851  168.00000   46.00000  72.6%  42.6 3055s
 4182343 2466888  134.00000   74  681  168.00000   46.00000  72.6%  42.6 3060s
 4190074 2474392  166.00000  232  391  168.00000   46.00000  72.6%  42.6 3065s
 4195516 2478015  106.00000   61  641  168.00000   46.00000  72.6%  42.6 3070s
 4201733 2484580  159.00000  138  530  168.00000   46.00000  72.6%  42.6 3075s
 4208873 2489861 infeasible  215       168.00000   46.00000  72.6%  42.6 3080s
 4218539 2497758  117.00000  105  619  168.00000   46.00000  72.6%  42.6 3085s
 4224279 2502353   64.00000   40  657  168.00000   46.00000  72.6%  42.6 3090s
 4232231 2508164   56.00000   42  901  168.00000   46.00000  72.6%  42.6 3095s
 4238417 2514614   86.00000   97  597  168.00000   46.00000  72.6%  42.6 3100s
 4245936 2520751   74.00000   49  692  168.00000   46.00000  72.6%  42.6 3105s
 4251138 2525876  145.00000  182  518  168.00000   46.00000  72.6%  42.6 3110s
 4261091 2532374  158.00000  104  525  168.00000   46.00000  72.6%  42.6 3115s
 4268701 2538709   77.00000   42  656  168.00000   46.00000  72.6%  42.6 3120s
 4276653 2546175   92.00000   61  582  168.00000   46.00000  72.6%  42.6 3125s
 4283902 2551883  162.00000  142  592  168.00000   46.00000  72.6%  42.6 3130s
 4290022 2556167   95.00000  133  562  168.00000   46.00000  72.6%  42.6 3136s
 4290451 2562444   86.00000  162  599  168.00000   46.00000  72.6%  42.6 3140s
 4302530 2567309  157.00000  145  597  168.00000   46.00000  72.6%  42.6 3145s
 4308406 2572030   97.00000   66  543  168.00000   46.00000  72.6%  42.6 3150s
 4317565 2578244  113.00000   65  500  168.00000   46.00000  72.6%  42.6 3155s
 4322320 2583267  113.00000   96  489  168.00000   46.00000  72.6%  42.6 3160s
 4329853 2589810   48.00000   60  886  168.00000   46.00000  72.6%  42.6 3165s
 4334970 2593857   93.00000  193  605  168.00000   46.00000  72.6%  42.6 3170s
 4341434 2600121   87.00000   82  688  168.00000   46.00000  72.6%  42.6 3175s
 4349301 2604930  159.00000  282  532  168.00000   46.00000  72.6%  42.6 3180s
 4356987 2612374 infeasible  215       168.00000   46.00000  72.6%  42.6 3186s
 4361374 2615792  120.00000   83  498  168.00000   46.00000  72.6%  42.6 3190s
 4367489 2621291  164.00000  169  464  168.00000   46.00000  72.6%  42.6 3195s
 4375653 2626811  167.00000  147  376  168.00000   46.00000  72.6%  42.6 3201s
 4379618 2630786   89.00000   52  560  168.00000   46.00000  72.6%  42.6 3205s
 4388099 2637036  165.00000   79  446  168.00000   46.00000  72.6%  42.6 3210s
 4396161 2643633   71.00000   51  842  168.00000   46.00000  72.6%  42.6 3215s
 4404110 2649119  167.00000  200  669  168.00000   46.00000  72.6%  42.6 3220s
 4408701 2653953  164.00000   95  539  168.00000   46.00000  72.6%  42.6 3225s
 4416581 2660373  153.00000   68  526  168.00000   46.00000  72.6%  42.6 3230s
 4423000 2665851   63.00000   48  558  168.00000   46.00000  72.6%  42.6 3235s
 4428895 2671010  122.00000  181  740  168.00000   46.00000  72.6%  42.6 3240s
 4437574 2677858   81.00000   42  502  168.00000   46.00000  72.6%  42.6 3245s
 4444922 2683890  111.00000   69  611  168.00000   46.00000  72.6%  42.6 3250s
 4454434 2691248  140.00000  151  630  168.00000   46.00000  72.6%  42.6 3255s
 4459816 2695704  118.00000  172  505  168.00000   46.00000  72.6%  42.6 3260s
 4466678 2701760  160.00000  186  561  168.00000   46.00000  72.6%  42.6 3265s
 4474240 2707950  153.00000  193  649  168.00000   46.00000  72.6%  42.6 3270s
 4480829 2712217  167.00000  100  695  168.00000   46.00000  72.6%  42.6 3275s
 4486220 2717820   52.00000   29  813  168.00000   46.00000  72.6%  42.6 3280s
 4494754 2725000  166.00000  167  547  168.00000   46.00000  72.6%  42.7 3286s
 4500846 2729047  113.00000  149  525  168.00000   46.00000  72.6%  42.7 3291s
 4507329 2735801  164.00000  162  463  168.00000   46.00000  72.6%  42.7 3295s
 4514235 2740238  165.00000  110  480  168.00000   46.00000  72.6%  42.7 3300s
 4520613 2746836  167.00000  235  246  168.00000   46.00000  72.6%  42.7 3305s
 4528448 2751350   92.00000   71  619  168.00000   46.00000  72.6%  42.7 3310s
 4538167 2759642  156.00000  138  504  168.00000   46.00000  72.6%  42.7 3315s
 4543051 2764436  167.00000  291  400  168.00000   46.00000  72.6%  42.7 3320s
 4550464 2770472  146.00000  183  657  168.00000   46.00000  72.6%  42.7 3325s
 4558444 2775968  122.00000  147  442  168.00000   46.00000  72.6%  42.7 3330s
 4565194 2783108  155.00000   53  431  168.00000   46.00000  72.6%  42.7 3335s
 4574695 2788973   93.00000   67  697  168.00000   46.00000  72.6%  42.7 3341s
 4581746 2795570   65.00000   50  600  168.00000   46.00000  72.6%  42.6 3345s
 4588360 2799983  164.00000  193  370  168.00000   46.00000  72.6%  42.6 3350s
 4594855 2806547   80.00000   50  682  168.00000   46.00000  72.6%  42.6 3355s
 4603689 2812382  110.00000  201  480  168.00000   46.00000  72.6%  42.6 3360s
 4610803 2818408  167.00000  106  597  168.00000   46.00000  72.6%  42.7 3366s
 4616465 2824485   94.00000   65  650  168.00000   46.00000  72.6%  42.7 3370s
 4625341 2831687  165.00000  246  541  168.00000   46.00000  72.6%  42.6 3375s
 4632956 2836457  140.00000  226  531  168.00000   46.00000  72.6%  42.6 3380s
 4641518 2844247  164.00000  198  514  168.00000   46.00000  72.6%  42.6 3385s
 4649338 2850723   97.00000   99  758  168.00000   46.00000  72.6%  42.6 3390s
 4657293 2857186  118.00000  108  473  168.00000   46.00000  72.6%  42.6 3395s
 4664497 2863391   78.00000   42  571  168.00000   46.00000  72.6%  42.6 3400s
 4669612 2868084  135.00000  206  524  168.00000   46.00000  72.6%  42.6 3405s
 4678500 2874711  160.00000   74  514  168.00000   46.00000  72.6%  42.6 3410s
 4686026 2879616   56.00000   38  733  168.00000   46.00000  72.6%  42.7 3415s
 4695271 2887256  162.00000  156  507  168.00000   46.00000  72.6%  42.6 3420s
 4700630 2893228  160.00000   79  601  168.00000   46.00000  72.6%  42.6 3425s
 4707917 2899482   89.00000   63  570  168.00000   46.00000  72.6%  42.6 3430s
 4716405 2906185  115.00000  113  648  168.00000   46.00000  72.6%  42.6 3435s
 4724129 2911480 infeasible  249       168.00000   46.00000  72.6%  42.6 3440s
 4731176 2918759   97.00000   56  573  168.00000   46.00000  72.6%  42.6 3445s
 4735881 2925997  101.00000   74  630  168.00000   46.00000  72.6%  42.6 3451s
 4744569 2929662  162.00000  101  508  168.00000   46.00000  72.6%  42.6 3455s
 4752741 2935055 infeasible  256       168.00000   46.00000  72.6%  42.6 3460s
 4760832 2941864  156.00000  124  539  168.00000   46.00000  72.6%  42.6 3465s
 4769373 2949803  153.00000  176  546  168.00000   46.00000  72.6%  42.6 3470s
 4777648 2955571  167.00000  193  277  168.00000   46.00000  72.6%  42.6 3476s
 4784714 2963099  133.00000  258  456  168.00000   46.00000  72.6%  42.6 3481s
 4791888 2967052  112.00000   71  581  168.00000   46.00000  72.6%  42.6 3485s
 4800496 2974517  166.00000  106  680  168.00000   46.08511  72.6%  42.6 3490s
 4807983 2981484  165.00000  160  628  168.00000   46.27273  72.5%  42.6 3495s
 4818072 2989548  166.00000  182  501  168.00000   46.37106  72.4%  42.6 3500s
 4820470 2996387  114.00000   63  559  168.00000   46.37106  72.4%  42.6 3505s
 4833915 3002332  167.00000  435  140  168.00000   46.38298  72.4%  42.5 3511s
 4841659 3008981  163.00000  282  409  168.00000   46.38298  72.4%  42.5 3516s
 4849979 3014315   82.00000   36  671  168.00000   46.71739  72.2%  42.5 3520s
 4857864 3021429  154.00000  122  642  168.00000   46.71739  72.2%  42.5 3525s
 4865371 3026836  167.00000  194  310  168.00000   46.72340  72.2%  42.5 3530s
 4872585 3033250  158.00000  204  412  168.00000   47.00000  72.0%  42.5 3535s
 4880184 3039479  135.00000  174  612  168.00000   47.00000  72.0%  42.5 3540s
 4886305 3043895   95.00000   54  613  168.00000   47.00000  72.0%  42.5 3545s
 4895120 3051073  154.00000  104  545  168.00000   47.00000  72.0%  42.5 3550s
 4903139 3058486   91.00000   52  607  168.00000   47.00000  72.0%  42.5 3555s
 4907379 3065027   78.00000   53  661  168.00000   47.00000  72.0%  42.5 3560s
 4919041 3071749  124.00000  120  616  168.00000   47.00000  72.0%  42.5 3565s
 4927249 3078085  167.00000  352  400  168.00000   47.00000  72.0%  42.5 3571s
 4936256 3084337  166.00000  217  495  168.00000   47.00000  72.0%  42.4 3576s
 4941741 3090006  150.00000  248  513  168.00000   47.00000  72.0%  42.4 3580s
 4949785 3095797   75.00000   56  641  168.00000   47.00000  72.0%  42.4 3586s
 4955941 3102089  127.00000  215  515  168.00000   47.00000  72.0%  42.4 3591s
 4962511 3107960  165.00000  131  599  168.00000   47.00000  72.0%  42.4 3596s
 4969299 3111678   56.00000   47  970  168.00000   47.00000  72.0%  42.4 3600s

Explored 4969454 nodes (210912236 simplex iterations) in 3600.03 seconds (2125.09 work units)
Thread count was 32 (of 32 available processors)

Solution count 10: 168 169 170 ... 177

Time limit reached
Best objective 1.680000000000e+02, best bound 4.700000000000e+01, gap 72.0238%
