
Gurobi 13.0.0 (linux64) logging started Tue Nov 25 21:00:56 2025

Set parameter LogFile to value "./Results/StripPacking-CutHeur/Logs/SU-111-StripPacking-35-0.log"
Set parameter TimeLimit to value 3600
Set parameter Cuts to value 1
Set parameter Presolve to value 1
Set parameter Heuristics to value 1
Set parameter LogToConsole to value 0
Set parameter LPWarmStart to value 2
Gurobi Optimizer version 13.0.0 build v13.0.0rc1 (linux64 - "Debian GNU/Linux 12 (bookworm)")

CPU model: Intel(R) Xeon(R) CPU E5-2630 v3 @ 2.40GHz, instruction set [SSE2|AVX|AVX2]
Thread count: 16 physical cores, 32 logical processors, using up to 32 threads

Non-default parameters:
TimeLimit  3600
LPWarmStart  2
Heuristics  1
Cuts  1
LogToConsole  0
Presolve  1

Optimize a model with 7770 rows, 2451 columns and 19110 nonzeros (Min)
Model fingerprint: 0x30b7af5d
Model has 1 linear objective coefficients
Variable types: 71 continuous, 2380 integer (2380 binary)
Coefficient statistics:
  Matrix range     [1e+00, 1e+04]
  Objective range  [1e+00, 1e+00]
  Bounds range     [1e+00, 1e+04]
  RHS range        [1e+00, 1e+04]

Warning: Completing partial solution with 2380 unfixed non-continuous variables out of 2380
User MIP start produced solution with objective 143.9 (0.01s)
Loaded user MIP start with objective 143.9

Presolve removed 1190 rows and 0 columns
Presolve time: 0.03s
Presolved: 6580 rows, 2451 columns, 16730 nonzeros
Variable types: 71 continuous, 2380 integer (2380 binary)

Root relaxation: objective 4.800000e+01, 1466 iterations, 0.06 seconds (0.05 work units)

    Nodes    |    Current Node    |     Objective Bounds      |     Work
 Expl Unexpl |  Obj  Depth IntInf | Incumbent    BestBd   Gap | It/Node Time

     0     0   48.00000    0  151  143.90000   48.00000  66.6%     -    0s
H    0     0                     138.0000000   48.00000  65.2%     -    0s
H    0     0                     137.0000000   48.00000  65.0%     -    0s
     0     0   48.00000    0  300  137.00000   48.00000  65.0%     -    0s
H    0     0                     135.0000000   48.00000  64.4%     -    0s
H    0     0                     133.0000000   48.00000  63.9%     -    0s
H    0     0                     132.0000000   48.00000  63.6%     -    0s
H    0     0                     130.0000000   48.00000  63.1%     -    0s
     0     0   48.00000    0  284  130.00000   48.00000  63.1%     -    0s
     0     0   48.00000    0  428  130.00000   48.00000  63.1%     -    1s
     0     0   48.00000    0  122  130.00000   48.00000  63.1%     -    1s
H    0     0                     129.0000000   48.00000  62.8%     -    1s
     0     0   48.00000    0  166  129.00000   48.00000  62.8%     -    1s
     0     0   48.00000    0  467  129.00000   48.00000  62.8%     -    1s
     0     0   48.00000    0  122  129.00000   48.00000  62.8%     -    1s
     0     0   48.00000    0  151  129.00000   48.00000  62.8%     -    1s
     0     0   48.00000    0  300  129.00000   48.00000  62.8%     -    2s
     0     0   48.00000    0  134  129.00000   48.00000  62.8%     -    2s
     0     0   48.00000    0  150  129.00000   48.00000  62.8%     -    2s
H    0     0                     127.0000000   48.00000  62.2%     -    2s
H    0     0                     126.0000000   48.00000  61.9%     -    2s
H    0     0                     125.0000000   48.00000  61.6%     -    2s
     0     0   48.00000    0  309  125.00000   48.00000  61.6%     -    2s
     0     0   48.00000    0  125  125.00000   48.00000  61.6%     -    2s
     0     0   48.00000    0  229  125.00000   48.00000  61.6%     -    2s
     0     0   48.00000    0  423  125.00000   48.00000  61.6%     -    3s
     0     0   48.00000    0  106  125.00000   48.00000  61.6%     -    3s
H    0     0                     120.0000000   48.00000  60.0%     -    3s
H    0     0                     119.0000000   48.00000  59.7%     -    3s
H    0     0                     118.0000000   48.00000  59.3%     -    3s
     0     0   48.00000    0  194  118.00000   48.00000  59.3%     -    3s
     0     0   48.00000    0  296  118.00000   48.00000  59.3%     -    3s
     0     0   48.00000    0  120  118.00000   48.00000  59.3%     -    3s
H    0     0                     115.0000000   48.00000  58.3%     -    3s
     0     0   48.00000    0  172  115.00000   48.00000  58.3%     -    3s
H    0     0                     115.0000000   48.00000  58.3%     -    3s
     0     0   48.00000    0  372  115.00000   48.00000  58.3%     -    4s
     0     0   48.00000    0   95  115.00000   48.00000  58.3%     -    4s
     0     0   48.00000    0  250  115.00000   48.00000  58.3%     -    4s
H    0     0                     113.0000000   48.00000  57.5%     -    4s
     0     0   48.00000    0  309  113.00000   48.00000  57.5%     -    4s
     0     0   48.00000    0  137  113.00000   48.00000  57.5%     -    4s
H    0     0                     111.0000000   48.00000  56.8%     -    4s
H    0     0                     110.0000000   48.00000  56.4%     -    4s
     0     0   48.00000    0  137  110.00000   48.00000  56.4%     -    4s
     0     0   48.00000    0  137  110.00000   48.00000  56.4%     -    4s
     0     2   48.00000    0  121  110.00000   48.00000  56.4%     -    5s
H   53    75                     109.0000000   48.00000  56.0%   187    7s
H   81   161                     107.0000000   48.00000  55.1%   143    8s
H  137   161                     105.0000000   48.00000  54.3%   130    8s
   176   193   48.00000   11  265  105.00000   48.00000  54.3%   122   11s
H  194   209                     105.0000000   48.00000  54.3%   117   13s
   208   407   48.00000   13  293  105.00000   48.00000  54.3%   115   16s
H  210   407                     104.0000000   48.00000  53.8%   114   16s
H  409  1777                     104.0000000   48.00000  53.8%  91.7   21s
H 2408  3420                     103.0000000   48.00000  53.4%  75.9   24s
  3663  3722   60.00000   80  265  103.00000   48.00000  53.4%  72.1   26s
H 4049  3722                     103.0000000   48.00000  53.4%  68.8   26s
  4102  3778   58.00000   85  320  103.00000   48.00000  53.4%  68.9   31s
H 4119  3727                     102.0000000   48.00000  52.9%  68.7   31s
H 4127  3743                     102.0000000   48.00000  52.9%  68.9   33s
  4138  3759   58.00000   87  320  102.00000   48.00000  52.9%  68.9   35s
H 4144  3615                     100.0000000   48.00000  52.0%  68.9   35s
H 4154  3650                      99.0000000   48.00000  51.5%  68.8   38s
  4202  4277   58.00000   89  334   99.00000   48.00000  51.5%  68.4   41s
H 4278  4277                      99.0000000   48.00000  51.5%  67.7   41s
  4912  4309   80.00000  110  328   99.00000   48.00000  51.5%  64.2   46s
  4946  4336   80.00000  112  330   99.00000   48.00000  51.5%  64.3   51s
  5087  4547   80.00000  114  327   99.00000   48.00000  51.5%  63.3   57s
  5231  4553   48.00000   42  253   99.00000   48.00000  51.5%  63.6   60s
  5253  4577   48.00000   12  161   99.00000   48.00000  51.5%  70.8   65s
H 5331  4402                      98.0000000   48.00000  51.0%  72.5   66s
H 5487  4306                      98.0000000   48.00000  51.0%  72.8   67s
  5645  4416   48.00000   19  225   98.00000   48.00000  51.0%  72.4   70s
  5762  4494   48.00000   20  219   98.00000   48.00000  51.0%  72.2   76s
  5838  4598   48.00000   21  228   98.00000   48.00000  51.0%  72.2   83s
  5924  4678   48.00000   22  231   98.00000   48.00000  51.0%  71.7   88s
  6033  5803   48.00000   22  301   98.00000   48.00000  51.0%  71.7   93s
  7197  5447   57.00000   39  178   98.00000   48.00000  51.0%  70.4  105s
H 7215  5174                      97.0000000   48.00000  50.5%  70.9  105s
  7229  5195   57.00000   40  182   97.00000   48.00000  50.5%  70.9  114s
H 7245  4994                      97.0000000   48.00000  50.5%  70.9  114s
  7266  5106   57.00000   40  190   97.00000   48.00000  50.5%  70.8  125s
H 7371  4884                      96.0000000   48.00000  50.0%  70.5  125s
H 7386  7293                      96.0000000   48.00000  50.0%  70.5  136s
 10050  6434   57.00000   49  186   96.00000   48.00000  50.0%  68.9  145s
 10085  6506   57.00000   49  182   96.00000   48.00000  50.0%  69.3  157s
 10171  6510   57.00000   50  196   96.00000   48.00000  50.0%  69.3  169s
 10209  7209   57.00000   50  198   96.00000   48.00000  50.0%  69.5  182s
 10973  8060   67.00000   51  175   96.00000   48.00000  50.0%  70.0  193s
 12146  9611   57.00000   51  194   96.00000   48.00000  50.0%  71.1  205s
 14388  9768   57.00000   52  200   96.00000   48.00000  50.0%  70.9  216s
 15449  9518   57.00000   52  196   96.00000   48.00000  50.0%  70.7  227s
 15507  9549   57.00000   53  200   96.00000   48.00000  50.0%  70.9  239s
 15540 11087   57.00000   53  198   96.00000   48.00000  50.0%  71.0  252s
 17387 11106   57.00000   60  248   96.00000   48.00000  50.0%  71.9  264s
 17432 11293   57.00000   61  194   96.00000   48.00000  50.0%  72.2  276s
 17683 12940   57.00000   61  224   96.00000   48.00000  50.0%  72.3  288s
 19590 14440   81.00000  162  165   96.00000   48.00000  50.0%  72.7  300s
 21601 14991   72.00000  163  164   96.00000   48.00000  50.0%  71.3  314s
 22347 15022   72.00000  163  185   96.00000   48.00000  50.0%  72.0  326s
 22380 15045   72.00000  164  160   96.00000   48.00000  50.0%  72.0  340s
 22421 15070   72.00000  164  171   96.00000   48.00000  50.0%  72.1  353s
 22460 15152   72.00000  165  157   96.00000   48.00000  50.0%  72.2  368s
 22550 15180   88.00000  165  179   96.00000   48.00000  50.0%  72.5  383s
 22590 15206 infeasible  166        96.00000   48.00000  50.0%  72.6  398s
 22628 15536   84.00000  167  142   96.00000   48.00000  50.0%  72.6  412s
 23189 15806   79.00000  167  184   96.00000   48.00000  50.0%  72.4  427s
 23565 15976   79.00000  168  185   96.00000   48.00000  50.0%  72.5  441s
 23783 15999   79.00000  169  180   96.00000   48.00000  50.0%  72.5  456s
 23824 16025   85.00000  169  160   96.00000   48.00000  50.0%  72.5  473s
 23862 16436   83.00000  170  174   96.00000   48.00000  50.0%  72.5  492s
 24511 16459     cutoff  170        96.00000   48.00000  50.0%  72.6  509s
 24552 16484   91.00000  172  156   96.00000   48.00000  50.0%  72.7  525s
 24593 16510   83.00000  172  160   96.00000   48.00000  50.0%  72.7  544s
 24631 16861   83.00000  173  162   96.00000   48.00000  50.0%  72.8  569s
 25122 17049   84.00000  184  152   96.00000   48.00000  50.0%  73.0  591s
 25374 17080   84.00000  185  154   96.00000   48.00000  50.0%  72.9  611s
 25413 18254   84.00000  185  152   96.00000   48.00000  50.0%  73.0  631s
 26854 23006   84.00000  186  148   96.00000   48.00000  50.0%  72.7  651s
 32671 23286   48.00000   54  437   96.00000   48.00000  50.0%  74.3  683s
 33065 28958   48.00000   55  393   96.00000   48.00000  50.0%  74.1  763s
 41065 31274   48.10435   66  396   96.00000   48.00000  50.0%  72.5  781s
 43667 31300   48.10435   67  405   96.00000   48.00000  50.0%  75.3  796s
 43707 32155   48.10435   66  391   96.00000   48.00000  50.0%  75.4  815s
 44674 32185   88.00000  155  234   96.00000   48.00000  50.0%  75.4  833s
 44708 32765   70.00000  153  334   96.00000   48.00000  50.0%  75.4  851s
 45458 33236   71.00000  155  258   96.00000   48.00000  50.0%  75.7  875s
 46091 35544   71.00000  156  252   96.00000   48.00000  50.0%  75.6  899s
 49133 35572   77.00000  239  237   96.00000   48.00000  50.0%  75.4  916s
 49169 36485   77.00000  240  233   96.00000   48.00000  50.0%  75.4  934s
 50406 38315   64.00000  164  282   96.00000   48.00000  50.0%  75.0  953s
 52589 43002   64.00000  165  324   96.00000   48.00000  50.0%  75.7  974s
 58393 43028   66.00000  155  341   96.00000   48.00000  50.0%  78.4  994s
 58431 43286   66.00000  156  340   96.00000   48.00000  50.0%  78.5 1012s
 58714 43338   79.00000  177  252   96.00000   48.00000  50.0%  78.5 1029s
 58743 43338   78.00000  180  243   96.00000   48.00000  50.0%  78.6 1030s
 58805 43734   79.00000  176  266   96.00000   48.00000  50.0%  78.7 1047s
 59329 43760   81.00000  174  250   96.00000   48.00000  50.0%  78.9 1064s
 59367 43875   79.00000  177  260   96.00000   48.00000  50.0%  79.0 1081s
 59496 44920   79.00000  177  262   96.00000   48.00000  50.0%  79.2 1099s
 60839 46101   90.00000  197  216   96.00000   48.00000  50.0%  79.1 1120s
 62405 46128 infeasible  198        96.00000   48.00000  50.0%  79.4 1163s
H62431 40324                      94.0000000   48.00000  48.9%  79.4 1163s
 62442 49051 infeasible  200        94.00000   48.00000  48.9%  79.4 1205s
H62443 49051                      94.0000000   48.00000  48.9%  79.4 1205s
H67457 47646                      93.0000000   48.00000  48.4%  80.7 1206s
 73898 47189   66.00000  166  245   93.00000   48.00000  48.4%  82.0 1215s
 73959 47211   66.00000  166  263   93.00000   48.00000  48.4%  82.0 1225s
H73960 47211                      93.0000000   48.00000  48.4%  82.0 1225s
 73999 47234   66.00000  167  245   93.00000   48.00000  48.4%  82.1 1236s
 74038 47258   76.00000  167  226   93.00000   48.00000  48.4%  82.1 1249s
 74078 47392   66.00000  168  264   93.00000   48.00000  48.4%  82.1 1261s
 74233 47416   66.00000  168  238   93.00000   48.00000  48.4%  82.2 1272s
 74271 47729   66.00000  169  262   93.00000   48.00000  48.4%  82.2 1290s
 74624 48593   66.00000  169  248   93.00000   48.00000  48.4%  82.1 1307s
 75672 49453   66.00000  170  260   93.00000   48.00000  48.4%  82.0 1325s
 76876 50040   89.00000  142  206   93.00000   48.00000  48.4%  81.9 1345s
 77763 51318   56.00000   96  232   93.00000   48.00000  48.4%  82.0 1361s
 79574 53798   56.00000   97  230   93.00000   48.00000  48.4%  81.7 1379s
 83195 56783   85.00000  151  228   93.00000   48.00000  48.4%  81.2 1398s
 87707 56809   88.00000  174  195   93.00000   48.00000  48.4%  80.6 1414s
 87745 56828 infeasible  175        93.00000   48.00000  48.4%  80.6 1431s
 87802 56854   88.00000  172  188   93.00000   48.00000  48.4%  80.6 1448s
 87840 56879   88.00000  173  186   93.00000   48.00000  48.4%  80.6 1469s
 87881 56970 infeasible  175        93.00000   48.00000  48.4%  80.5 1491s
 88012 57186   48.00000   38  347   93.00000   48.00000  48.4%  80.5 1517s
 88302 57523   66.00000   82  262   93.00000   48.00000  48.4%  80.6 1542s
 88929 58458   66.00000   83  272   93.00000   48.00000  48.4%  80.6 1572s
 90118 60292   66.00000   84  270   93.00000   48.00000  48.4%  80.6 1600s
 92621 60332   66.00000   85  266   93.00000   48.00000  48.4%  80.3 1650s
 92669 83397   66.00000   87  264   93.00000   48.00000  48.4%  80.3 1753s
 124669 83422   92.00000  188  161   93.00000   48.00000  48.4%  79.6 1802s
 124707 106389 infeasible  189        93.00000   48.00000  48.4%  79.6 1962s
 156707 118414   48.00000   75  468   93.00000   48.00000  48.4%  79.4 2005s
 173933 118442   92.00000   95  326   93.00000   48.00000  48.4%  78.4 2015s
 173969 118465   92.00000   96  326   93.00000   48.00000  48.4%  78.4 2023s
 174010 118485   92.00000   97  326   93.00000   48.00000  48.4%  78.4 2031s
 174054 118511   92.00000   98  324   93.00000   48.00000  48.4%  78.4 2041s
 174092 118537   92.00000   99  296   93.00000   48.00000  48.4%  78.4 2049s
 174130 118563   92.00000  100  288   93.00000   48.00000  48.4%  78.4 2058s
 174168 118623   92.00000  101  286   93.00000   48.00000  48.4%  78.4 2067s
 174250 118647   92.00000  102  255   93.00000   48.00000  48.4%  78.4 2077s
 174290 118674   92.00000  103  255   93.00000   48.00000  48.4%  78.4 2094s
 174329 118696   92.00000  104  246   93.00000   48.00000  48.4%  78.4 2108s
 174371 118834   92.00000  105  246   93.00000   48.00000  48.4%  78.4 2126s
 174547 119008   92.00000  106  315   93.00000   48.00000  48.4%  78.4 2143s
 174787 119114   92.00000  107  296   93.00000   48.00000  48.4%  78.4 2157s
 175037 119279   92.00000  108  321   93.00000   48.00000  48.4%  78.4 2174s
 175316 119306   92.00000  109  301   93.00000   48.00000  48.4%  78.4 2194s
 175353 119358   92.00000  110  299   93.00000   48.00000  48.4%  78.4 2212s
 175441 119629   92.00000  111  295   93.00000   48.00000  48.4%  78.4 2232s
 175852 120550   92.00000  112  296   93.00000   48.00000  48.4%  78.4 2256s
 177205 120730   91.00000  139  212   93.00000   48.00000  48.4%  78.3 2275s
 177433 120757   91.00000  141  212   93.00000   48.00000  48.4%  78.3 2296s
 177474 120785   91.00000  142  210   93.00000   48.00000  48.4%  78.3 2313s
 177508 121613   91.00000  143  212   93.00000   48.00000  48.4%  78.3 2329s
 178701 124178   89.00000  109  329   93.00000   48.00000  48.4%  78.2 2349s
 182483 125890   89.00000  137  204   93.00000   48.00000  48.4%  78.1 2368s
 185017 126770   88.00000  139  227   93.00000   48.00000  48.4%  78.0 2386s
 186328 135184   69.00000   90  226   93.00000   48.00000  48.4%  78.1 2425s
 198314 135325   60.00000   90  252   93.00000   48.00000  48.4%  77.9 2436s
 198483 135593   60.00000   96  232   93.00000   48.00000  48.4%  77.9 2447s
 198871 135888   60.00000   97  269   93.00000   48.00000  48.4%  77.9 2459s
 199276 135915   60.00000   98  280   93.00000   48.00000  48.4%  77.9 2473s
 199313 136271   60.00000   97  303   93.00000   48.00000  48.4%  77.9 2487s
 199736 137693   60.00000  134  264   93.00000   48.00000  48.4%  77.9 2508s
 201747 139889   60.00000  135  278   93.00000   48.00000  48.4%  77.8 2530s
 204872 139918   60.00000  136  278   93.00000   48.00000  48.4%  77.8 2551s
 204907 140102   60.00000  137  276   93.00000   48.00000  48.4%  77.8 2569s
 205194 142313   60.00000  138  298   93.00000   48.00000  48.4%  77.8 2590s
 208011 143882   60.00000  136  286   93.00000   48.00000  48.4%  77.7 2610s
 210009 144274   60.00000  138  284   93.00000   48.00000  48.4%  77.8 2629s
 210634 144647   72.00000  137  273   93.00000   48.00000  48.4%  77.8 2651s
 211181 144677   78.00000  139  311   93.00000   48.00000  48.4%  77.8 2674s
 211215 145295   64.00000  141  266   93.00000   48.00000  48.4%  77.8 2702s
 212167 145470   72.00000  142  251   93.00000   48.00000  48.4%  77.8 2740s
 212400 146119   64.00000  142  266   93.00000   48.00000  48.4%  77.8 2782s
 213408 148864   60.00000  143  282   93.00000   48.00000  48.4%  77.8 2823s
 217411 149223   91.00000  127  203   93.00000   48.00000  48.4%  77.6 2861s
 217866 171724   91.00000  128  234   93.00000   48.00000  48.4%  77.7 2989s
 233866 171724 infeasible  181        93.00000   48.00000  48.4%  77.5 2990s
 249866 171750   84.00000  107  236   93.00000   48.00000  48.4%  77.1 3038s
 249901 194032   84.00000  108  236   93.00000   48.00000  48.4%  77.1 3235s
 281901 201012   92.00000  146  251   93.00000   48.00000  48.4%  77.0 3283s
 292418 201042   91.00000  121  221   93.00000   48.00000  48.4%  76.7 3296s
 292452 201065   91.00000  118  225   93.00000   48.00000  48.4%  76.7 3307s
 292493 201091   91.00000  121  219   93.00000   48.00000  48.4%  76.7 3318s
 292531 201120   91.00000  119  260   93.00000   48.00000  48.4%  76.7 3330s
 292565 201340   91.00000  120  260   93.00000   48.00000  48.4%  76.7 3345s
 292875 201534   92.00000  131  182   93.00000   48.00000  48.4%  76.7 3366s
 293129 201584   91.00000  132  204   93.00000   48.00000  48.4%  76.7 3384s
 293219 201647   91.00000  131  200   93.00000   48.00000  48.4%  76.7 3397s
 293322 201918   92.00000  130  186   93.00000   48.00000  48.4%  76.7 3411s
 293771 201946   92.00000  131  172   93.00000   48.00000  48.4%  76.7 3427s
 293807 202298   91.00000  133  219   93.00000   48.00000  48.4%  76.7 3447s
 294361 202998   48.00000  105  367   93.00000   48.00000  48.4%  76.7 3473s
 295348 204458   70.00000  113  306   93.00000   48.00000  48.4%  76.6 3506s
 297720 206045   51.00000   80  262   93.00000   48.00000  48.4%  76.5 3536s
 299729 207493   48.00000   84  357   93.00000   48.00000  48.4%  76.6 3563s
 301888 208485   91.00000  157  180   93.00000   48.00000  48.4%  76.5 3592s
 303473 208741 infeasible  162        93.00000   48.00000  48.4%  76.4 3600s

Cutting planes:
  Learned: 3971
  Gomory: 37
  Cover: 206
  Implied bound: 2
  MIR: 450
  StrongCG: 1
  Flow cover: 1779
  RLT: 1150
  Relax-and-lift: 416

Explored 303841 nodes (23247039 simplex iterations) in 3600.37 seconds (1425.20 work units)
Thread count was 32 (of 32 available processors)

Solution count 10: 93 93 94 ... 98

Time limit reached
Best objective 9.299999999060e+01, best bound 4.800000000000e+01, gap 48.3871%
