
Gurobi 13.0.0 (linux64) logging started Thu Nov 27 03:45:17 2025

Set parameter LogFile to value "./Results/StripPacking-BranchSP/Logs/SUspb-010-StripPacking-35-0.log"
Set parameter TimeLimit to value 3600
Set parameter Cuts to value 0
Set parameter Presolve to value 1
Set parameter Heuristics to value 0
Set parameter LogToConsole to value 0
Set parameter LPWarmStart to value 2
Gurobi Optimizer version 13.0.0 build v13.0.0rc1 (linux64 - "Debian GNU/Linux 12 (bookworm)")

CPU model: Intel(R) Xeon(R) CPU E5-2630 v3 @ 2.40GHz, instruction set [SSE2|AVX|AVX2]
Thread count: 16 physical cores, 32 logical processors, using up to 32 threads

Non-default parameters:
TimeLimit  3600
LPWarmStart  2
Heuristics  0
Cuts  0
LogToConsole  0
Presolve  1

Optimize a model with 86310 rows, 2451 columns and 254730 nonzeros (Min)
Model fingerprint: 0xa526bac9
Model has 1 linear objective coefficients
Variable types: 71 continuous, 2380 integer (2380 binary)
Coefficient statistics:
  Matrix range     [1e+00, 1e+04]
  Objective range  [1e+00, 1e+00]
  Bounds range     [1e+00, 1e+04]
  RHS range        [1e+00, 1e+04]
Using branch priorities.

Warning: Completing partial solution with 2380 unfixed non-continuous variables out of 2380
User MIP start produced solution with objective 143.9 (0.18s)
Loaded user MIP start with objective 143.9

Presolve removed 1190 rows and 0 columns
Presolve time: 0.74s
Presolved: 85120 rows, 2451 columns, 252350 nonzeros
Variable types: 71 continuous, 2380 integer (2380 binary)
Root relaxation presolved: 2451 rows, 87571 columns, 254801 nonzeros


Root relaxation: objective 4.800000e+01, 9125 iterations, 0.94 seconds (0.61 work units)

    Nodes    |    Current Node    |     Objective Bounds      |     Work
 Expl Unexpl |  Obj  Depth IntInf | Incumbent    BestBd   Gap | It/Node Time

     0     0   48.00000    0  698  143.90000   48.00000  66.6%     -    7s
     0     0   48.00000    0  698  143.90000   48.00000  66.6%     -    8s
     0     0   48.00000    0  533  143.90000   48.00000  66.6%     -   23s
     0     2   48.00000    0  461  143.90000   48.00000  66.6%     -   37s
     7    16   48.00000    3  367  143.90000   48.00000  66.6%   293   40s
    31    47   48.00000    5  341  143.90000   48.00000  66.6%   368   56s
    91   116   48.00000    9  339  143.90000   48.00000  66.6%   405   61s
   115   148   48.00000   10  500  143.90000   48.00000  66.6%   442   65s
   147   175   48.00000   13  398  143.90000   48.00000  66.6%   453   87s
   174   244   48.00000   14  427  143.90000   48.00000  66.6%   439   93s
   243   324   48.00000   20  616  143.90000   48.00000  66.6%   456  101s
   323   498   48.00000   21  491  143.90000   48.00000  66.6%   496  113s
   497   742   48.00000   24  364  143.90000   48.00000  66.6%   456  127s
   741  1100   48.00000   33  412  143.90000   48.00000  66.6%   412  145s
  1112  1720   60.00000   50  474  143.90000   48.00000  66.6%   354  162s
* 1572  1695             169     140.0000000   48.00000  65.7%   278  162s
  1806  2369  119.00000  107  230  140.00000   48.00000  65.7%   274  172s
* 1941  2351             192     127.0000000   48.00000  62.2%   256  172s
* 1951  2351             198     124.0000000   48.00000  61.3%   255  172s
  2531  2564  119.00000  175    9  124.00000   48.00000  61.3%   225  185s
* 2538  2360             181     119.0000000   48.00000  59.7%   224  185s
  2937  2775   48.00000   15  596  119.00000   48.00000  59.7%   217  199s
* 2995  2762             175     115.0000000   48.00000  58.3%   216  199s
  3466  3296   61.00000   17  456  115.00000   48.00000  58.3%   205  213s
* 3703  3285             198     114.0000000   48.00000  57.9%   201  213s
  4151  3570   48.00000   20  547  114.00000   48.00000  57.9%   188  224s
* 4243  3562             209     113.0000000   48.00000  57.5%   186  224s
  4523  3545   68.00000   71  533  113.00000   48.00000  57.5%   187  226s
  4525  3546   48.00000   12  956  113.00000   48.00000  57.5%   187  242s
  4526  3547   72.00000   77  409  113.00000   48.00000  57.5%   186  260s
  4528  3551   48.00000   11  262  113.00000   48.00000  57.5%   196  265s
  4534  3561   48.00000   13  339  113.00000   48.00000  57.5%   196  270s
  4558  3585   48.00000   15  334  113.00000   48.00000  57.5%   196  283s
  4574  3666   48.00000   16  341  113.00000   48.00000  57.5%   198  291s
  4660  3747   48.00000   19  457  113.00000   48.00000  57.5%   198  301s
  4770  3780   48.00000   22  423  113.00000   48.00000  57.5%   200  317s
  4839  3959   48.00000   24  417  113.00000   48.00000  57.5%   205  337s
  5042  4223   48.00000   29  387  113.00000   48.00000  57.5%   206  367s
  5374  4579   48.00000   38  357  113.00000   48.00000  57.5%   210  409s
  5844  6577   57.00000   54  319  113.00000   48.00000  57.5%   215  461s
  8019  7828   97.00000  110  196  113.00000   48.00000  57.5%   191  482s
* 8174  7494             189     108.0000000   48.00000  55.6%   188  482s
* 8782  7044             212     106.0000000   48.00000  54.7%   179  482s
 10392  6576     cutoff  195       106.00000   48.00000  54.7%   161  496s
*10519  6236             151     105.0000000   48.00000  54.3%   161  496s
*10619  5976             147     104.0000000   48.00000  53.8%   160  496s
*10989  5393             207     100.0000000   48.00000  52.0%   159  496s
 11505  5633   68.00000   62  343  100.00000   48.00000  52.0%   156  509s
 12440  6064   99.00000  105  108  100.00000   48.00000  52.0%   154  527s
*12690  5705             146      99.0000000   48.00000  51.5%   155  527s
 13376  6097   59.00000   50  213   99.00000   48.00000  51.5%   154  544s
 13906  6789   59.00000   58  302   99.00000   48.00000  51.5%   153  560s
*14129  6456             182      98.0000000   48.00000  51.0%   153  560s
 14730  7252   76.00000   87  174   98.00000   48.00000  51.0%   152  579s
*15536  7123             119      97.0000000   48.00000  50.5%   152  579s
 15775  7963   95.00000  107  103   97.00000   48.00000  50.5%   152  595s
 16833  8776   64.00000   57  311   97.00000   48.00000  50.5%   152  612s
 17914  9576   88.00000   99  181   97.00000   48.00000  50.5%   151  628s
 18886 10209 infeasible  118        97.00000   48.00000  50.5%   150  644s
 19721 11049   77.00000   85  189   97.00000   48.00000  50.5%   151  661s
 20621 12352 infeasible  111        97.00000   48.00000  50.5%   151  683s
*20969 11987             135      96.0000000   48.00000  50.0%   150  683s
 22178 12228   94.00000  106  219   96.00000   48.00000  50.0%   149  694s
 22630 12823   74.00000   50  223   96.00000   48.00000  50.0%   148  708s
 23448 13100 infeasible  113        96.00000   48.00000  50.0%   148  723s
 23895 13817   48.00000   50  461   96.00000   48.00000  50.0%   148  736s
 24742 14332   94.00000   93  167   96.00000   48.00000  50.0%   148  748s
*24819 13742             135      95.0000000   48.00000  49.5%   147  748s
 25500 14400   62.00000   50  260   95.00000   48.00000  49.5%   147  761s
 26432 15172   92.00000   90  152   95.00000   48.00000  49.5%   147  775s
 27398 15920   57.00000   47  255   95.00000   48.00000  49.5%   146  791s
 28333 16560   92.00000   81  131   95.00000   48.00000  49.5%   147  809s
 29318 17315   59.00000   45  211   95.00000   48.00000  49.5%   147  824s
 30306 17960   87.00000   95  270   95.00000   48.00000  49.5%   147  840s
 31289 18878   94.00000  132   72   95.00000   48.00000  49.5%   147  856s
 32501 19755   94.00000  108  178   95.00000   48.00000  49.5%   147  872s
 33648 20722   92.00000  102  281   95.00000   48.00000  49.5%   147  889s
 34899 21043   90.00000   85  294   95.00000   48.00000  49.5%   146  909s
 35396 22011   48.00000   50  351   95.00000   48.00000  49.5%   146  928s
 36659 22984   94.00000  113  102   95.00000   48.00000  49.5%   146  948s
 37929 24283   61.00000   55  490   95.00000   48.00000  49.5%   146  972s
*39437 22547             115      94.0000000   48.00000  48.9%   145  972s
 39526 23099   91.00000   91  169   94.00000   48.00000  48.9%   145  995s
 40492 24132   57.00000   61  281   94.00000   48.00000  48.9%   146 1020s
 41924 25572   72.00000   62  318   94.00000   48.00000  48.9%   146 1052s
 43871 26734   93.00000  108  174   94.00000   48.00000  48.9%   146 1076s
 45391 27799   91.00000  102  123   94.00000   48.00000  48.9%   146 1104s
 46839 29164   92.00000  120  122   94.00000   48.00000  48.9%   146 1134s
 48664 30286   92.00000  115  174   94.00000   48.00000  48.9%   145 1163s
 50119 31817   93.00000  104  136   94.00000   48.00000  48.9%   146 1191s
 51878 32338   61.00000   60  294   94.00000   48.00000  48.9%   146 1219s
 52622 33485   76.00000   76  270   94.00000   48.00000  48.9%   146 1247s
 54294 34816     cutoff  110        94.00000   48.00000  48.9%   147 1275s
 56190 36005   69.00000   50  473   94.00000   48.00000  48.9%   146 1301s
 57791 37181   60.00000   74  280   94.00000   48.00000  48.9%   146 1330s
 59339 38524   69.00000   75  288   94.00000   48.00000  48.9%   146 1357s
 61126 39720   71.00000   75  293   94.00000   48.00000  48.9%   145 1385s
 62812 41215   76.00000   68  248   94.00000   48.00000  48.9%   145 1417s
 64864 42465   84.00000   86  231   94.00000   48.00000  48.9%   145 1441s
 66418 43502   80.00000   93  233   94.00000   48.00000  48.9%   145 1465s
*67875 40050             136      93.0000000   48.00000  48.4%   145 1465s
 67946 41037     cutoff  111        93.00000   48.00000  48.4%   145 1491s
 69534 42165   91.00000  120  111   93.00000   48.00000  48.4%   145 1519s
 71121 42785   84.00000   61  201   93.00000   48.00000  48.4%   145 1549s
 71898 43885   92.00000   89  262   93.00000   48.00000  48.4%   145 1579s
 73417 44981   92.00000  122  131   93.00000   48.00000  48.4%   146 1609s
 74947 46390   79.00000   73  264   93.00000   48.00000  48.4%   146 1637s
 76869 47782   78.00000   86  256   93.00000   48.00000  48.4%   146 1666s
 78663 48812   51.00000   49  300   93.00000   48.00000  48.4%   146 1698s
 80082 49987   57.00000   61  277   93.00000   48.00000  48.4%   146 1729s
 81705 51140   91.00000   93  243   93.00000   48.00000  48.4%   146 1759s
 83308 52471   83.00000   83  277   93.00000   48.00000  48.4%   146 1791s
 85303 53645   92.00000  102  148   93.00000   48.00000  48.4%   146 1818s
 86876 54658   64.00000   80  267   93.00000   48.00000  48.4%   146 1842s
 88298 55728   90.00000  102  368   93.00000   48.00000  48.4%   146 1869s
 89685 57172   72.00000   90  301   93.00000   48.00000  48.4%   147 1895s
 91399 58650   76.00000   60  279   93.00000   48.00000  48.4%   147 1924s
 93206 59194   92.00000   97  215   93.00000   48.00000  48.4%   147 1949s
 93998 60573   48.00000   57  425   93.00000   48.00000  48.4%   147 1972s
 95834 61759   79.00000   90  307   93.00000   48.00000  48.4%   146 1994s
 97416 62876   87.00000   84  164   93.00000   48.00000  48.4%   147 2016s
 98908 64004   90.00000  115  212   93.00000   48.00000  48.4%   147 2040s
 100546 64995   91.00000  110  132   93.00000   48.00000  48.4%   147 2064s
 101873 66266   48.00000   40  329   93.00000   48.00000  48.4%   147 2092s
 103598 67485   87.00000  113  194   93.00000   48.00000  48.4%   147 2118s
 105444 69114   59.00000   36  360   93.00000   48.00000  48.4%   147 2146s
 107392 70229   83.00000   69  262   93.00000   48.00000  48.4%   147 2167s
 108842 71407   89.00000   98  252   93.00000   48.00000  48.4%   147 2193s
 110339 72589   74.00000   92  259   93.00000   48.00000  48.4%   147 2219s
 111953 73634   70.00000   90  279   93.00000   48.00000  48.4%   147 2242s
 113389 74803   90.00000  115   82   93.00000   48.00000  48.4%   148 2270s
 115097 75904   90.00000  141  102   93.00000   48.00000  48.4%   148 2297s
 116658 77195   92.00000  111  269   93.00000   48.00000  48.4%   148 2322s
 118317 77695   68.00000   67  389   93.00000   48.00000  48.4%   148 2349s
 119041 78926   78.00000  115  220   93.00000   48.00000  48.4%   148 2377s
 120735 80214   92.00000   99  168   93.00000   48.00000  48.4%   148 2404s
 121277 80214   91.00000   82  227   93.00000   48.00000  48.4%   148 2405s
 122463 81410   92.00000  110  173   93.00000   48.00000  48.4%   148 2431s
 124062 82497   87.00000   87  163   93.00000   48.00000  48.4%   148 2456s
 125561 84119 infeasible  118        93.00000   48.00000  48.4%   148 2484s
 127408 85518   87.00000  109  227   93.00000   48.00000  48.4%   148 2514s
 129127 86653   83.00000   92  202   93.00000   48.00000  48.4%   148 2542s
 130739 87625   89.00000  120  178   93.00000   48.00000  48.4%   148 2570s
 132043 88868   75.00000   54  426   93.00000   48.00000  48.4%   149 2597s
 133572 90133   92.00000   97  162   93.00000   48.00000  48.4%   149 2624s
 135140 91341   92.00000  117  162   93.00000   48.00000  48.4%   149 2652s
 136921 92838 infeasible  100        93.00000   48.00000  48.4%   150 2680s
 138809 94157   87.00000   78  341   93.00000   48.00000  48.4%   150 2708s
 140659 95725 infeasible  110        93.00000   48.00000  48.4%   150 2736s
 142686 96870   86.00000  130  203   93.00000   48.00000  48.4%   150 2765s
 144270 97651   90.00000   87  235   93.00000   48.00000  48.4%   150 2792s
 145210 98945   90.00000   95  278   93.00000   48.00000  48.4%   150 2816s
 146866 100656 infeasible  123        93.00000   48.00000  48.4%   150 2847s
 149013 101845   92.00000  100  214   93.00000   48.00000  48.4%   150 2878s
 150671 102951   57.00000   54  330   93.00000   48.00000  48.4%   150 2904s
 152266 104298     cutoff  107        93.00000   48.00000  48.4%   150 2931s
 154026 105335   76.00000   58  235   93.00000   48.00000  48.4%   150 2959s
 155597 106767   90.00000   82  176   93.00000   48.00000  48.4%   150 2986s
 157360 108282   90.00000  104  125   93.00000   48.00000  48.4%   150 3016s
 159397 109527   63.00000   61  259   93.00000   48.00000  48.4%   150 3041s
 161073 110661   69.00000   69  265   93.00000   48.00000  48.4%   150 3065s
 162557 111940   48.00000   64  391   93.00000   48.00000  48.4%   150 3092s
 164080 112985   92.00000   91  182   93.00000   48.00000  48.4%   150 3118s
 165774 114403   92.00000  108  233   93.00000   48.00000  48.4%   150 3143s
 167484 115569 infeasible   87        93.00000   48.00000  48.4%   150 3166s
 168967 116725   91.00000   96  258   93.00000   48.00000  48.4%   150 3192s
 170591 117769   90.00000  143   86   93.00000   48.00000  48.4%   150 3220s
 171967 119268   92.00000  103  149   93.00000   48.00000  48.4%   150 3253s
 173916 120681   88.00000  100  274   93.00000   48.00000  48.4%   151 3280s
 175838 121566   92.00000  106  142   93.00000   48.00000  48.4%   151 3310s
 177101 122762   63.00000   59  295   93.00000   48.00000  48.4%   151 3338s
 178890 123943     cutoff  116        93.00000   48.00000  48.4%   151 3369s
 180773 125267   90.00000  126  209   93.00000   48.00000  48.4%   151 3398s
 182453 126551   64.00000   74  379   93.00000   48.00000  48.4%   151 3425s
 184129 127706   89.00000  104  267   93.00000   48.00000  48.4%   151 3452s
 185810 128954   75.00000  101  311   93.00000   48.00000  48.4%   151 3480s
 187485 130264   91.00000   81  263   93.00000   48.00000  48.4%   151 3507s
 189187 131316   90.00000   94  177   93.00000   48.00000  48.4%   151 3534s
 190711 132655     cutoff  132        93.00000   48.00000  48.4%   151 3560s
 192507 133775   60.00000   67  256   93.00000   48.00000  48.4%   151 3586s
 194058 134485   90.00000   81  152   93.00000   48.00000  48.4%   151 3600s

Explored 195065 nodes (29487737 simplex iterations) in 3600.14 seconds (1992.13 work units)
Thread count was 32 (of 32 available processors)

Solution count 10: 93 94 95 ... 105

Time limit reached
Best objective 9.300000000000e+01, best bound 4.800000000000e+01, gap 48.3871%
