
Gurobi 13.0.0 (linux64) logging started Thu Nov 27 06:45:33 2025

Set parameter LogFile to value "./Results/StripPacking-BranchSP/Logs/SUspb-111-StripPacking-50-0.log"
Set parameter TimeLimit to value 3600
Set parameter Cuts to value 1
Set parameter Presolve to value 1
Set parameter Heuristics to value 1
Set parameter LogToConsole to value 0
Set parameter LPWarmStart to value 2
Gurobi Optimizer version 13.0.0 build v13.0.0rc1 (linux64 - "Debian GNU/Linux 12 (bookworm)")

CPU model: Intel(R) Xeon(R) CPU E5-2630 v3 @ 2.40GHz, instruction set [SSE2|AVX|AVX2]
Thread count: 16 physical cores, 32 logical processors, using up to 32 threads

Non-default parameters:
TimeLimit  3600
LPWarmStart  2
Heuristics  1
Cuts  1
LogToConsole  0
Presolve  1

Optimize a model with 251175 rows, 5001 columns and 744900 nonzeros (Min)
Model fingerprint: 0x45fb5c8b
Model has 1 linear objective coefficients
Variable types: 101 continuous, 4900 integer (4900 binary)
Coefficient statistics:
  Matrix range     [1e+00, 1e+04]
  Objective range  [1e+00, 1e+00]
  Bounds range     [1e+00, 1e+04]
  RHS range        [1e+00, 1e+04]
Using branch priorities.

Warning: Completing partial solution with 4900 unfixed non-continuous variables out of 4900
User MIP start produced solution with objective 191.6 (0.41s)
Loaded user MIP start with objective 191.6

Presolve removed 2450 rows and 0 columns
Presolve time: 2.13s
Presolved: 248725 rows, 5001 columns, 740000 nonzeros
Variable types: 101 continuous, 4900 integer (4900 binary)
Root relaxation presolved: 5001 rows, 253726 columns, 745001 nonzeros


Root simplex log...

Iteration    Objective       Primal Inf.    Dual Inf.      Time
       0    1.7000000e+01   0.000000e+00   1.013496e+04      6s
   25693    3.6195464e+01   0.000000e+00   3.581808e+05     10s
   54457    3.6427214e+01   0.000000e+00   8.324264e+03     15s
   70178    3.5000000e+01   0.000000e+00   0.000000e+00     18s
   70178    3.5000000e+01   0.000000e+00   0.000000e+00     18s
   70178    3.5000000e+01   0.000000e+00   0.000000e+00     18s

Root relaxation: objective 3.500000e+01, 70178 iterations, 13.53 seconds (9.60 work units)

    Nodes    |    Current Node    |     Objective Bounds      |     Work
 Expl Unexpl |  Obj  Depth IntInf | Incumbent    BestBd   Gap | It/Node Time

     0     0   35.00000    0 2712  191.60000   35.00000  81.7%     -  121s
H    0     0                     183.0000000   35.00000  80.9%     -  122s
H    0     0                     180.0000000   35.00000  80.6%     - 1547s
H    0     0                     177.0000000   35.00000  80.2%     - 1547s
H    0     0                     177.0000000   35.00000  80.2%     - 1547s
H    0     0                     176.0000000   35.00000  80.1%     - 1547s
H    0     0                     174.0000000   35.00000  79.9%     - 1547s
H    0     0                     169.0000000   35.00000  79.3%     - 1547s
H    0     0                     167.0000000   35.00000  79.0%     - 1547s
H    0     0                     166.0000000   35.00000  78.9%     - 1547s
H    0     0                     164.0000000   35.00000  78.7%     - 1547s
H    0     0                     163.0000000   35.00000  78.5%     - 1547s
H    0     0                     162.0000000   35.00000  78.4%     - 1547s
H    0     0                     161.0000000   35.00000  78.3%     - 1547s
H    0     0                     160.0000000   35.00000  78.1%     - 1547s
H    0     0                     159.0000000   35.00000  78.0%     - 1547s
H    0     0                     159.0000000   35.00000  78.0%     - 1547s
H    0     0                     158.0000000   35.00000  77.8%     - 1547s
     0     0   35.00000    0 2356  158.00000   35.00000  77.8%     - 1548s
H    0     0                     158.0000000   35.00000  77.8%     - 2065s
     0     0   35.54054    0 2346  158.00000   35.54054  77.5%     - 2070s
H    0     0                     157.0000000   39.07906  75.1%     - 2400s
H    0     0                     157.0000000   39.07906  75.1%     - 2400s
     0     0   39.07906    0 2234  157.00000   39.07906  75.1%     - 2400s
     0     0   39.07906    0  945  157.00000   39.07906  75.1%     - 2564s
H    0     0                     156.0000000   39.62663  74.6%     - 2603s
H    0     0                     156.0000000   39.62663  74.6%     - 2603s
     0     0   39.62663    0 1085  156.00000   39.62663  74.6%     - 2604s
     0     0   39.62663    0 1078  156.00000   39.62663  74.6%     - 2618s
     0     0   39.93588    0 1264  156.00000   39.93588  74.4%     - 2691s
     0     0   40.00000    0 1157  156.00000   40.00000  74.4%     - 2730s
     0     0   40.00000    0 1344  156.00000   40.00000  74.4%     - 2770s
     0     0   40.00000    0 1453  156.00000   40.00000  74.4%     - 2905s
     0     0   40.00000    0 1308  156.00000   40.00000  74.4%     - 2925s
     0     0   40.00000    0 1368  156.00000   40.00000  74.4%     - 3043s
     0     0   40.00000    0 1297  156.00000   40.00000  74.4%     - 3085s
     0     0   40.00000    0 1436  156.00000   40.00000  74.4%     - 3208s
     0     0   40.00000    0 1378  156.00000   40.00000  74.4%     - 3256s
H    0     0                     153.0000000   40.00000  73.9%     - 3374s
     0     0   40.00000    0 1449  153.00000   40.00000  73.9%     - 3374s
     0     0   40.00000    0 1371  153.00000   40.00000  73.9%     - 3404s
     0     0   40.00000    0 1465  153.00000   40.00000  73.9%     - 3503s
     0     0   40.00000    0 1459  153.00000   40.00000  73.9%     - 3536s
     0     0          -    0       153.00000   40.00000  73.9%     - 3600s

Cutting planes:
  Learned: 18
  Lift-and-project: 59
  Cover: 286
  Implied bound: 1
  MIR: 330
  Zero half: 122
  RLT: 98
  Relax-and-lift: 24
  BQP: 5

Explored 1 nodes (456228 simplex iterations) in 3600.26 seconds (1900.38 work units)
Thread count was 32 (of 32 available processors)

Solution count 10: 153 156 156 ... 160

Time limit reached
Best objective 1.529999999843e+02, best bound 4.000000000000e+01, gap 73.8562%
