
Gurobi 13.0.0 (linux64) logging started Tue Nov 25 04:59:08 2025

Set parameter LogFile to value "./Results/StripPacking-CutHeur/Logs/HU-010-StripPacking-25-0.log"
Set parameter TimeLimit to value 3600
Set parameter Cuts to value 0
Set parameter Presolve to value 1
Set parameter Heuristics to value 0
Set parameter LogToConsole to value 0
Set parameter LPWarmStart to value 2
Warning: linear constraint 2425 and linear constraint 3625 have the same name "PM[B0,B1,0]"
Warning: linear constraint 2425 and linear constraint 3625 have the same name "PM[B0,B1,0]"
Warning: default constraint names used to write mps file
Gurobi Optimizer version 13.0.0 build v13.0.0rc1 (linux64 - "Debian GNU/Linux 12 (bookworm)")

CPU model: Intel(R) Xeon(R) CPU E5-2630 v3 @ 2.40GHz, instruction set [SSE2|AVX|AVX2]
Thread count: 16 physical cores, 32 logical processors, using up to 32 threads

Non-default parameters:
TimeLimit  3600
LPWarmStart  2
Heuristics  0
Cuts  0
LogToConsole  0
Presolve  1

Optimize a model with 5725 rows, 1251 columns and 15650 nonzeros (Min)
Model fingerprint: 0x0c015e7d
Model has 1 linear objective coefficients
Variable types: 51 continuous, 1200 integer (1200 binary)
Coefficient statistics:
  Matrix range     [1e+00, 1e+04]
  Objective range  [1e+00, 1e+00]
  Bounds range     [1e+00, 1e+04]
  RHS range        [1e+00, 1e+04]

Warning: Completing partial solution with 1200 unfixed non-continuous variables out of 1200
User MIP start produced solution with objective 106.2 (0.01s)
Loaded user MIP start with objective 106.2

Presolve removed 600 rows and 0 columns
Presolve time: 0.03s
Presolved: 5125 rows, 1251 columns, 14450 nonzeros
Variable types: 51 continuous, 1200 integer (1200 binary)

Root relaxation: objective 3.400000e+01, 755 iterations, 0.03 seconds (0.02 work units)

    Nodes    |    Current Node    |     Objective Bounds      |     Work
 Expl Unexpl |  Obj  Depth IntInf | Incumbent    BestBd   Gap | It/Node Time

     0     0   34.00000    0  125  106.20000   34.00000  68.0%     -    0s
     0     0   34.00000    0  125  106.20000   34.00000  68.0%     -    0s
     0     0   34.00000    0  125  106.20000   34.00000  68.0%     -    0s
     0     2   34.00000    0  105  106.20000   34.00000  68.0%     -    0s
* 2410  2278             126     103.0000000   34.00000  67.0%  63.4    2s
  3868  3479   34.00000   15  142  103.00000   34.00000  67.0%  59.0    5s
  5841  4949   34.00000   38  138  103.00000   34.00000  67.0%  62.5   10s
* 6114  4685              94     102.0000000   34.00000  66.7%  62.8   10s
* 6289  4637             111     101.0000000   34.00000  66.3%  63.5   10s
* 7813  5273             112     100.0000000   34.00000  66.0%  62.9   12s
  9677  6082   65.00000   79  107  100.00000   34.00000  66.0%  61.4   15s
*10098  5976             110      96.0000000   34.00000  64.6%  61.7   15s
*11136  5976             109      92.0000000   34.00000  63.0%  59.7   16s
*12691  6918             102      91.0000000   34.00000  62.6%  58.8   18s
*13751  7847             103      90.0000000   34.00000  62.2%  57.8   19s
 14647  8086   64.00000   75  122   90.00000   34.00000  62.2%  56.7   20s
*15031  8359             101      89.0000000   34.00000  61.8%  57.3   20s
*17003  9143             113      87.0000000   34.00000  60.9%  58.3   22s
 18209 10326   85.00000   73   74   87.00000   34.00000  60.9%  59.0   25s
*18253 10186              81      86.0000000   34.00000  60.5%  59.1   25s
*18620 10106              89      85.0000000   34.00000  60.0%  59.4   25s
*21049 11242              98      84.0000000   34.00000  59.5%  60.4   28s
*21053 11151              97      83.0000000   34.00000  59.0%  60.4   28s
 22626 12324 infeasible   98        83.00000   34.00000  59.0%  59.0   30s
*23496 12781              89      82.0000000   34.00000  58.5%  60.4   32s
*25999 14152              93      81.0000000   34.00000  58.0%  60.9   34s
*26388 13888              80      80.0000000   34.00000  57.5%  61.7   34s
 26461 14149   63.00000   98   72   80.00000   34.00000  57.5%  61.7   35s
 29568 16898   43.00000   69  180   80.00000   34.00000  57.5%  63.6   42s
*30551 16394              89      79.0000000   34.00000  57.0%  64.4   42s
*34068 18098              78      78.0000000   34.00000  56.4%  63.3   44s
 34276 18488   56.00000   70  165   78.00000   34.00000  56.4%  63.5   46s
*34821 18208              76      77.0000000   34.00000  55.8%  64.2   46s
 37923 20487 infeasible   62        77.00000   34.00000  55.8%  63.7   50s
 39899 22391   66.00000   85  153   77.00000   34.00000  55.8%  66.3   55s
 43558 24282   59.00000   73  161   77.00000   34.00000  55.8%  66.9   61s
*44332 23665              79      76.0000000   34.00000  55.3%  67.4   61s
 48101 26119 infeasible   62        76.00000   34.00000  55.3%  66.2   65s
 51032 29291   58.00000   74  131   76.00000   34.00000  55.3%  69.2   71s
*54215 29463              72      75.0000000   34.00000  54.7%  68.8   74s
 55048 30262   34.00000   36  136   75.00000   34.00000  54.7%  69.2   76s
*56622 30256              88      74.0000000   34.00000  54.1%  70.0   79s
 57769 32819   52.00000   72  166   74.00000   34.00000  54.1%  70.9   82s
 62151 33901 infeasible   73        74.00000   34.00000  54.1%  71.3   86s
 64180 37413   43.00000   36  163   74.00000   34.00000  54.1%  73.2   92s
 69952 38631   69.00000   60   96   74.00000   34.00000  54.1%  72.9   97s
 71243 39444 infeasible   67        74.00000   34.00000  54.1%  73.8  100s
 74333 43797   63.00000   61  149   74.00000   34.00000  54.1%  75.7  107s
 80204 44677 infeasible  122        74.00000   34.00000  54.1%  74.1  110s
 83339 46685   63.00000   83  158   74.00000   34.00000  54.1%  75.9  117s
 85163 47681   72.00000   91   46   74.00000   34.00000  54.1%  76.9  121s
*86666 46347              80      73.0000000   34.00000  53.4%  77.7  121s
 87204 50428     cutoff   69        73.00000   34.00000  53.4%  78.0  125s
 94963 51571   64.00000   66   82   73.00000   34.00000  53.4%  76.5  130s
 97265 53000   61.00000   51  127   73.00000   34.00000  53.4%  77.8  136s
 100277 55037 infeasible   82        73.00000   34.00000  53.4%  79.3  143s
 102113 59031   62.00000   78  129   73.00000   34.00000  53.4%  79.9  147s
 108765 59841   50.00000   67  107   73.00000   34.00000  53.4%  78.5  150s
 111719 61684   62.00000   60  173   73.00000   34.00000  53.4%  79.8  157s
*112415 60267              87      72.0000000   34.00000  52.8%  80.0  157s
 113531 61138   60.00000   35  134   72.00000   34.00000  52.8%  80.5  162s
 115419 65260   34.00000   63  194   72.00000   34.00000  52.8%  81.2  165s
 122617 66063   44.00000   48  198   72.00000   34.00000  52.8%  79.7  170s
 124309 67714 infeasible   67        72.00000   34.00000  52.8%  80.5  177s
 127834 69466   34.00000   46  151   72.00000   34.00000  52.8%  81.9  184s
 131164 71322   69.00000   63   83   72.00000   34.00000  52.8%  83.1  191s
 134620 78559   70.00000   56   77   72.00000   34.00000  52.8%  84.3  197s
 146614 79363 infeasible   84        72.00000   34.00000  52.8%  81.6  201s
 150044 81172   53.00000   64  186   72.00000   34.00000  52.8%  82.8  209s
 151888 82194 infeasible   63        72.00000   34.00000  52.8%  83.5  213s
 153982 83595 infeasible   81        72.00000   34.00000  52.8%  84.1  219s
 157078 85276   70.00000   60  107   72.00000   34.00000  52.8%  84.9  226s
 160199 86857 infeasible   70        72.00000   34.00000  52.8%  86.0  232s
 163380 88654   34.00000   58  175   72.00000   34.00000  52.8%  86.9  239s
 166685 95240   61.00000   62  140   72.00000   34.00000  52.8%  87.7  244s
 177895 96071   49.00000   72  155   72.00000   34.00000  52.8%  85.6  248s
 179596 97143   65.00000   59  109   72.00000   34.00000  52.8%  86.1  252s
 181570 98184   68.00000   80   68   72.00000   34.00000  52.8%  86.6  256s
 183574 100156   65.00000   70  107   72.00000   34.00000  52.8%  87.1  263s
 187111 101653 infeasible   79        72.00000   34.00000  52.8%  87.7  270s
 190320 103240   59.00000   57  148   72.00000   34.00000  52.8%  88.5  277s
 193324 104978   48.00000   74  167   72.00000   34.00000  52.8%  89.3  283s
 196742 111145   70.00000   76   90   72.00000   34.00000  52.8%  89.9  289s
 207849 112024   37.00000   38  187   72.00000   34.00000  52.8%  88.0  292s
 209444 113152 infeasible   55        72.00000   34.00000  52.8%  88.4  296s
 211278 114303   68.00000   51   94   72.00000   34.00000  52.8%  88.8  301s
 213481 115946   47.00000   61  183   72.00000   34.00000  52.8%  89.2  307s
 216759 117738   34.00000   51  143   72.00000   34.00000  52.8%  89.8  313s
 219884 119454   66.00000   58  129   72.00000   34.00000  52.8%  90.4  320s
 223129 121350     cutoff   59        72.00000   34.00000  52.8%  90.8  326s
 226283 127790   52.00000   54  162   72.00000   34.00000  52.8%  91.4  332s
 237684 128586 infeasible   76        72.00000   34.00000  52.8%  89.6  336s
 241184 130714   39.00000   45  189   72.00000   34.00000  52.8%  90.1  344s
 243272 132357   51.00000   58  170   72.00000   34.00000  52.8%  90.6  351s
 246574 133938   67.00000   59  155   72.00000   34.00000  52.8%  91.1  358s
 249743 135579   48.00000   44  146   72.00000   34.00000  52.8%  91.6  364s
 252745 142482   65.00000   51  207   72.00000   34.00000  52.8%  92.2  370s
 266713 144346 infeasible   83        72.00000   34.00000  52.8%  90.6  378s
*267784 138763              78      71.0000000   34.00000  52.1%  90.7  378s
 268564 139627   40.00000   50  163   71.00000   34.00000  52.1%  90.8  382s
 270427 140740   70.00000   53   73   71.00000   34.00000  52.1%  91.2  388s
 272553 142352   67.00000   64   88   71.00000   34.00000  52.1%  91.5  394s
 275641 143799 infeasible   67        71.00000   34.00000  52.1%  92.0  401s
 278842 145352   51.00000   66  208   71.00000   34.00000  52.1%  92.6  408s
 282001 146903   68.00000   66  129   71.00000   34.00000  52.1%  93.1  415s
 285260 153441   55.00000   75  150   71.00000   34.00000  52.1%  93.6  421s
 297843 154169   50.00000   42  144   71.00000   34.00000  52.1%  91.9  425s
 300967 156027 infeasible   71        71.00000   34.00000  52.1%  92.4  433s
 303137 157692   63.00000   57  132   71.00000   34.00000  52.1%  92.7  440s
 306128 159291   55.00000   70  143   71.00000   34.00000  52.1%  93.1  447s
 309469 160995   48.00000   71  177   71.00000   34.00000  52.1%  93.6  454s
 312712 162725   62.00000   57  121   71.00000   34.00000  52.1%  94.0  461s
 316058 168613   63.00000   84  119   71.00000   34.00000  52.1%  94.4  467s
 326624 169484   65.00000   59  107   71.00000   34.00000  52.1%  93.3  471s
 328358 170514   65.00000   56   90   71.00000   34.00000  52.1%  93.6  475s
 330303 171527   34.00000   59  194   71.00000   34.00000  52.1%  93.8  480s
 332260 173189   64.00000   63  146   71.00000   34.00000  52.1%  94.1  487s
 335761 174864   62.00000   73  142   71.00000   34.00000  52.1%  94.5  495s
 339161 176458   34.00000   73  185   71.00000   34.00000  52.1%  94.9  502s
 342627 178071   36.00000   60  170   71.00000   34.00000  52.1%  95.3  509s
 345711 184699   68.00000   63  164   71.00000   34.00000  52.1%  95.7  515s
 359745 186421   41.00000   63  203   71.00000   34.00000  52.1%  94.4  523s
 361852 188009   62.00000   82  135   71.00000   34.00000  52.1%  94.7  530s
 365217 189570   68.00000   59  119   71.00000   34.00000  52.1%  95.0  537s
 368358 191337   64.00000   67  120   71.00000   34.00000  52.1%  95.4  544s
 371693 192770   61.00000   43  127   71.00000   34.00000  52.1%  95.8  550s
 374988 194277   69.00000   78   63   71.00000   34.00000  52.1%  96.1  557s
 378043 201159   51.00000   70  174   71.00000   34.00000  52.1%  96.5  564s
 390804 202316   50.00000   49  180   71.00000   34.00000  52.1%  95.0  569s
 392973 203869   62.00000   68  148   71.00000   34.00000  52.1%  95.2  575s
 396229 205269 infeasible   68        71.00000   34.00000  52.1%  95.5  582s
 399388 206948 infeasible   56        71.00000   34.00000  52.1%  95.9  589s
 402588 208550 infeasible   75        71.00000   34.00000  52.1%  96.2  596s
 405964 210190 infeasible   74        71.00000   34.00000  52.1%  96.5  603s
 409002 216535   54.00000   88  153   71.00000   34.00000  52.1%  96.8  609s
 421521 217562   68.00000   76  128   71.00000   34.00000  52.1%  95.5  615s
 423822 218828   70.00000   74   91   71.00000   34.00000  52.1%  95.7  621s
 426972 220380   46.00000   54  194   71.00000   34.00000  52.1%  96.0  627s
 430124 221850 infeasible   76        71.00000   34.00000  52.1%  96.2  634s
 433272 223380   47.00000   83  170   71.00000   34.00000  52.1%  96.5  641s
 436332 224864     cutoff   75        71.00000   34.00000  52.1%  96.8  648s
 439487 226730   45.00000   53  175   71.00000   34.00000  52.1%  97.1  655s
 442919 233349   53.00000   76  158   71.00000   34.00000  52.1%  97.3  661s
 455537 234574   42.00000   50  158   71.00000   34.00000  52.1%  96.1  666s
 457767 236129   52.00000   65  161   71.00000   34.00000  52.1%  96.3  673s
 460841 237627   62.00000   53  147   71.00000   34.00000  52.1%  96.6  680s
 464112 239209   42.00000   54  194   71.00000   34.00000  52.1%  96.8  686s
 467339 240739     cutoff   82        71.00000   34.00000  52.1%  97.1  693s
 470475 242187 infeasible   75        71.00000   34.00000  52.1%  97.4  700s
 473697 248388   34.00000   62  211   71.00000   34.00000  52.1%  97.6  706s
 486343 249285 infeasible   57        71.00000   34.00000  52.1%  96.5  711s
 488537 250826   57.00000   68  214   71.00000   34.00000  52.1%  96.7  719s
 491848 252322 infeasible   54        71.00000   34.00000  52.1%  96.9  725s
 495101 253712   69.00000   61   85   71.00000   34.00000  52.1%  97.1  732s
 498198 255414   68.00000   63   92   71.00000   34.00000  52.1%  97.4  738s
 501461 256796   50.00000   55  198   71.00000   34.00000  52.1%  97.6  745s
 504393 258237   68.00000   60  126   71.00000   34.00000  52.1%  97.9  751s
 507665 261062   69.00000   61   71   71.00000   34.00000  52.1%  98.2  758s
 513055 262435   47.00000   56  127   71.00000   34.00000  52.1%  98.2  764s
 515720 263504   45.00000   94  178   71.00000   34.00000  52.1%  98.4  769s
 517837 270326   47.00000   62  239   71.00000   34.00000  52.1%  98.6  775s
 531859 271351 infeasible   78        71.00000   34.00000  52.1%  97.5  780s
 534291 272763   65.00000   69  103   71.00000   34.00000  52.1%  97.7  787s
 535720 273821   68.00000   78   99   71.00000   34.00000  52.1%  97.9  791s
 537539 274582   70.00000   90   18   71.00000   34.00000  52.1%  98.0  795s
 541660 276429   55.00000   58  139   71.00000   34.00000  52.1%  98.2  804s
 543688 277443   67.00000   54  193   71.00000   34.00000  52.1%  98.3  809s
 546102 278435   60.00000   63  134   71.00000   34.00000  52.1%  98.4  814s
 548335 280149   70.00000   63  151   71.00000   34.00000  52.1%  98.6  821s
 551549 281839 infeasible   63        71.00000   34.00000  52.1%  98.8  828s
 554980 286471   40.00000   78  171   71.00000   34.00000  52.1%  99.1  834s
 564078 287512 infeasible   76        71.00000   34.00000  52.1%  98.5  838s
 566079 288570   68.00000   75   96   71.00000   34.00000  52.1%  98.6  843s
 568253 289571   70.00000   52  176   71.00000   34.00000  52.1%  98.8  848s
 570449 290867   44.00000   59  203   71.00000   34.00000  52.1%  98.9  853s
 572945 292097     cutoff   72        71.00000   34.00000  52.1%  99.1  858s
 575607 296499     cutoff   83        71.00000   34.00000  52.1%  99.2  863s
 583818 297030   65.00000   42  191   71.00000   34.00000  52.1%  98.6  865s
 585898 298173   43.00000   68  145   71.00000   34.00000  52.1%  98.7  871s
 588503 299606   62.00000   55  130   71.00000   34.00000  52.1%  98.8  877s
 589896 300366   62.00000   63  119   71.00000   34.00000  52.1%  98.9  881s
 591437 301184 infeasible   50        71.00000   34.00000  52.1%  99.0  885s
 595255 303180   67.00000   70  128   71.00000   34.00000  52.1%  99.2  894s
 597427 307798   59.00000   60  127   71.00000   34.00000  52.1%  99.3  898s
 605989 309040   47.00000   76  152   71.00000   34.00000  52.1%  98.7  903s
 608286 310377   61.00000   82  164   71.00000   34.00000  52.1%  98.8  910s
 611551 311760 infeasible   56        71.00000   34.00000  52.1%  98.9  917s
 614746 313215 infeasible   79        71.00000   34.00000  52.1%  99.1  923s
 617931 314817   66.00000   67  116   71.00000   34.00000  52.1%  99.3  930s
 621350 320883     cutoff   68        71.00000   34.00000  52.1%  99.4  936s
 634562 322561 infeasible   63        71.00000   34.00000  52.1%  98.7  944s
 636509 323702   48.00000   57  142   71.00000   34.00000  52.1%  98.8  949s
 638847 325324   61.00000   96  107   71.00000   34.00000  52.1%  98.9  955s
 642104 327012   70.00000   72   91   71.00000   34.00000  52.1%  99.1  962s
 645150 328601   67.00000   82   89   71.00000   34.00000  52.1%  99.3  968s
 648377 334871     cutoff   71        71.00000   34.00000  52.1%  99.4  974s
 660924 335775 infeasible   72        71.00000   34.00000  52.1%  98.5  978s
 662480 336572   50.00000   62  142   71.00000   34.00000  52.1%  98.6  982s
 664199 337392     cutoff   62        71.00000   34.00000  52.1%  98.7  986s
 666105 338471   64.00000   66   97   71.00000   34.00000  52.1%  98.8  990s
 668287 340115   51.00000   54  145   71.00000   34.00000  52.1%  98.9  997s
 671603 342053   53.00000   46  169   71.00000   34.00000  52.1%  99.1 1004s
 675247 343446 infeasible   47        71.00000   34.00000  52.1%  99.2 1011s
 678460 345142   48.00000   64  169   71.00000   34.00000  52.1%  99.4 1018s
 681835 351202   67.00000   54  195   71.00000   34.00000  52.1%  99.5 1024s
 693788 352027   50.00000   68  172   71.00000   34.00000  52.1%  98.7 1027s
 695324 353072 infeasible   66        71.00000   34.00000  52.1%  98.8 1032s
 697544 354553 infeasible   68        71.00000   34.00000  52.1%  98.9 1039s
*698123 336606              98      70.0000000   34.00000  51.4%  98.9 1039s
 700877 338110 infeasible   68        70.00000   34.00000  51.4%  99.1 1046s
 704134 339635 infeasible   81        70.00000   34.00000  51.4%  99.2 1053s
 707270 341273   67.00000   59  194   70.00000   34.00000  51.4%  99.4 1059s
 710520 342639   40.00000   52  152   70.00000   34.00000  51.4%   100 1066s
 713716 348759   44.00000   55  185   70.00000   34.00000  51.4%   100 1072s
 725873 350084   39.00000   38  195   70.00000   34.00000  51.4%  99.0 1077s
 728276 351487 infeasible   58        70.00000   34.00000  51.4%  99.1 1083s
 731325 353242   34.51733   64  165   70.00000   34.00000  51.4%  99.2 1090s
 734557 354835 infeasible   72        70.00000   34.00000  51.4%  99.4 1096s
 737785 356533   62.00000   49  159   70.00000   34.00000  51.4%  99.5 1103s
 741034 358034   68.00000   35  162   70.00000   34.00000  51.4%   100 1109s
 744124 364481   67.00000   64   69   70.00000   34.00000  51.4%   100 1115s
 756407 365405   67.00000   54  139   70.00000   34.00000  51.4%  99.0 1120s
 758588 366932   65.00000   69  179   70.00000   34.00000  51.4%  99.2 1127s
 761765 368646     cutoff   61        70.00000   34.00000  51.4%  99.4 1134s
 765151 370144   36.00000   59  205   70.00000   34.00000  51.4%   100 1141s
 768466 371773   59.00000   58  150   70.00000   34.00000  51.4%   100 1148s
 771765 373265   47.00000   71  199   70.00000   34.00000  51.4%   100 1155s
 774810 374980   67.00000   65  125   70.00000   34.00000  51.4%   100 1162s
 778255 381650   53.00000   70  108   70.00000   34.00000  51.4%   100 1168s
 790700 382819   39.00000   51  161   70.00000   34.00000  51.4%  99.4 1173s
 792899 384424   61.00000   71   97   70.00000   34.00000  51.4%   100 1180s
 796173 385949   53.00000   54  193   70.00000   34.00000  51.4%   100 1187s
 799353 387581   50.00000   46  158   70.00000   34.00000  51.4%   100 1193s
 802594 389187   48.00000   88  157   70.00000   34.00000  51.4%   100 1200s
 805883 390845 infeasible   74        70.00000   34.00000  51.4%   100 1206s
 809133 393547   58.00000   50  153   70.00000   34.00000  51.4%   100 1213s
 814203 394950   57.00000   55  127   70.00000   34.00000  51.4%   100 1219s
 817080 396365     cutoff   71        70.00000   34.00000  51.4%   100 1225s
 828499 401245   34.00000   54  208   70.00000   34.00000  51.4%   100 1232s
 830413 402281 infeasible   59        70.00000   34.00000  51.4%   100 1237s
 831575 402790   62.00000   43  187   70.00000   34.00000  51.4%   100 1240s
 834366 404420   68.00000   70  126   70.00000   34.00000  51.4%   100 1246s
 835913 405291 infeasible   53        70.00000   34.00000  51.4%   100 1250s
 839647 407285   48.00000   48  150   70.00000   34.00000  51.4%   101 1259s
 841828 411620   66.00000   72   98   70.00000   34.00000  51.4%   101 1263s
 849904 412762   66.00000   46  127   70.00000   34.00000  51.4%   100 1268s
 852194 414372   52.00000   62  118   70.00000   34.00000  51.4%   100 1274s
 855525 415930 infeasible   72        70.00000   34.00000  51.4%   100 1281s
 858866 417680   50.00000   48  123   70.00000   34.00000  51.4%   101 1287s
 862067 423213   56.00000   69  110   70.00000   34.00000  51.4%   101 1293s
 872236 424251   64.00000   63  127   70.00000   34.00000  51.4%   100 1297s
 874145 425361     cutoff   58        70.00000   34.00000  51.4%   100 1301s
 876202 426303   67.00000   57  107   70.00000   34.00000  51.4%   100 1306s
 878364 427376   50.00000   49  145   70.00000   34.00000  51.4%   100 1311s
 880710 428522   66.00000   63  100   70.00000   34.00000  51.4%   100 1316s
 883048 429981   69.00000   64  129   70.00000   34.00000  51.4%   101 1323s
 886277 431733 infeasible   59        70.00000   34.00000  51.4%   101 1329s
 889767 438083   64.00000   78  124   70.00000   34.00000  51.4%   101 1335s
 903235 439638   60.00000   76   89   70.00000   34.00000  51.4%   100 1342s
 904905 440581   34.00000   50  165   70.00000   34.00000  51.4%   100 1346s
 906665 441481   39.00000   52  228   70.00000   34.00000  51.4%   100 1350s
 908592 442608     cutoff   67        70.00000   34.00000  51.4%   100 1355s
 910733 443848   34.00000   59  215   70.00000   34.00000  51.4%   101 1360s
 913079 445556   34.00000   64  219   70.00000   34.00000  51.4%   101 1367s
 916352 447152   64.00000   51  116   70.00000   34.00000  51.4%   101 1374s
 919583 448719   40.00000   40  196   70.00000   34.00000  51.4%   101 1380s
 922755 454335   65.00000   70  108   70.00000   34.00000  51.4%   101 1386s
 933168 455221   65.00000   52  124   70.00000   34.00000  51.4%   100 1390s
 936846 456178   68.00000   88  109   70.00000   34.00000  51.4%   101 1395s
 939018 458533   51.00000   46  146   70.00000   34.00000  51.4%   101 1404s
 941544 459681   68.00000   61   93   70.00000   34.00000  51.4%   101 1409s
 943841 461117   53.00000   66  148   70.00000   34.00000  51.4%   101 1415s
 947040 462715   65.00000   61  129   70.00000   34.00000  51.4%   101 1422s
 950361 465779   69.00000   69   93   70.00000   34.00000  51.4%   101 1429s
 956018 467292   49.00000   44  145   70.00000   34.00000  51.4%   101 1434s
 958629 468758   64.00000   68  104   70.00000   34.00000  51.4%   101 1440s
 961413 474470   47.00000   51  185   70.00000   34.00000  51.4%   101 1445s
 971550 475700   43.00000   44  198   70.00000   34.00000  51.4%   101 1451s
 973946 477365   58.00000   62  139   70.00000   34.00000  51.4%   101 1457s
 977218 478763   59.00000   62  137   70.00000   34.00000  51.4%   101 1463s
 980342 480258   39.00000   45  196   70.00000   34.00000  51.4%   101 1469s
 983337 481703   66.00000   62  128   70.00000   34.00000  51.4%   101 1476s
 986380 483217     cutoff   50        70.00000   34.00000  51.4%   101 1483s
 989611 484608   69.00000   77   49   70.00000   34.00000  51.4%   101 1489s
 992847 491022   45.00000   63  170   70.00000   34.00000  51.4%   101 1495s
 1005151 492071 infeasible   71        70.00000   34.00000  51.4%   101 1500s
 1007385 493839   68.00000   65  119   70.00000   34.00000  51.4%   101 1507s
 1010792 495611   68.00000   72  129   70.00000   34.00000  51.4%   101 1514s
 1014099 496972   63.00000   62  110   70.00000   34.00000  51.4%   101 1521s
 1017430 498580 infeasible   47        70.00000   34.00000  51.4%   101 1527s
 1020512 500224   53.00000   58  171   70.00000   34.00000  51.4%   101 1534s
 1023889 506554   36.00000   49  196   70.00000   34.00000  51.4%   101 1540s
 1035935 507790   62.00000   54  118   70.00000   34.00000  51.4%   101 1545s
 1038347 509397     cutoff   58        70.00000   34.00000  51.4%   101 1552s
 1041503 510927     cutoff   74        70.00000   34.00000  51.4%   101 1559s
 1044598 512581   50.00000   50  180   70.00000   34.00000  51.4%   101 1565s
 1047790 514345   61.00000   66   95   70.00000   34.00000  51.4%   101 1572s
 1051015 516029   62.00000   53  104   70.00000   34.00000  51.4%   101 1579s
 1054272 522286   34.00000   47  180   70.00000   34.00000  51.4%   101 1584s
 1066698 523362 infeasible   58        70.00000   34.00000  51.4%   101 1590s
 1069022 524897   47.00000   50  187   70.00000   34.00000  51.4%   101 1596s
 1072328 526380   69.00000   44   62   70.00000   34.00000  51.4%   101 1603s
 1075465 528179 infeasible   66        70.00000   34.00000  51.4%   101 1610s
 1078783 529622   53.00000   55  141   70.00000   34.00000  51.4%   101 1616s
 1081852 531249   66.00000   60  164   70.00000   34.00000  51.4%   101 1623s
 1085130 532862   61.00000   54  122   70.00000   34.00000  51.4%   101 1629s
 1088340 539660   51.00000   70  179   70.00000   34.00000  51.4%   102 1635s
 1100583 540657 infeasible   68        70.00000   34.00000  51.4%   101 1641s
 1102896 542169   59.00000   57  198   70.00000   34.00000  51.4%   101 1647s
 1106121 543582 infeasible   62        70.00000   34.00000  51.4%   101 1654s
 1109085 545095   41.00000   60  209   70.00000   34.00000  51.4%   101 1661s
 1112338 546310   38.00000   43  188   70.00000   34.00000  51.4%   101 1668s
 1115613 547701   68.00000   61  121   70.00000   34.00000  51.4%   102 1674s
 1118835 549116   34.00000   58  191   70.00000   34.00000  51.4%   102 1681s
 1122056 551757   39.09302   35  165   70.00000   34.00000  51.4%   102 1688s
 1127286 552973   57.00000   48   87   70.00000   34.00000  51.4%   102 1694s
 1130202 554394   65.00000   56  183   70.00000   34.00000  51.4%   102 1699s
 1131618 554394 infeasible   66        70.00000   34.00000  51.4%   102 1700s
 1132676 560675   65.00000   64   90   70.00000   34.00000  51.4%   102 1705s
 1145852 561618   67.00000   64   99   70.00000   34.00000  51.4%   101 1710s
 1148064 563035   56.00000   64  109   70.00000   34.00000  51.4%   101 1716s
 1149571 563922   64.00000   71  126   70.00000   34.00000  51.4%   101 1720s
 1153020 565796   68.00000   70  144   70.00000   34.00000  51.4%   102 1728s
 1154987 566848   38.00000   68  200   70.00000   34.00000  51.4%   102 1733s
 1157017 567952   57.00000   50  148   70.00000   34.00000  51.4%   102 1737s
 1159268 569263   46.00000   52  166   70.00000   34.00000  51.4%   102 1742s
 1161712 575210   48.00000   71  158   70.00000   34.00000  51.4%   102 1748s
 1173418 575825   42.00000   42  181   70.00000   34.00000  51.4%   101 1751s
 1175821 577150   47.00000   57  173   70.00000   34.00000  51.4%   101 1757s
 1177206 577877 infeasible   66        70.00000   34.00000  51.4%   101 1760s
 1180329 579341 infeasible   82        70.00000   34.00000  51.4%   101 1768s
 1182178 580442 infeasible   68        70.00000   34.00000  51.4%   102 1772s
 1184257 581562   53.00000   60  151   70.00000   34.00000  51.4%   102 1777s
 1186396 582759   57.00000   70  107   70.00000   34.00000  51.4%   102 1782s
 1188706 583815   68.00000   51  134   70.00000   34.00000  51.4%   102 1787s
 1191058 590108   34.00000   57  198   70.00000   34.00000  51.4%   102 1793s
 1202793 590510 infeasible   76        70.00000   34.00000  51.4%   101 1796s
 1205336 591630 infeasible   57        70.00000   34.00000  51.4%   101 1802s
 1206748 592189   67.00000   54  131   70.00000   34.00000  51.4%   101 1805s
 1209938 593737   50.00000   63  202   70.00000   34.00000  51.4%   102 1813s
 1211744 594672   65.00000   54  148   70.00000   34.00000  51.4%   102 1818s
 1213664 595732 infeasible   70        70.00000   34.00000  51.4%   102 1823s
 1215906 596922   34.00000   41  164   70.00000   34.00000  51.4%   102 1828s
 1218276 597961   34.00000   57  200   70.00000   34.00000  51.4%   102 1833s
 1220424 599623   45.00000   49  196   70.00000   34.00000  51.4%   102 1841s
 1223909 601271   64.00000   66  138   70.00000   34.00000  51.4%   102 1848s
 1227338 607687     cutoff   52        70.00000   34.00000  51.4%   102 1854s
 1239400 608402 infeasible   73        70.00000   34.00000  51.4%   102 1857s
 1241083 609185   54.00000   61  143   70.00000   34.00000  51.4%   102 1861s
 1242876 610132   67.00000   63  141   70.00000   34.00000  51.4%   102 1865s
 1244826 611017 infeasible   71        70.00000   34.00000  51.4%   102 1870s
 1246870 612091 infeasible   68        70.00000   34.00000  51.4%   102 1875s
 1249062 613258   48.00000   42  137   70.00000   34.00000  51.4%   102 1880s
 1251446 614801   47.00000   55  133   70.00000   34.00000  51.4%   102 1886s
 1254717 616265   69.00000   78   62   70.00000   34.00000  51.4%   102 1893s
 1257807 617867   34.00000   27  172   70.00000   34.00000  51.4%   102 1900s
 1261215 623699   34.00000   65  180   70.00000   34.00000  51.4%   102 1905s
 1274985 625456   61.00000   69  122   70.00000   34.00000  51.4%   102 1912s
 1276779 626383     cutoff   70        70.00000   34.00000  51.4%   102 1916s
 1278601 627401   34.00000   67  176   70.00000   34.00000  51.4%   102 1922s
 1280848 629062 infeasible   57        70.00000   34.00000  51.4%   102 1928s
 1284054 630495   66.00000   52  144   70.00000   34.00000  51.4%   102 1935s
 1287425 632049     cutoff   71        70.00000   34.00000  51.4%   102 1942s
 1290591 633699   63.00000   47  163   70.00000   34.00000  51.4%   102 1949s
 1293993 640327   68.00000   65  105   70.00000   34.00000  51.4%   102 1955s
 1308531 642338   50.00000   57  197   70.00000   34.00000  51.4%   102 1964s
 1310732 644098   67.00000   59   98   70.00000   34.00000  51.4%   102 1971s
 1314167 645909   50.00000   49  147   70.00000   34.00000  51.4%   102 1977s
 1317698 647593   69.00000   74   35   70.00000   34.00000  51.4%   102 1984s
 1320797 649431 infeasible   43        70.00000   34.00000  51.4%   102 1991s
 1324311 655984   36.00000   38  229   70.00000   34.00000  51.4%   102 1997s
 1336350 656924 infeasible   89        70.00000   34.00000  51.4%   102 2000s
 1338023 658046   39.00000   49  199   70.00000   34.00000  51.4%   102 2006s
 1340403 659391   53.00000   62  150   70.00000   34.00000  51.4%   102 2012s
 1343567 661183 infeasible   68        70.00000   34.00000  51.4%   102 2019s
 1346812 662865   43.00000   57  179   70.00000   34.00000  51.4%   102 2025s
 1350060 664406   65.00000   67   80   70.00000   34.00000  51.4%   102 2031s
 1353334 670450   68.00000   79   64   70.00000   34.00000  51.4%   102 2037s
 1364869 671273   36.00000   56  194   70.00000   34.00000  51.4%   102 2041s
 1366538 672311 infeasible   77        70.00000   34.00000  51.4%   102 2045s
 1368379 673518 infeasible   75        70.00000   34.00000  51.4%   102 2050s
 1370677 675265 infeasible   80        70.00000   34.00000  51.4%   102 2057s
 1374109 676878   63.00000   59  151   70.00000   34.00000  51.4%   102 2063s
 1377299 678642 infeasible   48        70.00000   34.00000  51.4%   102 2070s
 1380664 680498   68.00000   55   86   70.00000   34.00000  51.4%   102 2076s
 1384224 685694   64.00000   79   69   70.00000   34.00000  51.4%   102 2082s
 1393891 686651   60.00000   47  152   70.00000   34.00000  51.4%   102 2086s
 1395770 687743   41.00000   65  129   70.00000   34.00000  51.4%   102 2090s
 1397845 689310   64.00000   49  133   70.00000   34.00000  51.4%   102 2096s
 1400456 690892   59.00000   65  120   70.00000   34.00000  51.4%   102 2102s
 1403555 692228   41.00000   43  151   70.00000   34.00000  51.4%   102 2108s
 1406517 693698 infeasible   65        70.00000   34.00000  51.4%   102 2114s
 1409552 699984   34.00000   61  220   70.00000   34.00000  51.4%   102 2120s
 1422592 701641     cutoff   53        70.00000   34.00000  51.4%   102 2127s
 1424412 702532   55.00000   65  157   70.00000   34.00000  51.4%   102 2132s
 1426262 703604   59.00000   61  166   70.00000   34.00000  51.4%   102 2136s
 1428288 704688 infeasible   64        70.00000   34.00000  51.4%   102 2141s
 1430665 706193   60.00000   61  151   70.00000   34.00000  51.4%   102 2148s
 1433832 707881   55.00000   56  176   70.00000   34.00000  51.4%   102 2154s
 1437044 709792   46.00000   51  135   70.00000   34.00000  51.4%   102 2161s
 1440384 716383   51.00000   87  157   70.00000   34.00000  51.4%   102 2167s
 1452431 717201 infeasible   81        70.00000   34.00000  51.4%   102 2170s
 1455894 719312   50.00000   59  174   70.00000   34.00000  51.4%   102 2178s
 1457954 720478   67.00000   61  113   70.00000   34.00000  51.4%   102 2184s
 1460355 722026 infeasible   64        70.00000   34.00000  51.4%   102 2190s
 1463563 723528   48.00000   60  155   70.00000   34.00000  51.4%   102 2197s
 1466719 725129   65.00000   63  134   70.00000   34.00000  51.4%   102 2203s
 1470039 731128   68.00000   58  116   70.00000   34.00000  51.4%   102 2209s
 1482075 731892 infeasible   83        70.00000   34.00000  51.4%   102 2212s
 1483591 732696     cutoff   55        70.00000   34.00000  51.4%   102 2216s
 1485297 733691   61.00000   70  144   70.00000   34.00000  51.4%   102 2221s
 1487267 734881   61.00000   62  137   70.00000   34.00000  51.4%   102 2226s
 1489673 736613   34.00000   52  166   70.00000   34.00000  51.4%   102 2232s
 1492844 738524 infeasible   64        70.00000   34.00000  51.4%   102 2239s
 1496321 739939   51.00000   64  147   70.00000   34.00000  51.4%   102 2245s
 1499402 744345   50.00000   51  155   70.00000   34.00000  51.4%   102 2251s
 1508045 745522   34.00000   40  146   70.00000   34.00000  51.4%   102 2255s
 1510225 746671   69.00000   80   24   70.00000   34.00000  51.4%   102 2260s
 1512476 747897 infeasible   73        70.00000   34.00000  51.4%   102 2265s
 1514883 749307 infeasible   88        70.00000   34.00000  51.4%   102 2270s
 1517579 750511   59.00000   48  121   70.00000   34.00000  51.4%   102 2276s
 1520064 756931   53.00000   60  173   70.00000   34.00000  51.4%   102 2281s
 1532609 758092   63.00000   49  175   70.00000   34.00000  51.4%   102 2287s
 1533804 759077   34.00000   46  241   70.00000   34.00000  51.4%   102 2290s
 1536973 760744   65.00000   73   98   70.00000   34.00000  51.4%   102 2297s
 1538660 761654   64.00000   42  172   70.00000   34.00000  51.4%   102 2301s
 1540582 762643     cutoff   61        70.00000   34.00000  51.4%   102 2306s
 1542550 763731 infeasible   76        70.00000   34.00000  51.4%   102 2310s
 1544615 764979   67.00000   42  175   70.00000   34.00000  51.4%   102 2315s
 1546956 766088 infeasible   82        70.00000   34.00000  51.4%   102 2320s
 1549164 772906   59.00000   66  107   70.00000   34.00000  51.4%   102 2326s
 1562962 774120   53.00000   42  160   70.00000   34.00000  51.4%   102 2331s
 1564201 774764   58.00000   49  142   70.00000   34.00000  51.4%   102 2335s
 1567035 776329   42.00000   55  187   70.00000   34.00000  51.4%   102 2342s
 1568702 777197   34.00000   41  148   70.00000   34.00000  51.4%   102 2346s
 1570506 778254   68.00000   66   95   70.00000   34.00000  51.4%   102 2350s
 1572516 779387 infeasible   62        70.00000   34.00000  51.4%   102 2355s
 1574703 780608   61.00000   64  135   70.00000   34.00000  51.4%   102 2360s
 1577089 781488   66.00000   75   76   70.00000   34.00000  51.4%   102 2365s
 1579477 782967   69.00000   61  129   70.00000   34.00000  51.4%   102 2371s
 1582666 786942   45.00000   52  153   70.00000   34.00000  51.4%   102 2377s
 1590202 787985 infeasible   73        70.00000   34.00000  51.4%   102 2382s
 1592194 789144   51.00000   62  163   70.00000   34.00000  51.4%   102 2386s
 1594441 790111   49.00000   53  200   70.00000   34.00000  51.4%   102 2391s
 1596577 791400   68.00000   67  114   70.00000   34.00000  51.4%   102 2396s
 1599181 792678   46.00000   63  186   70.00000   34.00000  51.4%   102 2402s
 1601736 797874   67.00000   60  133   70.00000   34.00000  51.4%   102 2407s
 1611406 798931   36.00000   42  146   70.00000   34.00000  51.4%   102 2412s
 1613665 800518     cutoff   57        70.00000   34.00000  51.4%   102 2419s
 1617025 802220   68.00000   71  153   70.00000   34.00000  51.4%   102 2426s
 1620387 803815   63.00000   66   81   70.00000   34.00000  51.4%   102 2433s
 1623714 805447   39.00000   46  186   70.00000   34.00000  51.4%   102 2440s
 1626941 811868   48.00000   29  155   70.00000   34.00000  51.4%   102 2446s
 1638747 812707   66.00000   60  164   70.00000   34.00000  51.4%   102 2450s
 1640367 813668 infeasible   57        70.00000   34.00000  51.4%   102 2455s
 1642729 815364   50.00000   51  149   70.00000   34.00000  51.4%   102 2462s
 1646028 816926   61.00000   54  123   70.00000   34.00000  51.4%   102 2469s
 1649252 818622   65.00000   53  199   70.00000   34.00000  51.4%   102 2475s
 1652553 820373 infeasible   83        70.00000   34.00000  51.4%   102 2482s
 1655881 821994   48.00000   40  202   70.00000   34.00000  51.4%   102 2488s
 1659022 828234   53.00000   72  156   70.00000   34.00000  51.4%   102 2495s
 1670659 829260   47.00000   60  217   70.00000   34.00000  51.4%   102 2500s
 1672941 830719     cutoff   71        70.00000   34.00000  51.4%   102 2506s
 1676245 832013   34.00000   60  217   70.00000   34.00000  51.4%   102 2513s
 1679465 833679   67.00000   53  146   70.00000   34.00000  51.4%   102 2520s
 1682756 835285   63.00000   67  128   70.00000   34.00000  51.4%   102 2527s
 1685947 837059   68.00000   65   94   70.00000   34.00000  51.4%   102 2533s
 1689346 838570   64.00000   41   87   70.00000   34.00000  51.4%   102 2540s
 1692848 844914   65.00000   61  112   70.00000   34.00000  51.4%   102 2546s
 1705144 846127   67.00000   44  146   70.00000   34.00000  51.4%   102 2551s
 1707662 847642   69.00000   72   65   70.00000   34.00000  51.4%   102 2557s
 1710629 849261 infeasible   72        70.00000   34.00000  51.4%   102 2564s
 1713773 851089     cutoff   57        70.00000   34.00000  51.4%   102 2570s
 1717281 852629   45.00000   40  108   70.00000   34.00000  51.4%   102 2577s
 1720431 854113     cutoff   57        70.00000   34.00000  51.4%   102 2583s
 1723689 858816   64.00000   72   65   70.00000   34.00000  51.4%   102 2589s
 1732329 859832   67.00000   72  162   70.00000   34.00000  51.4%   102 2593s
 1734376 860670   63.00000   59   92   70.00000   34.00000  51.4%   102 2599s
 1736761 862026   67.00000   59  123   70.00000   34.00000  51.4%   102 2605s
 1739840 863720   55.00000   55  199   70.00000   34.00000  51.4%   102 2612s
 1743270 865526   42.00000   47  166   70.00000   34.00000  51.4%   102 2619s
 1746557 871786   65.00000   55  162   70.00000   34.00000  51.4%   102 2624s
 1758440 872569 infeasible   54        70.00000   34.00000  51.4%   102 2628s
 1760033 873440   47.00000   46  164   70.00000   34.00000  51.4%   102 2632s
 1761798 874526   55.00000   66  165   70.00000   34.00000  51.4%   102 2636s
 1763890 875727   67.00000   75   88   70.00000   34.00000  51.4%   102 2641s
 1766339 877464   61.00000   56   97   70.00000   34.00000  51.4%   102 2648s
 1769674 879243   69.00000   60  107   70.00000   34.00000  51.4%   102 2654s
 1772898 880709   63.00000   68  151   70.00000   34.00000  51.4%   102 2660s
 1775927 886438   37.00000   61  198   70.00000   34.00000  51.4%   102 2666s
 1787438 887191 infeasible   58        70.00000   34.00000  51.4%   102 2670s
 1790878 889006   60.00000   60  112   70.00000   34.00000  51.4%   102 2678s
 1792774 890257   57.00000   47  147   70.00000   34.00000  51.4%   102 2683s
 1795195 891727   44.00000   52  186   70.00000   34.00000  51.4%   102 2690s
 1798229 893486   59.00000   90   94   70.00000   34.00000  51.4%   102 2696s
 1801577 895033   69.00000   55  104   70.00000   34.00000  51.4%   102 2703s
 1804699 896584   66.00000   71  131   70.00000   34.00000  51.4%   102 2710s
 1807936 903039   67.00000   79  108   70.00000   34.00000  51.4%   102 2716s
 1820366 903728 infeasible   61        70.00000   34.00000  51.4%   102 2720s
 1821991 904732 infeasible   73        70.00000   34.00000  51.4%   102 2725s
 1824451 906001 infeasible   59        70.00000   34.00000  51.4%   102 2732s
 1827481 907680   69.00000   66   95   70.00000   34.00000  51.4%   102 2738s
 1830650 909356   34.00000   44  165   70.00000   34.00000  51.4%   102 2745s
 1833910 910819   63.00000   52  135   70.00000   34.00000  51.4%   102 2752s
 1837170 912217 infeasible   64        70.00000   34.00000  51.4%   102 2758s
 1840293 913622 infeasible   64        70.00000   34.00000  51.4%   102 2766s
 1843681 919630   63.00000   39  127   70.00000   34.00000  51.4%   102 2771s
 1855602 920779   46.00000   68  169   70.00000   34.00000  51.4%   102 2777s
 1858004 922246 infeasible   50        70.00000   34.00000  51.4%   102 2783s
 1861033 923783 infeasible   54        70.00000   34.00000  51.4%   102 2790s
 1864227 925583   50.00000   58  189   70.00000   34.00000  51.4%   102 2797s
 1867540 927142   47.00000   47  137   70.00000   34.00000  51.4%   102 2803s
 1870680 928744   59.00000   53  149   70.00000   34.00000  51.4%   102 2810s
 1873876 930473   52.00000   64  201   70.00000   34.00000  51.4%   102 2817s
 1877311 936755   62.00000   56  164   70.00000   34.00000  51.4%   102 2823s
 1889670 937810   48.00000   65  162   70.00000   34.00000  51.4%   102 2828s
 1891954 939428   38.00000   66  184   70.00000   34.00000  51.4%   102 2835s
 1895360 940866   63.00000   59  108   70.00000   34.00000  51.4%   102 2842s
 1898378 942551   65.00000   53   94   70.00000   34.00000  51.4%   102 2849s
 1901623 944337   69.00000   46  138   70.00000   34.00000  51.4%   102 2856s
 1905093 946183   52.00000   32  134   70.00000   34.00000  51.4%   102 2862s
 1908454 952060   52.00000   68  190   70.00000   34.00000  51.4%   102 2868s
 1920035 953505   48.00000   52  193   70.00000   34.00000  51.4%   102 2874s
 1922535 954739     cutoff   64        70.00000   34.00000  51.4%   102 2880s
 1925465 956117   47.00000   60  212   70.00000   34.00000  51.4%   102 2886s
 1928650 957644   67.00000   54  153   70.00000   34.00000  51.4%   102 2893s
 1931772 959128 infeasible   55        70.00000   34.00000  51.4%   102 2900s
 1935116 960396 infeasible   75        70.00000   34.00000  51.4%   102 2907s
 1938238 961817   63.00000   65   63   70.00000   34.00000  51.4%   102 2913s
 1941436 963357 infeasible   65        70.00000   34.00000  51.4%   102 2920s
 1944756 969309   47.00000   55  160   70.00000   34.00000  51.4%   102 2926s
 1956658 970543 infeasible   70        70.00000   34.00000  51.4%   102 2931s
 1959055 971890 infeasible   53        70.00000   34.00000  51.4%   102 2937s
 1962176 973245     cutoff   53        70.00000   34.00000  51.4%   102 2944s
 1965368 974867   61.00000   60  118   70.00000   34.00000  51.4%   102 2951s
 1968525 976699   59.00000   77   98   70.00000   34.00000  51.4%   102 2957s
 1971938 978287     cutoff   59        70.00000   34.00000  51.4%   102 2964s
 1975187 979711   68.00000   77  134   70.00000   34.00000  51.4%   102 2971s
 1978308 981292   50.00000   40  121   70.00000   34.00000  51.4%   102 2977s
 1981608 987584   47.00000   55  155   70.00000   34.00000  51.4%   103 2983s
 1993685 988699   68.00000   64  102   70.00000   34.00000  51.4%   102 2989s
 1996057 990408   69.00000   58   82   70.00000   34.00000  51.4%   102 2995s
 1999455 991992 infeasible   67        70.00000   34.00000  51.4%   102 3002s
 2002712 993472   36.00000   58  181   70.00000   34.00000  51.4%   102 3008s
 2005754 995095     cutoff   61        70.00000   34.00000  51.4%   102 3015s
 2009084 996472 infeasible   59        70.00000   34.00000  51.4%   102 3021s
 2012269 997836   46.00000   50  235   70.00000   34.00000  51.4%   102 3028s
 2015377 1004034   39.00000   55  168   70.00000   34.00000  51.4%   103 3033s
 2027524 1005256   68.00000   72  101   70.00000   34.00000  51.4%   102 3039s
 2029959 1006786   69.00000   64  112   70.00000   34.00000  51.4%   102 3045s
 2033280 1008380 infeasible   63        70.00000   34.00000  51.4%   102 3052s
 2036389 1009775   68.00000   53  103   70.00000   34.00000  51.4%   102 3058s
 2039566 1011166     cutoff   62        70.00000   34.00000  51.4%   102 3064s
 2042744 1012697     cutoff   56        70.00000   34.00000  51.4%   102 3071s
 2046045 1014350   45.00000   56  194   70.00000   34.00000  51.4%   103 3077s
 2049275 1020615   61.00000   63  152   70.00000   34.00000  51.4%   103 3083s
 2061286 1021630 infeasible   53        70.00000   34.00000  51.4%   102 3088s
 2063816 1023246   39.00000   41  207   70.00000   34.00000  51.4%   102 3095s
 2067000 1024928   61.00000   80  128   70.00000   34.00000  51.4%   102 3101s
 2070066 1026433 infeasible   64        70.00000   34.00000  51.4%   102 3107s
 2073213 1028053   63.00000   63  143   70.00000   34.00000  51.4%   102 3114s
 2076474 1029717   65.00000   56  139   70.00000   34.00000  51.4%   102 3121s
 2079695 1031386   34.00000   51  197   70.00000   34.00000  51.4%   102 3127s
 2082784 1037535   59.00000   65  181   70.00000   34.00000  51.4%   103 3132s
 2095044 1038593   68.00000   68  113   70.00000   34.00000  51.4%   102 3138s
 2097375 1040309 infeasible   63        70.00000   34.00000  51.4%   102 3144s
 2100758 1041778   39.00000   48  156   70.00000   34.00000  51.4%   102 3151s
 2103926 1043665   69.00000   61  123   70.00000   34.00000  51.4%   102 3158s
 2107331 1045049   34.00000   50  192   70.00000   34.00000  51.4%   102 3165s
 2110560 1046467   51.00000   30  145   70.00000   34.00000  51.4%   102 3171s
 2113812 1048063 infeasible   66        70.00000   34.00000  51.4%   103 3178s
 2117067 1054244   68.00000   68   97   70.00000   34.00000  51.4%   103 3184s
 2129410 1055526     cutoff   41        70.00000   34.00000  51.4%   102 3189s
 2131857 1057294 infeasible   73        70.00000   34.00000  51.4%   102 3196s
 2135149 1058716   34.00000   43  177   70.00000   34.00000  51.4%   102 3202s
 2138253 1060432   67.00000   44  106   70.00000   34.00000  51.4%   102 3208s
 2141527 1061968 infeasible   55        70.00000   34.00000  51.4%   102 3215s
 2144650 1063574   66.00000   47  217   70.00000   34.00000  51.4%   102 3222s
 2147939 1070209   69.00000   53  152   70.00000   34.00000  51.4%   103 3228s
 2160432 1071343 infeasible   72        70.00000   34.00000  51.4%   102 3233s
 2162777 1072844 infeasible   74        70.00000   34.00000  51.4%   102 3240s
 2166155 1074575   65.00000   60  139   70.00000   34.00000  51.4%   102 3246s
 2169459 1076133   68.00000   68  118   70.00000   34.00000  51.4%   102 3252s
 2172855 1077746     cutoff   70        70.00000   34.00000  51.4%   102 3259s
 2176049 1079282   40.00000   51  209   70.00000   34.00000  51.4%   102 3265s
 2179366 1080898   68.00000   61   85   70.00000   34.00000  51.4%   102 3272s
 2182642 1087243   65.00000   52  110   70.00000   34.00000  51.4%   102 3277s
 2194408 1088592   61.00000   37  167   70.00000   34.00000  51.4%   102 3283s
 2196976 1090350   66.00000   71   80   70.00000   34.00000  51.4%   102 3289s
 2200101 1091702 infeasible   80        70.00000   34.00000  51.4%   102 3295s
 2203246 1093320   68.00000   59   97   70.00000   34.00000  51.4%   102 3302s
 2206378 1094966     cutoff   61        70.00000   34.00000  51.4%   102 3308s
 2209562 1100852   34.00000   47  183   70.00000   34.00000  51.4%   102 3314s
 2220645 1101943   69.00000   66  106   70.00000   34.00000  51.4%   102 3318s
 2222518 1102940   57.00000   58  116   70.00000   34.00000  51.4%   102 3322s
 2224391 1104215   47.00000   62  160   70.00000   34.00000  51.4%   102 3327s
 2226873 1105610   34.00000   47  166   70.00000   34.00000  51.4%   102 3333s
 2229885 1107197   68.00000   57  124   70.00000   34.00000  51.4%   102 3340s
 2233075 1109148   60.00000   54  124   70.00000   34.00000  51.4%   102 3347s
 2236432 1115365   53.00000   49  106   70.00000   34.00000  51.4%   102 3352s
 2248804 1116139 infeasible   68        70.00000   34.00000  51.4%   102 3356s
 2250385 1117086 infeasible   70        70.00000   34.00000  51.4%   102 3360s
 2254079 1119277   60.00000   43  148   70.00000   34.00000  51.4%   102 3369s
 2256394 1120701   64.00000   51  121   70.00000   34.00000  51.4%   102 3375s
 2259698 1122508   68.00000   55  103   70.00000   34.00000  51.4%   102 3382s
 2263063 1124247   53.00000   60  138   70.00000   34.00000  51.4%   102 3389s
 2266407 1125828   67.00000   60  145   70.00000   34.00000  51.4%   102 3395s
 2269662 1131824   62.00000   57   85   70.00000   34.00000  51.4%   102 3401s
 2283474 1133974 infeasible   62        70.00000   34.00000  51.4%   102 3410s
 2285915 1135690   68.00000   60  136   70.00000   34.00000  51.4%   102 3416s
 2289133 1137113   60.00000   53  178   70.00000   34.00000  51.4%   102 3422s
 2292292 1138578   34.00000   50  197   70.00000   34.00000  51.4%   102 3429s
 2295413 1139991   62.00000   61  187   70.00000   34.00000  51.4%   102 3435s
 2298757 1141739   66.00000   64  105   70.00000   34.00000  51.4%   102 3441s
 2301935 1147796   59.00000   53  135   70.00000   34.00000  51.4%   102 3447s
 2314003 1149105 infeasible   69        70.00000   34.00000  51.4%   102 3452s
 2316337 1150637   61.00000   56  144   70.00000   34.00000  51.4%   102 3459s
 2319607 1152240   53.00000   45  174   70.00000   34.00000  51.4%   102 3465s
 2322847 1153840   64.00000   63  167   70.00000   34.00000  51.4%   102 3472s
 2326152 1155418   65.00000   55  161   70.00000   34.00000  51.4%   102 3479s
 2329426 1156796   68.00000   57   81   70.00000   34.00000  51.4%   102 3485s
 2332553 1158262 infeasible   87        70.00000   34.00000  51.4%   102 3492s
 2335919 1164703   65.00000   57  119   70.00000   34.00000  51.4%   102 3498s
 2348121 1165994   55.00000   51  141   70.00000   34.00000  51.4%   102 3503s
 2350600 1167423   59.00000   72   80   70.00000   34.00000  51.4%   102 3510s
 2353565 1169217   46.00000   47  229   70.00000   34.00000  51.4%   102 3517s
 2356943 1170735 infeasible   74        70.00000   34.00000  51.4%   102 3523s
 2360165 1172354 infeasible   58        70.00000   34.00000  51.4%   102 3530s
 2363391 1174037   65.00000   47  149   70.00000   34.00000  51.4%   102 3536s
 2366705 1175548   69.00000   64   95   70.00000   34.00000  51.4%   102 3543s
 2369838 1181917   61.00000   55  180   70.00000   34.00000  51.4%   102 3549s
 2381564 1183067   64.00000   36  182   70.00000   34.00000  51.4%   102 3554s
 2383967 1184660   66.00000   62  128   70.00000   34.00000  51.4%   102 3561s
 2387177 1186549 infeasible   50        70.00000   34.00000  51.4%   102 3567s
 2390560 1188035   67.00000   47  120   70.00000   34.00000  51.4%   102 3574s
 2393716 1189528   67.00000   60  116   70.00000   34.00000  51.4%   102 3580s
 2396823 1191293   61.00000   47  192   70.00000   34.00000  51.4%   102 3587s
 2400167 1197817   65.00000   64  104   70.00000   34.00000  51.4%   102 3593s
 2412737 1199158 infeasible   92        70.00000   34.00000  51.4%   102 3598s
 2415160 1199614   58.00000   59  134   70.00000   34.00000  51.4%   102 3600s

Explored 2415871 nodes (246521461 simplex iterations) in 3600.14 seconds (1121.38 work units)
Thread count was 32 (of 32 available processors)

Solution count 10: 70 71 72 ... 79

Time limit reached
Best objective 7.000000000000e+01, best bound 3.400000000000e+01, gap 51.4286%
