
Gurobi 13.0.0 (linux64) logging started Tue Nov 25 17:00:37 2025

Set parameter LogFile to value "./Results/StripPacking-CutHeur/Logs/HU-010-StripPacking-35-0.log"
Set parameter TimeLimit to value 3600
Set parameter Cuts to value 0
Set parameter Presolve to value 1
Set parameter Heuristics to value 0
Set parameter LogToConsole to value 0
Set parameter LPWarmStart to value 2
Warning: linear constraint 4795 and linear constraint 7175 have the same name "PM[B0,B1,0]"
Warning: linear constraint 4795 and linear constraint 7175 have the same name "PM[B0,B1,0]"
Warning: default constraint names used to write mps file
Gurobi Optimizer version 13.0.0 build v13.0.0rc1 (linux64 - "Debian GNU/Linux 12 (bookworm)")

CPU model: Intel(R) Xeon(R) CPU E5-2630 v3 @ 2.40GHz, instruction set [SSE2|AVX|AVX2]
Thread count: 16 physical cores, 32 logical processors, using up to 32 threads

Non-default parameters:
TimeLimit  3600
LPWarmStart  2
Heuristics  0
Cuts  0
LogToConsole  0
Presolve  1

Optimize a model with 11340 rows, 2451 columns and 31010 nonzeros (Min)
Model fingerprint: 0xbd072144
Model has 1 linear objective coefficients
Variable types: 71 continuous, 2380 integer (2380 binary)
Coefficient statistics:
  Matrix range     [1e+00, 1e+04]
  Objective range  [1e+00, 1e+00]
  Bounds range     [1e+00, 1e+04]
  RHS range        [1e+00, 1e+04]

Warning: Completing partial solution with 2380 unfixed non-continuous variables out of 2380
User MIP start produced solution with objective 143.9 (0.01s)
Loaded user MIP start with objective 143.9

Presolve removed 1190 rows and 0 columns
Presolve time: 0.06s
Presolved: 10150 rows, 2451 columns, 28630 nonzeros
Variable types: 71 continuous, 2380 integer (2380 binary)

Root relaxation: objective 4.800000e+01, 1530 iterations, 0.10 seconds (0.08 work units)

    Nodes    |    Current Node    |     Objective Bounds      |     Work
 Expl Unexpl |  Obj  Depth IntInf | Incumbent    BestBd   Gap | It/Node Time

     0     0   48.00000    0  185  143.90000   48.00000  66.6%     -    0s
     0     0   48.00000    0  174  143.90000   48.00000  66.6%     -    0s
     0     0   48.00000    0  174  143.90000   48.00000  66.6%     -    0s
     0     2   48.00000    0  122  143.90000   48.00000  66.6%     -    0s
  1222  2177   48.00000   46  316  143.90000   48.00000  66.6%   181    7s
  3463  4410   48.00000  126  305  143.90000   48.00000  66.6%   146   11s
  5977  5319   48.00000   18  186  143.90000   48.00000  66.6%   120   15s
  6852  6137   48.00000   45  173  143.90000   48.00000  66.6%   122   20s
  7764  7473   48.00000   71  209  143.90000   48.00000  66.6%   123   25s
  9451  9405   48.00000  118  207  143.90000   48.00000  66.6%   120   30s
 14239 10307   48.00000  201  201  143.90000   48.00000  66.6%   102   35s
 16901 10589 infeasible  205       143.90000   48.00000  66.6%  98.1   40s
*17781 11247             170     143.0000000   48.00000  66.4%  97.3   41s
 20408 11763   82.00000   86  262  143.00000   48.00000  66.4%  93.0   46s
*23535 13407             135     142.0000000   48.00000  66.2%  89.4   49s
 23906 14133   89.00000   90  196  142.00000   48.00000  66.2%  89.2   50s
 26511 16133   48.00000  109  251  142.00000   48.00000  66.2%  89.5   55s
 30198 18099   48.00000   30  259  142.00000   48.00000  66.2%  88.2   60s
 33012 20213   48.00000   43  251  142.00000   48.00000  66.2%  86.5   66s
 36731 22888 infeasible  138       142.00000   48.00000  66.2%  83.8   71s
*37462 24016             148     141.0000000   48.00000  66.0%  84.0   72s
 39325 25495   65.00000  135  248  141.00000   48.00000  66.0%  83.5   76s
 41573 30324 infeasible  131       141.00000   48.00000  66.0%  83.4   84s
*44322 29683             151     138.0000000   48.00000  65.2%  82.0   84s
 47873 29890 infeasible  110       138.00000   48.00000  65.2%  80.6   86s
*48451 29757             158     133.0000000   48.00000  63.9%  81.2   88s
 48634 30099   99.00000  123  188  133.00000   48.00000  63.9%  81.3   91s
*48820 30006             163     131.0000000   48.00000  63.4%  81.1   91s
*48821 29899             163     130.0000000   48.00000  63.1%  81.1   91s
 51456 31759 infeasible  179       130.00000   48.00000  63.1%  81.7   95s
*51805 31743             161     129.0000000   48.00000  62.8%  81.9   95s
 54391 33675 infeasible  140       129.00000   48.00000  62.8%  81.3  100s
 56847 35322   63.00000   75  273  129.00000   48.00000  62.8%  81.8  105s
 57715 37254   67.00000  115  271  129.00000   48.00000  62.8%  83.5  110s
 60710 39296   70.00000   89  284  129.00000   48.00000  62.8%  83.4  115s
*61484 38996             144     128.0000000   48.00000  62.5%  83.1  115s
 63883 43941   48.00000   56  256  128.00000   48.00000  62.5%  82.8  126s
*66676 43655             153     127.0000000   48.00000  62.2%  82.1  126s
 72353 44091   63.00000   93  239  127.00000   48.00000  62.2%  81.1  130s
*72894 43976             143     126.0000000   48.00000  61.9%  81.7  132s
*73746 43829             139     125.0000000   48.00000  61.6%  82.2  134s
 73869 45178  101.00000  130  129  125.00000   48.00000  61.6%  82.2  137s
 76796 45947 infeasible  157       125.00000   48.00000  61.6%  82.3  142s
*77018 45710             169     124.0000000   48.00000  61.3%  82.4  142s
*77225 45155             159     121.0000000   48.00000  60.3%  82.7  142s
*77687 46416             159     120.0000000   48.00000  60.0%  82.7  144s
 79805 46701 infeasible  137       120.00000   48.00000  60.0%  82.1  147s
 82674 48487   58.00000  121  219  120.00000   48.00000  60.0%  81.9  152s
 83508 50386   48.00000   85  297  120.00000   48.00000  60.0%  82.7  157s
 85807 50696   53.00000  106  332  120.00000   48.00000  60.0%  82.3  161s
*85972 50463             164     119.0000000   48.00000  59.7%  82.4  161s
 86372 53906   80.00000  101  291  119.00000   48.00000  59.7%  82.8  169s
*88724 53628             141     118.0000000   48.00000  59.3%  82.6  169s
 92462 53810   89.00000  119  183  118.00000   48.00000  59.3%  82.6  172s
 92978 54234   76.00000  136  167  118.00000   48.00000  59.3%  83.1  175s
*93183 53677             173     116.0000000   48.00000  58.6%  83.2  175s
*94351 53927             145     115.0000000   48.00000  58.3%  84.0  179s
 94382 54476 infeasible  107       115.00000   48.00000  58.3%  84.1  183s
*94827 53904             137     113.0000000   48.00000  57.5%  84.3  183s
 95277 55835   76.00000  116  248  113.00000   48.00000  57.5%  84.6  186s
*98873 56134             142     112.0000000   48.00000  57.1%  83.8  189s
 99369 56616  111.00000  144   17  112.00000   48.00000  57.1%  84.0  193s
*99381 56116             153     111.0000000   48.00000  56.8%  84.0  193s
 100191 57836   69.00000   95  342  111.00000   48.00000  56.8%  84.4  195s
 103422 58383 infeasible  116       111.00000   48.00000  56.8%  84.3  202s
*103509 58039             130     110.0000000   48.00000  56.4%  84.3  202s
 104071 58502 infeasible  115       110.00000   48.00000  56.4%  84.8  205s
*104805 58138             165     109.0000000   48.00000  56.0%  85.3  205s
 107475 60318 infeasible   94       109.00000   48.00000  56.0%  85.1  211s
 108094 61254 infeasible  104       109.00000   48.00000  56.0%  85.7  219s
 109712 65949   63.00000  117  243  109.00000   48.00000  56.0%  87.0  227s
 117039 66227 infeasible  124       109.00000   48.00000  56.0%  85.6  230s
*117529 65782             133     108.0000000   48.00000  55.6%  86.1  230s
*117882 65583             116     107.0000000   48.00000  55.1%  86.4  233s
 118242 65772   68.00000   79  260  107.00000   48.00000  55.1%  86.5  236s
*118542 65309             143     106.0000000   48.00000  54.7%  86.8  236s
*118550 64669             144     105.0000000   48.00000  54.3%  86.8  236s
*118841 64687             135     104.0000000   48.00000  53.8%  87.0  239s
 119464 64937   63.00000  110  274  104.00000   48.00000  53.8%  87.4  243s
 119999 65545 infeasible  132       104.00000   48.00000  53.8%  87.8  247s
 120821 67709   70.00000   91  217  104.00000   48.00000  53.8%  88.3  250s
 124643 68431   48.00000   61  348  104.00000   48.00000  53.8%  88.6  257s
*124994 67636             133     103.0000000   48.00000  53.4%  88.9  257s
 125345 69410   67.00000   74  289  103.00000   48.00000  53.4%  89.0  261s
 128257 69655 infeasible   91       103.00000   48.00000  53.4%  88.7  265s
 128790 70846   71.00000   95  271  103.00000   48.00000  53.4%  89.4  276s
*129296 69301             133     101.0000000   48.00000  52.5%  89.8  276s
 130712 74123   58.00000   91  253  101.00000   48.00000  52.5%  90.9  284s
 138642 74297 infeasible  118       101.00000   48.00000  52.5%  89.9  287s
 139112 74613   71.00000  120  364  101.00000   48.00000  52.5%  90.3  290s
 140384 75403   79.00000  108  215  101.00000   48.00000  52.5%  90.8  297s
 140956 75796 infeasible  143       101.00000   48.00000  52.5%  91.2  300s
 143374 77247   66.00000  121  262  101.00000   48.00000  52.5%  92.0  308s
 144060 78087   62.00000   97  252  101.00000   48.00000  52.5%  92.4  311s
 145475 78457 infeasible  140       101.00000   48.00000  52.5%  92.4  316s
 146219 78828   48.00000   84  398  101.00000   48.00000  52.5%  92.8  320s
 150598 81538   66.00000   86  281  101.00000   48.00000  52.5%  93.1  327s
 151221 82486   65.00000   88  253  101.00000   48.00000  52.5%  93.6  336s
 152953 87274   75.00000  106  255  101.00000   48.00000  52.5%  94.7  345s
 160812 87828   49.00000   90  263  101.00000   48.00000  52.5%  94.3  351s
 161360 88277   51.00000  107  253  101.00000   48.00000  52.5%  94.8  355s
 162648 88913 infeasible  146       101.00000   48.00000  52.5%  95.4  362s
 163311 91001   96.00000  112  158  101.00000   48.00000  52.5%  95.8  365s
 167444 91587   89.00000  120  219  101.00000   48.00000  52.5%  95.5  371s
 168101 91859   49.00000   66  309  101.00000   48.00000  52.5%  95.8  375s
 171806 94050 infeasible  123       101.00000   48.00000  52.5%  95.7  383s
 172469 94971   97.00000  106  241  101.00000   48.00000  52.5%  96.0  391s
 174193 99446   48.00000   67  276  101.00000   48.00000  52.5%  96.8  399s
 181914 99654   53.00000  106  235  101.00000   48.00000  52.5%  95.6  402s
 182397 99953   97.00000  142   94  101.00000   48.00000  52.5%  95.9  405s
 183658 100557   48.00000  115  263  101.00000   48.00000  52.5%  96.3  411s
*184505 99625             163     100.0000000   48.00000  52.0%  96.8  415s
 188077 101535 infeasible   90       100.00000   48.00000  52.0%  96.5  421s
 188603 101758   73.00000   98  248  100.00000   48.00000  52.0%  96.9  425s
 189782 102358   65.00000   69  263  100.00000   48.00000  52.0%  97.5  431s
*190031 101375             117      99.0000000   48.00000  51.5%  97.6  431s
 193683 103328 infeasible  105        99.00000   48.00000  51.5%  97.4  438s
 194338 104141 infeasible  106        99.00000   48.00000  51.5%  97.7  447s
 196078 108309   58.00000  103  303   99.00000   48.00000  51.5%  98.5  455s
 203805 108838   87.00000  104  182   99.00000   48.00000  51.5%  98.1  461s
 204407 109137   62.00000   88  253   99.00000   48.00000  51.5%  98.3  465s
*205722 108307             161      98.0000000   48.00000  51.0%  98.9  469s
 205795 108606 infeasible   82        98.00000   48.00000  51.0%  98.9  472s
 206449 108985   48.00000  104  299   98.00000   48.00000  51.0%  99.3  476s
 207202 111158   71.00000   98  277   98.00000   48.00000  51.0%   100  480s
 211377 111769 infeasible  111        98.00000   48.00000  51.0%   100  487s
 212038 112316   97.00000  107  140   98.00000   48.00000  51.0%   100  492s
*212846 109969             186      96.0000000   48.00000  50.0%   100  492s
 213072 111787   51.00000  105  277   96.00000   48.00000  50.0%   100  496s
 216168 112107 infeasible  146        96.00000   48.00000  50.0%   100  500s
 216868 112734   76.00000   86  226   96.00000   48.00000  50.0%   100  509s
 218320 116460   60.00000   85  256   96.00000   48.00000  50.0%   101  518s
 224519 116799 infeasible  106        96.00000   48.00000  50.0%   100  522s
 225208 117037   75.00000  116  210   96.00000   48.00000  50.0%   101  526s
 226553 117615   95.00000  120   66   96.00000   48.00000  50.0%   101  534s
 227221 117925   74.00000  107  280   96.00000   48.00000  50.0%   102  539s
 228039 120109   87.00000  114  172   96.00000   48.00000  50.0%   102  542s
 232050 120424 infeasible  149        96.00000   48.00000  50.0%   102  546s
 232797 120783   58.00000   69  232   96.00000   48.00000  50.0%   102  550s
 234255 123220   74.00000  122  278   96.00000   48.00000  50.0%   102  558s
 237810 123553 infeasible  150        96.00000   48.00000  50.0%   102  562s
 238527 124256 infeasible   94        96.00000   48.00000  50.0%   102  571s
 240040 128990   77.00000  124  218   96.00000   48.00000  50.0%   103  580s
 248102 129398 infeasible  105        96.00000   48.00000  50.0%   102  586s
 249050 129802   89.00000   90  290   96.00000   48.00000  50.0%   103  592s
 249637 130108 infeasible   98        96.00000   48.00000  50.0%   103  595s
 250891 130673 infeasible  115        96.00000   48.00000  50.0%   104  603s
 251586 131044   59.00000  125  249   96.00000   48.00000  50.0%   104  607s
 252335 133157   80.00000  133  204   96.00000   48.00000  50.0%   104  611s
 255856 133303 infeasible  129        96.00000   48.00000  50.0%   104  615s
 257152 134090 infeasible   94        96.00000   48.00000  50.0%   105  623s
 257899 136266   80.00000   79  285   96.00000   48.00000  50.0%   105  627s
 261567 136661 infeasible  140        96.00000   48.00000  50.0%   105  631s
 262304 137250   48.00000   81  306   96.00000   48.00000  50.0%   105  640s
 263768 141922   81.00000  122  185   96.00000   48.00000  50.0%   105  648s
 271498 142128   75.00000  102  312   96.00000   48.00000  50.0%   104  651s
 272497 142719   60.00000   94  283   96.00000   48.00000  50.0%   105  658s
 273108 143049   62.00000   80  215   96.00000   48.00000  50.0%   105  661s
 274265 143547   81.00000  103  239   96.00000   48.00000  50.0%   106  668s
 274824 143802   81.00000  124  160   96.00000   48.00000  50.0%   106  672s
 275435 144155   50.00000  129  249   96.00000   48.00000  50.0%   106  676s
 276184 146235   56.00000  108  355   96.00000   48.00000  50.0%   106  680s
 280474 146675   54.00000   80  312   96.00000   48.00000  50.0%   106  687s
 281080 146936   70.00000   91  345   96.00000   48.00000  50.0%   107  691s
 281695 148093   57.00000  136  262   96.00000   48.00000  50.0%   107  696s
 283965 148468 infeasible  124        96.00000   48.00000  50.0%   107  700s
 284672 149307   62.00000  104  257   96.00000   48.00000  50.0%   107  709s
 286401 153774   65.00000  117  310   96.00000   48.00000  50.0%   107  718s
 294324 153997 infeasible  151        96.00000   48.00000  50.0%   106  720s
 295380 154603   71.00000   95  201   96.00000   48.00000  50.0%   107  726s
 295965 154844   87.00000  107  227   96.00000   48.00000  50.0%   107  730s
 297130 156059   70.00000  145  230   96.00000   48.00000  50.0%   107  737s
 298890 156377   91.00000   91  282   96.00000   48.00000  50.0%   107  740s
 300185 158642   58.00000   93  343   96.00000   48.00000  50.0%   108  747s
 303576 158902 infeasible  130        96.00000   48.00000  50.0%   107  751s
 304739 159432 infeasible  108        96.00000   48.00000  50.0%   108  759s
 305407 164223   56.00000   62  227   96.00000   48.00000  50.0%   108  768s
 313457 164416 infeasible  131        96.00000   48.00000  50.0%   107  770s
 314272 164878   95.00000  107  113   96.00000   48.00000  50.0%   107  776s
 315291 165381   80.00000   96  205   96.00000   48.00000  50.0%   108  782s
 315750 165640   94.00000  120  145   96.00000   48.00000  50.0%   108  785s
 316863 166201 infeasible  140        96.00000   48.00000  50.0%   108  792s
 317432 166378 infeasible  130        96.00000   48.00000  50.0%   108  796s
 318063 166657   50.00000   88  324   96.00000   48.00000  50.0%   109  800s
 322243 168878 infeasible  130        96.00000   48.00000  50.0%   109  808s
 322909 169273 infeasible  107        96.00000   48.00000  50.0%   109  811s
 323620 169709   85.00000  102  241   96.00000   48.00000  50.0%   109  815s
 327803 172000 infeasible  115        96.00000   48.00000  50.0%   109  824s
 328518 172999 infeasible  130        96.00000   48.00000  50.0%   109  833s
 330393 177376   73.00000  123  254   96.00000   48.00000  50.0%   109  841s
 338608 177983   68.00000   84  275   96.00000   48.00000  50.0%   109  847s
 339268 178207   55.00000  106  265   96.00000   48.00000  50.0%   109  850s
 340407 178830 infeasible  122        96.00000   48.00000  50.0%   109  857s
 341200 179173   58.00000   91  360   96.00000   48.00000  50.0%   109  861s
 341899 180578   48.00000   91  318   96.00000   48.00000  50.0%   109  865s
 344995 181461 infeasible  104        96.00000   48.00000  50.0%   109  873s
 345748 183528   93.00000   88  180   96.00000   48.00000  50.0%   110  877s
 349494 183993 infeasible  120        96.00000   48.00000  50.0%   109  881s
 350339 184963   90.00000   97  172   96.00000   48.00000  50.0%   109  890s
 352146 188526   55.00000   58  346   96.00000   48.00000  50.0%   110  897s
 358723 188774 infeasible  130        96.00000   48.00000  50.0%   109  900s
 359919 189597   62.00000   84  319   96.00000   48.00000  50.0%   109  907s
 360648 190653   58.00000  104  328   96.00000   48.00000  50.0%   109  911s
 362447 190989   48.00000   79  237   96.00000   48.00000  50.0%   109  915s
 363140 191448   66.00000  102  263   96.00000   48.00000  50.0%   109  920s
 367387 193782 infeasible   98        96.00000   48.00000  50.0%   109  927s
 368077 194309   95.00000  109  171   96.00000   48.00000  50.0%   109  930s
 372045 196846 infeasible   94        96.00000   48.00000  50.0%   109  939s
 372892 198240   86.00000  119  231   96.00000   48.00000  50.0%   109  948s
 375091 201520   65.00000   71  282   96.00000   48.00000  50.0%   109  954s
 380720 201985 infeasible  123        96.00000   48.00000  50.0%   109  957s
 381407 202407     cutoff  111        96.00000   48.00000  50.0%   109  960s
 384884 204616 infeasible  174        96.00000   48.00000  50.0%   109  966s
 385616 205039   94.00000  107   75   96.00000   48.00000  50.0%   109  970s
 389230 207148   82.00000   78  186   96.00000   48.00000  50.0%   108  976s
 390632 209264   93.00000  126  183   96.00000   48.00000  50.0%   109  982s
 393553 209685   48.00000   60  252   96.00000   48.00000  50.0%   108  986s
 394407 210771   61.00000   91  232   96.00000   48.00000  50.0%   108  995s
 396225 214652   93.00000  110  235   96.00000   48.00000  50.0%   109 1001s
 403413 215358 infeasible  117        96.00000   48.00000  50.0%   108 1007s
 404107 215796 infeasible  116        96.00000   48.00000  50.0%   108 1011s
 407955 218021 infeasible  124        96.00000   48.00000  50.0%   108 1017s
 408542 218416   56.00000   77  282   96.00000   48.00000  50.0%   108 1020s
 409951 220478   48.00000   94  324   96.00000   48.00000  50.0%   108 1027s
 412671 220808 infeasible  117        96.00000   48.00000  50.0%   108 1030s
 413912 222840   71.00000   99  248   96.00000   48.00000  50.0%   108 1037s
 416935 223262   57.00000   71  324   96.00000   48.00000  50.0%   108 1043s
 417768 224241   92.00000  101  259   96.00000   48.00000  50.0%   108 1050s
 419512 228214   95.00000  101  148   96.00000   48.00000  50.0%   109 1057s
 426023 228467 infeasible   95        96.00000   48.00000  50.0%   108 1060s
 427190 229205   68.00000   91  261   96.00000   48.00000  50.0%   108 1066s
 428545 229988   62.00000   93  322   96.00000   48.00000  50.0%   109 1073s
 429296 231837   84.00000  111  195   96.00000   48.00000  50.0%   109 1076s
 432436 232210   77.00000  105  300   96.00000   48.00000  50.0%   109 1080s
 433808 234485   80.00000  109  245   96.00000   48.00000  50.0%   109 1087s
 436758 234788 infeasible  106        96.00000   48.00000  50.0%   109 1090s
 438358 235894   93.00000  104  177   96.00000   48.00000  50.0%   109 1102s
 439830 239529   94.00000  105  173   96.00000   48.00000  50.0%   109 1109s
 446167 239763 infeasible  134        96.00000   48.00000  50.0%   109 1112s
 446712 240084   85.00000   91  313   96.00000   48.00000  50.0%   109 1115s
 448071 240769   55.00000  125  299   96.00000   48.00000  50.0%   109 1122s
 448792 241162 infeasible  116        96.00000   48.00000  50.0%   109 1127s
 449566 241498   93.00000  105  217   96.00000   48.00000  50.0%   109 1131s
 450321 242740   58.00000   56  345   96.00000   48.00000  50.0%   110 1135s
 453433 243597 infeasible  103        96.00000   48.00000  50.0%   110 1143s
 454235 245758   48.00000   59  304   96.00000   48.00000  50.0%   110 1147s
 457991 246353 infeasible   87        96.00000   48.00000  50.0%   110 1152s
 458956 247054   76.00000  114  208   96.00000   48.00000  50.0%   110 1158s
 460445 250799   61.00000  103  345   96.00000   48.00000  50.0%   110 1165s
 467226 251433   82.00000  103  314   96.00000   48.00000  50.0%   109 1171s
 468541 252249   79.00000   76  252   96.00000   48.00000  50.0%   110 1178s
 469378 253776   48.00000  138  282   96.00000   48.00000  50.0%   110 1181s
 471918 254109   73.00000   90  265   96.00000   48.00000  50.0%   110 1185s
 473264 256346   89.00000   70  203   96.00000   48.00000  50.0%   110 1191s
 476571 256698 infeasible   99        96.00000   48.00000  50.0%   109 1195s
 477896 257497   81.00000  132  201   96.00000   48.00000  50.0%   110 1201s
 478742 259519   75.00000  115  271   96.00000   48.00000  50.0%   110 1205s
 483167 260410   89.00000  105  245   96.00000   48.00000  50.0%   110 1212s
 483776 261025   61.00000   87  238   96.00000   48.00000  50.0%   110 1215s
 487834 263183 infeasible  119        96.00000   48.00000  50.0%   109 1220s
 489185 264235   93.00000  109  244   96.00000   48.00000  50.0%   110 1226s
 490311 264568   74.00000   92  264   96.00000   48.00000  50.0%   110 1230s
 493938 266410 infeasible  135        96.00000   48.00000  50.0%   109 1236s
 494558 266622   58.00000   89  300   96.00000   48.00000  50.0%   110 1240s
 495780 268512   93.00000  107  246   96.00000   48.00000  50.0%   110 1246s
 499332 269390   69.00000  105  304   96.00000   48.00000  50.0%   110 1253s
 500222 273350   75.76471  103  272   96.00000   48.00000  50.0%   110 1260s
 507654 273822 infeasible  106        96.00000   48.00000  50.0%   109 1265s
 508755 274456   95.00000  111   68   96.00000   48.00000  50.0%   109 1270s
 509964 275134   74.00000   82  227   96.00000   48.00000  50.0%   109 1276s
 513505 276889 infeasible   91        96.00000   48.00000  50.0%   109 1282s
 514099 277214 infeasible  126        96.00000   48.00000  50.0%   109 1285s
 517554 279132 infeasible  101        96.00000   48.00000  50.0%   109 1291s
 518840 279832     cutoff   89        96.00000   48.00000  50.0%   109 1297s
 519638 280190   66.00000   87  233   96.00000   48.00000  50.0%   110 1300s
 521660 283384   85.00000  110  240   96.00000   48.00000  50.0%   110 1309s
 526285 283650   94.00000  131  108   96.00000   48.00000  50.0%   109 1312s
 526861 283853 infeasible  146        96.00000   48.00000  50.0%   109 1315s
 527902 284571   48.00000   89  274   96.00000   48.00000  50.0%   110 1321s
 532014 286753 infeasible  107        96.00000   48.00000  50.0%   109 1327s
 532612 287024   95.00000  125   96   96.00000   48.00000  50.0%   109 1330s
 534110 289039   89.00000   95  194   96.00000   48.00000  50.0%   110 1336s
 537613 289667   95.00000  120  192   96.00000   48.00000  50.0%   109 1342s
 541252 291545 infeasible  141        96.00000   48.00000  50.0%   109 1348s
 542047 292292   59.00000  118  207   96.00000   48.00000  50.0%   109 1356s
 543712 296309   69.00000   95  183   96.00000   48.00000  50.0%   110 1363s
 551768 296522 infeasible  112        96.00000   48.00000  50.0%   109 1365s
 552770 297040   91.00000   67  336   96.00000   48.00000  50.0%   109 1370s
 554007 297629     cutoff   92        96.00000   48.00000  50.0%   109 1376s
 555361 298290 infeasible  101        96.00000   48.00000  50.0%   110 1383s
 556087 300131   48.00000   83  316   96.00000   48.00000  50.0%   110 1386s
 560008 300866   93.00000  112  146   96.00000   48.00000  50.0%   109 1392s
 560789 301752   60.00000   99  306   96.00000   48.00000  50.0%   109 1396s
 562582 302217   62.00000  123  282   96.00000   48.00000  50.0%   109 1401s
 563443 305890   89.00000   79  295   96.00000   48.00000  50.0%   110 1407s
 571358 306349   86.00000  133  170   96.00000   48.00000  50.0%   109 1411s
 572383 306866 infeasible  120        96.00000   48.00000  50.0%   109 1416s
 573432 307393 infeasible   94        96.00000   48.00000  50.0%   109 1421s
 574589 309441   48.00000   58  355   96.00000   48.00000  50.0%   109 1427s
 577611 309756   51.00000   92  261   96.00000   48.00000  50.0%   109 1430s
 578769 310411   79.00000   87  281   96.00000   48.00000  50.0%   109 1436s
 582227 312216   92.00000  102  252   96.00000   48.00000  50.0%   109 1441s
 582808 312571   68.00000   61  344   96.00000   48.00000  50.0%   109 1445s
 587452 314976   75.00000  115  226   96.00000   48.00000  50.0%   109 1451s
 588189 315443   48.00000  105  170   96.00000   48.00000  50.0%   109 1455s
 589296 317155   48.00000   93  289   96.00000   48.00000  50.0%   109 1460s
 592226 317649   91.00000  103  180   96.00000   48.00000  50.0%   109 1466s
 595279 319280   83.00000  109  315   96.00000   48.00000  50.0%   109 1471s
 596234 319865   54.00000   90  293   96.00000   48.00000  50.0%   109 1477s
 596765 321468   76.00000  107  230   96.00000   48.00000  50.0%   109 1480s
 600046 322038   79.00000  103  214   96.00000   48.00000  50.0%   109 1485s
 603782 323835 infeasible   98        96.00000   48.00000  50.0%   109 1491s
 604277 324326   93.00000   80  208   96.00000   48.00000  50.0%   109 1495s
 605110 327963   85.00000  111  312   96.00000   48.00000  50.0%   109 1502s
 612458 328429   88.00000  111  213   96.00000   48.00000  50.0%   109 1506s
 613424 329129     cutoff   98        96.00000   48.00000  50.0%   109 1511s
 614687 329795 infeasible  110        96.00000   48.00000  50.0%   109 1517s
 615325 330182   59.00000  101  350   96.00000   48.00000  50.0%   109 1521s
 619338 332320 infeasible  104        96.00000   48.00000  50.0%   109 1527s
 619891 332640   65.00000   96  312   96.00000   48.00000  50.0%   109 1530s
 621092 334551   67.00000  104  271   96.00000   48.00000  50.0%   109 1537s
 624021 334776 infeasible  113        96.00000   48.00000  50.0%   109 1540s
 625206 335396 infeasible  109        96.00000   48.00000  50.0%   109 1548s
 626031 339527   48.00000  103  397   96.00000   48.00000  50.0%   110 1555s
 634480 340163   52.00000  101  321   96.00000   48.00000  50.0%   109 1562s
 635541 340660   48.00000  132  302   96.00000   48.00000  50.0%   109 1567s
 636588 341115 infeasible  143        96.00000   48.00000  50.0%   109 1572s
 637136 341475   75.00000  104  265   96.00000   48.00000  50.0%   109 1575s
 640888 343299 infeasible  103        96.00000   48.00000  50.0%   109 1581s
 642049 343803   91.00000  120  205   96.00000   48.00000  50.0%   110 1587s
 642678 345777   93.00000  113  126   96.00000   48.00000  50.0%   110 1590s
 646636 347649   48.00000   93  292   96.00000   48.00000  50.0%   110 1602s
 649492 348153   76.00000  106  238   96.00000   48.00000  50.0%   110 1607s
 650566 351231   93.00000  106  140   96.00000   48.00000  50.0%   110 1612s
 655962 351537   48.00000   93  324   96.00000   48.00000  50.0%   109 1616s
 657333 352241   58.00000   90  330   96.00000   48.00000  50.0%   110 1622s
 658071 352608 infeasible  131        96.00000   48.00000  50.0%   110 1626s
 658778 354651   48.00000   75  266   96.00000   48.00000  50.0%   110 1630s
 663332 355250   68.00000   86  279   96.00000   48.00000  50.0%   110 1636s
 666036 356624   56.00000  100  277   96.00000   48.00000  50.0%   110 1642s
 666690 356930 infeasible  119        96.00000   48.00000  50.0%   110 1647s
 667434 361161   67.00000  130  249   96.00000   48.00000  50.0%   110 1654s
 675254 361398 infeasible  135        96.00000   48.00000  50.0%   109 1657s
 676257 361919   65.00000  109  313   96.00000   48.00000  50.0%   109 1662s
 677237 362547 infeasible  112        96.00000   48.00000  50.0%   109 1667s
 677846 362814   92.00000  131  149   96.00000   48.00000  50.0%   110 1670s
 681137 364737 infeasible  137        96.00000   48.00000  50.0%   109 1676s
 682373 366859   62.00000   61  236   96.00000   48.00000  50.0%   110 1681s
 685737 367433 infeasible  117        96.00000   48.00000  50.0%   109 1687s
 686294 368928   59.00000  108  274   96.00000   48.00000  50.0%   109 1690s
 690148 372993   94.00000  117   78   96.00000   48.00000  50.0%   109 1700s
 696644 373682   73.00000   96  218   96.00000   48.00000  50.0%   109 1705s
 697887 374317   91.00000  120  116   96.00000   48.00000  50.0%   109 1710s
 699226 376518   77.00000  105  225   96.00000   48.00000  50.0%   109 1716s
 702802 377339   70.00000  120  184   96.00000   48.00000  50.0%   109 1722s
 706450 379322 infeasible  153        96.00000   48.00000  50.0%   109 1727s
 707062 379692   72.00000  105  350   96.00000   48.00000  50.0%   109 1730s
 710707 381524   66.00000  112  257   96.00000   48.00000  50.0%   109 1737s
 711447 382474 infeasible   65        96.00000   48.00000  50.0%   109 1745s
 713390 386563   49.00000   74  318   96.00000   48.00000  50.0%   109 1752s
 720272 386880 infeasible   96        96.00000   48.00000  50.0%   109 1755s
 721394 387585   52.00000  118  283   96.00000   48.00000  50.0%   109 1761s
 722749 388341   59.00000  106  364   96.00000   48.00000  50.0%   109 1768s
 723578 390220   88.00000  114  169   96.00000   48.00000  50.0%   109 1771s
 727844 390949 infeasible  125        96.00000   48.00000  50.0%   109 1777s
 728568 391268   91.00000  120  200   96.00000   48.00000  50.0%   109 1780s
 732319 393726 infeasible  117        96.00000   48.00000  50.0%   109 1787s
 733236 394771   95.00000   90  179   96.00000   48.00000  50.0%   109 1793s
 734887 398380   90.00000  105   92   96.00000   48.00000  50.0%   109 1800s
 741620 399032 infeasible  120        96.00000   48.00000  50.0%   109 1805s
 743038 400536   60.00000  106  288   96.00000   48.00000  50.0%   109 1811s
 744946 400833   79.00000   77  240   96.00000   48.00000  50.0%   109 1815s
 746295 403128   50.00000  104  277   96.00000   48.00000  50.0%   109 1821s
 750109 404054   73.00000  102  258   96.00000   48.00000  50.0%   109 1828s
 750988 405704   66.00000   81  216   96.00000   48.00000  50.0%   109 1831s
 753922 406136   66.00000   91  216   96.00000   48.00000  50.0%   109 1835s
 754732 407057   56.00000   97  303   96.00000   48.00000  50.0%   109 1842s
 756449 410563   48.00000  103  278   96.00000   48.00000  50.0%   109 1849s
 762437 410829 infeasible  139        96.00000   48.00000  50.0%   109 1852s
 763019 411250   73.00000   87  254   96.00000   48.00000  50.0%   109 1855s
 764457 412062   67.00000  105  243   96.00000   48.00000  50.0%   109 1863s
 765346 412544   67.00000   92  223   96.00000   48.00000  50.0%   109 1867s
 766280 414725   81.00000  109  321   96.00000   48.00000  50.0%   109 1870s
 770526 415454 infeasible   95        96.00000   48.00000  50.0%   109 1878s
 771343 417252   95.00000  121  116   96.00000   48.00000  50.0%   109 1881s
 774604 417760 infeasible   88        96.00000   48.00000  50.0%   109 1885s
 775520 418612 infeasible  124        96.00000   48.00000  50.0%   109 1892s
 777066 422233   66.05354   97  331   96.00000   48.00000  50.0%   109 1899s
 782987 422557   53.00000   88  315   96.00000   48.00000  50.0%   109 1902s
 783587 422784   65.00000   90  252   96.00000   48.00000  50.0%   109 1905s
 784747 423532   95.00000   85  259   96.00000   48.00000  50.0%   109 1912s
 785512 423893 infeasible  100        96.00000   48.00000  50.0%   109 1915s
 789677 426136 infeasible  122        96.00000   48.00000  50.0%   109 1922s
 790250 426556   93.00000  116  182   96.00000   48.00000  50.0%   109 1926s
 791019 427021   93.00000  116  125   96.00000   48.00000  50.0%   109 1930s
 795174 429085   68.00000   93  251   96.00000   48.00000  50.0%   109 1937s
 795891 430005 infeasible  114        96.00000   48.00000  50.0%   109 1945s
 797673 434208   55.00000   68  227   96.00000   48.00000  50.0%   110 1953s
 804980 434518 infeasible  107        96.00000   48.00000  50.0%   109 1956s
 806262 435193 infeasible   97        96.00000   48.00000  50.0%   109 1962s
 806919 435552   82.00000   88  300   96.00000   48.00000  50.0%   110 1965s
 808353 436371   95.00000   76  183   96.00000   48.00000  50.0%   110 1973s
 809243 437749   94.00000   99  183   96.00000   48.00000  50.0%   110 1976s
 811756 438169   89.00000   80  256   96.00000   48.00000  50.0%   110 1980s
 813366 440626   94.00000   82  230   96.00000   48.00000  50.0%   110 1987s
 817015 440912 infeasible  123        96.00000   48.00000  50.0%   110 1990s
 817791 441762   58.00000   92  278   96.00000   48.00000  50.0%   110 1998s
 819534 445529   70.00000   92  259   96.00000   48.00000  50.0%   110 2005s
 826905 446122   80.00000   95  305   96.00000   48.00000  50.0%   110 2011s
 828168 446870   91.00000  112  244   96.00000   48.00000  50.0%   110 2017s
 828847 447372   66.00000   74  304   96.00000   48.00000  50.0%   110 2021s
 832413 449203   62.00000   93  289   96.00000   48.00000  50.0%   110 2027s
 833089 449583   73.00000  109  270   96.00000   48.00000  50.0%   110 2031s
 835826 451083   93.00000   94  273   96.00000   48.00000  50.0%   110 2037s
 836637 451950   87.00000  121  205   96.00000   48.00000  50.0%   110 2041s
 838287 452442   55.00000   73  275   96.00000   48.00000  50.0%   110 2045s
 839217 455646   58.00000  106  270   96.00000   48.00000  50.0%   110 2051s
 845348 456099   71.00000   78  243   96.00000   48.00000  50.0%   110 2056s
 846535 456726   93.00000  104  182   96.00000   48.00000  50.0%   110 2063s
 847253 456956 infeasible  101        96.00000   48.00000  50.0%   110 2066s
 848561 459119   79.00000  106  189   96.00000   48.00000  50.0%   110 2073s
 852034 459491 infeasible  104        96.00000   48.00000  50.0%   110 2076s
 853313 460247   78.00000   78  301   96.00000   48.00000  50.0%   110 2082s
 854029 462237   95.00000  128  102   96.00000   48.00000  50.0%   110 2085s
 858038 462872 infeasible  127        96.00000   48.00000  50.0%   110 2092s
 858718 463288   48.00000   76  260   96.00000   48.00000  50.0%   110 2095s
 859544 465617   95.00000   96  241   96.00000   48.00000  50.0%   110 2103s
 864126 466049   63.00000  100  201   96.00000   48.00000  50.0%   110 2107s
 864870 466530   67.00000   79  454   96.00000   48.00000  50.0%   110 2110s
 866715 469108   71.00000  112  201   96.00000   48.00000  50.0%   110 2118s
 870555 469352 infeasible  122        96.00000   48.00000  50.0%   110 2122s
 871103 469710   48.00000   72  321   96.00000   48.00000  50.0%   110 2125s
 872625 471738   58.00000   79  240   96.00000   48.00000  50.0%   110 2132s
 875819 472087 infeasible  124        96.00000   48.00000  50.0%   110 2136s
 877176 474219   76.00000  121  266   96.00000   48.00000  50.0%   110 2142s
 880193 474572 infeasible  175        96.00000   48.00000  50.0%   110 2146s
 880998 475399   48.00000   85  318   96.00000   48.00000  50.0%   110 2154s
 882583 478622   94.00000  115  146   96.00000   48.00000  50.0%   110 2162s
 888758 478957 infeasible  107        96.00000   48.00000  50.0%   110 2166s
 890047 479724 infeasible  103        96.00000   48.00000  50.0%   110 2173s
 890845 480104   57.00000  104  280   96.00000   48.00000  50.0%   110 2177s
 891635 480552 infeasible  144        96.00000   48.00000  50.0%   110 2181s
 896253 482838   55.00000  117  279   96.00000   48.00000  50.0%   110 2188s
 896862 483146   66.00000   94  245   96.00000   48.00000  50.0%   110 2191s
 897575 483356   95.00000  105  147   96.00000   48.00000  50.0%   110 2195s
 898963 485580   94.00000  100  291   96.00000   48.00000  50.0%   111 2203s
 902409 485898 infeasible  130        96.00000   48.00000  50.0%   110 2207s
 903216 486685   57.00000   88  269   96.00000   48.00000  50.0%   110 2215s
 904765 490431   50.00000  113  355   96.00000   48.00000  50.0%   111 2222s
 911757 490563 infeasible  116        96.00000   48.00000  50.0%   110 2225s
 912737 491098 infeasible  102        96.00000   48.00000  50.0%   110 2231s
 913380 491323   68.00000  116  245   96.00000   48.00000  50.0%   111 2235s
 914829 492096   67.00000  107  307   96.00000   48.00000  50.0%   111 2242s
 915536 492962   81.00000   82  230   96.00000   48.00000  50.0%   111 2246s
 917358 493319   54.00000   98  311   96.00000   48.00000  50.0%   111 2250s
 919052 495384   68.00000   90  153   96.00000   48.00000  50.0%   111 2258s
 922658 495694 infeasible   99        96.00000   48.00000  50.0%   111 2261s
 923334 496055   92.00000  104  167   96.00000   48.00000  50.0%   111 2265s
 924167 496862   89.00000   96  213   96.00000   48.00000  50.0%   111 2273s
 925823 500115   89.00000   85  351   96.00000   48.00000  50.0%   111 2279s
 932103 500409   58.00000   85  301   96.00000   48.00000  50.0%   111 2282s
 932679 500725   72.00000   69  294   96.00000   48.00000  50.0%   111 2285s
 933980 501388   63.00000  106  313   96.00000   48.00000  50.0%   111 2292s
 934734 501726 infeasible  131        96.00000   48.00000  50.0%   111 2296s
 939031 504097   75.00000  107  245   96.00000   48.00000  50.0%   111 2302s
 939733 504492   88.00000  112  177   96.00000   48.00000  50.0%   111 2306s
 941176 506577   75.00000   82  353   96.00000   48.00000  50.0%   111 2313s
 944371 506900   59.00000  102  368   96.00000   48.00000  50.0%   111 2317s
 945046 507901     cutoff   86        96.00000   48.00000  50.0%   111 2326s
 946934 512140   68.00000  106  245   96.00000   48.00000  50.0%   111 2333s
 954386 512424   80.00000   68  299   96.00000   48.00000  50.0%   111 2336s
 955540 512992   75.00000   99  265   96.00000   48.00000  50.0%   111 2343s
 956184 513333   94.00000  120  125   96.00000   48.00000  50.0%   111 2346s
 956895 513654   53.00000   95  334   96.00000   48.00000  50.0%   111 2350s
 958342 514437   61.00000  104  258   96.00000   48.00000  50.0%   111 2358s
 959183 516265   87.00000  118  217   96.00000   48.00000  50.0%   111 2361s
 962768 516640   63.00000   80  303   96.00000   48.00000  50.0%   111 2365s
 964226 517322   48.00000   85  270   96.00000   48.00000  50.0%   111 2371s
 965007 517736   71.00000  102  289   96.00000   48.00000  50.0%   112 2376s
 965891 521157   57.00000   93  326   96.00000   48.00000  50.0%   112 2382s
 972702 521733   86.00000  105  224   96.00000   48.00000  50.0%   111 2387s
 973317 522000 infeasible  129        96.00000   48.00000  50.0%   111 2390s
 974487 522628   53.00000   82  289   96.00000   48.00000  50.0%   112 2396s
 975875 523456   60.00000   88  292   96.00000   48.00000  50.0%   112 2403s
 976659 525237   95.00000   97  318   96.00000   48.00000  50.0%   112 2406s
 980565 525828   86.00000  122  202   96.00000   48.00000  50.0%   112 2413s
 981299 526250   68.00000   93  236   96.00000   48.00000  50.0%   112 2416s
 982127 527913   95.00000  112  194   96.00000   48.00000  50.0%   112 2420s
 985961 528606   74.00000  118  278   96.00000   48.00000  50.0%   112 2427s
 986819 529459   55.00000   80  337   96.00000   48.00000  50.0%   112 2435s
 988554 532817   81.00000  115  265   96.00000   48.00000  50.0%   112 2441s
 995549 533511   74.00000   84  258   96.00000   48.00000  50.0%   112 2447s
 996249 533886   85.00000  126  153   96.00000   48.00000  50.0%   112 2450s
 997725 534719   65.00000  131  242   96.00000   48.00000  50.0%   112 2457s
 998497 536500   73.00000  109  203   96.00000   48.00000  50.0%   112 2461s
 1002206 537227   79.00000  116  270   96.00000   48.00000  50.0%   112 2467s
 1002947 537942   53.00000   79  362   96.00000   48.00000  50.0%   112 2471s
 1004187 538330 infeasible   98        96.00000   48.00000  50.0%   112 2475s
 1008693 540645 infeasible  142        96.00000   48.00000  50.0%   112 2483s
 1009510 541544   94.00000  105  280   96.00000   48.00000  50.0%   112 2491s
 1011349 545062   91.00000  103  223   96.00000   48.00000  50.0%   112 2498s
 1017993 545403 infeasible   99        96.00000   48.00000  50.0%   112 2500s
 1019312 546169   95.00000  119   90   96.00000   48.00000  50.0%   112 2507s
 1020082 546610   78.00000  105  327   96.00000   48.00000  50.0%   112 2511s
 1021683 548767   76.00000   97  227   96.00000   48.00000  50.0%   112 2518s
 1025182 549135 infeasible  101        96.00000   48.00000  50.0%   112 2521s
 1026614 549875   86.00000  114  208   96.00000   48.00000  50.0%   112 2528s
 1027417 551573   75.00000  108  269   96.00000   48.00000  50.0%   112 2532s
 1030261 552016   60.00000   78  468   96.00000   48.00000  50.0%   112 2536s
 1031108 552873 infeasible   77        96.00000   48.00000  50.0%   112 2544s
 1032724 556432   85.00000  102  260   96.00000   48.00000  50.0%   112 2552s
 1040258 557037 infeasible   91        96.00000   48.00000  50.0%   112 2557s
 1040883 557512 infeasible   80        96.00000   48.00000  50.0%   112 2561s
 1042417 558283   90.00000  100  258   96.00000   48.00000  50.0%   112 2567s
 1043152 558617 infeasible   97        96.00000   48.00000  50.0%   112 2571s
 1043989 560260   94.00000  105  285   96.00000   48.00000  50.0%   112 2575s
 1047935 560909 infeasible   83        96.00000   48.00000  50.0%   112 2581s
 1048696 561335   91.00000   97  272   96.00000   48.00000  50.0%   112 2585s
 1052960 563558 infeasible  127        96.00000   48.00000  50.0%   112 2593s
 1054023 564208   87.00000  108  215   96.00000   48.00000  50.0%   112 2599s
 1055377 567150   95.00000  126   88   96.00000   48.00000  50.0%   112 2605s
 1061879 567871   68.00000  121  199   96.00000   48.00000  50.0%   112 2611s
 1063281 568593   95.00000  110  145   96.00000   48.00000  50.0%   112 2617s
 1064056 569008   94.00000  106  174   96.00000   48.00000  50.0%   112 2621s
 1068728 571054 infeasible   92        96.00000   48.00000  50.0%   112 2627s
 1069237 571469   89.00000   88  246   96.00000   48.00000  50.0%   112 2630s
 1070666 572137   95.00000  104  152   96.00000   48.00000  50.0%   112 2637s
 1071351 574083   84.00000  103  216   96.00000   48.00000  50.0%   112 2640s
 1074962 574382 infeasible  114        96.00000   48.00000  50.0%   112 2645s
 1075759 575292   48.00000   84  288   96.00000   48.00000  50.0%   112 2653s
 1077570 578757   94.00000  121  142   96.00000   48.00000  50.0%   112 2660s
 1084754 579441 infeasible   99        96.00000   48.00000  50.0%   112 2667s
 1085447 579723 infeasible  126        96.00000   48.00000  50.0%   112 2670s
 1086771 580426   68.00000   99  264   96.00000   48.00000  50.0%   112 2678s
 1087466 580683   95.00000  115  163   96.00000   48.00000  50.0%   112 2682s
 1088198 581133   94.00000  103  183   96.00000   48.00000  50.0%   112 2686s
 1089122 583091   95.00000  106   92   96.00000   48.00000  50.0%   112 2690s
 1093543 583882   92.00000   94  259   96.00000   48.00000  50.0%   112 2698s
 1094400 584304   65.00000   81  238   96.00000   48.00000  50.0%   112 2702s
 1095277 586133   61.00000   95  287   96.00000   48.00000  50.0%   112 2705s
 1098750 586569 infeasible  145        96.00000   48.00000  50.0%   112 2710s
 1099639 587335   62.00000   84  295   96.00000   48.00000  50.0%   112 2717s
 1101104 590898   93.00000  104  147   96.00000   48.00000  50.0%   112 2723s
 1108113 591167   50.00000   92  296   96.00000   48.00000  50.0%   112 2726s
 1109241 591835   93.00000  104  160   96.00000   48.00000  50.0%   112 2732s
 1109945 592099   95.00000  111  207   96.00000   48.00000  50.0%   112 2736s
 1111268 592889   86.00000  107  243   96.00000   48.00000  50.0%   112 2743s
 1111996 593715   72.00000   97  314   96.00000   48.00000  50.0%   112 2747s
 1113772 594104   59.00000   90  324   96.00000   48.00000  50.0%   112 2751s
 1114537 595238   94.00000  124  173   96.00000   48.00000  50.0%   112 2755s
 1117641 595945   89.00000  109  226   96.00000   48.00000  50.0%   112 2763s
 1118439 597737   74.00000   99  364   96.00000   48.00000  50.0%   112 2767s
 1121713 598126 infeasible  122        96.00000   48.00000  50.0%   112 2771s
 1122522 598875   54.00000   89  365   96.00000   48.00000  50.0%   112 2779s
 1124123 600897   70.00000  108  211   96.00000   48.00000  50.0%   112 2786s
 1128133 601392 infeasible   95        96.00000   48.00000  50.0%   112 2791s
 1129148 601842 infeasible   80        96.00000   48.00000  50.0%   112 2797s
 1130193 604086   94.00000  102  216   96.00000   48.00000  50.0%   112 2802s
 1134733 604487   70.00000  103  258   96.00000   48.00000  50.0%   112 2806s
 1135523 604846   94.00000   98  218   96.00000   48.00000  50.0%   112 2810s
 1137120 605709   55.00000   68  318   96.00000   48.00000  50.0%   112 2819s
 1138068 607787   81.00000  100  437   96.00000   48.00000  50.0%   112 2823s
 1142169 608172 infeasible  113        96.00000   48.00000  50.0%   112 2828s
 1142958 609052 infeasible  133        96.00000   48.00000  50.0%   112 2837s
 1144745 612582   95.00000  143  125   96.00000   48.00000  50.0%   112 2844s
 1151673 612880 infeasible  133        96.00000   48.00000  50.0%   112 2846s
 1152848 613453 infeasible  104        96.00000   48.00000  50.0%   112 2853s
 1153545 613853 infeasible  120        96.00000   48.00000  50.0%   112 2856s
 1154313 614211   58.00000  120  306   96.00000   48.00000  50.0%   112 2860s
 1155937 616792   91.00000  105  283   96.00000   48.00000  50.0%   112 2868s
 1159769 617195 infeasible  121        96.00000   48.00000  50.0%   112 2872s
 1160442 617584 infeasible   95        96.00000   48.00000  50.0%   112 2875s
 1164325 619759   75.00000   97  405   96.00000   48.00000  50.0%   112 2883s
 1165114 620481   48.00000  111  372   96.00000   48.00000  50.0%   112 2892s
 1166799 624067   88.00000  101  400   96.00000   48.00000  50.0%   112 2900s
 1174103 624591   69.00000  117  277   96.00000   48.00000  50.0%   112 2907s
 1174669 624895   85.00000   88  242   96.00000   48.00000  50.0%   112 2910s
 1176076 625659   95.00000  105  154   96.00000   48.00000  50.0%   112 2918s
 1176812 626047   69.00000   97  236   96.00000   48.00000  50.0%   112 2922s
 1177541 628027   54.00000   95  367   96.00000   48.00000  50.0%   112 2926s
 1182164 628515   75.00000  112  288   96.00000   48.00000  50.0%   112 2933s
 1182683 628779   84.00000   96  424   96.00000   48.00000  50.0%   112 2937s
 1183322 630489   58.00000   91  342   96.00000   48.00000  50.0%   113 2941s
 1186681 630794 infeasible  107        96.00000   48.00000  50.0%   112 2945s
 1187415 631615 infeasible  129        96.00000   48.00000  50.0%   112 2954s
 1189253 635200   78.00000  112  275   96.00000   48.00000  50.0%   113 2960s
 1197032 635808   72.00000  119  239   96.00000   48.00000  50.0%   112 2966s
 1198374 636286   95.00000  137  109   96.00000   48.00000  50.0%   112 2973s
 1198995 636547   65.00000   85  297   96.00000   48.00000  50.0%   112 2976s
 1199590 636911   91.00000  120  154   96.00000   48.00000  50.0%   113 2980s
 1201013 639203   63.00000   76  349   96.00000   48.00000  50.0%   113 2988s
 1204813 639461 infeasible   99        96.00000   48.00000  50.0%   113 2991s
 1206169 640121   65.00000  106  338   96.00000   48.00000  50.0%   113 2998s
 1206808 641647   67.00000   87  323   96.00000   48.00000  50.0%   113 3002s
 1210035 642005 infeasible  131        96.00000   48.00000  50.0%   113 3006s
 1210791 642603   80.00000   89  370   96.00000   48.00000  50.0%   113 3015s
 1212324 646312   81.00000  117  238   96.00000   48.00000  50.0%   113 3022s
 1219878 646558   65.00000   81  351   96.00000   48.00000  50.0%   113 3025s
 1220910 647060   67.00000   90  306   96.00000   48.00000  50.0%   113 3032s
 1221461 647271   48.00000   90  271   96.00000   48.00000  50.0%   113 3035s
 1222713 647914 infeasible   92        96.00000   48.00000  50.0%   113 3042s
 1223425 648229   48.00000   89  328   96.00000   48.00000  50.0%   113 3046s
 1224104 650044   89.00000   97  275   96.00000   48.00000  50.0%   113 3050s
 1228370 650531   74.00000   96  337   96.00000   48.00000  50.0%   113 3057s
 1229059 650793   81.00000  112  245   96.00000   48.00000  50.0%   113 3060s
 1230477 652804   86.00000  116  298   96.00000   48.00000  50.0%   113 3068s
 1233727 652825 infeasible  143        96.00000   48.00000  50.0%   113 3070s
 1234379 653121   50.00000   88  350   96.00000   48.00000  50.0%   113 3075s
 1235229 653595 infeasible   94        96.00000   48.00000  50.0%   113 3082s
 1235875 655094   90.00000  127  208   96.00000   48.00000  50.0%   113 3086s
 1239475 655462   77.00000  105  370   96.00000   48.00000  50.0%   113 3092s
 1240010 655704   62.00000  104  299   96.00000   48.00000  50.0%   113 3096s
 1240643 656010 infeasible  117        96.00000   48.00000  50.0%   113 3100s
 1244864 658069 infeasible  113        96.00000   48.00000  50.0%   113 3108s
 1245355 658226   48.00000  104  317   96.00000   48.00000  50.0%   113 3111s
 1245828 658431   75.00000  117  269   96.00000   48.00000  50.0%   113 3115s
 1247085 660416   63.00000  109  321   96.00000   48.00000  50.0%   114 3122s
 1250742 660624   48.00000   95  393   96.00000   48.00000  50.0%   113 3126s
 1251297 660844   66.00000   91  366   96.00000   48.00000  50.0%   114 3130s
 1251919 661449   71.00000   89  309   96.00000   48.00000  50.0%   114 3140s
 1253509 665516   83.00000  103  351   96.00000   48.00000  50.0%   114 3150s
 1262970 665921   95.00000  116  237   96.00000   48.00000  50.0%   114 3156s
 1264007 666505   48.00000   51  281   96.00000   48.00000  50.0%   114 3162s
 1264727 666772 infeasible   85        96.00000   48.00000  50.0%   114 3166s
 1265315 667123 infeasible  107        96.00000   48.00000  50.0%   114 3170s
 1266828 667762 infeasible   98        96.00000   48.00000  50.0%   114 3178s
 1267693 668107   95.00000  117  166   96.00000   48.00000  50.0%   114 3182s
 1268502 669541   63.00000  121  397   96.00000   48.00000  50.0%   114 3187s
 1271233 669919 infeasible   86        96.00000   48.00000  50.0%   114 3191s
 1271977 670206   65.00000   90  245   96.00000   48.00000  50.0%   114 3195s
 1272731 671277   92.00000  117  181   96.00000   48.00000  50.0%   114 3204s
 1274893 672222 infeasible   88        96.00000   48.00000  50.0%   114 3210s
 1276658 675211   92.00000  104  219   96.00000   48.00000  50.0%   114 3217s
 1282166 675503   48.00000   89  290   96.00000   48.00000  50.0%   114 3221s
 1282836 675821   95.00000  124  143   96.00000   48.00000  50.0%   114 3225s
 1284431 676885   54.00000  101  325   96.00000   48.00000  50.0%   114 3234s
 1285408 677510   50.00000   82  364   96.00000   48.00000  50.0%   114 3238s
 1286462 679867   90.00000  102  221   96.00000   48.00000  50.0%   114 3242s
 1290439 680362 infeasible   60        96.00000   48.00000  50.0%   114 3246s
 1291955 681085   48.00000   78  407   96.00000   48.00000  50.0%   114 3253s
 1292707 682910   65.00000   85  386   96.00000   48.00000  50.0%   114 3257s
 1296447 683285 infeasible  117        96.00000   48.00000  50.0%   114 3262s
 1297373 683801 infeasible   79        96.00000   48.00000  50.0%   114 3267s
 1298024 684246   85.00000  122  198   96.00000   48.00000  50.0%   114 3271s
 1302011 686824   90.00000   99  291   96.00000   48.00000  50.0%   114 3277s
 1302699 687203     cutoff  138        96.00000   48.00000  50.0%   114 3280s
 1303998 689151   87.00000  110  220   96.00000   48.00000  50.0%   114 3287s
 1307093 689479 infeasible  120        96.00000   48.00000  50.0%   114 3291s
 1308420 690449 infeasible  127        96.00000   48.00000  50.0%   114 3298s
 1309309 692454   76.00000   92  195   96.00000   48.00000  50.0%   114 3302s
 1312681 692689   48.00000   86  331   96.00000   48.00000  50.0%   114 3305s
 1313300 693248   89.00000   67  258   96.00000   48.00000  50.0%   114 3310s
 1314332 694291   89.00000  121  192   96.00000   48.00000  50.0%   114 3316s
 1316177 695943   95.00000   93  135   96.00000   48.00000  50.0%   115 3321s
 1319144 696517   90.00000   94  241   96.00000   48.00000  50.0%   115 3326s
 1320099 697292   94.00000   87  195   96.00000   48.00000  50.0%   115 3331s
 1321325 699874   79.00000   91  215   96.00000   48.00000  50.0%   115 3335s
 1326780 700692   95.00000  117  131   96.00000   48.00000  50.0%   114 3343s
 1327562 701203   62.00000   86  280   96.00000   48.00000  50.0%   115 3347s
 1328444 703049   48.00000   88  389   96.00000   48.00000  50.0%   115 3351s
 1332651 703974   90.00000   94  343   96.00000   48.00000  50.0%   115 3358s
 1333485 704486 infeasible  101        96.00000   48.00000  50.0%   115 3362s
 1334441 706488   68.00000   91  325   96.00000   48.00000  50.0%   115 3366s
 1338446 707012 infeasible  121        96.00000   48.00000  50.0%   114 3371s
 1339600 708955   77.00000  102  193   96.00000   48.00000  50.0%   115 3377s
 1342627 709576   89.00000  107  174   96.00000   48.00000  50.0%   114 3382s
 1343250 709879 infeasible   96        96.00000   48.00000  50.0%   114 3385s
 1346800 711940 infeasible  141        96.00000   48.00000  50.0%   114 3390s
 1347991 713807   81.00000  114  229   96.00000   48.00000  50.0%   114 3396s
 1351086 714394 infeasible  115        96.00000   48.00000  50.0%   114 3401s
 1352304 716258   65.00000   83  426   96.00000   48.00000  50.0%   115 3407s
 1355202 716750 infeasible  107        96.00000   48.00000  50.0%   114 3412s
 1356043 717545   55.00000   85  355   96.00000   48.00000  50.0%   114 3419s
 1357675 721118   63.00000   96  247   96.00000   48.00000  50.0%   115 3426s
 1364859 721728     cutoff  112        96.00000   48.00000  50.0%   114 3432s
 1365499 722043 infeasible   99        96.00000   48.00000  50.0%   114 3436s
 1366744 722663   58.00000   97  309   96.00000   48.00000  50.0%   115 3443s
 1367456 723055   92.00000  139  163   96.00000   48.00000  50.0%   115 3447s
 1368214 725125   86.00000  116  174   96.00000   48.00000  50.0%   115 3451s
 1372623 725932   53.00000   83  305   96.00000   48.00000  50.0%   114 3457s
 1373361 726883   81.00000  111  253   96.00000   48.00000  50.0%   115 3461s
 1375166 727209   60.00000   74  240   96.00000   48.00000  50.0%   115 3465s
 1376884 730740   49.39985   93  347   96.00000   48.00000  50.0%   115 3475s
 1383177 731212   75.00000  102  231   96.00000   48.00000  50.0%   114 3480s
 1384275 731776   64.00000  110  310   96.00000   48.00000  50.0%   115 3486s
 1385587 732391 infeasible  114        96.00000   48.00000  50.0%   115 3492s
 1386318 733595   67.00000  119  293   96.00000   48.00000  50.0%   115 3495s
 1389389 734258   61.00000  135  225   96.00000   48.00000  50.0%   115 3502s
 1390104 734605   61.00000  137  256   96.00000   48.00000  50.0%   115 3506s
 1394637 736850 infeasible   93        96.00000   48.00000  50.0%   115 3512s
 1395267 737105   74.00000   93  336   96.00000   48.00000  50.0%   115 3516s
 1396738 738620   62.00000   90  281   96.00000   48.00000  50.0%   115 3523s
 1398952 738881   48.00000  102  377   96.00000   48.00000  50.0%   115 3526s
 1400123 739617   57.00000   92  249   96.00000   48.00000  50.0%   115 3534s
 1401063 742098   58.00000  104  322   96.00000   48.00000  50.0%   115 3538s
 1405701 742369   82.00000   85  244   96.00000   48.00000  50.0%   115 3541s
 1406868 742673   94.00000  102  235   96.00000   48.00000  50.0%   115 3545s
 1407704 743176 infeasible  124        96.00000   48.00000  50.0%   115 3552s
 1408385 743464   48.00000   98  272   96.00000   48.00000  50.0%   115 3556s
 1409105 743857   72.00000   98  281   96.00000   48.00000  50.0%   115 3560s
 1413492 746058 infeasible  150        96.00000   48.00000  50.0%   115 3568s
 1414132 746454   92.00000  120  178   96.00000   48.00000  50.0%   115 3572s
 1414936 746929 infeasible  102        96.00000   48.00000  50.0%   115 3576s
 1415797 748250   51.63636  104  328   96.00000   48.00000  50.0%   115 3580s
 1419207 749397 infeasible  114        96.00000   48.00000  50.0%   115 3593s
 1420829 752437   48.00000   64  418   96.00000   48.00000  50.0%   115 3600s

Explored 1426926 nodes (163944423 simplex iterations) in 3600.06 seconds (2258.24 work units)
Thread count was 32 (of 32 available processors)

Solution count 10: 96 98 99 ... 107

Time limit reached
Best objective 9.600000000000e+01, best bound 4.800000000000e+01, gap 50.0000%
