
Gurobi 13.0.0 (linux64) logging started Thu Nov 20 23:32:28 2025

Set parameter LogFile to value "./Results/StripPacking-CutHeur/Logs/HU-010-StripPacking-25.log"
Set parameter TimeLimit to value 3600
Set parameter Cuts to value 0
Set parameter Presolve to value 1
Set parameter Heuristics to value 0
Set parameter LogToConsole to value 0
Set parameter LPWarmStart to value 2
Warning: linear constraint 2425 and linear constraint 3625 have the same name "PM[B0,B1,0]"
Warning: linear constraint 2425 and linear constraint 3625 have the same name "PM[B0,B1,0]"
Warning: default constraint names used to write mps file
Gurobi Optimizer version 13.0.0 build v13.0.0rc1 (linux64 - "Debian GNU/Linux 12 (bookworm)")

CPU model: Intel(R) Xeon(R) CPU E5-2630 v3 @ 2.40GHz, instruction set [SSE2|AVX|AVX2]
Thread count: 16 physical cores, 32 logical processors, using up to 32 threads

Non-default parameters:
TimeLimit  3600
LPWarmStart  2
Heuristics  0
Cuts  0
LogToConsole  0
Presolve  1

Optimize a model with 5725 rows, 1251 columns and 15650 nonzeros (Min)
Model fingerprint: 0xdc8a0d58
Model has 1 linear objective coefficients
Variable types: 51 continuous, 1200 integer (1200 binary)
Coefficient statistics:
  Matrix range     [1e+00, 1e+04]
  Objective range  [1e+00, 1e+00]
  Bounds range     [1e+00, 1e+04]
  RHS range        [1e+00, 1e+04]

Warning: Completing partial solution with 1200 unfixed non-continuous variables out of 1200
User MIP start produced solution with objective 102.2 (0.00s)
Loaded user MIP start with objective 102.2

Presolve removed 600 rows and 0 columns
Presolve time: 0.03s
Presolved: 5125 rows, 1251 columns, 14450 nonzeros
Variable types: 51 continuous, 1200 integer (1200 binary)

Root relaxation: objective 3.500000e+01, 708 iterations, 0.03 seconds (0.02 work units)

    Nodes    |    Current Node    |     Objective Bounds      |     Work
 Expl Unexpl |  Obj  Depth IntInf | Incumbent    BestBd   Gap | It/Node Time

     0     0   35.00000    0  134  102.20000   35.00000  65.8%     -    0s
     0     0   35.00000    0  134  102.20000   35.00000  65.8%     -    0s
     0     0   35.00000    0  127  102.20000   35.00000  65.8%     -    0s
     0     2   35.00000    0  125  102.20000   35.00000  65.8%     -    0s
* 3069  3014             112     102.0000000   35.00000  65.7%  58.7    2s
  3777  3290   35.00000   21  156  102.00000   35.00000  65.7%  56.6    5s
* 5843  4341              97     101.0000000   35.00000  65.3%  60.4    8s
* 6014  4203             119      99.0000000   35.00000  64.6%  60.4    9s
  6494  4515   47.00000   50  171   99.00000   35.00000  64.6%  60.5   10s
* 6813  4496             106      97.0000000   35.00000  63.9%  62.0   11s
* 7394  4571             117      96.0000000   35.00000  63.5%  61.7   11s
* 8707  4923             105      94.0000000   35.00000  62.8%  61.2   13s
* 8851  4735             121      93.0000000   35.00000  62.4%  61.3   14s
  9630  5156 infeasible   81        93.00000   35.00000  62.4%  61.5   15s
* 9703  4993              96      92.0000000   35.00000  62.0%  61.5   15s
*10119  5053              98      91.0000000   35.00000  61.5%  61.4   15s
*12190  6668             119      90.0000000   35.00000  61.1%  60.6   19s
 13126  7374   57.00000   66  180   90.00000   35.00000  61.1%  59.9   20s
*14526  8028             108      89.0000000   35.00000  60.7%  59.2   21s
*17103  9534             115      88.0000000   35.00000  60.2%  58.2   24s
*17119  9383             100      87.0000000   35.00000  59.8%  58.2   24s
 18222 10231   55.00000   42  138   87.00000   35.00000  59.8%  57.7   25s
*18893 10333              87      86.0000000   35.00000  59.3%  58.4   26s
 21955 12954   57.00000   47  135   86.00000   35.00000  59.3%  57.4   30s
*22126 12663              96      85.0000000   35.00000  58.8%  57.3   30s
*22133 12314              99      84.0000000   35.00000  58.3%  57.3   30s
*23572 12388              76      83.0000000   35.00000  57.8%  58.3   32s
 25869 13838 infeasible   62        83.00000   35.00000  57.8%  57.6   35s
*26618 13751              77      82.0000000   35.00000  57.3%  58.8   36s
 29546 17800   75.00000   36  120   82.00000   35.00000  57.3%  59.8   41s
 34140 19176   53.00000   85  140   82.00000   35.00000  57.3%  60.0   46s
 37659 21391   79.00000   52  100   82.00000   35.00000  57.3%  60.1   50s
*38243 20195              82      81.0000000   35.00000  56.8%  60.5   50s
 42220 23229 infeasible   55        81.00000   35.00000  56.8%  61.6   56s
 46510 26108     cutoff   69        81.00000   35.00000  56.8%  63.0   61s
 48233 27246   74.00000   67  177   81.00000   35.00000  56.8%  64.6   65s
 53883 30610   80.00000   71   67   81.00000   35.00000  56.8%  64.9   71s
 56190 33064   59.00000   50  144   81.00000   35.00000  56.8%  66.7   76s
 59951 35469   80.00000   61   99   81.00000   35.00000  56.8%  68.1   83s
 62539 37558   79.00000   69  107   81.00000   35.00000  56.8%  69.1   87s
 65683 40095   47.00000   34  171   81.00000   35.00000  56.8%  70.3   91s
 69850 41292   68.00000   64  146   81.00000   35.00000  56.8%  70.6   95s
 74058 47123   78.00000   55  211   81.00000   35.00000  56.8%  72.1  102s
 81015 48188   51.00000   56  183   81.00000   35.00000  56.8%  70.4  105s
 84642 50758   77.00000   65   52   81.00000   35.00000  56.8%  72.0  112s
 86749 54227   55.00000   49  207   81.00000   35.00000  56.8%  72.8  116s
 92948 55511   69.00000   53  192   81.00000   35.00000  56.8%  71.5  120s
*94057 51560              87      80.0000000   35.00000  56.2%  71.8  120s
 95060 53375   36.00000   37  205   80.00000   35.00000  56.2%  72.1  125s
 98313 58774   62.00000   45  186   80.00000   35.00000  56.2%  72.9  130s
 108856 60969   79.00000   57  103   80.00000   35.00000  56.2%  72.1  136s
 110717 62312   64.00000   36  163   80.00000   35.00000  56.2%  72.7  140s
 114712 64904   79.00000   91   47   80.00000   35.00000  56.2%  74.0  148s
*115419 60910              76      79.0000000   35.00000  55.7%  74.1  148s
 117044 65314     cutoff   70        79.00000   35.00000  55.7%  74.6  152s
 124890 66630 infeasible   68        79.00000   35.00000  55.7%  73.1  156s
 126776 68700   40.00000   53  164   79.00000   35.00000  55.7%  73.8  162s
 130006 70685   35.00000   41  166   79.00000   35.00000  55.7%  74.8  168s
 133343 76953   69.00000   57  145   79.00000   35.00000  55.7%  75.6  173s
 144126 78220   64.00000   49  148   79.00000   35.00000  55.7%  73.7  176s
 147855 80830   59.00000   56  145   79.00000   35.00000  55.7%  74.6  183s
 149865 82248   35.00000   49  182   79.00000   35.00000  55.7%  75.3  188s
 152245 83847   70.00000   75  144   79.00000   35.00000  55.7%  75.7  192s
 154660 88062   68.00000   56  158   79.00000   35.00000  55.7%  76.5  196s
 162538 89292   77.00000   59   94   79.00000   35.00000  55.7%  75.9  200s
 164783 90898   39.00000   48  172   79.00000   35.00000  55.7%  76.7  205s
 167783 92783     cutoff   61        79.00000   35.00000  55.7%  77.4  212s
 169490 96801   71.00000   66  124   79.00000   35.00000  55.7%  77.7  215s
 177831 98715   55.00000   42  171   79.00000   35.00000  55.7%  76.8  221s
 179599 99752   78.00000   69   74   79.00000   35.00000  55.7%  77.0  225s
 183242 105037   75.00000   40   89   79.00000   35.00000  55.7%  77.6  231s
 190386 106221   43.00000   39  156   79.00000   35.00000  55.7%  76.7  236s
 192391 108208     cutoff   63        79.00000   35.00000  55.7%  77.0  242s
 195845 109783   74.00000   52  144   79.00000   35.00000  55.7%  77.4  248s
 199078 111352   77.00000   58  149   79.00000   35.00000  55.7%  77.9  253s
 202437 117124   76.00000   66  152   79.00000   35.00000  55.7%  78.3  258s
 213253 118217   73.00000   51  181   79.00000   35.00000  55.7%  76.9  261s
 215038 119302   74.00000   68   65   79.00000   35.00000  55.7%  77.2  265s
 218987 121830   76.00000   47  120   79.00000   35.00000  55.7%  77.7  273s
 221247 122886   78.00000   66   78   79.00000   35.00000  55.7%  78.0  277s
 223432 124747 infeasible   63        79.00000   35.00000  55.7%  78.2  282s
 226695 130534   76.00000   54   85   79.00000   35.00000  55.7%  78.5  287s
 236310 131445   78.00000   68   94   79.00000   35.00000  55.7%  77.7  290s
 239583 133240 infeasible   63        79.00000   35.00000  55.7%  78.2  297s
 241346 134490   70.00000   59  197   79.00000   35.00000  55.7%  78.6  301s
 243449 135830   50.00000   56  191   79.00000   35.00000  55.7%  78.9  305s
 245698 137455   78.00000   54  121   79.00000   35.00000  55.7%  79.2  310s
 257877 143937 infeasible  108        79.00000   35.00000  55.7%  78.3  318s
 259997 145954   73.00000   79   90   79.00000   35.00000  55.7%  78.5  324s
 263373 147704 infeasible   67        79.00000   35.00000  55.7%  79.0  329s
 266496 153741   60.00000   38  188   79.00000   35.00000  55.7%  79.3  334s
 276904 154799   70.00000   48  227   79.00000   35.00000  55.7%  78.2  337s
 278604 155890   64.00000   53  159   79.00000   35.00000  55.7%  78.5  341s
 282449 158451 infeasible   81        79.00000   35.00000  55.7%  79.0  349s
 284679 159895   77.00000   64   84   79.00000   35.00000  55.7%  79.2  353s
 286757 161121   75.00000   64   94   79.00000   35.00000  55.7%  79.5  357s
 288953 167099   77.00000   71  104   79.00000   35.00000  55.7%  79.8  362s
 300694 168457   78.00000   66   43   79.00000   35.00000  55.7%  78.8  367s
 301949 169304   35.00000   52  229   79.00000   35.00000  55.7%  79.0  370s
 304956 171385   75.00000   78  130   79.00000   35.00000  55.7%  79.4  377s
 306823 172488   76.00000   56  107   79.00000   35.00000  55.7%  79.5  380s
 310919 177952   76.00000   54  131   79.00000   35.00000  55.7%  79.8  388s
 318400 179079 infeasible   62        79.00000   35.00000  55.7%  79.2  393s
 320527 180895   62.00000   61  150   79.00000   35.00000  55.7%  79.5  398s
 323720 182647   47.00000   39  163   79.00000   35.00000  55.7%  79.8  404s
 326951 184470   77.00000   75   61   79.00000   35.00000  55.7%  80.1  410s
 330357 190433   55.00000   48  138   79.00000   35.00000  55.7%  80.3  415s
 342806 192715   54.00000   57  247   79.00000   35.00000  55.7%  79.4  421s
 344747 193915   76.00000   52  147   79.00000   35.00000  55.7%  79.7  425s
 348883 196316   67.00000   86   77   79.00000   35.00000  55.7%  80.1  433s
 350985 198066   76.00000   43  104   79.00000   35.00000  55.7%  80.3  439s
 354306 203898   66.00000   48  212   79.00000   35.00000  55.7%  80.6  444s
 364767 204868 infeasible   78        79.00000   35.00000  55.7%  79.7  447s
 366338 205823   78.00000   62  115   79.00000   35.00000  55.7%  79.9  450s
 369886 208220   77.00000   58  113   79.00000   35.00000  55.7%  80.2  458s
 371968 209486   68.00000   71  102   79.00000   35.00000  55.7%  80.4  462s
 374143 210928   47.00000   50  178   79.00000   35.00000  55.7%  80.5  466s
*374247 189505              88      78.0000000   35.00000  55.1%  80.5  466s
 376390 194056   77.00000   88   67   78.00000   35.00000  55.1%  80.8  470s
 386714 196916   77.00000   72   67   78.00000   35.00000  55.1%  80.5  481s
 390325 198637   70.00000   88  100   78.00000   35.00000  55.1%  80.8  487s
 393827 200397   75.00000   60   76   78.00000   35.00000  55.1%  81.0  493s
 397113 202439 infeasible   52        78.00000   35.00000  55.1%  81.3  498s
 400541 208579   44.50000   56  210   78.00000   35.00000  55.1%  81.6  503s
 411196 209497   40.00000   38  158   78.00000   35.00000  55.1%  80.9  507s
 412977 210497   76.00000   59  100   78.00000   35.00000  55.1%  81.1  510s
 414910 211382   74.00000   62   88   78.00000   35.00000  55.1%  81.2  515s
 416973 213137   74.00000   59  152   78.00000   35.00000  55.1%  81.4  521s
 420235 215184   72.00000   45  130   78.00000   35.00000  55.1%  81.7  527s
 423529 217099   44.00000   55  223   78.00000   35.00000  55.1%  82.0  533s
 426772 223088   77.00000   68   73   78.00000   35.00000  55.1%  82.3  538s
 437338 224140   76.00000   68  109   78.00000   35.00000  55.1%  81.7  542s
 439079 225378   36.00000   52  166   78.00000   35.00000  55.1%  81.9  546s
 441171 226628   47.00000   44  204   78.00000   35.00000  55.1%  82.0  550s
 445623 229197   37.00000   45  246   78.00000   35.00000  55.1%  82.3  558s
 447746 231250   37.00000   59  313   78.00000   35.00000  55.1%  82.4  564s
 450947 237457   36.00000   55  184   78.00000   35.00000  55.1%  82.7  569s
 461460 238352 infeasible   58        78.00000   35.00000  55.1%  82.0  572s
 462888 239420   65.00000   49  162   78.00000   35.00000  55.1%  82.2  575s
 466468 241762   75.00000   60   64   78.00000   35.00000  55.1%  82.4  583s
 468396 242958   54.00000   52  142   78.00000   35.00000  55.1%  82.6  587s
 470475 244340   72.00000   56  168   78.00000   35.00000  55.1%  82.8  591s
 472900 248943   77.00000   63   76   78.00000   35.00000  55.1%  82.9  596s
 481098 250158   58.00000   52  170   78.00000   35.00000  55.1%  82.5  600s
 483153 252110   52.00000   54  169   78.00000   35.00000  55.1%  82.6  606s
 486509 253934   64.00000   59  116   78.00000   35.00000  55.1%  82.8  612s
 489860 255919   54.00000   53  194   78.00000   35.00000  55.1%  83.0  618s
 493016 262143   77.00000   59  123   78.00000   35.00000  55.1%  83.2  622s
 503760 263169 infeasible   62        78.00000   35.00000  55.1%  82.6  626s
 505388 264273 infeasible   68        78.00000   35.00000  55.1%  82.8  630s
 509566 266697   43.00000   45  150   78.00000   35.00000  55.1%  83.0  638s
 511909 267905 infeasible   57        78.00000   35.00000  55.1%  83.2  642s
 514137 269668   77.00000   61   75   78.00000   35.00000  55.1%  83.3  648s
 517386 275473   76.00000   71   91   78.00000   35.00000  55.1%  83.5  653s
 527710 276432 infeasible   51        78.00000   35.00000  55.1%  83.0  656s
 530830 278454 infeasible   59        78.00000   35.00000  55.1%  83.2  663s
 532583 279568   72.00000   64   94   78.00000   35.00000  55.1%  83.3  667s
 534646 280876 infeasible   62        78.00000   35.00000  55.1%  83.5  671s
 536900 282177   74.00000   61  119   78.00000   35.00000  55.1%  83.6  676s
 539080 283547   70.00000   63  118   78.00000   35.00000  55.1%  83.7  680s
 543578 290793   74.00000   58   99   78.00000   35.00000  55.1%  84.0  690s
 556643 292300   48.00000   54  184   78.00000   35.00000  55.1%  83.3  695s
 559396 293976   75.00000   55  159   78.00000   35.00000  55.1%  83.5  701s
 562826 296172   73.00000   64  121   78.00000   35.00000  55.1%  83.7  708s
 564750 297444   55.00000   55  148   78.00000   35.00000  55.1%  83.8  712s
 566949 298778   77.00000   62  143   78.00000   35.00000  55.1%  83.9  716s
 569229 300216 infeasible   72        78.00000   35.00000  55.1%  84.0  721s
 571700 303930   68.00000   57  146   78.00000   35.00000  55.1%  84.1  725s
 580988 305911 infeasible   58        78.00000   35.00000  55.1%  83.9  732s
 582397 306715   37.00000   57  190   78.00000   35.00000  55.1%  84.0  735s
 585606 308695     cutoff   54        78.00000   35.00000  55.1%  84.1  742s
 587350 312355   55.00000   38  179   78.00000   35.00000  55.1%  84.3  745s
 596309 313876   66.00000   54  174   78.00000   35.00000  55.1%  83.8  751s
 599555 315980   37.00000   41  195   78.00000   35.00000  55.1%  84.0  758s
 601533 317119   73.00000   58  129   78.00000   35.00000  55.1%  84.1  763s
 603662 319067   64.00000   41  125   78.00000   35.00000  55.1%  84.2  768s
 607018 325109   58.00000   55  141   78.00000   35.00000  55.1%  84.4  773s
 618536 325861   69.00000   54  182   78.00000   35.00000  55.1%  83.7  776s
 621518 327757   77.00000   76   84   78.00000   35.00000  55.1%  83.8  783s
 623227 328613   73.00000   65  107   78.00000   35.00000  55.1%  84.0  786s
 625152 329653   75.00000   70  138   78.00000   35.00000  55.1%  84.0  790s
 627127 330786   66.00000   58  178   78.00000   35.00000  55.1%  84.1  795s
 631785 333459   66.00000   52  148   78.00000   35.00000  55.1%  84.4  803s
 634156 338997   72.00000   52  126   78.00000   35.00000  55.1%  84.5  808s
 644408 339593   65.00000   51  172   78.00000   35.00000  55.1%  84.0  811s
 646898 341204   55.00000   47  186   78.00000   35.00000  55.1%  84.2  817s
 648446 342107   71.00000   61  112   78.00000   35.00000  55.1%  84.2  820s
 651888 344394   37.00000   52  195   78.00000   35.00000  55.1%  84.4  827s
 654020 345635     cutoff   71        78.00000   35.00000  55.1%  84.5  831s
 656004 346913 infeasible   74        78.00000   35.00000  55.1%  84.6  836s
 658274 350433   75.00000   73   34   78.00000   35.00000  55.1%  84.7  840s
 666546 353740   62.00000   49  183   78.00000   35.00000  55.1%  84.6  850s
 669850 355662   75.00000   58  162   78.00000   35.00000  55.1%  84.8  856s
 673249 361628   71.00000   69   84   78.00000   35.00000  55.1%  84.9  861s
 685640 363549 infeasible   62        78.00000   35.00000  55.1%  84.5  868s
 687490 364695   77.00000   66   84   78.00000   35.00000  55.1%  84.6  872s
 689508 365779 infeasible   52        78.00000   35.00000  55.1%  84.7  876s
 691421 367121   64.00000   54  156   78.00000   35.00000  55.1%  84.8  880s
 693802 368385   69.00000   67  146   78.00000   35.00000  55.1%  85.0  885s
 696050 370076   77.00000   63   82   78.00000   35.00000  55.1%  85.0  890s
 699130 375978   68.00000   49  185   78.00000   35.00000  55.1%  85.2  896s
 711474 377844   55.00000   49  170   78.00000   35.00000  55.1%  84.8  902s
 713163 378856   74.00000   85   56   78.00000   35.00000  55.1%  84.8  905s
 716856 381061     cutoff   70        78.00000   35.00000  55.1%  85.0  913s
 719015 382226   55.00000   42  183   78.00000   35.00000  55.1%  85.1  917s
 721307 383550   46.00000   54  187   78.00000   35.00000  55.1%  85.2  922s
 723776 384692 infeasible   47        78.00000   35.00000  55.1%  85.3  926s
 725954 389137   69.00000   57  124   78.00000   35.00000  55.1%  85.4  932s
 734206 390023 infeasible   63        78.00000   35.00000  55.1%  85.1  935s
 737789 392272   75.00000   73  101   78.00000   35.00000  55.1%  85.3  943s
 739792 393516   72.00000   50  105   78.00000   35.00000  55.1%  85.3  946s
 741782 394753   74.00000   81  105   78.00000   35.00000  55.1%  85.4  951s
 744188 395978   77.00000   56   83   78.00000   35.00000  55.1%  85.5  955s
 755573 402024   43.00000   47  191   78.00000   35.00000  55.1%  85.2  964s
 757764 403841 infeasible   82        78.00000   35.00000  55.1%  85.3  970s
 760985 405774   76.00000   74   73   78.00000   35.00000  55.1%  85.4  976s
 764336 407530   68.00000   78  106   78.00000   35.00000  55.1%  85.6  981s
 767571 413515   63.00000   50  199   78.00000   35.00000  55.1%  85.7  986s
 778336 414606 infeasible   76        78.00000   35.00000  55.1%  85.2  990s
 782210 416710   77.00000   65  147   78.00000   35.00000  55.1%  85.4  998s
 784397 417863   37.00000   48  218   78.00000   35.00000  55.1%  85.4 1002s
 786582 419084   74.00000   65  149   78.00000   35.00000  55.1%  85.5 1006s
 788736 420786 infeasible   71        78.00000   35.00000  55.1%  85.6 1012s
 791968 422713   77.00000   65   95   78.00000   35.00000  55.1%  85.7 1018s
 795324 428186   51.00000   60  191   78.00000   35.00000  55.1%  85.8 1024s
 806290 429069   62.00000   50  136   78.00000   35.00000  55.1%  85.4 1027s
 807950 430058 infeasible   62        78.00000   35.00000  55.1%  85.5 1031s
 809827 431217   55.00000   53  202   78.00000   35.42345  54.6%  85.6 1035s
 813916 433476   74.00000   61  138   78.00000   35.92098  53.9%  85.8 1043s
 816245 434696   56.00000   53  198   78.00000   36.00000  53.8%  85.8 1047s
 818504 436532   73.00000   54  207   78.00000   36.00000  53.8%  85.9 1053s
 821656 442113   76.00000   94   49   78.00000   36.00000  53.8%  86.1 1058s
 832337 442821 infeasible   49        78.00000   36.00000  53.8%  85.7 1061s
 835325 444500   52.00000   43  154   78.00000   36.00000  53.8%  85.8 1068s
 837058 445613 infeasible   66        78.00000   36.00000  53.8%  85.8 1072s
 839031 446722   69.00000   48   91   78.00000   36.00000  53.8%  85.9 1076s
 841200 447924   51.00000   40  134   78.00000   36.00000  53.8%  86.0 1080s
 843497 448914     cutoff   68        78.00000   36.00000  53.8%  86.1 1085s
 848421 455489   74.00000   61  150   78.00000   36.00000  53.8%  86.2 1094s
 859184 456071 infeasible   58        78.00000   36.00000  53.8%  85.8 1096s
 861575 457551 infeasible   54        78.00000   36.00000  53.8%  85.9 1102s
 863085 458449   63.00000   55  151   78.00000   36.00000  53.8%  85.9 1105s
 866622 460023 infeasible   77        78.00000   36.00000  53.8%  86.0 1113s
 868697 461061   76.00000   83   35   78.00000   36.00000  53.8%  86.1 1117s
 870862 462298   69.00000   54  139   78.00000   36.00000  53.8%  86.2 1121s
 873093 463668 infeasible   57        78.00000   36.00000  53.8%  86.3 1125s
 875443 464721 infeasible   88        78.00000   36.00000  53.8%  86.3 1130s
 877437 471222   75.00000   57  146   78.00000   36.00000  53.8%  86.4 1136s
 891510 472379   62.00000   51  152   78.00000   36.00000  53.8%  86.0 1141s
 894230 473817   77.00000   73   85   78.00000   36.00000  53.8%  86.0 1146s
 895687 474710   73.00000   54  127   78.00000   36.00000  53.8%  86.1 1150s
 899222 476638   61.00000   53  161   78.00000   36.00000  53.8%  86.2 1157s
 901308 477524   48.00000   43  142   78.00000   36.00000  53.8%  86.3 1161s
 903491 478662   77.00000   52  116   78.00000   36.00000  53.8%  86.4 1166s
 905821 479786   69.00000   71  126   78.00000   36.00000  53.8%  86.4 1170s
 907973 481253   76.00000   62  142   78.00000   36.00000  53.8%  86.5 1177s
 911110 482975   60.00000   53  163   78.00000   36.00000  53.8%  86.6 1183s
 914439 489257   37.00000   43  185   78.00000   36.00000  53.8%  86.8 1188s
 926084 490124   57.00000   49  226   78.00000   36.00000  53.8%  86.3 1192s
 927696 491059   63.00000   95  143   78.00000   36.00000  53.8%  86.4 1195s
 931420 492905   74.00000   45  151   78.00000   36.00000  53.8%  86.5 1203s
 933711 494112   63.00000   49  157   78.00000   36.00000  53.8%  86.6 1207s
 935964 495342   43.00000   46  201   78.00000   36.00000  53.8%  86.6 1212s
 938172 497320 infeasible   70        78.00000   36.00000  53.8%  86.7 1218s
 941349 498997   66.00000   53  130   78.00000   36.00000  53.8%  86.9 1224s
 944848 504542   77.00000   67   68   78.00000   36.00000  53.8%  87.0 1229s
 955646 505298 infeasible   66        78.00000   36.00000  53.8%  86.6 1232s
 957278 506235   43.00000   61  193   78.00000   36.00000  53.8%  86.7 1236s
 958973 507205   60.00000   47  178   78.00000   36.00000  53.8%  86.8 1240s
 962962 509229     cutoff   57        78.00000   36.00000  53.8%  86.9 1249s
 965144 510237   77.00000   60   68   78.00000   36.00000  53.8%  87.0 1253s
 967244 511969   65.00000   42  177   78.00000   36.00000  53.8%  87.1 1259s
 970489 513810     cutoff   59        78.00000   36.00000  53.8%  87.2 1266s
 973863 515418   36.00000   49  201   78.00000   36.00000  53.8%  87.3 1272s
 977225 521470   74.00000   63  104   78.00000   36.00000  53.8%  87.4 1277s
 988732 522509   76.00000   70   86   78.00000   36.00000  53.8%  87.0 1281s
 990509 523881   77.00000   61  119   78.00000   36.00000  53.8%  87.1 1285s
 994514 526208 infeasible   52        78.00000   36.00000  53.8%  87.2 1293s
 996661 528103   65.00000   55   99   78.00000   36.00000  53.8%  87.3 1299s
 999908 530090   56.00000   48  128   78.00000   36.00000  53.8%  87.4 1305s
 1003221 533009   69.00000   76   93   78.00000   36.00000  53.8%  87.5 1311s
 1008883 534414   68.00000   54  160   78.00000   36.00000  53.8%  87.4 1316s
 1011702 535744   74.00000   75  101   78.00000   36.00000  53.8%  87.5 1321s
 1014528 539834   70.00000   53  102   78.00000   36.00000  53.8%  87.5 1326s
 1024905 542346   75.00000   66   76   78.00000   36.00000  53.8%  87.4 1334s
 1027195 544083   57.00000   66  138   78.00000   36.00000  53.8%  87.5 1340s
 1030398 545959   69.00000   51  168   78.00000   36.00000  53.8%  87.6 1345s
 1033549 547704   76.00000   74   91   78.00000   36.00000  53.8%  87.7 1351s
 1036817 553638   74.00000   65   95   78.00000   36.00000  53.8%  87.7 1357s
 1047931 554645   47.00000   33  166   78.00000   36.00000  53.8%  87.3 1360s
 1051410 556957 infeasible   67        78.00000   36.00000  53.8%  87.5 1368s
 1053477 558277   77.00000   58   98   78.00000   36.00000  53.8%  87.6 1372s
 1055901 559434   77.00000   54  115   78.00000   36.00000  53.8%  87.6 1377s
 1058060 561521   69.00000   82   62   78.00000   36.00000  53.8%  87.7 1383s
 1061564 566282   62.00000   44  154   78.00000   36.00000  53.8%  87.8 1388s
 1070508 567255   71.00000   65  137   78.00000   36.00000  53.8%  87.5 1392s
 1072339 568386 infeasible   49        78.00000   36.00000  53.8%  87.6 1396s
 1074354 569549   53.00000   51  201   78.00000   36.00000  53.8%  87.6 1400s
 1078757 571903   76.00000   81  102   78.00000   36.00000  53.8%  87.7 1409s
 1081055 573271   70.00000   67  179   78.00000   36.00000  53.8%  87.8 1414s
 1083395 577928   77.00000   53  145   78.00000   36.00000  53.8%  87.9 1419s
 1092253 579223 infeasible   67        78.00000   36.00000  53.8%  87.6 1423s
 1094553 580858 infeasible   70        78.00000   36.00000  53.8%  87.7 1429s
 1097576 582558   77.00000   62   96   78.00000   36.00000  53.8%  87.8 1435s
 1100828 584178     cutoff   63        78.00000   36.00000  53.8%  87.9 1441s
 1104064 585937   47.00000   41  177   78.00000   36.00000  53.8%  88.0 1447s
 1107364 591033   72.00000   71  108   78.00000   36.00000  53.8%  88.0 1452s
 1117159 592108   54.00000   50  200   78.00000   36.00000  53.8%  87.8 1456s
 1119119 593230   55.00000   49  122   78.00000   36.00000  53.8%  87.8 1460s
 1121218 594419   69.00000   54  135   78.00000   36.00000  53.8%  87.9 1465s
 1123499 596248   73.00000   80   47   78.00000   36.00000  53.8%  87.9 1470s
 1126845 597874 infeasible   72        78.00000   36.00000  53.8%  88.0 1476s
 1129972 600046   70.00000   68  195   78.00000   36.00000  53.8%  88.1 1482s
 1133391 606084   70.00000   58  162   78.00000   36.00000  53.8%  88.2 1487s
 1144326 607001 infeasible   45        78.00000   36.00000  53.8%  87.8 1490s
 1147981 609021 infeasible   74        78.00000   36.00000  53.8%  87.9 1498s
 1149950 610182   74.00000   52  144   78.00000   36.00000  53.8%  88.0 1502s
 1152119 611402   76.00000   65  102   78.00000   36.00000  53.8%  88.0 1506s
 1154281 613285 infeasible   52        78.00000   36.00000  53.8%  88.1 1513s
 1157586 619407   70.00000  103   87   78.00000   36.00000  53.8%  88.2 1518s
 1168929 620165 infeasible   71        78.00000   36.00000  53.8%  87.8 1521s
 1171999 621946   76.00000   63  140   78.00000   36.00000  53.8%  87.9 1528s
 1173933 623102 infeasible   62        78.00000   36.00000  53.8%  87.9 1531s
 1175878 624230   77.00000   57  115   78.00000   36.00000  53.8%  88.0 1536s
 1178004 625388 infeasible   60        78.00000   36.00000  53.8%  88.0 1540s
 1182660 627909   55.00000   43  186   78.00000   36.00000  53.8%  88.1 1549s
 1184892 629870   51.00000   41  183   78.00000   36.00000  53.8%  88.2 1555s
 1188667 631401 infeasible   66        78.00000   36.00000  53.8%  88.2 1560s
 1191537 636997   74.00000   63   68   78.00000   36.00000  53.8%  88.3 1566s
 1204064 639007 infeasible   72        78.00000   36.00000  53.8%  88.0 1572s
 1205878 640024   71.00000   64  106   78.00000   36.00000  53.8%  88.1 1576s
 1207813 641144     cutoff   41        78.00000   36.00000  53.8%  88.1 1580s
 1212299 643211   71.00000   61  119   78.00000   36.00000  53.8%  88.2 1589s
 1214465 644823   54.00000   63  154   78.00000   36.00000  53.8%  88.3 1595s
*1217423 580323              92      77.0000000   36.00000  53.2%  88.4 1596s
 1217632 581636   53.00000   43  195   77.00000   36.00000  53.2%  88.4 1602s
 1220806 583298   37.00000   54  165   77.00000   36.00000  53.2%  88.5 1608s
 1224112 589384   74.00000   65  195   77.00000   36.00000  53.2%  88.6 1614s
 1236710 590166   41.00000   53  209   77.00000   36.00000  53.2%  88.2 1617s
 1238310 590879   75.00000   65   86   77.00000   36.00000  53.2%  88.3 1621s
 1240132 591807   37.00000   47  213   77.00000   36.38109  52.8%  88.3 1625s
 1244262 594390   64.00000   57  136   77.00000   36.93825  52.0%  88.4 1635s
 1247238 596179   72.00000   62  122   77.00000   37.00000  51.9%  88.5 1641s
 1250567 597932   76.00000   56  166   77.00000   37.00000  51.9%  88.6 1648s
 1253877 599553   72.00000   69   85   77.00000   37.00000  51.9%  88.7 1655s
 1256819 603763   75.00000   48  193   77.00000   37.00000  51.9%  88.8 1661s
 1264449 604945   71.00000   59  105   77.00000   37.00000  51.9%  88.8 1666s
 1266825 606191   69.00000   42  207   77.00000   37.00000  51.9%  88.8 1671s
 1269235 607624   74.00000   71  104   77.00000   37.00000  51.9%  88.9 1676s
 1271819 608772   37.00000   55  224   77.00000   37.00000  51.9%  89.0 1680s
 1273833 613153   48.00000   52  198   77.00000   37.00000  51.9%  89.0 1687s
 1282457 613937   73.00000   65  117   77.00000   37.00000  51.9%  88.9 1690s
 1285935 615794 infeasible   48        77.00000   37.00000  51.9%  88.9 1698s
 1287808 616845   76.00000   56  125   77.00000   37.00000  51.9%  89.0 1702s
 1289879 617935   54.00000   45  172   77.00000   37.00000  51.9%  89.1 1707s
 1292121 619007   37.00000   53  216   77.00000   37.00000  51.9%  89.1 1712s
 1294554 620456   62.00000   47  139   77.00000   37.00000  51.9%  89.2 1716s
 1297036 625187   59.00000   41  166   77.00000   37.00000  51.9%  89.2 1721s
 1306841 626487   41.00000   51  211   77.00000   37.00000  51.9%  89.0 1726s
 1309052 628260   67.00000   55  127   77.00000   37.00000  51.9%  89.0 1732s
 1312445 630091   75.00000   69   70   77.00000   37.00000  51.9%  89.1 1738s
 1315897 631762 infeasible   54        77.00000   37.00000  51.9%  89.2 1744s
 1319181 633708   75.00000   70   73   77.00000   37.00000  51.9%  89.2 1750s
 1322615 639589   74.00000   52  156   77.00000   37.00000  51.9%  89.3 1755s
 1335112 641499   67.00000   59  125   77.00000   37.00000  51.9%  89.0 1762s
 1337023 642688   75.00000   77  101   77.00000   37.00000  51.9%  89.0 1767s
 1339240 644251   37.00000   24  156   77.00000   37.00000  51.9%  89.1 1773s
 1342257 645963 infeasible   68        77.00000   37.00000  51.9%  89.2 1779s
 1345420 647834   51.00000   47  208   77.00000   37.00000  51.9%  89.3 1786s
 1348807 653978   76.00000   64   62   77.00000   37.00000  51.9%  89.4 1792s
 1360527 654849   72.00000   49  130   77.00000   37.00000  51.9%  89.1 1795s
 1364070 656573   69.00000   58  128   77.00000   37.00000  51.9%  89.2 1803s
 1366069 657722   73.00000   62  132   77.00000   37.00000  51.9%  89.2 1807s
 1368223 659425     cutoff   66        77.00000   37.00000  51.9%  89.3 1813s
 1371522 661133   64.00000   76  151   77.00000   37.00000  51.9%  89.4 1820s
 1374740 662903   51.00000   47  179   77.00000   37.00000  51.9%  89.5 1826s
 1378186 664542   62.00000   51  186   77.00000   37.00000  51.9%  89.6 1832s
 1381293 666240     cutoff   81        77.00000   37.00000  51.9%  89.6 1839s
 1384488 672527   75.00000   64  102   77.00000   37.00000  51.9%  89.7 1844s
 1396483 673682 infeasible   69        77.00000   37.00000  51.9%  89.4 1849s
 1398624 675526   47.00000   44  169   77.00000   37.00000  51.9%  89.4 1855s
 1402024 677101   76.00000   65   75   77.00000   37.00000  51.9%  89.5 1861s
 1405217 678732   74.00000   60   76   77.00000   37.00000  51.9%  89.6 1867s
 1408400 680483   45.00000   45  170   77.00000   37.00000  51.9%  89.6 1873s
 1411586 682200   47.00000   42  141   77.00000   37.00000  51.9%  89.7 1879s
 1414935 684065   72.00000   53  184   77.00000   37.00000  51.9%  89.8 1885s
 1418171 690273   72.00000   44  163   77.00000   37.00000  51.9%  89.9 1891s
 1430215 691494     cutoff   98        77.00000   37.00000  51.9%  89.6 1895s
 1432473 693047   75.00000   64   61   77.00000   37.00000  51.9%  89.6 1901s
 1435606 694821   66.00000   73  174   77.00000   37.00000  51.9%  89.7 1907s
 1438914 696296   45.00000   61  153   77.00000   37.00000  51.9%  89.8 1913s
 1441890 698244   68.00000   58  124   77.00000   37.00000  51.9%  89.9 1920s
 1445215 699848   68.00000   47  120   77.00000   37.00000  51.9%  90.0 1926s
 1448495 701568 infeasible   63        77.00000   37.00000  51.9%  90.0 1932s
 1451704 707461   72.00000   39  159   77.00000   37.00000  51.9%  90.1 1937s
 1463306 708724   68.00000   54  144   77.00000   37.00000  51.9%  89.8 1942s
 1465410 710505 infeasible   67        77.00000   37.00000  51.9%  89.8 1948s
 1468631 712505   74.00000   54  149   77.00000   37.00000  51.9%  90.0 1955s
 1472289 714342   76.00000   70   71   77.00000   37.00000  51.9%  90.0 1961s
 1475718 716255   71.00000   60  119   77.00000   37.00000  51.9%  90.1 1967s
 1478888 718216   62.00000   58  135   77.00000   37.00000  51.9%  90.2 1973s
 1482172 724440   60.00000   52  151   77.00000   37.00000  51.9%  90.3 1979s
 1493790 725664 infeasible   79        77.00000   37.00000  51.9%  90.0 1983s
 1496136 727405   64.00000   55  164   77.00000   37.00000  51.9%  90.0 1989s
 1499335 728910   71.00000   49  183   77.00000   37.00000  51.9%  90.1 1995s
 1502396 730517   62.00000   44  157   77.00000   37.00000  51.9%  90.2 2002s
 1505448 732304     cutoff   74        77.00000   37.00000  51.9%  90.2 2008s
 1508762 734064   74.00000   63  127   77.00000   37.00000  51.9%  90.3 2014s
 1512005 735831 infeasible   69        77.00000   37.00000  51.9%  90.4 2020s
 1515367 741464   74.00000   53  153   77.00000   37.00000  51.9%  90.4 2025s
 1526749 742747 infeasible   90        77.00000   37.00000  51.9%  90.1 2030s
 1529038 744311 infeasible   80        77.00000   37.00000  51.9%  90.2 2035s
 1532206 745881   74.00000   56   98   77.00000   37.00000  51.9%  90.3 2041s
 1535255 747698   65.00000   48  185   77.00000   37.00000  51.9%  90.3 2047s
 1538548 749594   67.00000   49  138   77.00000   37.00000  51.9%  90.4 2054s
 1541912 751471   67.00000   63  135   77.00000   37.00000  51.9%  90.4 2060s
 1545147 757435   72.00000   64   90   77.00000   37.00000  51.9%  90.5 2065s
 1556472 758580   75.00000   73  117   77.00000   37.00000  51.9%  90.2 2070s
 1558819 760117   76.00000   59  113   77.00000   37.00000  51.9%  90.3 2076s
 1561793 761702 infeasible   87        77.00000   37.00000  51.9%  90.4 2082s
 1564984 763471   75.00000   69  170   77.00000   37.00000  51.9%  90.4 2088s
 1568256 765246   37.00000   49  195   77.00000   37.00000  51.9%  90.5 2094s
 1571444 767140   65.00000   46  153   77.00000   37.00000  51.9%  90.6 2101s
 1574808 769099   72.00000   61  117   77.00000   37.00000  51.9%  90.6 2107s
 1578302 775265   41.00000   56  156   77.00000   37.00000  51.9%  90.7 2112s
 1589695 776304 infeasible   55        77.00000   37.00000  51.9%  90.4 2117s
 1591829 778278   71.00000   46  153   77.00000   37.00000  51.9%  90.5 2123s
 1595269 779965   57.00000   52  163   77.00000   37.00000  51.9%  90.6 2129s
 1598580 781581   69.00000   49  125   77.00000   37.00000  51.9%  90.6 2136s
 1601796 783157 infeasible   63        77.00000   37.00000  51.9%  90.7 2142s
 1604985 784823   37.00000   48  201   77.00000   37.00000  51.9%  90.7 2148s
 1608129 786402 infeasible   53        77.00000   37.00000  51.9%  90.8 2154s
 1611446 792437     cutoff   53        77.00000   37.00000  51.9%  90.9 2160s
 1622866 793774   43.00000   46  190   77.00000   37.00000  51.9%  90.6 2165s
 1625227 795391   62.00000   48  156   77.00000   37.00000  51.9%  90.6 2171s
 1628266 796970   72.00000   55  156   77.00000   37.00000  51.9%  90.7 2177s
 1631216 798643   38.00000   57  171   77.00000   37.00000  51.9%  90.8 2183s
 1634642 800363   64.00000   45   93   77.00000   37.00000  51.9%  90.8 2189s
 1638023 802055 infeasible   68        77.00000   37.00000  51.9%  90.9 2195s
 1641180 804174   73.00000   63   83   77.00000   37.00000  51.9%  91.0 2202s
 1644681 810183   55.00000   48  144   77.00000   37.00000  51.9%  91.0 2207s
 1656030 811441     cutoff   64        77.00000   37.00000  51.9%  90.7 2212s
 1658405 813020   70.00000   61  122   77.00000   37.00000  51.9%  90.8 2217s
 1661516 814337 infeasible   57        77.00000   37.00000  51.9%  90.8 2224s
 1664442 816043   72.00000   55  158   77.00000   37.00000  51.9%  90.9 2230s
 1667510 817763   75.00000   61   73   77.00000   37.00000  51.9%  91.0 2236s
 1670701 819576 infeasible   48        77.00000   37.00000  51.9%  91.0 2243s
 1674095 825293   61.00000   42  177   77.00000   37.00000  51.9%  91.1 2248s
 1685618 826588   72.00000   52  194   77.00000   37.00000  51.9%  90.8 2253s
 1687870 828490   76.00000   64  186   77.00000   37.00000  51.9%  90.9 2259s
 1691251 830097   62.00000   47  142   77.00000   37.00000  51.9%  90.9 2265s
 1694486 831568   75.00000   76   58   77.00000   37.00000  51.9%  91.0 2271s
 1697872 833061   74.00000   48  153   77.00000   37.00000  51.9%  91.0 2277s
 1700894 834905   76.00000   64   75   77.00000   37.00000  51.9%  91.1 2283s
 1704187 840320   60.00000   65  163   77.00000   37.00000  51.9%  91.2 2289s
 1714560 841819   51.00000   53  132   77.00000   37.00000  51.9%  90.9 2293s
 1716997 843430   70.00000   63   80   77.00000   37.00000  51.9%  91.0 2299s
 1719980 845284   76.00000   63  127   77.00000   37.00000  51.9%  91.0 2305s
 1723202 846781     cutoff   79        77.00000   37.00000  51.9%  91.1 2311s
 1726312 848375   62.00000   49  153   77.00000   37.00000  51.9%  91.2 2317s
 1729487 850064   65.00000   42  188   77.00000   37.00000  51.9%  91.2 2323s
 1732735 856191   65.00000   56  118   77.00000   37.00000  51.9%  91.3 2329s
 1744834 857397   47.00000   45  166   77.00000   37.00000  51.9%  91.0 2333s
 1747137 859252   76.00000   49  119   77.00000   37.00000  51.9%  91.0 2339s
 1750459 860877   75.00000   55  154   77.00000   37.00000  51.9%  91.1 2345s
 1753633 862637   75.00000   79   92   77.00000   37.00000  51.9%  91.1 2351s
 1756752 864305 infeasible   67        77.00000   37.00000  51.9%  91.2 2357s
 1759900 866001   76.00000   63  136   77.00000   37.00000  51.9%  91.2 2363s
 1763128 872390   69.00000   56  127   77.00000   37.00000  51.9%  91.3 2368s
 1775188 873435 infeasible   65        77.00000   37.00000  51.9%  91.0 2373s
 1777468 875025   69.00000   52  153   77.00000   37.00000  51.9%  91.0 2379s
 1780740 876580   73.00000   64  116   77.00000   37.00000  51.9%  91.1 2385s
 1783879 878402   71.00000   48  111   77.00000   37.00000  51.9%  91.1 2391s
 1787211 880052 infeasible   79        77.00000   37.00000  51.9%  91.2 2397s
 1790361 881928   75.00000   66   89   77.00000   37.00000  51.9%  91.2 2403s
 1793709 883728   46.00000   55  162   77.00000   37.00000  51.9%  91.3 2409s
 1797127 889879   37.00000   56  227   77.00000   37.00000  51.9%  91.4 2414s
 1808809 890868   58.00000   63  168   77.00000   37.00000  51.9%  91.1 2419s
 1811034 892497   76.00000   74   30   77.00000   37.00000  51.9%  91.2 2425s
 1814258 894116   76.00000   64  100   77.00000   37.00000  51.9%  91.2 2431s
 1817534 896025     cutoff   57        77.00000   37.00000  51.9%  91.3 2438s
 1820985 897642     cutoff   67        77.00000   37.00000  51.9%  91.3 2444s
 1824264 899479 infeasible   58        77.00000   37.00000  51.9%  91.4 2450s
 1827494 904242   69.00000   55  133   77.00000   37.00000  51.9%  91.4 2455s
 1838685 906356   75.00000   57   94   77.00000   37.00000  51.9%  91.3 2464s
 1841014 907956   56.00000   65  198   77.00000   37.00000  51.9%  91.4 2470s
 1844030 909636     cutoff   54        77.00000   37.00000  51.9%  91.4 2476s
 1847264 911487   74.00000   61  128   77.00000   37.00000  51.9%  91.5 2482s
 1850584 913132 infeasible   52        77.00000   37.00000  51.9%  91.5 2488s
 1853893 919060   76.00000   69  106   77.00000   37.00000  51.9%  91.6 2494s
 1865749 919962   72.00000   70   93   77.00000   37.00000  51.9%  91.3 2497s
 1867339 920863   73.00000   67  134   77.00000   37.00000  51.9%  91.3 2501s
 1869280 922076   62.00000   50  172   77.00000   37.00000  51.9%  91.4 2506s
 1871588 923734   52.00000   50  157   77.00000   37.00000  51.9%  91.4 2512s
 1874821 925512   75.00000   67  103   77.00000   37.00000  51.9%  91.4 2518s
 1877986 927223   72.00000   71  118   77.00000   37.00000  51.9%  91.5 2524s
 1881364 928881   37.00000   44  168   77.00000   37.00000  51.9%  91.5 2530s
 1884527 934411   40.00000   47  193   77.00000   37.00000  51.9%  91.6 2535s
 1896948 936506   75.00000   67   57   77.00000   37.00000  51.9%  91.4 2543s
 1898957 937861   54.00000   55  171   77.00000   37.00000  51.9%  91.4 2547s
 1901404 939722   68.00000   47  138   77.00000   37.00000  51.9%  91.4 2553s
 1904543 941460 infeasible   86        77.00000   37.00000  51.9%  91.5 2559s
 1907620 943185   73.00000   53  179   77.00000   37.00000  51.9%  91.5 2565s
 1910732 948854   68.00000   71  149   77.00000   37.00000  51.9%  91.6 2570s
 1923467 950561   72.00000   57  130   77.00000   37.00000  51.9%  91.4 2578s
 1925290 951732   71.00000   43  156   77.00000   37.00000  51.9%  91.4 2582s
 1927385 952826   53.00000   48  128   77.00000   37.00000  51.9%  91.4 2586s
 1929406 953817   72.00000   56   90   77.00000   37.00000  51.9%  91.5 2591s
 1931586 955354     cutoff   62        77.00000   37.00000  51.9%  91.5 2597s
 1934815 956862     cutoff   73        77.00000   37.00000  51.9%  91.6 2603s
 1937866 962828   58.00000   52  168   77.00000   37.00000  51.9%  91.7 2609s
 1949952 963523   75.00000   40  107   77.00000   37.00000  51.9%  91.4 2613s
 1951437 964354   73.00000   62  141   77.00000   37.00000  51.9%  91.5 2617s
 1953066 965535   70.00000   49  102   77.00000   37.00000  51.9%  91.5 2621s
 1955118 966643   76.00000   48  180   77.00000   37.00000  51.9%  91.5 2625s
 1959782 968973     cutoff   69        77.00000   37.00000  51.9%  91.6 2634s
 1962166 970630   41.00000   46  159   77.00000   37.00000  51.9%  91.6 2640s
 1965397 971970   72.00000   74  125   77.00000   37.00000  51.9%  91.7 2646s
 1968327 977290   71.00000   67  123   77.00000   37.48889  51.3%  91.7 2651s
 1979371 977919   61.00000   53  176   77.00000   37.69478  51.0%  91.5 2655s
 1982355 979446   74.00000   70   86   77.00000   38.00000  50.6%  91.6 2662s
 1984081 980499 infeasible   52        77.00000   38.00000  50.6%  91.6 2667s
 1986098 981568 infeasible   58        77.00000   38.00000  50.6%  91.6 2671s
 1988234 982594   75.00000   61  142   77.00000   38.00000  50.6%  91.7 2676s
 1990469 983647   72.00000   52  117   77.00000   38.00000  50.6%  91.8 2681s
 1992579 985352   72.00000   45  150   77.00000   38.00000  50.6%  91.8 2687s
 1995725 987506   76.00000   67   88   77.00000   38.00000  50.6%  91.9 2694s
 1999430 989487   72.00000   62  109   77.00000   38.00000  50.6%  91.9 2700s
 2002889 996420   76.00000   68   69   77.00000   38.00000  50.6%  92.0 2705s
 2016338 998091   57.00000   61  162   77.00000   38.00000  50.6%  91.7 2713s
 2018071 999152     cutoff   66        77.00000   38.00000  50.6%  91.8 2716s
 2020004 1000420 infeasible   56        77.00000   38.00000  50.6%  91.8 2721s
 2022268 1002046     cutoff   65        77.00000   38.00000  50.6%  91.9 2727s
 2025489 1003689   72.00000   46  154   77.00000   38.00000  50.6%  91.9 2733s
 2028700 1005374   75.00000   76  110   77.00000   38.00000  50.6%  92.0 2739s
 2031919 1009695   38.00000   48  152   77.00000   38.00000  50.6%  92.0 2745s
 2042706 1012023   75.00000   54  107   77.00000   38.00000  50.6%  91.9 2754s
 2044997 1013201   72.00000   66  120   77.00000   38.00000  50.6%  92.0 2759s
 2047434 1014781   73.00000   62   96   77.00000   38.00000  50.6%  92.0 2764s
 2050118 1016151   43.00000   41  152   77.00000   38.00000  50.6%  92.0 2768s
 2052491 1017889   75.00000   48  131   77.00000   38.00000  50.6%  92.1 2775s
 2055645 1024347   74.00000   52  110   77.00000   38.00000  50.6%  92.1 2780s
 2068822 1025859   70.00000   75  159   77.00000   38.00000  50.6%  91.9 2786s
 2071969 1027923   74.00000   64  138   77.00000   38.00000  50.6%  92.0 2793s
 2073914 1028999   74.00000   64  106   77.00000   38.00000  50.6%  92.0 2797s
 2075994 1030273   74.00000   58  137   77.00000   38.00000  50.6%  92.0 2801s
 2078227 1031756   56.00000   60  133   77.00000   38.00000  50.6%  92.0 2806s
 2080483 1033153   74.00000   51  145   77.00000   38.00000  50.6%  92.1 2811s
 2082911 1039010   48.00000   56  169   77.00000   38.00000  50.6%  92.1 2816s
 2095367 1040533   54.00000   50  150   77.00000   38.00000  50.6%  91.9 2821s
 2098042 1042170   66.00000   46  158   77.00000   38.00000  50.6%  91.9 2827s
 2099605 1043281 infeasible   66        77.00000   38.00000  50.6%  92.0 2831s
 2101453 1044313   74.00000   90   56   77.00000   38.00000  50.6%  92.0 2835s
 2105431 1046899   75.00000   66   84   77.00000   38.00000  50.6%  92.0 2843s
 2107771 1048471   72.00000   63   82   77.00000   38.00000  50.6%  92.1 2848s
 2110596 1052088   59.00000   73  203   77.00000   38.00000  50.6%  92.1 2853s
 2117087 1052665   54.00000   50  169   77.00000   38.00000  50.6%  92.0 2855s
 2119693 1054411   63.00000   53  161   77.00000   38.00000  50.6%  92.0 2861s
 2121427 1055520 infeasible   82        77.00000   38.00000  50.6%  92.0 2865s
 2125239 1057930   71.00000   66  100   77.00000   38.00000  50.6%  92.1 2873s
 2127301 1062178   52.00000   65  232   77.00000   38.00000  50.6%  92.1 2876s
 2137209 1064047   67.00000   69  102   77.00000   38.00000  50.6%  92.0 2883s
 2138995 1065100   75.00000   75   83   77.00000   38.00000  50.6%  92.0 2886s
 2140697 1066411   75.00000   66  110   77.00000   38.00000  50.6%  92.0 2891s
 2143105 1068190   57.00000   60  163   77.00000   38.00000  50.6%  92.0 2897s
 2146377 1073825   62.00000   50  148   77.00000   38.00000  50.6%  92.0 2902s
 2157492 1074685   64.00000   50  141   77.00000   38.00000  50.6%  91.8 2905s
 2160729 1076823 infeasible   83        77.00000   38.00000  50.6%  91.9 2912s
 2162618 1077956   70.00000   50  150   77.00000   38.00000  50.6%  91.9 2916s
 2164566 1079034     cutoff   56        77.00000   38.00000  50.6%  91.9 2920s
 2168797 1081729     cutoff   75        77.00000   38.00000  50.6%  91.9 2929s
 2171180 1082872   74.00000   52  114   77.00000   38.00000  50.6%  92.0 2934s
 2173584 1089355   72.00000   68  106   77.00000   38.00000  50.6%  92.0 2939s
 2185534 1090001   61.00000   46  152   77.00000   38.00000  50.6%  91.8 2941s
 2187988 1091331     cutoff   92        77.00000   38.00000  50.6%  91.8 2947s
 2189290 1092137   75.00000   69  126   77.00000   38.00000  50.6%  91.8 2950s
 2192437 1093965   48.00000   52  149   77.00000   38.00000  50.6%  91.8 2957s
 2194184 1095254   62.00000   68  139   77.00000   38.00000  50.6%  91.9 2960s
 2196231 1096391   62.00000   69  139   77.00000   38.00000  50.6%  91.9 2965s
 2200567 1098661   74.00000   62   89   77.00000   38.00000  50.6%  92.0 2974s
 2202919 1100387 infeasible   67        77.00000   38.00000  50.6%  92.0 2979s
 2205972 1105014   72.00000   56  179   77.00000   38.00000  50.6%  92.0 2985s
 2217314 1106916 infeasible   53        77.00000   38.00000  50.6%  91.9 2992s
 2219130 1108018 infeasible   54        77.00000   38.00000  50.6%  91.9 2996s
 2221223 1109328   62.00000   43  160   77.00000   38.00000  50.6%  91.9 3000s
 2225820 1112057 infeasible   60        77.00000   38.00000  50.6%  92.0 3009s
 2228414 1113596 infeasible   61        77.00000   38.00000  50.6%  92.0 3013s
 2231041 1117777   61.00000   57   98   77.00000   38.00000  50.6%  92.0 3018s
 2238716 1118269 infeasible   46        77.00000   38.00000  50.6%  91.9 3020s
 2240880 1119562   65.00000   42  155   77.00000   38.00000  50.6%  92.0 3025s
 2243669 1121405   72.00000   62  102   77.00000   38.00000  50.6%  92.0 3031s
 2245288 1122134   76.00000   74   86   77.00000   38.00000  50.6%  92.0 3035s
 2248929 1124051   74.00000   56  212   77.00000   38.00000  50.6%  92.1 3043s
 2250932 1125204   74.00000   60   92   77.00000   38.00000  50.6%  92.1 3047s
 2253143 1129952   73.00000   56  119   77.00000   38.00000  50.6%  92.1 3051s
 2262221 1131183 infeasible   74        77.00000   38.00000  50.6%  91.9 3055s
 2264541 1132682   74.00000   55   86   77.00000   38.00000  50.6%  92.0 3062s
 2267677 1134643     cutoff   52        77.00000   38.00000  50.6%  92.0 3068s
 2271000 1136522   75.00000   85   30   77.00000   38.00000  50.6%  92.1 3074s
 2274349 1138678 infeasible   74        77.00000   38.00000  50.6%  92.1 3080s
 2277744 1144916   49.00000   58  178   77.00000   38.00000  50.6%  92.1 3085s
 2290845 1147098 infeasible   80        77.00000   38.00000  50.6%  92.0 3092s
 2292776 1148402 infeasible   55        77.00000   38.00000  50.6%  92.0 3097s
 2295190 1150341   76.00000   55   71   77.00000   38.00000  50.6%  92.0 3103s
 2298404 1152031   71.00000   62  161   77.00000   38.00000  50.6%  92.0 3109s
 2301471 1153992   66.00000   45  116   77.00000   38.00000  50.6%  92.1 3115s
 2304681 1160235   76.00000   76   32   77.00000   38.00000  50.6%  92.1 3120s
 2317885 1162081   57.00000   46  124   77.00000   38.00000  50.6%  91.9 3127s
 2319746 1162848   72.00000   41  160   77.00000   38.00000  50.6%  92.0 3131s
 2321707 1164040   39.00000   45  220   77.00000   38.00000  50.6%  92.0 3136s
 2323906 1165685   76.00000   72   63   77.00000   38.00000  50.6%  92.0 3142s
 2327592 1167492     cutoff   62        77.00000   38.00000  50.6%  92.0 3148s
 2330774 1169388 infeasible   65        77.00000   38.00000  50.6%  92.1 3154s
 2334188 1171272   76.00000   55   56   77.00000   38.00000  50.6%  92.1 3160s
 2337427 1177492   68.00000   45  119   77.00000   38.00000  50.6%  92.2 3165s
 2350599 1179627   67.00000   67  111   77.00000   38.00000  50.6%  92.0 3173s
 2353084 1181234   69.00000   45  160   77.00000   38.00000  50.6%  92.0 3179s
 2356314 1182911   74.00000   68  114   77.00000   38.00000  50.6%  92.0 3185s
 2359358 1184740 infeasible   76        77.00000   38.00000  50.6%  92.1 3191s
 2362507 1186431   47.00000   43  179   77.00000   38.00000  50.6%  92.1 3196s
 2365737 1191100   75.00000   71   57   77.00000   38.00000  50.6%  92.1 3202s
 2374093 1192248   70.00000   37  120   77.00000   38.00000  50.6%  92.0 3206s
 2376171 1193443   39.00000   53  188   77.00000   38.00000  50.6%  92.1 3210s
 2380765 1195918     cutoff   73        77.00000   38.00000  50.6%  92.1 3219s
 2383100 1197758   76.00000   52  106   77.00000   38.00000  50.6%  92.1 3225s
 2386328 1204369   65.00000   66  100   77.00000   38.00000  50.6%  92.2 3230s
 2399412 1205692   73.00000   61  102   77.00000   38.00000  50.6%  92.0 3237s
 2400958 1206647 infeasible   61        77.00000   38.00000  50.6%  92.0 3240s
 2404730 1208882   71.00000   66   75   77.00000   38.00000  50.6%  92.1 3248s
 2406829 1210023   46.00000   42  172   77.00000   38.00000  50.6%  92.1 3252s
 2408995 1211245   60.00000   55  133   77.00000   38.00000  50.6%  92.1 3257s
 2411301 1212521   75.00000   47  154   77.00000   38.00000  50.6%  92.1 3261s
 2413640 1214391   38.00000   44  196   77.00000   38.00000  50.6%  92.2 3267s
 2416860 1220416   69.00000   60   83   77.00000   38.00000  50.6%  92.2 3273s
 2428434 1221101 infeasible   68        77.00000   38.00000  50.6%  92.0 3276s
 2431332 1222960   75.00000   59   92   77.00000   38.00000  50.6%  92.0 3282s
 2433186 1224038   74.00000   54  106   77.00000   38.00000  50.6%  92.1 3286s
 2435133 1225169 infeasible   62        77.00000   38.00000  50.6%  92.1 3290s
 2439304 1227414   75.00000   66   57   77.00000   38.00000  50.6%  92.1 3299s
 2441606 1228521   76.00000   58  126   77.00000   38.43284  50.1%  92.1 3304s
 2443979 1230206   76.00000   64   77   77.00000   38.76258  49.7%  92.2 3309s
 2447323 1235684   76.00000   65  118   77.00000   39.00000  49.4%  92.2 3315s
 2459525 1237207   60.00000   43  225   77.00000   39.00000  49.4%  92.0 3321s
 2462790 1239067   76.00000   64  120   77.00000   39.00000  49.4%  92.1 3328s
 2464753 1240123     cutoff   55        77.00000   39.00000  49.4%  92.1 3332s
 2466750 1241245   65.00000   48  192   77.00000   39.00000  49.4%  92.1 3337s
 2469065 1242441 infeasible   55        77.00000   39.00000  49.4%  92.2 3341s
 2471396 1243413   75.00000   70  197   77.00000   39.00000  49.4%  92.2 3346s
 2473495 1245053   76.00000   67  102   77.00000   39.00000  49.4%  92.2 3352s
 2476679 1246878   70.00000   52  125   77.00000   39.00000  49.4%  92.3 3359s
 2480241 1253626   71.00000   70  114   77.00000   39.00000  49.4%  92.3 3365s
 2494803 1255258   70.00000   81   85   77.00000   39.00000  49.4%  92.1 3372s
 2496468 1256118   64.00000   53  133   77.00000   39.00000  49.4%  92.1 3375s
 2498333 1257068   44.00000   56  165   77.00000   39.00000  49.4%  92.1 3380s
 2502378 1259649 infeasible   59        77.00000   39.00000  49.4%  92.2 3391s
 2505804 1261394   76.00000   56   99   77.00000   39.00000  49.4%  92.3 3397s
 2509220 1262947   74.00000   72   39   77.00000   39.00000  49.4%  92.3 3404s
 2512659 1264859 infeasible   65        77.00000   39.00000  49.4%  92.3 3410s
 2516086 1270919   75.00000   61  151   77.00000   39.00000  49.4%  92.4 3415s
 2530206 1272907   73.00000   57  113   77.00000   39.00000  49.4%  92.2 3423s
 2532369 1274837 infeasible   48        77.00000   39.00000  49.4%  92.2 3430s
 2535846 1276498     cutoff   56        77.00000   39.00000  49.4%  92.3 3436s
 2538986 1278065 infeasible   69        77.00000   39.00000  49.4%  92.3 3442s
 2542151 1279860 infeasible   48        77.00000   39.00000  49.4%  92.4 3448s
 2545413 1281762   74.00000   60  130   77.00000   39.00000  49.4%  92.4 3455s
 2548698 1288187   76.00000   69  103   77.00000   39.00000  49.4%  92.4 3460s
 2560963 1289433     cutoff   81        77.00000   39.00000  49.4%  92.2 3465s
 2563297 1290886 infeasible   57        77.00000   39.00000  49.4%  92.3 3471s
 2566381 1292362   75.00000   51  135   77.00000   39.00000  49.4%  92.3 3477s
 2569513 1294093     cutoff   58        77.00000   39.00000  49.4%  92.3 3483s
 2572757 1295785 infeasible   64        77.00000   39.00000  49.4%  92.4 3489s
 2576084 1297580   73.00000   81   90   77.00000   39.00000  49.4%  92.4 3495s
 2579351 1299185 infeasible   55        77.00000   39.00000  49.4%  92.5 3501s
 2582583 1301682   74.00000   54  163   77.00000   39.00000  49.4%  92.5 3507s
 2587181 1303215   71.00000   66   69   77.00000   39.00000  49.4%  92.5 3513s
 2590173 1304263   39.00000   50  181   77.00000   39.00000  49.4%  92.5 3517s
 2592387 1310317   76.00000   72   70   77.00000   39.00000  49.4%  92.6 3523s
 2604529 1311014 infeasible   86        77.00000   39.00000  49.4%  92.4 3526s
 2606907 1312337   75.00000   72  109   77.00000   39.00000  49.4%  92.4 3531s
 2609988 1314038 infeasible   81        77.00000   39.00000  49.4%  92.4 3538s
 2611633 1314941   72.00000   58  175   77.00000   39.00000  49.4%  92.4 3542s
 2613552 1316099   75.00000   71   80   77.00000   39.00000  49.4%  92.5 3546s
 2615656 1317328   60.00000   43  181   77.00000   39.00000  49.4%  92.5 3550s
 2620296 1319796   64.00000   48  149   77.00000   39.00000  49.4%  92.6 3559s
 2622530 1321572 infeasible   78        77.00000   39.00000  49.4%  92.6 3565s
 2625817 1326640   61.00000   69  125   77.00000   39.00000  49.4%  92.6 3571s
 2637662 1328349   56.00000   50  151   77.00000   39.00000  49.4%  92.5 3578s
 2639405 1329468   58.00000   60  149   77.00000   39.00000  49.4%  92.5 3582s
 2641449 1330489 infeasible   59        77.00000   39.00000  49.4%  92.5 3586s
 2643557 1331541 infeasible   80        77.00000   39.00000  49.4%  92.6 3590s
 2645794 1332675   59.00000   50  171   77.00000   39.00000  49.4%  92.6 3595s
 2648129 1334088 infeasible   69        77.00000   39.00000  49.4%  92.6 3600s

Explored 2650758 nodes (245564791 simplex iterations) in 3600.09 seconds (1067.05 work units)
Thread count was 32 (of 32 available processors)

Solution count 10: 77 78 79 ... 86

Time limit reached
Best objective 7.700000000000e+01, best bound 3.900000000000e+01, gap 49.3506%
