
Gurobi 13.0.0 (linux64) logging started Thu Nov 20 11:21:09 2025

Set parameter LogFile to value "./Results/StripPacking-CutHeur/Logs/HU-111-StripPacking-15.log"
Set parameter TimeLimit to value 3600
Set parameter Cuts to value 1
Set parameter Presolve to value 1
Set parameter Heuristics to value 1
Set parameter LogToConsole to value 0
Set parameter LPWarmStart to value 2
Warning: linear constraint 855 and linear constraint 1275 have the same name "PM[B0,B1,0]"
Warning: linear constraint 855 and linear constraint 1275 have the same name "PM[B0,B1,0]"
Warning: default constraint names used to write mps file
Gurobi Optimizer version 13.0.0 build v13.0.0rc1 (linux64 - "Debian GNU/Linux 12 (bookworm)")

CPU model: Intel(R) Xeon(R) CPU E5-2630 v3 @ 2.40GHz, instruction set [SSE2|AVX|AVX2]
Thread count: 16 physical cores, 32 logical processors, using up to 32 threads

Non-default parameters:
TimeLimit  3600
LPWarmStart  2
Heuristics  1
Cuts  1
LogToConsole  0
Presolve  1

Optimize a model with 2010 rows, 451 columns and 5490 nonzeros (Min)
Model fingerprint: 0x13195097
Model has 1 linear objective coefficients
Variable types: 31 continuous, 420 integer (420 binary)
Coefficient statistics:
  Matrix range     [1e+00, 1e+04]
  Objective range  [1e+00, 1e+00]
  Bounds range     [1e+00, 1e+04]
  RHS range        [1e+00, 1e+04]

Warning: Completing partial solution with 420 unfixed non-continuous variables out of 420
User MIP start produced solution with objective 72 (0.00s)
User MIP start produced solution with objective 72 (0.00s)
Loaded user MIP start with objective 72

Presolve removed 210 rows and 0 columns
Presolve time: 0.03s
Presolved: 1800 rows, 451 columns, 5654 nonzeros
Variable types: 31 continuous, 420 integer (420 binary)

Root relaxation: objective 3.700000e+01, 301 iterations, 0.01 seconds (0.01 work units)

    Nodes    |    Current Node    |     Objective Bounds      |     Work
 Expl Unexpl |  Obj  Depth IntInf | Incumbent    BestBd   Gap | It/Node Time

     0     0   37.00000    0   33   72.00000   37.00000  48.6%     -    0s
H    0     0                      71.0000000   37.00000  47.9%     -    0s
H    0     0                      69.0000000   37.00000  46.4%     -    0s
     0     0   37.00000    0   64   69.00000   37.00000  46.4%     -    0s
H    0     0                      66.0000000   37.00000  43.9%     -    0s
     0     0   37.00000    0   64   66.00000   37.00000  43.9%     -    0s
     0     0   37.00000    0   80   66.00000   37.00000  43.9%     -    0s
     0     0   37.00000    0   29   66.00000   37.00000  43.9%     -    0s
H    0     0                      65.0000000   37.00000  43.1%     -    0s
H    0     0                      63.0000000   37.00000  41.3%     -    0s
     0     0   37.00000    0   48   63.00000   37.00000  41.3%     -    0s
     0     0   37.00000    0   53   63.00000   37.00000  41.3%     -    0s
     0     0   37.00000    0   41   63.00000   37.00000  41.3%     -    0s
     0     0   37.00000    0   45   63.00000   37.00000  41.3%     -    0s
     0     0   37.00000    0   67   63.00000   37.00000  41.3%     -    0s
     0     0   37.00000    0   28   63.00000   37.00000  41.3%     -    0s
     0     0   37.00000    0   34   63.00000   37.00000  41.3%     -    0s
     0     0   37.00000    0   56   63.00000   37.00000  41.3%     -    0s
     0     0   37.00000    0   31   63.00000   37.00000  41.3%     -    0s
     0     0   37.00000    0   42   63.00000   37.00000  41.3%     -    0s
     0     0   37.00000    0   61   63.00000   37.00000  41.3%     -    0s
     0     0   37.00000    0   33   63.00000   37.00000  41.3%     -    0s
     0     0   37.00000    0   33   63.00000   37.00000  41.3%     -    0s
     0     0   37.00000    0   29   63.00000   37.00000  41.3%     -    0s
H    0     2                      61.0000000   37.00000  39.3%     -    1s
     0     2   37.00000    0   27   61.00000   37.00000  39.3%     -    1s
H   14    16                      59.0000000   37.00000  37.3%  66.3    1s
H   30    32                      58.0000000   37.00000  36.2%  84.8    1s
H   93   110                      56.0000000   37.00000  33.9%  58.9    1s
H  122   171                      56.0000000   37.00000  33.9%  53.0    1s
H  190   193                      55.0000000   37.00000  32.7%  45.5    1s
H  228   391                      54.0000000   37.00000  31.5%  45.6    1s
H  473   546                      53.0000000   37.00000  30.2%  41.1    1s
H  832   621                      52.0000000   37.00000  28.8%  36.3    2s
H 1020   792                      52.0000000   37.00000  28.8%  33.6    2s
  1560   999   37.00000    6   56   52.00000   37.00000  28.8%  31.4    5s
H 3316  1538                      51.0000000   37.00000  27.5%  27.4    7s
H 3793  1514                      50.0000000   37.00000  26.0%  27.4    8s
H 4175  1420                      50.0000000   37.00000  26.0%  27.4   10s
  4678  1647   43.00000   24   28   50.00000   37.00000  26.0%  33.1   15s
  5074  1676   43.00000   29   52   50.00000   37.00000  26.0%  36.1   20s
  5481  1632   43.00000   32   41   50.00000   37.00000  26.0%  39.1   25s
* 5887  1599              41      49.0000000   37.00000  24.5%  41.5   26s
  7064  1322   37.00000   18   59   49.00000   37.00000  24.5%  47.2   30s
H 7233  1204                      48.0000000   37.00000  22.9%  48.1   31s
  7432  1158   45.00000   24   54   48.00000   37.00000  22.9%  49.3   35s
H 7696  1032                      48.0000000   37.00000  22.9%  50.5   39s
  7736  1026   47.00000   23   35   48.00000   37.00000  22.9%  50.7   40s
  8013  1007 infeasible   25        48.00000   37.00000  22.9%  52.2   45s
  8370  1056 infeasible   23        48.00000   37.00000  22.9%  53.8   50s
  8724  1050 infeasible   22        48.00000   37.00000  22.9%  55.4   55s
  9008  1077 infeasible   26        48.00000   37.00000  22.9%  56.1   60s
  9308  1093 infeasible   29        48.00000   37.00000  22.9%  57.0   65s
  9779  1123 infeasible   26        48.00000   37.00000  22.9%  58.2   74s
* 9844  1123              37      47.0000000   37.00000  21.3%  58.4   74s
  9900  1056   37.00000   19   46   47.00000   37.00000  21.3%  58.5   76s
 11301  1114   39.00000   23   75   47.00000   37.00000  21.3%  61.9   81s
 11998  1143   41.00000   26   75   47.00000   37.00000  21.3%  63.3   86s
 12165  1098 infeasible   28        47.00000   37.00000  21.3%  63.8   90s
 12441  1084   46.00000   19   35   47.00000   37.00000  21.3%  64.4   96s
 12582  1078 infeasible   21        47.00000   37.00000  21.3%  64.5  100s
 12803  1069   46.00000   22   53   47.00000   37.00000  21.3%  65.0  106s
 12928  1040 infeasible   26        47.00000   37.00000  21.3%  65.2  111s
 13108   991 infeasible   24        47.00000   37.00000  21.3%  65.4  115s
 13312   934 infeasible   23        47.00000   37.00000  21.3%  65.5  120s
 13573   891   46.00000   21   37   47.00000   37.00000  21.3%  65.7  125s
 14108   855   46.00000   27   40   47.00000   37.00000  21.3%  65.8  130s
 14317   848 infeasible   29        47.00000   37.00000  21.3%  65.8  136s
 14548   857 infeasible   26        47.00000   37.00000  21.3%  65.8  141s
 14936   901   43.00000   24   40   47.00000   39.00000  17.0%  65.6  147s
 15153   920   43.00000   25   40   47.00000   39.00000  17.0%  65.5  151s
 16248   918 infeasible   27        47.00000   41.00000  12.8%  65.2  157s
 16766   916 infeasible   30        47.00000   43.00000  8.51%  65.1  161s
 17064   939 infeasible   35        47.00000   43.00000  8.51%  65.0  168s
 17577   891   46.00000   22   29   47.00000   43.00000  8.51%  64.9  172s
 18387   890 infeasible   27        47.00000   43.00000  8.51%  64.9  176s
 19207   899 infeasible   28        47.00000   43.00000  8.51%  64.9  180s
 19941   920 infeasible   29        47.00000   43.00000  8.51%  64.8  189s
 20227   914 infeasible   29        47.00000   43.00000  8.51%  64.8  193s
 20297   912   43.00000   24   34   47.00000   43.00000  8.51%  64.8  197s
 20363   926   43.00000   25   40   47.00000   43.00000  8.51%  64.7  201s
 20411   959   43.00000   26   38   47.00000   43.00000  8.51%  64.7  206s
 20750   937   43.00000   27   36   47.00000   43.00000  8.51%  64.5  211s
 21414   962   43.00000   28   44   47.00000   43.00000  8.51%  64.4  216s
 21933   933   43.00000   29   42   47.00000   43.00000  8.51%  64.2  222s
 22895   902 infeasible   29        47.00000   43.00000  8.51%  64.2  227s
 23490   893 infeasible   31        47.00000   43.00000  8.51%  64.3  233s
 23561   903   43.00000   26   34   47.00000   43.00000  8.51%  64.3  238s
 23614   890 infeasible   27        47.00000   43.00000  8.51%  64.3  244s
 23691   891 infeasible   28        47.00000   43.00000  8.51%  64.3  250s
 23751   891   43.00000   27   25   47.00000   43.00000  8.51%  64.2  255s
 23821   898   46.00000   28   27   47.00000   43.00000  8.51%  64.2  262s
 23877   903 infeasible   28        47.00000   43.00000  8.51%  64.2  268s
 23935   902 infeasible   29        47.00000   43.00000  8.51%  64.2  274s
 24000   913   43.00000   28   33   47.00000   43.00000  8.51%  64.2  281s
 24707   927 infeasible   25        47.00000   43.00000  8.51%  63.9  287s
 24757   887   43.00000   25   49   47.00000   43.00000  8.51%  63.9  294s
 25170   885   43.00000   26   40   47.00000   43.00000  8.51%  63.8  301s
 25233   909 infeasible   27        47.00000   43.00000  8.51%  63.8  307s
 25880   878 infeasible   32        47.00000   43.00000  8.51%  63.6  315s
 26558   861 infeasible   36        47.00000   43.00000  8.51%  63.6  323s
 27041   910   46.00000   33   18   47.00000   43.00000  8.51%  63.4  331s
 28207   849   46.00000   34   27   47.00000   43.00000  8.51%  62.9  340s
 28718   620     cutoff   35        47.00000   43.00000  8.51%  62.8  349s
 31107   245   46.00000   34   39   47.00000   43.00000  8.51%  62.1  356s
 34515   250 infeasible   31        47.00000   46.00000  2.13%  61.6  363s
 34574   253 infeasible   24        47.00000   46.00000  2.13%  61.7  369s
 34635   248   46.00000   25   28   47.00000   46.00000  2.13%  61.6  375s
 34704   233   46.00000   26   25   47.00000   46.00000  2.13%  61.6  381s
 34778   200   46.00000   27   26   47.00000   46.00000  2.13%  61.6  387s
 34962   198   46.00000   27   35   47.00000   46.00000  2.13%  61.6  394s
 35025   170   46.00000   28   33   47.00000   46.00000  2.13%  61.6  400s
 35183   146   46.00000   29   42   47.00000   46.00000  2.13%  61.5  406s
 35258   126 infeasible   30        47.00000   46.00000  2.13%  61.5  413s
 35484   120 infeasible   36        47.00000   46.00000  2.13%  61.4  420s
 35558    83 infeasible   35        47.00000   46.00000  2.13%  61.3  426s
 35872    19   46.00000   28   32   47.00000   46.00000  2.13%  61.2  430s

Cutting planes:
  Learned: 2888
  Gomory: 9
  Cover: 117
  Implied bound: 9
  Clique: 10
  MIR: 207
  StrongCG: 7
  Flow cover: 320
  GUB cover: 3
  Zero half: 4
  RLT: 42
  Relax-and-lift: 76
  BQP: 1

Explored 36254 nodes (2220219 simplex iterations) in 434.03 seconds (145.45 work units)
Thread count was 32 (of 32 available processors)

Solution count 10: 47 47 48 ... 54

Optimal solution found (tolerance 1.00e-04)
Best objective 4.700000000000e+01, best bound 4.700000000000e+01, gap 0.0000%
