
Gurobi 13.0.0 (linux64) logging started Tue Nov 25 23:00:59 2025

Set parameter LogFile to value "./Results/StripPacking-CutHeur/Logs/HU-111-StripPacking-35-0.log"
Set parameter TimeLimit to value 3600
Set parameter Cuts to value 1
Set parameter Presolve to value 1
Set parameter Heuristics to value 1
Set parameter LogToConsole to value 0
Set parameter LPWarmStart to value 2
Warning: linear constraint 4795 and linear constraint 7175 have the same name "PM[B0,B1,0]"
Warning: linear constraint 4795 and linear constraint 7175 have the same name "PM[B0,B1,0]"
Warning: default constraint names used to write mps file
Gurobi Optimizer version 13.0.0 build v13.0.0rc1 (linux64 - "Debian GNU/Linux 12 (bookworm)")

CPU model: Intel(R) Xeon(R) CPU E5-2630 v3 @ 2.40GHz, instruction set [SSE2|AVX|AVX2]
Thread count: 16 physical cores, 32 logical processors, using up to 32 threads

Non-default parameters:
TimeLimit  3600
LPWarmStart  2
Heuristics  1
Cuts  1
LogToConsole  0
Presolve  1

Optimize a model with 11340 rows, 2451 columns and 31010 nonzeros (Min)
Model fingerprint: 0xbd072144
Model has 1 linear objective coefficients
Variable types: 71 continuous, 2380 integer (2380 binary)
Coefficient statistics:
  Matrix range     [1e+00, 1e+04]
  Objective range  [1e+00, 1e+00]
  Bounds range     [1e+00, 1e+04]
  RHS range        [1e+00, 1e+04]

Warning: Completing partial solution with 2380 unfixed non-continuous variables out of 2380
User MIP start produced solution with objective 143.9 (0.01s)
Loaded user MIP start with objective 143.9

Presolve removed 1190 rows and 0 columns
Presolve time: 0.06s
Presolved: 10150 rows, 2451 columns, 28630 nonzeros
Variable types: 71 continuous, 2380 integer (2380 binary)

Root relaxation: objective 4.800000e+01, 1530 iterations, 0.10 seconds (0.08 work units)

    Nodes    |    Current Node    |     Objective Bounds      |     Work
 Expl Unexpl |  Obj  Depth IntInf | Incumbent    BestBd   Gap | It/Node Time

     0     0   48.00000    0  185  143.90000   48.00000  66.6%     -    0s
H    0     0                     137.0000000   48.00000  65.0%     -    0s
     0     0   48.00000    0  412  137.00000   48.00000  65.0%     -    1s
     0     0   48.00000    0  280  137.00000   48.00000  65.0%     -    1s
     0     0   48.00000    0  474  137.00000   48.00000  65.0%     -    2s
     0     0   48.00000    0  159  137.00000   48.00000  65.0%     -    2s
H    0     0                     136.0000000   48.00000  64.7%     -    2s
H    0     0                     135.0000000   48.00000  64.4%     -    2s
     0     0   48.00000    0  163  135.00000   48.00000  64.4%     -    2s
     0     0   48.00000    0  420  135.00000   48.00000  64.4%     -    3s
     0     0   48.00000    0  159  135.00000   48.00000  64.4%     -    3s
H    0     0                     129.0000000   48.00000  62.8%     -    3s
     0     0   48.00000    0  222  129.00000   48.00000  62.8%     -    4s
     0     0   48.00000    0  323  129.00000   48.00000  62.8%     -    4s
     0     0   48.00000    0  142  129.00000   48.00000  62.8%     -    4s
     0     0   48.00000    0  168  129.00000   48.00000  62.8%     -    5s
     0     0   48.00000    0  372  129.00000   48.00000  62.8%     -    5s
     0     0   48.00000    0  174  129.00000   48.00000  62.8%     -    5s
     0     0   48.00000    0  222  129.00000   48.00000  62.8%     -    6s
H    0     0                     124.0000000   48.00000  61.3%     -    6s
     0     0   48.00000    0  320  124.00000   48.00000  61.3%     -    6s
     0     0   48.00000    0  180  124.00000   48.00000  61.3%     -    6s
     0     0   48.00000    0  183  124.00000   48.00000  61.3%     -    7s
     0     0   48.00000    0  358  124.00000   48.00000  61.3%     -    7s
     0     0   48.00000    0  200  124.00000   48.00000  61.3%     -    7s
     0     0   48.00000    0  200  124.00000   48.00000  61.3%     -    8s
     0     0   48.00000    0  155  124.00000   48.00000  61.3%     -    8s
     0     2   48.00000    0  153  124.00000   48.00000  61.3%     -    9s
     7    16   48.00000    3  209  124.00000   48.00000  61.3%   514   10s
H   40    48                     123.0000000   48.00000  61.0%   387   12s
H   50   118                     121.0000000   48.00000  60.3%   327   13s
H   93   118                     120.0000000   48.00000  60.0%   236   13s
H  128   214                     117.0000000   48.00000  59.0%   211   14s
   216   234   48.00000   17  220  117.00000   48.00000  59.0%   237   16s
H  247   254                     117.0000000   48.00000  59.0%   232   18s
   256   282   48.00000   19  257  117.00000   48.00000  59.0%   231   21s
H  286   320                     114.0000000   48.00000  57.9%   219   24s
H  315   320                     112.0000000   48.00000  57.1%   224   24s
   322  1049 infeasible   21       112.00000   48.00000  57.1%   223   29s
H  382  1049                     112.0000000   48.00000  57.1%   210   29s
H  486  1049                     110.0000000   48.00000  56.4%   218   29s
  1070  1346   48.00000   61  249  110.00000   48.00000  56.4%   207   35s
H 1077  1346                     110.0000000   48.00000  56.4%   206   35s
H 1405  1346                     108.0000000   48.00000  55.6%   188   35s
  1427  2445   48.00000   62  331  108.00000   48.00000  55.6%   187   43s
H 1428  2445                     108.0000000   48.00000  55.6%   187   43s
H 1428  2445                     106.0000000   48.00000  54.7%   187   43s
H 1641  2445                     106.0000000   48.00000  54.7%   186   43s
H 2557  2445                     105.0000000   48.00000  54.3%   167   43s
  2675  2643   48.37974   62  234  105.00000   48.00000  54.3%   166   50s
H 2679  2643                     105.0000000   48.00000  54.3%   166   50s
  2914  2747   48.37974   63  350  105.00000   48.00000  54.3%   163   57s
  3041  3067   48.37974   64  288  105.00000   48.00000  54.3%   161   65s
H 3461  3619                     104.0000000   48.00000  53.8%   154   74s
H 4163  4466                     104.0000000   48.00000  53.8%   147   83s
H 4164  4447                     103.0000000   48.00000  53.4%   147   83s
H 4416  4446                     102.0000000   48.00000  52.9%   145   83s
  5300  4429   62.00000   77  408  102.00000   48.00000  52.9%   140   85s
  5305  4432   62.00000  102  202  102.00000   48.00000  52.9%   140   92s
H 5308  4212                     101.0000000   48.00000  52.5%   140   96s
  5313  4216   71.00000  109  167  101.00000   48.00000  52.5%   140  101s
  5315  4217   58.00000   98  197  101.00000   48.00000  52.5%   140  105s
  5320  4220   48.00000   33  150  101.00000   48.00000  52.5%   140  110s
H 5537  4193                      99.0000000   48.00000  51.5%   156  114s
  5576  4316   48.00000   27  222   99.00000   48.00000  51.5%   156  116s
  6052  4803   48.00000   28  223   99.00000   48.00000  51.5%   159  124s
H 6081  4593                      99.0000000   48.00000  51.5%   159  124s
  6361  4938   48.00000   28  205   99.00000   48.00000  51.5%   164  131s
  6869  4881   48.00000   29  221   99.00000   48.00000  51.5%   167  139s
  7013  4922   48.00000   29  199   99.00000   48.00000  51.5%   170  149s
  7106  5134   48.00000   30  210   99.00000   48.00000  51.5%   170  160s
  7424  5672   48.00000   38  355   99.00000   48.00000  51.5%   173  175s
  8168  6126   48.00000   38  302   99.00000   48.00000  51.5%   175  190s
  9008  5988   48.00000   64  293   99.00000   48.00000  51.5%   179  204s
  9184  6384   61.00000   79  275   99.00000   48.00000  51.5%   179  219s
  9751  6455   48.00000   79  251   99.00000   48.00000  51.5%   179  235s
 10058  6444   67.00000   97  171   99.00000   48.00000  51.5%   179  251s
 10184  6862   67.00000   98  185   99.00000   48.00000  51.5%   178  269s
 10769  6756   69.00000  104  187   99.00000   48.00000  51.5%   181  287s
 10888  7265   80.00000  105  190   99.00000   48.00000  51.5%   181  307s
 11589  7447   98.00000  130   68   99.00000   48.00000  51.5%   181  328s
 12054  7849     cutoff  130        99.00000   48.00000  51.5%   180  346s
 12771  7947   98.00000  131   68   99.00000   48.00000  51.5%   180  366s
 13282  8118     cutoff  132        99.00000   48.00000  51.5%   178  387s
 13715  8079 infeasible  132        99.00000   48.00000  51.5%   178  408s
 13852  8492 infeasible  140        99.00000   48.00000  51.5%   178  429s
 14440  8722 infeasible  141        99.00000   48.00000  51.5%   176  450s
 14970  9193     cutoff  143        99.00000   48.00000  51.5%   177  473s
 15937  9582   97.00000   97  142   99.00000   48.00000  51.5%   175  494s
H16625  8913                      98.0000000   48.00000  51.0%   174  494s
H16983  8830                      98.0000000   48.00000  51.0%   173  518s
H16987  8600                      97.0000000   48.00000  50.5%   173  518s
H17009  8600                      97.0000000   48.00000  50.5%   173  518s
 17012 10743   66.00000   73  281   97.00000   48.00000  50.5%   173  538s
 20018 11104   95.00000  123   98   97.00000   48.00000  50.5%   169  554s
 20452 11119   96.00000  124  115   97.00000   48.00000  50.5%   168  577s
 20469 13926 infeasible  125        97.00000   48.00000  50.5%   168  676s
H24020 13466                      96.0000000   48.00000  50.0%   165  676s
 24469 13273   76.00000   64  362   96.00000   48.00000  50.0%   164  694s
H24470 13273                      96.0000000   48.00000  50.0%   164  694s
 24518 13808   84.00000   65  233   96.00000   48.00000  50.0%   164  713s
 25366 14334   64.00000   85  261   96.00000   48.00000  50.0%   164  731s
 26048 15110   64.00000   86  222   96.00000   48.00000  50.0%   164  751s
 27086 16929   64.00000   89  225   96.00000   48.00000  50.0%   164  770s
 29742 17942   48.13725   66  318   96.00000   48.00000  50.0%   163  786s
 31169 18868   80.00000   89  185   96.00000   48.00000  50.0%   162  804s
 32313 18876   49.00000   88  257   96.00000   48.00000  50.0%   162  821s
 32337 19087   49.00000   89  274   96.00000   48.00000  50.0%   162  840s
 32698 19246   48.00000   87  245   96.00000   48.00000  50.0%   162  858s
 32942 20609   48.00000   88  242   96.00000   48.00000  50.0%   162  878s
 34781 21333   49.00000   90  239   96.00000   48.00000  50.0%   162  898s
 35728 22423   48.00000   89  241   96.00000   48.00000  50.0%   161  919s
 37272 23398   86.00000  101  209   96.00000   48.00000  50.0%   161  940s
 38755 23413   86.00000  102  206   96.00000   48.00000  50.0%   160  963s
 38772 23434   86.00000  103  200   96.00000   48.00000  50.0%   160  988s
 38805 23478   86.00000  104  163   96.00000   48.00000  50.0%   160 1008s
 38867 23518   86.00000  105  162   96.00000   48.00000  50.0%   160 1030s
 38949 23531   86.00000  106  153   96.00000   48.00000  50.0%   160 1053s
 38968 23565   95.00000  107  148   96.00000   48.00000  50.0%   160 1076s
 39040 23650   86.00000  106  156   96.00000   48.00000  50.0%   160 1103s
 39163 23857   86.00000  107  153   96.00000   48.00000  50.0%   160 1128s
H39338 22662                      95.0000000   48.00000  49.5%   160 1128s
H39399 22801                      95.0000000   48.00000  49.5%   160 1154s
 39610 22821   86.00000  109  154   95.00000   48.00000  49.5%   160 1182s
 39634 23131   86.00000  110  140   95.00000   48.00000  49.5%   160 1209s
 40056 23143   86.00000  123  128   95.00000   48.00000  49.5%   159 1239s
 40074 23358   94.00000  124  137   95.00000   48.00000  49.5%   159 1272s
 40359 24035 infeasible  124        95.00000   48.00000  49.5%   159 1303s
 41420 25923     cutoff   99        95.00000   48.00000  49.5%   159 1351s
 44262 29582   79.00000   61  268   95.00000   48.00000  49.5%   158 1378s
 49229 29598   85.00000   84  199   95.00000   48.00000  49.5%   157 1392s
 49245 29610 infeasible   85        95.00000   48.00000  49.5%   157 1405s
 49273 29815   85.00000   86  187   95.00000   48.00000  49.5%   157 1419s
 49596 29827   50.00000   56  242   95.00000   48.00000  49.5%   157 1434s
 49616 29942   48.00000   55  252   95.00000   48.00000  49.5%   158 1450s
 49762 30055   48.00000   56  242   95.00000   48.00000  49.5%   157 1466s
 49907 30140   50.00000   57  242   95.00000   48.00000  49.5%   158 1491s
 50028 30421 infeasible   78        95.00000   48.00000  49.5%   158 1518s
 50486 30995   73.00000   80  222   95.00000   48.00000  49.5%   158 1538s
 51364 31917   93.00000   88  186   95.00000   48.00000  49.5%   157 1568s
 52772 32857   86.00000  105  100   95.00000   48.00000  49.5%   157 1601s
 53942 32863   86.00000  106   94   95.00000   48.00000  49.5%   157 1636s
 53967 32898 infeasible  107        95.00000   48.00000  49.5%   157 1656s
 54015 32917   86.00000  110   89   95.00000   48.00000  49.5%   157 1676s
 54038 32949   86.00000  112   81   95.00000   48.00000  49.5%   157 1695s
 54083 33993 infeasible  115        95.00000   48.00000  49.5%   157 1716s
 55522 35244   48.00000   51  243   95.00000   48.00000  49.5%   157 1738s
 57157 35259   91.00000   97  108   95.00000   48.00000  49.5%   159 1760s
 57174 35467   91.00000   98  126   95.00000   48.00000  49.5%   159 1782s
 57504 35672   91.00000  115   90   95.00000   48.00000  49.5%   159 1813s
 57773 36672   92.00000   96  120   95.00000   48.00000  49.5%   159 1840s
 59475 36729   92.00000   97  119   95.00000   48.00000  49.5%   158 1869s
 59538 37096 infeasible   98        95.00000   48.00000  49.5%   158 1892s
 60085 37559 infeasible  108        95.00000   48.00000  49.5%   158 1916s
 60914 39239   94.00000  109  120   95.00000   48.00000  49.5%   158 1943s
 63520 42556     cutoff  110        95.00000   48.00000  49.5%   158 1991s
 68270 42565   90.00000   77  210   95.00000   48.00000  49.5%   159 2008s
 68293 42579   90.00000   78  204   95.00000   48.00000  49.5%   159 2032s
 68311 42592   90.00000   79  199   95.00000   48.00000  49.5%   159 2060s
 68331 42607   90.00000   80  191   95.00000   48.00000  49.5%   159 2098s
 68348 42768   90.00000   81  176   95.00000   48.00000  49.5%   159 2123s
 68550 43250   90.00000   82  204   95.00000   48.00000  49.5%   159 2143s
 69276 45010   90.00000   83  195   95.00000   48.00000  49.5%   159 2165s
 71692 45712   77.00000   81  205   95.00000   48.00000  49.5%   159 2183s
 72792 46217 infeasible   86        95.00000   48.00000  49.5%   158 2203s
 73658 46225   94.00000   87  178   95.00000   48.00000  49.5%   158 2224s
 73682 46360   94.00000   88  178   95.00000   48.00000  49.5%   158 2247s
 73859 46398     cutoff   89        95.00000   48.00000  49.5%   158 2272s
 73936 46832   94.00000   90  168   95.00000   48.00000  49.5%   158 2304s
 74627 47690   94.00000   91  141   95.00000   48.00000  49.5%   159 2329s
 75912 47712   94.00000  101   85   95.00000   48.00000  49.5%   158 2353s
 75940 47782 infeasible  102        95.00000   48.00000  49.5%   158 2378s
 76065 48533   48.00000   77  313   95.00000   48.00000  49.5%   158 2402s
 77195 50540     cutoff   95        95.00000   48.00000  49.5%   158 2428s
 80382 51677   91.00000  123  106   95.00000   48.00000  49.5%   158 2451s
 82277 51683   48.00000   54  215   95.00000   48.00000  49.5%   157 2472s
 82303 51899   48.00000   55  214   95.00000   48.00000  49.5%   157 2504s
 82677 52450   48.00000   56  214   95.00000   48.00000  49.5%   157 2540s
 83588 53203   48.00000   57  231   95.00000   48.00000  49.5%   157 2571s
 84645 55755   48.00000   58  229   95.00000   48.00000  49.5%   157 2624s
 88499 56931 infeasible   91        95.00000   48.00000  49.5%   157 2645s
 90411 56943   48.00000   53  241   95.00000   48.00000  49.5%   157 2665s
 90432 56957   59.00000   54  211   95.00000   48.00000  49.5%   157 2684s
 90453 57345   59.00000   56  226   95.00000   48.00000  49.5%   157 2704s
 91133 58796   59.00000   55  204   95.00000   48.00000  49.5%   157 2727s
 93511 60423   78.00000   56  197   95.00000   48.00000  49.5%   157 2747s
 96165 60430   94.00000   79  150   95.00000   48.00000  49.5%   157 2765s
 96190 60637   94.00000   78  115   95.00000   48.00000  49.5%   157 2782s
 96460 60716   65.00000   80  195   95.00000   48.00000  49.5%   157 2813s
 96577 60985   65.00000   80  242   95.00000   48.00000  49.5%   157 2846s
 97007 61534   66.00000   81  198   95.00000   48.00000  49.5%   157 2878s
 97822 61581   75.00000   81  192   95.00000   48.00000  49.5%   157 2906s
 97889 62686   75.00000   84  227   95.00000   48.00000  49.5%   157 2929s
 99354 63367   81.00000  109  165   95.00000   48.00000  49.5%   157 2952s
 100562 63421   81.00000  110  154   95.00000   48.00000  49.5%   157 2976s
 100630 63983   81.00000  110  159   95.00000   48.00000  49.5%   157 3000s
 101590 63996   81.00000  111  153   95.00000   48.00000  49.5%   157 3024s
 101609 64335   81.00000  111  173   95.00000   48.00000  49.5%   157 3059s
 102114 64862   81.00000  112  144   95.00000   48.00000  49.5%   157 3094s
 102871 65986   81.00000  116  135   95.00000   48.00000  49.5%   157 3123s
 104493 67317   81.00000  116  149   95.00000   48.00000  49.5%   157 3152s
 106549 69190   81.00000  117  149   95.00000   48.00000  49.5%   157 3196s
 109699 70763   48.00000   69  269   95.00000   48.00000  49.5%   157 3220s
 112049 70773   77.00000   93  218   95.00000   48.00000  49.5%   158 3240s
 112071 70792   77.00000   94  217   95.00000   48.00000  49.5%   158 3259s
 112090 70930   78.00000   98  200   95.00000   48.00000  49.5%   158 3292s
 112346 71005   85.00000  106  163   95.00000   48.00000  49.5%   158 3327s
 112471 71046   60.00000  103  235   95.00000   48.00000  49.5%   158 3362s
 112566 71604   63.00000  104  196   95.00000   48.00000  49.5%   158 3391s
 113317 72625   63.00000  105  203   95.00000   48.00000  49.5%   158 3429s
 114891 72700   63.00000  106  204   95.00000   48.00000  49.5%   158 3456s
 115026 73678 infeasible  107        95.00000   48.00000  49.5%   158 3485s
 116595 75368   79.00000  129  236   95.00000   48.00000  49.5%   158 3515s
 119165 76148   94.00000  130  223   95.00000   48.00000  49.5%   158 3543s
 120327 77662   94.00000  131  140   95.00000   48.00000  49.5%   158 3571s
 122653 77695 infeasible  139        95.00000   48.00000  49.5%   158 3597s
 122710 77706 infeasible  139        95.00000   48.00000  49.5%   158 3600s

Cutting planes:
  Learned: 3440
  Gomory: 46
  Cover: 199
  Implied bound: 4
  MIR: 929
  StrongCG: 1
  Flow cover: 2129
  GUB cover: 2
  Zero half: 4
  Network: 1
  RLT: 1240
  Relax-and-lift: 225

Explored 122731 nodes (19446149 simplex iterations) in 3600.07 seconds (2350.06 work units)
Thread count was 32 (of 32 available processors)

Solution count 10: 95 95 96 ... 99

Time limit reached
Best objective 9.499999998080e+01, best bound 4.800000000000e+01, gap 49.4737%
