
Gurobi 13.0.0 (linux64) logging started Mon Nov 24 22:57:34 2025

Set parameter LogFile to value "./Results/StripPacking-CutHeur/Logs/HU-111-StripPacking-20-0.log"
Set parameter TimeLimit to value 3600
Set parameter Cuts to value 1
Set parameter Presolve to value 1
Set parameter Heuristics to value 1
Set parameter LogToConsole to value 0
Set parameter LPWarmStart to value 2
Warning: linear constraint 2425 and linear constraint 3625 have the same name "PM[B0,B1,0]"
Warning: linear constraint 2425 and linear constraint 3625 have the same name "PM[B0,B1,0]"
Warning: default constraint names used to write mps file
Gurobi Optimizer version 13.0.0 build v13.0.0rc1 (linux64 - "Debian GNU/Linux 12 (bookworm)")

CPU model: Intel(R) Xeon(R) CPU E5-2630 v3 @ 2.40GHz, instruction set [SSE2|AVX|AVX2]
Thread count: 16 physical cores, 32 logical processors, using up to 32 threads

Non-default parameters:
TimeLimit  3600
LPWarmStart  2
Heuristics  1
Cuts  1
LogToConsole  0
Presolve  1

Optimize a model with 5725 rows, 1251 columns and 15650 nonzeros (Min)
Model fingerprint: 0x01599eb6
Model has 1 linear objective coefficients
Variable types: 51 continuous, 1200 integer (1200 binary)
Coefficient statistics:
  Matrix range     [1e+00, 1e+04]
  Objective range  [1e+00, 1e+00]
  Bounds range     [1e+00, 1e+04]
  RHS range        [1e+00, 1e+04]

Warning: Completing partial solution with 1200 unfixed non-continuous variables out of 1200
User MIP start produced solution with objective 104.8 (0.01s)
Loaded user MIP start with objective 104.8

Presolve removed 600 rows and 0 columns
Presolve time: 0.03s
Presolved: 5125 rows, 1251 columns, 14450 nonzeros
Variable types: 51 continuous, 1200 integer (1200 binary)

Root relaxation: objective 3.600000e+01, 797 iterations, 0.03 seconds (0.03 work units)

    Nodes    |    Current Node    |     Objective Bounds      |     Work
 Expl Unexpl |  Obj  Depth IntInf | Incumbent    BestBd   Gap | It/Node Time

     0     0   36.00000    0  157  104.80000   36.00000  65.6%     -    0s
H    0     0                     103.0000000   36.00000  65.0%     -    0s
     0     0   36.00000    0  289  103.00000   36.00000  65.0%     -    0s
     0     0   36.00000    0  229  103.00000   36.00000  65.0%     -    0s
     0     0   36.00000    0  278  103.00000   36.00000  65.0%     -    1s
     0     0   36.00000    0  172  103.00000   36.00000  65.0%     -    1s
     0     0   36.00000    0  223  103.00000   36.00000  65.0%     -    1s
H    0     0                     102.0000000   36.00000  64.7%     -    1s
     0     0   36.00000    0  225  102.00000   36.00000  64.7%     -    1s
     0     0   36.00000    0  154  102.00000   36.00000  64.7%     -    1s
     0     0   36.00000    0  158  102.00000   36.00000  64.7%     -    1s
     0     0   36.00000    0  208  102.00000   36.00000  64.7%     -    2s
     0     0   36.00000    0  152  102.00000   36.00000  64.7%     -    2s
     0     0   36.00000    0  151  102.00000   36.00000  64.7%     -    2s
     0     0   36.00000    0  151  102.00000   36.00000  64.7%     -    2s
H    0     0                     101.0000000   36.00000  64.4%     -    2s
     0     2   36.00000    0  151  101.00000   36.00000  64.4%     -    2s
H   19    32                      95.0000000   36.00000  62.1%   317    3s
H   21    32                      94.0000000   36.00000  61.7%   324    3s
H   71   108                      93.0000000   36.00000  61.3%   206    3s
H  304   315                      92.0000000   36.00000  60.9%   189    4s
   318   492   36.00000   18  246   92.00000   36.00000  60.9%   186    5s
H  319   492                      92.0000000   36.00000  60.9%   186    5s
H  450   492                      91.0000000   36.00000  60.4%   176    5s
   562   571   36.17867   27  273   91.00000   36.00000  60.4%   175   10s
H  578   587                      90.0000000   36.00000  60.0%   173   12s
H 1555  1631                      89.0000000   36.00000  59.6%   108   13s
H 2242  1957                      88.0000000   36.00000  59.1%  95.2   13s
H 2304  2149                      88.0000000   36.00000  59.1%  94.0   14s
H 2544  2369                      87.0000000   36.00000  58.6%  92.3   14s
  2848  2350   85.00000   23  148   87.00000   36.00000  58.6%  89.8   15s
  2864  2364   36.00000   11  141   87.00000   36.00000  58.6%  98.1   20s
H 3054  2408                      87.0000000   36.00000  58.6%   114   24s
  3128  2493   46.00000   20  200   87.00000   36.00000  58.6%   115   25s
  3388  2622   36.73080   23  234   87.00000   36.00000  58.6%   119   31s
  3452  2665   37.74221   24  215   87.00000   36.00000  58.6%   120   36s
  3516  2708   37.90390   25  207   87.00000   36.00000  58.6%   120   40s
  3614  2813   38.15622   27  186   87.00000   36.00000  58.6%   119   45s
H 3977  2915                      86.0000000   36.00000  58.1%   118   48s
H 4044  2847                      86.0000000   36.00000  58.1%   117   49s
  4104  2919   71.00000   30  135   86.00000   36.00000  58.1%   117   51s
  4361  2986   71.00000   38  113   86.00000   36.00000  58.1%   115   56s
  4467  3043   71.00000   40  107   86.00000   36.00000  58.1%   115   61s
  4566  3102   71.00000   41   96   86.00000   36.00000  58.1%   115   66s
  4672  3153   71.00000   43   92   86.00000   36.00000  58.1%   114   70s
  4782  3201   71.00000   44   89   86.00000   36.00000  58.1%   114   76s
  4885  3258   71.00000   46   91   86.00000   36.00000  58.1%   114   81s
  4965  3299   71.00000   47  108   86.00000   36.00000  58.1%   113   85s
  5089  3348   71.00000   48  121   86.00000   36.00000  58.1%   113   91s
  5161  3385   71.00000   49  130   86.00000   36.00000  58.1%   113   95s
  5280  3455   71.00000   51  101   86.00000   36.00000  58.1%   113  102s
  5356  3486   71.00000   52   98   86.00000   36.00000  58.1%   113  106s
  5425  3524   71.00000   53  102   86.00000   36.00000  58.1%   112  111s
  5504  3558   71.00000   54  100   86.00000   36.00000  58.1%   112  116s
  5571  3597   71.00000   55   98   86.00000   36.00000  58.1%   112  121s
  5652  3650   77.00000   56   95   86.00000   36.00000  58.1%   112  131s
  5719  3704   76.00000   57   95   86.00000   36.00000  58.1%   111  136s
  5812  3735   76.00000   58   94   86.00000   36.00000  58.1%   111  142s
  5846  3764   76.00000   59   88   86.00000   36.00000  58.1%   111  145s
  5896  3776   59.00000   22  175   86.00000   36.00000  58.1%   111  153s
  5931  3794   59.00000   23  167   86.00000   36.00000  58.1%   111  156s
  5966  3811   59.00000   24  172   86.00000   36.00000  58.1%   111  161s
  6076  3870   59.00000   26  161   86.00000   36.00000  58.1%   111  168s
  6133  3925   77.00000   27  151   86.00000   36.00000  58.1%   111  171s
  6348  4062   83.00000   29  159   86.00000   36.00000  58.1%   110  178s
  6471  4143   83.00000   30  158   86.00000   36.00000  58.1%   110  183s
  6651  4303   83.00000   31  148   86.00000   36.00000  58.1%   110  189s
  6942  4412   83.00000   32  144   86.00000   36.00000  58.1%   108  197s
* 7077  4159              78      85.0000000   36.00000  57.6%   108  197s
  7324  4691   83.00000   33  145   85.00000   36.00000  57.6%   107  200s
H 7439  4556                      85.0000000   36.00000  57.6%   106  200s
  9248  5679   61.00000   27  173   85.00000   36.00000  57.6%   105  205s
 11028  6785   61.00000   25  184   85.00000   36.16339  57.5%   103  211s
 11528  6922   72.00000   56  155   85.00000   36.16339  57.5%   102  215s
 11933  7072 infeasible   65        85.00000   36.16692  57.5%   102  222s
H11960  6661                      84.0000000   36.16692  56.9%   102  222s
 11978  7606   83.00000   66   83   84.00000   36.16692  56.9%   102  225s
H12021  7053                      83.0000000   36.16692  56.4%   102  225s
 13242  6978 infeasible   56        83.00000   36.20330  56.4%   103  230s
 13338  7025     cutoff   56        83.00000   36.20748  56.4%   104  237s
H13354  7025                      83.0000000   36.20748  56.4%   104  237s
 13378  7076   80.00000   57  138   83.00000   36.20748  56.4%   104  241s
 13516  7123   42.00000   39  249   83.00000   36.20748  56.4%   104  245s
 13600  7231   80.00000   60  129   83.00000   36.20748  56.4%   104  252s
 13663  7303   80.00000   61  146   83.00000   36.20748  56.4%   104  256s
 13763  7362   70.00000   43  140   83.00000   36.20748  56.4%   104  260s
 13899  7439   81.00000   64   41   83.00000   36.25230  56.3%   105  267s
 13933  7480     cutoff   65        83.00000   36.25230  56.3%   105  271s
 14012  7536     cutoff   65        83.00000   36.28435  56.3%   105  275s
 14377  7746   37.08374   38  360   83.00000   36.28435  56.3%   105  283s
 14440  7808   38.52135   39  381   83.00000   36.28435  56.3%   106  287s
H14497  7540                      82.0000000   36.28435  55.8%   106  287s
 14534  8537 infeasible   52        82.00000   36.28435  55.8%   106  292s
H14662  8537                      82.0000000   36.45847  55.5%   106  292s
 15960  8583   78.00000   52  197   82.00000   36.54939  55.4%   106  296s
 16035  8651   78.00000   53  186   82.00000   36.54939  55.4%   106  300s
 16163  8673   78.00000   54  186   82.00000   36.54939  55.4%   106  305s
 16269  8718 infeasible   56        82.00000   36.71923  55.2%   106  314s
 16315  8735 infeasible   57        82.00000   36.71923  55.2%   106  318s
 16394  8758   53.00000   42  216   82.00000   36.71923  55.2%   107  323s
 16435  8823   58.00000   43  207   82.00000   36.71923  55.2%   107  328s
 16518  8850   58.00000   44  198   82.00000   36.71923  55.2%   107  333s
 16553  8903   58.00000   45  200   82.00000   36.71923  55.2%   107  338s
 16612  8927   58.00000   46  197   82.00000   36.71923  55.2%   107  344s
 16651  8950   58.00000   47  199   82.00000   36.71923  55.2%   107  349s
 16691  8983   66.00000   48  192   82.00000   36.71923  55.2%   107  354s
 16734  9041   66.00000   49  202   82.00000   36.71923  55.2%   107  359s
 16804  9063   66.00000   50  200   82.00000   37.00000  54.9%   107  365s
 16846  9117   66.00000   51  194   82.00000   37.00000  54.9%   107  370s
 16929  9140   66.00000   52  202   82.00000   37.00000  54.9%   107  376s
 16970  9190   66.00000   53  180   82.00000   37.64076  54.1%   107  383s
 17029  9237   76.00000   54  171   82.00000   37.64076  54.1%   107  392s
H17039  8766                      81.0000000   37.64076  53.5%   107  392s
H17111  8361                      79.0000000   37.64076  52.4%   107  398s
 17628  9494   53.00000   48  232   79.00000   38.18477  51.7%   108  404s
H17996  9494                      79.0000000   38.18477  51.7%   108  404s
 19225  9518   78.00000   71  194   79.00000   39.64041  49.8%   110  410s
 19263  9544   78.00000   71  179   79.00000   39.64041  49.8%   110  416s
 19301  9573   78.00000   72  175   79.00000   39.64041  49.8%   110  423s
 19336  9602   78.00000   72  164   79.00000   39.64041  49.8%   110  429s
 19371  9623   78.00000   73  171   79.00000   39.64041  49.8%   110  435s
 19413  9647 infeasible   73        79.00000   39.64041  49.8%   110  442s
 19453  9668   78.00000   74  177   79.00000   39.64041  49.8%   110  448s
 19496  9679   78.00000   75  176   79.00000   39.64041  49.8%   110  454s
 19549  9703 infeasible   75        79.00000   39.64041  49.8%   110  460s
 19588  9757 infeasible   76        79.00000   39.64041  49.8%   110  467s
 19661  9788   40.21128   43  216   79.00000   40.00000  49.4%   110  473s
 19694  9847   42.00000   44  209   79.00000   40.00000  49.4%   110  480s
 19777  9932   53.00000   45  198   79.00000   40.00000  49.4%   110  487s
 19900  9959   53.00000   46  177   79.00000   40.00000  49.4%   110  494s
 19937 10048   57.00000   47  179   79.00000   40.00000  49.4%   110  501s
 20068 10070   57.00000   48  184   79.00000   40.00000  49.4%   110  509s
H20084  9784                      78.0000000   40.00000  48.7%   110  509s
 20110 10730   57.00000   49  185   78.00000   40.00000  48.7%   110  518s
H20151 10730                      78.0000000   40.00000  48.7%   110  518s
 21601 10755   71.00000   59  109   78.00000   40.00000  48.7%   110  525s
 21637 10773   71.00000   60  109   78.00000   40.00000  48.7%   110  533s
 21683 10789 infeasible   61        78.00000   40.00000  48.7%   110  541s
 21731 10819   71.00000   61  109   78.00000   40.00000  48.7%   110  548s
 21764 10842 infeasible   62        78.00000   40.00000  48.7%   110  556s
 21803 10859 infeasible   62        78.00000   40.00000  48.7%   110  563s
 21849 10884   46.00000   36  196   78.00000   40.00000  48.7%   110  571s
 21887 10910   57.00000   37  201   78.00000   40.00000  48.7%   110  579s
 21925 10946   57.00000   38  211   78.00000   40.00000  48.7%   110  591s
 21986 10976   57.00000   39  221   78.00000   40.00000  48.7%   110  599s
 22020 11065   57.00000   40  202   78.00000   40.00000  48.7%   110  608s
 22176 11248   66.00000   41  176   78.00000   40.00000  48.7%   110  616s
 22454 11280   66.00000   42  175   78.00000   40.00000  48.7%   110  626s
 22486 11303   66.00000   43  197   78.00000   40.00000  48.7%   110  635s
 22539 11330   66.00000   44  197   78.00000   40.00000  48.7%   110  644s
 22576 11371   66.00000   45  215   78.00000   40.00000  48.7%   110  653s
 22640 11397   71.00000   46  178   78.00000   40.00000  48.7%   110  669s
 22678 11505   71.00000   47  132   78.00000   40.00000  48.7%   110  678s
 22843 11793   71.00000   45  188   78.00000   40.00000  48.7%   110  692s
 23269 12018 infeasible   57        78.00000   40.00000  48.7%   109  708s
 23599 12631   50.00000   29  178   78.00000   40.00000  48.7%   109  723s
 24558 12877   50.00000   30  170   78.00000   40.00000  48.7%   109  734s
 24936 12989   62.00000   31  174   78.00000   40.00000  48.7%   109  750s
 25160 13240   63.00000   57  161   78.00000   40.00000  48.7%   109  763s
 25511 13615   63.00000   58  155   78.00000   40.00000  48.7%   109  775s
 26058 14407   63.00000   59  153   78.00000   40.00000  48.7%   110  788s
 27248 14409 infeasible   66        78.00000   40.00000  48.7%   109  801s
 27310 14568   59.00000   35  272   78.00000   40.00000  48.7%   110  816s
 27578 14820   59.00000   36  235   78.00000   40.00000  48.7%   110  832s
 27955 14849   67.00000   37  213   78.00000   40.00000  48.7%   110  853s
 27989 15311   77.00000   38  172   78.00000   40.00000  48.7%   110  871s
 28644 16506   77.00000   39  170   78.00000   40.00000  48.7%   110  892s
 30648 17843   71.00000   45  216   78.00000   40.00000  48.7%   110  921s
 32696 18921   71.00000   56  150   78.00000   41.81277  46.4%   111  938s
 34645 19012 infeasible   55        78.00000   41.81277  46.4%   111  952s
 34789 19007 infeasible   56        78.00000   41.81277  46.4%   111  967s
 34855 19028 infeasible   54        78.00000   41.81277  46.4%   111  984s
 34897 19056   74.00000   52  135   78.00000   41.81277  46.4%   111 1000s
 34933 19087 infeasible   53        78.00000   42.00000  46.2%   111 1016s
 34976 19116   71.00000   30  253   78.00000   42.00000  46.2%   111 1033s
 35011 19269   71.00000   31  162   78.00000   42.00000  46.2%   112 1052s
 35235 19293   71.00000   32  162   78.00000   42.00000  46.2%   111 1073s
 35273 19325   71.00000   33  162   78.00000   42.00000  46.2%   111 1093s
 35309 19355   71.00000   34  200   78.00000   42.00000  46.2%   111 1118s
 35343 19511   71.00000   35  139   78.00000   42.00000  46.2%   111 1147s
 35605 19535   70.00000   51  167   78.00000   42.00000  46.2%   111 1170s
 35645 19562   70.00000   52  161   78.00000   42.00000  46.2%   111 1198s
 35682 19668   70.00000   53  166   78.00000   42.00000  46.2%   111 1223s
 35821 19698   70.00000   54  173   78.00000   42.00000  46.2%   111 1251s
 35855 19913   70.00000   55  174   78.00000   42.00000  46.2%   111 1285s
 36156 19931   70.00000   56  161   78.00000   42.00000  46.2%   111 1320s
 36201 20203   70.00000   57  150   78.00000   42.00000  46.2%   111 1360s
 36671 20231   54.00000   33  196   78.00000   42.00000  46.2%   111 1407s
 36709 21327   54.00000   34  199   78.00000   42.00000  46.2%   111 1448s
 38279 24787   67.00000   61  125   78.00000   42.00000  46.2%   111 1487s
 44228 24814   60.00000   50  245   78.00000   42.00000  46.2%   111 1510s
 44264 25219   67.00000   50  249   78.00000   42.00000  46.2%   111 1532s
 44937 27626   57.00000   48  300   78.00000   42.00000  46.2%   111 1556s
 49082 27654   74.00000   44  153   78.00000   42.00000  46.2%   111 1576s
 49118 27827   74.00000   45  161   78.00000   42.00000  46.2%   111 1597s
 49411 27855   74.00000   46  158   78.00000   42.00000  46.2%   111 1626s
 49447 27881   74.00000   47  145   78.00000   42.00000  46.2%   111 1654s
 49489 27878   74.00000   48  134   78.00000   42.00000  46.2%   111 1688s
 49563 28462   74.00000   49  147   78.00000   42.00000  46.2%   111 1713s
 50541 29578 infeasible   64        78.00000   42.00000  46.2%   111 1740s
 52588 29899 infeasible   66        78.00000   43.00000  44.9%   111 1766s
 53246 32402   73.00000   66   65   78.00000   43.00000  44.9%   111 1794s
 58041 36534   71.00000   60  136   78.00000   43.00000  44.9%   111 1819s
 65123 36547   55.00000   38  142   78.00000   43.00000  44.9%   111 1880s
 65174 43544   55.00000   39  151   78.00000   43.00000  44.9%   111 2229s
 73364 43544   60.00000   61  165   78.00000   46.00000  41.0%   112 2230s
 77654 51891   77.00000   53  215   78.00000   46.00000  41.0%   112 2319s
 90609 51918   72.00000   64  108   78.00000   46.00000  41.0%   111 2358s
 90646 52467 infeasible   64        78.00000   46.00000  41.0%   111 2395s
 91539 52867     cutoff   64        78.00000   46.00000  41.0%   111 2439s
 92084 53554   76.00000   64   74   78.00000   46.00000  41.0%   111 2493s
 93513 58157   77.00000   46  113   78.00000   46.00000  41.0%   111 2557s
 102060 60725   70.00000   43  149   78.00000   46.00000  41.0%   111 2631s
 106923 70503   66.00000   43  166   78.00000   46.00000  41.0%   111 2681s
 124522 70521   53.00000   30  180   78.00000   46.00000  41.0%   111 2696s
 124568 70543   53.00000   31  173   78.00000   46.00000  41.0%   111 2711s
 124609 70571   64.00000   32  176   78.00000   46.00000  41.0%   111 2725s
 124645 70591   64.00000   33  173   78.00000   46.00000  41.0%   111 2739s
 124689 70618   64.00000   34  165   78.00000   46.00000  41.0%   111 2753s
 124726 70692   64.00000   35  161   78.00000   46.00000  41.0%   111 2770s
 124838 70720   64.00000   36  151   78.00000   46.00000  41.0%   111 2786s
 124874 70868   64.00000   37  147   78.00000   46.00000  41.0%   111 2801s
 125172 71045   64.00000   38  156   78.00000   46.00000  41.0%   111 2818s
 125539 71345   64.00000   39  162   78.00000   46.00000  41.0%   111 2836s
 126093 71464   76.00000   57   66   78.00000   46.00000  41.0%   111 2857s
 126325 71487   76.00000   58   65   78.00000   46.00000  41.0%   111 2888s
 126366 71510     cutoff   59        78.00000   46.00000  41.0%   111 2926s
 126407 71722     cutoff   59        78.00000   46.00000  41.0%   111 2959s
 126798 72609   76.00000   44  147   78.00000   46.00000  41.0%   111 3000s
 128440 73191 infeasible   53        78.00000   46.00000  41.0%   111 3042s
 129545 73841 infeasible   54        78.00000   46.00000  41.0%   111 3086s
 130774 75336   64.00000   50  166   78.00000   46.00000  41.0%   111 3129s
 131021 75336   65.00000   54  171   78.00000   46.00000  41.0%   111 3130s
 133499 83846   77.00000   49   83   78.00000   46.00000  41.0%   111 3200s
 149897 83867   64.00000   34  196   78.00000   47.00000  39.7%   111 3217s
 149944 83889   72.00000   34  140   78.00000   47.00000  39.7%   111 3231s
 149988 83909   72.00000   35  153   78.00000   47.00000  39.7%   111 3246s
 150032 83926   64.00000   34  145   78.00000   47.00000  39.7%   111 3260s
 150079 84030   64.00000   35  143   78.00000   47.00000  39.7%   111 3276s
 150206 84452   72.00000   35  137   78.00000   47.00000  39.7%   111 3292s
 150992 85131   72.00000   36  136   78.00000   47.00000  39.7%   111 3310s
 152230 86174   77.00000   36  134   78.00000   47.00000  39.7%   110 3329s
 154240 86907   77.00000   36  141   78.00000   47.00000  39.7%   110 3350s
 155650 88034 infeasible   37        78.00000   47.00000  39.7%   110 3373s
 157765 88052   73.00000   47  144   78.00000   47.00000  39.7%   110 3399s
 157811 88596   73.00000   48  139   78.00000   47.00000  39.7%   110 3424s
 158954 88612   73.00000   49  135   78.00000   47.00000  39.7%   110 3452s
 159002 88979   73.00000   50  134   78.00000   48.00000  38.5%   110 3482s
 159740 89238   61.00000   47  190   78.00000   48.00000  38.5%   110 3525s
 160235 89782   65.00000   48  183   78.00000   48.00000  38.5%   110 3573s
 161561 90975   65.00000   49  215   78.00000   48.00000  38.5%   110 3600s

Cutting planes:
  Learned: 8002
  Gomory: 16
  Cover: 341
  Implied bound: 5
  MIR: 372
  StrongCG: 5
  Flow cover: 1002
  GUB cover: 4
  Zero half: 24
  RLT: 239
  Relax-and-lift: 67

Explored 164372 nodes (18055819 simplex iterations) in 3600.36 seconds (1449.19 work units)
Thread count was 32 (of 32 available processors)

Solution count 10: 78 78 79 ... 84

Time limit reached
Best objective 7.799999998420e+01, best bound 4.800000000000e+01, gap 38.4615%
