
Gurobi 13.0.0 (linux64) logging started Wed Nov 26 11:01:59 2025

Set parameter LogFile to value "./Results/StripPacking-CutHeur/Logs/HU-111-StripPacking-50-0.log"
Set parameter TimeLimit to value 3600
Set parameter Cuts to value 1
Set parameter Presolve to value 1
Set parameter Heuristics to value 1
Set parameter LogToConsole to value 0
Set parameter LPWarmStart to value 2
Warning: linear constraint 9850 and linear constraint 14750 have the same name "PM[B0,B1,0]"
Warning: linear constraint 9850 and linear constraint 14750 have the same name "PM[B0,B1,0]"
Warning: default constraint names used to write mps file
Gurobi Optimizer version 13.0.0 build v13.0.0rc1 (linux64 - "Debian GNU/Linux 12 (bookworm)")

CPU model: Intel(R) Xeon(R) CPU E5-2630 v3 @ 2.40GHz, instruction set [SSE2|AVX|AVX2]
Thread count: 16 physical cores, 32 logical processors, using up to 32 threads

Non-default parameters:
TimeLimit  3600
LPWarmStart  2
Heuristics  1
Cuts  1
LogToConsole  0
Presolve  1

Optimize a model with 23325 rows, 5001 columns and 63800 nonzeros (Min)
Model fingerprint: 0x989f2cde
Model has 1 linear objective coefficients
Variable types: 101 continuous, 4900 integer (4900 binary)
Coefficient statistics:
  Matrix range     [1e+00, 1e+04]
  Objective range  [1e+00, 1e+00]
  Bounds range     [1e+00, 1e+04]
  RHS range        [1e+00, 1e+04]

Warning: Completing partial solution with 4900 unfixed non-continuous variables out of 4900
User MIP start produced solution with objective 191.6 (0.02s)
Loaded user MIP start with objective 191.6

Presolve removed 2450 rows and 0 columns
Presolve time: 0.13s
Presolved: 20875 rows, 5001 columns, 58900 nonzeros
Variable types: 101 continuous, 4900 integer (4900 binary)

Root relaxation: objective 3.500000e+01, 3534 iterations, 0.46 seconds (0.35 work units)

    Nodes    |    Current Node    |     Objective Bounds      |     Work
 Expl Unexpl |  Obj  Depth IntInf | Incumbent    BestBd   Gap | It/Node Time

     0     0   35.00000    0  757  191.60000   35.00000  81.7%     -    1s
H    0     0                     183.0000000   35.00000  80.9%     -    1s
     0     0   35.00000    0 1079  183.00000   35.00000  80.9%     -    4s
     0     0   35.84459    0 1211  183.00000   35.84459  80.4%     -    6s
     0     0   38.13663    0 1197  183.00000   38.13663  79.2%     -   10s
     0     0   38.13663    0  847  183.00000   38.13663  79.2%     -   13s
     0     0   38.13663    0 1092  183.00000   38.13663  79.2%     -   16s
     0     0   38.13663    0 1056  183.00000   38.13663  79.2%     -   16s
H    0     0                     179.0000000   40.00000  77.7%     -   19s
     0     0   40.00000    0 1177  179.00000   40.00000  77.7%     -   19s
     0     0   40.00000    0 1134  179.00000   40.00000  77.7%     -   21s
     0     0   40.00000    0 1291  179.00000   40.00000  77.7%     -   24s
     0     0   40.00000    0 1170  179.00000   40.00000  77.7%     -   27s
H    0     0                     178.0000000   40.00000  77.5%     -   31s
     0     0   40.00000    0 1203  178.00000   40.00000  77.5%     -   32s
     0     0   40.00000    0 1157  178.00000   40.00000  77.5%     -   34s
     0     0   40.00000    0 1381  178.00000   40.00000  77.5%     -   39s
     0     0   40.00000    0 1436  178.00000   40.00000  77.5%     -   45s
     0     0   40.00000    0 1073  178.00000   40.00000  77.5%     -   47s
H    0     0                     177.0000000   40.00000  77.4%     -   51s
     0     0   40.00000    0 1290  177.00000   40.00000  77.4%     -   51s
     0     0   40.00000    0 1233  177.00000   40.00000  77.4%     -   53s
     0     0   40.00000    0 1085  177.00000   40.00000  77.4%     -   55s
H    0     0                     175.0000000   40.00000  77.1%     -   57s
H    0     0                     172.0000000   40.00000  76.7%     -   57s
H    0     0                     171.0000000   40.00000  76.6%     -   57s
     0     0   40.00000    0 1085  171.00000   40.00000  76.6%     -   58s
     0     0   40.00000    0  947  171.00000   40.00000  76.6%     -   59s
     0     2   40.00000    0  918  171.00000   40.00000  76.6%     -   63s
     3     8   40.00000    2 1120  171.00000   40.00000  76.6%  2349   65s
    15    32   40.00000    4 1133  171.00000   40.00000  76.6%  2870   71s
    31    48   40.00000    5 1186  171.00000   40.00000  76.6%  2893   76s
H   42    48                     171.0000000   40.00000  76.6%  2691   76s
    47    64   40.00000    6 1295  171.00000   40.00000  76.6%  2667   80s
    63    81   41.31065    7 1234  171.00000   40.00000  76.6%  2235   85s
    96   114   40.00000    8 1297  171.00000   40.00000  76.6%  1868   96s
   113   137   40.03894    9 1493  171.00000   40.00000  76.6%  1769  105s
   136   153   40.00000    9 1332  171.00000   40.00000  76.6%  1644  110s
   152   169   40.00000   10 1323  171.00000   40.00000  76.6%  1577  115s
   168   185   40.00000   11 1301  171.00000   40.00000  76.6%  1528  120s
   184   201   40.01094   11 1333  171.00000   40.00000  76.6%  1495  126s
   200   219   40.01216   12 1327  171.00000   40.00000  76.6%  1464  133s
   218   235   40.05514   13 1302  171.00000   40.00000  76.6%  1449  138s
   234   252   40.09019   14 1279  171.00000   40.00000  76.6%  1425  143s
   253   268   40.11115   15 1287  171.00000   40.00000  76.6%  1387  148s
   269   282   40.12748   16 1261  171.00000   40.00000  76.6%  1370  153s
H  283   282                     170.0000000   40.00000  76.5%  1349  153s
H  286   297                     169.0000000   40.00000  76.3%  1345  158s
   303   315   40.92962   18 1343  169.00000   40.00000  76.3%  1324  165s
   321   330   41.59677   19 1260  169.00000   40.00000  76.3%  1298  170s
   337   346   42.02982   20 1259  169.00000   40.00000  76.3%  1289  175s
H  346   346                     166.0000000   40.00000  75.9%  1278  175s
   353   364   42.28059   21 1316  166.00000   40.00000  75.9%  1273  180s
   372   379   42.30159   22 1318  166.00000   40.00000  75.9%  1263  186s
H  388   379                     163.0000000   40.00000  75.5%  1256  186s
H  391   393                     162.0000000   40.00000  75.3%  1250  193s
   409   407   43.00000   24 1260  162.00000   40.00000  75.3%  1227  199s
   426   423   43.00000   25 1195  162.00000   40.00000  75.3%  1211  205s
   442   439   43.00000   26 1340  162.00000   40.00000  75.3%  1196  210s
   458   455   43.00000   26 1349  162.00000   40.00000  75.3%  1188  218s
   474   470   44.00000   27 1362  162.00000   40.00000  75.3%  1173  223s
   494   485   44.00000   28 1361  162.00000   40.00000  75.3%  1160  228s
   511   497   44.00000   29 1343  162.00000   40.00000  75.3%  1154  233s
   531   512   45.13889   30 1333  162.00000   40.00000  75.3%  1135  239s
   547   523   52.22078   30 1362  162.00000   40.00000  75.3%  1125  246s
H  548   523                     162.0000000   40.00000  75.3%  1123  246s
   568   533   63.00000   31 1326  162.00000   40.00000  75.3%  1110  254s
   590   545   65.00000   32 1274  162.00000   40.00000  75.3%  1105  260s
   609   555 infeasible   33       162.00000   40.00000  75.3%  1101  267s
   629   569   63.00000   33 1316  162.00000   40.00000  75.3%  1090  275s
   645   585   63.00000   34 1077  162.00000   40.00000  75.3%  1080  283s
   661   602   63.00000   35 1075  162.00000   40.00000  75.3%  1070  292s
   680   617   63.00000   36 1196  162.00000   40.00000  75.3%  1058  301s
   697   631   63.00000   37 1195  162.00000   40.00000  75.3%  1048  310s
   715   643   63.00000   38 1198  162.00000   40.00000  75.3%  1042  318s
   735   655   63.00000   39 1194  162.00000   40.00000  75.3%  1031  327s
   755   664   63.00000   40 1192  162.00000   40.00000  75.3%  1023  336s
   777   676   63.00000   41 1191  162.00000   40.00000  75.3%  1021  346s
   796   690   63.00000   42 1191  162.00000   40.00000  75.3%  1024  356s
   814   703   63.00000   43 1199  162.00000   40.00000  75.3%  1027  365s
   833   718   63.00000   44 1118  162.00000   40.00000  75.3%  1030  376s
   850   730   63.00000   45 1111  162.00000   40.00000  75.3%  1028  386s
   870   743   63.00000   46 1213  162.00000   40.00000  75.3%  1027  397s
   889   757   63.00000   46 1096  162.00000   40.00000  75.3%  1027  408s
   907   772   63.00000   47 1091  162.00000   40.00000  75.3%  1031  419s
   924   785   63.00000   48 1112  162.00000   40.00000  75.3%  1030  429s
   942   797   63.00000   49  994  162.00000   40.00000  75.3%  1020  440s
   962   812   63.00000   50 1054  162.00000   40.00000  75.3%  1013  451s
   979   827   63.00000   51 1042  162.00000   40.00000  75.3%  1011  464s
   996   843   63.00000   52 1005  162.00000   40.00000  75.3%  1005  480s
H 1004   843                     161.0000000   40.00000  75.2%  1003  480s
  1012   857   63.00000   53  997  161.00000   40.00000  75.2%  1002  500s
H 1014   857                     161.0000000   40.00000  75.2%  1001  500s
  1029   872   63.00000   54  995  161.00000   40.00000  75.2%   996  521s
  1046   885   63.00000   55  932  161.00000   40.00000  75.2%   991  537s
  1065   900   63.00000   56 1130  161.00000   40.00000  75.2%   986  555s
  1082   913   63.00000   56  930  161.00000   40.00000  75.2%   987  573s
  1101   928   63.00000   57 1035  161.00000   40.00000  75.2%   983  591s
  1118   943   63.00000   57  928  161.00000   40.00000  75.2%   979  609s
  1135   966   63.00000   58 1031  161.00000   40.00000  75.2%   972  626s
  1166  1009   70.45902   68 1093  161.00000   40.00000  75.2%   964  644s
  1224  1062   89.00000   76  788  161.00000   40.00000  75.2%   940  662s
  1285  1118   89.00000   86  663  161.00000   40.00000  75.2%   917  681s
  1355  1176   91.90909   98  613  161.00000   40.00000  75.2%   899  705s
  1435  1237   89.00000  109  586  161.00000   40.00000  75.2%   871  726s
  1514  1308   95.00000  121  592  161.00000   40.00000  75.2%   844  754s
  1603  1377  100.00000  132  561  161.00000   40.00000  75.2%   820  796s
  1700  1455   51.00000   10 1207  161.00000   40.00000  75.2%   805  848s
  1779  1545   83.00000   32 1188  161.00000   40.00000  75.2%   796  873s
  1883  1641  117.00000   55 1127  161.00000   40.00000  75.2%   780  915s
  1991  1751  117.00000   79  858  161.00000   40.00000  75.2%   761  944s
  2113  1867  134.00000  104  695  161.00000   40.00000  75.2%   741  970s
  2262  1927  134.00000  131  728  161.00000   40.00000  75.2%   721 1009s
  2335  1928   94.00000   47  947  161.00000   40.00000  75.2%   715 1012s
  2337  1929   48.00000   29  718  161.00000   40.00000  75.2%   714 1015s
  2339  1931   47.00000   14 1137  161.00000   40.00000  75.2%   714 1021s
  2340  1931   71.00000   33 1191  161.00000   40.00000  75.2%   713 1026s
H 2340  1834                     160.0000000   40.00000  75.0%   713 1027s
  2342  1836   93.00000   50 1206  160.00000   40.00000  75.0%   713 1033s
  2343  1836  101.00000   69 1210  160.00000   40.00000  75.0%   713 1037s
  2344  1837   92.00000   48  826  160.00000   40.00000  75.0%   712 1045s
  2346  1838   92.00000   41  689  160.00000   40.00000  75.0%   712 1053s
  2348  1840  147.00000  205  800  160.00000   40.00000  75.0%   711 1061s
  2350  1841   76.00000   35  862  160.00000   40.00000  75.0%   710 1069s
  2351  1842   63.00000   63 1085  160.00000   40.00000  75.0%   710 1072s
  2352  1842   63.00000   57  853  160.00000   40.00000  75.0%   710 1080s
  2353  1843   64.00000   37 1101  160.00000   40.00000  75.0%   710 1085s
  2354  1844  117.00000   69  743  160.00000   40.00000  75.0%   709 1092s
  2356  1845   80.00000   21  847  160.00000   40.00000  75.0%   709 1100s
  2358  1846   91.00000   92  828  160.00000   40.00000  75.0%   708 1105s
  2361  1853   40.00000   11 1077  160.00000   40.00000  75.0%   785 1111s
H 2365  1767                     160.0000000   40.00000  75.0%   787 1115s
  2373  1780   40.00822   13 1365  160.00000   40.00000  75.0%   796 1121s
  2389  1791   40.03427   14 1378  160.00000   40.00000  75.0%   811 1127s
  2405  1823   41.12452   15 1310  160.00000   40.00000  75.0%   820 1136s
  2442  1827   41.12452   16 1284  160.00000   40.00000  75.0%   823 1144s
  2459  1838   42.00000   16 1140  160.00000   40.00000  75.0%   827 1154s
  2475  1848   41.12452   17 1260  160.00000   40.00000  75.0%   831 1163s
  2491  1859   55.00000   17 1040  160.00000   40.00000  75.0%   835 1173s
  2507  1870   51.00000   18 1143  160.00000   40.00000  75.0%   843 1183s
  2523  1880   41.12452   18 1258  160.00000   40.00000  75.0%   847 1194s
  2539  1891   51.00000   19 1102  160.00000   40.00000  75.0%   850 1202s
  2555  1902   51.00000   19 1025  160.00000   40.00000  75.0%   856 1211s
  2571  1912   51.00000   20  972  160.00000   40.00000  75.0%   860 1219s
  2574  1911   41.12452   20 1078  160.00000   40.00000  75.0%   860 1220s
  2587  1923   51.00000   20 1150  160.00000   40.00000  75.0%   866 1230s
  2603  1934   51.00000   21  971  160.00000   40.00000  75.0%   867 1240s
  2621  1948   51.00000   21 1021  160.00000   40.00000  75.0%   869 1252s
  2641  1956   51.00000   22 1064  160.00000   40.00000  75.0%   875 1260s
  2658  1966   57.00000   22 1043  160.00000   40.00000  75.0%   880 1269s
  2674  1977   68.00000   23  993  160.00000   40.00000  75.0%   885 1280s
  2690  1990   51.00000   23 1003  160.00000   40.00000  75.0%   889 1289s
  2708  2000   52.00000   24  999  160.00000   40.00000  75.0%   892 1299s
  2724  2010   51.00000   24  990  160.00000   40.00000  75.0%   896 1307s
  2740  2021   52.00000   25  998  160.00000   40.00000  75.0%   900 1315s
  2756  2032   52.00000   25  965  160.00000   40.00000  75.0%   902 1323s
  2772  2041   52.00000   26 1101  160.00000   40.00000  75.0%   905 1333s
  2789  2052   52.00000   26 1069  160.00000   40.00000  75.0%   909 1342s
  2805  2062   52.00000   27 1033  160.00000   40.00000  75.0%   910 1351s
  2821  2073   62.00000   27  945  160.00000   40.00000  75.0%   913 1362s
  2837  2089   52.00000   28 1046  160.00000   40.00000  75.0%   916 1370s
  2858  2104   56.00000   28  996  160.00000   40.00000  75.0%   917 1380s
  2880  2118   57.00000   29 1004  160.00000   40.00000  75.0%   918 1391s
  2902  2127   76.00000   29 1013  160.00000   40.00000  75.0%   922 1400s
  2918  2138   57.00000   30 1119  160.00000   40.00000  75.0%   925 1412s
  2934  2148   57.00000   30  988  160.00000   40.00000  75.0%   928 1423s
  2950  2159   57.00000   31 1029  160.00000   40.00000  75.0%   930 1434s
  2966  2167   66.00000   31 1025  160.00000   40.00000  75.0%   931 1448s
  2985  2175   57.00000   32 1026  160.00000   40.00000  75.0%   932 1460s
  3002  2186  103.00000   32  992  160.00000   40.00000  75.0%   933 1471s
  3018  2196   57.00000   33 1104  160.00000   40.00000  75.0%   935 1484s
  3034  2207   66.00000   33  912  160.00000   40.00000  75.0%   938 1499s
  3050  2218   57.00000   34 1096  160.00000   40.00000  75.0%   940 1523s
  3066  2228   90.00000   34 1051  160.00000   40.00000  75.0%   942 1539s
  3082  2237   57.00000   35 1089  160.00000   40.00000  75.0%   943 1575s
  3100  2247   57.00000   35 1024  160.00000   40.00000  75.0%   944 1594s
  3116  2258   57.00000   36 1035  160.00000   40.00000  75.0%   945 1609s
  3132  2268   57.00000   36 1051  160.00000   40.00000  75.0%   945 1626s
  3148  2288   57.00000   37 1061  160.00000   40.00000  75.0%   946 1642s
  3173  2316   63.00000   37  993  160.00000   40.00000  75.0%   944 1662s
  3209  2333   57.00000   38 1022  160.00000   40.00000  75.0%   939 1681s
  3238  2341   57.00000   38 1034  160.00000   40.00000  75.0%   938 1699s
  3256  2352   63.00000   39 1052  160.00000   40.00000  75.0%   938 1719s
  3273  2362   57.00000   39 1070  160.00000   40.00000  75.0%   938 1752s
  3289  2386   64.00000   40 1050  160.00000   40.00000  75.0%   938 1774s
  3318  2415   57.00000   40 1041  160.00000   40.00000  75.0%   935 1794s
  3357  2439   77.00000   41 1018  160.00000   40.00000  75.0%   930 1817s
  3394  2443   90.00000   41 1067  160.00000   40.00000  75.0%   926 1852s
  3410  2451   87.00000   42  771  160.00000   40.00000  75.0%   927 1873s
  3429  2460   77.00000   42 1048  160.00000   40.00000  75.0%   928 1896s
  3445  2479   77.00000   43 1015  160.00000   40.00000  75.0%   928 1921s
  3469  2498 infeasible   43       160.00000   40.00000  75.0%   926 1947s
  3500  2506   77.00000   44 1108  160.00000   40.00000  75.0%   924 1975s
  3520  2527   77.00000   45 1076  160.00000   40.00000  75.0%   922 2001s
  3550  2535   77.00000   45 1092  160.00000   40.00000  75.0%   920 2034s
  3568  2563   77.00000   46 1035  160.00000   40.00000  75.0%   919 2066s
  3602  2571   86.00000   46  760  160.00000   40.00000  75.0%   915 2095s
  3623  2593   77.00000   47 1035  160.00000   40.00000  75.0%   914 2124s
  3652  2611   77.00000   47 1123  160.00000   40.00000  75.0%   910 2160s
  3680  2645   77.00000   48 1093  160.00000   40.00000  75.0%   907 2193s
  3733  2715   78.00000   48 1062  160.00000   40.00000  75.0%   906 2226s
  3821  2767   86.00000   49 1051  160.00000   40.00000  75.0%   895 2262s
  3902  2827   92.00000   49 1007  160.00000   40.00000  75.0%   885 2299s
  3991  2946   92.00000   50 1073  160.00000   40.00000  75.0%   873 2336s
  4142  3040   92.00000   60  622  160.00000   40.00000  75.0%   857 2373s
  4293  3005   92.00000   72  620  160.00000   40.00000  75.0%   839 2412s
  4309  3046   92.00000   72  574  160.00000   40.00000  75.0%   837 2459s
  4357  3091   92.00000   73  565  160.00000   40.00000  75.0%   830 2502s
  4420  3166   92.00000   73  618  160.00000   40.00000  75.0%   824 2548s
  4524  3157   92.00000   86  592  160.00000   40.00000  75.0%   814 2603s
  4550  3228   92.00000   89  532  160.00000   40.00000  75.0%   812 2652s
  4631  3373   92.00000  102  450  160.00000   40.00000  75.0%   802 2696s
  4825  3511   99.00000  116  454  160.00000   40.00000  75.0%   784 2741s
  5032  3921   99.00000  117  453  160.00000   40.00000  75.0%   771 2774s
  5533  3999   99.00000  129  389  160.00000   40.00000  75.0%   728 2811s
  5786  4394   99.00000  149  316  160.00000   40.00000  75.0%   718 2842s
  6305  4326  128.00000  170  328  160.00000   40.00000  75.0%   683 2876s
  6420  4636   99.00000  171  351  160.00000   40.00000  75.0%   675 2913s
  6843  4886  113.00000  171  322  160.00000   40.00000  75.0%   654 2950s
  7302  4889   99.00000  172  350  160.00000   40.00000  75.0%   639 2986s
  7482  5235   99.00000  172  364  160.00000   40.00000  75.0%   634 3025s
  7957  5781 infeasible  197       160.00000   40.00000  75.0%   612 3061s
  8711  6313   57.00000   31  998  160.00000   40.00000  75.0%   604 3094s
  9262  6997  159.00000  111  534  160.00000   40.00000  75.0%   585 3131s
 10045  7011  159.00000  141  369  160.00000   40.00000  75.0%   565 3170s
 10063  7287  159.00000  142  365  160.00000   40.00000  75.0%   565 3214s
 10358  7492  159.00000  143  369  160.00000   40.00000  75.0%   556 3259s
 10567  8227  159.00000  144  363  160.00000   40.00000  75.0%   554 3304s
 11404  8908  159.00000  165  273  160.00000   40.00000  75.0%   533 3343s
 12193  9490  159.00000  166  271  160.00000   40.00000  75.0%   522 3385s
 12885 10559  159.00000  167  267  160.00000   40.00000  75.0%   511 3428s
 14194 10871  108.00000   49 1009  160.00000   40.00000  75.0%   499 3472s
 14556 11343  155.00000  150  294  160.00000   40.00000  75.0%   497 3518s
 15236 11499  102.00000   35 1004  160.00000   40.00000  75.0%   488 3576s
 15426 11565  102.00000   36  961  160.00000   40.00000  75.0%   496 3600s

Cutting planes:
  Learned: 164
  Gomory: 8
  Cover: 576
  Implied bound: 4
  MIR: 587
  StrongCG: 5
  Flow cover: 1211
  GUB cover: 1
  Zero half: 10
  RLT: 533
  Relax-and-lift: 420

Explored 15514 nodes (7875245 simplex iterations) in 3600.06 seconds (2192.74 work units)
Thread count was 32 (of 32 available processors)

Solution count 10: 160 160 161 ... 170

Time limit reached
Best objective 1.599999999677e+02, best bound 4.000000000000e+01, gap 75.0000%
