
Gurobi 13.0.0 (linux64) logging started Thu Nov 20 13:03:14 2025

Set parameter LogFile to value "./Results/StripPacking-CutHeur/Logs/NU-010-StripPacking-15.log"
Set parameter TimeLimit to value 3600
Set parameter Cuts to value 0
Set parameter Presolve to value 1
Set parameter Heuristics to value 0
Set parameter LogToConsole to value 0
Set parameter LPWarmStart to value 2
Gurobi Optimizer version 13.0.0 build v13.0.0rc1 (linux64 - "Debian GNU/Linux 12 (bookworm)")

CPU model: Intel(R) Xeon(R) CPU E5-2630 v3 @ 2.40GHz, instruction set [SSE2|AVX|AVX2]
Thread count: 16 physical cores, 32 logical processors, using up to 32 threads

Non-default parameters:
TimeLimit  3600
LPWarmStart  2
Heuristics  0
Cuts  0
LogToConsole  0
Presolve  1

Optimize a model with 540 rows, 451 columns and 1710 nonzeros (Min)
Model fingerprint: 0xdf8c27b7
Model has 1 linear objective coefficients
Variable types: 31 continuous, 420 integer (420 binary)
Coefficient statistics:
  Matrix range     [1e+00, 1e+04]
  Objective range  [1e+00, 1e+00]
  Bounds range     [1e+00, 1e+04]
  RHS range        [1e+00, 1e+04]

Warning: Completing partial solution with 420 unfixed non-continuous variables out of 420
User MIP start produced solution with objective 72 (0.00s)
User MIP start produced solution with objective 72 (0.00s)
Loaded user MIP start with objective 72

Presolve time: 0.00s
Presolved: 540 rows, 451 columns, 1710 nonzeros
Variable types: 31 continuous, 420 integer (420 binary)

Root relaxation: objective 3.700000e+01, 234 iterations, 0.00 seconds (0.00 work units)

    Nodes    |    Current Node    |     Objective Bounds      |     Work
 Expl Unexpl |  Obj  Depth IntInf | Incumbent    BestBd   Gap | It/Node Time

     0     0   37.00000    0   24   72.00000   37.00000  48.6%     -    0s
     0     0   37.00000    0   24   72.00000   37.00000  48.6%     -    0s
     0     0   37.00000    0   24   72.00000   37.00000  48.6%     -    0s
     0     2   37.00000    0   24   72.00000   37.00000  48.6%     -    0s
* 1149  1196              46      71.0000000   37.00000  47.9%   6.3    0s
* 1150  1187              45      70.0000000   37.00000  47.1%   6.3    0s
* 1302  1443              75      69.0000000   37.00000  46.4%   6.2    0s
* 1330  1268              77      64.0000000   37.00000  42.2%   6.1    0s
* 2210  2449              76      63.0000000   37.00000  41.3%   5.3    0s
* 5140  3389              65      62.0000000   37.00000  40.3%   5.2    0s
* 5593  3410              83      61.0000000   37.00000  39.3%   5.1    0s
* 5696  3313              58      60.0000000   37.00000  38.3%   5.1    0s
* 7057  3512              97      59.0000000   37.00000  37.3%   5.0    0s
* 7067  3084              99      57.0000000   37.00000  35.1%   5.0    0s
* 7310  2870              91      56.0000000   37.00000  33.9%   5.0    0s
* 7952  2381              45      54.0000000   37.00000  31.5%   4.9    0s
*12030  3801              77      53.0000000   37.00000  30.2%   5.3    0s
*15001  5202              87      52.0000000   37.00000  28.8%   5.2    1s
*23301  5923              83      51.0000000   37.00000  27.5%   5.6    1s
*23379  5137              58      50.0000000   37.00000  26.0%   5.6    1s
*32727  7812              67      50.0000000   37.00000  26.0%   5.8    2s
*52213  9060              74      49.0000000   37.00000  24.5%   5.6    3s
 72240 16465 infeasible   62        49.00000   37.00000  24.5%   5.4    5s
 154701 48222   46.00000   57   60   49.00000   37.00000  24.5%   5.6   10s
*186978 43715              69      48.0000000   37.00000  22.9%   5.6   12s
 245243 55535 infeasible   74        48.00000   37.00000  22.9%   5.6   15s
 318287 70129 infeasible   77        48.00000   38.00000  20.8%   5.9   20s
 416509 86755 infeasible   70        48.00000   38.00000  20.8%   5.9   25s
 488973 96235   41.00000   51   39   48.00000   41.00000  14.6%   6.1   30s
 586764 106706 infeasible   54        48.00000   41.00000  14.6%   6.1   35s
 659762 114975 infeasible   71        48.00000   41.00000  14.6%   6.2   40s
 732659 122991 infeasible   55        48.00000   41.00000  14.6%   6.1   45s
 803147 132418   46.00000   50   40   48.00000   41.00000  14.6%   6.1   50s
 869290 133465   42.00000   55   54   48.00000   42.00000  12.5%   6.1   55s
 943070 134077   46.00000   54   54   48.00000   42.00000  12.5%   6.1   60s
 1024320 139636   47.00000   67   45   48.00000   43.00000  10.4%   6.1   65s
 1101885 145830   43.00000   67   63   48.00000   43.00000  10.4%   6.1   70s
 1199496 149724 infeasible   58        48.00000   43.00000  10.4%   6.2   75s
 1276464 150873   43.00000   56   65   48.00000   43.00000  10.4%   6.2   80s
 1351045 154423   43.00000   50   42   48.00000   43.00000  10.4%   6.2   85s
 1433509 156865   47.00000   68   40   48.00000   43.00000  10.4%   6.2   90s
 1523992 162614   46.00000   69   35   48.00000   43.00000  10.4%   6.3   95s
 1603137 161363 infeasible   72        48.00000   44.00000  8.33%   6.3  100s
 1681328 160994   44.00000   50   41   48.00000   44.00000  8.33%   6.3  105s
 1767416 157009 infeasible   66        48.00000   45.00000  6.25%   6.3  110s
 1838719 152293   46.00000   56   37   48.00000   45.00000  6.25%   6.4  115s
*1874540 78557              70      47.0000000   45.00000  4.26%   6.3  117s
 1891906 80283   45.00000   75   55   47.00000   45.00000  4.26%   6.4  120s
 1974360 81395   45.00000   71   65   47.00000   45.00000  4.26%   6.3  125s
 2047832 77916   46.00000   77   39   47.00000   45.00000  4.26%   6.3  130s
 2137135 60362 infeasible   77        47.00000   45.00000  4.26%   6.3  135s
 2233182 77480   45.00000   57   29   47.00000   45.00000  4.26%   6.3  140s
 2310979 88237 infeasible   59        47.00000   45.00000  4.26%   6.3  145s
 2376955 96476   45.00000   84   22   47.00000   45.00000  4.26%   6.4  150s
 2468809 103381 infeasible   62        47.00000   45.00000  4.26%   6.4  155s
 2539105 106028 infeasible   91        47.00000   45.00000  4.26%   6.4  160s
 2606617 112839     cutoff   64        47.00000   45.00000  4.26%   6.4  165s
 2679667 115631   45.00000   78   61   47.00000   45.00000  4.26%   6.4  170s
 2750098 123779   45.00000   70   52   47.00000   45.00000  4.26%   6.4  175s
 2842709 127399   46.00000   70   47   47.00000   45.00000  4.26%   6.4  180s
 2918121 130755 infeasible   74        47.00000   45.00000  4.26%   6.4  185s
 2989046 135998   45.00000   86   35   47.00000   45.00000  4.26%   6.4  190s
 3071020 142193   45.00000   76   30   47.00000   45.00000  4.26%   6.4  195s
 3167736 145859 infeasible   81        47.00000   45.00000  4.26%   6.4  200s
 3247117 151696 infeasible   67        47.00000   45.00000  4.26%   6.4  205s
 3343148 160032 infeasible   76        47.00000   45.00000  4.26%   6.4  210s
 3424750 164867     cutoff   69        47.00000   45.00000  4.26%   6.4  215s
 3513237 169504 infeasible   80        47.00000   45.00000  4.26%   6.5  220s
 3593560 166139 infeasible   72        47.00000   45.00000  4.26%   6.5  225s
 3674036 164278   45.00000   64   42   47.00000   45.00000  4.26%   6.5  230s
 3762078 165406   45.00000   63   32   47.00000   45.00000  4.26%   6.5  235s
 3854662 164732 infeasible   68        47.00000   45.00000  4.26%   6.5  240s
 3939847 164184     cutoff   74        47.00000   45.00000  4.26%   6.5  245s
 4015619 164164 infeasible   85        47.00000   45.00000  4.26%   6.5  250s
 4095045 164029   45.00000  106   33   47.00000   45.00000  4.26%   6.5  255s
 4191764 163783 infeasible   75        47.00000   45.00000  4.26%   6.5  260s
 4265871 165139   45.00000   70   26   47.00000   45.00000  4.26%   6.5  265s
 4345310 163121   45.00000   64   44   47.00000   45.00000  4.26%   6.5  270s
 4413171 161804   45.00000   70   42   47.00000   45.00000  4.26%   6.5  275s
 4503357 158356 infeasible   65        47.00000   45.00000  4.26%   6.5  280s
 4573665 155718 infeasible   75        47.00000   45.00000  4.26%   6.5  285s
 4646978 153681 infeasible   69        47.00000   46.00000  2.13%   6.5  290s
 4720153 153603   46.00000   62   32   47.00000   46.00000  2.13%   6.5  295s
 4798513 154555   46.00000   67   36   47.00000   46.00000  2.13%   6.4  300s
 4880981 154199   46.00000   59   52   47.00000   46.00000  2.13%   6.4  305s
 4961879 153338 infeasible   81        47.00000   46.00000  2.13%   6.4  310s
 5053962 152494 infeasible   71        47.00000   46.00000  2.13%   6.4  315s
 5132393 152118 infeasible   77        47.00000   46.00000  2.13%   6.3  320s
 5188175 151523 infeasible   68        47.00000   46.00000  2.13%   6.3  325s
 5281871 151246   46.00000   58   34   47.00000   46.00000  2.13%   6.3  330s
 5351539 149492 infeasible   63        47.00000   46.00000  2.13%   6.3  335s
 5438075 149253 infeasible   74        47.00000   46.00000  2.13%   6.3  340s
 5512378 148900   46.00000   77   42   47.00000   46.00000  2.13%   6.3  345s
 5595334 145319 infeasible   94        47.00000   46.00000  2.13%   6.3  350s
 5683546 144742 infeasible   74        47.00000   46.00000  2.13%   6.2  355s
 5759771 143495   46.00000   79   37   47.00000   46.00000  2.13%   6.2  360s
 5836361 141965 infeasible   86        47.00000   46.00000  2.13%   6.2  365s
 5919790 139895   46.00000   79   29   47.00000   46.00000  2.13%   6.2  370s
 6007575 136429     cutoff   82        47.00000   46.00000  2.13%   6.2  375s
 6100075 131288 infeasible   86        47.00000   46.00000  2.13%   6.2  380s
 6165060 127519   46.00000   67   55   47.00000   46.00000  2.13%   6.2  385s
 6271792 121856 infeasible   77        47.00000   46.00000  2.13%   6.2  390s
 6366852 115925 infeasible   73        47.00000   46.00000  2.13%   6.2  395s
 6455920 111543 infeasible   79        47.00000   46.00000  2.13%   6.2  400s
 6566220 108083 infeasible   85        47.00000   46.00000  2.13%   6.2  405s
 6657721 102424 infeasible   94        47.00000   46.00000  2.13%   6.2  410s
 6741569 97324   46.00000   51   48   47.00000   46.00000  2.13%   6.2  415s
 6841059 95441 infeasible   59        47.00000   46.00000  2.13%   6.2  420s
 6929911 92604 infeasible   77        47.00000   46.00000  2.13%   6.2  425s
 7009009 89659 infeasible   77        47.00000   46.00000  2.13%   6.2  430s
 7101027 89097 infeasible  102        47.00000   46.00000  2.13%   6.2  435s
 7173149 87017   46.00000   75   22   47.00000   46.00000  2.13%   6.2  440s
 7279230 81648 infeasible   90        47.00000   46.00000  2.13%   6.2  445s
 7365526 77166 infeasible   81        47.00000   46.00000  2.13%   6.2  450s
 7434094 74386   46.00000   75   19   47.00000   46.00000  2.13%   6.2  455s
 7525845 70013 infeasible   75        47.00000   46.00000  2.13%   6.2  460s
 7607620 67710 infeasible   72        47.00000   46.00000  2.13%   6.2  465s
 7696975 63340 infeasible   71        47.00000   46.00000  2.13%   6.2  470s
 7765607 58095 infeasible   68        47.00000   46.00000  2.13%   6.2  475s
 7863750 55942   46.00000   77   34   47.00000   46.00000  2.13%   6.2  480s
 7943134 53673   46.00000   80   35   47.00000   46.00000  2.13%   6.2  485s
 8024066 49997   46.00000   78   28   47.00000   46.00000  2.13%   6.2  490s
 8109844 47299 infeasible   69        47.00000   46.00000  2.13%   6.2  495s
 8177372 44715     cutoff   80        47.00000   46.00000  2.13%   6.2  500s
 8275807 40515 infeasible   66        47.00000   46.00000  2.13%   6.2  505s
 8358634 35489 infeasible   95        47.00000   46.00000  2.13%   6.2  510s
 8440157 31519   46.00000   83   20   47.00000   46.00000  2.13%   6.2  515s
 8531537 27945   46.00000   72   35   47.00000   46.00000  2.13%   6.2  520s
 8613054 24360 infeasible   72        47.00000   46.00000  2.13%   6.2  525s
 8692923 20783   46.00000   66   36   47.00000   46.00000  2.13%   6.2  530s
 8780467 16862     cutoff   75        47.00000   46.00000  2.13%   6.2  535s
 8867688 14391 infeasible   80        47.00000   46.00000  2.13%   6.2  540s
 8948377 12690 infeasible   82        47.00000   46.00000  2.13%   6.2  545s
 9020712 10299     cutoff   77        47.00000   46.00000  2.13%   6.2  550s
 9121576  7526 infeasible   78        47.00000   46.00000  2.13%   6.2  555s
 9209760  5126   46.00000   94   23   47.00000   46.00000  2.13%   6.2  560s
 9287986   301 infeasible   93        47.00000   46.00000  2.13%   6.2  565s

Explored 9289938 nodes (57579245 simplex iterations) in 565.34 seconds (79.03 work units)
Thread count was 32 (of 32 available processors)

Solution count 10: 47 47 48 ... 54

Optimal solution found (tolerance 1.00e-04)
Best objective 4.700000000000e+01, best bound 4.700000000000e+01, gap 0.0000%
