
Gurobi 13.0.0 (linux64) logging started Thu Nov 20 20:30:44 2025

Set parameter LogFile to value "./Results/StripPacking-CutHeur/Logs/NU-010-StripPacking-25.log"
Set parameter TimeLimit to value 3600
Set parameter Cuts to value 0
Set parameter Presolve to value 1
Set parameter Heuristics to value 0
Set parameter LogToConsole to value 0
Set parameter LPWarmStart to value 2
Gurobi Optimizer version 13.0.0 build v13.0.0rc1 (linux64 - "Debian GNU/Linux 12 (bookworm)")

CPU model: Intel(R) Xeon(R) CPU E5-2630 v3 @ 2.40GHz, instruction set [SSE2|AVX|AVX2]
Thread count: 16 physical cores, 32 logical processors, using up to 32 threads

Non-default parameters:
TimeLimit  3600
LPWarmStart  2
Heuristics  0
Cuts  0
LogToConsole  0
Presolve  1

Optimize a model with 1525 rows, 1251 columns and 4850 nonzeros (Min)
Model fingerprint: 0xcd1ccc66
Model has 1 linear objective coefficients
Variable types: 51 continuous, 1200 integer (1200 binary)
Coefficient statistics:
  Matrix range     [1e+00, 1e+04]
  Objective range  [1e+00, 1e+00]
  Bounds range     [1e+00, 1e+04]
  RHS range        [1e+00, 1e+04]

Warning: Completing partial solution with 1200 unfixed non-continuous variables out of 1200
User MIP start produced solution with objective 102.2 (0.00s)
Loaded user MIP start with objective 102.2

Presolve time: 0.01s
Presolved: 1525 rows, 1251 columns, 4850 nonzeros
Variable types: 51 continuous, 1200 integer (1200 binary)

Root relaxation: objective 3.500000e+01, 568 iterations, 0.01 seconds (0.00 work units)

    Nodes    |    Current Node    |     Objective Bounds      |     Work
 Expl Unexpl |  Obj  Depth IntInf | Incumbent    BestBd   Gap | It/Node Time

     0     0   35.00000    0   90  102.20000   35.00000  65.8%     -    0s
     0     0   35.00000    0   90  102.20000   35.00000  65.8%     -    0s
     0     0   35.00000    0   88  102.20000   35.00000  65.8%     -    0s
     0     2   35.00000    0   88  102.20000   35.00000  65.8%     -    0s
* 4603  4737             188     102.0000000   35.00000  65.7%   7.8    0s
* 4833  4727             205     101.0000000   35.00000  65.3%   7.6    0s
* 4842  4627             210     100.0000000   35.00000  65.0%   7.6    0s
* 4843  4511             210      99.0000000   35.00000  64.6%   7.6    0s
* 5228  5195             248      98.0000000   35.00000  64.3%   7.4    0s
*10950  8015             171      97.0000000   35.00000  63.9%   7.0    1s
*11044  7402             159      96.0000000   35.00000  63.5%   7.0    1s
*11825  7429             181      95.0000000   35.00000  63.2%   6.9    2s
*15381  8317             151      94.0000000   35.00000  62.8%   6.9    2s
*15741  8811             185      92.0000000   35.00000  62.0%   6.8    2s
*15745  8198             185      91.0000000   35.00000  61.5%   6.8    2s
*25291 14539             184      90.0000000   35.00000  61.1%   6.9    3s
*30459 16339             181      89.0000000   35.00000  60.7%   6.7    3s
*35818 18673             149      88.0000000   35.00000  60.2%   6.6    4s
*38585 19216             182      86.0000000   35.00000  59.3%   6.6    4s
 41523 20438   84.00000   98   95   86.00000   35.00000  59.3%   6.6    5s
*62665 32920             188      85.0000000   35.00000  58.8%   6.6    7s
*90419 46645             193      84.0000000   35.00000  58.3%   6.4    9s
 92272 46574     cutoff  117        84.00000   35.00000  58.3%   6.4   10s
 151029 89289   35.00000   55  186   84.00000   35.00000  58.3%   6.5   15s
 202657 130602   54.00000   96  204   84.00000   35.00000  58.3%   6.8   20s
 258746 171228 infeasible  198        84.00000   35.00000  58.3%   6.9   25s
*269324 152013             164      83.0000000   35.00000  57.8%   6.9   26s
*295171 152356             144      82.0000000   35.00000  57.3%   6.9   28s
 307649 160754   77.00000  142   92   82.00000   35.00000  57.3%   7.0   30s
 358580 196997   35.00000   52  138   82.00000   35.00000  57.3%   7.0   35s
 397909 226264   54.00000   61  141   82.00000   35.00000  57.3%   7.1   40s
 446210 258921   78.00000   90  187   82.00000   35.00000  57.3%   7.2   45s
 496252 292337   78.00000   95  122   82.00000   35.00000  57.3%   7.2   50s
 542841 325667   78.00000   89  110   82.00000   35.00000  57.3%   7.2   55s
 587731 356557   52.00000   75  187   82.00000   35.00000  57.3%   7.2   60s
 637754 389683   57.00000   76  215   82.00000   35.00000  57.3%   7.3   65s
 691404 428648   43.00000   75  239   82.00000   35.00000  57.3%   7.3   70s
 731350 467055     cutoff  113        82.00000   35.00000  57.3%   7.3   75s
 790995 497762   79.00000   60  141   82.00000   35.00000  57.3%   7.3   80s
 843976 533538   80.00000   99  100   82.00000   35.00000  57.3%   7.3   85s
 885729 574725   50.00000   68  205   82.00000   35.00000  57.3%   7.3   90s
 939557 596107   77.00000   94  145   82.00000   35.00000  57.3%   7.3   95s
 980070 635512   81.00000  150   28   82.00000   35.00000  57.3%   7.3  100s
 1038175 666424   57.00000   50  164   82.00000   35.00000  57.3%   7.4  105s
*1052846 498164             188      80.0000000   35.00000  56.3%   7.4  107s
 1088787 519911     cutoff  113        80.00000   35.00000  56.3%   7.4  110s
 1134809 552127   74.00000   93  140   80.00000   35.00000  56.3%   7.4  115s
 1178578 579329     cutoff   89        80.00000   35.00000  56.3%   7.4  120s
 1217975 619854   79.00000   83  112   80.00000   35.00000  56.3%   7.4  125s
 1268988 643004   77.00000  114   67   80.00000   35.00000  56.3%   7.4  130s
 1309853 679764   75.00000   77  162   80.00000   35.00000  56.3%   7.4  135s
 1368610 710656   55.00000   50  156   80.00000   35.00000  56.3%   7.4  140s
 1405216 747397   49.00000   76  178   80.00000   35.00000  56.3%   7.4  145s
 1463733 771431   74.00000   84  158   80.00000   35.00000  56.3%   7.4  150s
 1504976 801122   78.00000  116   52   80.00000   35.00000  56.3%   7.4  155s
 1548636 831018   77.00000   81  154   80.00000   35.00000  56.3%   7.5  160s
 1588528 857161   72.00000   60  136   80.00000   35.00000  56.3%   7.5  165s
 1637693 888136   67.00000   81  154   80.00000   35.00000  56.3%   7.5  170s
 1683830 919376   73.00000  102  140   80.00000   35.00000  56.3%   7.5  175s
 1728146 948463 infeasible  103        80.00000   35.00000  56.3%   7.5  180s
 1773554 978017   77.00000   67  172   80.00000   35.00000  56.3%   7.5  185s
 1818952 1008278 infeasible   94        80.00000   35.00000  56.3%   7.5  190s
 1861217 1037291   69.00000   68  185   80.00000   35.00000  56.3%   7.5  195s
 1896187 1071610   71.00000   65  161   80.00000   35.00000  56.3%   7.5  200s
 1952651 1097870   72.00000   82  165   80.00000   35.00000  56.3%   7.5  205s
 2006884 1131481   79.00000   93  118   80.00000   35.00000  56.3%   7.5  210s
 2055629 1165438   78.00000  100   83   80.00000   35.00000  56.3%   7.5  215s
 2097682 1192768   79.00000  156   34   80.00000   35.00000  56.3%   7.5  220s
 2147784 1224870   79.00000  102  107   80.00000   35.00000  56.3%   7.5  225s
 2200009 1256367   79.00000   75  121   80.00000   35.00000  56.3%   7.5  230s
 2241006 1286033 infeasible  113        80.00000   35.00000  56.3%   7.5  235s
 2286773 1314661   79.00000  114   63   80.00000   36.00000  55.0%   7.5  240s
 2332605 1345820   76.00000   98   94   80.00000   36.00000  55.0%   7.5  245s
 2366676 1377841   74.00000   78  153   80.00000   36.00000  55.0%   7.5  250s
 2417840 1399264   78.00000   84   88   80.00000   36.00000  55.0%   7.6  255s
 2458503 1426950   78.00000   94  133   80.00000   36.00000  55.0%   7.6  260s
 2505471 1457277   74.00000   84  160   80.00000   36.00000  55.0%   7.6  265s
*2532530 1237783             156      79.0000000   36.00000  54.4%   7.6  269s
 2536869 1242901   74.00000   64  119   79.00000   36.00000  54.4%   7.6  270s
 2579144 1269126   78.00000   90   78   79.00000   36.00000  54.4%   7.6  275s
 2622296 1296741   74.00000  108  128   79.00000   36.00000  54.4%   7.6  280s
 2662687 1319757 infeasible   80        79.00000   36.00000  54.4%   7.6  285s
 2704911 1357942   74.00000  118  110   79.00000   36.00000  54.4%   7.6  291s
 2749257 1375091   77.00000  110   74   79.00000   36.00000  54.4%   7.6  295s
 2795961 1403778   60.00000   89  161   79.00000   36.00000  54.4%   7.6  300s
 2838768 1427191   36.00000   30  144   79.00000   36.00000  54.4%   7.6  305s
 2881046 1458489   78.00000  100   84   79.00000   36.00000  54.4%   7.6  310s
 2932514 1489874   51.00000   50  152   79.00000   37.00000  53.2%   7.6  315s
 2973462 1519119   50.00000   70  184   79.00000   37.00000  53.2%   7.6  320s
 3027333 1551333 infeasible  102        79.00000   37.00000  53.2%   7.6  325s
 3071856 1582696   78.00000   93  130   79.00000   37.00000  53.2%   7.6  330s
 3105614 1615362   64.00000   86  189   79.00000   37.00000  53.2%   7.6  335s
 3158752 1636558 infeasible  120        79.00000   37.00000  53.2%   7.6  340s
 3200036 1674155   73.00000   88   96   79.00000   37.00000  53.2%   7.7  345s
 3254958 1697255   72.00000   44  186   79.00000   37.00000  53.2%   7.7  350s
 3294717 1725987   65.00000  149  136   79.00000   37.00000  53.2%   7.7  355s
 3340882 1753637   62.00000   65  176   79.00000   37.00000  53.2%   7.7  360s
 3387318 1786606   78.00000   92   94   79.00000   37.00000  53.2%   7.7  365s
 3429225 1814046   78.00000   72   96   79.00000   37.00000  53.2%   7.7  370s
 3470577 1841501   58.00000   98  138   79.00000   37.00000  53.2%   7.7  375s
 3511675 1877695   75.00000   86  148   79.00000   37.00000  53.2%   7.7  380s
 3565651 1902517   62.00000   77  144   79.00000   37.00000  53.2%   7.7  385s
 3606331 1938530   57.00000   89  202   79.00000   37.00000  53.2%   7.7  390s
 3658308 1962225   72.00000  103   96   79.00000   37.00000  53.2%   7.7  395s
 3705741 1992738   78.00000   85   72   79.00000   37.00000  53.2%   7.7  400s
 3754037 2020723   68.00000   91  190   79.00000   37.00000  53.2%   7.7  405s
 3793736 2047030   75.00000   85  201   79.00000   37.00000  53.2%   7.7  410s
 3840421 2075344 infeasible  133        79.00000   37.00000  53.2%   7.7  415s
 3891384 2109347   78.00000   82  159   79.00000   37.00000  53.2%   7.7  420s
 3935581 2137030   62.00000   59  126   79.00000   37.00000  53.2%   7.7  425s
 3985097 2169487   50.00000   67  165   79.00000   37.00000  53.2%   7.7  430s
 4033302 2200726   70.00000  122   94   79.00000   37.00000  53.2%   7.7  435s
 4073521 2224610 infeasible  103        79.00000   37.00000  53.2%   7.7  440s
 4116590 2255097   75.00000   78  117   79.00000   37.00000  53.2%   7.7  445s
 4161415 2281317   77.00000  100  112   79.00000   37.00000  53.2%   7.7  450s
 4194099 2317104   78.00000   85   96   79.00000   37.00000  53.2%   7.7  455s
 4256525 2345409   69.00000   83  172   79.00000   37.00000  53.2%   7.7  460s
 4300716 2374027   78.00000  112  110   79.00000   37.00000  53.2%   7.7  465s
 4349787 2405909   77.00000  102   96   79.00000   37.00000  53.2%   7.7  470s
 4388960 2431936   78.00000  107   74   79.00000   37.00000  53.2%   7.7  475s
 4433771 2461924   50.00000   93  164   79.00000   37.00000  53.2%   7.7  480s
 4474202 2485605   61.00000   64  204   79.00000   37.00000  53.2%   7.7  485s
 4502618 2518769   78.00000   88  108   79.00000   37.00000  53.2%   7.7  490s
 4554038 2540278 infeasible   95        79.00000   37.00000  53.2%   7.7  495s
 4599553 2567434 infeasible   99        79.00000   37.00000  53.2%   7.7  500s
 4637157 2595445   62.00000  106  148   79.00000   37.00000  53.2%   7.7  505s
 4680463 2623898   78.00000   89   52   79.00000   37.00000  53.2%   7.7  510s
 4720688 2650565   78.00000  155   50   79.00000   37.00000  53.2%   7.7  515s
 4770517 2680490   74.00000  117   89   79.00000   37.00000  53.2%   7.7  520s
 4808466 2708525   76.00000   94   85   79.00000   37.00000  53.2%   7.7  525s
 4844323 2742521   78.00000   82  123   79.00000   37.00000  53.2%   7.7  530s
 4895553 2763642   77.00000  125   77   79.00000   37.00000  53.2%   7.7  535s
 4940600 2801104   38.00000   56  176   79.00000   37.00000  53.2%   7.7  540s
 4994887 2824403   78.00000  102   80   79.00000   37.00000  53.2%   7.7  545s
 5033052 2851798   78.00000   83   76   79.00000   37.00000  53.2%   7.7  550s
 5084325 2881669 infeasible   93        79.00000   37.00000  53.2%   7.7  555s
 5124826 2908681   75.00000   89  144   79.00000   37.00000  53.2%   7.7  560s
 5164876 2947576   50.00000   89  182   79.00000   37.00000  53.2%   7.7  566s
 5218826 2966370   67.00000   82  227   79.00000   37.00000  53.2%   7.7  570s
 5253268 2989334   63.00000   90  131   79.00000   37.00000  53.2%   7.7  575s
 5297796 3020472   66.00000   92  147   79.00000   37.00000  53.2%   7.7  580s
 5341333 3048239   67.00000   58  167   79.00000   37.00000  53.2%   7.7  585s
 5383621 3074064   77.00000   77  128   79.00000   37.00000  53.2%   7.7  590s
 5432707 3105705 infeasible  104        79.00000   37.00000  53.2%   7.7  595s
 5474491 3147025   78.00000  106   94   79.00000   37.00000  53.2%   7.7  601s
 5523641 3166160 infeasible  130        79.00000   37.00000  53.2%   7.7  605s
 5572645 3197489   76.00000   72  102   79.00000   37.00000  53.2%   7.7  610s
 5624554 3227575     cutoff   68        79.00000   37.00000  53.2%   7.7  615s
 5674186 3257684   77.00000   80  175   79.00000   37.00000  53.2%   7.7  620s
 5710566 3280241   78.00000   81   98   79.00000   37.00000  53.2%   7.7  625s
 5751000 3308239   78.00000  103   82   79.00000   37.00000  53.2%   7.8  630s
 5800573 3336997   61.00000   61  157   79.00000   37.00000  53.2%   7.8  635s
 5848152 3369396 infeasible  118        79.00000   37.00000  53.2%   7.8  640s
 5866915 3394451   69.00000   79  248   79.00000   37.00000  53.2%   7.8  645s
 5927641 3418851     cutoff   74        79.00000   37.00000  53.2%   7.8  650s
 5974375 3449861   54.00000   78  193   79.00000   37.00000  53.2%   7.8  655s
 6017219 3487662   77.00000  107  130   79.00000   37.00000  53.2%   7.8  661s
 6068208 3504980     cutoff   88        79.00000   37.00000  53.2%   7.8  665s
 6107594 3528635   75.00000   81  126   79.00000   37.00000  53.2%   7.8  670s
 6149006 3554567   57.00000   81  180   79.00000   37.00000  53.2%   7.8  675s
 6187023 3582007   37.00000   39  166   79.00000   37.00000  53.2%   7.8  680s
 6226365 3617614   78.00000   58  197   79.00000   37.00000  53.2%   7.8  685s
 6278983 3641958     cutoff   68        79.00000   37.00000  53.2%   7.8  690s
 6329139 3672899   78.00000   93   56   79.00000   37.00000  53.2%   7.8  695s
 6379235 3703904 infeasible  134        79.00000   37.00000  53.2%   7.8  700s
 6432126 3738250   50.00000   54  134   79.00000   37.00000  53.2%   7.8  705s
 6469685 3766557   68.00000   55  143   79.00000   37.00000  53.2%   7.8  710s
 6507639 3802029   78.00000   94   90   79.00000   37.00000  53.2%   7.8  715s
 6564814 3828895   78.00000   88  132   79.00000   37.00000  53.2%   7.8  720s
 6607996 3854444 infeasible  101        79.00000   37.00000  53.2%   7.8  725s
 6650016 3882089   77.00000   91  114   79.00000   37.00000  53.2%   7.8  730s
 6694658 3918967   78.00000  101   52   79.00000   37.00000  53.2%   7.8  735s
 6747008 3944529   73.00000   65  151   79.00000   37.00000  53.2%   7.8  740s
 6783104 3967708   37.00000   41  144   79.00000   37.00000  53.2%   7.8  745s
 6838550 4002965   73.00000   76  137   79.00000   37.00000  53.2%   7.8  750s
 6881116 4030295   37.00000   49  150   79.00000   37.00000  53.2%   7.8  755s
 6930454 4064330   75.00000   80  116   79.00000   37.00000  53.2%   7.8  760s
 6969625 4089376 infeasible   65        79.00000   37.00000  53.2%   7.8  765s
 7007458 4123223   58.00000   77  183   79.00000   37.00000  53.2%   7.8  771s
 7056225 4140982   78.00000   91   71   79.00000   37.00000  53.2%   7.8  775s
 7098442 4177898   66.00000   82  153   79.00000   37.00000  53.2%   7.8  780s
 7152245 4201833 infeasible  106        79.00000   37.00000  53.2%   7.8  785s
 7195142 4230701   55.00000   83  240   79.00000   37.00000  53.2%   7.8  790s
 7240346 4257989   78.00000  100  162   79.00000   37.00000  53.2%   7.8  795s
 7286805 4288703   77.00000   81  130   79.00000   37.00000  53.2%   7.8  800s
 7334610 4321671   44.00000   67  224   79.00000   37.00000  53.2%   7.8  805s
 7380504 4349054   67.00000   70  155   79.00000   37.00000  53.2%   7.8  810s
 7429469 4382577   77.00000  110   94   79.00000   37.00000  53.2%   7.8  815s
 7463656 4412597   77.00000  101  104   79.00000   37.00000  53.2%   7.8  820s
 7515837 4435294   72.00000   66  158   79.00000   37.00000  53.2%   7.8  825s
 7558441 4463661     cutoff   56        79.00000   37.00000  53.2%   7.8  830s
 7583980 4492457   56.00000   81  124   79.00000   37.00000  53.2%   7.8  835s
 7638546 4516426   78.00000   85   88   79.00000   37.00000  53.2%   7.8  840s
 7693400 4549348 infeasible   92        79.00000   37.00000  53.2%   7.8  845s
 7739703 4594580   68.00000   49  106   79.00000   37.00000  53.2%   7.8  852s
 7769571 4610361   72.00000   87  134   79.00000   37.00000  53.2%   7.8  855s
 7828719 4637406   78.00000   68  115   79.00000   37.00000  53.2%   7.8  860s
 7862667 4669993   70.00000   96  131   79.00000   37.00000  53.2%   7.8  865s
 7923481 4697096   54.00000   63  208   79.00000   37.00000  53.2%   7.8  870s
 7955636 4729137   76.00000  110  133   79.00000   37.00000  53.2%   7.8  875s
 8016467 4756569   75.00000   81   98   79.00000   37.00000  53.2%   7.8  880s
 8064960 4786160   53.00000   59  186   79.00000   37.00000  53.2%   7.8  885s
 8108429 4813483   78.00000  105  105   79.00000   37.00000  53.2%   7.8  890s
 8159390 4844440   72.00000   64  183   79.00000   37.00000  53.2%   7.8  895s
 8204136 4875211 infeasible  111        79.00000   37.00000  53.2%   7.8  900s
 8236585 4906088   78.00000   85  104   79.00000   37.00000  53.2%   7.8  905s
 8292963 4928574   78.00000  107  110   79.00000   37.00000  53.2%   7.8  910s
 8330011 4952608   78.00000   85  156   79.00000   37.00000  53.2%   7.8  915s
 8384881 4987032   76.00000   86  142   79.00000   37.00000  53.2%   7.8  920s
 8424816 5014970   73.00000   96  115   79.00000   37.00000  53.2%   7.8  925s
 8471462 5043479   73.00000   90  135   79.00000   37.00000  53.2%   7.8  930s
 8516739 5072414   76.00000   83   82   79.00000   37.00000  53.2%   7.8  935s
 8561069 5097382 infeasible  122        79.00000   37.00000  53.2%   7.8  940s
 8611275 5129660   78.00000   86  117   79.00000   37.00000  53.2%   7.8  945s
 8656981 5161705   76.00000   98  114   79.00000   37.00000  53.2%   7.8  950s
 8698578 5186231 infeasible  113        79.00000   37.00000  53.2%   7.8  955s
 8744167 5216668   61.00000   85  126   79.00000   37.00000  53.2%   7.8  960s
 8777179 5249603   72.00000  100  128   79.00000   37.00000  53.2%   7.8  965s
 8832886 5270958 infeasible   90        79.00000   37.00000  53.2%   7.8  970s
 8867713 5308650   77.00000  124   80   79.00000   37.00000  53.2%   7.8  975s
 8929350 5332101 infeasible   90        79.00000   37.00000  53.2%   7.8  980s
 8962120 5365256   57.00000   72  124   79.00000   37.00000  53.2%   7.8  985s
 9023466 5392873 infeasible  105        79.00000   37.00000  53.2%   7.8  990s
 9077726 5424012 infeasible  105        79.00000   37.00000  53.2%   7.8  995s
 9127104 5454016 infeasible  120        79.00000   37.00000  53.2%   7.8 1000s
 9175298 5487139 infeasible  101        79.00000   37.00000  53.2%   7.8 1005s
 9211354 5520261   73.00000   93  124   79.00000   37.00000  53.2%   7.8 1010s
 9268078 5546656   78.00000  111   60   79.00000   37.00000  53.2%   7.8 1015s
 9323947 5578015 infeasible   96        79.00000   37.00000  53.2%   7.8 1020s
 9364345 5605600   77.00000   96  114   79.00000   37.00000  53.2%   7.8 1025s
 9417922 5637298 infeasible   91        79.00000   37.00000  53.2%   7.8 1030s
 9463220 5664738 infeasible  118        79.00000   37.00000  53.2%   7.8 1035s
 9516786 5700333   78.00000  121   91   79.00000   37.00000  53.2%   7.8 1040s
 9553528 5732680   78.00000  102  104   79.00000   37.00000  53.2%   7.8 1045s
 9615226 5759783   64.00000   68  120   79.00000   37.00000  53.2%   7.8 1050s
 9660981 5790131   55.00000  100  136   79.00000   37.00000  53.2%   7.8 1055s
 9705771 5817987     cutoff  109        79.00000   37.00000  53.2%   7.8 1060s
 9751473 5844680   78.00000  115   76   79.00000   37.00000  53.2%   7.8 1065s
 9797597 5874984   78.00000  132   68   79.00000   37.00000  53.2%   7.8 1070s
 9848618 5906662   78.00000  130   49   79.00000   37.00000  53.2%   7.8 1075s
 9889860 5929395   47.00000   63  148   79.00000   37.00000  53.2%   7.8 1080s
 9949838 5966894   62.00000   62  206   79.00000   37.00000  53.2%   7.8 1085s
 9981901 5989629   73.00000   71  149   79.00000   37.00000  53.2%   7.8 1090s
 10026184 6015921   66.00000   73  183   79.00000   38.00000  51.9%   7.8 1095s
 10075424 6045995   69.00000   83  175   79.00000   38.00000  51.9%   7.8 1100s
 10112841 6081031   60.00000   82  232   79.00000   38.00000  51.9%   7.8 1105s
 10145825 6105454   40.00000   90  235   79.00000   38.00000  51.9%   7.8 1110s
 10210281 6128855 infeasible  116        79.00000   38.00000  51.9%   7.8 1115s
 10259682 6160760 infeasible  111        79.00000   38.00000  51.9%   7.8 1120s
 10307324 6190068   77.00000   83  165   79.00000   38.00000  51.9%   7.8 1125s
 10354214 6222902   78.00000   63  136   79.00000   38.00000  51.9%   7.8 1130s
 10405049 6257162   61.00000   72  177   79.00000   38.00000  51.9%   7.8 1135s
 10452254 6296976   63.00000   85  140   79.00000   38.00000  51.9%   7.8 1140s
 10509790 6322289   72.00000   77  163   79.00000   38.00000  51.9%   7.8 1145s
 10552976 6350275   78.00000   91  126   79.00000   38.00000  51.9%   7.8 1150s
 10603510 6381831   68.00000   73  189   79.00000   38.00000  51.9%   7.8 1155s
 10650418 6412073   78.00000   76  109   79.00000   38.00000  51.9%   7.8 1160s
 10696147 6440593   78.00000  108   87   79.00000   38.00000  51.9%   7.8 1165s
 10737856 6477318   78.00000   86   74   79.00000   38.00000  51.9%   7.8 1171s
 10789760 6497263 infeasible  118        79.00000   38.00000  51.9%   7.8 1175s
 10831411 6539280   78.00000  111   70   79.00000   38.00000  51.9%   7.8 1181s
 10882542 6557531   78.00000  108   56   79.00000   38.00000  51.9%   7.8 1185s
 10919590 6593845   64.00000   63  173   79.00000   38.00000  51.9%   7.8 1190s
 10985429 6622187     cutoff  122        79.00000   38.00000  51.9%   7.8 1195s
 11035535 6653711 infeasible  110        79.00000   38.00000  51.9%   7.9 1200s
 11077114 6690595   78.00000  102  112   79.00000   38.00000  51.9%   7.9 1206s
 11119310 6709000   77.00000  110   74   79.00000   38.00000  51.9%   7.9 1210s
 11167693 6739700   38.00000   57  189   79.00000   38.00000  51.9%   7.9 1215s
 11199430 6772550   75.00000   76  177   79.00000   38.00000  51.9%   7.9 1221s
 11254671 6792177   50.00000   66  176   79.00000   38.00000  51.9%   7.9 1225s
 11305399 6826122   78.00000   91   90   79.00000   38.00000  51.9%   7.9 1230s
 11348214 6853180   57.00000   88  146   79.00000   38.00000  51.9%   7.9 1235s
 11394244 6882289   61.00000   80  151   79.00000   38.00000  51.9%   7.9 1240s
 11445347 6912416   76.00000   73  140   79.00000   38.00000  51.9%   7.9 1245s
 11488921 6939950   38.00000   33  156   79.00000   38.00000  51.9%   7.9 1250s
 11534389 6970675   59.00000   47  183   79.00000   38.00000  51.9%   7.9 1255s
 11579833 7009292   73.00000   91  132   79.00000   38.00000  51.9%   7.9 1260s
 11632027 7034242   58.00000   63  180   79.00000   38.00000  51.9%   7.9 1265s
 11679288 7064275   61.00000   64  158   79.00000   38.00000  51.9%   7.9 1270s
 11724035 7092106   78.00000   75  179   79.00000   38.00000  51.9%   7.9 1275s
 11770193 7120998   78.00000   89   92   79.00000   38.00000  51.9%   7.9 1280s
 11819358 7151502   78.00000   91  100   79.00000   38.00000  51.9%   7.9 1285s
 11855647 7185634   75.00000   60  122   79.00000   38.00000  51.9%   7.9 1290s
 11907906 7207039   77.00000   97   94   79.00000   38.00000  51.9%   7.9 1295s
 11955291 7238072   73.00000   75  128   79.00000   38.00000  51.9%   7.9 1300s
 12003901 7269398   77.00000  130   74   79.00000   38.00000  51.9%   7.9 1305s
 12053549 7300941   68.00000   60  138   79.00000   38.00000  51.9%   7.9 1310s
 12104258 7332360   77.00000  116   92   79.00000   38.00000  51.9%   7.9 1315s
 12156041 7364743   73.00000   83  135   79.00000   38.00000  51.9%   7.9 1320s
 12196075 7400225   78.00000   84  157   79.00000   38.00000  51.9%   7.9 1326s
 12247123 7419329   69.00000   84  158   79.00000   38.00000  51.9%   7.9 1330s
 12287469 7446920   72.00000   80  126   79.00000   38.00000  51.9%   7.9 1335s
 12334842 7475057   70.00000   80  156   79.00000   38.00000  51.9%   7.9 1340s
 12384480 7506975 infeasible  156        79.00000   38.00000  51.9%   7.9 1345s
 12429030 7536161   68.00000   81  169   79.00000   38.00000  51.9%   7.9 1350s
 12476548 7572755   51.00000   76  189   79.00000   38.00000  51.9%   7.9 1355s
 12531878 7596649 infeasible   87        79.00000   38.00000  51.9%   7.9 1360s
 12573047 7635519   58.00000   80  198   79.00000   38.00000  51.9%   7.9 1366s
 12619474 7654521   75.00000   84  133   79.00000   38.00000  51.9%   7.9 1370s
 12665822 7681285   77.00000   90  110   79.00000   38.00000  51.9%   7.9 1375s
 12709692 7709094   76.00000   79  109   79.00000   38.00000  51.9%   7.9 1380s
 12755262 7740807   78.00000  100   96   79.00000   38.00000  51.9%   7.9 1385s
 12797579 7765121   72.00000   72  177   79.00000   38.00000  51.9%   7.9 1390s
 12844700 7793949 infeasible   85        79.00000   38.00000  51.9%   7.9 1395s
 12884145 7819423   77.00000   78  128   79.00000   38.00000  51.9%   7.9 1400s
 12929137 7847852 infeasible   79        79.00000   38.00000  51.9%   7.9 1405s
 12977843 7881613   67.00000   75  175   79.00000   38.00000  51.9%   7.9 1410s
 13030788 7914661 infeasible   66        79.00000   38.00000  51.9%   7.9 1415s
 13088978 7951009   61.00000   66  158   79.00000   38.00000  51.9%   7.9 1420s
 13130572 7988044   78.00000   83  116   79.00000   38.00000  51.9%   7.9 1426s
 13180833 8006673 infeasible   97        79.00000   38.00000  51.9%   7.9 1430s
 13219387 8033795   77.00000   98  130   79.00000   38.00000  51.9%   7.9 1435s
 13270698 8067623   78.00000   96   57   79.00000   38.00000  51.9%   7.9 1440s
 13322255 8099601   78.00000  100  111   79.00000   38.00000  51.9%   7.9 1445s
 13372778 8132146   73.00000   81  180   79.00000   38.00000  51.9%   7.9 1450s
 13423978 8164217   78.00000   64  164   79.00000   38.00000  51.9%   7.9 1455s
 13464783 8186570   62.00000   63  197   79.00000   38.00000  51.9%   7.9 1460s
 13503703 8210988   66.00000   79  158   79.00000   38.00000  51.9%   7.9 1465s
 13550908 8242375   66.00000  125  139   79.00000   38.00000  51.9%   7.9 1470s
 13587194 8275214   77.00000   79  142   79.00000   38.00000  51.9%   7.9 1475s
 13643278 8297874   72.00000   70  190   79.00000   38.00000  51.9%   7.9 1480s
 13693201 8326910 infeasible  103        79.00000   38.00000  51.9%   7.9 1485s
 13735242 8353613 infeasible   82        79.00000   38.00000  51.9%   7.9 1490s
 13773944 8390540   75.00000   82  111   79.00000   38.00000  51.9%   7.9 1496s
 13827385 8414033   56.00000   75  156   79.00000   38.00000  51.9%   7.9 1500s
 13877388 8445490   78.00000  145   86   79.00000   38.00000  51.9%   7.9 1505s
 13925018 8472776   78.00000   89  126   79.00000   38.00000  51.9%   7.9 1510s
 13979243 8507164   72.00000   76  164   79.00000   38.00000  51.9%   7.9 1515s
 14021160 8545574   62.00000   67  142   79.00000   38.00000  51.9%   7.9 1521s
 14066472 8561478 infeasible   92        79.00000   38.00000  51.9%   7.9 1525s
 14111970 8593048     cutoff  126        79.00000   38.00000  51.9%   7.9 1530s
 14157543 8617831   57.00000   82  159   79.00000   38.00000  51.9%   7.9 1535s
 14204411 8649221   63.00000   80  174   79.00000   38.00000  51.9%   7.9 1540s
 14258412 8680510 infeasible   88        79.00000   38.00000  51.9%   7.9 1545s
 14303798 8709985   72.00000   92  183   79.00000   38.00000  51.9%   7.9 1550s
 14350378 8741272   78.00000  114  100   79.00000   38.00000  51.9%   7.9 1555s
 14391168 8767770   78.00000  104   98   79.00000   38.00000  51.9%   7.9 1560s
 14427875 8800686   77.00000   98  113   79.00000   38.00000  51.9%   7.9 1565s
 14481184 8824162   75.00000  104  122   79.00000   38.00000  51.9%   7.9 1570s
 14536443 8856626   78.00000   91  122   79.00000   38.00000  51.9%   7.9 1575s
 14590258 8892574 infeasible   89        79.00000   38.00000  51.9%   7.9 1580s
 14638631 8921859   63.00000   68  188   79.00000   38.00000  51.9%   7.9 1585s
 14677668 8959082   78.00000   98   78   79.00000   38.00000  51.9%   7.9 1590s
 14737572 8986282   78.00000   94   98   79.00000   38.00000  51.9%   7.9 1595s
 14785739 9015114   71.00000   61  128   79.00000   38.00000  51.9%   7.9 1600s
 14825845 9041630   64.00000   83  141   79.00000   38.00000  51.9%   7.9 1605s
 14879214 9076031   77.00000  111   93   79.00000   38.00000  51.9%   7.9 1610s
 14919619 9098534     cutoff   83        79.00000   38.00000  51.9%   7.9 1615s
 14971268 9130613 infeasible  102        79.00000   38.00000  51.9%   7.9 1620s
 15023094 9162859   78.00000  100   84   79.00000   38.00000  51.9%   7.9 1625s
 15074363 9198090   59.00000   75  210   79.00000   38.00000  51.9%   7.9 1630s
 15123616 9230382   78.00000  127   65   79.00000   38.00000  51.9%   7.9 1635s
 15171951 9270937   78.00000   73  130   79.00000   38.00000  51.9%   7.9 1641s
 15203474 9291788   78.00000   79  142   79.00000   38.00000  51.9%   7.9 1645s
 15257866 9314580   72.00000   80  138   79.00000   38.00000  51.9%   7.9 1650s
 15315243 9348259 infeasible  100        79.00000   38.00000  51.9%   7.9 1655s
 15357579 9375436 infeasible  108        79.00000   38.00000  51.9%   7.9 1660s
 15410903 9408407 infeasible  102        79.00000   38.00000  51.9%   7.9 1665s
 15452555 9437706   78.00000  107   96   79.00000   38.00000  51.9%   7.9 1670s
 15498714 9464771 infeasible   97        79.00000   38.00000  51.9%   7.9 1675s
 15542711 9495188   38.00000   68  174   79.00000   38.00000  51.9%   7.9 1680s
 15590697 9525546   61.00000   63  138   79.00000   38.00000  51.9%   7.9 1685s
 15634391 9552575     cutoff   76        79.00000   38.00000  51.9%   7.9 1690s
 15683975 9580767   67.00000   94  144   79.00000   38.00000  51.9%   7.9 1695s
 15734108 9613062 infeasible   91        79.00000   38.00000  51.9%   7.9 1700s
 15788395 9648498   69.00000   65  210   79.00000   38.00000  51.9%   7.9 1705s
 15830085 9685500   57.00000   83  158   79.00000   38.00000  51.9%   7.9 1711s
 15884609 9705706   78.00000  105   80   79.00000   38.00000  51.9%   7.9 1715s
 15924002 9730285   65.00000   74  163   79.00000   38.00000  51.9%   7.9 1720s
 15964558 9757820   73.00000   92  136   79.00000   38.00000  51.9%   7.9 1725s
 16012650 9785185 infeasible   98        79.00000   38.00000  51.9%   7.9 1730s
 16066608 9818303   78.00000   92   96   79.00000   38.00000  51.9%   7.9 1735s
 16108066 9843665 infeasible  139        79.00000   38.00000  51.9%   7.9 1740s
 16140849 9870778   78.00000  106  112   79.00000   38.00000  51.9%   7.9 1745s
 16195474 9892118   72.00000  113  112   79.00000   38.00000  51.9%   7.9 1750s
 16231995 9915465   77.00000  111  113   79.00000   39.00000  50.6%   7.9 1755s
 16276210 9945916   68.00000   80  154   79.00000   39.00000  50.6%   7.9 1760s
 16325296 9977169   75.00000  106  154   79.00000   39.00000  50.6%   7.9 1765s
 16374566 10005332 infeasible   93        79.00000   39.00000  50.6%   7.9 1770s
 16415594 10031857   70.00000   86  130   79.00000   39.00000  50.6%   7.9 1775s
 16471178 10063602   76.00000  118  113   79.00000   39.00000  50.6%   7.9 1780s
 16517468 10092980 infeasible  114        79.00000   39.00000  50.6%   7.9 1785s
 16563115 10121312   39.00000   61  187   79.00000   39.00000  50.6%   7.9 1790s
 16609691 10149042   72.00000   60  172   79.00000   39.00000  50.6%   7.9 1795s
 16651344 10174608   77.00000   78  138   79.00000   39.00000  50.6%   7.9 1800s
 16703945 10206123   78.00000  113   94   79.00000   39.00000  50.6%   7.9 1805s
 16754299 10236169   39.00000   68  184   79.00000   39.00000  50.6%   7.9 1810s
 16809127 10266318 infeasible  121        79.00000   39.00000  50.6%   7.9 1815s
 16848749 10292043   78.00000  150   53   79.00000   39.00000  50.6%   7.9 1820s
 16900175 10321019   78.00000   87  124   79.00000   39.00000  50.6%   7.9 1825s
 16943559 10350837   72.00000  117  106   79.00000   39.00000  50.6%   7.9 1830s
 16989531 10375703   76.00000   87  129   79.00000   39.00000  50.6%   7.9 1835s
 17033350 10412322   78.00000   99   48   79.00000   39.00000  50.6%   7.9 1840s
 17080470 10433564 infeasible   98        79.00000   39.00000  50.6%   7.9 1845s
 17125157 10469962   64.00000   79  158   79.00000   39.00000  50.6%   7.9 1851s
 17171899 10487866   51.00000   68  174   79.00000   39.00000  50.6%   7.9 1855s
 17217605 10515865 infeasible   89        79.00000   39.00000  50.6%   7.9 1860s
 17271889 10546348   74.00000  110   94   79.00000   39.00000  50.6%   7.9 1865s
 17314578 10574176   73.00000   84  147   79.00000   39.00000  50.6%   7.9 1870s
 17368327 10605286   78.00000   78  158   79.00000   39.00000  50.6%   7.9 1875s
 17407973 10643220   71.00000   86  153   79.00000   39.00000  50.6%   7.9 1881s
 17460342 10661994   72.00000   98  124   79.00000   39.00000  50.6%   7.9 1885s
 17495672 10697253   77.00000   88  104   79.00000   39.00000  50.6%   7.9 1891s
 17547515 10715454   76.00000  108  126   79.00000   39.00000  50.6%   7.9 1895s
 17586605 10749609   74.00000   82  118   79.00000   39.00000  50.6%   7.9 1900s
 17647698 10775445 infeasible  104        79.00000   39.00000  50.6%   7.9 1905s
 17679882 10809602   73.00000   96  116   79.00000   39.00000  50.6%   7.9 1910s
 17735043 10831150   74.00000   70  166   79.00000   39.00000  50.6%   7.9 1915s
 17775080 10865102   78.00000  109   62   79.00000   39.00000  50.6%   7.9 1920s
 17834652 10889970   68.00000   71  189   79.00000   39.00000  50.6%   7.9 1925s
 17880969 10920384   72.00000   84  156   79.00000   39.00000  50.6%   7.9 1930s
 17928686 10948285 infeasible  133        79.00000   39.00000  50.6%   7.9 1935s
 17974395 10978198   71.00000   84  106   79.00000   39.00000  50.6%   7.9 1940s
 18003816 11008618   76.00000   99  124   79.00000   39.00000  50.6%   7.9 1945s
 18067133 11035969 infeasible  129        79.00000   39.00000  50.6%   7.9 1950s
 18115774 11063022   46.00000   68  244   79.00000   39.00000  50.6%   7.9 1955s
 18158477 11091705   77.00000  115   96   79.00000   39.00000  50.6%   7.9 1960s
 18199975 11117320   78.00000   73  174   79.00000   39.00000  50.6%   7.9 1965s
 18248053 11144165   60.00000   82  175   79.00000   39.00000  50.6%   7.9 1970s
 18284866 11178660   70.00000   72  162   79.00000   39.00000  50.6%   7.9 1975s
 18340440 11203695   78.00000   97   78   79.00000   39.00000  50.6%   7.9 1980s
 18387022 11229518   49.00000   62  138   79.00000   39.00000  50.6%   7.9 1985s
 18437223 11260789   51.00000   64  166   79.00000   39.00000  50.6%   7.9 1990s
 18491661 11293705   77.00000   95  133   79.00000   39.00000  50.6%   7.9 1995s
 18535592 11321914   61.00000   58  150   79.00000   39.00000  50.6%   7.9 2000s
 18585053 11353435   78.00000   67  128   79.00000   39.00000  50.6%   7.9 2005s
 18632466 11380253 infeasible  113        79.00000   39.00000  50.6%   7.9 2010s
 18678386 11408656   50.00000   66  208   79.00000   39.00000  50.6%   7.9 2015s
 18720659 11434923   61.00000   64  221   79.00000   39.00000  50.6%   7.9 2020s
 18750545 11466835   78.00000  101   78   79.00000   39.00000  50.6%   7.9 2025s
 18809914 11491303   73.00000   76  136   79.00000   39.00000  50.6%   7.9 2030s
 18863393 11523548   78.00000   92  118   79.00000   39.00000  50.6%   7.9 2035s
 18902372 11557617   78.00000  104   42   79.00000   39.00000  50.6%   7.9 2040s
 18963673 11584521   67.00000   74  188   79.00000   39.00000  50.6%   7.9 2045s
 19020359 11616541   76.00000   91  128   79.00000   39.00000  50.6%   7.9 2050s
 19059557 11652443   77.00000  112  104   79.00000   39.00000  50.6%   7.9 2055s
 19120204 11678516   76.00000   97   80   79.00000   39.00000  50.6%   7.9 2060s
 19163339 11704903   74.00000   78  130   79.00000   39.00000  50.6%   7.9 2065s
 19213788 11733764 infeasible  130        79.00000   39.00000  50.6%   7.9 2070s
 19250681 11758603   78.00000   81  158   79.00000   39.00000  50.6%   7.9 2075s
 19304677 11789269   78.00000   87   96   79.00000   39.00000  50.6%   7.9 2080s
 19346961 11815105   54.00000   85  231   79.00000   39.00000  50.6%   7.9 2085s
 19400382 11850234   73.00000   79  190   79.00000   39.00000  50.6%   7.9 2090s
 19445513 11877504   77.00000   91  108   79.00000   39.00000  50.6%   7.9 2095s
 19495064 11905563 infeasible  121        79.00000   39.00000  50.6%   7.9 2100s
 19547710 11936536   65.00000   66  182   79.00000   39.00000  50.6%   7.9 2105s
 19587419 11962596   65.00000   75  140   79.00000   39.00000  50.6%   7.9 2110s
 19632225 11987904   76.00000  103  124   79.00000   39.00000  50.6%   7.9 2115s
 19684792 12019357 infeasible   62        79.00000   39.00000  50.6%   7.9 2120s
 19727879 12047462   67.00000   77  178   79.00000   39.00000  50.6%   7.9 2125s
 19772896 12075393   61.00000   68  215   79.00000   39.00000  50.6%   7.9 2130s
 19811929 12108999   77.00000  105  102   79.00000   39.00000  50.6%   7.9 2135s
 19870476 12143883   78.00000  115   78   79.00000   39.00000  50.6%   7.9 2140s
 19920732 12164275   78.00000   84  146   79.00000   39.00000  50.6%   7.9 2145s
 19967260 12204618   76.00000   94  100   79.00000   39.00000  50.6%   7.9 2150s
 20023719 12225721   77.00000   79  130   79.00000   39.00000  50.6%   7.9 2155s
 20060388 12261132   77.00000   96  148   79.00000   39.00000  50.6%   7.9 2160s
 20114258 12280845   74.00000   90   96   79.00000   39.00000  50.6%   7.9 2165s
 20154615 12320052   76.00000   97  101   79.00000   39.00000  50.6%   7.9 2171s
 20198885 12332566 infeasible   96        79.00000   39.00000  50.6%   7.9 2175s
 20245944 12360410   72.00000   64  181   79.00000   39.00000  50.6%   7.9 2180s
 20296914 12391320   78.00000   98   93   79.00000   39.00000  50.6%   7.9 2185s
 20339837 12427573   77.00000  100  118   79.00000   39.00000  50.6%   7.9 2190s
 20390014 12447537   78.00000  120   98   79.00000   39.00000  50.6%   7.9 2195s
 20436003 12478792   78.00000   81  104   79.00000   39.00000  50.6%   7.9 2200s
 20487409 12505847   78.00000  101  106   79.00000   39.00000  50.6%   7.9 2205s
 20526306 12538945   74.00000   74  150   79.00000   39.00000  50.6%   7.9 2210s
 20577720 12559654   40.00000   75  182   79.00000   39.00000  50.6%   7.9 2215s
 20621160 12582914   77.00000   97  112   79.00000   39.00000  50.6%   7.9 2220s
 20667619 12612878   74.00000  104  118   79.00000   39.00000  50.6%   7.9 2225s
 20717567 12641916   78.00000   82   80   79.00000   39.00000  50.6%   7.9 2230s
 20773553 12673301     cutoff   92        79.00000   39.00000  50.6%   7.9 2235s
 20813996 12697589   77.00000   71  104   79.00000   39.00000  50.6%   7.9 2240s
 20863090 12726742   70.00000   91   94   79.00000   39.00000  50.6%   7.9 2245s
 20911696 12756065 infeasible  104        79.00000   39.00000  50.6%   7.9 2250s
 20957523 12785562   78.00000  145   72   79.00000   39.00000  50.6%   7.9 2255s
 20995247 12821126   77.00000  100  108   79.00000   39.00000  50.6%   7.9 2261s
 21048482 12839371   75.00000  102  100   79.00000   39.00000  50.6%   7.9 2265s
 21092599 12865417 infeasible  102        79.00000   39.00000  50.6%   7.9 2270s
 21143634 12896503   68.00000   86  177   79.00000   39.00000  50.6%   7.9 2275s
 21189867 12924898   72.00000   75  137   79.00000   39.00000  50.6%   7.9 2280s
 21239401 12956095   77.00000   72  114   79.00000   39.00000  50.6%   7.9 2285s
 21278749 12981924 infeasible  132        79.00000   39.00000  50.6%   7.9 2290s
 21326126 13008682   49.00000   65  166   79.00000   39.00000  50.6%   7.9 2295s
 21369460 13036827   75.00000  100  126   79.00000   39.00000  50.6%   7.9 2300s
 21410260 13073896   72.00000   80  130   79.00000   39.00000  50.6%   7.9 2305s
 21464746 13093712   76.00000   85  161   79.00000   39.00000  50.6%   7.9 2310s
 21503184 13128988   69.00000   57  126   79.00000   39.00000  50.6%   7.9 2315s
 21561871 13153012   70.00000   79  175   79.00000   39.00000  50.6%   7.9 2320s
 21594733 13185986   71.00000   84  136   79.00000   39.00000  50.6%   7.9 2325s
 21650747 13206881   72.00000   75  165   79.00000   39.00000  50.6%   7.9 2330s
 21703538 13238308   75.00000   98   87   79.00000   39.00000  50.6%   7.9 2335s
 21747795 13275887   76.00000  117   85   79.00000   39.00000  50.6%   7.9 2341s
 21806808 13299025   73.00000   87  143   79.00000   39.00000  50.6%   7.9 2345s
 21841601 13320631   78.00000   95   99   79.00000   39.00000  50.6%   8.0 2350s
 21888390 13348795   77.00000   86  124   79.00000   39.00000  50.6%   7.9 2355s
 21935669 13379521   78.00000  131   86   79.00000   39.00000  50.6%   7.9 2360s
 21981115 13405706   77.00000   74  106   79.00000   39.00000  50.6%   7.9 2365s
 22032360 13437847 infeasible  147        79.00000   39.00000  50.6%   7.9 2370s
 22081249 13469333 infeasible  113        79.00000   39.00000  50.6%   7.9 2375s
 22123383 13497332   61.00000   65  157   79.00000   39.00000  50.6%   7.9 2380s
 22177864 13528166   61.00000   83  184   79.00000   39.00000  50.6%   7.9 2385s
 22223384 13556295     cutoff  104        79.00000   39.00000  50.6%   7.9 2390s
 22274896 13586958     cutoff   89        79.00000   39.00000  50.6%   7.9 2395s
 22334954 13623638   73.00000   68  210   79.00000   39.00000  50.6%   7.9 2400s
 22368726 13644222   77.00000   71  119   79.00000   39.00000  50.6%   7.9 2405s
 22406601 13679382   76.00000   78  166   79.00000   39.00000  50.6%   7.9 2410s
 22458015 13698487   71.00000   65  168   79.00000   40.00000  49.4%   8.0 2415s
 22507190 13731335   78.00000  119  104   79.00000   40.00000  49.4%   8.0 2420s
 22558195 13759603   77.00000  108   92   79.00000   40.00000  49.4%   7.9 2425s
 22610225 13792927   64.00000   76  188   79.00000   40.00000  49.4%   8.0 2430s
 22650752 13818025 infeasible  104        79.00000   40.00000  49.4%   8.0 2435s
 22704147 13851570   64.00000   70  162   79.00000   40.00000  49.4%   8.0 2440s
 22739970 13876044   72.00000   76  164   79.00000   40.00000  49.4%   8.0 2445s
 22789789 13904317   40.00000   50  168   79.00000   40.00000  49.4%   8.0 2450s
 22837022 13933317   77.00000  105   82   79.00000   40.00000  49.4%   8.0 2455s
 22890227 13967840 infeasible  127        79.00000   40.00000  49.4%   7.9 2460s
 22938988 13999104   78.00000   99   78   79.00000   40.00000  49.4%   7.9 2465s
 22984372 14026929   76.00000  117  123   79.00000   40.00000  49.4%   7.9 2470s
 23020880 14060213   60.00000   89  162   79.00000   40.00000  49.4%   7.9 2475s
 23073731 14084309   77.00000  106   55   79.00000   40.00000  49.4%   7.9 2480s
 23128872 14116170   63.00000  108   98   79.00000   40.00000  49.4%   7.9 2485s
 23177170 14145909   67.00000  110  132   79.00000   40.00000  49.4%   7.9 2490s
 23229514 14178571   53.00000   62  132   79.00000   40.00000  49.4%   7.9 2495s
 23278501 14211281   53.00000   48  132   79.00000   40.00000  49.4%   7.9 2500s
 23326376 14237538   78.00000   96  116   79.00000   40.00000  49.4%   7.9 2505s
 23370815 14265401   73.00000   88  201   79.00000   40.00000  49.4%   7.9 2510s
 23416361 14293850   64.00000   83  162   79.00000   40.00000  49.4%   7.9 2515s
 23459217 14334070   67.00000   66  182   79.00000   40.00000  49.4%   8.0 2520s
 23514630 14355831   78.00000   81  108   79.00000   40.00000  49.4%   8.0 2525s
 23557390 14395960   77.00000  125   58   79.00000   40.00000  49.4%   8.0 2530s
 23607184 14415338   74.00000   72  163   79.00000   40.00000  49.4%   8.0 2535s
 23646543 14451227   77.00000  125   60   79.00000   40.00000  49.4%   7.9 2540s
 23696694 14468722   77.00000   91   88   79.00000   40.00000  49.4%   7.9 2545s
 23741416 14499283   69.00000   61  153   79.00000   40.00000  49.4%   7.9 2550s
 23781740 14524836   40.00000   52  165   79.00000   40.00000  49.4%   8.0 2555s
 23826134 14552322   44.00000   64  209   79.00000   40.00000  49.4%   8.0 2560s
 23868515 14577967   74.00000   59  159   79.00000   40.00000  49.4%   8.0 2565s
 23911835 14604914   77.00000  110  128   79.00000   40.00000  49.4%   8.0 2570s
 23953394 14629252   73.00000   81  126   79.00000   40.00000  49.4%   8.0 2575s
 24001065 14658605     cutoff  106        79.00000   40.00000  49.4%   7.9 2580s
 24043846 14698561   78.00000  114   54   79.00000   40.00000  49.4%   7.9 2586s
 24090856 14716385   78.00000   91  118   79.00000   40.00000  49.4%   7.9 2590s
 24145017 14747337   61.00000   71  188   79.00000   40.00000  49.4%   7.9 2595s
 24191442 14776044   77.00000   84  184   79.00000   40.00000  49.4%   7.9 2600s
 24229861 14802531   78.00000   86   90   79.00000   40.00000  49.4%   7.9 2605s
 24274913 14828178   76.00000   72  153   79.00000   40.00000  49.4%   7.9 2610s
 24327450 14861044   57.00000   65  170   79.00000   40.00000  49.4%   7.9 2615s
 24369007 14886920 infeasible   93        79.00000   40.00000  49.4%   7.9 2620s
 24406488 14922513   73.00000   86  148   79.00000   40.00000  49.4%   7.9 2625s
 24462911 14946522   78.00000   88   48   79.00000   40.00000  49.4%   7.9 2630s
 24502278 14982282   77.00000   85  149   79.00000   40.00000  49.4%   7.9 2635s
 24555364 15002429   75.00000   98  114   79.00000   40.00000  49.4%   7.9 2640s
 24608881 15032780 infeasible   54        79.00000   40.00000  49.4%   7.9 2645s
 24655152 15060373   57.00000   72  161   79.00000   40.00000  49.4%   7.9 2650s
 24707173 15093259   78.00000   87  123   79.00000   40.00000  49.4%   7.9 2655s
 24755568 15124126   72.00000   71  179   79.00000   40.00000  49.4%   7.9 2660s
 24802516 15154867   66.00000   96  159   79.00000   40.00000  49.4%   7.9 2665s
 24854505 15185771   77.00000   80  134   79.00000   40.00000  49.4%   7.9 2670s
 24904762 15219543   75.00000   78  154   79.00000   40.00000  49.4%   7.9 2675s
 24957480 15249138   77.00000   63  142   79.00000   40.00000  49.4%   7.9 2680s
 25006445 15281910   43.00000   69  150   79.00000   40.00000  49.4%   7.9 2685s
 25054904 15309371     cutoff   90        79.00000   40.00000  49.4%   7.9 2690s
 25088693 15342655   76.00000  102  107   79.00000   40.00000  49.4%   7.9 2695s
 25145213 15367177   50.00000   79  132   79.00000   40.00000  49.4%   7.9 2700s
 25198832 15396979 infeasible  123        79.00000   40.00000  49.4%   7.9 2705s
 25246349 15426845   64.00000   72  154   79.00000   40.00000  49.4%   7.9 2710s
 25295960 15458944   78.00000   92   60   79.00000   40.00000  49.4%   7.9 2715s
 25341211 15499559   57.00000   74  179   79.00000   40.00000  49.4%   7.9 2721s
 25392933 15519580   70.00000   83  150   79.00000   40.00000  49.4%   7.9 2725s
 25443825 15551296   77.00000  108   92   79.00000   40.00000  49.4%   7.9 2730s
 25491717 15578731 infeasible   82        79.00000   40.00000  49.4%   7.9 2735s
 25549164 15612484 infeasible  110        79.00000   40.00000  49.4%   7.9 2740s
 25593944 15641820 infeasible  140        79.00000   40.00000  49.4%   7.9 2745s
 25643870 15672823   77.00000   85   96   79.00000   40.00000  49.4%   7.9 2750s
 25687069 15711644   78.00000   91  100   79.00000   40.00000  49.4%   7.9 2755s
 25743534 15736037 infeasible  143        79.00000   40.00000  49.4%   7.9 2760s
 25794094 15767099   78.00000   95   74   79.00000   40.00000  49.4%   7.9 2765s
 25838670 15795598   72.00000   99  104   79.00000   40.00000  49.4%   7.9 2770s
 25889010 15824500 infeasible  136        79.00000   40.00000  49.4%   7.9 2775s
 25934775 15866640   71.00000   77  148   79.00000   40.00000  49.4%   7.9 2781s
 25986582 15883911 infeasible  103        79.00000   40.00000  49.4%   7.9 2785s
 26023874 15906489   47.00000   84  203   79.00000   40.00000  49.4%   7.9 2790s
 26075019 15937475 infeasible  112        79.00000   40.00000  49.4%   7.9 2795s
 26124592 15966788   70.00000   74  136   79.00000   40.00000  49.4%   7.9 2800s
 26158605 15999791   78.00000   78  118   79.00000   40.00000  49.4%   7.9 2805s
 26216086 16022739 infeasible  124        79.00000   40.00000  49.4%   7.9 2810s
 26264758 16052075   78.00000  120  136   79.00000   40.00000  49.4%   7.9 2815s
 26310017 16079010 infeasible  101        79.00000   40.00000  49.4%   7.9 2820s
 26360801 16108880   40.00000   75  188   79.00000   40.00000  49.4%   7.9 2825s
 26407419 16140603   78.00000   83  139   79.00000   40.00000  49.4%   7.9 2830s
 26444635 16164519   73.00000   61  139   79.00000   40.00000  49.4%   7.9 2835s
 26491240 16192988   74.00000   91  151   79.00000   40.00000  49.4%   7.9 2840s
 26537530 16221999   74.00000   92  123   79.00000   40.00000  49.4%   7.9 2845s
 26591727 16253344   47.00000   59  164   79.00000   40.00000  49.4%   7.9 2850s
 26634368 16278331   61.00000   62  146   79.00000   40.00000  49.4%   7.9 2855s
 26672065 16304583 infeasible  135        79.00000   40.00000  49.4%   7.9 2860s
 26728409 16336760   55.00000   73  185   79.00000   40.00000  49.4%   7.9 2865s
 26770672 16363945   74.00000   87  119   79.00000   40.00000  49.4%   8.0 2870s
 26818362 16395399   77.00000   97  129   79.00000   40.00000  49.4%   8.0 2875s
 26864552 16432089   45.00000   69  182   79.00000   40.00000  49.4%   8.0 2880s
 26911638 16450903   75.00000   74  112   79.00000   40.00000  49.4%   8.0 2885s
 26950711 16477840   73.00000   81  154   79.00000   40.00000  49.4%   8.0 2890s
 26988991 16512454   77.00000  109  121   79.00000   40.00000  49.4%   8.0 2896s
 27035741 16530410   78.00000  100   86   79.00000   40.00000  49.4%   8.0 2900s
 27084574 16560679   59.00000   62  196   79.00000   40.00000  49.4%   8.0 2905s
 27138091 16592140 infeasible  103        79.00000   40.00000  49.4%   8.0 2910s
 27182110 16618556   77.00000   80  125   79.00000   40.00000  49.4%   8.0 2915s
 27233081 16648268 infeasible  122        79.00000   40.00000  49.4%   8.0 2920s
 27280766 16680109   60.00000   60  138   79.00000   40.00000  49.4%   8.0 2925s
 27333599 16714036 infeasible  133        79.00000   40.00000  49.4%   8.0 2930s
 27379693 16740004   71.00000   72  156   79.00000   40.00000  49.4%   8.0 2935s
 27422046 16769817   69.00000   61  180   79.00000   40.00000  49.4%   8.0 2940s
 27465876 16805783   78.00000   83   75   79.00000   40.00000  49.4%   8.0 2945s
 27524962 16830207 infeasible   95        79.00000   40.00000  49.4%   8.0 2950s
 27567424 16858882   76.00000   84  179   79.00000   40.00000  49.4%   8.0 2955s
 27619533 16890497   75.00000  104  124   79.00000   40.00000  49.4%   8.0 2960s
 27657701 16925735   74.00000   87  172   79.00000   40.00000  49.4%   8.0 2965s
 27709263 16943180   78.00000  117   68   79.00000   40.00000  49.4%   8.0 2970s
 27756194 16975187   62.00000   73  154   79.00000   40.00000  49.4%   8.0 2975s
 27802163 17000949   71.00000   77  202   79.00000   40.00000  49.4%   8.0 2980s
 27844392 17041556   71.00000   64  158   79.00000   40.00000  49.4%   8.0 2986s
 27897944 17062410 infeasible  104        79.00000   40.00000  49.4%   8.0 2990s
 27944527 17090498   76.00000   90  136   79.00000   40.00000  49.4%   8.0 2995s
 27995955 17122275   78.00000  138   74   79.00000   40.00000  49.4%   8.0 3000s
 28051869 17153374   78.00000  105   55   79.00000   40.00000  49.4%   8.0 3005s
 28095328 17193085   74.00000   81  128   79.00000   40.00000  49.4%   8.0 3011s
 28149823 17211952 infeasible   91        79.00000   40.00000  49.4%   8.0 3015s
 28187060 17245277   77.00000  108  123   79.00000   40.00000  49.4%   8.0 3020s
 28250632 17272437     cutoff  147        79.00000   40.00000  49.4%   8.0 3025s
 28296774 17300268 infeasible  151        79.00000   40.00000  49.4%   8.0 3030s
 28343386 17327399   55.00000   71  144   79.00000   40.00000  49.4%   8.0 3035s
 28386041 17353362     cutoff  151        79.00000   40.00000  49.4%   8.0 3040s
 28435734 17384137 infeasible  139        79.00000   40.00000  49.4%   8.0 3045s
 28480868 17411643   73.00000   80  135   79.00000   40.00000  49.4%   8.0 3050s
 28531450 17443353   59.00000   76  147   79.00000   40.00000  49.4%   8.0 3055s
 28577930 17472199   72.00000   81  164   79.00000   40.00000  49.4%   8.0 3060s
 28620505 17499952   78.00000  102   93   79.00000   40.00000  49.4%   8.0 3065s
 28667397 17526697   72.00000   99  138   79.00000   40.00000  49.4%   8.0 3070s
 28707074 17552825   62.00000   65  211   79.00000   40.00000  49.4%   8.0 3075s
 28752574 17578928   72.00000  108  116   79.00000   40.00000  49.4%   8.0 3080s
 28799625 17609834   75.00000   74   90   79.00000   40.00000  49.4%   8.0 3085s
 28848489 17639691   74.00000  102  141   79.00000   40.00000  49.4%   8.0 3090s
 28884015 17672653   62.00000   60  162   79.00000   40.00000  49.4%   8.0 3095s
 28936187 17691116   77.00000  104   86   79.00000   40.00000  49.4%   8.0 3100s
 28983238 17721594   75.00000  105  116   79.00000   40.00000  49.4%   8.0 3105s
 29035621 17753736   76.00000  124   89   79.00000   40.00000  49.4%   8.0 3110s
 29093409 17786063 infeasible  128        79.00000   40.00000  49.4%   8.0 3115s
 29130707 17810874   70.00000   84  152   79.00000   40.00000  49.4%   8.0 3120s
 29177679 17838172 infeasible  105        79.00000   40.00000  49.4%   8.0 3125s
 29221896 17864763   77.00000  109  117   79.00000   40.00000  49.4%   8.0 3130s
 29260809 17890436   40.00000   67  180   79.00000   40.00000  49.4%   8.0 3135s
 29299815 17916118   64.00000   70  165   79.00000   40.00000  49.4%   8.0 3140s
 29346799 17942915 infeasible  108        79.00000   40.00000  49.4%   8.0 3145s
 29396069 17972524     cutoff  131        79.00000   40.00000  49.4%   8.0 3150s
 29440614 18011759   72.00000  109  120   79.00000   40.00000  49.4%   8.0 3155s
 29498311 18036096 infeasible   99        79.00000   40.00000  49.4%   8.0 3160s
 29540409 18064274   78.00000   81  157   79.00000   40.00000  49.4%   8.0 3165s
 29596249 18095984     cutoff   84        79.00000   40.00000  49.4%   8.0 3170s
 29641324 18125644 infeasible   93        79.00000   40.00000  49.4%   8.0 3175s
 29684388 18149835   77.00000   99  101   79.00000   40.00000  49.4%   8.0 3180s
 29723965 18176698   76.00000  104  115   79.00000   40.00000  49.4%   8.0 3185s
 29765783 18201863   75.00000   74  147   79.00000   40.00000  49.4%   8.0 3190s
 29813269 18230463   78.00000   91  160   79.00000   40.00000  49.4%   8.0 3195s
 29851732 18262870   77.00000   94  104   79.00000   40.00000  49.4%   8.0 3200s
 29908639 18288077   60.00000   72  142   79.00000   40.00000  49.4%   8.0 3205s
 29966034 18323061 infeasible  112        79.00000   40.00000  49.4%   8.0 3210s
 30009572 18363203     cutoff   70        79.00000   40.00000  49.4%   8.0 3216s
 30064158 18382659   62.00000   72  180   79.00000   40.00000  49.4%   8.0 3220s
 30119240 18415669 infeasible   85        79.00000   40.00000  49.4%   8.0 3225s
 30159258 18442165   76.00000   77  154   79.00000   40.00000  49.4%   8.0 3230s
 30192373 18472967   67.00000   79  177   79.00000   40.00000  49.4%   8.0 3235s
 30256661 18499649   62.00000   56  174   79.00000   40.00000  49.4%   8.0 3240s
 30308418 18530291 infeasible  140        79.00000   40.00000  49.4%   8.0 3245s
 30342206 18552465   78.00000   94  138   79.00000   40.00000  49.4%   8.0 3250s
 30392930 18584032   78.00000  107   72   79.00000   40.00000  49.4%   8.0 3255s
 30442143 18622590   78.00000   98  112   79.00000   40.00000  49.4%   8.0 3260s
 30496599 18643840 infeasible  111        79.00000   40.00000  49.4%   8.0 3265s
 30538948 18681058   78.00000   91   75   79.00000   40.00000  49.4%   8.0 3270s
 30598696 18707310   77.00000   74  148   79.00000   40.00000  49.4%   8.0 3275s
 30646027 18738654   47.00000   70  152   79.00000   40.00000  49.4%   8.0 3280s
 30693831 18768183   40.00000   64  159   79.00000   40.00000  49.4%   8.0 3285s
 30749962 18799337 infeasible   99        79.00000   40.00000  49.4%   8.0 3290s
 30787562 18822088   76.00000   78  126   79.00000   40.00000  49.4%   8.0 3295s
 30833651 18849481   63.00000   83  129   79.00000   40.00000  49.4%   8.0 3300s
 30881613 18879210   75.00000   81  170   79.00000   40.00000  49.4%   8.0 3305s
 30937422 18913054 infeasible  116        79.00000   40.00000  49.4%   8.0 3310s
 30991999 18946006 infeasible   91        79.00000   40.00000  49.4%   8.0 3315s
 31033913 18973740   78.00000  100  114   79.00000   40.00000  49.4%   8.0 3320s
 31082589 19003940   77.00000   99   88   79.00000   40.00000  49.4%   8.0 3325s
 31125427 19029804   70.00000   81  158   79.00000   40.00000  49.4%   8.0 3330s
 31160816 19062305   78.00000  123   50   79.00000   40.00000  49.4%   8.0 3335s
 31220846 19085351   77.00000   97   91   79.00000   40.00000  49.4%   8.0 3340s
 31274756 19121089   78.00000   94   82   79.00000   40.00000  49.4%   8.0 3345s
 31310816 19154350   74.00000   78  152   79.00000   40.00000  49.4%   8.0 3350s
 31369830 19177258 infeasible   97        79.00000   40.00000  49.4%   8.0 3355s
 31423074 19210426   48.00000   53  190   79.00000   40.00000  49.4%   8.0 3360s
 31467343 19239557   78.00000  129   66   79.00000   40.00000  49.4%   8.0 3365s
 31521844 19270468   54.00000   70  187   79.00000   40.00000  49.4%   8.0 3370s
 31566652 19299930   66.00000   82  130   79.00000   40.00000  49.4%   8.0 3375s
 31618853 19330943   56.00000   75  197   79.00000   40.00000  49.4%   8.0 3380s
 31672425 19364259 infeasible  117        79.00000   40.00000  49.4%   8.0 3385s
 31720130 19392673   78.00000   81  137   79.00000   40.00000  49.4%   8.0 3390s
 31766991 19424164 infeasible  142        79.00000   40.00000  49.4%   8.0 3395s
 31809000 19460191   64.00000   56  216   79.00000   40.00000  49.4%   8.0 3401s
 31839871 19480370   78.00000  108   70   79.00000   40.00000  49.4%   8.0 3405s
 31897587 19505956   78.00000  137   80   79.00000   40.00000  49.4%   8.0 3410s
 31940170 19529857 infeasible  110        79.00000   40.00000  49.4%   8.0 3415s
 31990808 19561030 infeasible  121        79.00000   40.00000  49.4%   7.9 3420s
 32031528 19587812   78.00000   94  104   79.00000   40.00000  49.4%   7.9 3425s
 32081784 19616288   78.00000   89  108   79.00000   40.00000  49.4%   7.9 3430s
 32121034 19642537   78.00000   99  126   79.00000   40.00000  49.4%   7.9 3435s
 32158799 19675913   71.00000   76  154   79.00000   40.00000  49.4%   7.9 3441s
 32208484 19695446   75.00000  103  104   79.00000   40.00000  49.4%   7.9 3445s
 32258697 19725713   78.00000  106   82   79.00000   40.00000  49.4%   7.9 3450s
 32306282 19751728 infeasible   95        79.00000   40.00000  49.4%   7.9 3455s
 32342222 19785922   78.00000   89  136   79.00000   40.00000  49.4%   7.9 3460s
 32395311 19804923 infeasible   88        79.00000   40.00000  49.4%   7.9 3465s
 32442690 19835515   77.00000  111   96   79.00000   40.00000  49.4%   7.9 3470s
 32493758 19864192   69.00000   75  170   79.00000   40.00000  49.4%   7.9 3475s
 32548363 19896618   75.00000  105  105   79.00000   40.00000  49.4%   7.9 3480s
 32590609 19925270   60.00000   81  152   79.00000   40.00000  49.4%   7.9 3485s
 32644436 19958484 infeasible   93        79.00000   40.00000  49.4%   7.9 3490s
 32694461 19986342 infeasible  125        79.00000   40.00000  49.4%   7.9 3495s
 32738863 20015177   78.00000  122  114   79.00000   40.00000  49.4%   7.9 3500s
 32775606 20048610   78.00000  105   69   79.00000   40.00000  49.4%   7.9 3505s
 32829239 20071331   73.00000   82  148   79.00000   40.00000  49.4%   7.9 3510s
 32876224 20098305 infeasible  108        79.00000   40.00000  49.4%   7.9 3515s
 32922238 20126631   78.00000  110   68   79.00000   40.00000  49.4%   7.9 3520s
 32971716 20155392 infeasible   95        79.00000   40.00000  49.4%   7.9 3525s
 33013055 20182620   78.00000   67  110   79.00000   40.00000  49.4%   7.9 3530s
 33046904 20215306   72.00000  125   98   79.00000   40.00000  49.4%   7.9 3535s
 33106964 20249865   67.00000   83  157   79.00000   40.00000  49.4%   7.9 3541s
 33153682 20268391   74.00000   83  211   79.00000   40.00000  49.4%   7.9 3545s
 33201297 20309992   69.00000   62  137   79.00000   40.00000  49.4%   7.9 3551s
 33254114 20330201   77.00000   96  108   79.00000   40.00000  49.4%   7.9 3555s
 33297492 20367199   47.00000   83  172   79.00000   40.00000  49.4%   7.9 3560s
 33352676 20390880   78.00000  120   78   79.00000   40.00000  49.4%   7.9 3565s
 33403210 20419691 infeasible  125        79.00000   40.00000  49.4%   7.9 3570s
 33448003 20448701   54.00000   80  247   79.00000   40.00000  49.4%   7.9 3575s
 33502582 20479603 infeasible  113        79.00000   40.00000  49.4%   7.9 3580s
 33543301 20506010   76.00000  124  137   79.00000   40.00000  49.4%   7.9 3585s
 33598086 20537332   78.00000   84  135   79.00000   40.00000  49.4%   7.9 3590s
 33634519 20574087   59.00000   83  197   79.00000   40.00000  49.4%   7.9 3596s
 33685001 20592697   78.00000  107   92   79.00000   40.00000  49.4%   7.9 3600s

Explored 33689968 nodes (267642348 simplex iterations) in 3600.05 seconds (583.07 work units)
Thread count was 32 (of 32 available processors)

Solution count 10: 79 80 82 ... 90

Time limit reached
Best objective 7.900000000000e+01, best bound 4.000000000000e+01, gap 49.3671%
