
Gurobi 13.0.0 (linux64) logging started Thu Nov 20 10:48:29 2025

Set parameter LogFile to value "./Results/StripPacking-CutHeur/Logs/NU-010-StripPacking-10.log"
Set parameter TimeLimit to value 3600
Set parameter Cuts to value 0
Set parameter Presolve to value 1
Set parameter Heuristics to value 0
Set parameter LogToConsole to value 0
Set parameter LPWarmStart to value 2
Gurobi Optimizer version 13.0.0 build v13.0.0rc1 (linux64 - "Debian GNU/Linux 12 (bookworm)")

CPU model: Intel(R) Xeon(R) CPU E5-2630 v3 @ 2.40GHz, instruction set [SSE2|AVX|AVX2]
Thread count: 16 physical cores, 32 logical processors, using up to 32 threads

Non-default parameters:
TimeLimit  3600
LPWarmStart  2
Heuristics  0
Cuts  0
LogToConsole  0
Presolve  1

Optimize a model with 235 rows, 201 columns and 740 nonzeros (Min)
Model fingerprint: 0xb976ef90
Model has 1 linear objective coefficients
Variable types: 21 continuous, 180 integer (180 binary)
Coefficient statistics:
  Matrix range     [1e+00, 1e+04]
  Objective range  [1e+00, 1e+00]
  Bounds range     [1e+00, 1e+04]
  RHS range        [1e+00, 1e+04]

Warning: Completing partial solution with 180 unfixed non-continuous variables out of 180
User MIP start produced solution with objective 50 (0.00s)
Loaded user MIP start with objective 50

Presolve removed 22 rows and 22 columns
Presolve time: 0.00s
Presolved: 213 rows, 179 columns, 664 nonzeros
Variable types: 21 continuous, 158 integer (158 binary)

Root relaxation: objective 3.500000e+01, 81 iterations, 0.00 seconds (0.00 work units)

    Nodes    |    Current Node    |     Objective Bounds      |     Work
 Expl Unexpl |  Obj  Depth IntInf | Incumbent    BestBd   Gap | It/Node Time

     0     0   35.00000    0   11   50.00000   35.00000  30.0%     -    0s
     0     0   35.00000    0   11   50.00000   35.00000  30.0%     -    0s
     0     0   35.00000    0    1   50.00000   35.00000  30.0%     -    0s
     0     2   35.00000    0    1   50.00000   35.00000  30.0%     -    0s
*  131   193              15      49.0000000   35.00000  28.6%   4.0    0s
*  219   313              17      46.0000000   35.00000  23.9%   3.9    0s
*  380   454              26      45.0000000   35.00000  22.2%   3.9    0s
*  385   454              29      42.0000000   35.00000  16.7%   3.9    0s
*  950   646              22      42.0000000   35.00000  16.7%   3.6    0s
* 1099   646              16      41.0000000   35.00000  14.6%   3.6    0s
* 4210   948              20      40.0000000   35.00000  12.5%   3.3    0s
* 4674   839              15      39.0000000   35.00000  10.3%   3.3    0s
* 6025   750              21      39.0000000   35.00000  10.3%   3.2    0s

Explored 11360 nodes (31492 simplex iterations) in 0.24 seconds (0.06 work units)
Thread count was 32 (of 32 available processors)

Solution count 10: 39 39 40 ... 50

Optimal solution found (tolerance 1.00e-04)
Best objective 3.900000000000e+01, best bound 3.900000000000e+01, gap 0.0000%
