
Gurobi 13.0.0 (linux64) logging started Tue Nov 25 01:57:38 2025

Set parameter LogFile to value "./Results/StripPacking-CutHeur/Logs/NU-010-StripPacking-25-0.log"
Set parameter TimeLimit to value 3600
Set parameter Cuts to value 0
Set parameter Presolve to value 1
Set parameter Heuristics to value 0
Set parameter LogToConsole to value 0
Set parameter LPWarmStart to value 2
Gurobi Optimizer version 13.0.0 build v13.0.0rc1 (linux64 - "Debian GNU/Linux 12 (bookworm)")

CPU model: Intel(R) Xeon(R) CPU E5-2630 v3 @ 2.40GHz, instruction set [SSE2|AVX|AVX2]
Thread count: 16 physical cores, 32 logical processors, using up to 32 threads

Non-default parameters:
TimeLimit  3600
LPWarmStart  2
Heuristics  0
Cuts  0
LogToConsole  0
Presolve  1

Optimize a model with 1525 rows, 1251 columns and 4850 nonzeros (Min)
Model fingerprint: 0xfd31a310
Model has 1 linear objective coefficients
Variable types: 51 continuous, 1200 integer (1200 binary)
Coefficient statistics:
  Matrix range     [1e+00, 1e+04]
  Objective range  [1e+00, 1e+00]
  Bounds range     [1e+00, 1e+04]
  RHS range        [1e+00, 1e+04]

Warning: Completing partial solution with 1200 unfixed non-continuous variables out of 1200
User MIP start produced solution with objective 106.2 (0.00s)
Loaded user MIP start with objective 106.2

Presolve time: 0.02s
Presolved: 1525 rows, 1251 columns, 4850 nonzeros
Variable types: 51 continuous, 1200 integer (1200 binary)

Root relaxation: objective 3.400000e+01, 570 iterations, 0.01 seconds (0.01 work units)

    Nodes    |    Current Node    |     Objective Bounds      |     Work
 Expl Unexpl |  Obj  Depth IntInf | Incumbent    BestBd   Gap | It/Node Time

     0     0   34.00000    0  112  106.20000   34.00000  68.0%     -    0s
     0     0   34.00000    0  112  106.20000   34.00000  68.0%     -    0s
     0     0   34.00000    0   78  106.20000   34.00000  68.0%     -    0s
     0     2   34.00000    0   60  106.20000   34.00000  68.0%     -    0s
* 3603  3851             186     100.0000000   34.00000  66.0%   7.8    0s
* 5684  5222             221      99.0000000   34.00000  65.7%   6.9    0s
* 6318  5977             190      98.0000000   34.00000  65.3%   6.6    0s
*11345  8560             161      97.0000000   34.00000  64.9%   6.4    2s
*11719  8392             178      96.0000000   34.00000  64.6%   6.5    2s
*12552  8593             195      94.0000000   34.00000  63.8%   6.4    2s
*13529  8841             234      91.0000000   34.00000  62.6%   6.5    2s
*18275 10192             254      90.0000000   34.00000  62.2%   6.3    2s
*19088 10637             199      89.0000000   34.00000  61.8%   6.2    2s
*21751 11451             203      88.0000000   34.00000  61.4%   6.3    2s
*24106 12550             182      86.0000000   34.00000  60.5%   6.4    3s
*27131 14810             168      85.0000000   34.00000  60.0%   6.5    3s
*33937 18116             181      84.0000000   34.00000  59.5%   6.5    4s
*36548 18841             156      83.0000000   34.00000  59.0%   6.5    4s
*40469 20351             161      82.0000000   34.00000  58.5%   6.6    4s
 44677 22999   66.00000   43  144   82.00000   34.00000  58.5%   6.6    5s
*47595 23785             156      81.0000000   34.00000  58.0%   6.7    5s
*56037 29304             167      80.0000000   34.00000  57.5%   6.8    6s
 102318 62368   64.00000  112  159   80.00000   34.00000  57.5%   6.9   10s
*102516 55416             157      79.0000000   34.00000  57.0%   6.9   10s
*123764 61898             158      78.0000000   34.00000  56.4%   6.9   11s
*142188 66118             225      77.0000000   34.00000  55.8%   6.9   13s
 158492 78070   46.00000   61  168   77.00000   34.00000  55.8%   7.0   15s
 216146 135099   60.00000   87  134   77.00000   34.00000  55.8%   7.3   21s
 274717 165820   70.00000   90  159   77.00000   34.00000  55.8%   7.4   25s
*297223 158883             152      76.0000000   34.00000  55.3%   7.4   26s
 335120 186433   74.00000  117  161   76.00000   34.00000  55.3%   7.5   30s
 392428 226341   43.00000   65  176   76.00000   34.00000  55.3%   7.5   35s
 448169 267260   57.00000  154  122   76.00000   34.00000  55.3%   7.6   40s
 497874 314812   64.00000   85  161   76.00000   34.00000  55.3%   7.6   45s
*545253 294194             148      75.0000000   34.00000  54.7%   7.7   48s
 566042 310833   53.00000   81  182   75.00000   34.00000  54.7%   7.7   50s
*627624 315130             158      74.0000000   34.00000  54.1%   7.7   54s
 627642 318157     cutoff  136        74.00000   34.00000  54.1%   7.7   55s
 683370 365413   64.00000   66  132   74.00000   34.00000  54.1%   7.7   60s
 739535 395547   54.00000  108  131   74.00000   34.00000  54.1%   7.8   65s
 798771 434501   71.00000  102  155   74.00000   34.00000  54.1%   7.8   70s
 847038 469107   69.00000  131   92   74.00000   34.00000  54.1%   7.8   75s
 903840 507909   65.00000   71  124   74.00000   34.00000  54.1%   7.8   80s
 958653 559768   57.00000   82  186   74.00000   34.00000  54.1%   7.8   85s
 1012592 579554   62.00000   81  194   74.00000   34.00000  54.1%   7.8   90s
 1067528 615863   67.00000   89  185   74.00000   34.00000  54.1%   7.8   95s
 1108612 659898   70.00000   75  165   74.00000   34.00000  54.1%   7.9  100s
 1171174 699284   65.00000   93  160   74.00000   34.00000  54.1%   7.9  105s
 1229677 729073   72.00000  123  102   74.00000   34.00000  54.1%   7.9  110s
 1281203 764478   67.00000  124  141   74.00000   34.00000  54.1%   7.9  115s
 1338645 801336   71.00000  119   97   74.00000   34.00000  54.1%   7.9  120s
 1382334 846364   50.00000   64  205   74.00000   34.00000  54.1%   7.9  125s
 1438741 872800   71.00000  128  114   74.00000   34.00000  54.1%   8.0  130s
 1502444 912826   70.00000  104  120   74.00000   34.00000  54.1%   8.0  135s
*1502975 782745             139      73.0000000   34.00000  53.4%   8.0  135s
 1537258 820878   53.00000  103  204   73.00000   34.00000  53.4%   8.0  140s
 1598202 850352   64.00000   89  159   73.00000   34.00000  53.4%   8.0  145s
 1646212 882632   62.00000   58  198   73.00000   34.00000  53.4%   8.0  150s
 1694650 912587   63.00000  112  118   73.00000   34.00000  53.4%   8.0  155s
 1748589 950828 infeasible  133        73.00000   34.00000  53.4%   8.0  160s
 1800624 984981   71.00000  101  158   73.00000   34.00000  53.4%   8.0  165s
 1857068 1020208 infeasible  117        73.00000   34.00000  53.4%   8.0  170s
 1912366 1058512   72.00000  133   64   73.00000   34.00000  53.4%   8.0  175s
 1961094 1091821   72.00000  150  110   73.00000   34.00000  53.4%   8.1  180s
 2012246 1127459 infeasible  123        73.00000   34.00000  53.4%   8.1  185s
 2063235 1160376   63.00000  114  112   73.00000   34.00000  53.4%   8.1  190s
 2111134 1206042   71.00000   78  125   73.00000   34.00000  53.4%   8.1  196s
 2170381 1229977   71.00000   95  119   73.00000   34.00000  53.4%   8.0  200s
 2225220 1267021   62.00000   76  202   73.00000   34.00000  53.4%   8.0  205s
 2262034 1306846   62.00000  104  154   73.00000   34.00000  53.4%   8.1  210s
 2318174 1330424   72.00000   79  114   73.00000   34.00000  53.4%   8.1  215s
 2352619 1368135   69.00000   82   72   73.00000   34.00000  53.4%   8.1  220s
 2412545 1399402   62.00000  121  156   73.00000   34.00000  53.4%   8.1  225s
*2418915 1228696             193      72.0000000   34.00000  52.8%   8.1  226s
 2458264 1255469   56.00000   77  168   72.00000   34.00000  52.8%   8.1  230s
 2504125 1292206   41.00000   86  194   72.00000   34.00000  52.8%   8.1  235s
 2555362 1320700     cutoff   90        72.00000   34.00000  52.8%   8.1  240s
 2615057 1357824   70.00000   73  111   72.00000   34.00000  52.8%   8.1  245s
 2667318 1391937   68.00000  110  191   72.00000   34.00000  52.8%   8.1  250s
 2714799 1424182 infeasible  115        72.00000   34.00000  52.8%   8.1  255s
 2772525 1463089   67.00000   55  159   72.00000   34.00000  52.8%   8.1  260s
 2818070 1494284 infeasible  124        72.00000   34.00000  52.8%   8.1  265s
 2868286 1530600   48.00000  121  166   72.00000   34.00000  52.8%   8.1  270s
 2918939 1564291 infeasible  120        72.00000   34.00000  52.8%   8.1  275s
 2976393 1601897   59.00000   90  178   72.00000   34.00000  52.8%   8.1  280s
 3026964 1651809   69.00000   91  200   72.00000   34.00000  52.8%   8.1  286s
 3080626 1674548   60.00000   75  183   72.00000   34.00000  52.8%   8.1  290s
 3133488 1710961 infeasible  133        72.00000   34.00000  52.8%   8.1  295s
 3188174 1747964   50.00000   72  168   72.00000   34.00000  52.8%   8.1  300s
 3240695 1784859   51.00000   91  178   72.00000   34.00000  52.8%   8.1  305s
 3293969 1822205   71.00000  127  165   72.00000   34.00000  52.8%   8.1  310s
 3332843 1865314   64.00000  123  147   72.00000   34.00000  52.8%   8.1  316s
 3365378 1883413   69.00000   98  112   72.00000   34.00000  52.8%   8.1  320s
 3440920 1919112   71.00000  107  113   72.00000   34.00000  52.8%   8.1  325s
 3490184 1951390 infeasible  114        72.00000   34.00000  52.8%   8.1  330s
 3543706 1990908   70.00000  117  153   72.00000   34.00000  52.8%   8.1  335s
 3591737 2022261   68.00000  138  128   72.00000   34.00000  52.8%   8.1  340s
 3649682 2060939   34.00000   60  174   72.00000   34.00000  52.8%   8.1  345s
 3702851 2096691   70.00000  124  130   72.00000   34.00000  52.8%   8.1  350s
 3748789 2126813   70.00000  145  126   72.00000   34.00000  52.8%   8.2  355s
 3795644 2168597   71.00000  104  130   72.00000   34.00000  52.8%   8.2  360s
 3853121 2195343     cutoff  112        72.00000   34.00000  52.8%   8.2  365s
 3900007 2227103   50.00000   81  172   72.00000   34.00000  52.8%   8.2  370s
 3944509 2256447 infeasible  102        72.00000   34.00000  52.8%   8.2  375s
 3995745 2292726   71.00000  117  113   72.00000   34.00000  52.8%   8.2  380s
 4049130 2327887 infeasible   99        72.00000   34.00000  52.8%   8.2  385s
 4100728 2362025   70.00000  149   94   72.00000   34.00000  52.8%   8.2  390s
 4151708 2396392 infeasible  101        72.00000   34.00000  52.8%   8.2  395s
 4199853 2442766   71.00000  135  110   72.00000   34.00000  52.8%   8.2  402s
 4244416 2457416   62.00000   77  182   72.00000   34.00000  52.8%   8.2  405s
 4290917 2488096   66.00000   68  140   72.00000   34.00000  52.8%   8.2  410s
 4350664 2524742   61.00000   90  167   72.00000   34.00000  52.8%   8.2  415s
 4395116 2554080 infeasible  113        72.00000   34.00000  52.8%   8.2  420s
 4449640 2592626   53.00000   61  143   72.00000   34.00000  52.8%   8.2  425s
 4502921 2626350   48.00000   79  157   72.00000   34.00000  52.8%   8.2  430s
 4561483 2667247   69.00000   86  116   72.00000   34.00000  52.8%   8.2  435s
 4616033 2701754   60.00000   78  185   72.00000   34.00000  52.8%   8.2  440s
 4665635 2737314   71.00000   98  101   72.00000   34.00000  52.8%   8.2  445s
 4724562 2774634 infeasible  132        72.00000   34.00000  52.8%   8.2  450s
 4770151 2805324 infeasible   81        72.00000   34.00000  52.8%   8.2  455s
 4814470 2851032   69.00000   93  160   72.00000   34.00000  52.8%   8.2  461s
 4862935 2869870   70.00000   81  138   72.00000   34.00000  52.8%   8.2  465s
 4917550 2906044   53.00000   85  204   72.00000   34.00000  52.8%   8.2  470s
 4968775 2953152   47.00000   52  178   72.00000   34.00000  52.8%   8.2  476s
 5025499 2976653   51.00000   47  132   72.00000   34.00000  52.8%   8.2  480s
 5071635 3008851   71.00000  106  131   72.00000   34.00000  52.8%   8.2  485s
 5120706 3040243 infeasible  121        72.00000   34.00000  52.8%   8.2  490s
 5181174 3080220   56.00000   76  171   72.00000   34.00000  52.8%   8.2  495s
 5235611 3117993   65.00000  105  184   72.00000   34.00000  52.8%   8.2  500s
*5266852 2711601             176      71.0000000   34.00000  52.1%   8.2  506s
 5293611 2729347 infeasible  120        71.00000   34.00000  52.1%   8.2  510s
 5341940 2762974   67.00000   78  208   71.00000   34.00000  52.1%   8.2  515s
 5389782 2792083   62.00000   87  142   71.00000   34.00000  52.1%   8.2  520s
 5438430 2825003   46.00000   81  197   71.00000   34.00000  52.1%   8.2  525s
 5485176 2853967     cutoff  100        71.00000   34.00000  52.1%   8.2  530s
 5515935 2888271   64.00000   80  126   71.00000   34.00000  52.1%   8.2  535s
 5575527 2912761 infeasible  145        71.00000   34.00000  52.1%   8.2  540s
 5611978 2937813   56.00000   69  122   71.00000   34.00000  52.1%   8.2  545s
 5659289 2969547   70.00000  132  125   71.00000   34.00000  52.1%   8.2  550s
 5708016 3001167   62.00000   77  222   71.00000   34.00000  52.1%   8.2  555s
 5753316 3030606   58.00000  117  136   71.00000   34.00000  52.1%   8.2  560s
 5798373 3074244   48.00000   74  216   71.00000   34.00000  52.1%   8.2  566s
 5846902 3090750   70.00000   99  136   71.00000   34.00000  52.1%   8.2  570s
 5896774 3123906   68.00000  113  193   71.00000   34.00000  52.1%   8.2  575s
 5952196 3158517   51.00000   46  214   71.00000   34.00000  52.1%   8.3  580s
 5988394 3196031   70.00000  102  180   71.00000   34.00000  52.1%   8.3  585s
 6051324 3218836   34.00000   53  188   71.00000   34.00000  52.1%   8.3  590s
 6104993 3255366   60.00000  103  153   71.00000   34.00000  52.1%   8.3  595s
 6151169 3285123   64.00000   88  155   71.00000   34.00000  52.1%   8.3  600s
 6206608 3331829   65.00000  110   98   71.00000   34.00000  52.1%   8.3  606s
 6265828 3354576   66.00000  122  146   71.00000   34.00000  52.1%   8.3  610s
 6317126 3389287   67.00000   84  144   71.00000   34.00000  52.1%   8.3  615s
 6357482 3427434   64.00000  109  174   71.00000   34.00000  52.1%   8.3  620s
 6418414 3453050   67.00000  106  161   71.00000   34.00000  52.1%   8.3  625s
 6449202 3487530   65.00000   92  200   71.00000   34.00000  52.1%   8.3  630s
 6511403 3511862   70.00000  121  155   71.00000   34.00000  52.1%   8.3  635s
 6566139 3544922   70.00000   95  119   71.00000   34.00000  52.1%   8.3  640s
 6599252 3568215   68.00000   93  198   71.00000   34.00000  52.1%   8.3  645s
 6654891 3600288   68.00000  133  116   71.00000   34.00000  52.1%   8.3  650s
 6700749 3629429 infeasible  131        71.00000   34.00000  52.1%   8.3  655s
 6757807 3665903 infeasible  133        71.00000   34.00000  52.1%   8.3  660s
 6809204 3701437   48.00000   98  190   71.00000   34.00000  52.1%   8.3  665s
 6865969 3735652     cutoff  118        71.00000   34.00000  52.1%   8.3  670s
 6911293 3771317   65.00000  120  110   71.00000   34.00000  52.1%   8.3  675s
 6965599 3801759   64.00000   92  103   71.00000   34.00000  52.1%   8.3  680s
 7017330 3834149   53.00000   51  166   71.00000   34.00000  52.1%   8.3  685s
 7059434 3874652   69.00000  125  122   71.00000   34.00000  52.1%   8.3  691s
 7113304 3893337   46.00000   50  201   71.00000   34.00000  52.1%   8.3  695s
 7156014 3922732   59.00000   82  199   71.00000   34.00000  52.1%   8.3  700s
 7208405 3954238 infeasible  141        71.00000   34.00000  52.1%   8.3  705s
 7240251 3990247   69.00000  109  153   71.00000   34.00000  52.1%   8.3  710s
 7302886 4014609   70.00000   78  127   71.00000   34.00000  52.1%   8.3  715s
 7357980 4051036   70.00000  115  122   71.00000   34.00000  52.1%   8.3  720s
 7404083 4081642 infeasible  111        71.00000   34.00000  52.1%   8.3  725s
 7454043 4133028   70.00000   76  158   71.00000   34.00000  52.1%   8.3  732s
 7488167 4147401   47.00000   85  156   71.00000   34.00000  52.1%   8.3  735s
 7552791 4180734   48.00000   75  188   71.00000   34.00000  52.1%   8.3  740s
 7610521 4215216   65.00000   69  150   71.00000   34.00000  52.1%   8.3  745s
 7658567 4246207   70.00000  117  112   71.00000   34.00000  52.1%   8.3  750s
 7707459 4278805   66.00000   79  195   71.00000   34.00000  52.1%   8.3  755s
 7760544 4309910   69.00000   94  112   71.00000   34.00000  52.1%   8.3  760s
 7813328 4341893   68.00000   88  154   71.00000   34.00000  52.1%   8.3  765s
 7866334 4378381   59.00000  108  138   71.00000   34.00000  52.1%   8.3  770s
 7922507 4414401   65.00000   94  170   71.00000   34.00000  52.1%   8.3  775s
 7979758 4450688   51.00000  110  118   71.00000   34.00000  52.1%   8.3  780s
 8032556 4482475   64.00000   75  190   71.00000   34.00000  52.1%   8.3  785s
 8068654 4520862   70.00000  116  101   71.00000   34.00000  52.1%   8.3  790s
 8131510 4546146 infeasible   92        71.00000   34.00000  52.1%   8.3  795s
 8183963 4580271   61.00000  100  191   71.00000   34.00000  52.1%   8.3  800s
 8239418 4615059   70.00000  103  106   71.00000   34.00000  52.1%   8.3  805s
 8292576 4649218   63.00000   90  135   71.00000   34.00000  52.1%   8.3  810s
 8343831 4679811   59.00000   82  195   71.00000   34.00000  52.1%   8.3  815s
 8396222 4714466   68.00000   90  172   71.00000   34.00000  52.1%   8.4  820s
 8453393 4748695   70.00000  138   91   71.00000   34.00000  52.1%   8.4  825s
 8506171 4784031 infeasible   77        71.00000   34.00000  52.1%   8.4  830s
 8533266 4816564   53.00000   80  184   71.00000   34.00000  52.1%   8.4  835s
 8599231 4845322   65.00000  105  176   71.00000   34.00000  52.1%   8.4  840s
 8649665 4877524   70.00000   75  176   71.00000   34.00000  52.1%   8.4  845s
 8702511 4911486   43.00000   84  190   71.00000   34.00000  52.1%   8.4  850s
 8743806 4935413   68.00000   86  170   71.00000   34.00000  52.1%   8.4  855s
 8780220 4974525   64.00000   65  209   71.00000   34.00000  52.1%   8.4  860s
 8844708 4999631     cutoff   94        71.00000   34.00000  52.1%   8.4  865s
 8899674 5048795   68.00000  115  114   71.00000   34.00000  52.1%   8.4  870s
 8957937 5071774   63.00000  111  151   71.00000   34.00000  52.1%   8.4  875s
 8996087 5112867   58.00000   74  164   71.00000   34.00000  52.1%   8.4  880s
 9053060 5135733   67.00000  101  133   71.00000   34.00000  52.1%   8.4  885s
 9090996 5171217   65.00000   63  135   71.00000   34.00000  52.1%   8.4  890s
 9154558 5196925 infeasible   91        71.00000   34.00000  52.1%   8.4  895s
 9205076 5229881   67.00000   87  184   71.00000   34.00000  52.1%   8.4  900s
 9244218 5273356   63.00000   55  176   71.00000   34.00000  52.1%   8.4  906s
 9285501 5285633   68.00000  105  104   71.00000   34.00000  52.1%   8.4  910s
 9339333 5317762   57.00000   60  158   71.00000   34.00000  52.1%   8.4  915s
 9393258 5353228 infeasible   87        71.00000   34.00000  52.1%   8.4  920s
 9433382 5381992   63.00000   83  174   71.00000   34.00000  52.1%   8.4  925s
 9488861 5416559   62.00000   94  188   71.00000   34.00000  52.1%   8.4  930s
 9542329 5454837   70.00000   97  100   71.00000   34.00000  52.1%   8.4  935s
 9598740 5489190   62.00000   93  144   71.00000   34.00000  52.1%   8.4  940s
 9646977 5521324   70.00000   74  143   71.00000   34.00000  52.1%   8.4  945s
 9700130 5557789   70.00000  143   91   71.00000   34.00000  52.1%   8.4  950s
 9757869 5595853   70.00000  107  122   71.00000   34.00000  52.1%   8.4  955s
 9818934 5637775   67.00000   99  135   71.00000   34.00000  52.1%   8.4  960s
 9872179 5673206   48.00000   90  219   71.00000   34.00000  52.1%   8.4  965s
 9914542 5714112   67.00000   71  144   71.00000   34.00000  52.1%   8.4  971s
 9971192 5736754   57.00000   74  163   71.00000   34.00000  52.1%   8.4  975s
 10028882 5774269 infeasible   99        71.00000   34.00000  52.1%   8.4  980s
 10080221 5808577   62.00000   77  137   71.00000   34.00000  52.1%   8.4  985s
 10129540 5844075   64.00000   75  139   71.00000   34.00000  52.1%   8.4  990s
 10177939 5875002   68.00000  107  130   71.00000   34.00000  52.1%   8.4  995s
 10221560 5916505   70.00000  108   86   71.00000   34.00000  52.1%   8.4 1000s
 10278552 5940953   66.00000  105  162   71.00000   34.00000  52.1%   8.4 1005s
 10314048 5978430   70.00000  103  130   71.00000   34.00000  52.1%   8.4 1010s
 10382682 6007292   51.00000   67  176   71.00000   34.00000  52.1%   8.4 1015s
 10434079 6041304   62.00000  111  132   71.00000   34.00000  52.1%   8.4 1020s
 10484067 6077166   70.00000  106   78   71.00000   34.00000  52.1%   8.4 1025s
 10525913 6118222   70.00000  106  137   71.00000   34.00000  52.1%   8.4 1030s
 10583133 6139676   58.00000  121  163   71.00000   34.00000  52.1%   8.4 1035s
 10629338 6173255   62.00000  222   90   71.00000   34.00000  52.1%   8.4 1040s
 10685638 6208023     cutoff  124        71.00000   34.00000  52.1%   8.4 1045s
 10741604 6244647 infeasible  127        71.00000   34.00000  52.1%   8.4 1050s
 10793636 6279724   64.00000   92  189   71.00000   34.00000  52.1%   8.4 1055s
 10833647 6319719   70.00000  115  136   71.00000   34.00000  52.1%   8.4 1061s
 10886774 6341557   70.00000  117  143   71.00000   34.00000  52.1%   8.4 1065s
 10932370 6371412   45.00000   75  178   71.00000   34.00000  52.1%   8.4 1070s
 10985814 6404355   66.00000  115  144   71.00000   34.00000  52.1%   8.4 1075s
 11035544 6439444   53.00000  130  159   71.00000   34.00000  52.1%   8.4 1080s
 11083169 6468613   54.64516  118  186   71.00000   34.00000  52.1%   8.4 1085s
 11132023 6503056     cutoff  146        71.00000   34.00000  52.1%   8.4 1090s
 11173894 6541353   63.00000   78  190   71.00000   34.00000  52.1%   8.4 1095s
 11242169 6571289   66.00000  118  137   71.00000   34.00000  52.1%   8.4 1100s
 11295133 6608481   65.00000   94  170   71.00000   34.00000  52.1%   8.4 1105s
 11347786 6642092   50.00000   93  155   71.00000   34.00000  52.1%   8.4 1110s
 11397958 6672823 infeasible  126        71.00000   34.00000  52.1%   8.4 1115s
 11447296 6705907     cutoff   89        71.00000   34.00000  52.1%   8.4 1120s
 11503289 6743044   43.00000   66  208   71.00000   34.00000  52.1%   8.4 1125s
 11554292 6777169   70.00000   68  132   71.00000   34.00000  52.1%   8.4 1130s
 11605852 6814644   65.00000   84  178   71.00000   34.00000  52.1%   8.4 1135s
 11655905 6845708   57.00000   95  130   71.00000   34.00000  52.1%   8.4 1140s
 11711263 6885075   70.00000  117  187   71.00000   34.00000  52.1%   8.4 1145s
 11759122 6930062   46.00000   36  122   71.00000   34.00000  52.1%   8.4 1151s
 11812839 6949924   70.00000   79  150   71.00000   34.00000  52.1%   8.4 1155s
 11849977 6990247   70.00000  101  138   71.00000   34.00000  52.1%   8.4 1160s
 11905368 7014283 infeasible  116        71.00000   34.00000  52.1%   8.4 1165s
 11958467 7048490   70.00000   64  147   71.00000   34.00000  52.1%   8.4 1170s
 12008406 7080335     cutoff  157        71.00000   34.00000  52.1%   8.4 1175s
 12052819 7111821   58.00000  110  172   71.00000   34.00000  52.1%   8.4 1180s
 12107216 7146318   64.00000   54  142   71.00000   34.00000  52.1%   8.4 1185s
 12151597 7189203   61.00000   91  192   71.00000   34.00000  52.1%   8.4 1191s
 12200053 7206872   70.00000   74  143   71.00000   34.00000  52.1%   8.4 1195s
 12251107 7239105   68.00000   94  142   71.00000   34.00000  52.1%   8.4 1200s
 12304668 7271965   65.00000   75  197   71.00000   34.00000  52.1%   8.4 1205s
 12359261 7310039   43.00000   96  178   71.00000   34.00000  52.1%   8.4 1210s
 12406233 7344454   70.00000  115  136   71.00000   34.00000  52.1%   8.4 1215s
 12461757 7375274   43.00000   69  193   71.00000   34.00000  52.1%   8.4 1220s
 12510607 7410368   61.00000   86  168   71.00000   34.00000  52.1%   8.4 1225s
 12554525 7452841     cutoff  129        71.00000   34.00000  52.1%   8.4 1230s
 12605415 7471235   42.00000   51  152   71.00000   34.00000  52.1%   8.4 1235s
 12652549 7498653 infeasible  111        71.00000   34.00000  52.1%   8.4 1240s
 12706110 7535696     cutoff  120        71.00000   34.00000  52.1%   8.4 1245s
 12742045 7571907   48.00000  100  194   71.00000   34.00000  52.1%   8.4 1250s
 12799008 7594740   69.00000  106  149   71.00000   34.00000  52.1%   8.4 1255s
 12853539 7627087 infeasible   88        71.00000   34.00000  52.1%   8.4 1260s
 12893988 7652549   65.00000   87  184   71.00000   34.00000  52.1%   8.4 1265s
 12939533 7683643   44.00000   46  162   71.00000   34.00000  52.1%   8.4 1270s
 12992052 7717705   63.00000  118  168   71.00000   34.00000  52.1%   8.4 1275s
 13046148 7750334   70.00000  144   83   71.00000   34.00000  52.1%   8.4 1280s
 13087864 7778052   40.00000  106  222   71.00000   34.00000  52.1%   8.4 1285s
 13144899 7813898   70.00000  181   69   71.00000   34.00000  52.1%   8.4 1290s
 13201792 7847879   69.00000   99  134   71.00000   34.00000  52.1%   8.4 1295s
 13239611 7873629   68.00000   80  154   71.00000   34.00000  52.1%   8.4 1300s
 13297169 7909605 infeasible  144        71.00000   34.00000  52.1%   8.4 1305s
 13346482 7943660 infeasible  136        71.00000   34.00000  52.1%   8.4 1310s
 13394074 7973459   65.00000   87  156   71.00000   34.00000  52.1%   8.4 1315s
 13446689 8010975   53.00000   97  176   71.00000   34.00000  52.1%   8.4 1320s
 13501812 8043614 infeasible   95        71.00000   34.00000  52.1%   8.4 1325s
 13550827 8077335   62.00000  106  142   71.00000   34.00000  52.1%   8.4 1330s
 13603784 8110828   68.00000  118  118   71.00000   34.00000  52.1%   8.4 1335s
 13644423 8151098   59.00000   71  154   71.00000   34.00000  52.1%   8.4 1340s
 13710497 8178104   69.00000   77  118   71.00000   34.00000  52.1%   8.4 1345s
 13764335 8215963   66.00000   65  166   71.00000   34.00000  52.1%   8.4 1350s
 13814026 8249264   54.00000   80  144   71.00000   34.00000  52.1%   8.4 1355s
 13866708 8284893   69.00000   77  110   71.00000   34.00000  52.1%   8.4 1360s
 13919907 8319376   70.00000   99  108   71.00000   34.00000  52.1%   8.4 1365s
 13977301 8355486   50.00000   89  156   71.00000   34.00000  52.1%   8.4 1370s
 14017484 8384237   69.00000   76  142   71.00000   34.00000  52.1%   8.4 1375s
 14072746 8420746   46.00000   61  170   71.00000   34.00000  52.1%   8.4 1380s
 14126067 8455626   68.00000  104  189   71.00000   34.00000  52.1%   8.4 1385s
 14182698 8490989 infeasible  101        71.00000   34.00000  52.1%   8.4 1390s
 14232812 8525353 infeasible  144        71.00000   34.00000  52.1%   8.4 1395s
 14284627 8556787     cutoff   92        71.00000   34.00000  52.1%   8.4 1400s
 14337088 8590304   58.00000   62  191   71.00000   34.00000  52.1%   8.4 1405s
 14379666 8624391   67.00000  100  122   71.00000   34.00000  52.1%   8.4 1410s
 14435679 8655526   68.00000   66  162   71.00000   34.00000  52.1%   8.4 1415s
 14477801 8680450   69.00000   62  172   71.00000   34.00000  52.1%   8.4 1420s
 14527283 8715926     cutoff  115        71.00000   34.00000  52.1%   8.4 1425s
 14566741 8755595   61.00000  112  166   71.00000   34.00000  52.1%   8.4 1430s
 14628900 8781701   50.00000   49  170   71.00000   34.00000  52.1%   8.4 1435s
 14686364 8816561   43.00000   80  192   71.00000   34.00000  52.1%   8.4 1440s
 14737280 8851349   70.00000   75  120   71.00000   34.00000  52.1%   8.4 1445s
 14792763 8884256   69.00000   84  130   71.00000   34.00000  52.1%   8.4 1450s
 14842615 8916026   53.00000   54  206   71.00000   34.00000  52.1%   8.4 1455s
 14880798 8956414   69.00000  120  138   71.00000   34.00000  52.1%   8.4 1460s
 14940069 8982639   43.00000   95  203   71.00000   34.00000  52.1%   8.4 1465s
 14993167 9014041     cutoff   87        71.00000   34.00000  52.1%   8.4 1470s
 15034789 9052971   68.00000  102   94   71.00000   34.00000  52.1%   8.4 1475s
 15095440 9082188   49.00000   82  148   71.00000   34.00000  52.1%   8.4 1480s
 15148774 9114950 infeasible  127        71.00000   34.00000  52.1%   8.4 1485s
 15194517 9148182   53.00000   62  212   71.00000   34.00000  52.1%   8.4 1490s
 15241781 9176479     cutoff  103        71.00000   34.00000  52.1%   8.4 1495s
 15277903 9217753   65.00000   96  108   71.00000   34.00000  52.1%   8.4 1500s
 15340608 9243851   64.00000   44  186   71.00000   34.00000  52.1%   8.4 1505s
 15391303 9276407   50.00000   60  188   71.00000   34.00000  52.1%   8.4 1510s
 15434328 9305391   63.00000   86  179   71.00000   34.00000  52.1%   8.4 1515s
 15480950 9335023   62.00000   88  126   71.00000   34.00000  52.1%   8.4 1520s
 15533100 9368654   59.00000  104  158   71.00000   34.00000  52.1%   8.4 1525s
 15578541 9396953   70.00000   98  101   71.00000   34.00000  52.1%   8.4 1530s
 15628664 9429737   69.00000   61  152   71.00000   34.00000  52.1%   8.4 1535s
 15671173 9457476   53.00000   61  192   71.00000   34.00000  52.1%   8.4 1540s
 15721379 9492814   46.00000   68  235   71.00000   34.00000  52.1%   8.4 1545s
 15768329 9536103   70.00000  107  119   71.00000   34.00000  52.1%   8.4 1551s
 15821843 9555841   69.00000  107  119   71.00000   34.00000  52.1%   8.4 1555s
 15875390 9589870   69.00000  101  105   71.00000   34.00000  52.1%   8.4 1560s
 15925270 9621061   69.00000   91  114   71.00000   34.00000  52.1%   8.4 1565s
 15979444 9653377 infeasible  105        71.00000   34.00000  52.1%   8.4 1570s
 16018470 9681207   68.00000  102  114   71.00000   34.00000  52.1%   8.4 1575s
 16073322 9715792   66.00000  114  147   71.00000   34.00000  52.1%   8.4 1580s
 16125889 9748971   34.00000   67  221   71.00000   34.00000  52.1%   8.4 1585s
 16169470 9777072   50.00000  102  144   71.00000   34.00000  52.1%   8.4 1590s
 16224988 9812834   70.00000   95   92   71.00000   34.00000  52.1%   8.4 1595s
 16273514 9844488   46.00000   61  163   71.00000   34.00000  52.1%   8.4 1600s
 16325679 9878500   62.00000   85  185   71.00000   34.00000  52.1%   8.4 1605s
 16379246 9912150   69.00000  122   86   71.00000   34.00000  52.1%   8.4 1610s
 16432872 9944849 infeasible   94        71.00000   34.00000  52.1%   8.4 1615s
 16481617 9992886   60.00000   79  163   71.00000   34.00000  52.1%   8.4 1622s
 16513222 10013938   70.00000  133   97   71.00000   34.00000  52.1%   8.4 1625s
 16572142 10035184 infeasible  113        71.00000   34.00000  52.1%   8.4 1630s
 16620837 10069145   57.00000  128  143   71.00000   34.00000  52.1%   8.4 1635s
 16662713 10097231   69.00000  104  108   71.00000   34.00000  52.1%   8.4 1640s
 16712105 10128303   59.00000   78  156   71.00000   34.00000  52.1%   8.4 1645s
 16763263 10162130   63.00000   82  218   71.00000   34.00000  52.1%   8.4 1650s
 16810329 10191908   50.00000   72  156   71.00000   34.00000  52.1%   8.4 1655s
 16857976 10222612   65.00000   92  155   71.00000   34.00000  52.1%   8.4 1660s
 16912557 10255712   58.00000   87  162   71.00000   34.00000  52.1%   8.4 1665s
 16964719 10288632 infeasible  118        71.00000   34.00000  52.1%   8.4 1670s
 17012893 10321129   62.00000   89  158   71.00000   34.00000  52.1%   8.4 1675s
 17063703 10352120 infeasible  129        71.00000   34.00000  52.1%   8.4 1680s
 17101775 10379463   48.00000   72  160   71.00000   34.00000  52.1%   8.4 1685s
 17154672 10413008   70.00000   93  110   71.00000   34.00000  52.1%   8.4 1690s
 17203323 10445209   63.00000   78  130   71.00000   34.00000  52.1%   8.4 1695s
 17258389 10480823   68.00000   95  128   71.00000   34.00000  52.1%   8.4 1700s
 17315961 10515129   59.00000   62  189   71.00000   34.00000  52.1%   8.4 1705s
 17375935 10555102   48.00000   66  170   71.00000   34.00000  52.1%   8.4 1710s
 17421750 10585070   68.00000  122   98   71.00000   34.00000  52.1%   8.4 1715s
 17473289 10617098   70.00000   89  100   71.00000   34.00000  52.1%   8.4 1720s
 17528495 10650720   65.00000   76  144   71.00000   34.00000  52.1%   8.4 1725s
 17569710 10677689   51.00000   66  194   71.00000   34.00000  52.1%   8.4 1730s
 17616313 10710981   69.00000   96  104   71.00000   34.00000  52.1%   8.4 1735s
 17664576 10740017   57.00000   65  237   71.00000   34.00000  52.1%   8.4 1740s
 17710770 10772771   65.00000   77  168   71.00000   34.00000  52.1%   8.4 1745s
 17768539 10808211   61.00000   78  186   71.00000   34.00000  52.1%   8.4 1750s
 17816334 10841097   69.00000  105  133   71.00000   34.00000  52.1%   8.4 1755s
 17871080 10878172   46.00000   58  273   71.00000   34.00000  52.1%   8.4 1760s
 17922614 10912524   70.00000   93  118   71.00000   34.00000  52.1%   8.4 1765s
 17983829 10951587   62.00000   81  200   71.00000   34.00000  52.1%   8.4 1770s
 18030381 10983269   44.00000   68  174   71.00000   34.00000  52.1%   8.4 1775s
 18082274 11016390   66.00000   98  159   71.00000   34.00000  52.1%   8.4 1780s
 18123068 11056633   68.00000   98  128   71.00000   34.00000  52.1%   8.4 1786s
 18174787 11076775   57.00000  124  140   71.00000   34.00000  52.1%   8.4 1790s
 18212840 11116006     cutoff   93        71.00000   34.00000  52.1%   8.4 1795s
 18270600 11136707   65.00000   78  128   71.00000   34.00000  52.1%   8.4 1800s
 18317994 11167758   34.00000   58  192   71.00000   34.00000  52.1%   8.4 1805s
 18368222 11202855   70.00000  141   87   71.00000   34.00000  52.1%   8.4 1810s
 18402738 11224632   68.00000   79  152   71.00000   34.00000  52.1%   8.4 1815s
 18455615 11256667   66.00000   92  180   71.00000   34.00000  52.1%   8.4 1820s
 18500845 11288613   70.00000  118   94   71.00000   34.00000  52.1%   8.4 1825s
 18552486 11319911   69.00000  109  118   71.00000   34.00000  52.1%   8.4 1830s
 18589136 11359621   69.00000  109   84   71.00000   34.00000  52.1%   8.4 1835s
 18643148 11381610   49.00000   53  195   71.00000   34.00000  52.1%   8.4 1840s
 18688593 11411119   56.00000   93  188   71.00000   34.00000  52.1%   8.4 1845s
 18740058 11442426 infeasible  100        71.00000   34.00000  52.1%   8.4 1850s
 18797033 11479125   65.00000   85  125   71.00000   34.00000  52.1%   8.4 1855s
 18842851 11510378   69.00000  157  122   71.00000   34.00000  52.1%   8.4 1860s
 18893095 11541328   48.00000   47  201   71.00000   34.00000  52.1%   8.4 1865s
 18944283 11576316   70.00000   91  102   71.00000   34.00000  52.1%   8.4 1870s
 18994655 11608879   61.00000  125  139   71.00000   34.00000  52.1%   8.4 1875s
 19046842 11641497   48.00000   58  192   71.00000   34.00000  52.1%   8.4 1880s
 19103869 11675309 infeasible  113        71.00000   34.00000  52.1%   8.4 1885s
 19151973 11709017   70.00000  101  108   71.00000   34.00000  52.1%   8.4 1890s
 19206503 11742077 infeasible   91        71.00000   34.00000  52.1%   8.4 1895s
 19259143 11776335 infeasible   83        71.00000   34.00000  52.1%   8.5 1900s
 19306140 11808635   34.00000   53  186   71.00000   34.00000  52.1%   8.5 1905s
 19358321 11841074   63.00000   79  186   71.00000   34.00000  52.1%   8.5 1910s
 19402033 11871441 infeasible  126        71.00000   34.00000  52.1%   8.5 1915s
 19453857 11902300   65.00000   65  218   71.00000   34.00000  52.1%   8.5 1920s
 19495508 11928823   61.00000   69  152   71.00000   34.00000  52.1%   8.5 1925s
 19550713 11966253   49.00000   72  194   71.00000   34.00000  52.1%   8.5 1930s
 19603527 11999878   70.00000  106  133   71.00000   34.00000  52.1%   8.5 1935s
 19637588 12037110   70.00000   96  145   71.00000   34.00000  52.1%   8.5 1940s
 19692873 12055036   66.00000  102  166   71.00000   34.00000  52.1%   8.5 1945s
 19737375 12085755   68.00000   96  118   71.00000   34.00000  52.1%   8.5 1950s
 19789866 12119141   67.00000   71  202   71.00000   34.00000  52.1%   8.5 1955s
 19825496 12160260   55.00000  103  160   71.00000   34.00000  52.1%   8.5 1960s
 19883196 12180084   62.00000   73  175   71.00000   34.00000  52.1%   8.5 1965s
 19939315 12216931 infeasible   99        71.00000   34.00000  52.1%   8.5 1970s
 19984766 12248907   64.00000   76  181   71.00000   34.00000  52.1%   8.5 1975s
 20031868 12280630   67.00000   75  165   71.00000   34.00000  52.1%   8.5 1980s
 20094806 12318752   51.00000   79  170   71.00000   34.00000  52.1%   8.5 1985s
 20137223 12347788   67.00000   78  209   71.00000   34.00000  52.1%   8.5 1990s
 20188688 12379198   58.00000   82  178   71.00000   34.00000  52.1%   8.5 1995s
 20242112 12416266   63.00000  134  125   71.00000   34.00000  52.1%   8.4 2000s
 20281398 12454749   61.00000   94  193   71.00000   34.00000  52.1%   8.4 2005s
 20342794 12481609   70.00000  118  125   71.00000   34.00000  52.1%   8.4 2010s
 20392192 12511686   70.00000   89  150   71.00000   34.00000  52.1%   8.4 2015s
 20436471 12542207   51.00000   71  202   71.00000   34.00000  52.1%   8.4 2020s
 20489291 12576678   70.00000  110  103   71.00000   34.00000  52.1%   8.4 2025s
 20540004 12610444   70.00000  108  150   71.00000   34.00000  52.1%   8.4 2030s
 20583053 12637258   66.00000   69  142   71.00000   34.00000  52.1%   8.4 2035s
 20622122 12678137   70.00000  107  106   71.00000   34.00000  52.1%   8.4 2041s
 20679012 12698166   60.00000  120  134   71.00000   34.00000  52.1%   8.4 2045s
 20721691 12727440   66.00000  106  136   71.00000   34.00000  52.1%   8.4 2050s
 20771557 12757052   64.00000   73  202   71.00000   34.00000  52.1%   8.4 2055s
 20810847 12781412 infeasible  117        71.00000   34.00000  52.1%   8.4 2060s
 20859307 12809627   58.00000   83  142   71.00000   35.00000  50.7%   8.4 2065s
 20903837 12851931   68.00000  112   78   71.00000   35.00000  50.7%   8.4 2070s
 20967778 12880171     cutoff   96        71.00000   35.00000  50.7%   8.4 2075s
 21018705 12915055   67.00000   71  134   71.00000   35.00000  50.7%   8.4 2080s
 21080756 12951442 infeasible  124        71.00000   35.00000  50.7%   8.4 2085s
 21124686 12978568 infeasible   82        71.00000   35.00000  50.7%   8.4 2090s
 21176097 13011374   68.00000  110  135   71.00000   35.00000  50.7%   8.4 2095s
 21229956 13047700   70.00000   99   74   71.00000   35.00000  50.7%   8.4 2100s
 21276669 13075992   69.00000   82  158   71.00000   35.00000  50.7%   8.5 2105s
 21322634 13105281   66.00000   95  150   71.00000   35.00000  50.7%   8.5 2110s
 21358041 13129848     cutoff  138        71.00000   35.00000  50.7%   8.5 2115s
 21406099 13157110   41.00000   66  162   71.00000   35.00000  50.7%   8.5 2120s
 21454239 13189235 infeasible  106        71.00000   35.00000  50.7%   8.5 2125s
 21503852 13220948   51.00000   96  177   71.00000   35.00000  50.7%   8.5 2130s
 21548649 13247196   65.00000   75  194   71.00000   35.00000  50.7%   8.5 2135s
 21604972 13281360     cutoff  121        71.00000   35.00000  50.7%   8.5 2140s
 21643944 13320316   65.00000   72  149   71.00000   35.00000  50.7%   8.5 2146s
 21700706 13340237   48.00000   67  162   71.00000   35.00000  50.7%   8.5 2150s
 21740545 13367456   65.00000   71  127   71.00000   35.00000  50.7%   8.5 2155s
 21794480 13399914   59.00000   95  118   71.00000   35.00000  50.7%   8.5 2160s
 21844343 13434323   65.00000  108  155   71.00000   35.00000  50.7%   8.5 2165s
 21896979 13465829   64.00000   65  180   71.00000   35.00000  50.7%   8.5 2170s
 21949398 13501056   68.00000   81  165   71.00000   35.00000  50.7%   8.5 2175s
 21985292 13535521   70.00000   84  128   71.00000   35.00000  50.7%   8.5 2180s
 22047984 13574911   68.00000   95  131   71.00000   35.00000  50.7%   8.5 2186s
 22097772 13592540   70.00000  111  145   71.00000   35.00000  50.7%   8.5 2190s
 22154968 13626504 infeasible  111        71.00000   35.00000  50.7%   8.5 2195s
 22195800 13654368   67.00000   93  137   71.00000   35.00000  50.7%   8.5 2200s
 22240703 13682086   69.00000   92  117   71.00000   35.00000  50.7%   8.5 2205s
 22288340 13711581   68.00000   83  172   71.00000   35.00000  50.7%   8.5 2210s
 22321787 13730866   67.00000   86  161   71.00000   35.00000  50.7%   8.5 2215s
 22374641 13762759   68.00000  112  143   71.00000   35.00000  50.7%   8.5 2220s
 22424087 13791788   60.00000  123  156   71.00000   35.00000  50.7%   8.5 2225s
 22475393 13822693   35.00000   88  214   71.00000   35.00000  50.7%   8.5 2230s
 22536062 13854785   65.00000   86  168   71.00000   35.00000  50.7%   8.5 2235s
 22567844 13874609   53.00000   65  179   71.00000   35.00000  50.7%   8.5 2240s
 22620040 13904924   70.00000  108  134   71.00000   35.00000  50.7%   8.5 2245s
 22661581 13940050   70.00000   71   91   71.00000   36.00000  49.3%   8.5 2250s
 22718935 13967145 infeasible   82        71.00000   36.00000  49.3%   8.5 2255s
 22773030 14005931 infeasible  132        71.00000   36.00000  49.3%   8.5 2260s
 22825677 14040766 infeasible  109        71.00000   36.00000  49.3%   8.5 2265s
 22877695 14075539   53.00000   39  179   71.00000   36.00000  49.3%   8.5 2270s
 22928299 14107516   68.00000   98   77   71.00000   36.00000  49.3%   8.5 2275s
 22974830 14138311   58.00000   81  126   71.00000   36.00000  49.3%   8.5 2280s
 23036032 14176860   62.00000   64  196   71.00000   36.00000  49.3%   8.5 2285s
 23087591 14222236   65.00000   65  148   71.00000   36.00000  49.3%   8.5 2290s
 23148415 14247414 infeasible  103        71.00000   36.00000  49.3%   8.5 2295s
 23199311 14279904 infeasible  102        71.00000   36.00000  49.3%   8.5 2300s
 23240627 14309387   66.00000   77  151   71.00000   36.00000  49.3%   8.5 2305s
 23277180 14346310   54.00000   80  187   71.00000   36.00000  49.3%   8.5 2311s
 23335441 14367190 infeasible  112        71.00000   36.00000  49.3%   8.5 2315s
 23371842 14392733   67.00000   78  220   71.00000   36.00000  49.3%   8.5 2320s
 23429508 14427438 infeasible  118        71.00000   36.00000  49.3%   8.5 2325s
 23467224 14464929   57.00000   83  176   71.00000   36.00000  49.3%   8.5 2331s
 23517029 14484242   69.00000  113   97   71.00000   36.00000  49.3%   8.5 2335s
 23560019 14520635   57.00000   92  174   71.00000   36.00000  49.3%   8.5 2340s
 23605442 14538994   64.00000   71  190   71.00000   36.00000  49.3%   8.5 2345s
 23651671 14581359   53.00000   91  191   71.00000   36.00000  49.3%   8.5 2350s
 23708987 14602992   67.00000   93  150   71.00000   36.00000  49.3%   8.5 2355s
 23756217 14630719 infeasible   94        71.00000   36.00000  49.3%   8.5 2360s
 23808629 14664255   68.00000   92  130   71.00000   36.00000  49.3%   8.5 2365s
 23851153 14689798   56.00000   77  158   71.00000   36.00000  49.3%   8.5 2370s
 23895246 14719026   60.00000   77  164   71.00000   36.00000  49.3%   8.5 2376s
 23950025 14752833   69.00000   68  166   71.00000   36.00000  49.3%   8.5 2380s
 23989462 14790706   69.00000   88  140   71.00000   36.00000  49.3%   8.5 2385s
 24048152 14814722   70.00000   87  131   71.00000   36.00000  49.3%   8.5 2390s
 24095191 14843711   57.00000   80  158   71.00000   36.00000  49.3%   8.5 2395s
 24145965 14872718   68.00000  111  106   71.00000   36.00000  49.3%   8.5 2400s
 24199085 14906035   63.00000   99  108   71.00000   36.00000  49.3%   8.5 2405s
 24237100 14946810   64.00000   90  175   71.00000   36.00000  49.3%   8.5 2410s
 24294345 14968659   67.00000   74  128   71.00000   36.00000  49.3%   8.5 2415s
 24346530 14999899   65.00000   83   92   71.00000   36.00000  49.3%   8.5 2420s
 24389711 15042763   50.00000   67  162   71.00000   36.00000  49.3%   8.5 2426s
 24446708 15062724 infeasible  136        71.00000   36.00000  49.3%   8.5 2430s
 24483044 15103807   70.00000   97  144   71.00000   36.00000  49.3%   8.5 2436s
 24515690 15120187   70.00000  119   84   71.00000   36.00000  49.3%   8.5 2440s
 24574500 15156664   59.00000   79  162   71.00000   36.00000  49.3%   8.5 2445s
 24630369 15178341     cutoff  105        71.00000   36.00000  49.3%   8.5 2450s
 24666286 15215112   69.00000   85  144   71.00000   36.00000  49.3%   8.5 2455s
 24724310 15238370   70.00000   88  116   71.00000   36.00000  49.3%   8.5 2460s
 24783723 15273683   59.00000   85  168   71.00000   36.00000  49.3%   8.5 2465s
 24829233 15301862   48.00000   62  186   71.00000   36.00000  49.3%   8.4 2470s
 24877782 15333624   63.00000   87  173   71.00000   36.00000  49.3%   8.4 2475s
 24923907 15363907   65.00000   86  170   71.00000   36.00000  49.3%   8.5 2480s
 24980080 15395210   64.00000   57  180   71.00000   36.00000  49.3%   8.4 2485s
 25028454 15425536 infeasible  125        71.00000   36.00000  49.3%   8.4 2490s
 25065466 15466418   62.00000   95  129   71.00000   36.00000  49.3%   8.4 2496s
 25122407 15486284   48.00000   46  184   71.00000   36.00000  49.3%   8.4 2500s
 25180439 15521130 infeasible   89        71.00000   36.00000  49.3%   8.4 2505s
 25221800 15547943 infeasible  113        71.00000   36.00000  49.3%   8.4 2511s
 25276675 15583643   63.00000   98  151   71.00000   36.00000  49.3%   8.4 2515s
 25330146 15615470   65.00000   89  154   71.00000   36.00000  49.3%   8.4 2520s
 25376543 15647326   70.00000  100   95   71.00000   36.00000  49.3%   8.4 2525s
 25424551 15678375   63.00000   54  190   71.00000   36.00000  49.3%   8.4 2530s
 25465929 15717900   62.00000  125  149   71.00000   36.00000  49.3%   8.4 2535s
 25526086 15740596   60.00000   99  140   71.00000   36.00000  49.3%   8.4 2540s
 25569732 15768176   70.00000   90  116   71.00000   36.00000  49.3%   8.4 2545s
 25621624 15799665   48.00000   68  170   71.00000   36.00000  49.3%   8.4 2550s
 25667839 15831093   65.00000   65  136   71.00000   36.00000  49.3%   8.4 2555s
 25712692 15871600   46.00000   82  193   71.00000   36.00000  49.3%   8.4 2560s
 25767900 15891282   51.00000   60  172   71.00000   36.00000  49.3%   8.4 2565s
 25820606 15927529   43.00000   66  216   71.00000   36.00000  49.3%   8.4 2570s
 25863772 15965601   69.00000   92  103   71.00000   36.00000  49.3%   8.4 2575s
 25922771 15989706   62.00000   93  189   71.00000   36.00000  49.3%   8.4 2580s
 25965448 16018881   67.00000   88  206   71.00000   36.00000  49.3%   8.4 2585s
 26017425 16048349 infeasible   92        71.00000   36.00000  49.3%   8.4 2590s
 26062486 16076129   65.00000   82  184   71.00000   36.00000  49.3%   8.4 2595s
 26108239 16106134   57.00000   57  152   71.00000   36.00000  49.3%   8.4 2600s
 26154395 16137541 infeasible  145        71.00000   36.00000  49.3%   8.4 2605s
 26198636 16163987   67.00000   63  261   71.00000   36.00000  49.3%   8.4 2610s
 26243499 16191491   63.00000   73  149   71.00000   36.00000  49.3%   8.4 2615s
 26294671 16225532   70.00000   86  141   71.00000   36.00000  49.3%   8.4 2620s
 26342681 16256911 infeasible  103        71.00000   36.00000  49.3%   8.4 2625s
 26384454 16285099   50.00000   69  208   71.00000   36.00000  49.3%   8.4 2630s
 26420183 16321507   68.00000   87  120   71.00000   36.00000  49.3%   8.4 2636s
 26473060 16339853   48.00000   74  188   71.00000   36.00000  49.3%   8.4 2640s
 26521288 16371928   60.00000  137  167   71.00000   36.00000  49.3%   8.4 2645s
 26569114 16400771   64.00000   70  154   71.00000   36.00000  49.3%   8.4 2650s
 26603979 16438222   70.00000  106   83   71.00000   36.00000  49.3%   8.4 2655s
 26663234 16460950   60.00000   90  180   71.00000   36.00000  49.3%   8.4 2660s
 26700712 16493687   68.00000  116  103   71.00000   36.00000  49.3%   8.4 2665s
 26755372 16517679   62.00000   80  176   71.00000   36.00000  49.3%   8.4 2670s
 26810416 16548589   65.00000  109  154   71.00000   36.00000  49.3%   8.4 2675s
 26856489 16593072   67.00000   71  114   71.00000   36.00000  49.3%   8.4 2680s
 26915848 16616881 infeasible  112        71.00000   36.00000  49.3%   8.4 2685s
 26971537 16650822 infeasible  113        71.00000   36.00000  49.3%   8.4 2690s
 27022494 16682432   69.00000  121   87   71.00000   36.00000  49.3%   8.4 2695s
 27074675 16714462   62.00000   81  140   71.00000   36.00000  49.3%   8.4 2700s
 27131606 16746965   70.00000   72  127   71.00000   36.00000  49.3%   8.4 2705s
 27168590 16784511   69.00000  118  124   71.00000   36.00000  49.3%   8.4 2710s
 27227283 16808561   67.00000   78  146   71.00000   36.00000  49.3%   8.4 2715s
 27258160 16841418   66.00000   78  134   71.00000   36.00000  49.3%   8.4 2720s
 27318108 16863940 infeasible  129        71.00000   36.00000  49.3%   8.4 2725s
 27349679 16899695   70.00000  137  157   71.00000   36.00000  49.3%   8.4 2730s
 27405962 16920907   66.00000   77  128   71.00000   36.00000  49.3%   8.4 2735s
 27458281 16953658   69.00000   92  142   71.00000   36.00000  49.3%   8.4 2740s
 27510304 16988367   60.00000  120  158   71.00000   36.00000  49.3%   8.4 2745s
 27565018 17022150   70.00000   94  104   71.00000   36.00000  49.3%   8.4 2750s
 27610534 17048269   53.00000   66  176   71.00000   36.00000  49.3%   8.4 2755s
 27663714 17083390   69.00000   90  112   71.00000   36.00000  49.3%   8.4 2760s
 27721613 17126573   61.00000   66  162   71.00000   36.00000  49.3%   8.4 2765s
 27771740 17148391   42.00000   85  164   71.00000   36.00000  49.3%   8.4 2770s
 27812421 17176412   70.00000   98   76   71.00000   36.00000  49.3%   8.4 2775s
 27872377 17211511   70.00000   83  124   71.00000   36.00000  49.3%   8.4 2780s
 27906450 17236248   70.00000  103  110   71.00000   36.00000  49.3%   8.4 2785s
 27966635 17272074   65.00000   92  113   71.00000   36.00000  49.3%   8.4 2790s
 28009238 17300658   70.00000  102  132   71.00000   36.00000  49.3%   8.4 2795s
 28061627 17333098   67.00000   91  169   71.00000   36.00000  49.3%   8.4 2800s
 28119213 17368381   70.00000   81  118   71.00000   36.00000  49.3%   8.4 2805s
 28153790 17393206   70.00000   93  125   71.00000   36.00000  49.3%   8.4 2810s
 28207482 17422927   67.00000   90  162   71.00000   36.00000  49.3%   8.4 2815s
 28258534 17455230   63.00000   90  144   71.00000   36.00000  49.3%   8.4 2820s
 28301685 17481474   55.00000  114  174   71.00000   36.00000  49.3%   8.4 2825s
 28353684 17513518     cutoff   96        71.00000   36.00000  49.3%   8.4 2830s
 28391248 17548854   62.00000   83  218   71.00000   36.00000  49.3%   8.4 2836s
 28447183 17567944   63.00000   96  196   71.00000   36.00000  49.3%   8.4 2840s
 28492263 17595466   62.00000  109  132   71.00000   36.00000  49.3%   8.4 2845s
 28541534 17627733   67.00000   79  164   71.00000   36.00000  49.3%   8.4 2850s
 28600513 17661311 infeasible  121        71.00000   36.00000  49.3%   8.4 2855s
 28636730 17684785   61.00000   96  176   71.00000   36.00000  49.3%   8.4 2860s
 28687641 17715749   70.00000  104  104   71.00000   36.00000  49.3%   8.4 2865s
 28733417 17756461   70.00000   83  192   71.00000   36.00000  49.3%   8.4 2870s
 28790272 17775546 infeasible   97        71.00000   36.00000  49.3%   8.4 2875s
 28825588 17813224   70.00000   66  142   71.00000   36.00000  49.3%   8.4 2881s
 28872066 17826922   67.00000   64  179   71.00000   36.00000  49.3%   8.4 2885s
 28915824 17868134   64.00000  101  167   71.00000   36.00000  49.3%   8.4 2891s
 28971304 17887726 infeasible  142        71.00000   36.00000  49.3%   8.4 2895s
 29028339 17918799   66.00000   89  108   71.00000   36.00000  49.3%   8.4 2900s
 29058821 17936479   36.00000   46  210   71.00000   36.00000  49.3%   8.4 2905s
 29099874 17976976   39.00000   90  206   71.00000   36.00000  49.3%   8.4 2911s
 29147642 17992003   70.00000   84  103   71.00000   36.00000  49.3%   8.4 2915s
 29193597 18029005   70.00000  118  108   71.00000   36.00000  49.3%   8.4 2920s
 29253187 18053484   65.00000   94  118   71.00000   36.00000  49.3%   8.4 2925s
 29303559 18082418   67.00000  100  153   71.00000   36.00000  49.3%   8.4 2930s
 29350883 18108246   67.00000   77  195   71.00000   36.00000  49.3%   8.4 2935s
 29396752 18137476 infeasible  130        71.00000   36.00000  49.3%   8.4 2940s
 29447387 18173025     cutoff   93        71.00000   36.00000  49.3%   8.4 2945s
 29499253 18207130   70.00000   96  108   71.00000   36.00000  49.3%   8.4 2950s
 29543601 18236605   45.00000   80  191   71.00000   36.00000  49.3%   8.4 2955s
 29596185 18268070   69.00000  121  102   71.00000   36.00000  49.3%   8.4 2960s
 29646964 18302910   36.00000   74  164   71.00000   36.00000  49.3%   8.4 2965s
 29693009 18332449   69.00000  106  171   71.00000   36.00000  49.3%   8.4 2970s
 29740674 18361392   59.00000   84  116   71.00000   36.00000  49.3%   8.4 2975s
 29793358 18398246   70.00000   92  120   71.00000   36.00000  49.3%   8.4 2980s
 29842716 18429773   67.00000   76  188   71.00000   36.00000  49.3%   8.4 2985s
 29895798 18464041   63.00000   84  168   71.00000   36.00000  49.3%   8.4 2990s
 29935796 18502604   59.00000   87  175   71.00000   36.00000  49.3%   8.4 2996s
 29993305 18526842   67.00000   78  142   71.00000   36.00000  49.3%   8.4 3000s
 30045317 18558328     cutoff   99        71.00000   36.00000  49.3%   8.4 3005s
 30099130 18595706   64.00000  101  162   71.00000   36.00000  49.3%   8.4 3010s
 30151751 18628095   48.00000  112  118   71.00000   36.00000  49.3%   8.4 3015s
 30202542 18662817   66.00000  100  157   71.00000   36.00000  49.3%   8.4 3020s
 30243327 18700132   66.00000   95  172   71.00000   36.00000  49.3%   8.4 3026s
 30295018 18723747 infeasible  106        71.00000   36.00000  49.3%   8.4 3030s
 30344711 18756713   65.00000   95  173   71.00000   36.00000  49.3%   8.4 3035s
 30395735 18787371   56.00000   96  138   71.00000   36.00000  49.3%   8.4 3040s
 30427080 18822353   68.00000  136  106   71.00000   36.00000  49.3%   8.4 3045s
 30483637 18845133   60.00000   78  160   71.00000   36.00000  49.3%   8.4 3050s
 30536586 18879556   70.00000   77  146   71.00000   36.00000  49.3%   8.4 3055s
 30587398 18911733   53.00000   86  156   71.00000   36.00000  49.3%   8.4 3060s
 30639744 18943147 infeasible  140        71.00000   36.00000  49.3%   8.4 3065s
 30677761 18984143   64.00000   70  170   71.00000   36.00000  49.3%   8.4 3071s
 30729810 19001555   64.00000   83  168   71.00000   36.00000  49.3%   8.4 3075s
 30780109 19035639   65.00000   71  147   71.00000   36.00000  49.3%   8.4 3080s
 30823711 19061849   36.00000   62  183   71.00000   36.00000  49.3%   8.4 3085s
 30869938 19092583   64.00000   89  179   71.00000   36.00000  49.3%   8.4 3090s
 30921889 19137343   52.00000   80  202   71.00000   36.00000  49.3%   8.4 3095s
 30971798 19158275   68.00000   94  198   71.00000   36.00000  49.3%   8.4 3100s
 31022358 19188486   63.00000   88  126   71.00000   36.00000  49.3%   8.4 3105s
 31070705 19219203   70.00000  100  106   71.00000   36.00000  49.3%   8.4 3110s
 31122973 19253647 infeasible  144        71.00000   36.00000  49.3%   8.4 3115s
 31164014 19281753   70.00000   99   94   71.00000   36.00000  49.3%   8.4 3120s
 31223915 19316893 infeasible   70        71.00000   36.00000  49.3%   8.4 3125s
 31270834 19349730   64.00000  108  123   71.00000   36.00000  49.3%   8.4 3130s
 31323038 19382139   53.00000   62  168   71.00000   36.00000  49.3%   8.4 3135s
 31375912 19417357   61.00000   62  174   71.00000   36.00000  49.3%   8.4 3140s
 31427764 19447840   44.00000   58  156   71.00000   36.00000  49.3%   8.4 3145s
 31477046 19478939   62.00000   86  184   71.00000   36.00000  49.3%   8.4 3150s
 31526091 19512854   56.00000   95  166   71.00000   36.00000  49.3%   8.4 3155s
 31574092 19540800   47.00000   74  210   71.00000   36.00000  49.3%   8.4 3160s
 31601886 19575685   61.00000  112  174   71.00000   36.00000  49.3%   8.4 3165s
 31666512 19599483   63.00000   55  168   71.00000   36.00000  49.3%   8.4 3170s
 31711387 19630854   65.00000   92  124   71.00000   36.00000  49.3%   8.4 3175s
 31755140 19672838   65.00000   66  136   71.00000   36.00000  49.3%   8.4 3181s
 31787290 19690112   60.00000   88  218   71.00000   36.00000  49.3%   8.4 3185s
 31853797 19720568 infeasible  102        71.00000   36.00000  49.3%   8.4 3190s
 31901474 19751159   67.00000   82  178   71.00000   36.00000  49.3%   8.4 3195s
 31935425 19785498   70.00000  103   56   71.00000   36.00000  49.3%   8.4 3200s
 31987036 19806290   68.00000   93  153   71.00000   36.00000  49.3%   8.4 3205s
 32027961 19832675   50.00000   82  146   71.00000   36.00000  49.3%   8.4 3210s
 32077337 19864340 infeasible   88        71.00000   36.00000  49.3%   8.4 3215s
 32120300 19905153   70.00000   61  128   71.00000   36.00000  49.3%   8.4 3221s
 32176871 19925027   69.00000   87  176   71.00000   36.00000  49.3%   8.4 3225s
 32233306 19962617   70.00000   93  204   71.00000   36.00000  49.3%   8.4 3230s
 32279034 19991480   69.00000  121  122   71.00000   36.00000  49.3%   8.4 3235s
 32333362 20024548 infeasible  100        71.00000   36.00000  49.3%   8.4 3240s
 32382100 20056326   70.00000  102  161   71.00000   36.00000  49.3%   8.4 3245s
 32431924 20089770   69.00000   75  140   71.00000   36.00000  49.3%   8.4 3250s
 32455930 20119566     cutoff   89        71.00000   36.00000  49.3%   8.4 3255s
 32517235 20143564   67.00000   80  175   71.00000   36.00000  49.3%   8.4 3260s
 32570395 20176885   64.00000   69  180   71.00000   36.00000  49.3%   8.4 3265s
 32617894 20207745 infeasible  103        71.00000   36.00000  49.3%   8.4 3270s
 32670255 20241693   45.00000   87  208   71.00000   36.00000  49.3%   8.4 3275s
 32727027 20274871   40.00000   50  146   71.00000   36.00000  49.3%   8.4 3280s
 32787870 20313815 infeasible  125        71.00000   36.00000  49.3%   8.4 3285s
 32827622 20341196   70.00000  127   84   71.00000   36.00000  49.3%   8.4 3290s
 32880570 20374368   67.00000   89  153   71.00000   36.00000  49.3%   8.4 3295s
 32933283 20406861 infeasible  111        71.00000   36.00000  49.3%   8.4 3300s
 32978820 20436523     cutoff  110        71.00000   36.00000  49.3%   8.4 3305s
 33030021 20472341   67.00000   89  132   71.00000   36.00000  49.3%   8.4 3310s
 33086933 20506142   70.00000  117   98   71.00000   36.00000  49.3%   8.4 3315s
 33136101 20536910   68.00000  128  117   71.00000   36.00000  49.3%   8.4 3320s
 33185814 20571061   47.00000   81  149   71.00000   36.00000  49.3%   8.4 3325s
 33229384 20600008   45.00000   61  144   71.00000   36.00000  49.3%   8.4 3330s
 33279243 20631862   70.00000   95  134   71.00000   36.00000  49.3%   8.4 3335s
 33317709 20667549     cutoff   87        71.00000   36.00000  49.3%   8.4 3340s
 33377993 20704439   69.00000   70  108   71.00000   36.00000  49.3%   8.4 3345s
 33437799 20730515   48.00000   79  156   71.00000   36.00000  49.3%   8.4 3350s
 33486476 20761701   51.00000   86  164   71.00000   36.00000  49.3%   8.4 3355s
 33531043 20792395   43.00000   63  162   71.00000   36.00000  49.3%   8.4 3360s
 33588804 20828482 infeasible  102        71.00000   36.00000  49.3%   8.4 3365s
 33632226 20858646   67.00000   79  187   71.00000   36.00000  49.3%   8.4 3370s
 33685357 20890526   64.00000  101  175   71.00000   36.00000  49.3%   8.4 3375s
 33736260 20923380     cutoff   96        71.00000   36.00000  49.3%   8.4 3380s
 33782949 20953864 infeasible  107        71.00000   36.00000  49.3%   8.4 3385s
 33833216 20987520   63.00000  111  138   71.00000   36.00000  49.3%   8.4 3390s
 33882877 21019689   69.00000   74  136   71.00000   36.00000  49.3%   8.4 3395s
 33930868 21051994   64.00000   75  122   71.00000   36.00000  49.3%   8.4 3400s
 33984705 21083388   62.00000   68  193   71.00000   36.00000  49.3%   8.4 3405s
 34033454 21116982   70.00000  106  128   71.00000   36.00000  49.3%   8.4 3410s
 34089806 21149727   61.00000   67  215   71.00000   36.00000  49.3%   8.4 3415s
 34120627 21171986   60.00000  106  126   71.00000   36.00000  49.3%   8.4 3420s
 34174042 21206276   70.00000   95  118   71.00000   36.00000  49.3%   8.4 3425s
 34219804 21233367   70.00000   96  139   71.00000   36.00000  49.3%   8.4 3430s
 34263055 21262124   68.00000   71  140   71.00000   36.00000  49.3%   8.4 3435s
 34306215 21304475   68.00000  121   79   71.00000   36.00000  49.3%   8.4 3441s
 34357823 21325275   70.00000  117  105   71.00000   36.00000  49.3%   8.4 3445s
 34399154 21352303   49.00000   90  195   71.00000   36.00000  49.3%   8.4 3450s
 34431747 21387964     cutoff   95        71.00000   36.00000  49.3%   8.4 3455s
 34492742 21413415   69.00000   74  138   71.00000   36.00000  49.3%   8.4 3460s
 34545593 21444675   70.00000   66  174   71.00000   36.00000  49.3%   8.4 3465s
 34594199 21477951   69.00000   70  124   71.00000   36.00000  49.3%   8.4 3470s
 34645955 21509433   70.00000  107  142   71.00000   36.00000  49.3%   8.4 3475s
 34696750 21545364 infeasible  119        71.00000   36.00000  49.3%   8.4 3480s
 34739426 21584988   52.00000   67  183   71.00000   36.00000  49.3%   8.4 3486s
 34792397 21603792   59.00000  115  147   71.00000   36.00000  49.3%   8.4 3490s
 34840119 21637655   69.00000   80  178   71.00000   36.00000  49.3%   8.4 3495s
 34897481 21674011   54.00000   83  192   71.00000   36.00000  49.3%   8.4 3500s
 34951572 21706798   70.00000   82  162   71.00000   36.00000  49.3%   8.4 3505s
 34982093 21745174   55.00000   83  208   71.00000   36.00000  49.3%   8.4 3510s
 35016308 21766111   68.00000  140  116   71.00000   36.00000  49.3%   8.4 3515s
 35099533 21800612   69.00000  100  124   71.00000   36.00000  49.3%   8.4 3520s
 35144162 21831714   48.00000   84  156   71.00000   36.00000  49.3%   8.4 3525s
 35194022 21864720   70.00000  123   83   71.00000   36.00000  49.3%   8.4 3530s
 35255737 21902486   67.00000  104  145   71.00000   36.00000  49.3%   8.4 3535s
 35292266 21927992   55.00000   88  200   71.00000   36.00000  49.3%   8.4 3540s
 35343435 21961574   50.00000   90  168   71.00000   36.00000  49.3%   8.4 3545s
 35398024 21995768   67.00000   83  140   71.00000   36.00000  49.3%   8.4 3550s
 35442225 22036435   70.00000   87   91   71.00000   36.00000  49.3%   8.4 3555s
 35499232 22058392   70.00000   77  124   71.00000   36.00000  49.3%   8.4 3560s
 35543417 22084877     cutoff   98        71.00000   36.00000  49.3%   8.4 3565s
 35596371 22117808 infeasible   82        71.00000   36.00000  49.3%   8.4 3570s
 35646270 22149953   67.00000  101  155   71.00000   36.00000  49.3%   8.4 3575s
 35692825 22192725   66.00000   96  122   71.00000   36.00000  49.3%   8.4 3581s
 35742213 22210769 infeasible  115        71.00000   36.00000  49.3%   8.4 3585s
 35786653 22238391   57.00000   53  153   71.00000   36.00000  49.3%   8.4 3590s
 35839154 22271160   45.00000   73  172   71.00000   36.00000  49.3%   8.4 3595s
 35879198 22297567   69.00000   75  134   71.00000   36.00000  49.3%   8.4 3600s

Explored 35882668 nodes (301049627 simplex iterations) in 3600.08 seconds (626.51 work units)
Thread count was 32 (of 32 available processors)

Solution count 10: 71 72 73 ... 80

Time limit reached
Best objective 7.100000000000e+01, best bound 3.600000000000e+01, gap 49.2958%
