
Gurobi 13.0.0 (linux64) logging started Wed Nov 26 02:01:03 2025

Set parameter LogFile to value "./Results/StripPacking-CutHeur/Logs/NU-010-StripPacking-50-0.log"
Set parameter TimeLimit to value 3600
Set parameter Cuts to value 0
Set parameter Presolve to value 1
Set parameter Heuristics to value 0
Set parameter LogToConsole to value 0
Set parameter LPWarmStart to value 2
Gurobi Optimizer version 13.0.0 build v13.0.0rc1 (linux64 - "Debian GNU/Linux 12 (bookworm)")

CPU model: Intel(R) Xeon(R) CPU E5-2630 v3 @ 2.40GHz, instruction set [SSE2|AVX|AVX2]
Thread count: 16 physical cores, 32 logical processors, using up to 32 threads

Non-default parameters:
TimeLimit  3600
LPWarmStart  2
Heuristics  0
Cuts  0
LogToConsole  0
Presolve  1

Optimize a model with 6175 rows, 5001 columns and 19700 nonzeros (Min)
Model fingerprint: 0xe0aed396
Model has 1 linear objective coefficients
Variable types: 101 continuous, 4900 integer (4900 binary)
Coefficient statistics:
  Matrix range     [1e+00, 1e+04]
  Objective range  [1e+00, 1e+00]
  Bounds range     [1e+00, 1e+04]
  RHS range        [1e+00, 1e+04]

Warning: Completing partial solution with 4900 unfixed non-continuous variables out of 4900
User MIP start produced solution with objective 191.6 (0.01s)
Loaded user MIP start with objective 191.6

Presolve time: 0.04s
Presolved: 6175 rows, 5001 columns, 19700 nonzeros
Variable types: 101 continuous, 4900 integer (4900 binary)

Root relaxation: objective 3.500000e+01, 2358 iterations, 0.04 seconds (0.03 work units)

    Nodes    |    Current Node    |     Objective Bounds      |     Work
 Expl Unexpl |  Obj  Depth IntInf | Incumbent    BestBd   Gap | It/Node Time

     0     0   35.00000    0  498  191.60000   35.00000  81.7%     -    0s
     0     0   35.00000    0  498  191.60000   35.00000  81.7%     -    0s
     0     0   35.00000    0  466  191.60000   35.00000  81.7%     -    0s
     0     2   35.00000    0  440  191.60000   35.00000  81.7%     -    0s
 10324  9806  109.00000  355  474  191.60000   35.00000  81.7%  10.6    5s
 15504 13665   35.00000   91  788  191.60000   35.00000  81.7%  11.7   10s
 24968 20160   78.00000  211  705  191.60000   35.00000  81.7%  11.2   15s
*30891 21324             623     191.0000000   35.00000  81.7%  11.1   17s
 34760 23431  141.00000  329  561  191.00000   35.00000  81.7%  11.0   20s
*35295 22980             550     190.0000000   35.00000  81.6%  11.0   20s
 46819 31777 infeasible  450       190.00000   35.00000  81.6%  10.9   25s
 61630 44971  188.00000  414  364  190.00000   35.00000  81.6%  10.6   30s
 74060 57986 infeasible  141       190.00000   35.00000  81.6%  10.7   35s
 86480 70725   89.00000   71  671  190.00000   35.00000  81.6%  10.8   40s
 91304 95881  138.00000  111  857  190.00000   35.00000  81.6%  10.9   54s
 119368 96064 infeasible  296       190.00000   35.00000  81.6%  10.8   56s
 120232 118686   99.00000   97  754  190.00000   35.00000  81.6%  10.9   62s
*141626 108164             366     189.0000000   35.00000  81.5%  10.7   63s
 146829 103387  182.00000  350  484  189.00000   35.00000  81.5%  10.6   65s
 167274 121336  188.00000  293  310  189.00000   35.00000  81.5%  10.5   70s
 185633 137010   72.00000  169  790  189.00000   35.00000  81.5%  10.5   75s
*186766 120963             480     188.0000000   35.00000  81.4%  10.5   75s
 204043 133527  134.00000  439  647  188.00000   35.00000  81.4%  10.5   80s
 220931 151466  143.00000  112  845  188.00000   35.00000  81.4%  10.6   85s
*235102 144416             498     187.0000000   35.00000  81.3%  10.6   89s
 235560 148286     cutoff  217       187.00000   35.00000  81.3%  10.6   90s
 250804 158245  153.00000  344  622  187.00000   35.00000  81.3%  10.5   95s
 263211 172222   43.00000   66  872  187.00000   35.00000  81.3%  10.6  100s
 284350 191003   43.00000   66  780  187.00000   35.00000  81.3%  10.6  105s
 299429 203434 infeasible  266       187.00000   35.00000  81.3%  10.7  110s
*309350 190896             469     186.0000000   35.00000  81.2%  10.7  114s
 309956 199611   75.00000  164  829  186.00000   35.00000  81.2%  10.7  115s
 336469 218037 infeasible  229       186.00000   35.00000  81.2%  10.7  120s
 357572 231815   76.00000  123  809  186.00000   35.00000  81.2%  10.6  125s
*365677 221415             439     185.0000000   35.00000  81.1%  10.6  128s
 372955 223544  126.00000  159  648  185.00000   35.00000  81.1%  10.6  130s
 388260 236516  184.00000  225  577  185.00000   35.00000  81.1%  10.6  135s
 403755 249804  121.00000   99  725  185.00000   35.00000  81.1%  10.6  140s
 419487 263628 infeasible  318       185.00000   35.00000  81.1%  10.6  145s
 428243 297569   94.00000  194  622  185.00000   35.00000  81.1%  10.7  156s
*432465 273981             468     184.0000000   35.00000  81.0%  10.7  156s
 460209 289687   35.00000   67  936  184.00000   35.00000  81.0%  10.6  165s
*462722 278714             463     183.0000000   35.00000  80.9%  10.6  165s
 494090 288289  182.00000  383  234  183.00000   35.00000  80.9%  10.7  170s
 521109 309764  182.00000  412   93  183.00000   35.00000  80.9%  10.6  175s
 525121 336590  156.00000  166  786  183.00000   35.00000  80.9%  10.6  182s
*553116 318673             594     182.0000000   35.00000  80.8%  10.7  182s
 555761 342822  165.00000  232  808  182.00000   35.00000  80.8%  10.7  194s
*562332 330546             511     181.0000000   35.00000  80.7%  10.7  194s
 585761 330546  136.00000  306  637  181.00000   35.00000  80.7%  10.7  195s
 588208 352871   74.00000  104  814  181.00000   35.00000  80.7%  10.8  203s
 619543 353270  144.00000  178  667  181.00000   35.00000  80.7%  10.7  205s
 620014 380364  162.00000  192  651  181.00000   35.00000  80.7%  10.7  210s
 652400 391751  103.00000   89  890  181.00000   35.00000  80.7%  10.7  218s
*655863 368336             449     180.0000000   35.00000  80.6%  10.7  218s
 664739 373471  178.00000  324  446  180.00000   35.00000  80.6%  10.7  220s
 691933 393020  170.00000  421  708  180.00000   35.00000  80.6%  10.8  225s
 714015 409802 infeasible  342       180.00000   35.00000  80.6%  10.8  231s
 724819 421151  179.00000  433  134  180.00000   35.00000  80.6%  10.8  235s
 745894 439045  178.00000  196  732  180.00000   35.00000  80.6%  10.8  241s
 765657 454972  173.00000  117  784  180.00000   35.00000  80.6%  10.8  245s
 781440 468412  179.00000  215  432  180.00000   35.00000  80.6%  10.8  250s
 801099 482099  173.00000  184  667  180.00000   35.00000  80.6%  10.8  255s
 817634 499116  178.00000  299  366  180.00000   35.00000  80.6%  10.8  260s
*823690 467700             480     179.0000000   35.00000  80.4%  10.8  262s
 835117 478565  178.00000  304  427  179.00000   35.00000  80.4%  10.8  265s
*839407 457283             436     178.0000000   35.00000  80.3%  10.8  267s
 839895 481078  135.00000   90  733  178.00000   35.00000  80.3%  10.8  271s
 872832 488346  175.00000  277  684  178.00000   35.00000  80.3%  10.8  275s
 888992 502270   70.00000   85 1004  178.00000   35.00000  80.3%  10.8  280s
 908901 518362   50.00000   91  883  178.00000   35.00000  80.3%  10.7  285s
 923923 531315  122.00000  265  724  178.00000   35.00000  80.3%  10.7  290s
 942638 547195 infeasible  488       178.00000   35.00000  80.3%  10.7  295s
 958664 570256  156.00000  126  636  178.00000   35.00000  80.3%  10.7  302s
 978339 578392  159.00000  130  830  178.00000   35.00000  80.3%  10.7  305s
 999102 595585  176.00000  320  406  178.00000   35.00000  80.3%  10.7  310s
 1013254 607982  170.00000  200  676  178.00000   35.00000  80.3%  10.7  315s
 1026321 619201   59.00000   93  986  178.00000   35.00000  80.3%  10.7  320s
 1043843 633675  117.00000  293  697  178.00000   35.00000  80.3%  10.7  325s
*1048848 593130             527     177.0000000   35.00000  80.2%  10.7  327s
 1050898 598282  134.00000  380  537  177.00000   35.00000  80.2%  10.7  330s
 1071962 614005  113.00000   77  765  177.00000   35.00000  80.2%  10.7  335s
 1086562 623620  175.00000  246  620  177.00000   35.00000  80.2%  10.7  340s
 1099678 637745   68.00000   97  957  177.00000   35.00000  80.2%  10.7  345s
 1111503 671129  141.00000  244  846  177.00000   35.00000  80.2%  10.8  355s
 1143906 692333  150.00000  109  643  177.00000   35.00000  80.2%  10.8  362s
 1168865 693088  128.00000  225  658  177.00000   35.00000  80.2%  10.8  366s
 1179818 706361  167.00000  134  775  177.00000   35.00000  80.2%  10.8  370s
 1192063 717163  176.00000  365  240  177.00000   35.00000  80.2%  10.8  375s
 1214125 734014  176.00000  293  523  177.00000   35.00000  80.2%  10.7  380s
 1229501 746194   57.00000  120  821  177.00000   35.00000  80.2%  10.7  385s
 1236854 762113   93.00000  220  665  177.00000   35.00000  80.2%  10.8  390s
 1263164 776262  150.00000  554  284  177.00000   35.00000  80.2%  10.8  395s
 1267851 803255  127.00000   85  727  177.00000   35.00000  80.2%  10.8  402s
 1300259 826506   56.00000   94  737  177.00000   35.00000  80.2%  10.8  409s
 1327025 826732  120.00000  244  733  177.00000   35.00000  80.2%  10.8  410s
 1331187 857191   84.00000  135  867  177.00000   35.00000  80.2%  10.8  418s
 1363187 857486   74.00000  104  714  177.00000   35.00000  80.2%  10.8  420s
 1363626 881504  150.00000  117  623  177.00000   35.00000  80.2%  10.8  426s
 1392222 884965   91.00000  207  853  177.00000   35.00000  80.2%  10.8  430s
 1402741 895305  116.00000  358  686  177.00000   35.00000  80.2%  10.8  435s
 1420366 910465  158.00000  583  310  177.00000   35.00000  80.2%  10.8  440s
 1437258 923654   82.00000  106  807  177.00000   35.00000  80.2%  10.8  445s
 1455996 940632  174.00000  377  277  177.00000   35.00000  80.2%  10.9  450s
 1476709 953974   57.00000   91  786  177.00000   35.00000  80.2%  10.9  455s
 1493178 967518     cutoff  296       177.00000   35.00000  80.2%  10.9  460s
*1500111 891801             495     176.0000000   35.00000  80.1%  10.9  463s
 1508932 898676   77.00000  101  745  176.00000   35.00000  80.1%  10.9  465s
*1509011 856384             459     175.0000000   35.00000  80.0%  10.9  466s
 1519565 867216   57.00000   89  933  175.00000   35.00000  80.0%  10.9  470s
 1535927 880491   58.00000   49  700  175.00000   35.00000  80.0%  10.9  475s
 1551601 894677  174.00000  249  517  175.00000   35.00000  80.0%  10.9  480s
 1567916 907673  124.00000  265  630  175.00000   35.00000  80.0%  10.9  485s
 1581917 919986   73.00000  108  808  175.00000   35.00000  80.0%  10.9  490s
 1598406 933955  148.00000  318  563  175.00000   35.00000  80.0%  10.9  495s
 1611069 966369   77.00000   99  990  175.00000   35.00000  80.0%  10.9  504s
 1643029 966693 infeasible  444       175.00000   35.00000  80.0%  10.9  506s
 1643473 989437   91.00000   87  628  175.00000   35.00000  80.0%  10.9  511s
 1670112 990015  157.00000  221  819  175.00000   35.00000  80.0%  11.0  515s
 1687034 1006848  172.00000  364  367  175.00000   35.00000  80.0%  11.0  520s
 1706629 1023485   86.00000   89  712  175.00000   35.00000  80.0%  11.0  525s
 1725288 1035597  144.00000  112  822  175.00000   35.00000  80.0%  11.0  531s
 1738807 1050468  170.00000  185  704  175.00000   35.00000  80.0%  11.0  535s
 1751314 1058163  174.00000  236  567  175.00000   35.00000  80.0%  11.0  540s
*1751765 994799             464     174.0000000   35.00000  79.9%  11.0  541s
 1765563 1006323  160.00000  172  641  174.00000   35.00000  79.9%  11.0  545s
 1766032 1032164  166.00000  185  593  174.00000   35.00000  79.9%  11.0  550s
 1797118 1059150   74.00000  117  864  174.00000   35.00000  79.9%  11.0  558s
 1829118 1059520  157.00000  150  702  174.00000   35.00000  79.9%  11.0  561s
 1829542 1067735  169.00000  163  677  174.00000   35.00000  79.9%  11.0  566s
*1831735 1022684             437     173.0000000   35.00000  79.8%  11.0  567s
 1838926 1031123   97.00000   72  677  173.00000   35.00000  79.8%  11.0  570s
 1866416 1046987  171.00000  219  593  173.00000   35.00000  79.8%  11.0  575s
 1892045 1068083  167.00000  134  751  173.00000   35.00000  79.8%  11.0  580s
 1914550 1086277  149.00000  132  706  173.00000   35.00000  79.8%  11.0  585s
 1937184 1104014  172.00000  249  551  173.00000   35.00000  79.8%  11.0  590s
 1955923 1120629  170.00000  248  707  173.00000   35.00000  79.8%  11.1  595s
 1970264 1132524  172.00000  297  415  173.00000   35.00000  79.8%  11.1  600s
 1987086 1145977  165.00000  196  794  173.00000   35.00000  79.8%  11.1  605s
 2002375 1158683  172.00000  285  412  173.00000   35.00000  79.8%  11.0  610s
*2008583 1103040             543     172.0000000   35.00000  79.7%  11.0  611s
 2014646 1109504  171.00000  197  705  172.00000   35.00000  79.7%  11.0  615s
 2037291 1127450  106.00000  209  739  172.00000   35.00000  79.7%  11.0  620s
 2052604 1140608  171.00000  151  701  172.00000   35.00000  79.7%  11.1  625s
 2072268 1156059   98.00000  154  790  172.00000   35.00000  79.7%  11.1  630s
 2091409 1172764  170.00000  221  589  172.00000   35.00000  79.7%  11.1  635s
 2106705 1185750  170.00000  339  433  172.00000   35.00000  79.7%  11.1  640s
 2122605 1199026  169.00000  204  708  172.00000   35.00000  79.7%  11.1  645s
 2143180 1212864  168.00000  265  777  172.00000   35.00000  79.7%  11.1  650s
 2159118 1228862  170.00000  165  645  172.00000   35.00000  79.7%  11.1  655s
*2178593 1185241             542     171.0000000   35.00000  79.5%  11.1  661s
 2186266 1194108  160.00000   99  647  171.00000   35.00000  79.5%  11.1  665s
 2201011 1228135   95.00000   72  751  171.00000   35.00000  79.5%  11.1  675s
 2232119 1254198   45.00000   68  798  171.00000   35.00000  79.5%  11.1  682s
 2264081 1254514  165.00000  173  764  171.00000   35.00000  79.5%  11.1  685s
 2264475 1257984  165.00000  184  754  171.00000   35.00000  79.5%  11.1  692s
 2268281 1277771  170.00000  286  407  171.00000   35.00000  79.5%  11.1  696s
 2298186 1286215  116.00000  202  788  171.00000   35.00000  79.5%  11.1  700s
 2319482 1303509   46.00000   63  746  171.00000   35.00000  79.5%  11.1  705s
 2341301 1321247  114.00000  163  833  171.00000   35.00000  79.5%  11.1  710s
 2358557 1335852  167.00000  189  704  171.00000   35.00000  79.5%  11.1  716s
 2377442 1350961  170.00000  300  240  171.00000   35.00000  79.5%  11.1  720s
 2400291 1368701  114.00000   75  740  171.00000   35.00000  79.5%  11.0  725s
 2416020 1382405  169.00000  187  685  171.00000   35.00000  79.5%  11.1  730s
 2438495 1400236   60.00000   93  834  171.00000   35.00000  79.5%  11.0  735s
 2458883 1413744  113.00000  132  857  171.00000   35.00000  79.5%  11.0  740s
 2476003 1431098   72.00000   67  736  171.00000   35.00000  79.5%  11.0  745s
 2495562 1443942 infeasible  223       171.00000   35.00000  79.5%  11.0  750s
 2515790 1463912  164.00000  225  638  171.00000   35.00000  79.5%  11.0  755s
 2532281 1477222  108.00000  113  823  171.00000   35.00000  79.5%  11.0  760s
 2550999 1490424  133.00000  298  707  171.00000   35.00000  79.5%  11.1  766s
 2564890 1505651  165.00000  225  662  171.00000   35.00000  79.5%  11.1  770s
 2577439 1539171   68.00000   80  846  171.00000   35.00000  79.5%  11.1  780s
 2609806 1566007  169.00000  235  578  171.00000   35.00000  79.5%  11.1  788s
 2641806 1566293  170.00000  242  621  171.00000   35.00000  79.5%  11.1  790s
 2642198 1569770  170.00000  258  569  171.00000   35.00000  79.5%  11.1  796s
 2646063 1595291  170.00000  412   72  171.00000   35.00000  79.5%  11.1  801s
 2680846 1601338  165.00000  122  724  171.00000   35.00000  79.5%  11.1  805s
 2698008 1615856 infeasible  203       171.00000   35.00000  79.5%  11.1  810s
 2717007 1630868  161.00000  176  703  171.00000   35.00000  79.5%  11.1  815s
 2737835 1648582  122.00000  197  791  171.00000   35.00000  79.5%  11.1  820s
 2759537 1665826  162.00000  514  353  171.00000   35.00000  79.5%  11.1  825s
 2776979 1681332  103.00000  186  677  171.00000   35.00000  79.5%  11.1  830s
 2799514 1699156  168.00000  209  613  171.00000   35.00000  79.5%  11.1  835s
 2816941 1713915  169.00000  187  722  171.00000   35.00000  79.5%  11.1  840s
 2832446 1726928  169.00000  259  432  171.00000   35.00000  79.5%  11.1  845s
 2849055 1737367  133.00000  180  690  171.00000   35.00000  79.5%  11.1  850s
 2866915 1754235   35.00000   60  840  171.00000   35.00000  79.5%  11.1  855s
 2884493 1770698  121.00000  298  517  171.00000   35.00000  79.5%  11.1  860s
 2896118 1780265  134.00000  450  427  171.00000   35.00000  79.5%  11.1  865s
 2915984 1794850  128.00000  130  746  171.00000   35.00000  79.5%  11.1  870s
 2930650 1808355  123.00000  108  791  171.00000   35.00000  79.5%  11.1  875s
 2950310 1824368  170.00000  222  473  171.00000   35.00000  79.5%  11.1  880s
 2969781 1839984  170.00000  297  477  171.00000   35.00000  79.5%  11.1  885s
 2987311 1851896  170.00000  199  684  171.00000   35.00000  79.5%  11.1  890s
 3004631 1869220  124.00000   76  892  171.00000   35.00000  79.5%  11.1  895s
 3024724 1886112  130.00000  127  784  171.00000   35.00000  79.5%  11.1  900s
 3041684 1899981  170.00000  214  690  171.00000   35.00000  79.5%  11.1  905s
 3061386 1915658  170.00000  190  668  171.00000   35.00000  79.5%  11.1  910s
 3080702 1929297 infeasible  294       171.00000   35.00000  79.5%  11.1  915s
 3096191 1944812  156.00000  186  756  171.00000   35.00000  79.5%  11.1  920s
 3111860 1959037  166.00000  272  567  171.00000   35.00000  79.5%  11.1  925s
 3127697 1972330  167.00000  159  825  171.00000   35.00000  79.5%  11.1  930s
 3144177 1986782   58.00000   70  800  171.00000   35.00000  79.5%  11.1  935s
 3167320 2002356 infeasible  179       171.00000   35.00000  79.5%  11.1  941s
 3179899 2016564  170.00000  169  636  171.00000   35.00000  79.5%  11.1  946s
 3196896 2027361 infeasible  322       171.00000   35.00000  79.5%  11.1  950s
 3197309 2050831   68.00000   78  816  171.00000   35.00000  79.5%  11.1  957s
 3226800 2054017  170.00000  236  270  171.00000   35.00000  79.5%  11.1  965s
 3230144 2075677  170.00000  280  138  171.00000   35.00000  79.5%  11.1  970s
 3270837 2089854 infeasible  242       171.00000   35.00000  79.5%  11.1  975s
 3291181 2106427  170.00000  296  480  171.00000   35.00000  79.5%  11.1  980s
 3312156 2124659  138.00000  255  665  171.00000   35.00000  79.5%  11.1  985s
 3334046 2142341  107.00000  128  852  171.00000   35.00000  79.5%  11.2  990s
 3352702 2157762   91.00000   97  843  171.00000   35.00000  79.5%  11.2  995s
 3368215 2171124  170.00000  220  611  171.00000   35.00000  79.5%  11.2 1000s
 3387755 2184526 infeasible  434       171.00000   35.00000  79.5%  11.1 1005s
 3404171 2197865  137.00000  108  763  171.00000   35.00000  79.5%  11.2 1010s
 3420899 2214829  132.00000  295  703  171.00000   35.00000  79.5%  11.2 1015s
 3440462 2230193  166.00000  118  712  171.00000   35.00000  79.5%  11.2 1020s
 3460629 2246869   81.00000   62  648  171.00000   35.00000  79.5%  11.2 1025s
 3476781 2260483   81.00000  103  816  171.00000   36.00000  78.9%  11.2 1030s
 3495149 2276413   61.00000   57  770  171.00000   36.00000  78.9%  11.2 1035s
 3511500 2289406  166.00000  165  677  171.00000   36.00000  78.9%  11.2 1040s
 3530101 2304928  162.00000  201  708  171.00000   36.00000  78.9%  11.2 1045s
 3546797 2318244   73.00000   80  928  171.00000   36.00000  78.9%  11.2 1050s
 3561233 2331432  143.00000  269  654  171.00000   36.00000  78.9%  11.2 1055s
 3577070 2344923  153.00000  470  464  171.00000   36.00000  78.9%  11.2 1060s
 3594780 2359267 infeasible  354       171.00000   36.00000  78.9%  11.2 1065s
 3612679 2373831  166.00000  240  691  171.00000   36.00000  78.9%  11.2 1070s
 3632506 2390372 infeasible  313       171.00000   36.00000  78.9%  11.2 1075s
 3651229 2406017  104.00000  210  780  171.00000   36.00000  78.9%  11.2 1080s
 3666280 2418992   90.00000   94  719  171.00000   36.00000  78.9%  11.2 1085s
 3687814 2436902  137.00000  341  806  171.00000   36.00000  78.9%  11.2 1091s
 3704313 2449473  169.00000  117  752  171.00000   36.00000  78.9%  11.2 1095s
 3722090 2464658  170.00000  171  592  171.00000   36.00000  78.9%  11.2 1100s
 3741446 2478471     cutoff  275       171.00000   36.00000  78.9%  11.2 1105s
 3756718 2491392   72.00000  118  825  171.00000   36.00000  78.9%  11.2 1111s
 3772749 2505751  132.00000  322  505  171.00000   36.00000  78.9%  11.2 1115s
 3787290 2520159   51.00000   92  901  171.00000   36.00000  78.9%  11.2 1120s
 3808734 2535238  170.00000  210  521  171.00000   36.00000  78.9%  11.2 1125s
 3825386 2548775 infeasible  310       171.00000   36.00000  78.9%  11.2 1130s
 3845845 2566809  162.00000  302  571  171.00000   36.00000  78.9%  11.2 1135s
 3859871 2580930  170.00000  358  391  171.00000   37.00000  78.4%  11.2 1140s
 3876008 2593888  170.00000  367  349  171.00000   37.00000  78.4%  11.2 1145s
 3890920 2607125  170.00000  198  647  171.00000   37.00000  78.4%  11.2 1150s
 3903333 2618441   73.00000  108  771  171.00000   37.00000  78.4%  11.2 1155s
 3919512 2631212   55.00000  106 1022  171.00000   37.00000  78.4%  11.2 1160s
 3938616 2647652   90.00000   77  785  171.00000   37.00000  78.4%  11.2 1165s
 3954809 2660676  156.00000  203  738  171.00000   37.00000  78.4%  11.2 1170s
 3974006 2675748   84.00000  123  805  171.00000   37.00000  78.4%  11.2 1175s
 3984211 2685805  124.00000  279  517  171.00000   37.00000  78.4%  11.2 1180s
 4000161 2721335  158.00000  495  274  171.00000   37.00000  78.4%  11.2 1196s
 4031519 2724555  170.00000  268  469  171.00000   37.00000  78.4%  11.2 1204s
 4034770 2749842  170.00000  387  231  171.00000   37.00000  78.4%  11.2 1209s
 4066211 2752370  170.00000  446  122  171.00000   37.00000  78.4%  11.2 1211s
 4080889 2765005  167.00000  251  660  171.00000   37.00000  78.4%  11.2 1215s
 4100082 2780489  108.00000  201  852  171.00000   37.00000  78.4%  11.2 1220s
 4118122 2795295  170.00000  256  460  171.00000   37.00000  78.4%  11.2 1225s
 4140594 2813277  169.00000  324  396  171.00000   37.00000  78.4%  11.2 1230s
 4162892 2831782  132.00000  311  536  171.00000   37.00000  78.4%  11.2 1235s
 4177034 2843101  164.00000  229  638  171.00000   37.00000  78.4%  11.2 1240s
 4191493 2856115  102.00000  162  698  171.00000   37.00000  78.4%  11.2 1245s
 4203661 2866900  135.00000  320  427  171.00000   37.00000  78.4%  11.2 1250s
 4216413 2899875  139.00000  477  254  171.00000   37.00000  78.4%  11.2 1258s
 4248413 2900200  169.00000  262  458  171.00000   37.00000  78.4%  11.2 1261s
 4248846 2924467  169.00000  275  389  171.00000   37.00000  78.4%  11.2 1266s
 4278661 2932277  169.00000  311  439  171.00000   37.00000  78.4%  11.2 1274s
*4284053 2575383             446     170.0000000   37.00000  78.2%  11.2 1279s
 4287318 2582958   52.00000   86  628  170.00000   37.00000  78.2%  11.2 1281s
 4315369 2598684  169.00000  284  521  170.00000   37.00000  78.2%  11.2 1285s
 4331977 2612538  134.00000  227  519  170.00000   37.00000  78.2%  11.2 1290s
 4348959 2627166  146.00000  450  348  170.00000   37.00000  78.2%  11.2 1295s
 4367808 2642888  169.00000  285  472  170.00000   37.00000  78.2%  11.2 1300s
 4383562 2656406  169.00000  272  499  170.00000   37.00000  78.2%  11.2 1305s
 4400427 2670124  150.00000  143  811  170.00000   37.00000  78.2%  11.2 1311s
 4415489 2683409     cutoff  241       170.00000   37.00000  78.2%  11.2 1315s
 4436589 2700106   94.00000   89  800  170.00000   37.00000  78.2%  11.2 1320s
 4452851 2713564  169.00000  324  252  170.00000   37.00000  78.2%  11.2 1325s
 4471419 2725470   74.00000   70  735  170.00000   37.00000  78.2%  11.2 1330s
 4486288 2741317   99.00000  124  722  170.00000   37.00000  78.2%  11.2 1335s
 4496758 2750469  143.00000  275  627  170.00000   37.00000  78.2%  11.2 1340s
 4512874 2764534  165.00000  221  693  170.00000   37.00000  78.2%  11.2 1345s
 4529926 2775549  168.00000  302  501  170.00000   37.00000  78.2%  11.2 1350s
 4543779 2786497  169.00000  152  743  170.00000   37.00000  78.2%  11.2 1355s
 4559237 2799221  144.00000  196  755  170.00000   37.00000  78.2%  11.2 1360s
 4571938 2813055  115.00000  138  702  170.00000   37.00000  78.2%  11.2 1365s
 4587694 2823583  169.00000  140  708  170.00000   37.00000  78.2%  11.2 1371s
 4588081 2849464  169.00000  147  699  170.00000   37.00000  78.2%  11.2 1377s
 4618929 2849682  155.00000  135  821  170.00000   37.00000  78.2%  11.2 1380s
 4619325 2852900  155.00000  144  811  170.00000   37.00000  78.2%  11.2 1386s
 4622867 2877842  169.00000  244  407  170.00000   37.00000  78.2%  11.2 1391s
 4662235 2886678  168.00000  199  693  170.00000   37.00000  78.2%  11.2 1395s
 4682101 2903858  138.00000  349  669  170.00000   37.00000  78.2%  11.2 1400s
 4704264 2921072  167.00000  182  655  170.00000   37.00000  78.2%  11.2 1405s
 4720888 2935343  153.00000  238  577  170.00000   37.00000  78.2%  11.2 1410s
 4742582 2952964  169.00000  445   86  170.00000   37.00000  78.2%  11.2 1415s
 4764640 2971387  139.00000  244  666  170.00000   37.00000  78.2%  11.2 1420s
 4780080 3006307  169.00000  293  371  170.00000   37.00000  78.2%  11.2 1429s
 4812080 3006637  165.00000   87  625  170.00000   37.00000  78.2%  11.1 1431s
 4812512 3025820  165.00000  105  592  170.00000   37.00000  78.2%  11.1 1437s
 4834862 3030860  132.00000  192  744  170.00000   37.00000  78.2%  11.1 1440s
 4853134 3045493   77.00000  111  821  170.00000   37.00000  78.2%  11.2 1445s
 4871937 3060987  155.00000  125  879  170.00000   37.00000  78.2%  11.1 1450s
 4885404 3069552  169.00000  202  555  170.00000   37.00000  78.2%  11.2 1455s
 4903479 3087872   80.00000  118  896  170.00000   37.00000  78.2%  11.2 1460s
 4923605 3104776  139.00000  451  425  170.00000   37.00000  78.2%  11.2 1465s
 4943769 3119368  167.00000  145  718  170.00000   37.00000  78.2%  11.2 1470s
 4958426 3133143 infeasible  330       170.00000   37.00000  78.2%  11.2 1475s
 4974214 3146603   53.00000   67  963  170.00000   37.00000  78.2%  11.2 1480s
 4994599 3162839   91.00000  173  766  170.00000   37.00000  78.2%  11.2 1485s
 5009852 3176119  150.00000  418  482  170.00000   37.00000  78.2%  11.2 1490s
 5026563 3189611  166.00000  283  452  170.00000   37.00000  78.2%  11.2 1495s
 5043722 3202625   44.00000   78  923  170.00000   37.00000  78.2%  11.2 1500s
 5061869 3218904  144.00000  273  656  170.00000   37.00000  78.2%  11.2 1505s
 5074028 3229407  165.00000  218  663  170.00000   37.00000  78.2%  11.2 1510s
 5094854 3246732   73.00000   91  862  170.00000   37.00000  78.2%  11.2 1515s
 5115063 3260060   67.00000  106  986  170.00000   37.00000  78.2%  11.2 1520s
 5131350 3273942  130.00000  276  698  170.00000   37.00000  78.2%  11.2 1525s
 5144366 3288075  154.00000  170  621  170.00000   37.00000  78.2%  11.2 1530s
 5160657 3300860  169.00000  332  288  170.00000   37.00000  78.2%  11.2 1535s
 5178873 3316563   90.00000   79  809  170.00000   37.00000  78.2%  11.2 1540s
 5194774 3330062   87.00000   84  788  170.00000   37.00000  78.2%  11.2 1545s
 5213916 3345474  108.00000  160  661  170.00000   37.00000  78.2%  11.2 1550s
 5229868 3359214  157.00000  360  409  170.00000   37.00000  78.2%  11.2 1555s
 5250132 3372814  167.00000  160  722  170.00000   37.00000  78.2%  11.2 1561s
 5250559 3398534  167.00000  171  700  170.00000   37.00000  78.2%  11.2 1568s
 5282535 3398875  113.00000   65  788  170.00000   37.00000  78.2%  11.2 1570s
 5282948 3423515  168.00000   72  731  170.00000   37.00000  78.2%  11.2 1575s
 5313539 3430813   72.00000  103  759  170.00000   37.00000  78.2%  11.2 1583s
 5321300 3439789  166.00000  188  624  170.00000   37.00000  78.2%  11.2 1585s
*5330288 3091682             441     169.0000000   37.00000  78.1%  11.2 1590s
 5351203 3107818  142.00000  131  729  169.00000   37.00000  78.1%  11.2 1595s
 5373129 3126183  105.00000  180  680  169.00000   37.00000  78.1%  11.2 1600s
 5395362 3143521  137.00000  584  380  169.00000   37.00000  78.1%  11.2 1605s
 5415246 3159895   85.00000  126  870  169.00000   37.00000  78.1%  11.1 1610s
 5433452 3175198  126.00000  435  665  169.00000   37.00000  78.1%  11.2 1615s
 5447696 3184689   66.00000   85  877  169.00000   37.00000  78.1%  11.2 1620s
 5463575 3197599     cutoff  332       169.00000   37.00000  78.1%  11.1 1625s
 5464004 3221471   52.00000   71  981  169.00000   37.00000  78.1%  11.1 1631s
 5491962 3223125  140.00000  239  816  169.00000   37.00000  78.1%  11.2 1635s
 5504520 3236015  164.00000  402  441  169.00000   37.00000  78.1%  11.2 1640s
*5511605 3038882             497     168.0000000   37.00000  78.0%  11.1 1646s
 5521897 3049758   89.00000  110  800  168.00000   37.00000  78.0%  11.2 1650s
 5537558 3062947  153.00000  373  537  168.00000   37.00000  78.0%  11.2 1655s
 5556808 3078413  146.00000  142  746  168.00000   37.00000  78.0%  11.2 1661s
 5572967 3090982   58.00000  118  871  168.00000   37.00000  78.0%  11.2 1665s
 5589192 3104748 infeasible  431       168.00000   37.00000  78.0%  11.2 1670s
 5607886 3120357  163.00000  268  752  168.00000   37.00000  78.0%  11.2 1675s
 5623597 3132767     cutoff  178       168.00000   37.00000  78.0%  11.2 1680s
 5643342 3145863  167.00000  256  396  168.00000   37.00000  78.0%  11.2 1685s
 5659789 3159046   60.00000   98  968  168.00000   37.00000  78.0%  11.2 1690s
 5677588 3174626  156.00000  407  557  168.00000   37.00000  78.0%  11.2 1695s
 5688592 3187293  165.00000  130  734  168.00000   37.00000  78.0%  11.2 1700s
 5705223 3200426  125.00000  146  807  168.00000   37.00000  78.0%  11.2 1705s
 5723765 3213205 infeasible  383       168.00000   37.00000  78.0%  11.2 1710s
 5737573 3227786  167.00000  313  465  168.00000   37.00000  78.0%  11.2 1715s
 5754356 3241602  136.00000  265  720  168.00000   37.00000  78.0%  11.2 1720s
 5774910 3255628  110.00000  119  749  168.00000   37.00000  78.0%  11.2 1725s
 5790311 3268693  167.00000  228  519  168.00000   37.00000  78.0%  11.2 1730s
 5803480 3302421   69.00000  115  772  168.00000   37.00000  78.0%  11.2 1739s
 5832834 3302726   38.00000   83 1026  168.00000   37.00000  78.0%  11.2 1741s
 5833241 3315976   79.00000   94  928  168.00000   37.00000  78.0%  11.2 1747s
 5856754 3323533 infeasible  281       168.00000   38.00000  77.4%  11.2 1750s
 5875255 3341070  167.00000  390  370  168.00000   38.00000  77.4%  11.2 1755s
 5894822 3357336  167.00000  268  507  168.00000   38.00000  77.4%  11.2 1760s
 5913365 3373026  145.00000  403  482  168.00000   38.00000  77.4%  11.2 1765s
 5928954 3386150   66.00000   73  960  168.00000   38.00000  77.4%  11.2 1770s
 5945020 3399077  167.00000  190  571  168.00000   38.00000  77.4%  11.2 1775s
 5959844 3412632   81.00000   72  976  168.00000   38.00000  77.4%  11.2 1780s
 5977398 3425732  165.00000  219  719  168.00000   38.00000  77.4%  11.2 1785s
 5987457 3458187   95.00000  161  691  168.00000   38.00000  77.4%  11.2 1794s
 6009457 3458187   74.00000  119  716  168.00000   38.00000  77.4%  11.2 1795s
 6019909 3471074  150.00000  142  802  168.00000   38.00000  77.4%  11.2 1802s
 6040092 3480027  166.00000  451  349  168.00000   38.00000  77.4%  11.2 1805s
*6040216 3282280             569     167.0000000   38.00000  77.2%  11.2 1810s
 6055015 3292083  166.00000  172  664  167.00000   38.00000  77.2%  11.2 1815s
 6076000 3308330   81.00000  104  976  167.00000   38.00000  77.2%  11.2 1820s
 6082245 3337337   61.00000  112  763  167.00000   38.00000  77.2%  11.2 1828s
 6114078 3337688  163.00000  182  642  167.00000   38.00000  77.2%  11.2 1831s
 6114525 3363458  163.00000  193  654  167.00000   38.00000  77.2%  11.2 1836s
 6146748 3375500   53.00000   57  840  167.00000   38.00000  77.2%  11.2 1845s
 6174809 3391547 infeasible  262       167.00000   38.00000  77.2%  11.2 1850s
 6198631 3409331  108.00000   91  648  167.00000   38.00000  77.2%  11.2 1855s
 6212873 3421509  166.00000  293  613  167.00000   38.00000  77.2%  11.2 1860s
 6231758 3437085  165.00000  227  592  167.00000   38.00000  77.2%  11.2 1865s
 6248271 3447761  120.00000   65  767  167.00000   38.00000  77.2%  11.2 1870s
 6263852 3463643  166.00000  189  593  167.00000   38.00000  77.2%  11.2 1875s
 6275976 3473852  165.00000  155  746  167.00000   38.00000  77.2%  11.2 1880s
 6296205 3487206 infeasible  368       167.00000   38.00000  77.2%  11.2 1885s
 6316734 3503905     cutoff  240       167.00000   38.00000  77.2%  11.2 1890s
 6332755 3520380   69.00000   71  979  167.00000   38.00000  77.2%  11.2 1895s
 6352453 3536387  135.00000  418  532  167.00000   38.00000  77.2%  11.2 1900s
 6367354 3549548   90.00000   61  746  167.00000   38.00000  77.2%  11.2 1905s
 6382749 3561170  162.00000  120  630  167.00000   38.00000  77.2%  11.2 1910s
 6397510 3574127  165.00000  238  514  167.00000   38.00000  77.2%  11.2 1915s
 6414417 3588071  156.00000  220  754  167.00000   38.00000  77.2%  11.2 1920s
 6430624 3598421  166.00000  315  397  167.00000   38.00000  77.2%  11.2 1925s
 6447418 3614870  166.00000  180  668  167.00000   38.00000  77.2%  11.2 1930s
 6464363 3629295   51.00000   68  912  167.00000   38.00000  77.2%  11.2 1935s
 6483878 3644984 infeasible  299       167.00000   38.00000  77.2%  11.2 1940s
 6501092 3659239  166.00000  362  314  167.00000   38.00000  77.2%  11.2 1945s
 6521864 3675648  158.00000  181  787  167.00000   38.00000  77.2%  11.2 1950s
 6536737 3688621  164.00000  129  791  167.00000   38.00000  77.2%  11.2 1955s
 6549775 3699323  156.00000  165  696  167.00000   38.00000  77.2%  11.2 1960s
 6569647 3715082  163.00000  125  638  167.00000   38.00000  77.2%  11.2 1965s
 6584504 3727594  166.00000  151  637  167.00000   38.00000  77.2%  11.2 1970s
 6604273 3741016 infeasible  257       167.00000   38.00000  77.2%  11.2 1975s
 6620603 3754659 infeasible  250       167.00000   38.00000  77.2%  11.2 1980s
 6637732 3771971  144.00000  122  711  167.00000   38.00000  77.2%  11.2 1985s
 6657790 3788250  166.00000  234  580  167.00000   38.00000  77.2%  11.2 1990s
 6672606 3801588   94.00000  166  891  167.00000   38.00000  77.2%  11.2 1995s
 6690559 3816395  139.00000  429  583  167.00000   38.00000  77.2%  11.2 2000s
 6705098 3828284   57.00000   93  858  167.00000   38.00000  77.2%  11.2 2005s
 6724537 3844595   98.00000  146  745  167.00000   38.00000  77.2%  11.2 2010s
 6738826 3878510  144.00000  367  450  167.00000   38.00000  77.2%  11.2 2021s
 6770016 3897708  159.00000  163  662  167.00000   38.00000  77.2%  11.2 2029s
 6791454 3898039  118.00000  273  695  167.00000   38.00000  77.2%  11.2 2031s
 6796660 3906466  146.00000  348  572  167.00000   38.00000  77.2%  11.2 2035s
 6816093 3919771  134.00000  141  695  167.00000   38.00000  77.2%  11.2 2040s
 6831106 3934217  165.00000  308  480  167.00000   38.00000  77.2%  11.2 2045s
 6854978 3953687  166.00000  234  595  167.00000   38.00000  77.2%  11.2 2050s
 6862644 3983484   92.00000  107  813  167.00000   38.00000  77.2%  11.2 2058s
 6894634 3983826 infeasible  306       167.00000   38.00000  77.2%  11.2 2061s
 6895074 4009555   50.00000   73  749  167.00000   38.00000  77.2%  11.2 2066s
 6927467 4034502  164.00000  155  480  167.00000   38.00000  77.2%  11.2 2073s
 6957995 4034821  123.00000   64  663  167.00000   38.00000  77.2%  11.2 2075s
 6958464 4037713  160.00000   75  702  167.00000   38.00000  77.2%  11.2 2081s
 6961803 4061069  165.00000  197  332  167.00000   38.00000  77.2%  11.2 2086s
 6996259 4070057  121.00000  169  828  167.00000   38.00000  77.2%  11.2 2090s
 7017537 4087624  143.00000  254  786  167.00000   38.00000  77.2%  11.2 2095s
 7035782 4102740   99.00000   89  685  167.00000   38.00000  77.2%  11.2 2100s
 7058684 4120778 infeasible  341       167.00000   38.00000  77.2%  11.2 2105s
 7080691 4139337   72.00000  110  803  167.00000   38.00000  77.2%  11.2 2110s
 7106859 4160617  166.00000  239  585  167.00000   38.00000  77.2%  11.2 2115s
 7110835 4186113  166.00000  363  226  167.00000   38.00000  77.2%  11.2 2123s
 7140391 4186338 infeasible  302       167.00000   38.00000  77.2%  11.2 2125s
 7140818 4198236   68.00000   95  971  167.00000   38.00000  77.2%  11.2 2131s
*7153357 3914329             391     166.0000000   38.00000  77.1%  11.2 2136s
 7168951 3928485   61.00000  107  928  166.00000   38.00000  77.1%  11.2 2140s
 7189348 3943778  160.00000  208  731  166.00000   38.00000  77.1%  11.2 2145s
 7209900 3957884 infeasible  141       166.00000   38.00000  77.1%  11.2 2151s
 7222118 3967941  155.00000  199  700  166.00000   38.00000  77.1%  11.2 2155s
 7235259 3981856  144.00000  196  790  166.00000   38.00000  77.1%  11.2 2160s
 7250202 3994364   74.00000  112  799  166.00000   38.00000  77.1%  11.2 2165s
 7270347 4009747  163.00000  163  728  166.00000   38.00000  77.1%  11.2 2170s
 7286087 4023542 infeasible  252       166.00000   38.00000  77.1%  11.2 2175s
 7303521 4037397   95.00000  106  839  166.00000   38.00000  77.1%  11.2 2180s
 7322950 4051502 infeasible  347       166.00000   38.00000  77.1%  11.2 2185s
 7335158 4065189  120.00000   61  814  166.00000   38.00000  77.1%  11.2 2190s
 7355231 4081356 infeasible  208       166.00000   38.00000  77.1%  11.2 2195s
 7363902 4103676  165.00000  102  859  166.00000   38.00000  77.1%  11.2 2202s
 7387272 4105399   72.00000  118  879  166.00000   38.00000  77.1%  11.2 2205s
 7402277 4120138  140.00000  353  575  166.00000   38.00000  77.1%  11.2 2210s
 7418785 4133535  156.00000  215  747  166.00000   38.00000  77.1%  11.2 2215s
 7434060 4143283  159.00000  180  638  166.00000   38.00000  77.1%  11.2 2220s
 7454936 4160196  165.00000  240  631  166.00000   38.00000  77.1%  11.2 2225s
 7455373 4185406  165.00000  251  578  166.00000   38.00000  77.1%  11.2 2231s
 7486599 4210707  165.00000  133  631  166.00000   38.00000  77.1%  11.2 2240s
 7518201 4214354  161.00000  125  743  166.00000   38.00000  77.1%  11.2 2248s
 7521948 4232445  165.00000  156  611  166.00000   38.00000  77.1%  11.2 2253s
 7544463 4237380  165.00000  216  699  166.00000   38.00000  77.1%  11.2 2255s
 7565995 4253209  112.00000  218  785  166.00000   38.00000  77.1%  11.2 2260s
 7587723 4271298  141.00000  635  350  166.00000   38.00000  77.1%  11.2 2265s
 7609426 4289780  159.50000  229  635  166.00000   38.00000  77.1%  11.2 2270s
 7627935 4304548   62.00000  109  856  166.00000   38.00000  77.1%  11.2 2275s
 7649859 4322574  153.00000  135  708  166.00000   38.00000  77.1%  11.2 2280s
 7672342 4338137  139.00000  163  712  166.00000   38.00000  77.1%  11.2 2285s
 7686065 4352405  157.00000  106  694  166.00000   38.00000  77.1%  11.2 2290s
 7702528 4365557   70.00000   70  811  166.00000   38.00000  77.1%  11.2 2295s
 7718385 4375737   98.00000  113  877  166.00000   38.00000  77.1%  11.2 2300s
 7736712 4391632  108.00000  120 1008  166.00000   38.00000  77.1%  11.2 2305s
 7753432 4406631  165.00000  411   81  166.00000   38.00000  77.1%  11.2 2310s
 7769268 4420070  165.00000  172  649  166.00000   38.00000  77.1%  11.2 2315s
 7785559 4433797  150.00000  128  706  166.00000   38.00000  77.1%  11.2 2320s
 7793979 4462496  135.00000  144  732  166.00000   38.00000  77.1%  11.2 2328s
 7825979 4462822  163.00000  181  793  166.00000   38.00000  77.1%  11.2 2330s
 7826404 4488971  165.00000  189  787  166.00000   38.00000  77.1%  11.2 2335s
 7858824 4498679  158.00000  171  614  166.00000   38.00000  77.1%  11.2 2344s
 7869790 4506952   84.00000   77  907  166.00000   38.00000  77.1%  11.2 2346s
 7890356 4520452  128.00000  285  724  166.00000   38.00000  77.1%  11.2 2350s
 7912155 4537282  165.00000  114  758  166.00000   38.00000  77.1%  11.2 2355s
 7927148 4550018  156.00000  172  736  166.00000   38.00000  77.1%  11.2 2360s
 7947752 4566471  164.00000  340  494  166.00000   38.00000  77.1%  11.2 2365s
 7963392 4580117 infeasible  201       166.00000   38.00000  77.1%  11.2 2370s
 7983143 4596266  154.00000  193  694  166.00000   38.00000  77.1%  11.2 2375s
 8000161 4607193 infeasible  326       166.00000   38.00000  77.1%  11.2 2380s
 8015498 4619705  107.00000  243  593  166.00000   38.00000  77.1%  11.2 2385s
 8015925 4645031  107.00000  248  577  166.00000   38.00000  77.1%  11.2 2390s
 8047750 4671573  165.00000  296  240  166.00000   38.00000  77.1%  11.2 2399s
 8079750 4671869   78.00000   90  889  166.00000   38.00000  77.1%  11.2 2401s
 8080134 4676577   80.00000   92  780  166.00000   38.00000  77.1%  11.2 2408s
 8085323 4695924   87.00000  173  816  166.00000   38.00000  77.1%  11.2 2412s
 8117518 4704963  165.00000  368  610  166.00000   38.00000  77.1%  11.2 2415s
 8138432 4722950   99.00000  128  882  166.00000   38.00000  77.1%  11.3 2420s
 8164798 4743398  162.00000  171  619  166.00000   38.00000  77.1%  11.3 2425s
 8185897 4760322  165.00000  124  578  166.00000   39.00000  76.5%  11.2 2430s
 8204330 4774922   74.00000   69  807  166.00000   39.00000  76.5%  11.2 2435s
 8226593 4792830   71.00000   73  751  166.00000   39.00000  76.5%  11.2 2440s
 8244982 4808633  120.00000  240  746  166.00000   39.00000  76.5%  11.3 2445s
 8264113 4822002  159.00000  108  692  166.00000   39.00000  76.5%  11.3 2450s
 8280526 4835497   88.00000   73  703  166.00000   39.00000  76.5%  11.3 2455s
 8295657 4848700  164.00000  193  612  166.00000   39.00000  76.5%  11.3 2460s
 8309608 4863079  165.00000  219  687  166.00000   39.00000  76.5%  11.3 2465s
 8321901 4894939   72.00000   48  598  166.00000   39.00000  76.5%  11.3 2473s
 8353096 4895254 infeasible  298       166.00000   39.00000  76.5%  11.3 2476s
 8353523 4916840   51.00000   64  714  166.00000   39.00000  76.5%  11.3 2481s
 8382346 4922555  165.00000  266  538  166.00000   39.00000  76.5%  11.3 2485s
 8400471 4938157  165.00000  215  645  166.00000   39.00000  76.5%  11.3 2490s
 8416382 4951279  163.00000  237  525  166.00000   39.00000  76.5%  11.3 2495s
 8432701 4964623   75.00000  136  783  166.00000   39.00000  76.5%  11.3 2500s
 8445746 4982307  143.00000  320  692  166.00000   39.00000  76.5%  11.3 2505s
 8471504 4996246  160.00000  242  745  166.00000   39.00000  76.5%  11.3 2510s
 8485758 5008897  107.00000  216  702  166.00000   39.00000  76.5%  11.3 2515s
 8505915 5021775 infeasible  345       166.00000   39.00000  76.5%  11.3 2520s
 8506380 5044556   65.00000   85  827  166.00000   39.00000  76.5%  11.3 2525s
 8542674 5052562  157.00000  135  714  166.00000   39.00000  76.5%  11.3 2530s
 8558324 5065549  134.00000  119  961  166.00000   39.00000  76.5%  11.3 2535s
 8574099 5081215   55.00000   73  744  166.00000   39.00000  76.5%  11.3 2540s
 8594176 5094747  163.00000  240  712  166.00000   39.00000  76.5%  11.3 2545s
 8614091 5110756  165.00000  248  419  166.00000   39.00000  76.5%  11.3 2551s
 8628790 5123269  165.00000  168  650  166.00000   39.00000  76.5%  11.3 2555s
 8644191 5138653 infeasible  270       166.00000   39.00000  76.5%  11.3 2560s
 8659800 5150621  145.00000  284  729  166.00000   39.00000  76.5%  11.3 2565s
 8666430 5179540  140.00000  360  591  166.00000   39.00000  76.5%  11.3 2574s
 8696997 5179763  148.00000  123  714  166.00000   39.00000  76.5%  11.3 2576s
 8697472 5182619  148.00000  137  711  166.00000   39.00000  76.5%  11.3 2581s
*8699950 4752714             517     165.0000000   39.00000  76.4%  11.3 2588s
 8700571 4776572  161.00000  232  559  165.00000   39.00000  76.4%  11.3 2594s
 8729960 4779597  161.00000  110  686  165.00000   39.00000  76.4%  11.3 2597s
 8740993 4788649  164.00000  190  642  165.00000   39.00000  76.4%  11.3 2600s
 8759068 4804054  164.00000  365  347  165.00000   39.00000  76.4%  11.3 2605s
 8779749 4821525  150.00000  240  749  165.00000   39.00000  76.4%  11.3 2610s
 8799021 4836672   67.00000   73  799  165.00000   39.00000  76.4%  11.3 2615s
 8819987 4855149  140.00000  441  600  165.00000   39.00000  76.4%  11.3 2620s
 8838575 4870435  134.00000  335  607  165.00000   39.00000  76.4%  11.3 2625s
 8858688 4885989  163.00000  434  162  165.00000   39.00000  76.4%  11.3 2630s
 8875104 4901085  149.00000  252  542  165.00000   39.00000  76.4%  11.3 2635s
 8890356 4914470   64.00000   66  802  165.00000   39.00000  76.4%  11.3 2640s
 8911051 4930419  164.00000  403  347  165.00000   39.00000  76.4%  11.3 2645s
 8925911 4944082  118.00000  155  715  165.00000   39.00000  76.4%  11.3 2650s
 8942126 4956800  164.00000  150  647  165.00000   39.00000  76.4%  11.3 2655s
 8958084 4970000  163.00000  225  524  165.00000   39.00000  76.4%  11.3 2660s
 8975106 4983785  155.00000  245  520  165.00000   39.00000  76.4%  11.3 2665s
 8991916 4997421   72.00000   85  850  165.00000   39.00000  76.4%  11.3 2670s
 9011525 5013189   79.00000   79  867  165.00000   39.00000  76.4%  11.3 2676s
 9026978 5025852  146.00000  193  731  165.00000   39.00000  76.4%  11.3 2680s
 9043397 5036719   62.00000   91  869  165.00000   39.00000  76.4%  11.3 2685s
 9052339 5056405  164.00000  199  606  165.00000   39.00000  76.4%  11.3 2690s
 9074047 5063425  149.00000  226  701  165.00000   39.00000  76.4%  11.3 2695s
 9074291 5090435  159.00000  224  703  165.00000   39.00000  76.4%  11.4 2700s
 9106637 5110647   65.00000   61  769  165.00000   39.00000  76.4%  11.4 2711s
 9129902 5117636  164.00000  188  627  165.00000   39.00000  76.4%  11.4 2715s
 9151828 5130088 infeasible  325       165.00000   39.00000  76.4%  11.4 2720s
 9166654 5145953  163.00000  199  567  165.00000   39.00000  76.4%  11.4 2725s
 9178995 5156370  164.00000  348  419  165.00000   39.00000  76.4%  11.4 2730s
 9196099 5170143  164.00000  279  504  165.00000   39.00000  76.4%  11.4 2735s
 9212435 5183010  151.00000  216  795  165.00000   39.00000  76.4%  11.4 2740s
 9226634 5195931  162.00000  229  645  165.00000   39.00000  76.4%  11.4 2745s
 9242021 5209384  161.00000  204  735  165.00000   39.00000  76.4%  11.4 2750s
 9258816 5223183  164.00000  186  694  165.00000   39.00000  76.4%  11.4 2755s
 9276880 5238509  116.00000  199  839  165.00000   39.00000  76.4%  11.4 2760s
 9294702 5250658  110.00000   65  686  165.00000   39.00000  76.4%  11.4 2765s
 9308679 5265328   99.00000  117  744  165.00000   39.00000  76.4%  11.4 2770s
 9329639 5282129  160.00000  166  613  165.00000   39.00000  76.4%  11.4 2775s
 9349171 5298336   98.00000  106  893  165.00000   39.00000  76.4%  11.4 2780s
 9362967 5306649  164.00000  177  637  165.00000   39.00000  76.4%  11.4 2785s
 9383223 5326081  146.00000  169  737  165.00000   39.00000  76.4%  11.4 2790s
 9400011 5339624  164.00000  264  582  165.00000   39.00000  76.4%  11.4 2795s
 9414970 5352505  102.00000  209  672  165.00000   39.00000  76.4%  11.4 2800s
 9431288 5366928  136.00000  416  406  165.00000   39.00000  76.4%  11.4 2805s
 9448583 5380106   72.00000   63  722  165.00000   39.00000  76.4%  11.4 2810s
 9467414 5392969   79.00000  113  695  165.00000   39.00000  76.4%  11.4 2815s
 9482256 5405665 infeasible  345       165.00000   39.00000  76.4%  11.4 2820s
 9498135 5418720 infeasible  302       165.00000   39.00000  76.4%  11.4 2825s
 9513938 5431509 infeasible  360       165.00000   39.00000  76.4%  11.4 2831s
 9530145 5444658   99.00000   94  772  165.00000   39.00000  76.4%  11.4 2835s
 9547172 5458736  164.00000  382  281  165.00000   39.00000  76.4%  11.4 2840s
 9560333 5473281  157.00000  182  593  165.00000   39.00000  76.4%  11.4 2845s
 9574639 5485929  163.00000  203  499  165.00000   39.00000  76.4%  11.4 2850s
 9591924 5499533  110.00000   79  782  165.00000   39.00000  76.4%  11.4 2855s
 9606720 5512211  164.00000  166  636  165.00000   39.00000  76.4%  11.4 2860s
 9623033 5522720  162.00000  163  726  165.00000   39.00000  76.4%  11.4 2865s
 9637099 5537646  158.00000  228  678  165.00000   39.00000  76.4%  11.4 2870s
 9660753 5553571  158.00000  195  638  165.00000   39.00000  76.4%  11.4 2875s
 9675819 5568948  126.00000  181  674  165.00000   39.00000  76.4%  11.4 2880s
 9691054 5582319  147.00000  378  545  165.00000   39.00000  76.4%  11.4 2885s
 9704771 5594878   70.00000   57  680  165.00000   39.00000  76.4%  11.4 2890s
 9722800 5609087  115.00000   84  835  165.00000   39.00000  76.4%  11.4 2895s
 9737853 5622079  114.00000  182  827  165.00000   39.00000  76.4%  11.4 2901s
 9754004 5632165  153.00000  426  559  165.00000   39.00000  76.4%  11.4 2905s
 9770492 5649236  158.00000  226  537  165.00000   39.00000  76.4%  11.4 2910s
 9790142 5665385 infeasible  220       165.00000   39.00000  76.4%  11.4 2915s
 9809293 5680915  112.00000  214  662  165.00000   39.00000  76.4%  11.4 2920s
 9824574 5693674  114.00000  110  863  165.00000   39.00000  76.4%  11.4 2925s
 9844625 5709727 infeasible  300       165.00000   39.00000  76.4%  11.4 2930s
 9859954 5722982  164.00000  196  565  165.00000   39.00000  76.4%  11.4 2935s
 9876118 5735266  162.00000  175  700  165.00000   39.00000  76.4%  11.4 2940s
 9890685 5748049  161.00000  141  686  165.00000   39.00000  76.4%  11.4 2945s
 9907215 5762159  153.00000  147  704  165.00000   39.00000  76.4%  11.4 2950s
 9927812 5778671  103.00000   66  746  165.00000   39.00000  76.4%  11.4 2955s
 9946339 5816739  124.00000  130  924  165.00000   39.00000  76.4%  11.4 2968s
 9978339 5817104  157.00000  184  659  165.00000   39.00000  76.4%  11.4 2970s
 9978768 5840872  163.00000  194  625  165.00000   39.00000  76.4%  11.4 2975s
 10008282 5844590  161.00000  134  614  165.00000   39.00000  76.4%  11.4 2984s
*10009779 5420407             336     164.0000000   39.00000  76.2%  11.4 2991s
 10012213 5439024  163.00000  260  383  164.00000   39.00000  76.2%  11.4 2997s
 10040972 5446625  121.00000  199  539  164.00000   39.00000  76.2%  11.4 3001s
 10058808 5461948  143.00000  416  426  164.00000   39.00000  76.2%  11.4 3005s
 10077343 5477432  153.00000   95  831  164.00000   39.00000  76.2%  11.4 3010s
 10098388 5494562   69.00000   66  759  164.00000   39.00000  76.2%  11.4 3015s
 10115543 5509582  118.00000  212  786  164.00000   39.00000  76.2%  11.4 3020s
 10134648 5525244  149.00000  511  479  164.00000   39.00000  76.2%  11.4 3025s
 10154347 5541508  133.00000  146  761  164.00000   39.00000  76.2%  11.4 3030s
 10164539 5571031   66.00000   87  947  164.00000   39.00000  76.2%  11.4 3038s
 10194292 5571318  161.00000  133  760  164.00000   39.00000  76.2%  11.4 3041s
 10194641 5596945  162.00000  137  722  164.00000   39.00000  76.2%  11.4 3047s
 10226641 5597237  120.00000  185  725  164.00000   39.00000  76.2%  11.4 3050s
 10226999 5601628  147.00000  187  639  164.00000   39.00000  76.2%  11.4 3057s
 10231680 5624242  127.00000  331  607  164.00000   39.00000  76.2%  11.5 3062s
 10263863 5630906  160.00000  251  765  164.00000   39.00000  76.2%  11.5 3065s
 10285552 5648072 infeasible  340       164.00000   39.00000  76.2%  11.5 3070s
 10303236 5662685  162.00000  181  556  164.00000   39.00000  76.2%  11.5 3075s
 10322087 5678457  140.00000  150  882  164.00000   39.00000  76.2%  11.5 3080s
 10344500 5696846  163.00000  168  754  164.00000   39.00000  76.2%  11.5 3085s
 10370860 5718157  163.00000  336  351  164.00000   39.00000  76.2%  11.5 3090s
 10388940 5733743  121.00000  262  707  164.00000   39.00000  76.2%  11.5 3095s
 10411147 5751863   90.00000  184  785  164.00000   39.00000  76.2%  11.5 3100s
 10426528 5764750  163.00000  222  650  164.00000   39.00000  76.2%  11.5 3105s
 10442706 5777756  127.00000  126  847  164.00000   39.00000  76.2%  11.5 3110s
 10459124 5788589   74.00000   77  672  164.00000   39.00000  76.2%  11.5 3115s
 10475459 5801383  158.00000  156  785  164.00000   39.00000  76.2%  11.5 3120s
 10494349 5818461 infeasible  346       164.00000   39.00000  76.2%  11.5 3125s
 10504239 5829264  122.00000   94  755  164.00000   39.00000  76.2%  11.5 3130s
 10524570 5845960  118.00000  276  651  164.00000   39.00000  76.2%  11.5 3135s
 10540739 5859876 infeasible  188       164.00000   39.00000  76.2%  11.5 3140s
 10557016 5873430  163.00000  185  665  164.00000   39.00000  76.2%  11.5 3145s
 10574550 5885376 infeasible  188       164.00000   39.00000  76.2%  11.5 3150s
 10587966 5899251  161.00000  454  608  164.00000   39.00000  76.2%  11.5 3155s
 10607753 5915424  132.00000  110  649  164.00000   39.00000  76.2%  11.5 3160s
 10623605 5928093   97.00000  114  922  164.00000   39.00000  76.2%  11.5 3165s
 10637773 5939956  160.00000  119  874  164.00000   39.00000  76.2%  11.5 3170s
 10653676 5953046  160.00000  307  548  164.00000   39.00000  76.2%  11.5 3175s
 10674077 5969933  163.00000  282  633  164.00000   39.00000  76.2%  11.5 3180s
 10690064 5982791  163.00000  133  703  164.00000   39.00000  76.2%  11.5 3185s
 10706371 5993829  120.00000  221  798  164.00000   39.00000  76.2%  11.5 3190s
 10722210 6007056   88.00000   84  736  164.00000   39.00000  76.2%  11.5 3195s
 10734684 6021168  130.00000  233  562  164.00000   39.00000  76.2%  11.5 3200s
 10753710 6033642 infeasible  463       164.00000   39.00000  76.2%  11.5 3205s
 10769281 6046927     cutoff  197       164.00000   39.00000  76.2%  11.5 3210s
 10783620 6058625 infeasible  466       164.00000   39.00000  76.2%  11.5 3215s
 10799391 6072458  126.00000   78  837  164.00000   39.00000  76.2%  11.5 3220s
 10815783 6089423  102.00000  244  840  164.00000   39.00000  76.2%  11.5 3225s
 10836551 6105934  163.00000  177  658  164.00000   39.00000  76.2%  11.5 3230s
 10852623 6119678  133.00000  295  613  164.00000   39.00000  76.2%  11.5 3235s
 10872839 6135856   97.00000  177  807  164.00000   39.00000  76.2%  11.5 3240s
 10887685 6148314   66.00000   62  760  164.00000   39.00000  76.2%  11.5 3245s
 10906211 6163317  158.00000  130  741  164.00000   39.00000  76.2%  11.5 3250s
 10924464 6178698  157.00000  199  677  164.00000   39.00000  76.2%  11.5 3255s
 10939043 6190895  163.00000  196  776  164.00000   39.00000  76.2%  11.5 3260s
 10954316 6203129 infeasible  194       164.00000   39.00000  76.2%  11.5 3265s
 10971128 6213855  109.00000  111  663  164.00000   39.00000  76.2%  11.5 3270s
 10990964 6232920   85.00000  139  697  164.00000   39.00000  76.2%  11.5 3275s
 11010240 6245066 infeasible  371       164.00000   39.00000  76.2%  11.5 3280s
 11024194 6256440 infeasible  161       164.00000   39.00000  76.2%  11.5 3285s
 11024563 6282915   89.00000   70  870  164.00000   39.00000  76.2%  11.5 3293s
 11055414 6283176     cutoff  111       164.00000   39.00000  76.2%  11.5 3296s
 11055767 6292539  148.00000  118  896  164.00000   39.00000  76.2%  11.5 3303s
 11066119 6300081  111.00000  221  629  164.00000   39.00000  76.2%  11.5 3306s
 11088105 6313622  135.00000   72  703  164.00000   39.00000  76.2%  11.5 3310s
 11109481 6330438 infeasible  179       164.00000   39.00000  76.2%  11.5 3315s
 11128140 6344633   80.00000  127  744  164.00000   39.00000  76.2%  11.5 3320s
 11148153 6362091  153.00000  461  351  164.00000   39.00000  76.2%  11.5 3325s
 11166593 6376996  120.00000  196  762  164.00000   39.00000  76.2%  11.5 3330s
 11186334 6392901   61.00000   82  794  164.00000   39.00000  76.2%  11.5 3335s
 11200874 6404591  159.00000  102  696  164.00000   39.00000  76.2%  11.5 3340s
 11215177 6416990  162.00000  201  478  164.00000   39.00000  76.2%  11.5 3345s
 11231222 6430037  159.00000  128  839  164.00000   39.00000  76.2%  11.5 3350s
 11245466 6438669  117.00000  108  714  164.00000   39.00000  76.2%  11.5 3355s
 11262112 6455865  161.00000  171  643  164.00000   39.00000  76.2%  11.5 3360s
 11274420 6484475  163.00000  245  365  164.00000   39.00000  76.2%  11.5 3369s
 11299795 6484612  151.00000  343  402  164.00000   39.00000  76.2%  11.5 3371s
 11305405 6491995  161.00000  419  294  164.00000   39.00000  76.2%  11.5 3375s
 11324592 6507284  152.00000  157  748  164.00000   39.00000  76.2%  11.5 3380s
 11336627 6537364   82.00000  109  802  164.00000   39.00000  76.2%  11.5 3390s
 11365910 6548491  110.00000  187  706  164.00000   39.00000  76.2%  11.5 3398s
 11378025 6556978  160.00000  335  392  164.00000   39.00000  76.2%  11.5 3401s
 11398460 6568104  113.00000  215  622  164.00000   39.00000  76.2%  11.5 3405s
 11420990 6586481  103.00000  192  839  164.00000   39.00000  76.2%  11.5 3410s
 11424828 6612832  114.00000  257  805  164.00000   39.00000  76.2%  11.5 3419s
 11456762 6613196  156.00000  128  614  164.00000   39.00000  76.2%  11.5 3421s
 11457158 6639843  163.00000  139  611  164.00000   39.00000  76.2%  11.5 3427s
 11489101 6649725  156.00000  271  697  164.00000   39.00000  76.2%  11.5 3437s
 11499327 6661071  143.00000  441  407  164.00000   39.00000  76.2%  11.5 3440s
 11528860 6676069  162.00000  191  632  164.00000   39.00000  76.2%  11.5 3445s
 11550942 6694121  162.00000  292  591  164.00000   39.00000  76.2%  11.5 3450s
 11577134 6714717  116.00000  128  861  164.00000   39.00000  76.2%  11.5 3455s
 11595480 6729990 infeasible  114       164.00000   39.00000  76.2%  11.5 3460s
 11616025 6747385  106.00000  219  670  164.00000   39.00000  76.2%  11.5 3465s
 11634656 6762622   75.00000   87  686  164.00000   39.00000  76.2%  11.5 3470s
 11655841 6780135  162.00000  302  498  164.00000   39.00000  76.2%  11.5 3475s
 11675017 6795556  163.00000  172  526  164.00000   39.00000  76.2%  11.5 3480s
 11689225 6808350  162.00000  172  625  164.00000   39.00000  76.2%  11.5 3485s
 11706939 6822445  110.00000   61  788  164.00000   39.00000  76.2%  11.5 3490s
 11722935 6835856  116.00000  219  695  164.00000   39.00000  76.2%  11.5 3495s
 11739717 6848935   81.00000  119  777  164.00000   39.00000  76.2%  11.5 3500s
 11750687 6858618  110.00000  261  615  164.00000   39.00000  76.2%  11.5 3505s
 11766377 6872225  154.00000  461  306  164.00000   39.00000  76.2%  11.5 3510s
 11784660 6887250  162.00000  298  544  164.00000   39.00000  76.2%  11.5 3515s
 11800872 6897946  155.00000  204  738  164.00000   39.00000  76.2%  11.5 3520s
 11814370 6912623  136.00000   70  611  164.00000   39.00000  76.2%  11.5 3525s
 11828555 6929104  163.00000  252  521  164.00000   39.00000  76.2%  11.5 3530s
 11855822 6945883  125.00000  270  715  164.00000   39.00000  76.2%  11.5 3535s
 11872708 6959249 infeasible  523       164.00000   39.00000  76.2%  11.5 3540s
 11891563 6975354  131.00000  305  649  164.00000   39.00000  76.2%  11.5 3545s
 11910293 6990509  160.00000  335  553  164.00000   39.00000  76.2%  11.5 3550s
 11926306 7004787  124.00000  306  744  164.00000   39.00000  76.2%  11.5 3555s
 11945795 7017483 infeasible  177       164.00000   39.00000  76.2%  11.5 3561s
 11958258 7030364   50.00000   79  846  164.00000   39.00000  76.2%  11.5 3565s
 11976603 7045418  112.00000  155  692  164.00000   39.00000  76.2%  11.5 3570s
 11980363 7070181  123.00000  205  575  164.00000   39.00000  76.2%  11.5 3579s
 12010554 7070487 infeasible  340       164.00000   39.00000  76.2%  11.5 3582s
 12010976 7096392   52.00000   62  742  164.00000   39.00000  76.2%  11.5 3588s
 12042945 7096741  113.00000   97  666  164.00000   39.00000  76.2%  11.5 3590s
 12043394 7099660  113.00000  113  643  164.00000   39.00000  76.2%  11.5 3596s
 12046495 7114898  159.00000  211  499  164.00000   39.00000  76.2%  11.5 3600s

Explored 12065498 nodes (138786121 simplex iterations) in 3600.75 seconds (753.49 work units)
Thread count was 32 (of 32 available processors)

Solution count 10: 164 165 166 ... 173

Time limit reached
Best objective 1.640000000000e+02, best bound 3.900000000000e+01, gap 76.2195%
