
Gurobi 13.0.0 (linux64) logging started Tue Nov 25 07:59:38 2025

Set parameter LogFile to value "./Results/StripPacking-CutHeur/Logs/NU-111-StripPacking-25-0.log"
Set parameter TimeLimit to value 3600
Set parameter Cuts to value 1
Set parameter Presolve to value 1
Set parameter Heuristics to value 1
Set parameter LogToConsole to value 0
Set parameter LPWarmStart to value 2
Gurobi Optimizer version 13.0.0 build v13.0.0rc1 (linux64 - "Debian GNU/Linux 12 (bookworm)")

CPU model: Intel(R) Xeon(R) CPU E5-2630 v3 @ 2.40GHz, instruction set [SSE2|AVX|AVX2]
Thread count: 16 physical cores, 32 logical processors, using up to 32 threads

Non-default parameters:
TimeLimit  3600
LPWarmStart  2
Heuristics  1
Cuts  1
LogToConsole  0
Presolve  1

Optimize a model with 1525 rows, 1251 columns and 4850 nonzeros (Min)
Model fingerprint: 0xfd31a310
Model has 1 linear objective coefficients
Variable types: 51 continuous, 1200 integer (1200 binary)
Coefficient statistics:
  Matrix range     [1e+00, 1e+04]
  Objective range  [1e+00, 1e+00]
  Bounds range     [1e+00, 1e+04]
  RHS range        [1e+00, 1e+04]

Warning: Completing partial solution with 1200 unfixed non-continuous variables out of 1200
User MIP start produced solution with objective 106.2 (0.00s)
Loaded user MIP start with objective 106.2

Presolve time: 0.01s
Presolved: 1525 rows, 1251 columns, 4850 nonzeros
Variable types: 51 continuous, 1200 integer (1200 binary)

Root relaxation: objective 3.400000e+01, 570 iterations, 0.01 seconds (0.01 work units)

    Nodes    |    Current Node    |     Objective Bounds      |     Work
 Expl Unexpl |  Obj  Depth IntInf | Incumbent    BestBd   Gap | It/Node Time

     0     0   34.00000    0  112  106.20000   34.00000  68.0%     -    0s
H    0     0                     101.0000000   34.00000  66.3%     -    0s
H    0     0                     100.0000000   34.00000  66.0%     -    0s
H    0     0                      88.0000000   34.00000  61.4%     -    0s
     0     0   34.00000    0  211   88.00000   34.00000  61.4%     -    0s
     0     0   34.00000    0  207   88.00000   34.00000  61.4%     -    0s
     0     0   34.00000    0  266   88.00000   34.00000  61.4%     -    0s
     0     0   34.00000    0   80   88.00000   34.00000  61.4%     -    0s
H    0     0                      87.0000000   34.00000  60.9%     -    0s
     0     0   34.00000    0  108   87.00000   34.00000  60.9%     -    0s
     0     0   34.00000    0  214   87.00000   34.00000  60.9%     -    0s
     0     0   34.00000    0   78   87.00000   34.00000  60.9%     -    0s
H    0     0                      86.0000000   34.00000  60.5%     -    0s
H    0     0                      85.0000000   34.00000  60.0%     -    0s
     0     0   34.00000    0  123   85.00000   34.00000  60.0%     -    0s
     0     0   34.00000    0  177   85.00000   34.00000  60.0%     -    0s
     0     0   34.00000    0  100   85.00000   34.00000  60.0%     -    0s
H    0     0                      84.0000000   34.00000  59.5%     -    0s
     0     0   34.00000    0  164   84.00000   34.00000  59.5%     -    0s
     0     0   34.00000    0  286   84.00000   34.00000  59.5%     -    0s
     0     0   34.00000    0   92   84.00000   34.00000  59.5%     -    0s
     0     0   34.00000    0   92   84.00000   34.00000  59.5%     -    0s
     0     0   34.00000    0   92   84.00000   34.00000  59.5%     -    0s
     0     2   34.00000    0   86   84.00000   34.00000  59.5%     -    1s
H   19    32                      84.0000000   34.00000  59.5%   145    1s
H   31    48                      82.0000000   34.00000  58.5%   169    1s
H   87   107                      80.0000000   34.00000  57.5%  88.8    1s
H  107   219                      79.0000000   34.00000  57.0%  77.5    1s
H  168   219                      76.0000000   34.00000  55.3%  62.4    1s
H  272   681                      76.0000000   34.00000  55.3%  51.5    1s
  1738  1712   71.00000   88  157   76.00000   34.00000  55.3%  30.2    5s
  3958  3903   74.00000   91  122   76.00000   34.00000  55.3%  21.2   10s
  5557  4667   34.00000   24  236   76.00000   34.00000  55.3%  26.9   15s
H 5559  4450                      75.0000000   34.00000  54.7%  27.0   15s
H 5955  4489                      75.0000000   34.00000  54.7%  28.1   16s
  6455  4813   34.00000   32  209   75.00000   34.00000  54.7%  29.3   20s
  6589  4890   34.00000   34  209   75.00000   34.00000  54.7%  30.1   25s
  6718  4974   47.00000   36  189   75.00000   34.00000  54.7%  30.4   31s
H 6732  4775                      73.0000000   34.00000  53.4%  30.5   31s
H 6834  5947                      73.0000000   34.00000  53.4%  30.9   32s
H 7778  5458                      72.0000000   34.00000  52.8%  32.2   32s
H 9324  5775                      72.0000000   34.00000  52.8%  31.8   33s
 10250  6828   56.00000   92  140   72.00000   34.00000  52.8%  32.2   35s
 11338  6597   61.00000  106  155   72.00000   34.00000  52.8%  32.5   40s
 11491  6643   66.00000  108  108   72.00000   34.00000  52.8%  32.6   45s
 11647  6694   52.00000  110  161   72.00000   34.00000  52.8%  32.9   51s
 11758  6737   57.00000  112  150   72.00000   34.00000  52.8%  32.9   55s
 11903  6802   62.00000  114  130   72.00000   34.00000  52.8%  33.0   61s
 12007  6857   58.00000  116  146   72.00000   34.00000  52.8%  33.1   65s
 12139  6936   58.00000  119  144   72.00000   34.00000  52.8%  33.0   71s
 12242  6994   64.00000  120  127   72.00000   34.00000  52.8%  33.1   75s
 12344  7048 infeasible  122        72.00000   34.00000  52.8%  33.0   80s
 12412  7085   58.00000  123  134   72.00000   34.00000  52.8%  33.0   85s
 12483  7119   58.00000  123  135   72.00000   34.00000  52.8%  32.9   90s
 12555  7149   36.00000   31  234   72.00000   34.00000  52.8%  32.9   96s
 12644  7177   36.00000   33  227   72.00000   34.00000  52.8%  33.1  103s
 12697  7289   36.00000   34  227   72.00000   34.00000  52.8%  33.1  110s
 13032  7458   36.00000   37  223   72.00000   34.00000  52.8%  33.0  118s
 13188  7467   36.00000   38  225   72.00000   34.00000  52.8%  32.8  121s
 13299  7488   36.00000   39  231   72.00000   34.00000  52.8%  32.9  125s
 13363  7495   36.00000   40  229   72.00000   34.00000  52.8%  32.9  130s
 13441  7553   46.00000   42  203   72.00000   34.00000  52.8%  33.0  141s
 13515  7618   46.00000   43  201   72.00000   34.00000  52.8%  33.0  146s
 13621  7610   46.00000   44  201   72.00000   34.00000  52.8%  33.0  150s
 13759  7630   55.00000   46  187   72.00000   34.00000  52.8%  32.9  156s
 13796  7720   55.00000   47  181   72.00000   34.00000  52.8%  32.9  160s
 14946  8582   55.00000   50  201   72.00000   34.00000  52.8%  32.6  166s
 15524  9466   55.00000   51  190   72.00000   34.00000  52.8%  33.1  172s
 16580 10427   55.00000   52  188   72.00000   34.00000  52.8%  32.8  179s
 17863 11805   55.00000   53  174   72.00000   34.00000  52.8%  32.7  181s
 19714 12152   55.00000   55  172   72.00000   34.00000  52.8%  32.4  192s
 19965 12506   55.00000   56  170   72.00000   34.00000  52.8%  32.4  200s
 20457 12532   55.00000   57  168   72.00000   34.00000  52.8%  32.6  207s
 20495 12751   64.00000   58  161   72.00000   34.00000  52.8%  32.5  210s
 21456 13296   64.00000   60  162   72.00000   34.00000  52.8%  32.4  217s
 21488 13366   64.00000   61  162   72.00000   34.00000  52.8%  32.4  220s
 21720 13716   64.00000   63  154   72.00000   34.00000  52.8%  32.4  227s
 22064 13819   64.00000   64  154   72.00000   34.00000  52.8%  32.3  230s
 22231 13879   64.00000   66  154   72.00000   34.00000  52.8%  32.3  237s
 22266 13905   64.00000   67  152   72.00000   34.00000  52.8%  32.3  241s
 22368 13929   64.00000   69  146   72.00000   34.00000  52.8%  32.4  247s
 22405 13959   64.00000   70  144   72.00000   34.00000  52.8%  32.4  252s
 22439 13988   64.00000   71  140   72.00000   34.00000  52.8%  32.5  255s
 22509 14051   64.00000   73  139   72.00000   34.00000  52.8%  32.5  262s
 22541 14082   64.00000   74  120   72.00000   34.00000  52.8%  32.5  266s
 22636 14335   64.00000   76  125   72.00000   34.00000  52.8%  32.4  273s
 22857 14505   64.00000   77  127   72.00000   34.00000  52.8%  32.4  281s
 23059 14782   64.00000   78  127   72.00000   34.00000  52.8%  32.3  286s
 23484 15142   64.00000   79  125   72.00000   34.00000  52.8%  32.3  293s
 23890 15310     cutoff  103        72.00000   34.00000  52.8%  32.2  298s
 24125 15475   70.00000  104  116   72.00000   34.00000  52.8%  32.1  303s
 24373 15718   70.00000  105  114   72.00000   34.00000  52.8%  32.0  312s
 24684 16035   70.00000  106  114   72.00000   34.00000  52.8%  32.1  319s
 25175 16160 infeasible  108        72.00000   34.00000  52.8%  32.0  330s
 25400 16190   36.00000   30  173   72.00000   34.00000  52.8%  32.1  340s
 25441 16223   36.00000   31  187   72.00000   34.00000  52.8%  32.1  350s
 25478 16322   36.00000   32  196   72.00000   34.00000  52.8%  32.1  356s
 25592 16774   40.00000   33  191   72.00000   34.00000  52.8%  32.1  366s
 26159 17843   48.00000   65  166   72.00000   34.00000  52.8%  32.0  377s
 27724 19170     cutoff   99        72.00000   34.00000  52.8%  31.7  388s
 29500 19342   53.00000   39  155   72.00000   34.00000  52.8%  31.7  403s
 29743 24560   53.00000   40  152   72.00000   34.00000  52.8%  31.8  419s
 36463 28221   58.00000   43  189   72.00000   34.00000  52.8%  31.1  424s
 41172 28242   68.00000   72  112   72.00000   34.00000  52.8%  30.2  428s
 41215 28267   68.00000   72  128   72.00000   34.00000  52.8%  30.2  431s
 41287 28324   68.00000   72  136   72.00000   34.00000  52.8%  30.2  438s
 41325 28346   68.00000   71  122   72.00000   34.00000  52.8%  30.3  441s
 41367 28368   68.00000   72  124   72.00000   34.00000  52.8%  30.2  447s
 41409 28396   68.00000   73  134   72.00000   34.00000  52.8%  30.2  454s
 41445 28417   68.00000   70  140   72.00000   34.00000  52.8%  30.2  461s
 41488 28436 infeasible   70        72.00000   34.00000  52.8%  30.3  467s
 41533 28465   68.00000   73  138   72.00000   34.00000  52.8%  30.3  473s
 41568 28492   68.00000   74  132   72.00000   34.00000  52.8%  30.2  482s
 41605 28518   68.00000   73  122   72.00000   34.00000  52.8%  30.2  489s
 41643 28545 infeasible   74        72.00000   34.00000  52.8%  30.2  493s
 41680 28567 infeasible   74        72.00000   34.00000  52.8%  30.2  496s
 41722 28600   68.00000   74  130   72.00000   34.00000  52.8%  30.2  503s
 41763 28623   68.00000   75  128   72.00000   34.00000  52.8%  30.2  507s
 41804 28718 infeasible   76        72.00000   34.00000  52.8%  30.2  511s
 41947 28791   68.00000   75  130   72.00000   34.00000  52.8%  30.2  516s
 42081 28942   68.00000   76  142   72.00000   34.00000  52.8%  30.1  521s
 42362 29002   68.00000   77  140   72.00000   34.00000  52.8%  30.1  530s
 42512 29085 infeasible   75        72.00000   34.00000  52.8%  30.1  537s
 42699 29097   45.00000   63  248   72.00000   34.00000  52.8%  30.1  542s
 42965 29278   34.00000   64  264   72.00000   34.00000  52.8%  30.1  551s
 43280 29401   34.00000   64  276   72.00000   34.00000  52.8%  30.2  562s
 43417 29466   34.00000   65  262   72.00000   34.00000  52.8%  30.2  569s
 43524 29494   43.00000   65  269   72.00000   34.00000  52.8%  30.2  580s
 43560 29687   34.32235   66  308   72.00000   34.00000  52.8%  30.2  588s
 43834 30098   34.00000   66  268   72.00000   34.00000  52.8%  30.2  598s
 44398 30291   34.00000   67  258   72.00000   34.00000  52.8%  30.1  608s
 44643 30517   34.00000   67  263   72.00000   34.00000  52.8%  30.1  616s
 44973 30909   34.00000   68  264   72.00000   34.00000  52.8%  30.1  627s
 45498 31226 infeasible   94        72.00000   34.00000  52.8%  30.1  636s
 45972 32390   66.00000   95  207   72.00000   34.00000  52.8%  30.1  643s
 47628 32536   57.00000   96  202   72.00000   34.00000  52.8%  30.1  651s
 47846 33188   70.00000   96  192   72.00000   34.00000  52.8%  30.1  659s
 48793 36424   57.00000   41  178   72.00000   34.00000  52.8%  30.1  667s
 53171 37838   57.00000   42  167   72.00000   34.00000  52.8%  29.8  674s
 55071 38562   57.00000   43  169   72.00000   34.00000  52.8%  29.7  681s
 56045 39716   57.00000   44  169   72.00000   34.00000  52.8%  29.7  688s
 57549 39742   69.00000  125   98   72.00000   34.00000  52.8%  29.7  697s
 57587 39788 infeasible  126        72.00000   34.00000  52.8%  29.7  706s
 57677 39919   44.00000   57  236   72.00000   34.00000  52.8%  29.8  715s
 57869 41155   44.00000   58  229   72.00000   34.00000  52.8%  29.8  726s
 59585 46251   45.00000   58  254   72.00000   34.00000  52.8%  29.8  741s
 66870 46844   64.00000   80  191   72.00000   34.00000  52.8%  29.8  747s
 67771 46864   58.00000   62  174   72.00000   34.00000  52.8%  29.8  754s
 67815 46944   58.00000   63  170   72.00000   34.00000  52.8%  29.8  763s
 67903 46965   58.00000   64  168   72.00000   34.00000  52.8%  29.8  771s
 67946 47255   58.00000   65  170   72.00000   34.00000  52.8%  29.8  782s
 68285 48174   58.00000   66  168   72.00000   34.00000  52.8%  29.9  793s
 69597 48313   58.00000   67  166   72.00000   34.00000  52.8%  29.8  805s
 69785 49250   58.00000   68  168   72.00000   34.00000  52.8%  29.8  814s
 71107 49298   58.00000   69  156   72.00000   34.00000  52.8%  29.8  829s
 71155 49353   58.00000   70  156   72.00000   34.00000  52.8%  29.8  838s
 71242 50599   58.00000   71  159   72.00000   34.00000  52.8%  29.8  850s
 72931 57021   60.00000   72  161   72.00000   34.00000  52.8%  29.8  862s
 81478 57113   65.00000   73  177   72.00000   34.00000  52.8%  29.8  869s
 81596 57366   65.00000   74  175   72.00000   34.00000  52.8%  29.8  876s
 81901 57648   65.00000   75  175   72.00000   34.00000  52.8%  29.8  884s
 82326 60249   71.00000  101   64   72.00000   34.00000  52.8%  29.8  893s
 85947 65704 infeasible  102        72.00000   34.00000  52.8%  29.8  902s
 94308 65724 infeasible  103        72.00000   34.00000  52.8%  29.9  924s
 94352 87590   71.00000  104   62   72.00000   34.00000  52.8%  29.9 1030s
 126352 87622 infeasible  123        72.00000   34.00000  52.8%  30.4 1052s
 126416 109360   34.00000   22  237   72.00000   34.00000  52.8%  30.4 1371s
 158416 109346   45.00000   69  214   72.00000   34.00000  52.8%  30.6 1402s
 158494 131165   45.00000   70  205   72.00000   34.00000  52.8%  30.6 1553s
*166761 122690             124      71.0000000   34.00000  52.1%  30.4 1553s
*172336 115357             128      70.0000000   34.00000  51.4%  30.5 1554s
H190494 112131                      70.0000000   34.00000  51.4%  30.5 1582s
 190597 133297   34.00000   37  223   70.00000   34.00000  51.4%  30.5 1708s
 222597 153787   64.00000   89  169   70.00000   34.00000  51.4%  30.6 1732s
 254597 154082   45.00000   65  234   70.00000   34.00000  51.4%  30.8 1752s
 254999 174703   45.00000   66  235   70.00000   34.00000  51.4%  30.8 1812s
 286999 174728 infeasible   89        70.00000   34.00000  51.4%  30.9 1831s
 287038 196229   67.00000   90  129   70.00000   34.00000  51.4%  30.9 1924s
 319038 214676   62.00000   52  156   70.00000   34.00000  51.4%  31.1 1944s
 341680 214676 infeasible  122        70.00000   34.00000  51.4%  31.4 1945s
 348114 214708   52.00000   88  207   70.00000   34.00000  51.4%  31.4 1961s
 348158 234466   67.00000   89  190   70.00000   34.00000  51.4%  31.4 2019s
 380158 234490 infeasible   94        70.00000   34.00000  51.4%  31.7 2034s
 380198 254340   37.00000   69  156   70.00000   34.00000  51.4%  31.7 2189s
 393198 254340   34.12970   67  202   70.00000   34.00000  51.4%  31.8 2190s
 412198 270089   65.00000   96  188   70.00000   34.00000  51.4%  31.9 2208s
 437168 270116   50.00000   60  196   70.00000   34.00000  51.4%  32.1 2212s
 437205 270139   50.00000   60  183   70.00000   34.00000  51.4%  32.1 2215s
 437279 270199   50.00000   62  181   70.00000   34.00000  51.4%  32.1 2222s
 437313 270221   50.00000   63  181   70.00000   34.00000  51.4%  32.1 2225s
 437387 270277   50.00000   65  178   70.00000   34.00000  51.4%  32.1 2231s
 437469 270326   50.00000   67  178   70.00000   34.00000  51.4%  32.1 2237s
 437511 270356   50.00000   67  178   70.00000   34.00000  51.4%  32.1 2240s
 437674 270470   50.00000   69  178   70.00000   34.00000  51.4%  32.1 2246s
 437843 270656   50.00000   70  176   70.00000   34.00000  51.4%  32.1 2252s
 437963 270810   64.00000   71  159   70.00000   34.00000  51.4%  32.1 2255s
 438955 271783   50.00000   71  177   70.00000   34.00000  51.4%  32.1 2265s
 440015 272379   50.00000   69  176   70.00000   34.00000  51.4%  32.1 2274s
 440634 272925   62.00000   70  182   70.00000   34.00000  51.4%  32.1 2279s
 441364 276064   62.00000   78  198   70.00000   34.00000  51.4%  32.2 2295s
 446513 281361   68.00000  108  132   70.00000   34.00000  51.4%  32.2 2305s
 454722 281391   61.00000  103  180   70.00000   34.00000  51.4%  32.2 2312s
 454756 281541   61.00000  104  176   70.00000   34.00000  51.4%  32.2 2318s
 455050 281810 infeasible  105        70.00000   34.00000  51.4%  32.2 2324s
 455489 282996   62.00000  105  175   70.00000   34.00000  51.4%  32.2 2330s
 457473 284247   47.00000   85  186   70.00000   34.00000  51.4%  32.2 2338s
 459593 286467   47.00000   86  172   70.00000   34.00000  51.4%  32.3 2346s
 463392 286738   69.00000   94  140   70.00000   34.00000  51.4%  32.3 2354s
 463791 287096 infeasible   95        70.00000   34.00000  51.4%  32.3 2362s
 464453 288693   69.00000   94  150   70.00000   34.00000  51.4%  32.3 2371s
 467102 293226   69.00000   95  150   70.00000   34.00000  51.4%  32.3 2380s
 474315 293248   69.00000   96  148   70.00000   34.00000  51.4%  32.3 2395s
 474357 312872 infeasible   97        70.00000   34.00000  51.4%  32.3 2529s
 506357 324968   67.00000   94  130   70.00000   34.00000  51.4%  32.4 2546s
 526406 324986   59.00000   59  194   70.00000   34.00000  51.4%  32.5 2550s
 526489 325030 infeasible   61        70.00000   34.00000  51.4%  32.5 2557s
 526536 325059   67.00000   62  197   70.00000   34.00000  51.4%  32.5 2561s
 526607 325104   67.00000   64  183   70.00000   34.00000  51.4%  32.5 2568s
 526653 325129   67.00000   65  177   70.00000   34.00000  51.4%  32.5 2574s
 526692 325148   67.00000   66  175   70.00000   34.00000  51.4%  32.5 2578s
 526737 325165   67.00000   67  175   70.00000   34.00000  51.4%  32.5 2586s
 526829 325203   67.00000   69  163   70.00000   34.00000  51.4%  32.5 2593s
 526874 325258   67.00000   70  164   70.00000   34.00000  51.4%  32.5 2597s
 526990 325392   67.00000   71  164   70.00000   34.00000  51.4%  32.5 2601s
 527244 325476   67.00000   72  164   70.00000   34.00000  51.4%  32.5 2605s
 527406 325597   67.00000   73  152   70.00000   34.00000  51.4%  32.5 2614s
 527633 325844 infeasible   74        70.00000   34.00000  51.4%  32.5 2627s
 528059 326147 infeasible   75        70.00000   34.00000  51.4%  32.5 2631s
 528614 326255   67.00000   76  136   70.00000   34.00000  51.4%  32.5 2637s
 528850 326499   67.00000   77  136   70.00000   34.00000  51.4%  32.5 2644s
 529292 327030   45.00000   52  202   70.00000   34.00000  51.4%  32.5 2650s
 530153 328972 infeasible   87        70.00000   34.00000  51.4%  32.5 2656s
 533093 330691   34.00000   54  285   70.00000   34.00000  51.4%  32.5 2663s
 535931 331443   51.00000   54  220   70.00000   34.00000  51.4%  32.6 2683s
 537224 345485   62.00000   55  234   70.00000   34.00000  51.4%  32.6 2719s
 561822 345508   44.00000   51  212   70.00000   34.00000  51.4%  32.6 2725s
 561863 345544   63.00000   52  175   70.00000   34.00000  51.4%  32.6 2731s
 561939 345717   63.00000   53  172   70.00000   34.00000  51.4%  32.6 2737s
 562223 345864   63.00000   54  166   70.00000   34.00000  51.4%  32.6 2744s
 562552 346004   63.00000   55  164   70.00000   34.00000  51.4%  32.6 2758s
 562832 346203   63.00000   56  211   70.00000   34.00000  51.4%  32.7 2773s
 563189 346412   63.00000   57  182   70.00000   34.00000  51.4%  32.7 2791s
 563571 346698   69.00000   58  175   70.00000   34.00000  51.4%  32.7 2806s
 564025 347041   69.00000   59  159   70.00000   34.00000  51.4%  32.7 2829s
 564560 347842   69.00000   60  157   70.00000   34.00000  51.4%  32.6 2843s
 565829 352798   69.00000   61  155   70.00000   34.00000  51.4%  32.7 2868s
 573754 353530   62.00000  106  121   70.00000   34.00000  51.4%  32.7 2881s
 574956 353754 infeasible  119        70.00000   34.00000  51.4%  32.7 2890s
 575368 353924   61.00000   65  150   70.00000   34.00000  51.4%  32.7 2900s
 575727 354208   61.00000   66  150   70.00000   34.00000  51.4%  32.7 2913s
 576240 355356   61.00000   67  158   70.00000   34.00000  51.4%  32.7 2925s
 578110 360570   61.00000   68  154   70.00000   34.00000  51.4%  32.7 2939s
 586531 361534   61.00000   69  152   70.00000   34.00000  51.4%  32.7 2948s
 588060 362181 infeasible   70        70.00000   34.00000  51.4%  32.7 2956s
 589020 363838   65.00000   71  150   70.00000   34.00000  51.4%  32.7 2966s
 591616 369313   67.00000   90  138   70.00000   34.00000  51.4%  32.7 2978s
 600415 371377 infeasible   91        70.00000   34.00000  51.4%  32.7 2992s
 603749 373729   67.00000   89  175   70.00000   34.00000  51.4%  32.7 3006s
 607694 380628 infeasible   90        70.00000   34.00000  51.4%  32.7 3020s
 619382 381132   68.00000   68  157   70.00000   34.00000  51.4%  32.7 3027s
 620198 381281   68.00000   69  155   70.00000   34.00000  51.4%  32.7 3033s
 620395 381418   68.00000   70  148   70.00000   34.00000  51.4%  32.7 3039s
 620604 381800   68.00000   71  135   70.00000   34.00000  51.4%  32.7 3047s
 621269 383344   66.00000   80  110   70.00000   34.00000  51.4%  32.7 3055s
 623656 387045   66.00000   81  102   70.00000   34.00000  51.4%  32.7 3063s
 630074 391096   66.00000   82  106   70.00000   34.00000  51.4%  32.7 3078s
 636930 392074   66.00000   83  106   70.00000   34.00000  51.4%  32.8 3085s
 638548 392681   66.00000   84  102   70.00000   34.00000  51.4%  32.8 3093s
 639570 393473   66.00000   85  104   70.00000   34.00000  51.4%  32.8 3102s
 640873 396475   66.00000   86  106   70.00000   34.00000  51.4%  32.8 3112s
 645839 396504   66.00000   87  104   70.00000   34.00000  51.4%  32.8 3121s
 645874 397669   66.00000   88  102   70.00000   34.00000  51.4%  32.8 3132s
 647634 400255   66.00000   89  102   70.00000   34.00000  51.4%  32.8 3148s
 652061 400529   66.00000   90  102   70.00000   34.00000  51.4%  32.8 3164s
 652477 400583   66.00000   91  102   70.00000   34.00000  51.4%  32.8 3177s
 652624 401011   66.00000   92  102   70.00000   34.00000  51.4%  32.8 3194s
 653358 403938   66.00000   93  104   70.00000   34.00000  51.4%  32.8 3212s
 658452 405734   66.00000   84  141   70.00000   34.00000  51.4%  32.8 3224s
 661504 406331   59.00000   90  124   70.00000   34.00000  51.4%  32.8 3238s
 662536 422781   59.00000   90  134   70.00000   34.00000  51.4%  32.8 3276s
 690677 434349   69.00000   85  168   70.00000   34.00000  51.4%  32.9 3293s
 709530 434374   69.00000   93  104   70.00000   34.00000  51.4%  32.9 3297s
 709569 434394   69.00000   94  106   70.00000   34.00000  51.4%  32.9 3301s
 709665 434424   69.00000   96  100   70.00000   34.00000  51.4%  32.9 3308s
 709711 434448   69.00000   97  100   70.00000   34.00000  51.4%  32.9 3312s
 709751 434475   69.00000   98  100   70.00000   34.00000  51.4%  32.9 3315s
 709834 434508 infeasible  100        70.00000   34.00000  51.4%  32.9 3323s
 709881 434523 infeasible  100        70.00000   34.00000  51.4%  32.9 3329s
 709930 434546   34.32215   57  237   70.00000   34.00000  51.4%  32.9 3334s
 709947 434546   60.00000   62  149   70.00000   34.00000  51.4%  32.9 3335s
 710015 434584   34.32215   59  239   70.00000   34.00000  51.4%  32.9 3342s
 710061 434609   50.00000   60  208   70.00000   34.00000  51.4%  32.9 3351s
 710099 434633   50.00000   61  186   70.00000   34.00000  51.4%  32.9 3357s
 710139 434660   50.00000   62  184   70.00000   34.00000  51.4%  32.9 3366s
 710176 434698   50.00000   63  181   70.00000   34.00000  51.4%  32.9 3372s
 710242 434719   50.00000   64  179   70.00000   34.00000  51.4%  32.9 3380s
 710285 434736   50.00000   65  177   70.00000   34.00000  51.4%  32.9 3388s
 710331 434758   62.00000   66  167   70.00000   34.00000  51.4%  32.9 3393s
 710373 434784   62.00000   67  163   70.00000   34.00000  51.4%  32.9 3406s
 710411 434813   62.00000   68  163   70.00000   34.00000  51.4%  32.9 3411s
 710446 434839     cutoff   69        70.00000   34.00000  51.4%  32.9 3425s
 710484 434869   62.00000   70  155   70.00000   34.00000  51.4%  32.9 3434s
 710517 434895   62.00000   71  153   70.00000   34.00000  51.4%  32.9 3444s
 710553 434929   62.00000   72  152   70.00000   34.00000  51.4%  32.9 3450s
 710608 434964   62.00000   73  150   70.00000   34.00000  51.4%  32.9 3463s
 710698 434983     cutoff   74        70.00000   34.00000  51.4%  32.9 3469s
 710743 435004   62.00000   75  147   70.00000   34.00000  51.4%  32.9 3483s
 710786 435028   62.00000   76  143   70.00000   34.00000  51.4%  32.9 3499s
 710825 435083   62.00000   77  149   70.00000   34.00000  51.4%  32.9 3510s
 710918 435108   69.00000   78  139   70.00000   34.00000  51.4%  32.9 3520s
 710956 435209   69.00000   79  135   70.00000   34.00000  51.4%  32.9 3535s
 711085 435296   69.00000   80  135   70.00000   34.00000  51.4%  32.9 3545s
 711232 435320   69.00000   81  128   70.00000   34.00000  51.4%  32.9 3562s
 711275 435363   69.00000   82  126   70.00000   34.00000  51.4%  32.9 3574s
 711338 435439   69.00000   83  120   70.00000   34.00000  51.4%  32.9 3590s
 711498 435477   69.00000   84  120   70.00000   34.00000  51.4%  32.9 3600s

Cutting planes:
  Gomory: 82
  Cover: 361
  Implied bound: 204
  MIR: 1150
  StrongCG: 1
  Flow cover: 1795
  GUB cover: 1
  Network: 1
  RLT: 1408
  Relax-and-lift: 565
  BQP: 49
  PSD: 189

Explored 711561 nodes (23430349 simplex iterations) in 3600.06 seconds (1491.08 work units)
Thread count was 32 (of 32 available processors)

Solution count 10: 70 70 71 ... 76

Time limit reached
Best objective 6.999999999290e+01, best bound 3.400000000000e+01, gap 51.4286%
