
Gurobi 13.0.0 (linux64) logging started Thu Nov 20 10:48:32 2025

Set parameter LogFile to value "./Results/StripPacking-CutHeur/Logs/NU-111-StripPacking-15.log"
Set parameter TimeLimit to value 3600
Set parameter Cuts to value 1
Set parameter Presolve to value 1
Set parameter Heuristics to value 1
Set parameter LogToConsole to value 0
Set parameter LPWarmStart to value 2
Gurobi Optimizer version 13.0.0 build v13.0.0rc1 (linux64 - "Debian GNU/Linux 12 (bookworm)")

CPU model: Intel(R) Xeon(R) CPU E5-2630 v3 @ 2.40GHz, instruction set [SSE2|AVX|AVX2]
Thread count: 16 physical cores, 32 logical processors, using up to 32 threads

Non-default parameters:
TimeLimit  3600
LPWarmStart  2
Heuristics  1
Cuts  1
LogToConsole  0
Presolve  1

Optimize a model with 540 rows, 451 columns and 1710 nonzeros (Min)
Model fingerprint: 0xdf8c27b7
Model has 1 linear objective coefficients
Variable types: 31 continuous, 420 integer (420 binary)
Coefficient statistics:
  Matrix range     [1e+00, 1e+04]
  Objective range  [1e+00, 1e+00]
  Bounds range     [1e+00, 1e+04]
  RHS range        [1e+00, 1e+04]

Warning: Completing partial solution with 420 unfixed non-continuous variables out of 420
User MIP start produced solution with objective 72 (0.00s)
User MIP start produced solution with objective 72 (0.00s)
Loaded user MIP start with objective 72

Presolve time: 0.01s
Presolved: 540 rows, 451 columns, 1710 nonzeros
Variable types: 31 continuous, 420 integer (420 binary)

Root relaxation: objective 3.700000e+01, 234 iterations, 0.00 seconds (0.00 work units)

    Nodes    |    Current Node    |     Objective Bounds      |     Work
 Expl Unexpl |  Obj  Depth IntInf | Incumbent    BestBd   Gap | It/Node Time

     0     0   37.00000    0   24   72.00000   37.00000  48.6%     -    0s
H    0     0                      71.0000000   37.00000  47.9%     -    0s
H    0     0                      68.0000000   37.00000  45.6%     -    0s
H    0     0                      59.0000000   37.00000  37.3%     -    0s
     0     0   37.00000    0   48   59.00000   37.00000  37.3%     -    0s
     0     0   37.00000    0   58   59.00000   37.00000  37.3%     -    0s
     0     0   37.00000    0   67   59.00000   37.00000  37.3%     -    0s
     0     0   37.00000    0   22   59.00000   37.00000  37.3%     -    0s
     0     0   37.00000    0   58   59.00000   37.00000  37.3%     -    0s
     0     0   37.00000    0   14   59.00000   37.00000  37.3%     -    0s
     0     0   37.00000    0   28   59.00000   37.00000  37.3%     -    0s
     0     0   37.00000    0   52   59.00000   37.00000  37.3%     -    0s
     0     0   37.00000    0   28   59.00000   37.00000  37.3%     -    0s
H    0     0                      58.0000000   37.00000  36.2%     -    0s
     0     0   37.00000    0   28   58.00000   37.00000  36.2%     -    0s
     0     0   37.00000    0   26   58.00000   37.00000  36.2%     -    0s
     0     0   37.00000    0   16   58.00000   37.00000  36.2%     -    0s
     0     0   37.00000    0   16   58.00000   37.00000  36.2%     -    0s
     0     0   37.00000    0   16   58.00000   37.00000  36.2%     -    0s
H    0     0                      57.0000000   37.00000  35.1%     -    0s
     0     2   37.00000    0   16   57.00000   37.00000  35.1%     -    0s
H  123   127                      56.0000000   37.00000  33.9%  14.9    0s
H  387   523                      53.0000000   37.00000  30.2%  13.3    0s
H  658   910                      52.0000000   37.00000  28.8%  11.8    0s
H 3325  2033                      52.0000000   37.00000  28.8%   9.7    1s
H 3465  1869                      51.0000000   37.00000  27.5%   9.8    1s
H 4083  2045                      51.0000000   37.00000  27.5%  14.1    2s
H 4311  1985                      50.0000000   37.00000  26.0%  15.4    2s
H 4786  2034                      50.0000000   37.00000  26.0%  17.5    3s
  5082  2000     cutoff   40        50.00000   37.00000  26.0%  19.3    5s
  5820  2023 infeasible   44        50.00000   37.00000  26.0%  21.6   10s
* 7343  2048              49      49.0000000   37.00000  24.5%  25.3   13s
H 9159  1961                      49.0000000   37.00000  24.5%  29.0   14s
  9188  1976   47.00000   28   66   49.00000   37.00000  24.5%  29.1   15s
  9595  2063   47.00000   34   39   49.00000   37.00000  24.5%  29.5   20s
 10013  2152   37.00000   27   47   49.00000   37.00000  24.5%  30.3   25s
 10769  2319   46.00000   29   47   49.00000   37.00000  24.5%  31.3   30s
 11197  2372 infeasible   33        49.00000   37.00000  24.5%  31.9   35s
 11616  2516 infeasible   29        49.00000   37.00000  24.5%  32.0   41s
 11999  2669   47.00000   32   52   49.00000   37.00000  24.5%  32.2   45s
 12677  2809 infeasible   41        49.00000   37.00000  24.5%  32.6   53s
 12992  2847 infeasible   38        49.00000   37.00000  24.5%  32.9   56s
 13325  2963 infeasible   30        49.00000   37.00000  24.5%  33.2   60s
*14384  3157              52      48.0000000   37.00000  22.9%  34.1   62s
H16344  3474                      48.0000000   37.00000  22.9%  35.4   64s
 16767  3501   46.00000   35   66   48.00000   37.00000  22.9%  35.5   66s
 16894  3561     cutoff   38        48.00000   37.00000  22.9%  35.5   71s
 17327  3720   46.00000   39   28   48.00000   37.00000  22.9%  35.8   76s
 18011  3899   47.00000   37   51   48.00000   37.00000  22.9%  36.1   81s
 19415  4192 infeasible   28        48.00000   37.00000  22.9%  36.6   85s
 21325  4547 infeasible   41        48.00000   37.00000  22.9%  36.9   90s
 21628  4766 infeasible   42        48.00000   37.00000  22.9%  36.8   95s
 23924  5228 infeasible   29        48.00000   37.00000  22.9%  37.4  101s
 25937  5341 infeasible   37        48.00000   37.00000  22.9%  37.4  107s
 26624  5569   37.00000   33   67   48.00000   37.00000  22.9%  37.4  112s
 27013  5807   37.12929   34   80   48.00000   37.00000  22.9%  37.4  115s
 30167  6407   46.00000   36   51   48.00000   37.00000  22.9%  37.7  123s
 31726  6401   37.00000   35   63   48.00000   37.00000  22.9%  37.9  127s
 31853  6457   37.00000   35   79   48.00000   37.00000  22.9%  38.0  131s
 32046  6463   37.00000   36   65   48.00000   37.00000  22.9%  38.0  135s
 32102  6480     cutoff   36        48.00000   37.00000  22.9%  38.0  140s
 32257  6487   37.00000   37   62   48.00000   37.00000  22.9%  37.9  145s
 32313  6644   43.00000   38   65   48.00000   37.00000  22.9%  37.9  151s
 33226  6873   43.00000   39   49   48.00000   37.00000  22.9%  37.9  158s
 34554  6970   40.00000   33   50   48.00000   37.00000  22.9%  37.9  164s
 35191  7369 infeasible   36        48.00000   37.00000  22.9%  37.9  171s
 37287  7871   37.34699   36   83   48.00000   37.00000  22.9%  37.8  177s
 41949  7880   37.40529   35   76   48.00000   37.00000  22.9%  38.4  181s
 42004  7975 infeasible   37        48.00000   37.00000  22.9%  38.5  186s
 42629  7989   46.00000   36   62   48.00000   37.00000  22.9%  38.5  191s
 42687  8017   46.00000   37   63   48.00000   37.00000  22.9%  38.5  196s
 42983  8579 infeasible   37        48.00000   37.00000  22.9%  38.5  201s
 45957  9229   46.00000   38   47   48.00000   37.00000  22.9%  38.4  205s
 53050  9241   46.00000   36   44   48.00000   37.00000  22.9%  39.1  212s
 53116  9258   46.00000   37   48   48.00000   37.00000  22.9%  39.2  215s
 53262  9321 infeasible   38        48.00000   37.00000  22.9%  39.2  222s
 53720  9404   46.00000   39   55   48.00000   37.00000  22.9%  39.2  226s
 54414  9407   46.00000   35   49   48.00000   37.00000  22.9%  39.3  231s
 54583  9562 infeasible   41        48.00000   37.00000  22.9%  39.3  235s
 56621  9854 infeasible   42        48.00000   37.00000  22.9%  39.4  240s
 59182  9981   46.00000   43   58   48.00000   37.00000  22.9%  39.5  248s
 60161 11679   47.00000   44   68   48.00000   37.00000  22.9%  39.6  260s
H66339 10330                      47.0000000   37.00000  21.3%  39.6  260s
 71524  9994 infeasible   36        47.00000   37.00000  21.3%  39.7  267s
 71904  9994 infeasible   28        47.00000   37.00000  21.3%  39.7  270s
 72025 10016 infeasible   30        47.00000   37.00000  21.3%  39.7  277s
 72332 10078   37.20300   36   90   47.00000   37.00000  21.3%  39.7  281s
 73006 10112 infeasible   37        47.00000   37.00000  21.3%  39.8  285s
 73408 10110 infeasible   35        47.00000   37.00000  21.3%  39.9  290s
 75983 10513 infeasible   46        47.00000   37.00000  21.3%  40.2  299s
H80022 10513                      47.0000000   37.00000  21.3%  40.6  299s
 80533 10473   37.00000   32   50   47.00000   37.00000  21.3%  40.6  304s
 81268 10495   46.00000   33   42   47.00000   37.00000  21.3%  40.7  309s
 82845 10280 infeasible   34        47.00000   37.00000  21.3%  40.9  315s
 86957 10297   46.00000   36   54   47.00000   37.00000  21.3%  40.8  320s
 87004 10260 infeasible   37        47.00000   37.00000  21.3%  40.9  326s
 87532  9786 infeasible   37        47.00000   37.00000  21.3%  40.9  331s
 92264  9766   46.00000   36   52   47.00000   37.00000  21.3%  40.7  337s
 92468  9442 infeasible   37        47.00000   37.00000  21.3%  40.7  342s
 94620  9361   46.00000   35   60   47.00000   37.00000  21.3%  40.6  349s
 95767  9345   41.00000   34   77   47.00000   37.10534  21.1%  40.6  355s
 95847  9321   41.00000   35   62   47.00000   37.10534  21.1%  40.6  362s
 96061  9312 infeasible   37        47.00000   37.10534  21.1%  40.6  369s
 96134  9142   46.00000   36   52   47.00000   37.10534  21.1%  40.6  376s
 97289  8995   46.00000   37   52   47.00000   39.00000  17.0%  40.5  383s
 98257  7660 infeasible   34        47.00000   39.00000  17.0%  40.5  391s
 106167  7643 infeasible   37        47.00000   41.00000  12.8%  39.9  398s
 106388  7258 infeasible   34        47.00000   41.00000  12.8%  39.9  404s
 108248  7106 infeasible   34        47.00000   41.00000  12.8%  39.8  411s
 109320  7107     cutoff   27        47.00000   43.00000  8.51%  39.8  418s
 109383  6971 infeasible   29        47.00000   43.00000  8.51%  39.8  426s
 110588  6970   43.00000   36   48   47.00000   43.00000  8.51%  39.7  435s
 110680  6812   43.00000   37   44   47.00000   43.00000  8.51%  39.7  443s
 112923  5319 infeasible   32        47.00000   43.00000  8.51%  39.5  452s
 123388  5114 infeasible   40        47.00000   43.00000  8.51%  38.7  458s
 126563  5098   46.00000   34   27   47.00000   43.00000  8.51%  38.5  464s
 126723  4933   46.00000   35   38   47.00000   43.00000  8.51%  38.4  469s
 127668  4926 infeasible   34        47.00000   43.00000  8.51%  38.4  475s
 127739  4828   46.00000   45   32   47.00000   43.00000  8.51%  38.4  481s
 128631  4418   46.00000   36   45   47.00000   44.00000  6.38%  38.3  487s
 133934  4343 infeasible   37        47.00000   46.00000  2.13%  37.9  493s
 134443  3991 infeasible   37        47.00000   46.00000  2.13%  37.9  500s
 136881  2930   46.00000   36   52   47.00000   46.00000  2.13%  37.7  507s
 145584  2943 infeasible   37        47.00000   46.00000  2.13%  37.2  512s
 145635  2955   46.00000   38   42   47.00000   46.00000  2.13%  37.2  516s
 146277  2954 infeasible   39        47.00000   46.00000  2.13%  37.2  521s
 146342  2926 infeasible   40        47.00000   46.00000  2.13%  37.2  526s
 147174  2840   46.00000   36   42   47.00000   46.00000  2.13%  37.1  532s
 149857  1941   46.00000   43   52   47.00000   46.00000  2.13%  36.9  538s
 157218  1145 infeasible   43        47.00000   46.00000  2.13%  36.6  543s
 163943  1143   46.00000   31   56   47.00000   46.00000  2.13%  36.2  547s
 164007  1149   46.00000   32   56   47.00000   46.00000  2.13%  36.2  550s
 164222  1175 infeasible   49        47.00000   46.00000  2.13%  36.2  558s
 164502  1187 infeasible   44        47.00000   46.00000  2.13%  36.2  563s
 165689   400 infeasible   50        47.00000   46.00000  2.13%  36.1  573s
 172576   380 infeasible   47        47.00000   46.00000  2.13%  35.8  577s
 174429   387   46.00000   40   48   47.00000   46.00000  2.13%  35.7  582s
 174486   253     cutoff   41        47.00000   46.00000  2.13%  35.7  586s
 175613   200 infeasible   40        47.00000   46.00000  2.13%  35.6  591s
 177462   217   46.00000   37   59   47.00000   46.00000  2.13%  35.5  596s
 177509   203   46.00000   38   59   47.00000   46.00000  2.13%  35.5  601s
 178111   230 infeasible   39        47.00000   46.00000  2.13%  35.5  608s
 178310   363 infeasible   53        47.00000   46.00000  2.13%  35.5  614s
 179566    68   46.00000   54   22   47.00000   46.00000  2.13%  35.3  618s
 181903     0   46.00000   48   48   47.00000   46.00000  2.13%  35.2  621s

Cutting planes:
  Gomory: 59
  Cover: 182
  Implied bound: 110
  Clique: 17
  MIR: 471
  Flow cover: 716
  GUB cover: 1
  Inf proof: 1
  Zero half: 2
  Network: 1
  RLT: 452
  Relax-and-lift: 255
  BQP: 12
  PSD: 66

Explored 184118 nodes (6464534 simplex iterations) in 621.64 seconds (204.42 work units)
Thread count was 32 (of 32 available processors)

Solution count 10: 47 47 47 ... 51

Optimal solution found (tolerance 1.00e-04)
Best objective 4.700000000000e+01, best bound 4.700000000000e+01, gap 0.0000%
