
Gurobi 13.0.0 (linux64) logging started Mon Nov 24 12:43:29 2025

Set parameter LogFile to value "./Results/StripPacking-CutHeur/Logs/NU-111-StripPacking-15-0.log"
Set parameter TimeLimit to value 3600
Set parameter Cuts to value 1
Set parameter Presolve to value 1
Set parameter Heuristics to value 1
Set parameter LogToConsole to value 0
Set parameter LPWarmStart to value 2
Gurobi Optimizer version 13.0.0 build v13.0.0rc1 (linux64 - "Debian GNU/Linux 12 (bookworm)")

CPU model: Intel(R) Xeon(R) CPU E5-2630 v3 @ 2.40GHz, instruction set [SSE2|AVX|AVX2]
Thread count: 16 physical cores, 32 logical processors, using up to 32 threads

Non-default parameters:
TimeLimit  3600
LPWarmStart  2
Heuristics  1
Cuts  1
LogToConsole  0
Presolve  1

Optimize a model with 540 rows, 451 columns and 1710 nonzeros (Min)
Model fingerprint: 0xa9e4eb23
Model has 1 linear objective coefficients
Variable types: 31 continuous, 420 integer (420 binary)
Coefficient statistics:
  Matrix range     [1e+00, 1e+04]
  Objective range  [1e+00, 1e+00]
  Bounds range     [1e+00, 1e+04]
  RHS range        [1e+00, 1e+04]

Warning: Completing partial solution with 420 unfixed non-continuous variables out of 420
User MIP start produced solution with objective 62.1 (0.00s)
User MIP start produced solution with objective 62.1 (0.00s)
Loaded user MIP start with objective 62.1

Presolve time: 0.01s
Presolved: 540 rows, 451 columns, 1710 nonzeros
Variable types: 31 continuous, 420 integer (420 binary)

Root relaxation: objective 3.200000e+01, 198 iterations, 0.00 seconds (0.00 work units)

    Nodes    |    Current Node    |     Objective Bounds      |     Work
 Expl Unexpl |  Obj  Depth IntInf | Incumbent    BestBd   Gap | It/Node Time

     0     0   32.00000    0   42   62.10000   32.00000  48.5%     -    0s
H    0     0                      62.0000000   32.00000  48.4%     -    0s
H    0     0                      59.0000000   32.00000  45.8%     -    0s
     0     0   32.00000    0   52   59.00000   32.00000  45.8%     -    0s
H    0     0                      57.0000000   32.00000  43.9%     -    0s
     0     0   32.00000    0   52   57.00000   32.00000  43.9%     -    0s
H    0     0                      55.0000000   32.00000  41.8%     -    0s
     0     0   32.00000    0   62   55.00000   32.00000  41.8%     -    0s
     0     0   32.00000    0   18   55.00000   32.00000  41.8%     -    0s
H    0     0                      54.0000000   32.00000  40.7%     -    0s
     0     0   32.00000    0   24   54.00000   32.00000  40.7%     -    0s
     0     0   32.00000    0   54   54.00000   32.00000  40.7%     -    0s
     0     0   32.00000    0   28   54.00000   32.00000  40.7%     -    0s
     0     0   32.00000    0   42   54.00000   32.00000  40.7%     -    0s
     0     0   32.00000    0   59   54.00000   32.00000  40.7%     -    0s
     0     0   32.00000    0   24   54.00000   32.00000  40.7%     -    0s
H    0     0                      53.0000000   32.00000  39.6%     -    0s
     0     0   32.00000    0   59   53.00000   32.00000  39.6%     -    0s
     0     0   32.00000    0   58   53.00000   32.00000  39.6%     -    0s
     0     0   32.00000    0   26   53.00000   32.00000  39.6%     -    0s
     0     0   32.00000    0   26   53.00000   32.00000  39.6%     -    0s
     0     0   32.00000    0   26   53.00000   32.00000  39.6%     -    0s
     0     2   32.00000    0   25   53.00000   32.00000  39.6%     -    0s
H   17    28                      52.0000000   32.00000  38.5%  18.0    0s
H   39    41                      51.0000000   32.00000  37.3%  22.3    0s
H  355   393                      49.0000000   32.00000  34.7%  15.3    0s
H  690   597                      48.0000000   32.00000  33.3%  13.8    0s
H 1379   890                      47.0000000   32.00000  31.9%  13.2    0s
  3613  1933   46.00000   28   38   47.00000   32.00000  31.9%  20.2    5s
* 4217  1984              46      46.0000000   32.00000  30.4%  23.5    8s
H 4789  2037                      46.0000000   32.00000  30.4%  25.2    8s
  6023  1982   45.00000   43   43   46.00000   32.00000  30.4%  28.5   10s
  6672  1964   32.12931   28  147   46.00000   32.00000  30.4%  29.5   15s
H 6769  1889                      45.0000000   32.00000  28.9%  29.6   16s
 10339  1732 infeasible   37        45.00000   32.00000  28.9%  35.3   20s
 10901  1819   39.00000   27   85   45.00000   32.00000  28.9%  36.3   25s
 11401  1891   40.00000   30   82   45.00000   32.00000  28.9%  37.3   30s
H11688  1940                      45.0000000   32.00000  28.9%  37.7   33s
 11835  1946   32.26785   31   53   45.00000   32.00000  28.9%  37.9   35s
 12299  2004 infeasible   30        45.00000   32.00000  28.9%  38.5   40s
 12654  1989   41.00000   36   76   45.00000   32.00000  28.9%  38.8   45s
 12992  2020   41.00000   35   36   45.00000   32.00000  28.9%  39.1   50s
 13502  2047     cutoff   26        45.00000   32.00000  28.9%  39.6   55s
 14632  2098   41.00000   31   48   45.00000   32.00000  28.9%  40.1   60s
 18139  1972   40.00000   36   78   45.00000   32.00000  28.9%  40.3   66s
 19874  1954   35.00000   33   54   45.00000   34.00000  24.4%  40.1   70s
 20941  1934 infeasible   36        45.00000   34.00000  24.4%  39.7   75s
 21243  1943   41.00000   37   48   45.00000   34.00000  24.4%  39.6   80s
 21678  1970 infeasible   40        45.00000   34.00000  24.4%  39.4   85s
 21959  1968   37.00000   42   62   45.00000   34.00000  24.4%  39.3   90s
 22235  1953   39.00000   45   54   45.00000   35.00000  22.2%  39.2   96s
 22428  1963 infeasible   47        45.00000   35.00000  22.2%  39.2  100s
 22956  1961 infeasible   40        45.00000   37.00000  17.8%  38.9  106s
 23992  1992   37.00000   44   55   45.00000   37.00000  17.8%  38.5  110s
 24430  1985 infeasible   46        45.00000   37.00000  17.8%  38.3  115s
 24563  2003   37.00000   47   65   45.00000   37.00000  17.8%  38.2  120s
 24669  2017   37.00000   49   64   45.00000   37.00000  17.8%  38.2  125s
 24829  2017 infeasible   52        45.00000   37.00000  17.8%  38.1  131s
 24946  2026 infeasible   53        45.00000   37.00000  17.8%  38.1  136s
 25069  2036 infeasible   33        45.00000   37.00000  17.8%  38.0  141s
 25182  2040 infeasible   35        45.00000   37.00000  17.8%  38.0  147s
 25282  2032   43.00000   37   50   45.00000   37.00000  17.8%  37.9  150s
 25541  2074   39.00000   36   43   45.00000   37.00000  17.8%  37.8  156s
 25831  2089 infeasible   38        45.00000   37.00000  17.8%  37.7  162s
 26220  2099   39.00000   30   63   45.00000   37.00000  17.8%  37.6  166s
 26924  2128   39.00000   32   54   45.00000   37.00000  17.8%  37.4  173s
 27328  2145   39.00000   33   54   45.00000   37.00000  17.8%  37.3  177s
 28157  2145 infeasible   34        45.00000   37.00000  17.8%  37.1  181s
 28222  2201 infeasible   36        45.00000   37.00000  17.8%  37.1  185s
 30235  2242 infeasible   46        45.00000   38.00000  15.6%  36.4  195s
 30287  2268   38.00000   47   60   45.00000   38.00000  15.6%  36.4  213s
 35759  1659 infeasible   32        45.00000   39.00000  13.3%  35.1  217s
 42319  1667 infeasible   37        45.00000   39.00000  13.3%  34.1  220s
 42455  1629   41.00000   38   42   45.00000   40.00000  11.1%  34.1  225s
 42676  1622 infeasible   40        45.00000   40.00000  11.1%  34.1  231s
 42805  1610   41.00000   41   36   45.00000   40.00000  11.1%  34.1  236s
 42963  1583   41.00000   43   40   45.00000   40.00000  11.1%  34.1  241s
 43118  1573 infeasible   45        45.00000   41.00000  8.89%  34.1  247s
 43210  1570 infeasible   44        45.00000   41.00000  8.89%  34.1  250s
 43341  1576   41.00000   46   30   45.00000   41.00000  8.89%  34.1  258s
 43397  1559 infeasible   47        45.00000   41.00000  8.89%  34.1  261s
 43574  1575 infeasible   47        45.00000   41.00000  8.89%  34.0  268s
 43964  1567 infeasible   37        45.00000   41.00000  8.89%  33.9  272s
 44110  1598 infeasible   38        45.00000   41.00000  8.89%  33.9  275s
 44875  1631   42.00000   43   40   45.00000   41.00000  8.89%  33.7  283s
 44978  1639   42.00000   34   50   45.00000   41.00000  8.89%  33.7  287s
 45888  1294 infeasible   34        45.00000   41.00000  8.89%  33.5  291s
 49521  1267   42.00000   35   46   45.00000   41.00000  8.89%  33.1  295s
 51187  1246 infeasible   36        45.00000   41.00000  8.89%  32.7  302s
 51366  1239 infeasible   38        45.00000   41.00000  8.89%  32.7  307s
 51532  1219 infeasible   36        45.00000   41.00000  8.89%  32.7  311s
 51674  1197   44.00000   39   41   45.00000   41.00000  8.89%  32.7  316s
 52958  1084   43.00000   47   41   45.00000   41.00000  8.89%  32.5  321s
 53667   976   43.00000   48   51   45.00000   42.00000  6.67%  32.4  325s
 54707   828   43.00000   49   61   45.00000   42.00000  6.67%  32.3  330s
 59673   358 infeasible   51        45.00000   42.00000  6.67%  31.6  335s
 63133   354   43.00000   34   42   45.00000   42.00000  6.67%  31.4  344s
 63209   343   43.00000   35   34   45.00000   42.00000  6.67%  31.4  349s
 63284   343 infeasible   36        45.00000   43.00000  4.44%  31.4  353s
 63348   324   43.00000   37   55   45.00000   43.00000  4.44%  31.4  358s
 63461   316 infeasible   38        45.00000   43.00000  4.44%  31.4  363s
 63532   263     cutoff   39        45.00000   43.00000  4.44%  31.4  368s
 63831   265 infeasible   39        45.00000   43.00000  4.44%  31.4  373s
 63943   199 infeasible   36        45.00000   43.00000  4.44%  31.4  378s
 64330   190   43.00000   34   50   45.00000   43.00000  4.44%  31.4  383s
 64482   166 infeasible   35        45.00000   43.00000  4.44%  31.4  390s
 64679   144 infeasible   36        45.00000   43.00000  4.44%  31.4  395s
 67489    36   43.00000   42   27   45.00000   43.00000  4.44%  31.0  403s
 67510    15 infeasible   43        45.00000   43.00000  4.44%  31.0  406s
 67584     2 infeasible   61        45.00000   43.00000  4.44%  31.0  412s

Cutting planes:
  Gomory: 43
  Cover: 136
  Implied bound: 104
  Clique: 14
  MIR: 465
  Knapsack: 2
  StrongCG: 1
  Flow cover: 614
  GUB cover: 1
  Inf proof: 4
  RLT: 357
  Relax-and-lift: 215
  BQP: 11
  PSD: 105

Explored 67594 nodes (2098555 simplex iterations) in 412.42 seconds (134.54 work units)
Thread count was 32 (of 32 available processors)

Solution count 10: 45 45 45 ... 53

Optimal solution found (tolerance 1.00e-04)
Best objective 4.500000000000e+01, best bound 4.500000000000e+01, gap 0.0000%
