
Gurobi 13.0.0 (linux64) logging started Wed Nov 26 08:01:56 2025

Set parameter LogFile to value "./Results/StripPacking-CutHeur/Logs/NU-111-StripPacking-50-0.log"
Set parameter TimeLimit to value 3600
Set parameter Cuts to value 1
Set parameter Presolve to value 1
Set parameter Heuristics to value 1
Set parameter LogToConsole to value 0
Set parameter LPWarmStart to value 2
Gurobi Optimizer version 13.0.0 build v13.0.0rc1 (linux64 - "Debian GNU/Linux 12 (bookworm)")

CPU model: Intel(R) Xeon(R) CPU E5-2630 v3 @ 2.40GHz, instruction set [SSE2|AVX|AVX2]
Thread count: 16 physical cores, 32 logical processors, using up to 32 threads

Non-default parameters:
TimeLimit  3600
LPWarmStart  2
Heuristics  1
Cuts  1
LogToConsole  0
Presolve  1

Optimize a model with 6175 rows, 5001 columns and 19700 nonzeros (Min)
Model fingerprint: 0xe0aed396
Model has 1 linear objective coefficients
Variable types: 101 continuous, 4900 integer (4900 binary)
Coefficient statistics:
  Matrix range     [1e+00, 1e+04]
  Objective range  [1e+00, 1e+00]
  Bounds range     [1e+00, 1e+04]
  RHS range        [1e+00, 1e+04]

Warning: Completing partial solution with 4900 unfixed non-continuous variables out of 4900
User MIP start produced solution with objective 191.6 (0.01s)
Loaded user MIP start with objective 191.6

Presolve time: 0.03s
Presolved: 6175 rows, 5001 columns, 19700 nonzeros
Variable types: 101 continuous, 4900 integer (4900 binary)

Root relaxation: objective 3.500000e+01, 2358 iterations, 0.05 seconds (0.03 work units)

    Nodes    |    Current Node    |     Objective Bounds      |     Work
 Expl Unexpl |  Obj  Depth IntInf | Incumbent    BestBd   Gap | It/Node Time

     0     0   35.00000    0  498  191.60000   35.00000  81.7%     -    0s
H    0     0                     183.0000000   35.00000  80.9%     -    0s
     0     0   35.00000    0 1100  183.00000   35.00000  80.9%     -    0s
     0     0   35.00000    0 1062  183.00000   35.00000  80.9%     -    0s
H    0     0                     182.0000000   35.00000  80.8%     -    1s
     0     0   35.00000    0 1199  182.00000   35.00000  80.8%     -    1s
     0     0   35.00000    0  447  182.00000   35.00000  80.8%     -    1s
     0     0   35.00000    0  692  182.00000   35.00000  80.8%     -    1s
     0     0   35.00000    0 1161  182.00000   35.00000  80.8%     -    2s
     0     0   35.00000    0  483  182.00000   35.00000  80.8%     -    2s
H    0     0                     182.0000000   35.00000  80.8%     -    2s
H    0     0                     181.0000000   35.00000  80.7%     -    2s
H    0     0                     180.0000000   35.00000  80.6%     -    2s
     0     0   35.00000    0  789  180.00000   35.00000  80.6%     -    2s
H    0     0                     179.0000000   35.00000  80.4%     -    2s
     0     0   35.00000    0 1029  179.00000   35.00000  80.4%     -    2s
     0     0   35.00000    0  469  179.00000   35.00000  80.4%     -    3s
H    0     0                     178.0000000   35.00000  80.3%     -    3s
H    0     0                     176.0000000   35.00000  80.1%     -    3s
H    0     0                     175.0000000   35.00000  80.0%     -    3s
     0     0   35.00000    0  984  175.00000   35.00000  80.0%     -    3s
     0     0   35.00000    0 1115  175.00000   35.00000  80.0%     -    3s
     0     0   35.00000    0  558  175.00000   35.00000  80.0%     -    3s
H    0     0                     174.0000000   35.00000  79.9%     -    3s
     0     0   35.00000    0  558  174.00000   35.00000  79.9%     -    4s
     0     0   35.00000    0  552  174.00000   35.00000  79.9%     -    4s
     0     2   35.00000    0  552  174.00000   35.00000  79.9%     -    4s
H    7    16                     172.0000000   35.00000  79.7%  91.9    4s
    15    29   35.00000    4 1131  172.00000   35.00000  79.7%   511    5s
H   18    29                     172.0000000   35.00000  79.7%   500    5s
H   87    93                     171.0000000   35.00000  79.5%   360    6s
H   94    93                     170.0000000   35.00000  79.4%   336    6s
   160   174   47.00000   12 1146  170.00000   35.00000  79.4%   222   10s
   224   238   47.00000   16 1136  170.00000   35.00000  79.4%   169   15s
H  271   269                     168.0000000   35.00000  79.2%   144   18s
H  272   347                     167.0000000   35.00000  79.0%   144   18s
H  459   459                     166.0000000   35.00000  78.9%   100   19s
   560   642   47.00000   35 1162  166.00000   35.00000  78.9%  85.1   20s
H  704   730                     165.0000000   35.00000  78.8%  72.6   21s
H  756   762                     164.0000000   35.00000  78.7%  69.7   21s
   975   982   47.00000   59 1114  164.00000   35.00000  78.7%  60.1   25s
H 1030  1027                     163.0000000   35.00000  78.5%  58.5   29s
  1060  1053   47.00000   64 1174  163.00000   35.00000  78.5%  58.0   30s
H 1064  1053                     160.0000000   35.00000  78.1%  58.2   30s
H 1092  1085                     159.0000000   35.00000  78.0%  61.0   31s
  1156  1149   47.00000   69 1146  159.00000   35.00000  78.0%  60.3   36s
  1220  1213   47.00000   72 1176  159.00000   35.00000  78.0%  59.1   40s
H 1255  1244                     158.0000000   35.00000  77.8%  57.8   43s
H 1457  1462                     158.0000000   35.00000  77.8%  53.9   43s
  1634  1648   62.00000  102 1098  158.00000   35.00000  77.8%  51.2   45s
  1740  1726   47.00000  111 1164  158.00000   35.00000  77.8%  50.0   50s
  1804  1790   47.00000  114 1175  158.00000   35.00000  77.8%  49.0   55s
  1869  1853   47.00000  118 1158  158.00000   35.00000  77.8%  48.3   60s
  1901  1885   47.00000  120 1156  158.00000   35.00000  77.8%  47.8   65s
  1965  1949   47.00000  123 1150  158.00000   35.00000  77.8%  47.0   72s
  1997  1981   47.00000  125 1128  158.00000   35.00000  77.8%  46.4   80s
  2045  2027   47.00000  128 1124  158.00000   35.00000  77.8%  45.9   89s
  2061  2054   47.00000  129 1122  158.00000   35.00000  77.8%  45.7   90s
  2146  2148   47.00000  131 1122  158.00000   35.00000  77.8%  45.1   95s
  2245  2224   47.00000  134 1102  158.00000   35.00000  77.8%  44.4  100s
  2294  2272   47.00000  137 1098  158.00000   35.00000  77.8%  43.9  105s
  2342  2320   47.00000  140 1088  158.00000   35.00000  77.8%  43.4  110s
  2390  2368   47.00000  142 1084  158.00000   35.00000  77.8%  43.2  115s
  2438  2416   47.00000  144 1086  158.00000   35.00000  77.8%  42.9  120s
  2470  2448   57.00000  146 1040  158.00000   35.00000  77.8%  42.6  125s
  2518  2496   59.00000  148 1029  158.00000   35.00000  77.8%  42.2  131s
  2550  2528   47.00000  149 1088  158.00000   35.00000  77.8%  41.9  135s
  2601  2589   47.00000  152 1082  158.00000   35.00000  77.8%  41.4  141s
  2643  2621   47.00000  154 1084  158.00000   35.00000  77.8%  41.0  145s
  2757  2803   47.00000  156 1088  158.00000   35.00000  77.8%  40.2  152s
  2927  2966   47.00000  158 1118  158.00000   35.00000  77.8%  39.9  156s
  3015  2982   47.00000  159 1118  158.00000   35.00000  77.8%  39.7  173s
  3031  3047   47.00000  160 1116  158.00000   35.00000  77.8%  39.7  175s
  3190  3219   54.00000  204 1011  158.00000   35.00000  77.8%  38.7  182s
  3268  3275   53.00000  204  994  158.00000   35.00000  77.8%  38.4  185s
  3463  3551   64.00000  206  940  158.00000   35.00000  77.8%  37.7  190s
  3733  3692   53.00000  207  990  158.00000   35.00000  77.8%  37.7  196s
  3786  3774   53.00000  209  989  158.00000   35.00000  77.8%  37.5  202s
  3831  3790   53.00000  210  989  158.00000   35.00000  77.8%  37.4  207s
  3847  3806   53.00000  211  983  158.00000   35.00000  77.8%  37.3  210s
  3863  3822   53.00000  212  981  158.00000   35.00000  77.8%  37.2  215s
  3929  3987   53.00000  214  978  158.00000   35.00000  77.8%  36.9  223s
  4044  4236   53.00000  214  956  158.00000   35.00000  77.8%  36.3  228s
  4304  4505   60.00000  215  938  158.00000   35.00000  77.8%  35.6  232s
  4585  4567   53.00000  215  956  158.00000   35.00000  77.8%  34.9  246s
  4649  4721   56.00000  216  939  158.00000   35.00000  77.8%  34.8  253s
  4805  4853   56.00000  217  944  158.00000   35.00000  77.8%  34.3  257s
  4941  4869   56.00000  218  946  158.00000   35.00000  77.8%  33.9  261s
  4957  4908   67.00000  219  938  158.00000   35.00000  77.8%  33.9  266s
  4996  5042   67.00000  220  937  158.00000   35.00000  77.8%  33.8  272s
  5136  5058   67.00000  221  937  158.00000   35.00000  77.8%  33.4  279s
  5152  5074   75.00000  222  927  158.00000   35.00000  77.8%  33.3  284s
  5168  5184   75.00000  223  925  158.00000   35.00000  77.8%  33.2  289s
  5282  5452   75.00000  224  925  158.00000   35.00000  77.8%  32.9  294s
  5562  6077   75.00000  225  923  158.00000   35.00000  77.8%  32.4  301s
  6267  6092   75.00000  226  921  158.00000   35.00000  77.8%  30.7  306s
  6284  6108   75.00000  226  923  158.00000   35.00000  77.8%  30.7  311s
  6300  6153   75.00000  227  919  158.00000   35.00000  77.8%  30.7  317s
  6353  6169   75.00000  228  911  158.00000   35.00000  77.8%  30.8  321s
  6369  6318   75.00000  229  911  158.00000   35.00000  77.8%  30.9  327s
  6529  6517   93.00000  276  860  158.00000   35.00000  77.8%  30.8  332s
  6746  6705   93.00000  277  860  158.00000   35.00000  77.8%  30.3  341s
  6967  6763   93.00000  278  860  158.00000   35.00000  77.8%  29.8  347s
  7031  7031   93.00000  279  860  158.00000   35.00000  77.8%  29.6  353s
  7327  7399   93.00000  280  841  158.00000   35.00000  77.8%  29.1  361s
  7759  7612   93.00000  281  881  158.00000   35.00000  77.8%  28.5  377s
  7992  7766   93.00000  282  886  158.00000   35.00000  77.8%  28.6  385s
  8156  8228   93.00000  283  887  158.00000   35.00000  77.8%  28.6  395s
  8630  8357   93.00000  380  824  158.00000   35.00000  77.8%  27.6  402s
  8773  8590   93.00000  467  719  158.00000   35.00000  77.8%  27.4  409s
  9035  8997 infeasible  505       158.00000   35.00000  77.8%  27.1  417s
  9478  9254   93.00000  506  717  158.00000   35.00000  77.8%  26.8  425s
  9739 10226   93.00000  507  717  158.00000   35.00000  77.8%  26.4  432s
 10793 10230   95.00000  432  631  158.00000   35.00000  77.8%  25.8  436s
 10798 10234   58.00000  130  480  158.00000   35.00000  77.8%  25.8  440s
 10862 10309   36.42465   20 1232  158.00000   35.00000  77.8%  37.2  445s
 11118 10480   40.00000   23 1024  158.00000   35.00000  77.8%  44.1  450s
 11182 10523   40.00000   24 1143  158.00000   35.00000  77.8%  45.3  459s
 11214 10544   40.00000   25 1081  158.00000   35.00000  77.8%  45.7  464s
 11246 10565   46.00000   25  978  158.00000   35.00000  77.8%  46.1  469s
 11278 10599   40.00000   26 1080  158.00000   35.00000  77.8%  46.5  473s
 11434 10795   41.00000   27 1094  158.00000   35.00000  77.8%  48.4  475s
 11861 10977   55.00000   31  942  158.00000   35.00000  77.8%  50.6  480s
 12066 11112   66.00000   33 1038  158.00000   35.00000  77.8%  51.5  485s
 12098 11136   55.00000   33 1008  158.00000   35.00000  77.8%  51.6  490s
 12168 11188   55.00000   34 1006  158.00000   35.00000  77.8%  52.0  498s
 12208 11207   55.00000   35  990  158.00000   35.00000  77.8%  52.2  503s
 12240 11234   66.00000   35  947  158.00000   35.00000  77.8%  52.4  507s
 12278 11257   55.00000   36  965  158.00000   35.00000  77.8%  52.4  512s
 12314 11285   57.00000   36  994  158.00000   35.00000  77.8%  52.5  516s
 12354 11308   57.00000   37  990  158.00000   35.00000  77.8%  52.5  521s
 12390 11336   57.00000   37  986  158.00000   35.00000  77.8%  52.6  525s
 12430 11377   57.00000   38  989  158.00000   35.00000  77.8%  52.6  530s
 12484 11401   73.00000   38  930  158.00000   35.00000  77.8%  52.6  535s
 12526 11423   57.00000   39  979  158.00000   35.00000  77.8%  52.6  540s
 12562 11443   65.00000   39  951  158.00000   35.00000  77.8%  52.8  545s
 12594 11464   57.00000   40 1010  158.00000   35.00000  77.8%  52.8  550s
 12626 11485   57.00000   40  966  158.00000   35.00000  77.8%  52.8  555s
 12658 11518   57.00000   41  954  158.00000   35.00000  77.8%  52.8  560s
 12701 11542   69.00000   41  938  158.00000   35.00000  77.8%  53.0  566s
 12740 11561   57.00000   42 1008  158.00000   35.00000  77.8%  53.1  571s
 12772 11583   57.00000   42  982  158.00000   35.00000  77.8%  53.2  576s
 12804 11604   57.00000   43 1002  158.00000   35.00000  77.8%  53.3  581s
 12836 11625   57.07722   43 1060  158.00000   35.00000  77.8%  53.4  587s
 12868 11647   57.00000   44 1021  158.00000   35.00000  77.8%  53.4  592s
 12900 11668   57.00000   44  988  158.00000   35.00000  77.8%  53.4  598s
 12932 11689   57.00000   45  996  158.00000   35.00000  77.8%  53.4  606s
 12964 11711   73.00000   45 1027  158.00000   35.00000  77.8%  53.5  612s
 12996 11732   57.00000   46  974  158.00000   35.00000  77.8%  53.5  619s
 13028 11766   57.00000   46  994  158.00000   35.00000  77.8%  53.5  625s
 13073 11797   57.00000   47  996  158.00000   35.00000  77.8%  53.5  631s
 13119 11814   57.00000   47  991  158.00000   35.00000  77.8%  53.4  636s
 13151 11835   57.00000   48  984  158.00000   35.00000  77.8%  53.3  655s
 13183 11857   74.00000   48  946  158.00000   35.00000  77.8%  53.3  671s
 13215 11878   57.00000   49  986  158.00000   35.00000  77.8%  53.2  680s
 13247 11899   57.00000   49 1030  158.00000   35.00000  77.8%  53.2  685s
 13279 11926   57.00000   50  978  158.00000   35.00000  77.8%  53.2  711s
 13316 11975   57.00000   50  957  158.00000   35.00000  77.8%  53.2  717s
 13378 11987   57.00000   51  953  158.00000   35.00000  77.8%  53.2  741s
 13410 12008   57.00000   51  955  158.00000   35.00000  77.8%  53.2  748s
 13442 12041   57.00000   52  953  158.00000   35.00000  77.8%  53.1  755s
 13486 12059   57.00000   52  979  158.00000   35.00000  77.8%  53.1  773s
 13518 12080   57.00000   53  953  158.00000   35.00000  77.8%  53.1  791s
 13550 12101   77.00000   53  920  158.00000   35.00000  77.8%  53.1  803s
 13582 12174   57.00000   54  967  158.00000   35.00000  77.8%  53.1  823s
 13665 12178   57.00000   54 1020  158.00000   35.00000  77.8%  53.0  839s
 13697 12199   57.00000   55 1030  158.00000   35.00000  77.8%  53.0  847s
 13729 12233   58.00000   55  965  158.00000   35.00000  77.8%  53.0  864s
 13773 12304   58.00000   56  963  158.00000   35.00000  77.8%  52.9  884s
 13859 12307   62.00000   56  972  158.00000   35.00000  77.8%  52.8  908s
 13891 12329   58.00000   57  961  158.00000   35.00000  77.8%  52.8  921s
 13923 12350   77.00000   57  910  158.00000   35.00000  77.8%  52.8  934s
 13955 12371   58.00000   58  959  158.00000   35.00000  77.8%  52.8  956s
 13987 12393   58.00000   58  959  158.00000   35.00000  77.8%  52.7  970s
 14019 12414   58.00000   59  959  158.00000   35.00000  77.8%  52.7  979s
 14051 12435   58.00000   59  959  158.00000   35.00000  77.8%  52.6 1000s
 14083 12457   58.00000   60 1000  158.00000   35.00000  77.8%  52.6 1020s
 14115 12478   58.00000   60  951  158.00000   35.00000  77.8%  52.6 1037s
 14147 12499   58.00000   61  948  158.00000   35.00000  77.8%  52.5 1046s
 14179 12521   97.00000   61  837  158.00000   35.00000  77.8%  52.5 1071s
 14211 12592   58.00000   62  940  158.00000   35.00000  77.8%  52.5 1086s
 14293 12655   64.00000   62  945  158.00000   35.00000  77.8%  52.6 1095s
 14383 12863   64.00000   63  926  158.00000   35.00000  77.8%  52.8 1106s
 14621 12815   71.00000   63  872  158.00000   35.00000  77.8%  52.8 1123s
 14653 12861   71.00000   64  964  158.00000   35.00000  77.8%  52.8 1135s
 14709 12874   64.00000   64 1035  158.00000   35.00000  77.8%  52.7 1146s
 14741 13024   64.00000   65 1001  158.00000   35.00000  77.8%  52.6 1157s
 14902 13108   64.00000   74  957  158.00000   35.00000  77.8%  53.0 1169s
 15039 13510   64.00000   87  922  158.00000   35.00000  77.8%  53.0 1185s
 15487 13393   69.00000  100  950  158.00000   35.00000  77.8%  52.6 1206s
 15519 13414   64.00000  101  957  158.00000   35.00000  77.8%  52.5 1223s
 15551 13435  106.00000  101  859  158.00000   35.00000  77.8%  52.5 1241s
 15583 13457   64.00000  102  977  158.00000   35.00000  77.8%  52.5 1259s
 15615 13587   82.00000  102  894  158.00000   35.00000  77.8%  52.4 1273s
 15757 13601   64.00000  103  975  158.00000   35.00000  77.8%  52.1 1305s
 15818 13696   64.00000  103 1011  158.00000   35.00000  77.8%  52.0 1319s
 15934 13887   64.00000  104 1009  158.00000   35.00000  77.8%  51.9 1343s
 16165 14096   78.00000  104  915  158.00000   35.00000  77.8%  51.6 1356s
 16454 14382   64.00000  105 1009  158.00000   35.00000  77.8%  51.1 1383s
 16859 14684   64.00000  105  976  158.00000   35.00000  77.8%  50.7 1404s
 17298 14777   64.00000  106 1009  158.00000   35.00000  77.8%  50.3 1420s
 17539 14964   71.00000  106  971  158.00000   35.00000  77.8%  50.0 1445s
 17823 15152   64.00000  107 1007  158.00000   35.00000  77.8%  49.7 1475s
 18107 15610   64.00000  107  979  158.00000   35.00000  77.8%  49.3 1488s
 18664 16168   64.00000  108 1023  158.00000   35.00000  77.8%  48.7 1519s
 19431 16047   89.00000  108  899  158.00000   35.00000  77.8%  47.9 1536s
 19582 16354   64.00000  111  997  158.00000   35.00000  77.8%  47.8 1553s
 19942 16535   64.00000  111 1023  158.00000   35.00000  77.8%  47.3 1571s
 20245 16465   64.00000  112 1009  158.00000   35.00000  77.8%  46.9 1589s
 20277 16486   67.00000  112  983  158.00000   35.00000  77.8%  46.8 1610s
 20309 16903   64.00000  113 1018  158.00000   35.00000  77.8%  46.8 1630s
 20761 17242   64.00000  113  988  158.00000   35.00000  77.8%  46.3 1653s
 21278 17227   75.00000  133 1005  158.00000   35.00000  77.8%  46.1 1677s
 21436 17205   70.00000  134 1006  158.00000   35.00000  77.8%  45.9 1700s
 21470 17462   70.00000  135 1029  158.00000   35.00000  77.8%  45.9 1725s
 21749 18247   70.00000  139  959  158.00000   35.00000  77.8%  45.7 1760s
 22653 19247   88.00000  154  946  158.00000   35.00000  77.8%  44.9 1780s
 24108 19446   88.00000  155  963  158.00000   35.00000  77.8%  43.9 1803s
 24830 20142   94.00000  161  965  158.00000   35.00000  77.8%  43.9 1822s
 25819 20137   88.00000  162 1036  158.00000   35.00000  77.8%  43.5 1847s
 26165 20052   88.00000  162 1006  158.00000   35.00000  77.8%  43.5 1870s
 26198 20073   88.00000  163  988  158.00000   35.00000  77.8%  43.5 1893s
 26230 20286   98.00000  163  994  158.00000   35.00000  77.8%  43.5 1920s
 26482 20232   88.00000  164  988  158.00000   35.00000  77.8%  43.3 1945s
 26516 20249   93.00000  164  858  158.00000   35.00000  77.8%  43.3 1974s
 26551 20649   97.00000  165  930  158.00000   35.00000  77.8%  43.3 2002s
 27019 20920   88.00000  165  958  158.00000   35.00000  77.8%  43.3 2040s
 27465 21992   88.00000  166  956  158.00000   35.00000  77.8%  43.2 2071s
 28748 22511   88.00000  166  953  158.00000   35.00000  77.8%  43.4 2097s
 29789 22196   88.00000  167  949  158.00000   35.00000  77.8%  43.2 2146s
 29821 25470  100.00000  167  917  158.00000   35.00000  77.8%  43.2 2229s
 33629 27937   95.00000  227  916  158.00000   35.00000  77.8%  42.8 2247s
 37741 26599   99.00000  264  852  158.00000   35.00000  77.8%  41.8 2258s
 37773 26606   99.00000  265  849  158.00000   35.00000  77.8%  41.8 2269s
 37819 26621  125.00000  265  840  158.00000   35.00000  77.8%  41.9 2279s
 37853 26635   99.00000  266  847  158.00000   35.00000  77.8%  41.9 2290s
 37891 26651   99.00000  266  845  158.00000   35.00000  77.8%  41.9 2301s
 37927 26670  120.00000  267  812  158.00000   35.00000  77.8%  42.0 2319s
 37960 26687   99.00000  267  845  158.00000   35.00000  77.8%  42.0 2336s
 37996 26703   99.00000  268  843  158.00000   35.00000  77.8%  42.0 2354s
H38019 24420                     157.0000000   35.00000  77.7%  42.0 2354s
 38032 24430  106.00000  268  822  157.00000   35.00000  77.7%  42.0 2366s
H38037 22846                     156.0000000   35.00000  77.6%  42.0 2366s
 38080 23475   99.00000  269  838  156.00000   35.00000  77.6%  42.2 2379s
 38798 23388  102.00000  296  880  156.00000   35.00000  77.6%  42.4 2392s
H38802 22895                     155.0000000   35.00000  77.4%  42.4 2392s
 38895 22924  102.00000  296  867  155.00000   35.00000  77.4%  42.6 2409s
H38905 22741                     154.0000000   35.00000  77.3%  42.6 2409s
 38930 22767  102.00000  297  861  154.00000   35.00000  77.3%  42.6 2423s
H38933 22418                     153.0000000   35.00000  77.1%  42.6 2423s
 38968 22814  102.00000  297  866  153.00000   35.00000  77.1%  42.7 2440s
 39420 22846  117.00000  304  796  153.00000   35.00000  77.1%  42.8 2457s
 39452 22874  102.00000  305  872  153.00000   35.00000  77.1%  42.8 2473s
 39488 22906  102.00000  305  830  153.00000   35.00000  77.1%  42.8 2490s
 39520 22934  102.00000  306  830  153.00000   35.00000  77.1%  42.8 2506s
H39537 22934                     153.0000000   37.13198  75.7%  42.9 2506s
 39556 22965  104.00000  306  819  153.00000   37.13198  75.7%  42.9 2523s
 39589 22997  102.00000  307  830  153.00000   37.13198  75.7%  42.9 2539s
 39621 23027  102.00000  307  826  153.00000   37.13198  75.7%  42.9 2556s
 39655 23059  102.00000  308  827  153.00000   37.13198  75.7%  42.9 2575s
 39687 23091  102.00000  308  824  153.00000   37.13198  75.7%  42.8 2593s
 39719 23120  102.00000  309  825  153.00000   37.13198  75.7%  42.9 2612s
 39754 23175  102.00000  309  814  153.00000   37.13198  75.7%  42.8 2646s
 39809 23239  102.00000  310  823  153.00000   37.13198  75.7%  42.8 2671s
 39879 23309  102.00000  310  786  153.00000   37.13198  75.7%  42.8 2738s
 39955 23386  102.00000  311  821  153.00000   37.13198  75.7%  42.8 2776s
 40040 23452  102.00000  311  854  153.00000   37.13198  75.7%  42.8 2801s
 40110 23508  102.00000  312  821  153.00000   37.13198  75.7%  42.8 2857s
 40196 23588  102.00000  312  828  153.00000   37.13198  75.7%  42.8 2901s
 40283 23617  102.00000  313  829  153.00000   37.13198  75.7%  42.8 2949s
 40317 23825  115.00000  313  808  153.00000   37.13198  75.7%  42.8 2981s
 40587 23938  102.00000  314  832  153.00000   37.13198  75.7%  42.9 3010s
 40705 24472  102.00000  314  847  153.00000   37.13198  75.7%  43.0 3030s
 41245 24940  122.00000  324  754  153.00000   37.13198  75.7%  43.3 3054s
 41719 25008  142.00000  349  708  153.00000   37.13198  75.7%  43.2 3101s
 41787 25373  123.00000  350  702  153.00000   37.13198  75.7%  43.2 3123s
 42162 27433  126.00000  350  712  153.00000   37.13198  75.7%  43.1 3148s
 44508 28468  123.00000  361  697  153.00000   37.13198  75.7%  42.3 3171s
 45703 28690  128.00000  361  661  153.00000   37.19056  75.7%  42.0 3194s
 45931 30536  123.00000  362  715  153.00000   37.19056  75.7%  41.9 3218s
 47995 34774  123.00000  411  671  153.00000   37.19056  75.7%  41.5 3242s
 52716 34806  146.00000  130  708  153.00000   37.34637  75.6%  40.4 3260s
 52748 34838  146.00000  131  690  153.00000   37.34637  75.6%  40.4 3278s
 52780 34868  146.00000  132  686  153.00000   37.34637  75.6%  40.4 3297s
 52815 34982  146.00000  133  686  153.00000   37.34637  75.6%  40.4 3316s
 52957 35020  146.00000  134  694  153.00000   37.34637  75.6%  40.4 3338s
 52995 35170  146.00000  135  702  153.00000   37.34637  75.6%  40.4 3358s
 53164 35206  146.00000  136  702  153.00000   37.34637  75.6%  40.3 3378s
 53203 35338  152.00000  137  647  153.00000   37.34637  75.6%  40.3 3399s
 53345 35363  152.00000  138  647  153.00000   37.34637  75.6%  40.3 3421s
 53384 36098  152.00000  139  666  153.00000   37.34637  75.6%  40.3 3443s
 54191 39877  152.00000  140  664  153.00000   37.34637  75.6%  39.9 3470s
 58668 47172  151.00000  179  636  153.00000   37.34637  75.6%  39.3 3544s
 67002 51275  145.00000  222  582  153.00000   37.48521  75.5%  37.9 3565s
 71956 51306   94.00000  102  670  153.00000   37.48521  75.5%  37.6 3581s
 71989 51335   94.00000  103  672  153.00000   37.48521  75.5%  37.6 3598s
 72024 51366   94.00000  104  666  153.00000   37.48521  75.5%  37.6 3600s

Cutting planes:
  Gomory: 114
  Cover: 1056
  Implied bound: 250
  Clique: 15
  MIR: 1309
  Knapsack: 1
  Flow cover: 2208
  GUB cover: 4
  RLT: 2301
  Relax-and-lift: 694
  BQP: 267
  PSD: 149

Explored 72057 nodes (2746873 simplex iterations) in 3600.09 seconds (1668.61 work units)
Thread count was 32 (of 32 available processors)

Solution count 10: 153 153 154 ... 160

Time limit reached
Best objective 1.529999999846e+02, best bound 3.748520710059e+01, gap 75.4999%
