
Gurobi 13.0.0 (linux64) logging started Thu Nov 20 14:30:35 2025

Set parameter LogFile to value "./Results/StripPacking-CutHeur/Logs/NU-111-StripPacking-25.log"
Set parameter TimeLimit to value 3600
Set parameter Cuts to value 1
Set parameter Presolve to value 1
Set parameter Heuristics to value 1
Set parameter LogToConsole to value 0
Set parameter LPWarmStart to value 2
Gurobi Optimizer version 13.0.0 build v13.0.0rc1 (linux64 - "Debian GNU/Linux 12 (bookworm)")

CPU model: Intel(R) Xeon(R) CPU E5-2630 v3 @ 2.40GHz, instruction set [SSE2|AVX|AVX2]
Thread count: 16 physical cores, 32 logical processors, using up to 32 threads

Non-default parameters:
TimeLimit  3600
LPWarmStart  2
Heuristics  1
Cuts  1
LogToConsole  0
Presolve  1

Optimize a model with 1525 rows, 1251 columns and 4850 nonzeros (Min)
Model fingerprint: 0xcd1ccc66
Model has 1 linear objective coefficients
Variable types: 51 continuous, 1200 integer (1200 binary)
Coefficient statistics:
  Matrix range     [1e+00, 1e+04]
  Objective range  [1e+00, 1e+00]
  Bounds range     [1e+00, 1e+04]
  RHS range        [1e+00, 1e+04]

Warning: Completing partial solution with 1200 unfixed non-continuous variables out of 1200
User MIP start produced solution with objective 102.2 (0.00s)
Loaded user MIP start with objective 102.2

Presolve time: 0.01s
Presolved: 1525 rows, 1251 columns, 4850 nonzeros
Variable types: 51 continuous, 1200 integer (1200 binary)

Root relaxation: objective 3.500000e+01, 568 iterations, 0.01 seconds (0.00 work units)

    Nodes    |    Current Node    |     Objective Bounds      |     Work
 Expl Unexpl |  Obj  Depth IntInf | Incumbent    BestBd   Gap | It/Node Time

     0     0   35.00000    0   90  102.20000   35.00000  65.8%     -    0s
H    0     0                     102.0000000   35.00000  65.7%     -    0s
     0     0   35.00000    0  167  102.00000   35.00000  65.7%     -    0s
H    0     0                     100.0000000   35.00000  65.0%     -    0s
H    0     0                      98.0000000   35.00000  64.3%     -    0s
     0     0   35.00000    0  170   98.00000   35.00000  64.3%     -    0s
H    0     0                      94.0000000   35.00000  62.8%     -    0s
     0     0   35.00000    0  238   94.00000   35.00000  62.8%     -    0s
     0     0   35.00000    0   90   94.00000   35.00000  62.8%     -    0s
     0     0   35.00000    0  104   94.00000   35.00000  62.8%     -    0s
H    0     0                      92.0000000   35.00000  62.0%     -    0s
H    0     0                      91.0000000   35.00000  61.5%     -    0s
     0     0   35.00000    0  261   91.00000   35.00000  61.5%     -    0s
     0     0   35.00000    0   78   91.00000   35.00000  61.5%     -    0s
     0     0   35.00000    0  127   91.00000   35.00000  61.5%     -    0s
     0     0   35.00000    0  196   91.00000   35.00000  61.5%     -    0s
     0     0   35.00000    0   93   91.00000   35.00000  61.5%     -    0s
     0     0   35.00000    0  108   91.00000   35.00000  61.5%     -    0s
     0     0   35.00000    0  226   91.00000   35.00000  61.5%     -    0s
     0     0   35.00000    0   82   91.00000   35.00000  61.5%     -    0s
     0     0   35.00000    0   82   91.00000   35.00000  61.5%     -    0s
     0     0   35.00000    0   74   91.00000   35.00000  61.5%     -    0s
     0     2   35.00000    0   74   91.00000   35.00000  61.5%     -    0s
H   34    48                      90.0000000   35.00000  61.1%  76.9    0s
H   70    89                      89.0000000   35.00000  60.7%  60.4    1s
H  180   204                      87.0000000   35.00000  59.8%  37.6    1s
H  211   220                      87.0000000   35.00000  59.8%  35.5    1s
H  213   220                      84.0000000   35.00000  58.3%  35.3    1s
H  260   448                      83.0000000   35.00000  57.8%  33.0    1s
H  316   448                      82.0000000   35.00000  57.3%  31.9    1s
H  477   507                      82.0000000   35.00000  57.3%  29.7    1s
  1211  1840   76.00000  121  123   82.00000   35.00000  57.3%  23.3    5s
  3446  3195   44.00000   79  217   82.00000   35.00000  57.3%  17.8   10s
  4209  3774   35.00000   22  253   82.00000   35.00000  57.3%  23.2   15s
  4460  3941   35.00000   25  234   82.00000   35.00000  57.3%  24.7   20s
  4616  4061   47.00000   27  210   82.00000   35.00000  57.3%  25.7   25s
  5623  4744   35.00000   33  261   82.00000   35.00000  57.3%  27.6   30s
H 5993  4733                      81.0000000   35.00000  56.8%  27.7   34s
  6517  5024   35.53598   42  262   81.00000   35.00000  56.8%  27.9   35s
H 6533  4846                      81.0000000   35.00000  56.8%  27.9   35s
  6899  5065   48.00000   45  193   81.00000   35.00000  56.8%  28.1   40s
  7050  5152   48.00000   47  218   81.00000   35.00000  56.8%  28.2   45s
  7221  5242   48.00000   50  200   81.00000   35.00000  56.8%  28.3   50s
  7399  5350   52.00000   52  194   81.00000   35.00000  56.8%  28.4   56s
  7552  5431   48.00000   54  198   81.00000   35.00000  56.8%  28.6   60s
  7711  5490   49.00000   56  191   81.00000   35.00000  56.8%  28.6   65s
  7854  5554   62.00000   58  151   81.00000   35.00000  56.8%  29.0   73s
  7933  5580   72.00000   59  190   81.00000   35.00000  56.8%  29.3   76s
  8002  5617   48.00000   60  177   81.00000   35.00000  56.8%  29.5   80s
  8138  5689   48.00000   62  232   81.00000   35.00000  56.8%  29.8   85s
  8241  5739   48.00000   64  200   81.00000   35.00000  56.8%  30.0   90s
  8311  5778   48.00000   65  199   81.00000   35.00000  56.8%  30.1   97s
  8411  5865   48.00000   66  203   81.00000   35.00000  56.8%  30.1  102s
  8509  5920   54.00000   67  182   81.00000   35.00000  56.8%  30.1  108s
  8614  5938   54.00000   68  180   81.00000   35.00000  56.8%  30.3  113s
  8653  5954   54.00000   69  208   81.00000   35.00000  56.8%  30.3  115s
  8721  6025   54.00000   70  198   81.00000   35.00000  56.8%  30.4  120s
* 8879  5795             107      80.0000000   35.00000  56.2%  30.3  123s
  8892  6373   54.00000   71  200   80.00000   35.00000  56.2%  30.4  125s
H 9653  6331                      80.0000000   35.00000  56.2%  30.2  126s
 10124  6223   71.00000   73  173   80.00000   35.00000  56.2%  30.7  130s
 10249  6247   54.00000   74  172   80.00000   35.00000  56.2%  31.0  136s
 10319  6280   54.00000   75  189   80.00000   35.00000  56.2%  31.0  140s
 10426  6324   54.00000   77  186   80.00000   35.00000  56.2%  31.0  146s
 10517  6371   56.00000   78  155   80.00000   35.00000  56.2%  31.0  150s
 10642  6456   54.00000   79  188   80.00000   35.00000  56.2%  31.0  156s
 10737  6475   68.00000   80  173   80.00000   35.00000  56.2%  31.0  161s
 10777  6490   54.00000   81  183   80.00000   35.00000  56.2%  31.0  168s
 10810  6508   54.00000   81  186   80.00000   35.00000  56.2%  31.0  172s
 10879  6545   54.00000   82  175   80.00000   35.00000  56.2%  30.9  182s
 10912  6557   54.00000   83  181   80.00000   35.00000  56.2%  30.9  185s
 10952  6582   54.00000   83  187   80.00000   35.00000  56.2%  30.9  193s
 10994  6625   54.00000   84  179   80.00000   35.00000  56.2%  31.0  198s
 11077  6694   56.00000   84  207   80.00000   35.00000  56.2%  30.9  205s
 11371  6950   68.00000   85  176   80.00000   35.00000  56.2%  30.7  216s
 11672  6981   54.00000   86  177   80.00000   35.00000  56.2%  30.9  226s
 11931  7044   54.00000   87  181   80.00000   35.00000  56.2%  30.9  232s
 12044  7039   54.00000   88  171   80.00000   35.00000  56.2%  31.0  237s
 12076  7056   54.00000   88  183   80.00000   35.00000  56.2%  31.0  240s
 12238  7465   54.00000   89  183   80.00000   35.00000  56.2%  30.9  246s
 12946  7706   54.00000   90  173   80.00000   35.00000  56.2%  30.7  252s
 13304  8124   54.00000   91  184   80.00000   35.00000  56.2%  30.7  255s
 13914  8578   73.00000   91  204   80.00000   35.00000  56.2%  30.4  260s
 14501  8629   54.00000   92  177   80.00000   35.00000  56.2%  30.9  266s
 14558  8763   71.00000   92  182   80.00000   35.00000  56.2%  30.9  270s
 14748  8982   54.00000   93  177   80.00000   35.00000  56.2%  30.9  275s
 15209  9510   54.00000   94  175   80.00000   35.00000  56.2%  31.0  283s
 15761 10148   70.00000  116  154   80.00000   35.00000  56.2%  31.1  286s
 16567 10640 infeasible  152        80.00000   35.00000  56.2%  31.3  290s
 17921 11369   40.00000   62  283   80.00000   35.00000  56.2%  31.3  298s
 18138 11674   40.00000   63  282   80.00000   35.00000  56.2%  31.4  302s
 18529 12049   40.00000   64  282   80.00000   35.00000  56.2%  31.4  307s
 19024 12660   40.00000   65  282   80.00000   35.00000  56.2%  31.3  311s
 19910 13294   40.00000   66  276   80.00000   35.00000  56.2%  31.3  315s
 20784 13548   63.00000   67  235   80.00000   35.00000  56.2%  31.1  324s
 21098 13580   63.00000   68  225   80.00000   35.00000  56.2%  31.3  329s
 21130 13899   63.00000   69  224   80.00000   35.00000  56.2%  31.3  334s
 21490 13927   63.00000   74  195   80.00000   35.00000  56.2%  31.4  343s
 21524 14085   63.00000   77  206   80.00000   35.00000  56.2%  31.4  350s
 21732 14320   77.00000   75  177   80.00000   35.00000  56.2%  31.5  359s
H22082 13603                      79.0000000   35.00000  55.7%  31.5  359s
 22095 14653   77.00000   76  175   79.00000   35.00000  55.7%  31.5  364s
H22647 14653                      79.0000000   35.00000  55.7%  31.6  364s
 23436 14683   63.00000   78  206   79.00000   35.00000  55.7%  31.6  370s
 23468 14812   63.00000   79  206   79.00000   35.00000  55.7%  31.5  375s
 23645 14919   63.00000   80  210   79.00000   35.00000  55.7%  31.6  381s
 23837 15341   72.00000   78  194   79.00000   35.00000  55.7%  31.6  387s
 24372 15372   74.00000   80  197   79.00000   35.00000  55.7%  31.5  393s
 24405 15839   63.00000   81  205   79.00000   35.00000  55.7%  31.6  399s
 25169 16440   47.00000   60  231   79.00000   35.00000  55.7%  31.7  406s
 26068 16799   47.00000   61  223   79.00000   35.00000  55.7%  31.7  414s
 26600 16823   47.00000   62  223   79.00000   35.00000  55.7%  31.6  421s
 26644 17711   47.00000   63  229   79.00000   35.00000  55.7%  31.6  429s
 27796 19892   54.00000   72  180   79.00000   35.00000  55.7%  31.4  439s
 30568 20040   72.00000   95  203   79.00000   35.00000  55.7%  31.6  452s
 30770 24188   76.00000   87  157   79.00000   35.00000  55.7%  31.6  486s
 36122 24211   72.00000   96  160   79.00000   35.00000  55.7%  31.9  494s
 36161 24236 infeasible   96        79.00000   35.00000  55.7%  31.9  504s
 36199 24248   78.00000   97  115   79.00000   35.00000  55.7%  31.9  520s
 36251 24266 infeasible   96        79.00000   35.00000  55.7%  32.0  532s
 36295 24305   35.00000   53  265   79.00000   35.00000  55.7%  32.1  548s
 36342 24333   35.00000   56  260   79.00000   35.00000  55.7%  32.0  559s
 36376 24355   35.00000   57  256   79.00000   35.00000  55.7%  32.0  568s
 36416 24375   35.00000   58  245   79.00000   35.00000  55.7%  32.1  578s
 36459 24624   35.04057   59  268   79.00000   35.00000  55.7%  32.1  588s
 36815 24716   68.00000   84  159   79.00000   35.00000  55.7%  32.1  599s
 36925 24746   68.00000   85  153   79.00000   35.00000  55.7%  32.1  610s
 36959 24897   68.00000   86  153   79.00000   35.00000  55.7%  32.1  621s
 37174 24920   68.00000   91  153   79.00000   35.00000  55.7%  32.1  634s
 37216 25334   68.00000   92  159   79.00000   35.00000  55.7%  32.1  646s
 37725 25362   72.00000  102  124   79.00000   35.00000  55.7%  32.1  660s
 37759 25886   72.00000  103  112   79.00000   35.00000  55.7%  32.1  675s
 38514 26448   75.00000  104  112   79.00000   35.00000  55.7%  32.0  692s
 39190 26595   75.00000  105  114   79.00000   35.00000  55.7%  31.9  711s
 39413 26634   75.00000  108  108   79.00000   35.00000  55.7%  31.9  731s
 39462 27646 infeasible  109        79.00000   35.00000  55.7%  31.9  749s
 40974 32105   75.00000  110  108   79.00000   35.00000  55.7%  31.8  768s
 46757 34591   35.49318   59  274   79.00000   35.00000  55.7%  31.5  779s
 50227 35561   54.00000   70  234   79.00000   35.00000  55.7%  31.6  790s
 51551 38279   74.00000   77  190   79.00000   35.00000  55.7%  31.6  801s
 55125 38300   35.33080   42  350   79.00000   35.00000  55.7%  31.4  811s
 55168 38563   35.33080   43  338   79.00000   35.00000  55.7%  31.4  823s
 55523 40372   35.33080   44  338   79.00000   35.00000  55.7%  31.4  837s
 58182 42817   35.33080   45  331   79.00000   35.00000  55.7%  31.3  849s
 61769 45998   35.33080   46  327   79.00000   35.00000  55.7%  31.3  875s
 66381 46971   35.40494   47  330   79.00000   35.00000  55.7%  31.2  889s
 67690 46998 infeasible   89        79.00000   35.00000  55.7%  31.2  905s
 67749 47078   77.00000   90  114   79.00000   35.00000  55.7%  31.2  924s
 67881 50636   77.00000   91  114   79.00000   35.00000  55.7%  31.2  947s
 73020 55794   77.00000   92  114   79.00000   35.00000  55.7%  31.2  963s
*79439 51416              72      78.0000000   35.00000  55.1%  31.1  963s
 80563 51055   35.00000   39  237   78.00000   35.00000  55.1%  31.1  973s
H80586 51055                      78.0000000   35.00000  55.1%  31.1  973s
 81042 51314   35.00000   40  236   78.00000   35.00000  55.1%  31.1  984s
 81470 52207   35.00000   41  232   78.00000   35.00000  55.1%  31.1  996s
 82579 52236   75.00000   92  134   78.00000   35.00000  55.1%  31.1 1008s
 82612 52657 infeasible   93        78.00000   35.00000  55.1%  31.1 1023s
 83208 53020   66.00000   70  204   78.00000   35.00000  55.1%  31.1 1043s
 83712 53816   66.00000   71  194   78.00000   35.00000  55.1%  31.0 1064s
 84792 63062   71.00000   79  186   78.00000   35.00000  55.1%  31.0 1090s
 98200 76106   75.00000  135  135   78.00000   35.00000  55.1%  30.9 1119s
 101200 76106   51.00000   57  204   78.00000   35.00000  55.1%  30.9 1120s
 116639 76548   62.00000  138  183   78.00000   35.00000  55.1%  30.8 1125s
 117298 76578   35.00000   45  277   78.00000   35.00000  55.1%  30.8 1132s
 117332 76600   37.00000   45  271   78.00000   35.00000  55.1%  30.8 1138s
 117374 76625   35.00000   46  275   78.00000   35.00000  55.1%  30.8 1144s
 117413 76657   43.00000   46  240   78.00000   35.00000  55.1%  30.8 1154s
 117445 76686   35.00000   47  274   78.00000   35.00000  55.1%  30.8 1160s
 117479 76709   35.00000   47  287   78.00000   35.00000  55.1%  30.8 1169s
 117524 76738   35.00000   48  272   78.00000   35.00000  55.1%  30.8 1178s
 117563 76780   35.00000   48  267   78.00000   35.00000  55.1%  30.8 1190s
 117621 76811   35.00000   49  263   78.00000   35.00000  55.1%  30.8 1197s
 117654 76842   35.00000   50  259   78.00000   35.00000  55.1%  30.8 1203s
 117691 77531   37.00000   50  253   78.00000   35.00000  55.1%  30.8 1210s
 118621 82320   58.00000   51  214   78.00000   35.00000  55.1%  30.8 1218s
 125310 82344   35.00000   51  262   78.00000   35.00000  55.1%  30.8 1224s
 125350 82549   35.00000   52  258   78.00000   35.00000  55.1%  30.8 1231s
 125590 82623   41.00000   52  252   78.00000   35.00000  55.1%  30.8 1237s
 125670 82832   35.00000   53  253   78.00000   35.00000  55.1%  30.8 1244s
 125976 82980   38.00000   53  259   78.00000   35.00000  55.1%  30.8 1255s
 126219 83709   35.00000   54  251   78.00000   35.00000  55.1%  30.8 1268s
 127210 92899   61.00000   79  225   78.00000   35.00000  55.1%  30.7 1296s
 139923 93231   73.00000  106  168   78.00000   35.00000  55.1%  30.7 1306s
 140440 93262   73.00000  106  176   78.00000   35.00000  55.1%  30.7 1317s
 140479 93293   73.00000  107  166   78.00000   35.00000  55.1%  30.7 1326s
 140519 93317   73.00000  107  161   78.00000   35.00000  55.1%  30.7 1334s
 140559 93817   73.00000  108  165   78.00000   35.00000  55.1%  30.7 1342s
 141285 98524   73.00000  108  170   78.00000   35.00000  55.1%  30.7 1352s
 148269 100025   45.00000   72  274   78.00000   35.00000  55.1%  30.6 1359s
 150330 100891   68.00000   99  188   78.00000   35.00000  55.1%  30.6 1367s
 151568 101455   68.00000   99  175   78.00000   35.00000  55.1%  30.7 1374s
 152408 101484   68.00000  100  186   78.00000   35.00000  55.1%  30.7 1383s
 152443 101803 infeasible  100        78.00000   35.00000  55.1%  30.7 1392s
 152844 103363   70.00000  101  188   78.00000   35.00000  55.1%  30.6 1406s
 154992 107261     cutoff   96        78.00000   35.00000  55.1%  30.6 1421s
 160641 112129   73.00000  112  137   78.00000   35.00000  55.1%  30.6 1450s
 167606 115633   51.00000   65  218   78.00000   35.00000  55.1%  30.6 1466s
 172818 116679   75.00000   53  177   78.00000   35.00000  55.1%  30.6 1480s
 174288 116706   62.00000   56  199   78.00000   35.00000  55.1%  30.6 1492s
 174330 117830   62.00000   57  197   78.00000   35.00000  55.1%  30.6 1503s
 175867 127182   62.00000   67  191   78.00000   35.00000  55.1%  30.6 1517s
 189430 127891   62.00000   67  172   78.00000   35.00000  55.1%  30.5 1524s
 190465 128753   62.00000   66  182   78.00000   35.00000  55.1%  30.6 1545s
 191696 139742   77.00000   47  216   78.00000   35.00000  55.1%  30.6 1599s
 207725 146889   37.00000   50  245   78.00000   35.00000  55.1%  30.6 1615s
 217076 146922   47.00000   53  193   78.00000   35.00000  55.1%  30.5 1623s
 217115 146947   47.00000   53  201   78.00000   35.00000  55.1%  30.5 1631s
 217154 146971   47.00000   54  191   78.00000   35.00000  55.1%  30.5 1643s
 217194 146999   62.00000   54  191   78.00000   35.00000  55.1%  30.5 1651s
 217230 147018   62.00000   55  180   78.00000   35.00000  55.1%  30.5 1660s
 217274 147172   69.00000   55  179   78.00000   35.00000  55.1%  30.5 1668s
 217554 147192   69.00000   56  182   78.00000   35.00000  55.1%  30.5 1684s
 217598 147210   69.00000   56  204   78.00000   35.00000  55.1%  30.5 1696s
 217644 147245   69.00000   57  178   78.00000   35.00000  55.1%  30.5 1710s
 217685 147268   70.00000   57  169   78.00000   35.00000  55.1%  30.5 1727s
 217728 147341   69.00000   58  187   78.00000   35.00000  55.1%  30.5 1741s
 217825 149848   69.00000   58  176   78.00000   35.00000  55.1%  30.5 1755s
 221345 153522   69.00000   59  178   78.00000   35.00000  55.1%  30.5 1778s
 226527 161457   70.00000   85   99   78.00000   35.00000  55.1%  30.5 1794s
 237299 161494   70.00000   85   86   78.00000   35.00000  55.1%  30.4 1801s
 237357 161516   70.00000   86  104   78.00000   35.00000  55.1%  30.4 1808s
 237399 161561   70.00000   86   97   78.00000   35.00000  55.1%  30.4 1814s
 237456 162079   70.00000   87   95   78.00000   35.00000  55.1%  30.4 1821s
 238352 163829 infeasible   87        78.00000   35.00000  55.1%  30.4 1829s
 240883 163856   62.00000   76  197   78.00000   35.00000  55.1%  30.4 1837s
 240920 164815   55.00000   74  198   78.00000   35.00000  55.1%  30.4 1846s
 242244 167604   62.00000   75  190   78.00000   35.00000  55.1%  30.4 1859s
 246176 170084   75.00000   76  170   78.00000   35.00000  55.1%  30.5 1878s
 249833 170431   62.00000   76  184   78.00000   35.00000  55.1%  30.5 1894s
 250333 171005   62.00000   77  184   78.00000   35.00000  55.1%  30.5 1919s
 251194 192518   62.00000   78  184   78.00000   35.00000  55.1%  30.5 1963s
 283194 213819   76.00000   89   90   78.00000   35.00000  55.1%  30.6 1985s
 314016 213841 infeasible   88        78.00000   35.00000  55.1%  30.5 2005s
 314058 235475 infeasible   88        78.00000   35.00000  55.1%  30.5 2162s
 346058 236882   76.00000   90  152   78.00000   35.00000  55.1%  30.4 2181s
 347835 237427   76.00000   91  162   78.00000   35.00000  55.1%  30.4 2217s
 348515 237840     cutoff   92        78.00000   35.00000  55.1%  30.4 2268s
 349144 241320   68.00000   81  196   78.00000   35.00000  55.1%  30.4 2337s
 353818 261863   68.00000   92  169   78.00000   35.00000  55.1%  30.4 2381s
 383812 262162   61.00000   64  201   78.00000   35.00000  55.1%  30.3 2400s
 384277 284480   68.00000   65  195   78.00000   35.00000  55.1%  30.3 2451s
 416277 284505   74.00000   95  120   78.00000   35.00000  55.1%  30.3 2468s
 416316 306433   77.00000   96  114   78.00000   35.00000  55.1%  30.3 2572s
 448316 325843   67.00000   59  234   78.00000   35.00000  55.1%  30.2 2591s
 476079 325868   69.00000  117  150   78.00000   35.00000  55.1%  30.2 2595s
 476162 325915   49.00000   51  266   78.00000   35.00000  55.1%  30.2 2601s
 476238 325971   58.00000   53  246   78.00000   35.00000  55.1%  30.2 2607s
 476271 325996   73.00000   54  235   78.00000   35.00000  55.1%  30.2 2610s
 476380 326057   73.00000   56  228   78.00000   35.00000  55.1%  30.2 2615s
 476456 326104   73.00000   58  226   78.00000   35.00000  55.1%  30.2 2621s
 476494 326128   73.00000   59  230   78.00000   35.00000  55.1%  30.2 2625s
 476567 326246   73.00000   61  228   78.00000   35.00000  55.1%  30.2 2633s
 476700 326336   73.00000   62  224   78.00000   35.00000  55.1%  30.2 2639s
 476834 326362   71.00000   33  158   78.00000   35.00000  55.1%  30.2 2645s
 476872 326572   74.00000   34  142   78.00000   35.00000  55.1%  30.2 2650s
 477749 333425   74.00000   36  140   78.00000   35.00000  55.1%  30.2 2671s
 487335 336250   50.00000   50  200   78.00000   35.00000  55.1%  30.2 2677s
 491616 337107   60.00000   39  220   78.00000   35.00000  55.1%  30.2 2683s
 492934 337400   58.00000   64  217   78.00000   35.00000  55.1%  30.2 2689s
 493339 337724   58.00000   65  211   78.00000   35.00000  55.1%  30.2 2695s
 493795 337746   62.00000   66  217   78.00000   35.00000  55.1%  30.2 2702s
 493837 338027   62.00000   67  211   78.00000   35.00000  55.1%  30.2 2709s
 494280 338359   73.00000   86  152   78.00000   35.00000  55.1%  30.2 2717s
 494823 338694   73.00000   87  150   78.00000   35.00000  55.1%  30.2 2730s
 495313 339141   73.00000   88  148   78.00000   35.00000  55.1%  30.2 2748s
 496086 339873   73.00000   89  148   78.00000   35.00000  55.1%  30.2 2765s
 497135 340454   73.00000   90  148   78.00000   35.00000  55.1%  30.2 2783s
 498023 343065   73.00000   91  159   78.00000   35.00000  55.1%  30.2 2803s
 501855 346507   76.00000   78  142   78.00000   35.00000  55.1%  30.2 2819s
 506816 346633   52.00000   71  194   78.00000   35.00000  55.1%  30.2 2838s
 506995 367986   45.00000   71  230   78.00000   35.00000  55.1%  30.2 2902s
 538995 387016   77.00000   56  162   78.00000   35.00000  55.1%  30.2 2921s
 566548 387061   77.00000  100  151   78.00000   35.00000  55.1%  30.2 2927s
 566592 387089 infeasible  101        78.00000   35.00000  55.1%  30.2 2930s
 566663 387148   77.00000  103  134   78.00000   35.00000  55.1%  30.2 2936s
 566734 387204   41.00000   56  228   78.00000   35.00000  55.1%  30.2 2942s
 566769 387226   46.00000   57  223   78.00000   35.00000  55.1%  30.2 2945s
 566848 387282   54.00000   59  206   78.00000   35.00000  55.1%  30.2 2950s
 566921 387332   54.00000   61  202   78.00000   35.00000  55.1%  30.2 2956s
 566995 387389   54.00000   63  205   78.00000   35.00000  55.1%  30.2 2962s
 567032 387421   54.00000   64  196   78.00000   35.00000  55.1%  30.2 2968s
 567064 387455   70.00000   65  179   78.00000   35.00000  55.1%  30.2 2971s
 567112 387477   71.00000   66  162   78.00000   35.00000  55.1%  30.2 2980s
 567189 387531   77.00000   68  152   78.00000   35.00000  55.1%  30.2 2989s
 567228 387548   77.00000   69  148   78.00000   35.00000  55.1%  30.2 2993s
 567275 387600   77.00000   70  150   78.00000   35.00000  55.1%  30.2 3006s
 567396 387648   77.00000   72  149   78.00000   35.00000  55.1%  30.2 3015s
 567505 387731   77.00000   74  149   78.00000   35.00000  55.1%  30.2 3027s
 567538 387825   77.00000   75  147   78.00000   35.00000  55.1%  30.2 3036s
 567704 387935   77.00000   76  149   78.00000   35.00000  55.1%  30.2 3045s
 567872 388302   77.00000   77  150   78.00000   35.00000  55.1%  30.2 3071s
 568457 396476   73.00000   64  114   78.00000   35.00000  55.1%  30.2 3171s
 580164 399202   77.00000   84  166   78.00000   35.00000  55.1%  30.2 3203s
 583882 399229   77.00000   85  170   78.00000   35.00000  55.1%  30.2 3233s
 583927 402610   77.00000   86  169   78.00000   35.00000  55.1%  30.2 3264s
 589008 405122   61.00000   69  183   78.00000   35.00000  55.1%  30.2 3292s
 592713 412102   49.00000   70  208   78.00000   35.00000  55.1%  30.2 3318s
 602913 425130   49.00000   71  204   78.00000   35.00000  55.1%  30.2 3337s
 621821 425160   77.00000   75  147   78.00000   35.00000  55.1%  30.2 3341s
 621855 425189   77.00000   76  145   78.00000   35.00000  55.1%  30.2 3345s
 621925 425249   77.00000   78  144   78.00000   35.00000  55.1%  30.2 3352s
 621960 425275   77.00000   79  136   78.00000   35.00000  55.1%  30.2 3355s
 621998 425304   77.00000   80  136   78.00000   35.00000  55.1%  30.2 3362s
 622033 425334   77.00000   81  136   78.00000   35.00000  55.1%  30.2 3365s
 622103 425395   77.00000   83  138   78.00000   35.00000  55.1%  30.2 3373s
 622146 425428   77.00000   84  139   78.00000   35.00000  55.1%  30.2 3376s
 622207 425840   77.00000   85  136   78.00000   35.00000  55.1%  30.2 3380s
 623576 427197 infeasible  105        78.00000   35.00000  55.1%  30.2 3389s
 624804 427945     cutoff  106        78.00000   35.00000  55.1%  30.2 3394s
 625915 428348 infeasible  105        78.00000   35.00000  55.1%  30.2 3399s
 626562 428698     cutoff  106        78.00000   35.00000  55.1%  30.2 3405s
 627050 429922   35.11766   34  273   78.00000   35.00000  55.1%  30.2 3412s
 628826 429948   62.00000   35  228   78.00000   35.00000  55.1%  30.2 3418s
 628864 430340   62.00000   36  226   78.00000   35.00000  55.1%  30.2 3426s
 629349 430550   62.00000   37  216   78.00000   35.00000  55.1%  30.2 3436s
 629669 432188 infeasible   74        78.00000   35.00000  55.1%  30.2 3446s
 632106 435015   75.00000   75   98   78.00000   35.00000  55.1%  30.3 3469s
*634508 387773             135      77.0000000   35.00000  54.5%  30.3 3469s
 636371 391723 infeasible   76        77.00000   35.00000  54.5%  30.3 3485s
H638760 391718                      77.0000000   35.00000  54.5%  30.3 3485s
 642874 392796   75.00000   75   96   77.00000   35.00000  54.5%  30.3 3496s
 644395 393093   69.00000   80  208   77.00000   35.00000  54.5%  30.3 3507s
 644846 393122   69.00000   81  210   77.00000   35.00000  54.5%  30.3 3518s
 644881 393592   69.00000   82  210   77.00000   35.00000  54.5%  30.3 3531s
 645536 395303 infeasible   82        77.00000   35.00000  54.5%  30.3 3547s
 647929 397955   76.00000   83  156   77.00000   35.00000  54.5%  30.3 3565s
 651869 401794   76.00000   84  156   77.00000   35.00000  54.5%  30.3 3584s
 657769 401830 infeasible   85        77.00000   35.00000  54.5%  30.3 3600s

Cutting planes:
  Gomory: 123
  Cover: 257
  Implied bound: 191
  MIR: 980
  StrongCG: 1
  Flow cover: 1759
  GUB cover: 1
  Inf proof: 4
  RLT: 1379
  Relax-and-lift: 582
  BQP: 69
  PSD: 149

Explored 657817 nodes (19970998 simplex iterations) in 3600.09 seconds (1441.21 work units)
Thread count was 32 (of 32 available processors)

Solution count 10: 77 77 78 ... 81

Time limit reached
Best objective 7.699999999220e+01, best bound 3.500000000000e+01, gap 54.5455%
