
Gurobi 13.0.0 (linux64) logging started Wed Nov 26 04:01:44 2025

Set parameter LogFile to value "./Results/StripPacking-CutHeur/Logs/RU-010-StripPacking-50-0.log"
Set parameter TimeLimit to value 3600
Set parameter Cuts to value 0
Set parameter Presolve to value 1
Set parameter Heuristics to value 0
Set parameter LogToConsole to value 0
Set parameter LPWarmStart to value 2
Gurobi Optimizer version 13.0.0 build v13.0.0rc1 (linux64 - "Debian GNU/Linux 12 (bookworm)")

CPU model: Intel(R) Xeon(R) CPU E5-2630 v3 @ 2.40GHz, instruction set [SSE2|AVX|AVX2]
Thread count: 16 physical cores, 32 logical processors, using up to 32 threads

Non-default parameters:
TimeLimit  3600
LPWarmStart  2
Heuristics  0
Cuts  0
LogToConsole  0
Presolve  1

Optimize a model with 18425 rows, 5001 columns and 49100 nonzeros (Min)
Model fingerprint: 0xc0367ab3
Model has 1 linear objective coefficients
Variable types: 101 continuous, 4900 integer (4900 binary)
Coefficient statistics:
  Matrix range     [1e+00, 1e+04]
  Objective range  [1e+00, 1e+00]
  Bounds range     [1e+00, 1e+04]
  RHS range        [1e+00, 1e+04]

Warning: Completing partial solution with 4900 unfixed non-continuous variables out of 4900
User MIP start produced solution with objective 191.6 (0.02s)
Loaded user MIP start with objective 191.6

Presolve removed 2450 rows and 0 columns
Presolve time: 0.16s
Presolved: 15975 rows, 5001 columns, 44200 nonzeros
Variable types: 101 continuous, 4900 integer (4900 binary)

Root relaxation: objective 3.500000e+01, 3395 iterations, 0.31 seconds (0.23 work units)

    Nodes    |    Current Node    |     Objective Bounds      |     Work
 Expl Unexpl |  Obj  Depth IntInf | Incumbent    BestBd   Gap | It/Node Time

     0     0   35.00000    0  771  191.60000   35.00000  81.7%     -    0s
     0     0   35.00000    0  771  191.60000   35.00000  81.7%     -    1s
     0     0   35.00000    0  534  191.60000   35.00000  81.7%     -    1s
     0     2   35.00000    0  518  191.60000   35.00000  81.7%     -    2s
   238   271   36.21429   15  713  191.60000   35.00000  81.7%   242    5s
  1174  1232   52.00000   69  984  191.60000   35.00000  81.7%   203   10s
  2957  2811   50.00000   39  722  191.60000   35.00000  81.7%   147   15s
  5563  4936 infeasible  136       191.60000   35.00000  81.7%   113   20s
  5998  4977   35.00000   15  890  191.60000   35.00000  81.7%   114   25s
  6430  5292   44.00000   29  788  191.60000   35.00000  81.7%   130   30s
  6950  5701   44.00000   39  874  191.60000   35.00000  81.7%   142   35s
  7633  6068   71.00000   54  871  191.60000   35.00000  81.7%   148   40s
  8240  6405   74.00000   73  793  191.60000   35.00000  81.7%   152   45s
  8853  6875   80.00000   89  729  191.60000   35.00000  81.7%   154   50s
  9510  7087   84.00000  115  692  191.60000   35.00000  81.7%   155   55s
 10388  7574   69.00000   48  841  191.60000   35.00000  81.7%   156   61s
 11157  7923  121.00000   86  709  191.60000   35.00000  81.7%   154   65s
 11812  8283  151.00000  138  569  191.60000   35.00000  81.7%   155   70s
 12561  8742   58.00000   99  840  191.60000   35.00000  81.7%   154   75s
 13655  9605   52.00000   45 1034  191.60000   35.00000  81.7%   153   81s
 15099  9894   96.00000   91  847  191.60000   35.00000  81.7%   149   86s
 16064 10344 infeasible  150       191.60000   35.00000  81.7%   149   90s
 17141 10928   53.00000   34  779  191.60000   35.00000  81.7%   150   95s
 18064 11473 infeasible   53       191.60000   35.00000  81.7%   154  100s
 19250 12027   70.00000   78 1107  191.60000   35.00000  81.7%   155  105s
 20069 12382 infeasible  142       191.60000   35.00000  81.7%   157  110s
 20623 13567   62.00000   52  894  191.60000   35.00000  81.7%   161  117s
 22266 13869   50.00000   57  853  191.60000   35.00000  81.7%   157  121s
 23530 14856   67.00000   46  995  191.60000   35.00000  81.7%   154  125s
 25116 16928   84.00000   46  816  191.60000   35.00000  81.7%   152  132s
 27831 18224   64.00000   42  738  191.60000   35.00000  81.7%   143  136s
 28330 19137  113.00000   78  787  191.60000   35.00000  81.7%   144  140s
 29598 20020   75.00000   66 1067  191.60000   35.00000  81.7%   144  145s
 30682 20443   35.00000   47 1022  191.60000   35.00000  81.7%   145  150s
 31281 21373   54.00000   58  943  191.60000   35.00000  81.7%   148  156s
 32423 21904   35.00000   32  990  191.60000   35.00000  81.7%   152  162s
 32802 22847   51.00000   55  896  191.60000   35.00000  81.7%   153  165s
 34319 24248   82.00000  109  651  191.60000   35.00000  81.7%   154  173s
 35975 24478   56.00000   60  839  191.60000   35.00000  81.7%   152  177s
 36249 24717 infeasible   70       191.60000   35.00000  81.7%   155  181s
 36576 25074   98.00000   86  684  191.60000   35.00000  81.7%   157  185s
 37009 25907  112.00000  119  533  191.60000   35.00000  81.7%   159  190s
 38041 26273 infeasible  183       191.60000   35.00000  81.7%   159  195s
 38519 27783   84.00000   64  962  191.60000   35.00000  81.7%   161  200s
 40627 28087   98.00000   43  997  191.60000   35.00000  81.7%   159  205s
 41029 28790  114.00000   78  660  191.60000   35.00000  81.7%   161  212s
 41864 31952   43.00000   30  993  191.60000   35.00000  81.7%   162  223s
 46083 32479 infeasible  166       191.60000   35.00000  81.7%   158  229s
 46730 33073   94.00000   71  819  191.60000   35.00000  81.7%   159  236s
 47414 35380  182.00000  124  612  191.60000   35.00000  81.7%   159  242s
 50642 35755   46.00000   66 1007  191.60000   35.00000  81.7%   156  248s
 51157 36966   72.00000   87  926  191.60000   35.00000  81.7%   158  254s
 52788 37417   51.00000   50  957  191.60000   35.00000  81.7%   160  260s
 53297 37944   54.00000   65  793  191.60000   35.00000  81.7%   162  267s
 53896 39711   49.00000   39  846  191.60000   35.00000  81.7%   164  273s
 56304 40096 infeasible   68       191.60000   35.00000  81.7%   163  279s
 56847 40600   61.00000   56 1068  191.60000   35.00000  81.7%   165  286s
 57481 42588   75.00000   73 1054  191.60000   35.00000  81.7%   165  292s
 60357 43062 infeasible   97       191.60000   35.00000  81.7%   163  298s
 60957 44780   99.00000   68  693  191.60000   35.00000  81.7%   164  304s
 63465 45151 infeasible   74       191.60000   35.00000  81.7%   162  312s
 64052 46577   72.00000   65  906  191.60000   35.00000  81.7%   165  332s
 65927 53517   60.00000   52  903  191.60000   35.00000  81.7%   167  349s
 75881 53838   70.00000   67  847  191.60000   35.00000  81.7%   157  354s
*76263 53132             277     191.0000000   35.00000  81.7%   157  354s
 76332 53550   82.00000   78  982  191.00000   35.00000  81.7%   158  359s
 76871 53953   97.00000   96  907  191.00000   35.00000  81.7%   158  364s
 77404 55483   93.00000  102  966  191.00000   35.00000  81.7%   159  370s
 79536 56211   68.00000   38  736  191.00000   35.00000  81.7%   157  375s
 80338 58687  104.00000   88  775  191.00000   35.00000  81.7%   157  380s
 83468 59095   61.00000   67  946  191.00000   35.00000  81.7%   155  385s
 83970 61782   90.00000   90  993  191.00000   35.00000  81.7%   155  393s
 87510 62017   56.00000   69  931  191.00000   35.00000  81.7%   154  397s
 87797 62349   71.00000   72 1237  191.00000   35.00000  81.7%   155  401s
 88171 62799 infeasible   78       191.00000   35.00000  81.7%   156  405s
 88691 65071  104.00000   64  746  191.00000   35.00000  81.7%   156  410s
 91635 65393   68.00000   41 1097  191.00000   35.00000  81.7%   154  415s
 92065 65821 infeasible   69       191.00000   35.00000  81.7%   155  420s
 94758 67650   55.00000   66  925  191.00000   35.00000  81.7%   153  429s
 95218 69164   49.49180   50 1032  191.00000   35.00000  81.7%   154  433s
 97307 69774   95.00000   67  910  191.00000   35.00000  81.7%   153  438s
 97969 71883  149.00000   96  681  191.00000   35.00000  81.7%   153  442s
 100774 72205   43.00000   45  989  191.00000   35.00000  81.7%   151  446s
 101220 72648 infeasible   82       191.00000   35.00000  81.7%   152  451s
 101783 74245 infeasible  113       191.00000   35.00000  81.7%   152  455s
 104730 76906   56.00000   67  917  191.00000   35.00000  81.7%   151  465s
 108377 77276   54.00000   44  837  191.00000   35.00000  81.7%   150  474s
 108716 77657  100.00000   67  803  191.00000   35.00000  81.7%   151  478s
 109237 78053   60.00000   41  841  191.00000   35.00000  81.7%   151  483s
 109787 79584   35.00000   45 1157  191.00000   35.00000  81.7%   152  489s
 112023 79848   58.00000   68  856  191.00000   35.00000  81.7%   152  494s
 112391 80225   87.00000   78  923  191.00000   35.00000  81.7%   153  500s
 112904 81861   87.00000   87  745  191.00000   35.00000  81.7%   154  506s
 115297 82466 infeasible  149       191.00000   35.00000  81.7%   154  512s
 116014 83260   87.00000   62  915  191.00000   35.00000  81.7%   154  518s
 117036 84640   68.00000   59 1115  191.00000   35.00000  81.7%   154  523s
 119045 85031   47.00000   24  954  191.00000   35.00000  81.7%   154  530s
 119568 85542  109.00000   67  995  191.00000   35.00000  81.7%   155  537s
 120269 87791  180.00000  127  743  191.00000   35.00000  81.7%   156  543s
 123373 88223 infeasible   78       191.00000   35.00000  81.7%   154  548s
 123927 89797  111.00000   74  909  191.00000   35.00000  81.7%   155  554s
 126364 90512 infeasible   84       191.00000   35.00000  81.7%   154  561s
 127226 93817  189.00000  101  656  191.00000   35.00000  81.7%   155  574s
 132482 94240   52.00000   57 1074  191.00000   35.00000  81.7%   153  579s
 132985 94759  130.00000   86  649  191.00000   35.00000  81.7%   154  585s
 133594 95212  173.00000  149  481  191.00000   35.00000  81.7%   154  591s
 134201 96805   79.00000   65 1113  191.00000   35.00000  81.7%   155  597s
 136469 97146 infeasible   71       191.00000   35.00000  81.7%   155  603s
 136988 97600   55.00000   72 1144  191.00000   35.00000  81.7%   156  609s
 137596 99059   75.00000   80 1022  191.00000   35.00000  81.7%   156  615s
 139873 99628   35.97089   54 1040  191.00000   35.00000  81.7%   156  622s
 140556 100225   63.00000   60  996  191.00000   35.00000  81.7%   157  629s
 141309 102253  114.00000   77  811  191.00000   35.00000  81.7%   157  635s
 144304 102681   80.00000   49 1020  191.00000   35.00000  81.7%   156  642s
 144840 104226   77.00000   69 1081  191.00000   35.00000  81.7%   158  648s
 147322 104825 infeasible   94       191.00000   35.00000  81.7%   158  655s
 148055 106042  142.00000  112  632  191.00000   35.00000  81.7%   158  671s
 149730 111341  128.00000   77  686  191.00000   35.00000  81.7%   159  685s
 156842 111816   45.00000   55 1104  191.00000   35.00000  81.7%   157  690s
 157443 112601  110.00000   78  962  191.00000   35.00000  81.7%   157  696s
 158322 114023   61.00000   46  712  191.00000   35.00000  81.7%   157  701s
 160605 114432   37.00000   51  953  191.00000   35.00000  81.7%   157  707s
 161120 114996   61.00000   69  871  191.00000   35.00000  81.7%   158  712s
 161862 117050   61.00000   76  977  191.00000   35.00000  81.7%   159  718s
 164722 117302 infeasible   80       191.00000   35.00000  81.7%   158  723s
 165150 117711  135.00000   80  766  191.00000   35.00000  81.7%   158  728s
 165731 119282  180.00000  139  551  191.00000   35.00000  81.7%   159  733s
 168130 119742   51.00000   30  985  191.00000   35.00000  81.7%   158  741s
 168774 121512   49.00000   40  922  191.00000   35.00000  81.7%   159  758s
 170934 125674  108.00000  141  560  191.00000   35.00000  81.7%   159  771s
 176922 127284   55.00000   66  975  191.00000   35.00000  81.7%   158  777s
 179500 127629  108.00000   96  754  191.00000   35.00000  81.7%   157  782s
 180045 128580   65.00000   66  865  191.00000   35.00000  81.7%   158  788s
 181420 128998 infeasible   98       191.00000   35.00000  81.7%   158  794s
 181962 130042   63.00000   51  908  191.00000   35.00000  81.7%   159  800s
 183591 130400 infeasible   80       191.00000   35.00000  81.7%   159  806s
 184167 132130   93.00000   92  818  191.00000   35.00000  81.7%   159  812s
 186877 132624 infeasible   76       191.00000   35.00000  81.7%   159  818s
 187477 133221 infeasible   62       191.00000   35.00000  81.7%   160  825s
 188182 135356   66.00000   76 1000  191.00000   35.00000  81.7%   160  831s
 191356 135699 infeasible  249       191.00000   35.00000  81.7%   160  838s
 191883 137114   92.00000   75  856  191.00000   35.00000  81.7%   160  860s
 193832 141875   72.00000   46  917  191.00000   35.00000  81.7%   162  876s
 201547 142232 infeasible   74       191.00000   35.00000  81.7%   161  882s
 202056 142661   57.00000   76 1154  191.00000   35.00000  81.7%   162  888s
 202649 144021   89.00000   92 1184  191.00000   35.00000  81.7%   162  895s
 204676 144296   64.00000   69  989  191.00000   35.00000  81.7%   162  901s
 205165 144715   57.00000   65  933  191.00000   35.00000  81.7%   163  908s
 205764 145272   69.00000   63  966  191.00000   35.00000  81.7%   164  915s
 206565 147554   35.00000   41 1110  191.00000   35.00000  81.7%   164  922s
 209889 147888 infeasible   73       191.00000   35.00000  81.7%   163  929s
 210419 148324   68.00000   48  997  191.00000   35.00000  81.7%   164  935s
 211061 149816   88.00000   78  808  191.00000   35.00000  81.7%   164  942s
 213544 150284   35.00000   33 1293  191.00000   35.00000  81.7%   164  949s
 214156 152114   92.00000   84 1068  191.00000   35.00000  81.7%   165  967s
 216338 155546   59.00000   65 1029  191.00000   35.00000  81.7%   166  980s
 221805 156035   62.00000   62 1109  191.00000   35.00000  81.7%   165  987s
 222436 158099  121.00000  103  943  191.00000   35.00000  81.7%   165  993s
 225634 158731 infeasible   81       191.00000   35.00000  81.7%   165  999s
 226378 160504  161.00000  140  625  191.00000   35.00000  81.7%   165 1006s
 228902 160833   52.00000   62  980  191.00000   35.00000  81.7%   165 1012s
 229373 161302  101.00000   93  733  191.00000   35.00000  81.7%   165 1018s
 230012 163296   41.00000   42  929  191.00000   35.00000  81.7%   166 1025s
 233028 163615 infeasible  125       191.00000   35.00000  81.7%   165 1030s
 233521 163994 infeasible   69       191.00000   35.00000  81.7%   166 1036s
 234076 165599   35.00000   57 1129  191.00000   35.00000  81.7%   166 1043s
 236631 165835   58.00000   62 1046  191.00000   35.00000  81.7%   166 1048s
 237007 166239 infeasible   69       191.00000   35.00000  81.7%   166 1053s
 237599 166810   58.00000   68 1159  191.00000   35.00000  81.7%   166 1059s
 238500 168264  113.00000  103  922  191.00000   35.00000  81.7%   167 1066s
 240688 168722   54.00000   58 1078  191.00000   35.00000  81.7%   167 1073s
 241334 169636   86.00000  105  929  191.00000   35.00000  81.7%   168 1081s
 242516 171696   97.00000   72 1106  191.00000   35.00000  81.7%   168 1087s
 245555 172133 infeasible  130       191.00000   35.00000  81.7%   167 1095s
 246190 174189  106.00000   70  957  191.00000   35.00000  81.7%   168 1101s
 249388 174612 infeasible  154       191.00000   35.00000  81.7%   167 1107s
 249975 175118 infeasible   78       191.00000   35.00000  81.7%   167 1113s
 250641 176816   86.00000   72 1170  191.00000   35.00000  81.7%   167 1119s
 253384 177046 infeasible   77       191.00000   35.00000  81.7%   167 1126s
 253806 177313 infeasible   74       191.00000   35.00000  81.7%   167 1132s
 254335 177648   96.00000   65  886  191.00000   35.00000  81.7%   168 1138s
 254882 179103  120.00000  123  659  191.00000   35.00000  81.7%   168 1145s
 257293 179397   96.00000   71 1177  191.00000   35.00000  81.7%   168 1150s
 257739 179758  130.00000   90 1008  191.00000   35.00000  81.7%   168 1156s
 258380 182399  142.00000  137  772  191.00000   35.00000  81.7%   169 1162s
 262189 182717  139.00000   76  837  191.00000   35.00000  81.7%   168 1167s
 262625 183049 infeasible   89       191.00000   35.00000  81.7%   168 1172s
 263107 183572  171.00000  104  616  191.00000   35.00000  81.7%   168 1178s
 263746 185446  188.00000  130  342  191.00000   35.00000  81.7%   168 1183s
 266551 185755 infeasible   65       191.00000   35.00000  81.7%   168 1188s
 267020 186604   56.00000   62 1080  191.00000   35.00000  81.7%   168 1194s
 268339 186926   97.00000   47 1347  191.00000   35.00000  81.7%   168 1199s
 268793 188357  133.00000  103  746  191.00000   35.00000  81.7%   168 1205s
 271172 188742   68.00000   67 1071  191.00000   35.00000  81.7%   168 1210s
 271685 189367  118.00000   95  815  191.00000   35.00000  81.7%   168 1216s
 272679 190827   50.00000   52  970  191.00000   35.00000  81.7%   168 1221s
 274909 191113 infeasible  103       191.00000   35.00000  81.7%   168 1227s
 275377 191572   87.00000   72  797  191.00000   35.00000  81.7%   168 1234s
 276060 196241   97.00000  109  683  191.00000   35.00000  81.7%   169 1250s
 283155 196606   80.00000   43  670  191.00000   35.00000  81.7%   167 1255s
 283610 197063  150.00000   83  643  191.00000   35.00000  81.7%   168 1260s
 284225 197511  180.00000  141  432  191.00000   35.00000  81.7%   168 1266s
 284787 197931   60.00000   66  954  191.00000   35.00000  81.7%   168 1272s
 285391 199584  101.00000   90  908  191.00000   35.00000  81.7%   168 1278s
 287936 200065 infeasible   58       191.00000   35.00000  81.7%   168 1284s
 288545 200816  118.00000   93  794  191.00000   35.00000  81.7%   168 1290s
 289579 202084   71.00000   61 1067  191.00000   35.00000  81.7%   168 1295s
 291667 202416   60.00000   67  927  191.00000   35.00000  81.7%   168 1301s
 292127 202788 infeasible   80       191.00000   35.00000  81.7%   168 1307s
 292665 204274  112.00000   76  895  191.00000   35.00000  81.7%   169 1313s
 294940 204629   35.00000   49 1137  191.00000   35.00000  81.7%   169 1319s
 295417 205023 infeasible   61       191.00000   35.00000  81.7%   169 1325s
 295999 205559   93.00000   47  917  191.00000   35.00000  81.7%   170 1333s
 296788 208971  135.00000  102  548  191.00000   35.00000  81.7%   170 1346s
 302257 209206 infeasible   74       191.00000   35.00000  81.7%   170 1352s
 302650 209675   62.00000   33 1114  191.00000   35.00000  81.7%   170 1357s
 303203 210304   72.00000   61  961  191.00000   35.00000  81.7%   171 1364s
 303960 210787   89.00000   90  804  191.00000   35.00000  81.7%   171 1371s
 304651 212852  117.00000  121  534  191.00000   35.00000  81.7%   171 1377s
 307716 213361   37.00000   44 1057  191.00000   35.00000  81.7%   171 1383s
 308369 214785   87.00000   67 1179  191.00000   35.00000  81.7%   171 1389s
 310430 215096   35.00000   48 1170  191.00000   35.00000  81.7%   171 1395s
 310941 215399  107.00000   72 1039  191.00000   35.00000  81.7%   171 1402s
 311528 216969  147.00000   97  792  191.00000   35.00000  81.7%   171 1408s
 313982 217290 infeasible   85       191.00000   35.00000  81.7%   171 1414s
 314483 217691   82.00000   72 1049  191.00000   35.00000  81.7%   171 1422s
 315144 219454   50.00000   67 1176  191.00000   35.00000  81.7%   172 1428s
 317787 219777   82.00000   83  764  191.00000   35.00000  81.7%   172 1436s
 318396 221104  138.00000   95  686  191.00000   35.00000  81.7%   172 1454s
 320347 225432   51.00000   80 1016  191.00000   35.00000  81.7%   173 1468s
 326972 225794   76.00000   55 1004  191.00000   35.00000  81.7%   172 1474s
 327508 226268   79.00000   73  929  191.00000   35.00000  81.7%   172 1480s
 328180 228230   42.19149   62 1217  191.00000   35.00000  81.7%   172 1487s
 331341 228623 infeasible   74       191.00000   35.00000  81.7%   172 1493s
 331860 229294  110.00000   69  988  191.00000   35.00000  81.7%   172 1500s
 332713 231284  142.00000  119  551  191.00000   35.00000  81.7%   172 1506s
 335540 231729 infeasible   99       191.00000   35.00000  81.7%   172 1513s
 336170 233115  100.00000   84  880  191.00000   35.00000  81.7%   172 1518s
 338258 233694   48.00000   71  983  191.00000   35.00000  81.7%   172 1526s
 339009 235644 infeasible   80       191.00000   35.00000  81.7%   173 1540s
 341617 237958   62.00000   60  920  191.00000   35.00000  81.7%   173 1550s
 345514 238394   48.00000   44  812  191.00000   35.00000  81.7%   172 1556s
 346136 238963  127.00000   75  989  191.00000   35.00000  81.7%   173 1564s
 346951 240707  148.00000  146  558  191.00000   35.00000  81.7%   173 1571s
 350053 241049 infeasible   83       191.00000   35.00000  81.7%   172 1578s
 350591 241488 infeasible   75       191.00000   35.00000  81.7%   173 1585s
 351298 243167   95.00000   90 1022  191.00000   35.00000  81.7%   173 1592s
 354112 243564 infeasible  140       191.00000   35.00000  81.7%   173 1599s
 354725 243982 infeasible   92       191.00000   35.00000  81.7%   173 1607s
 355379 245710   60.00000   59 1291  191.00000   35.00000  81.7%   173 1613s
 358359 246152   60.00000   64 1058  191.00000   35.00000  81.7%   173 1619s
 358985 246630  116.00000  100  889  191.00000   35.00000  81.7%   173 1627s
 359721 250891  127.00000  137  753  191.00000   35.00000  81.7%   173 1642s
 366438 251190 infeasible   58       191.00000   35.00000  81.7%   172 1646s
 366911 251716  107.00000   95  600  191.00000   35.00000  81.7%   173 1651s
 367519 252217  123.00000  132  432  191.00000   35.00000  81.7%   173 1657s
 368184 253989  148.00000  164  376  191.00000   35.00000  81.7%   173 1662s
 370811 254318   42.00000   36  978  191.00000   35.00000  81.7%   172 1667s
 371312 254750 infeasible   67       191.00000   35.00000  81.7%   172 1673s
 371898 256258   69.00000   54  974  191.00000   35.00000  81.7%   173 1678s
 374237 256611 infeasible  124       191.00000   35.00000  81.7%   172 1684s
 374740 257801  126.00000  125  527  191.00000   35.00000  81.7%   173 1689s
 376616 258180 infeasible   66       191.00000   35.00000  81.7%   172 1695s
 377167 258953  128.00000   93  817  191.00000   35.00000  81.7%   173 1700s
 378447 259375  108.00000  100  876  191.00000   35.00000  81.7%   173 1707s
 379065 260862  162.00000  156  616  191.00000   35.00000  81.7%   173 1713s
 381480 261303 infeasible   64       191.00000   35.00000  81.7%   173 1720s
 382107 262835 infeasible   55       191.00000   35.00000  81.7%   173 1738s
 384113 266402  123.00000   97  647  191.00000   35.00000  81.7%   174 1754s
 390404 266797  140.00000  113  817  191.00000   35.00000  81.7%   173 1761s
 390983 268490  170.00000  178  565  191.00000   35.00000  81.7%   174 1767s
 393656 268972  139.00000   92  680  191.00000   35.00000  81.7%   173 1774s
 394282 269455  171.00000  170  477  191.00000   35.00000  81.7%   173 1780s
 394953 271135   44.00000   57  969  191.00000   35.00000  81.7%   174 1786s
 397831 271475   73.00000   69 1008  191.00000   35.00000  81.7%   173 1792s
 398339 271982   89.00000   71  850  191.00000   35.00000  81.7%   173 1799s
 399058 273578   35.00000   47 1100  191.00000   35.00000  81.7%   174 1805s
 401544 273991 infeasible   71       191.00000   35.00000  81.7%   173 1812s
 402179 276215  106.00000   65  869  191.00000   35.00000  81.7%   174 1819s
 405606 276492 infeasible   78       191.00000   35.00000  81.7%   173 1823s
 405973 276835   94.00000  104  923  191.00000   35.00000  81.7%   173 1828s
 406466 277234   94.00000  124  843  191.00000   35.00000  81.7%   173 1833s
 407039 278569   88.00000   74 1021  191.00000   35.00000  81.7%   173 1838s
 409132 278922   51.00000   79  889  191.00000   35.00000  81.7%   173 1844s
 409567 279257   60.00000   81  991  191.00000   35.00000  81.7%   173 1850s
 410131 280899   76.00000   57  955  191.00000   35.00000  81.7%   174 1855s
 412633 281121   62.00000   64 1227  191.00000   35.00000  81.7%   173 1860s
 413003 281491 infeasible   70       191.00000   35.00000  81.7%   174 1866s
 413549 283512  100.00000   91  853  191.00000   35.00000  81.7%   174 1871s
 416541 283786 infeasible  260       191.00000   35.00000  81.7%   173 1877s
 416947 284045 infeasible   70       191.00000   35.00000  81.7%   173 1883s
 417368 284386 infeasible   82       191.00000   35.00000  81.7%   174 1888s
 417919 286360  112.00000   83  860  191.00000   35.00000  81.7%   174 1895s
 420785 286622 infeasible   78       191.00000   35.00000  81.7%   173 1900s
 421223 287010 infeasible   69       191.00000   35.00000  81.7%   174 1906s
 421781 288608  138.00000  103  743  191.00000   35.00000  81.7%   174 1911s
 424463 289008   68.00000   45  859  191.00000   35.00000  81.7%   173 1919s
 425057 290229   78.00000   87  774  191.00000   35.00000  81.7%   174 1939s
 426932 293784  145.00000  145  778  191.00000   35.00000  81.7%   174 1956s
 432784 294141 infeasible   92       191.00000   35.00000  81.7%   175 1964s
 433355 294591   61.00000   77  950  191.00000   35.00000  81.7%   175 1971s
 434053 295149 infeasible   92       191.00000   35.00000  81.7%   176 1980s
 434963 295908   38.00000   42 1022  191.00000   35.00000  81.7%   176 1988s
 436143 296435 infeasible  126       191.00000   35.00000  81.7%   176 1998s
 436900 298537   80.00000   81  817  191.00000   35.00000  81.7%   177 2007s
 440307 298946 infeasible   84       191.00000   35.00000  81.7%   176 2015s
 440942 299383 infeasible  103       191.00000   35.00000  81.7%   177 2023s
 441661 301403   66.00000   62 1008  191.00000   35.00000  81.7%   177 2032s
 445054 301763 infeasible   83       191.00000   35.00000  81.7%   177 2040s
 445574 303537   95.00000   82  961  191.00000   35.00000  81.7%   177 2063s
 447950 308612  123.00000   80  849  191.00000   35.00000  81.7%   178 2079s
 456271 308854   78.00000   58  877  191.00000   35.00000  81.7%   177 2085s
 456669 309202  132.00000   98  643  191.00000   35.00000  81.7%   177 2090s
 457169 309598  162.00000  147  446  191.00000   35.00000  81.7%   177 2097s
 457767 310000   83.00000   54 1028  191.00000   35.00000  81.7%   178 2103s
 458363 311388  106.00000   83  802  191.00000   35.00000  81.7%   178 2109s
 460517 311705   68.00000   77  844  191.00000   35.00000  81.7%   178 2114s
 461060 312215  130.00000  100  538  191.00000   35.00000  81.7%   178 2121s
 461774 313020  149.00000  140  360  191.00000   35.00000  81.7%   178 2128s
 463045 313425 infeasible   62       191.00000   35.00000  81.7%   179 2135s
 463676 315315   94.00000   81  797  191.00000   35.00000  81.7%   179 2142s
 466829 315949 infeasible   67       191.00000   35.00000  81.7%   178 2150s
 467619 316977 infeasible   85       191.00000   35.00000  81.7%   179 2166s
*468124 313587             259     190.0000000   35.00000  81.6%   179 2166s
 469081 317779  103.00000   97  803  190.00000   35.00000  81.6%   179 2181s
 475662 318189 infeasible   90       190.00000   35.00000  81.6%   179 2187s
 476244 318989 infeasible   68       190.00000   35.00000  81.6%   179 2194s
 477148 321413  126.00000  107  751  190.00000   35.00000  81.6%   179 2200s
 480792 321644   56.00000   51 1124  190.00000   35.00000  81.6%   178 2205s
 481209 322010   51.00000   63  941  190.00000   35.00000  81.6%   178 2211s
 481725 322604 infeasible   81       190.00000   35.00000  81.6%   179 2217s
 482617 324246   35.00000   50 1223  190.00000   35.00000  81.6%   179 2222s
 485222 324524   35.00000   51 1014  190.00000   35.00000  81.6%   178 2228s
 485714 324938  104.00000   79  884  190.00000   35.00000  81.6%   179 2234s
 486290 325578   95.00000   63  884  190.00000   35.00000  81.6%   179 2240s
 487334 326013 infeasible   66       190.00000   35.00000  81.6%   179 2248s
 488013 329869  113.00000   83  833  190.00000   35.00000  81.6%   179 2264s
 494400 330226 infeasible   61       190.00000   35.00000  81.6%   179 2269s
 494903 330664   98.00000   76  830  190.00000   35.00000  81.6%   179 2275s
 495505 331137   35.00000   62 1114  190.00000   35.00000  81.6%   179 2281s
 496163 331537   98.00000   79  896  190.00000   35.00000  81.6%   179 2288s
 496819 332063   91.00000   79  947  190.00000   35.00000  81.6%   180 2296s
 497533 333706   62.00000   67  873  190.00000   35.00000  81.6%   180 2304s
 500295 334067 infeasible   73       190.00000   35.00000  81.6%   180 2311s
 500838 334602   82.00000   87 1022  190.00000   35.00000  81.6%   180 2318s
 501561 336376   86.00000  107  930  190.00000   35.00000  81.6%   180 2325s
 504421 336714   72.00000   69 1071  190.00000   35.00000  81.6%   180 2332s
 504953 337242  121.00000  108  766  190.00000   35.00000  81.6%   180 2339s
 505689 339463   53.00000   63  795  190.00000   35.00000  81.6%   180 2346s
 509075 339833 infeasible   66       190.00000   35.00000  81.6%   180 2355s
 509691 341329  116.00000  113  799  190.00000   35.00000  81.6%   180 2373s
 511785 345275  143.00000  110  594  190.00000   35.00000  81.6%   180 2388s
 517902 345595   61.00000   61 1003  190.00000   35.00000  81.6%   180 2394s
 518420 347177  115.00000   88 1015  190.00000   35.00000  81.6%   180 2400s
 520990 347511   61.00000   67  896  190.00000   35.00000  81.6%   180 2407s
 521498 347959  104.00000   92  757  190.00000   35.00000  81.6%   180 2413s
 522116 348543  131.00000  125  643  190.00000   35.00000  81.6%   181 2421s
 522890 350314  151.00000  190  446  190.00000   35.00000  81.6%   181 2428s
 525756 350546   82.00000   84 1035  190.00000   35.00000  81.6%   181 2435s
 526242 350927 infeasible   68       190.00000   35.00000  81.6%   181 2442s
 526895 352475   97.00000   86  956  190.00000   35.00000  81.6%   181 2450s
 529415 352792   63.00000   86  955  190.00000   35.00000  81.6%   181 2457s
 530014 353324 infeasible  105       190.00000   35.00000  81.6%   181 2466s
 530796 357075   35.32640   68 1197  190.00000   35.00000  81.6%   181 2481s
 536649 357268 infeasible   64       190.00000   35.00000  81.6%   181 2486s
 537020 357541   56.00000   61  984  190.00000   35.00000  81.6%   181 2492s
 537491 357943   87.00000   85  815  190.00000   35.00000  81.6%   181 2498s
 538079 358342   61.00000   58 1048  190.00000   35.00000  81.6%   181 2505s
 538656 358727   89.00000   76 1002  190.00000   35.00000  81.6%   182 2513s
 539219 359136 infeasible   63       190.00000   35.00000  81.6%   182 2521s
 539880 361629  110.00000   82  821  190.00000   35.00000  81.6%   182 2528s
 543899 361935 infeasible   79       190.00000   35.00000  81.6%   182 2534s
 544423 362429 infeasible   81       190.00000   35.00000  81.6%   182 2541s
 545099 363473   85.00000   55  837  190.00000   35.00000  81.6%   182 2548s
 546741 363858   66.00000   59 1090  190.00000   35.00000  81.6%   182 2555s
 547302 364449   70.00000   77  943  190.00000   35.00000  81.6%   182 2562s
 548383 364837   66.00000   75 1111  190.00000   35.00000  81.6%   183 2569s
 548983 366858   87.00000   71 1018  190.00000   35.00000  81.6%   183 2577s
 552345 367278   47.00000   76 1245  190.00000   35.00000  81.6%   182 2585s
 552999 368655   35.00000   34 1197  190.00000   35.00000  81.6%   183 2604s
 554904 372491   70.00000   71  946  190.00000   35.00000  81.6%   183 2620s
 561472 372845   35.00000   60  974  190.00000   35.00000  81.6%   183 2627s
 562004 373349   78.00000   85  918  190.00000   35.00000  81.6%   183 2634s
 562714 373612   75.00000   79 1032  190.00000   35.00000  81.6%   183 2641s
 563219 375177   85.00000   74 1209  190.00000   35.00000  81.6%   183 2648s
 565920 375550 infeasible   64       190.00000   35.00000  81.6%   183 2655s
 566485 376154   61.00000   62 1038  190.00000   35.00000  81.6%   183 2662s
 567263 378221  131.00000   84  848  190.00000   35.00000  81.6%   183 2669s
 570540 378523 infeasible  104       190.00000   35.00000  81.6%   183 2675s
 571048 379059  113.00000   80 1059  190.00000   35.00000  81.6%   183 2682s
 571794 380817  167.00000  146  738  190.00000   35.00000  81.6%   183 2689s
 574653 381264   35.00000   64 1128  190.00000   35.00000  81.6%   183 2697s
 575332 383681  162.00000  147  721  190.00000   35.00000  81.6%   183 2714s
 579096 384294   57.00000   45 1082  190.00000   35.00000  81.6%   183 2723s
 579919 386494   72.00000   75  985  190.00000   35.00000  81.6%   183 2732s
 583401 386982   67.00000   87 1021  190.00000   35.00000  81.6%   183 2739s
 584081 387704 infeasible  118       190.00000   35.00000  81.6%   183 2747s
 585021 389640   35.00000   64  951  190.00000   35.00000  81.6%   183 2755s
 588110 389893 infeasible   72       190.00000   35.00000  81.6%   183 2762s
 588608 390298  105.00000   85  813  190.00000   35.00000  81.6%   184 2770s
 589247 390888  116.00000  155  516  190.00000   35.00000  81.6%   184 2778s
 590197 392623  110.00000   94  924  190.00000   35.00000  81.6%   184 2786s
 592964 392959 infeasible  328       190.00000   35.00000  81.6%   184 2793s
 593528 393434   62.00000   77 1079  190.00000   35.00000  81.6%   184 2801s
 594263 393885   58.00000   55 1207  190.00000   35.00000  81.6%   184 2810s
 594979 396011   68.00000   65 1302  190.00000   35.00000  81.6%   185 2818s
 598605 396595   76.00000   81 1352  190.00000   35.00000  81.6%   184 2826s
 599333 397714  168.00000  143  690  190.00000   35.00000  81.6%   185 2843s
 601078 400974   43.00000   71  946  190.00000   35.00000  81.6%   185 2858s
 606720 401229   61.00000   71 1296  190.00000   35.00000  81.6%   185 2866s
 607209 401713   78.00000   80  967  190.00000   35.00000  81.6%   185 2874s
 607929 402181  114.00000   93  647  190.00000   35.00000  81.6%   185 2882s
 608635 404308  174.00000  125  469  190.00000   35.00000  81.6%   185 2890s
 612205 404825 infeasible   79       190.00000   35.00000  81.6%   185 2897s
 612900 405560  135.00000  124  674  190.00000   35.00000  81.6%   185 2904s
 614041 406918   68.00000   44 1012  190.00000   35.00000  81.6%   185 2912s
 616137 407209   56.00000   63  918  190.00000   35.00000  81.6%   185 2919s
 616694 407711 infeasible   72       190.00000   35.00000  81.6%   186 2927s
 617406 408216  116.00000   97  682  190.00000   35.00000  81.6%   186 2935s
 618177 410082   38.00000   62 1143  190.00000   35.00000  81.6%   186 2944s
 621323 410409 infeasible  116       190.00000   35.00000  81.6%   186 2952s
 621918 411388 infeasible   70       190.00000   35.00000  81.6%   186 2973s
 623687 415371   83.00000   76  941  190.00000   35.00000  81.6%   187 2990s
 630368 415717  105.00000   74  938  190.00000   35.00000  81.6%   186 2996s
 630980 416101 infeasible   87       190.00000   35.00000  81.6%   187 3004s
 631590 416570   38.00000   54  976  190.00000   35.00000  81.6%   187 3013s
 632317 416973 infeasible  104       190.00000   35.00000  81.6%   187 3021s
 632984 418963   50.00000   59 1051  190.00000   35.00000  81.6%   187 3029s
 636291 419463   79.00000   68  870  190.00000   35.00000  81.6%   187 3037s
 636989 419936  112.00000   84  792  190.00000   35.00000  81.6%   187 3046s
 637704 420611  143.00000   97  699  190.00000   35.00000  81.6%   188 3054s
 638667 422550   38.00000   63 1456  190.00000   35.00000  81.6%   188 3063s
 641905 422912 infeasible   71       190.00000   35.00000  81.6%   188 3071s
 642493 424290  102.00000   59 1053  190.00000   35.00000  81.6%   188 3093s
 644581 427800   35.00000   66 1097  190.00000   35.00000  81.6%   188 3110s
 650782 428098 infeasible   91       190.00000   35.00000  81.6%   188 3117s
 651340 428523 infeasible   86       190.00000   35.00000  81.6%   188 3124s
 651989 428926  110.00000   95 1159  190.00000   35.00000  81.6%   188 3132s
 652660 431020   43.00000   60 1056  190.00000   35.00000  81.6%   188 3139s
 655974 431445   42.00000   56  995  190.00000   35.00000  81.6%   188 3146s
 656599 431983   85.00000   77 1006  190.00000   35.00000  81.6%   188 3153s
 657343 433888  111.00000   94  792  190.00000   35.00000  81.6%   188 3160s
 660366 434191 infeasible   71       190.00000   35.00000  81.6%   188 3167s
 660877 434612   90.00000   66  991  190.00000   35.00000  81.6%   188 3174s
 661554 435287   44.00000   68  942  190.00000   35.00000  81.6%   189 3182s
 662618 436924   98.00000   78 1075  190.00000   35.00000  81.6%   189 3189s
 665422 437129   88.00000   52 1110  190.00000   35.00000  81.6%   189 3193s
 665781 437426  147.00000   81  930  190.00000   35.00000  81.6%   189 3199s
 666276 437805  147.00000  131  659  190.00000   35.00000  81.6%   189 3206s
 666885 439721   95.00000   75 1053  190.00000   35.00000  81.6%   189 3213s
 670214 440038 infeasible   74       190.00000   35.00000  81.6%   189 3219s
 670705 440396   69.00000   71  976  190.00000   35.00000  81.6%   189 3225s
 671263 440742  124.00000  100  741  190.00000   35.00000  81.6%   189 3231s
 671883 442227   66.00000   68 1069  190.00000   35.00000  81.6%   189 3238s
 674304 442696   55.00000   65 1111  190.00000   35.00000  81.6%   189 3244s
 674893 443230   96.00000   79 1098  190.00000   35.00000  81.6%   189 3251s
 675597 444867  124.00000  114  890  190.00000   35.00000  81.6%   189 3258s
 678257 445218   53.00000   78 1114  190.00000   35.00000  81.6%   189 3266s
 678786 445803   48.00000   62 1011  190.00000   35.00000  81.6%   189 3273s
 679517 447805  109.00000   79  879  190.00000   35.00000  81.6%   189 3281s
 682529 448064   35.00000   49 1008  190.00000   35.00000  81.6%   189 3287s
 682988 448518  139.00000   92  833  190.00000   35.00000  81.6%   189 3293s
 683646 449974  174.00000  156  393  190.00000   35.00000  81.6%   189 3303s
 686172 450234 infeasible   93       190.00000   35.00000  81.6%   189 3309s
 686610 450589 infeasible   99       190.00000   35.00000  81.6%   189 3315s
 687171 451294  103.00000   76 1258  190.00000   35.00000  81.6%   189 3323s
 688050 453593  101.00000   77 1535  190.00000   35.00000  81.6%   190 3331s
 692004 453838 infeasible   84       190.00000   35.00000  81.6%   189 3337s
 692433 454275   84.00000   77  999  190.00000   35.00000  81.6%   189 3343s
 693037 455939   35.00000   67 1012  190.00000   35.00000  81.6%   189 3350s
 695875 456278   80.00000   74  924  190.00000   35.00000  81.6%   189 3356s
 696392 456766  108.00000   95  737  190.00000   35.00000  81.6%   189 3362s
 697074 458029  114.00000   78  869  190.00000   35.00000  81.6%   189 3368s
 699170 458283   42.00000   67 1053  190.00000   35.00000  81.6%   189 3374s
 699652 458673   87.00000   84 1020  190.00000   35.00000  81.6%   190 3381s
 700262 459987   62.00000   60 1125  190.00000   35.00000  81.6%   190 3387s
 702407 460357   61.00000   65 1073  190.00000   35.00000  81.6%   190 3393s
 702967 460817  104.00000   85  775  190.00000   35.00000  81.6%   190 3400s
 703615 462619   56.00000   75 1068  190.00000   35.00000  81.6%   190 3406s
 706590 462981   71.00000   61  938  190.00000   35.00000  81.6%   190 3415s
 707208 464485   52.00000   51  952  190.00000   35.00000  81.6%   190 3434s
 709406 467947  154.00000  110  706  190.00000   35.00000  81.6%   190 3450s
 714972 468334 infeasible   81       190.00000   35.00000  81.6%   190 3458s
 715597 468802  114.00000   78  926  190.00000   35.00000  81.6%   190 3465s
 716325 470892  159.00000  102  629  190.00000   35.00000  81.6%   190 3472s
 719778 471231 infeasible  101       190.00000   35.00000  81.6%   190 3479s
 720335 471666  108.00000   81  889  190.00000   35.00000  81.6%   190 3486s
 720972 473608  108.00000  139  622  190.00000   35.00000  81.6%   190 3493s
 724217 473921 infeasible   65       190.00000   35.00000  81.6%   190 3499s
 724680 474346 infeasible   63       190.00000   35.00000  81.6%   190 3507s
 725247 474654 infeasible   69       190.00000   35.00000  81.6%   190 3514s
 725885 475075 infeasible   75       190.00000   35.00000  81.6%   191 3522s
 726754 477286   80.00000   84  986  190.00000   35.00000  81.6%   191 3530s
 730229 477849   87.00000   73 1019  190.00000   35.00000  81.6%   191 3538s
 731040 478947 infeasible   70       190.00000   35.00000  81.6%   191 3555s
 732686 481919   44.00000   67 1095  190.00000   35.00000  81.6%   191 3569s
 737762 482332 infeasible   70       190.00000   35.00000  81.6%   191 3576s
 738341 482999   83.00000   68  986  190.00000   35.00000  81.6%   191 3584s
 739192 485971  105.00000   87  715  190.00000   35.00000  81.6%   191 3595s
 744158 486139 infeasible   89       190.00000   35.00000  81.6%   191 3600s

Explored 744482 nodes (141998043 simplex iterations) in 3600.04 seconds (2217.08 work units)
Thread count was 32 (of 32 available processors)

Solution count 3: 190 191 191.6 

Time limit reached
Best objective 1.900000000000e+02, best bound 3.500000000000e+01, gap 81.5789%
