
Gurobi 13.0.0 (linux64) logging started Thu Nov 20 22:32:19 2025

Set parameter LogFile to value "./Results/StripPacking-CutHeur/Logs/RU-010-StripPacking-25.log"
Set parameter TimeLimit to value 3600
Set parameter Cuts to value 0
Set parameter Presolve to value 1
Set parameter Heuristics to value 0
Set parameter LogToConsole to value 0
Set parameter LPWarmStart to value 2
Gurobi Optimizer version 13.0.0 build v13.0.0rc1 (linux64 - "Debian GNU/Linux 12 (bookworm)")

CPU model: Intel(R) Xeon(R) CPU E5-2630 v3 @ 2.40GHz, instruction set [SSE2|AVX|AVX2]
Thread count: 16 physical cores, 32 logical processors, using up to 32 threads

Non-default parameters:
TimeLimit  3600
LPWarmStart  2
Heuristics  0
Cuts  0
LogToConsole  0
Presolve  1

Optimize a model with 4525 rows, 1251 columns and 12050 nonzeros (Min)
Model fingerprint: 0x632a4b52
Model has 1 linear objective coefficients
Variable types: 51 continuous, 1200 integer (1200 binary)
Coefficient statistics:
  Matrix range     [1e+00, 1e+04]
  Objective range  [1e+00, 1e+00]
  Bounds range     [1e+00, 1e+04]
  RHS range        [1e+00, 1e+04]

Warning: Completing partial solution with 1200 unfixed non-continuous variables out of 1200
User MIP start produced solution with objective 102.2 (0.01s)
User MIP start produced solution with objective 102.2 (0.01s)
Loaded user MIP start with objective 102.2

Presolve removed 600 rows and 0 columns
Presolve time: 0.05s
Presolved: 3925 rows, 1251 columns, 10850 nonzeros
Variable types: 51 continuous, 1200 integer (1200 binary)

Root relaxation: objective 3.500000e+01, 697 iterations, 0.03 seconds (0.02 work units)

    Nodes    |    Current Node    |     Objective Bounds      |     Work
 Expl Unexpl |  Obj  Depth IntInf | Incumbent    BestBd   Gap | It/Node Time

     0     0   35.00000    0  142  102.20000   35.00000  65.8%     -    0s
     0     0   35.00000    0  139  102.20000   35.00000  65.8%     -    0s
     0     0   35.00000    0   98  102.20000   35.00000  65.8%     -    0s
     0     2   35.00000    0   98  102.20000   35.00000  65.8%     -    0s
  4593  3810   51.00000   33  119  102.20000   35.00000  65.8%  38.9    5s
* 6742  4732             139     101.0000000   35.00000  65.3%  40.5    7s
* 8316  5178              93     100.0000000   35.00000  65.0%  41.0    9s
  9016  5527   63.00000   86  161  100.00000   35.00000  65.0%  40.7   10s
 14102  8956 infeasible  110       100.00000   35.00000  65.0%  40.6   15s
*14262  8782              86      99.0000000   35.00000  64.6%  40.9   15s
*15489  9269             117      97.0000000   35.00000  63.9%  40.8   16s
*15496  9029             118      96.0000000   35.00000  63.5%  40.8   16s
 19775 12943   67.00000   53  129   96.00000   35.00000  63.5%  41.1   20s
*21001 12599             124      95.0000000   35.00000  63.2%  40.0   20s
*21444 12376              86      93.0000000   35.00000  62.4%  40.3   21s
 26746 16987   39.00000   38  257   93.00000   35.00000  62.4%  40.0   25s
 34092 21587 infeasible   90        93.00000   35.00000  62.4%  39.2   30s
*34178 20189             116      91.0000000   35.00000  61.5%  39.2   30s
 38770 25008   86.00000   63  138   91.00000   35.00000  61.5%  39.9   35s
 48430 30311 infeasible   99        91.00000   35.00000  61.5%  38.6   40s
*49197 28337             121      89.0000000   35.00000  60.7%  39.1   41s
 54126 33713   63.00000   50  210   89.00000   35.00000  60.7%  39.8   46s
 62261 37615   86.00000   69  171   89.00000   35.00000  60.7%  39.0   50s
*62368 35733             103      88.0000000   35.00000  60.2%  39.0   50s
 71304 41956   51.00000   56  166   88.00000   35.00000  60.2%  39.6   56s
*72895 41370              93      87.0000000   35.00000  59.8%  40.2   58s
 74268 44733   35.00000   31  262   87.00000   35.00000  59.8%  40.5   60s
 85825 49802   56.00000   43  244   87.00000   35.00000  59.8%  39.9   66s
*87898 48039             101      86.0000000   35.00000  59.3%  40.5   68s
 88892 52191     cutoff   75        86.00000   35.00000  59.3%  40.7   70s
*93080 50071             123      85.0000000   35.00000  58.8%  40.2   70s
*95697 48865              92      84.0000000   35.00000  58.3%  40.1   73s
 96745 51901   55.00000   44  176   84.00000   35.00000  58.3%  40.4   76s
*98301 50388             102      83.0000000   35.00000  57.8%  40.6   76s
 101384 51745   62.00000   67  188   83.00000   35.00000  57.8%  41.1   80s
 111881 58178   54.00000   43  225   83.00000   35.00000  57.8%  41.2   85s
 121566 64629   58.00000   64  176   83.00000   35.00000  57.8%  41.7   92s
 129576 69846   71.00000   60  189   83.00000   35.00000  57.8%  41.4   96s
 131122 72406   80.00000   54  206   83.00000   35.00000  57.8%  41.8  101s
 145988 80621   51.00000   54  249   83.00000   35.00000  57.8%  41.5  106s
 152750 84802 infeasible   68        83.00000   35.00000  57.8%  41.4  110s
*155381 80252              83      82.0000000   35.00000  57.3%  41.9  112s
 160696 84703   54.00000   56  202   82.00000   35.00000  57.3%  41.7  116s
 162408 91609   54.00000   57  224   82.00000   35.00000  57.3%  41.9  120s
 175090 94217   36.00000   34  197   82.00000   35.00000  57.3%  41.9  126s
 178088 99516   58.00000   47  185   82.00000   35.00000  57.3%  42.4  130s
*185744 94594              92      81.0000000   35.00000  56.8%  42.2  132s
*186093 91450              87      80.0000000   35.00000  56.2%  42.2  134s
 187415 95057   76.00000   39  143   80.00000   35.00000  56.2%  42.4  136s
 194509 101264   64.00000   74  152   80.00000   35.00000  56.2%  42.5  143s
 202241 102356   70.00000   54  172   80.00000   35.00000  56.2%  42.8  146s
 210994 107825   39.00000   51  292   80.00000   35.00000  56.2%  42.8  151s
 214113 113508     cutoff   54        80.00000   35.00000  56.2%  43.2  155s
 222525 115422   77.00000   63  139   80.00000   35.00000  56.2%  43.1  160s
 236157 123928   55.00000   42  203   80.00000   35.00000  56.2%  42.7  165s
 239592 126640   35.00000   51  267   80.00000   35.00000  56.2%  43.2  171s
 247579 131205     cutoff   64        80.00000   35.00000  56.2%  43.2  175s
 255299 136206   51.00000   32  166   80.00000   35.00000  56.2%  43.3  181s
 256796 138132   68.00000   69   84   80.00000   35.00000  56.2%  43.6  185s
 272670 146827   48.00000   50  220   80.00000   35.00000  56.2%  43.5  191s
 275200 148705   76.00000   56  162   80.00000   35.00000  56.2%  43.8  196s
 283381 153621 infeasible   84        80.00000   35.00000  56.2%  43.8  200s
 286156 162302   66.00000   44  216   80.00000   35.00000  56.2%  44.1  206s
 299345 163699   76.00000   89   80   80.00000   35.00000  56.2%  43.9  210s
 303250 169247   77.00000   67   95   80.00000   35.00000  56.2%  44.2  216s
 310884 171050 infeasible   55        80.00000   35.00000  56.2%  44.1  220s
 319752 180098   73.00000   52  201   80.00000   35.00000  56.2%  44.1  228s
 326292 181290   65.00000   68  176   80.00000   35.00000  56.2%  44.3  231s
 335469 186637 infeasible   85        80.00000   35.00000  56.2%  44.3  236s
 338488 191994   55.00000   70  211   80.00000   35.00000  56.2%  44.5  241s
 346548 193705   74.00000   69  140   80.00000   35.00000  56.2%  44.5  245s
 349882 201244   63.00000   56  212   80.00000   35.00000  56.2%  44.7  250s
 362230 203566     cutoff   68        80.00000   35.00000  56.2%  44.7  256s
 369023 207574 infeasible   59        80.00000   35.00000  56.2%  44.7  260s
 373061 212932   79.00000   60  118   80.00000   35.00000  56.2%  45.0  266s
 380911 215929   76.00000   56  210   80.00000   35.00000  56.2%  44.9  273s
 384209 224085   71.00000   72  152   80.00000   35.00000  56.2%  45.2  276s
 398305 225900   69.00000   38  201   80.00000   35.00000  56.2%  44.9  281s
 405532 230479 infeasible   93        80.00000   35.00000  56.2%  44.8  285s
 414033 235673   48.00000   39  184   80.00000   35.00000  56.2%  45.0  291s
 415671 237438   57.00000   54  197   80.00000   35.00000  56.2%  45.1  296s
 430918 245777 infeasible   63        80.00000   35.00000  56.2%  45.0  301s
 433625 247654     cutoff   61        80.00000   35.00000  56.2%  45.2  306s
 442501 252786 infeasible   62        80.00000   35.00000  56.2%  45.1  310s
 445257 261625   77.00000   53  198   80.00000   35.00000  56.2%  45.3  316s
 458565 263004 infeasible   68        80.00000   35.00000  56.2%  45.1  320s
 462106 265392   40.00000   36  207   80.00000   35.00000  56.2%  45.4  326s
 470837 270691   69.00000   44  202   80.00000   35.00000  56.2%  45.3  330s
 479784 276039 infeasible   77        80.00000   35.00000  56.2%  45.3  336s
 485397 279897   77.00000   49  147   80.00000   35.00000  56.2%  45.3  341s
 492937 284363     cutoff  102        80.00000   35.00000  56.2%  45.3  346s
 495139 288457   79.00000   56  125   80.00000   35.17021  56.0%  45.5  350s
 503506 293741   73.00000   74  180   80.00000   35.91155  55.1%  45.5  356s
 511469 298122   73.00000   95  116   80.00000   36.00000  55.0%  45.5  361s
 517374 299628   79.00000   38  212   80.00000   36.00000  55.0%  45.4  365s
 525446 304552   65.00000   69  169   80.00000   36.00000  55.0%  45.4  370s
 533550 309713   79.00000   62  170   80.00000   36.00000  55.0%  45.4  376s
 535150 317700   76.00000   91   98   80.00000   36.00000  55.0%  45.5  380s
 550307 319810   66.00000   47  164   80.00000   36.00000  55.0%  45.2  385s
 559472 325548   55.00000   72  174   80.00000   36.00000  55.0%  45.2  391s
 562213 330289   71.00000   49  202   80.00000   36.00000  55.0%  45.3  395s
 569654 338653   48.00000   46  172   80.00000   36.00000  55.0%  45.3  400s
 583482 340864   64.00000   56  180   80.00000   36.00000  55.0%  45.1  406s
 586032 345407   79.00000   54  140   80.00000   36.00000  55.0%  45.3  410s
 594528 350492   78.00000   72  100   80.00000   36.00000  55.0%  45.3  416s
 602017 353307   79.00000   67   94   80.00000   36.00000  55.0%  45.3  423s
 605043 361070   66.00000   45  217   80.00000   36.00000  55.0%  45.4  426s
 618623 362583 infeasible   81        80.00000   36.00000  55.0%  45.2  430s
 621468 367612   61.00000   64  214   80.00000   36.00000  55.0%  45.4  435s
 629459 369279 infeasible   47        80.00000   36.00000  55.0%  45.3  440s
 645288 378209 infeasible   75        80.00000   36.00000  55.0%  45.1  445s
 648242 380141   78.00000   59  164   80.00000   36.00000  55.0%  45.2  450s
 655812 384368   76.00000   62  169   80.00000   36.48837  54.4%  45.3  456s
 658394 388693   44.00000   64  194   80.00000   36.51429  54.4%  45.4  461s
 666218 390609   43.00000   44  194   80.00000   37.00000  53.8%  45.4  466s
 672378 394656   75.00000   69  164   80.00000   37.00000  53.8%  45.4  470s
 680147 399624   70.00000   35  132   80.00000   37.00000  53.8%  45.4  475s
 687304 404199 infeasible  117        80.00000   37.00000  53.8%  45.3  480s
 692221 414603 infeasible   69        80.00000   37.00000  53.8%  45.5  488s
 705175 415387   73.00000   42  161   80.00000   37.00000  53.8%  45.3  490s
 713943 420666 infeasible   60        80.00000   37.00000  53.8%  45.3  496s
 716451 425457   77.00000   54  154   80.00000   37.00000  53.8%  45.4  500s
 724828 427213   37.00000   43  213   80.00000   37.00000  53.8%  45.4  505s
 732229 431257   56.00000   47  181   80.00000   37.00000  53.8%  45.3  511s
 739886 436013 infeasible   61        80.00000   37.00000  53.8%  45.3  516s
 746881 440472 infeasible   82        80.00000   37.00000  53.8%  45.2  520s
 754466 445349   55.00000   42  208   80.00000   37.00000  53.8%  45.4  527s
 765210 451524   51.00000   57  199   80.00000   37.00000  53.8%  45.3  531s
 767932 453401   58.00000   63  204   80.00000   37.00000  53.8%  45.4  536s
 776905 459021   79.00000   69  173   80.00000   37.00000  53.8%  45.3  541s
 778424 461919   37.00000   53  288   80.00000   37.00000  53.8%  45.4  545s
 793441 468966   73.00000   50  148   80.00000   37.00000  53.8%  45.3  550s
 795961 470552   59.00000   49  169   80.00000   37.00000  53.8%  45.4  555s
 799346 475842   77.00000   83  104   80.00000   37.00000  53.8%  45.5  560s
 807511 479079   70.00000   49  172   80.00000   37.00000  53.8%  45.5  567s
 810773 486772   78.00000   76   80   80.00000   37.00000  53.8%  45.7  571s
 824375 488496   63.00000   56  188   80.00000   37.00000  53.8%  45.6  575s
 832888 493789   64.00000   68  121   80.00000   37.00000  53.8%  45.6  581s
 840312 498210 infeasible   52        80.00000   37.00000  53.8%  45.6  586s
 841841 500272 infeasible   52        80.00000   37.00000  53.8%  45.6  590s
 858198 509064   62.00000   50  181   80.00000   37.00000  53.8%  45.5  596s
 860783 510808   61.00000   52  194   80.00000   37.00000  53.8%  45.6  601s
 869162 516104 infeasible  136        80.00000   37.00000  53.8%  45.6  605s
 872922 521807   57.00000   68  189   80.00000   37.00000  53.8%  45.6  610s
*879772 473333             111      79.0000000   37.00000  53.2%  45.6  612s
 881092 474164   69.00000   43  220   79.00000   37.00000  53.2%  45.7  615s
 891960 480842 infeasible  111        79.00000   37.00000  53.2%  45.7  621s
 894737 485750   47.00000   51  248   79.00000   37.00000  53.2%  45.8  626s
 903031 488627   37.00000   33  210   79.00000   37.00000  53.2%  45.7  633s
 906378 496458   78.00000   53  107   79.00000   37.00000  53.2%  45.9  636s
 920383 498050   69.00000   56  148   79.00000   37.00000  53.2%  45.7  640s
 923295 503001   61.00000   43  214   79.00000   37.00000  53.2%  45.8  645s
 931636 504837   71.00000   72  210   79.00000   37.00000  53.2%  45.8  650s
 946955 513661 infeasible   86        79.00000   37.00000  53.2%  45.7  655s
 949930 515673 infeasible   70        79.00000   37.00000  53.2%  45.8  661s
 952627 517432   68.00000   56  149   79.00000   37.00000  53.2%  45.9  666s
 961447 522877 infeasible  119        79.00000   37.00000  53.2%  45.8  670s
 963105 524707 infeasible   73        79.00000   37.00000  53.2%  45.9  675s
 979611 533396 infeasible   75        79.00000   37.00000  53.2%  45.8  680s
 983174 538777   54.00000   68  185   79.00000   37.00000  53.2%  45.9  687s
 990763 540513   78.00000   74  106   79.00000   37.00000  53.2%  45.8  691s
 992292 548843   67.00000   74  137   79.00000   37.00000  53.2%  45.9  695s
 1007944 550909   66.00000   63  178   79.00000   37.00000  53.2%  45.8  700s
 1011844 556213   78.00000   83   94   79.00000   37.00000  53.2%  45.9  706s
 1019418 557831   61.00000   58  160   79.00000   37.00000  53.2%  45.9  711s
 1028016 562330   39.00000   41  177   79.00000   37.00000  53.2%  45.9  716s
 1030041 566161   69.00000   61  192   79.00000   37.00000  53.2%  45.9  720s
 1041189 570542 infeasible   67        79.00000   37.00000  53.2%  45.8  725s
 1048672 575075 infeasible   71        79.00000   37.00000  53.2%  45.8  730s
 1051199 584830   78.00000   78  107   79.00000   37.00000  53.2%  45.9  736s
 1066523 585984   78.00000   77   52   79.00000   37.00000  53.2%  45.8  740s
 1069965 588389   55.00000   44  190   79.00000   37.00000  53.2%  45.9  746s
 1079225 593945   72.00000   59  159   79.00000   37.00000  53.2%  45.8  752s
 1080892 601361   77.00000   91  143   79.00000   37.00000  53.2%  45.9  755s
 1095385 603357   55.00000   31  170   79.00000   37.00000  53.2%  45.8  761s
 1097892 605026   47.00000   53  229   79.00000   37.76471  52.2%  45.8  765s
 1107064 611081   67.00000   44  205   79.00000   38.00000  51.9%  45.8  771s
 1115571 615789   67.00000   63  178   79.00000   38.00000  51.9%  45.8  775s
 1122112 620187   77.00000   65   80   79.00000   38.00000  51.9%  45.8  780s
 1128395 624299   77.00000   47  189   79.00000   38.00000  51.9%  45.8  785s
 1136395 628860   71.00000   51  174   79.00000   38.00000  51.9%  45.8  791s
 1144179 633383   69.00000   49  210   79.00000   38.00000  51.9%  45.7  795s
 1151756 638092   38.00000   42  204   79.00000   38.00000  51.9%  45.8  801s
 1153877 641768   49.00000   42  182   79.00000   38.00000  51.9%  45.8  805s
 1161767 643535 infeasible   74        79.00000   38.00000  51.9%  45.8  810s
 1169310 648173 infeasible   79        79.00000   38.00000  51.9%  45.8  815s
 1174058 657654   75.00000   54  141   79.00000   38.00000  51.9%  45.9  823s
 1186570 658409   76.00000   59  156   79.00000   38.00000  51.9%  45.8  825s
 1190693 664336   78.00000   72   62   79.00000   38.00000  51.9%  45.9  831s
 1198994 666024   77.00000  102   74   79.00000   38.00000  51.9%  45.8  836s
 1200575 674250   72.00000   49  206   79.00000   38.00000  51.9%  45.9  840s
 1215807 676080   78.00000   43  208   79.00000   38.00000  51.9%  45.8  845s
 1219703 681451   55.85714   45  188   79.00000   38.00000  51.9%  45.9  851s
 1227074 683178   38.00000   39  210   79.00000   38.00000  51.9%  45.8  855s
 1235679 688235   71.00000   70  167   79.00000   38.00000  51.9%  45.8  861s
 1243150 692714 infeasible   53        79.00000   38.00000  51.9%  45.8  865s
 1250704 697695 infeasible   75        79.00000   38.00000  51.9%  45.8  871s
 1258749 702871 infeasible   56        79.00000   38.00000  51.9%  45.8  877s
 1260275 704982   78.00000   64   99   79.00000   38.00000  51.9%  45.9  881s
 1263881 712709   78.00000   62  174   79.00000   38.00000  51.9%  45.9  885s
 1279152 715255   78.00000   59  120   79.00000   38.00000  51.9%  45.9  891s
 1287951 720387 infeasible   91        79.00000   38.00000  51.9%  45.8  896s
 1289493 722248   71.00000   51  199   79.00000   38.00000  51.9%  45.9  900s
 1305816 730720   55.00000   56  219   79.00000   38.00000  51.9%  45.8  906s
 1308378 732632   38.00000   34  204   79.00000   38.00000  51.9%  45.9  911s
 1316886 737815   50.00000   54  172   79.00000   38.00000  51.9%  45.8  916s
 1318388 740072   77.00000   91   32   79.00000   38.00000  51.9%  45.9  920s
 1334957 748944   54.00000   48  166   79.00000   38.00000  51.9%  45.8  926s
 1337510 753263   75.00000   68  142   79.00000   38.00000  51.9%  45.9  930s
 1346224 755568   67.00000   71  140   79.00000   38.00000  51.9%  45.9  936s
 1347701 764335   69.00000   52  181   79.00000   38.00000  51.9%  45.9  940s
 1364085 766103   78.00000   59  148   79.00000   38.00000  51.9%  45.8  945s
 1366460 767745   74.00000   66  142   79.00000   38.00000  51.9%  45.9  950s
 1375082 773176 infeasible   79        79.00000   38.00000  51.9%  45.9  956s
 1376652 781200   75.00000   56  159   79.00000   38.00000  51.9%  45.9  960s
 1391716 783307   76.00000   66  111   79.00000   38.00000  51.9%  45.9  966s
 1394142 788027   74.00000   51  197   79.00000   38.00000  51.9%  45.9  970s
 1402857 791692   78.00000   77   69   79.00000   38.00000  51.9%  45.9  975s
 1408111 800609   38.00000   27  238   79.00000   38.00000  51.9%  45.9  982s
 1421656 801852   74.00000   79  135   79.00000   38.00000  51.9%  45.8  985s
 1425198 806991     cutoff   91        79.00000   38.00000  51.9%  45.9  991s
 1432302 808518   55.00000   43  174   79.00000   38.00000  51.9%  45.8  995s
 1441262 814892   51.00000   59  227   79.00000   38.00000  51.9%  45.8 1004s
 1444617 823254   78.00000   61  142   79.00000   38.00000  51.9%  45.9 1008s
 1458547 823989 infeasible   59        79.00000   38.00000  51.9%  45.8 1010s
 1462447 829480   78.00000   63  123   79.00000   38.00000  51.9%  45.8 1016s
 1470194 832301   67.00000   46  213   79.00000   38.00000  51.9%  45.8 1023s
 1473482 839910     cutoff   59        79.00000   38.00000  51.9%  45.9 1027s
 1488350 841228   72.00000   64  167   79.00000   38.00000  51.9%  45.8 1031s
 1491164 846382   50.00000   52  195   79.00000   38.00000  51.9%  45.8 1036s
 1499430 849358   72.00000   83   64   79.00000   38.00000  51.9%  45.8 1043s
 1502656 857161   56.00000   45  234   79.00000   38.00000  51.9%  45.9 1046s
 1516826 858736     cutoff   69        79.00000   38.00000  51.9%  45.8 1051s
 1519661 863914   71.00000   72  159   79.00000   38.00000  51.9%  45.9 1055s
 1527656 865605   65.00000   59  232   79.00000   38.00000  51.9%  45.8 1060s
 1542599 874307 infeasible   84        79.00000   38.00000  51.9%  45.7 1065s
 1545695 876337 infeasible   64        79.00000   38.00000  51.9%  45.8 1070s
 1554149 881379   58.00000   64  200   79.00000   38.00000  51.9%  45.8 1076s
 1561328 885824   73.00000   62  171   79.00000   38.00000  51.9%  45.7 1081s
 1562887 887796   72.00000   71  174   79.00000   38.00000  51.9%  45.8 1085s
 1579310 896526   51.00000   39  189   79.00000   38.00000  51.9%  45.7 1091s
 1581779 898165   51.00000   48  251   79.00000   38.00000  51.9%  45.8 1095s
 1591338 903905   45.00000   47  225   79.00000   38.00000  51.9%  45.7 1102s
 1592868 912883   62.00000   70  235   79.00000   38.00000  51.9%  45.8 1106s
 1609283 914660 infeasible   65        79.00000   38.00000  51.9%  45.7 1111s
 1611573 916149   63.00000   50  205   79.00000   38.00000  51.9%  45.7 1115s
 1619987 921352   75.00000   58  134   79.00000   38.00000  51.9%  45.7 1121s
 1628126 925875 infeasible   67        79.00000   38.00000  51.9%  45.7 1125s
 1632905 931170   75.00000   64  119   79.00000   38.00000  51.9%  45.8 1131s
 1639145 932550     cutoff   70        79.00000   38.00000  51.9%  45.8 1135s
 1647045 937202   72.00000   75  191   79.00000   38.00000  51.9%  45.8 1141s
 1654118 941590 infeasible   97        79.00000   38.00000  51.9%  45.7 1145s
 1655677 943489   75.00000   56   96   79.00000   38.00000  51.9%  45.8 1150s
 1671297 951380 infeasible   74        79.00000   38.00000  51.9%  45.7 1155s
 1673867 953292   70.00000   52  175   79.00000   38.00000  51.9%  45.8 1160s
 1683794 959223   73.00000   47  177   79.00000   38.00000  51.9%  45.8 1167s
 1685381 967384   77.00000   80  140   79.00000   38.00000  51.9%  45.8 1170s
 1700994 969133   75.00000   83   45   79.00000   38.00000  51.9%  45.7 1175s
 1706096 972505   77.00000   77   96   79.00000   38.00000  51.9%  45.8 1182s
 1714451 977993 infeasible   95        79.00000   38.00000  51.9%  45.7 1186s
 1716143 982473   64.00000   56  181   79.00000   38.00000  51.9%  45.8 1190s
 1724715 988788   76.00000   84   70   79.00000   38.00000  51.9%  45.8 1195s
 1735818 995069   77.00000   80   80   79.00000   38.00000  51.9%  45.7 1201s
 1744305 997076 infeasible   55        79.00000   38.00000  51.9%  45.7 1206s
 1758177 1004725   44.00000   51  209   79.00000   38.00000  51.9%  45.6 1211s
 1760103 1005989   77.00000   70  188   79.00000   38.00000  51.9%  45.6 1215s
 1768835 1010845   45.00000   33  219   79.00000   38.00000  51.9%  45.6 1220s
 1772585 1015692   76.00000   75  172   79.00000   39.00000  50.6%  45.7 1226s
 1780165 1018738 infeasible   77        79.00000   39.00000  50.6%  45.7 1233s
 1783377 1026556   73.00000   52  234   79.00000   39.00000  50.6%  45.7 1237s
 1797739 1028147   74.00000   78  146   79.00000   39.00000  50.6%  45.7 1242s
 1800810 1032919   39.00000   41  214   79.00000   39.00000  50.6%  45.7 1246s
 1808505 1034575   51.00000   52  251   79.00000   39.00000  50.6%  45.7 1251s
 1823433 1043533   78.00000   70  136   79.00000   39.00000  50.6%  45.6 1256s
 1826513 1045853   73.00000   60  134   79.00000   39.00000  50.6%  45.7 1261s
 1829110 1050734   61.00000   81  132   79.00000   39.00000  50.6%  45.7 1266s
 1842083 1055521 infeasible   73        79.00000   39.00000  50.6%  45.7 1272s
 1843705 1057492   73.00000   50  172   79.00000   39.00000  50.6%  45.7 1276s
 1859525 1066069 infeasible   81        79.00000   39.00000  50.6%  45.6 1281s
 1862267 1070938   62.00000   47  190   79.00000   39.00000  50.6%  45.7 1286s
 1871268 1076580   76.00000   74  180   79.00000   39.00000  50.6%  45.6 1292s
 1880011 1078275   67.00000   57  213   79.00000   39.00000  50.6%  45.6 1296s
 1886703 1084951   49.00000   46  195   79.00000   39.00000  50.6%  45.6 1301s
 1893858 1089120   73.00000   77  139   79.00000   39.00000  50.6%  45.6 1305s
 1900848 1094330   77.00000   61  169   79.00000   39.00000  50.6%  45.6 1311s
 1908678 1096119   41.00000   44  193   79.00000   39.00000  50.6%  45.6 1316s
 1916116 1100458 infeasible   64        79.00000   39.00000  50.6%  45.6 1322s
 1923397 1104634   66.00000   44  197   79.00000   39.00000  50.6%  45.6 1326s
 1931719 1109837 infeasible   56        79.00000   39.00000  50.6%  45.6 1332s
 1933168 1112214   53.00000   42  146   79.00000   39.00000  50.6%  45.6 1337s
 1936742 1119561   58.00000   45  210   79.00000   39.00000  50.6%  45.6 1341s
 1950532 1121265   78.00000   71  113   79.00000   39.00000  50.6%  45.6 1345s
 1960091 1127063   47.00000   47  197   79.00000   39.00000  50.6%  45.6 1351s
 1968779 1132140   71.00000   54  234   79.00000   39.00000  50.6%  45.5 1356s
 1970822 1133306     cutoff   64        79.00000   39.00000  50.6%  45.6 1360s
 1978693 1138035   67.00000   64  168   79.00000   39.00000  50.6%  45.6 1365s
 1986938 1142923   78.00000   87   87   79.00000   39.00000  50.6%  45.6 1371s
 1993690 1147134 infeasible   47        79.00000   39.00000  50.6%  45.6 1376s
 2008737 1155731 infeasible   80        79.00000   39.00000  50.6%  45.5 1381s
 2010718 1157050   78.00000   82   44   79.00000   39.00000  50.6%  45.5 1385s
 2014498 1162427   63.00000   46  149   79.00000   39.00000  50.6%  45.6 1391s
 2021876 1163897   68.00000   64  158   79.00000   39.00000  50.6%  45.6 1395s
 2026943 1167057   54.00000   51  191   79.00000   39.00000  50.6%  45.6 1400s
 2036540 1172594   78.00000   68  133   79.00000   39.00000  50.6%  45.6 1406s
 2039201 1177287   57.00000   57  188   79.00000   39.00000  50.6%  45.6 1411s
 2046684 1178705   75.00000   63  184   79.00000   39.00000  50.6%  45.6 1415s
 2055964 1185079 infeasible   67        79.00000   39.00000  50.6%  45.6 1424s
 2059354 1192817   66.00000   32  196   79.00000   39.00000  50.6%  45.7 1427s
 2072583 1193505   59.00000   50  183   79.00000   39.00000  50.6%  45.6 1430s
 2076435 1199239   39.00000   52  274   79.00000   39.00000  50.6%  45.7 1436s
 2084490 1200938     cutoff   92        79.00000   39.00000  50.6%  45.6 1441s
 2086018 1209425   73.00000   50  174   79.00000   39.00000  50.6%  45.7 1445s
 2101824 1211243   39.00000   39  208   79.00000   39.00000  50.6%  45.6 1450s
 2105528 1216208   62.00000   57  247   79.00000   39.00000  50.6%  45.7 1456s
 2112935 1217831   74.00000   57  214   79.00000   39.00000  50.6%  45.6 1460s
 2121058 1222367 infeasible   68        79.00000   39.00000  50.6%  45.7 1466s
 2128145 1226745   75.00000   70  171   79.00000   39.00000  50.6%  45.7 1471s
 2130602 1231306   76.00000   65  121   79.00000   39.00000  50.6%  45.7 1475s
 2139379 1234297   78.00000   72   87   79.00000   39.00000  50.6%  45.7 1481s
 2143585 1238734   62.00000   40  179   79.00000   39.00000  50.6%  45.7 1485s
 2151838 1240410 infeasible   58        79.00000   39.00000  50.6%  45.7 1490s
 2159221 1244820   45.00000   55  202   79.00000   39.00000  50.6%  45.7 1495s
 2166482 1249329   77.00000   74   99   79.00000   39.00000  50.6%  45.7 1501s
 2173471 1253521 infeasible   95        79.00000   39.00000  50.6%  45.7 1505s
 2188686 1262252   65.00000   53  196   79.00000   39.00000  50.6%  45.6 1511s
 2191877 1264044   78.00000   54  147   79.00000   39.00000  50.6%  45.7 1516s
 2194497 1265867   67.00000   53  149   79.00000   39.00000  50.6%  45.7 1521s
 2203480 1271159   55.00000   54  214   79.00000   39.00000  50.6%  45.7 1526s
 2204992 1273606   75.00000   66  103   79.00000   39.00000  50.6%  45.7 1530s
 2220986 1281105 infeasible   76        79.00000   39.00000  50.6%  45.6 1536s
 2223565 1283144   77.00000   73   82   79.00000   39.00000  50.6%  45.7 1540s
 2232589 1288264 infeasible   91        79.00000   39.00000  50.6%  45.7 1545s
 2237341 1298599   72.00000   63  150   79.00000   39.00000  50.6%  45.7 1553s
 2251212 1299302 infeasible   74        79.00000   39.00000  50.6%  45.6 1555s
 2254740 1305257   57.00000   59  169   79.00000   39.00000  50.6%  45.7 1561s
 2263542 1308215   52.00000   77  137   79.00000   39.00000  50.6%  45.7 1568s
 2267077 1315793   78.00000   77   54   79.00000   39.00000  50.6%  45.7 1572s
 2281184 1317226 infeasible   79        79.00000   39.00000  50.6%  45.6 1576s
 2289040 1321697 infeasible   70        79.00000   39.00000  50.6%  45.6 1580s
 2293003 1331725   72.00000   51  126   79.00000   39.00000  50.6%  45.7 1588s
 2308020 1332986 infeasible   89        79.00000   39.00000  50.6%  45.6 1591s
 2310158 1334444   72.00000   76   81   79.00000   39.00000  50.6%  45.6 1595s
 2318178 1339374   68.00000   62  204   79.00000   39.00000  50.6%  45.6 1601s
 2325438 1343908   69.00000   78  135   79.00000   39.00000  50.6%  45.6 1605s
 2330228 1354372   78.00000   70  108   79.00000   39.00000  50.6%  45.6 1613s
 2344018 1354985   74.00000   47  207   79.00000   39.00000  50.6%  45.6 1615s
 2347772 1360815   70.00000   61  128   79.00000   39.00000  50.6%  45.6 1621s
 2356223 1363686   77.00000   76   86   79.00000   39.00000  50.6%  45.6 1628s
 2359301 1371397   72.00000   65  141   79.00000   39.00000  50.6%  45.6 1632s
 2373620 1372961 infeasible   68        79.00000   39.00000  50.6%  45.6 1636s
 2376399 1378420   76.00000   78   99   79.00000   39.00000  50.6%  45.6 1640s
 2385517 1381354   62.00000   61  180   79.00000   39.00000  50.6%  45.6 1647s
 2388845 1389195   69.00000   51  181   79.00000   39.00000  50.6%  45.6 1651s
 2403265 1390622   76.00000   66  161   79.00000   39.00000  50.6%  45.6 1655s
 2411881 1395516   74.00000   64  116   79.00000   39.00000  50.6%  45.6 1661s
 2420423 1400519   55.00000   51  229   79.00000   39.00000  50.6%  45.5 1666s
 2423678 1405182   64.00000   42  162   79.00000   39.00000  50.6%  45.6 1671s
 2430498 1409043   62.00000   65  205   79.00000   39.00000  50.6%  45.6 1675s
 2437870 1413652   66.00000   58  182   79.00000   39.00000  50.6%  45.6 1680s
 2445112 1416564   78.00000   56   98   79.00000   39.00000  50.6%  45.6 1688s
 2448538 1424270   75.00000   67  149   79.00000   39.00000  50.6%  45.6 1692s
 2462598 1425760   77.00000   62  114   79.00000   39.00000  50.6%  45.6 1696s
 2465555 1430657   78.00000   64   76   79.00000   39.00000  50.6%  45.6 1700s
 2474059 1433096   67.00000   47  170   79.00000   39.00000  50.6%  45.6 1707s
 2477237 1440866   78.00000   66   57   79.00000   39.00000  50.6%  45.6 1711s
 2491556 1442160   71.00000   57  173   79.00000   39.00000  50.6%  45.6 1715s
 2494360 1444048   78.00000   64  118   79.00000   39.00000  50.6%  45.6 1720s
 2504296 1450083   62.00000   45  181   79.00000   39.00000  50.6%  45.6 1725s
 2505838 1452255   74.00000   72  107   79.00000   39.00000  50.6%  45.6 1730s
 2521711 1460229   65.00000   45  242   79.00000   39.00000  50.6%  45.6 1735s
 2524418 1464155   77.00000   60  143   79.00000   39.00000  50.6%  45.6 1740s
 2532642 1469323   67.00000   60  178   79.00000   39.37833  50.2%  45.6 1746s
 2540973 1471924   69.00000   46  173   79.00000   39.67971  49.8%  45.6 1752s
 2544132 1480116   77.00000   66   93   79.00000   40.00000  49.4%  45.6 1756s
 2559239 1481539   71.00000   57  196   79.00000   40.00000  49.4%  45.6 1760s
 2567922 1486985   70.00000   65  147   79.00000   40.00000  49.4%  45.5 1766s
 2570717 1496511   55.00000   58  254   79.00000   40.00000  49.4%  45.6 1772s
 2585508 1497680   48.00000   51  228   79.00000   40.00000  49.4%  45.5 1775s
 2588958 1499884   78.00000   66  145   79.00000   40.00000  49.4%  45.6 1781s
 2597383 1504914   75.00000   41  237   79.00000   40.00000  49.4%  45.5 1785s
 2600128 1514212   75.00000   61  142   79.00000   40.00000  49.4%  45.6 1791s
 2614540 1515279   40.00000   53  174   79.00000   40.00000  49.4%  45.5 1795s
 2617971 1520134   73.00000   61  169   79.00000   40.00000  49.4%  45.5 1800s
 2625901 1525489   73.00000   63  120   79.00000   40.00000  49.4%  45.5 1806s
 2633729 1528409   72.00000   56  196   79.00000   40.00000  49.4%  45.5 1813s
 2636962 1536668   78.00000   74  111   79.00000   40.00000  49.4%  45.6 1816s
 2651400 1538274 infeasible   76        79.00000   40.00000  49.4%  45.5 1820s
 2654295 1543150   40.00000   36  237   79.00000   40.00000  49.4%  45.5 1825s
 2663523 1552667   77.00000   63   84   79.00000   40.00000  49.4%  45.5 1833s
 2677219 1554065   69.00000   61  166   79.00000   40.00000  49.4%  45.5 1836s
 2679502 1555635   73.00000   38  187   79.00000   40.00000  49.4%  45.5 1840s
 2688325 1561241   74.00000   90  130   79.00000   40.00000  49.4%  45.5 1846s
 2695391 1565759 infeasible   65        79.00000   40.00000  49.4%  45.5 1850s
 2709493 1574001   77.00000   53  159   79.00000   40.00000  49.4%  45.4 1856s
 2711694 1575548   40.00000   50  202   79.00000   40.00000  49.4%  45.4 1860s
 2721159 1580838 infeasible   66        79.00000   40.00000  49.4%  45.4 1865s
 2729557 1586344 infeasible   55        79.00000   40.00000  49.4%  45.4 1872s
 2731176 1588719     cutoff   75        79.00000   40.00000  49.4%  45.4 1876s
 2746980 1596615 infeasible   81        79.00000   40.00000  49.4%  45.4 1881s
 2749365 1600652   72.00000   71  107   79.00000   40.00000  49.4%  45.4 1885s
 2757823 1602677   78.00000   66   62   79.00000   40.00000  49.4%  45.4 1891s
 2766653 1607340   71.00000   56  194   79.00000   40.00000  49.4%  45.4 1896s
 2772899 1610944 infeasible   71        79.00000   40.00000  49.4%  45.4 1900s
 2780385 1614975   78.00000   83  104   79.00000   40.00000  49.4%  45.4 1905s
 2788971 1620510 infeasible   53        79.00000   40.00000  49.4%  45.4 1911s
 2790488 1622588   74.00000   71   92   79.00000   40.00000  49.4%  45.4 1916s
 2793880 1629994   61.00000   42  175   79.00000   40.00000  49.4%  45.4 1920s
 2809159 1635517   57.00000   41  173   79.00000   40.00000  49.4%  45.4 1926s
 2817308 1637018   75.00000   53  186   79.00000   40.00000  49.4%  45.4 1930s
 2825684 1641882   77.00000   58  161   79.00000   40.00000  49.4%  45.4 1935s
 2833637 1646476   74.00000   73  120   79.00000   40.00000  49.4%  45.4 1941s
 2841560 1651280   61.00000   60  212   79.00000   40.00000  49.4%  45.4 1946s
 2843812 1655217   71.00000   87  109   79.00000   40.00000  49.4%  45.4 1950s
 2851168 1658249   70.00000   55  170   79.00000   40.00000  49.4%  45.4 1957s
 2854411 1666820   68.00000   75  145   79.00000   40.00000  49.4%  45.4 1961s
 2869786 1668264   77.00000   54  146   79.00000   40.00000  49.4%  45.4 1965s
 2877823 1673004   78.00000   67   99   79.00000   40.00000  49.4%  45.3 1971s
 2880682 1681729   78.00000   54   86   79.00000   40.00000  49.4%  45.4 1977s
 2895279 1682864   58.00000   47  158   79.00000   40.00000  49.4%  45.3 1981s
 2898739 1687261   64.00000   51  167   79.00000   40.00000  49.4%  45.4 1987s
 2904696 1688912   66.00000   62  176   79.00000   40.00000  49.4%  45.4 1991s
 2912639 1693530   62.00000   73  172   79.00000   40.00000  49.4%  45.3 1995s
 2914166 1696545   78.00000   52  162   79.00000   40.00000  49.4%  45.4 2000s
 2922563 1704120   63.00000   58  161   79.00000   40.00000  49.4%  45.4 2005s
 2933946 1705933   66.00000   47  189   79.00000   40.00000  49.4%  45.4 2010s
 2945155 1712765   67.00000   49  177   79.00000   40.00000  49.4%  45.4 2017s
 2946766 1715045   77.00000   58  200   79.00000   40.00000  49.4%  45.4 2021s
 2950628 1721869 infeasible   59        79.00000   40.00000  49.4%  45.4 2025s
 2965030 1724396   78.00000   58  196   79.00000   40.00000  49.4%  45.4 2031s
 2973679 1729462   78.00000   52  135   79.00000   40.00000  49.4%  45.3 2035s
 2977727 1732282   78.00000   71   93   79.00000   40.00000  49.4%  45.4 2041s
 2988614 1738460 infeasible   93        79.00000   40.00000  49.4%  45.3 2046s
 2991116 1740058   40.00000   48  234   79.00000   40.00000  49.4%  45.4 2050s
 3000404 1745320 infeasible   75        79.00000   40.00000  49.4%  45.4 2056s
 3007931 1749947 infeasible   76        79.00000   40.00000  49.4%  45.3 2061s
 3009521 1752242   78.00000   43  146   79.00000   40.00000  49.4%  45.4 2065s
 3026366 1760860   64.00000   53  227   79.00000   40.00000  49.4%  45.3 2071s
 3028679 1765099   75.00000   72   70   79.00000   40.00000  49.4%  45.4 2075s
 3036843 1769915   71.00000   48  186   79.00000   40.00000  49.4%  45.4 2081s
 3044623 1771602   60.00000   35  156   79.00000   40.00000  49.4%  45.3 2086s
 3052901 1776572   74.00000   52  137   79.00000   40.00000  49.4%  45.3 2091s
 3059583 1780519 infeasible   78        79.00000   40.00000  49.4%  45.3 2095s
 3068232 1785975 infeasible   65        79.00000   40.00000  49.4%  45.3 2101s
 3069832 1787788   74.00000   61  164   79.00000   40.00000  49.4%  45.3 2106s
 3087233 1796761   51.00000   61  191   79.00000   40.00000  49.4%  45.3 2111s
 3089439 1798152   74.00000   70  115   79.00000   40.00000  49.4%  45.3 2115s
 3098003 1803415 infeasible   63        79.00000   40.00000  49.4%  45.3 2122s
 3099498 1809421   40.00000   41  243   79.00000   40.00000  49.4%  45.4 2126s
 3111213 1810872   78.00000   65   83   79.00000   40.00000  49.4%  45.3 2130s
 3113978 1815948   69.00000   56  191   79.00000   40.00000  49.4%  45.4 2135s
 3123706 1818431 infeasible   72        79.00000   40.00000  49.4%  45.4 2141s
 3132561 1823829   50.00000   46  206   79.00000   40.00000  49.4%  45.3 2146s
 3134124 1825807     cutoff   68        79.00000   40.00000  49.4%  45.4 2150s
 3149822 1833793   78.00000   67  112   79.00000   40.00000  49.4%  45.3 2156s
 3152559 1838995   78.00000   67   94   79.00000   40.00000  49.4%  45.4 2160s
 3161912 1841316 infeasible   64        79.00000   40.00000  49.4%  45.4 2166s
 3163444 1849283   77.00000   58  138   79.00000   40.00000  49.4%  45.4 2170s
 3179162 1851112   62.00000   65  190   79.00000   40.00000  49.4%  45.3 2175s
 3182849 1856650   71.00000   53  146   79.00000   40.00000  49.4%  45.4 2181s
 3190489 1857864 infeasible  114        79.00000   40.00000  49.4%  45.4 2185s
 3199672 1862678   45.00000   37  228   79.00000   40.00000  49.4%  45.3 2190s
 3206487 1867080   67.00000   62  208   79.00000   40.00000  49.4%  45.4 2196s
 3212611 1870722   75.00000   62  200   79.00000   40.00000  49.4%  45.4 2200s
 3220704 1875756   51.00000   50  220   79.00000   40.00000  49.4%  45.4 2207s
 3222199 1878153     cutoff   64        79.00000   40.00000  49.4%  45.4 2211s
 3238278 1886015   78.00000   87  128   79.00000   40.00000  49.4%  45.4 2216s
 3240768 1887607     cutoff   86        79.00000   40.00000  49.4%  45.4 2221s
 3249656 1892903   60.00000   51  225   79.00000   40.00000  49.4%  45.4 2225s
 3251145 1894817   77.00000   68  131   79.00000   40.00000  49.4%  45.4 2230s
 3268421 1903611 infeasible   63        79.00000   40.00000  49.4%  45.3 2235s
 3270866 1905324   68.00000   48  187   79.00000   40.00000  49.4%  45.4 2240s
 3280679 1917989     cutoff   72        79.00000   40.00000  49.4%  45.4 2248s
 3294549 1918433 infeasible   60        79.00000   40.00000  49.4%  45.3 2250s
 3297509 1920400   78.00000   61  109   79.00000   40.00000  49.4%  45.3 2255s
 3301338 1926193   78.00000   69  134   79.00000   40.00000  49.4%  45.4 2262s
 3309603 1929041   50.00000   54  223   79.00000   40.00000  49.4%  45.4 2269s
 3312951 1937058   72.00000   71  166   79.00000   40.00000  49.4%  45.4 2273s
 3327270 1937732 infeasible   63        79.00000   40.00000  49.4%  45.3 2275s
 3331021 1943119   51.00000   46  199   79.00000   40.00000  49.4%  45.4 2281s
 3339033 1945971   46.11867   54  151   79.00000   40.00000  49.4%  45.4 2288s
 3342503 1953692   78.00000   80   65   79.00000   40.00000  49.4%  45.4 2292s
 3357292 1955188   78.00000   65  112   79.00000   40.00000  49.4%  45.3 2296s
 3360162 1960252   76.00000   67   68   79.00000   40.00000  49.4%  45.4 2301s
 3368960 1962915   76.00000   58  166   79.00000   40.00000  49.4%  45.4 2308s
 3372157 1970785   76.00000   61  112   79.00000   40.00000  49.4%  45.4 2312s
 3386676 1972355   69.00000   63  137   79.00000   40.00000  49.4%  45.4 2316s
 3389496 1977304   78.00000   76   63   79.00000   40.00000  49.4%  45.4 2320s
 3398328 1979842 infeasible   76        79.00000   40.00000  49.4%  45.4 2327s
 3401354 1987937   75.00000   74  152   79.00000   40.00000  49.4%  45.4 2331s
 3416357 1989375   78.00000   60  128   79.00000   40.00000  49.4%  45.4 2335s
 3419043 1991019   77.00000   63  157   79.00000   40.00000  49.4%  45.4 2340s
 3428087 1996270 infeasible   60        79.00000   40.00000  49.4%  45.4 2345s
 3440376 2003098   77.00000   57  136   79.00000   40.00000  49.4%  45.3 2350s
 3443927 2005212   69.00000   54  186   79.00000   40.00000  49.4%  45.4 2356s
 3452490 2009580     cutoff   61        79.00000   40.00000  49.4%  45.4 2361s
 3455199 2014199   72.00000   56  186   79.00000   40.00000  49.4%  45.4 2365s
 3463704 2016885 infeasible   50        79.00000   40.00000  49.4%  45.4 2372s
 3467043 2025038   76.00000   61   92   79.00000   40.00000  49.4%  45.4 2376s
 3482161 2026267   48.00000   52  207   79.00000   40.00000  49.4%  45.4 2380s
 3486207 2031762   78.00000   69  198   79.00000   40.00000  49.4%  45.4 2387s
 3495327 2034442   67.00000   61  194   79.00000   40.00000  49.4%  45.4 2394s
 3498732 2043175   78.00000   55  122   79.00000   40.00000  49.4%  45.4 2398s
 3514144 2043794 infeasible   51        79.00000   40.00000  49.4%  45.4 2400s
 3517742 2046144   71.00000   56  208   79.00000   40.41667  48.8%  45.4 2406s
 3526376 2050962   64.00000   76  175   79.00000   40.54463  48.7%  45.4 2411s
 3527933 2052480     cutoff   71        79.00000   40.60000  48.6%  45.4 2415s
 3545303 2062005 infeasible   61        79.00000   41.00000  48.1%  45.3 2421s
 3547835 2063582 infeasible   72        79.00000   41.00000  48.1%  45.4 2425s
 3552023 2066325   50.00000   40  167   79.00000   41.00000  48.1%  45.4 2430s
 3561274 2071919 infeasible   57        79.00000   41.00000  48.1%  45.4 2435s
 3567168 2080915   55.74172   83  222   79.00000   41.00000  48.1%  45.4 2442s
 3578989 2082492   67.00000   41  203   79.00000   41.00000  48.1%  45.4 2446s
 3581953 2087903   61.00000   39  180   79.00000   41.00000  48.1%  45.4 2451s
 3590115 2089571   68.00000   55  219   79.00000   41.00000  48.1%  45.4 2455s
 3599030 2094378   59.00000   32  151   79.00000   41.00000  48.1%  45.4 2460s
 3605908 2098642   78.00000   52  159   79.00000   41.00000  48.1%  45.4 2465s
 3613736 2103304 infeasible   44        79.00000   41.00000  48.1%  45.4 2471s
 3616070 2107577   78.00000   50  119   79.00000   41.00000  48.1%  45.4 2475s
 3623321 2112696   41.00000   49  219   79.00000   41.00000  48.1%  45.4 2481s
 3631897 2115446   70.00000   42  230   79.00000   41.00000  48.1%  45.4 2487s
 3642669 2121309   48.00000   45  191   79.00000   41.00000  48.1%  45.4 2492s
 3645597 2126850   53.20000   57  215   79.00000   41.00000  48.1%  45.4 2496s
 3654729 2129641   57.00000   51  196   79.00000   41.00000  48.1%  45.4 2503s
 3657872 2137699   71.00000   68  128   79.00000   41.00000  48.1%  45.4 2506s
 3672613 2139289     cutoff   58        79.00000   41.00000  48.1%  45.4 2510s
 3675410 2141054   41.00000   38  227   79.00000   41.00000  48.1%  45.4 2515s
 3686260 2154520   78.00000   54  114   79.00000   41.00000  48.1%  45.4 2522s
 3700319 2155814   78.00000   63   89   79.00000   41.00000  48.1%  45.3 2525s
 3703858 2158169   76.00000   62  158   79.00000   41.00000  48.1%  45.3 2531s
 3711651 2162767   56.00000   50  203   79.00000   41.00000  48.1%  45.3 2535s
 3721144 2168170   69.00000   56  119   79.00000   41.00000  48.1%  45.3 2540s
 3723959 2172305   76.00000   61   86   79.00000   41.00000  48.1%  45.3 2545s
 3731200 2177326   64.00000   56  134   79.00000   41.00000  48.1%  45.3 2550s
 3744081 2182590   75.00000   65  152   79.00000   41.00000  48.1%  45.3 2557s
 3745803 2189812   75.00000   49  134   79.00000   41.00000  48.1%  45.3 2561s
 3759900 2192144 infeasible   68        79.00000   41.00000  48.1%  45.3 2566s
 3762624 2196761   67.00000   62  209   79.00000   41.00000  48.1%  45.3 2570s
 3771043 2202032   56.00000   67  205   79.00000   41.00000  48.1%  45.3 2576s
 3778979 2205767   47.00000   61  211   79.00000   41.00000  48.1%  45.3 2583s
 3783199 2212921   58.00000   66  165   79.00000   41.00000  48.1%  45.3 2586s
 3795896 2214460 infeasible   49        79.00000   41.00000  48.1%  45.3 2590s
 3805412 2220334 infeasible   78        79.00000   41.00000  48.1%  45.3 2596s
 3808300 2229596   62.00000   58  162   79.00000   41.00000  48.1%  45.3 2602s
 3822449 2231002 infeasible   88        79.00000   41.00000  48.1%  45.3 2605s
 3825981 2235936   78.00000   84  163   79.00000   41.00000  48.1%  45.3 2610s
 3834155 2240935   67.86207   55  255   79.00000   41.00000  48.1%  45.3 2616s
 3841346 2243876   74.00000   81   97   79.00000   41.00000  48.1%  45.3 2623s
 3844757 2252036   76.00000   65  155   79.00000   41.00000  48.1%  45.3 2627s
 3859679 2253489   64.00000   61  179   79.00000   41.00000  48.1%  45.3 2631s
 3862412 2258058   74.00000   68  162   79.00000   41.00000  48.1%  45.3 2635s
 3870449 2261014   77.00000   64  143   79.00000   41.00000  48.1%  45.3 2643s
 3873616 2268806   74.00000   71  164   79.00000   41.00000  48.1%  45.3 2646s
 3888358 2270307   43.00000   47  195   79.00000   41.00000  48.1%  45.3 2650s
 3897221 2275466   63.00000   67  182   79.00000   41.00000  48.1%  45.3 2656s
 3899978 2284130   74.00000   64  177   79.00000   41.00000  48.1%  45.3 2662s
 3914216 2285413 infeasible   65        79.00000   41.00000  48.1%  45.2 2666s
 3916676 2286939   61.00000   57  197   79.00000   41.00000  48.1%  45.3 2670s
 3926755 2292507 infeasible   81        79.00000   41.00000  48.1%  45.3 2676s
 3929439 2301420   78.00000   99   52   79.00000   41.00000  48.1%  45.3 2683s
 3944085 2302453     cutoff   67        79.00000   41.00000  48.1%  45.2 2686s
 3946259 2303946   66.00000   57  165   79.00000   41.00000  48.1%  45.2 2690s
 3956300 2309744 infeasible   53        79.00000   41.00000  48.1%  45.2 2695s
 3958958 2318579   65.00000   60  204   79.00000   41.00000  48.1%  45.3 2702s
 3973980 2319758   64.00000   50  186   79.00000   41.00000  48.1%  45.2 2705s
 3977337 2321957     cutoff   78        79.00000   41.00000  48.1%  45.3 2711s
 3985250 2326350 infeasible   88        79.00000   41.00000  48.1%  45.2 2715s
 3988028 2334841   68.00000   44  156   79.00000   41.00000  48.1%  45.3 2721s
 4002564 2335971     cutoff   60        79.00000   41.00000  48.1%  45.2 2725s
 4006038 2338164   55.00000   39  173   79.00000   41.00000  48.1%  45.2 2731s
 4013647 2342603 infeasible   67        79.00000   41.00000  48.1%  45.2 2735s
 4017707 2352061   77.00000   61  113   79.00000   41.00000  48.1%  45.3 2743s
 4031181 2352633   67.00000   70  163   79.00000   41.00000  48.1%  45.2 2745s
 4034247 2354594   75.00000   88   47   79.00000   41.00000  48.1%  45.3 2750s
 4036910 2359224   71.00000   82  141   79.00000   41.00000  48.1%  45.3 2755s
*4046339 2048293              98      78.0000000   41.00000  47.4%  45.3 2762s
 4046592 2055956   62.00000   45  161   78.00000   41.00000  47.4%  45.3 2765s
 4062115 2057634   76.00000   50  152   78.00000   41.00000  47.4%  45.2 2771s
 4064478 2059085   76.00000   69  128   78.00000   41.00000  47.4%  45.3 2775s
 4068697 2061518   58.00000   57  205   78.00000   41.00000  47.4%  45.3 2780s
 4077423 2066674 infeasible  104        78.00000   41.00000  47.4%  45.3 2785s
 4082163 2076400   75.00000   71  109   78.00000   41.00000  47.4%  45.3 2793s
 4096512 2077031   64.00000   45  152   78.00000   41.00000  47.4%  45.3 2795s
 4100133 2081213   68.00000   64  173   78.00000   41.00000  47.4%  45.3 2801s
 4106133 2085838   77.00000   54  163   78.00000   41.00000  47.4%  45.3 2805s
 4113851 2088784     cutoff   70        78.00000   41.00000  47.4%  45.3 2812s
 4117198 2096769   76.00000   69  168   78.00000   41.00000  47.4%  45.3 2816s
 4131946 2098070   61.00000   50  186   78.00000   41.00000  47.4%  45.3 2820s
 4134615 2099797   76.00000   80  194   78.00000   41.00000  47.4%  45.3 2825s
 4144206 2105225   70.00000   86  140   78.00000   41.00000  47.4%  45.3 2830s
 4148897 2114803   72.00000   59  182   78.00000   41.00000  47.4%  45.3 2838s
 4162473 2115553 infeasible   86        78.00000   41.00000  47.4%  45.3 2840s
 4164909 2117174 infeasible   96        78.00000   41.00000  47.4%  45.3 2845s
 4174304 2122738   70.00000   56  164   78.00000   41.00000  47.4%  45.3 2851s
 4175892 2130606   77.00000   71  145   78.00000   41.00000  47.4%  45.3 2855s
 4191158 2132391   76.00000   64  176   78.00000   41.00000  47.4%  45.3 2860s
 4194871 2134682   69.00000   42  176   78.00000   41.00000  47.4%  45.3 2866s
 4204202 2139320 infeasible   62        78.00000   41.00000  47.4%  45.3 2871s
 4205709 2141307   62.00000   67  167   78.00000   41.00000  47.4%  45.3 2875s
 4222970 2149707 infeasible   51        78.00000   41.00000  47.4%  45.3 2881s
 4225237 2151173   65.00000   64  160   78.00000   41.00000  47.4%  45.3 2886s
 4228143 2156201   75.00000   73   87   78.00000   41.00000  47.4%  45.4 2890s
 4237115 2158658 infeasible   69        78.00000   41.00000  47.4%  45.3 2897s
 4240228 2166628   77.00000   55  116   78.00000   41.00000  47.4%  45.4 2901s
 4255465 2167702 infeasible   74        78.00000   41.00000  47.4%  45.3 2906s
 4257968 2169249     cutoff   71        78.00000   41.00000  47.4%  45.4 2910s
 4262010 2174582   76.00000   53  177   78.00000   41.00000  47.4%  45.4 2915s
 4271506 2176977   72.00000   55  174   78.00000   41.00000  47.4%  45.4 2923s
 4274701 2184770     cutoff   56        78.00000   41.00000  47.4%  45.4 2927s
 4289403 2186238   65.00000   48  154   78.00000   41.00000  47.4%  45.4 2931s
 4292090 2187919   65.00000   52  176   78.00000   41.00000  47.4%  45.4 2936s
 4301742 2193317 infeasible   41        78.00000   41.00000  47.4%  45.4 2941s
 4303168 2195046 infeasible   53        78.00000   41.00000  47.4%  45.4 2945s
 4306368 2203233   66.00000   49  160   78.00000   41.00000  47.4%  45.4 2950s
 4323326 2205112   76.00000   61  149   78.00000   41.00000  47.4%  45.4 2956s
 4326018 2206777   77.00000   72  124   78.00000   41.00000  47.4%  45.4 2961s
 4335855 2212379 infeasible   56        78.00000   41.00000  47.4%  45.4 2966s
 4337352 2214066   59.00000   46  237   78.00000   41.00000  47.4%  45.4 2970s
 4353753 2222291 infeasible   63        78.00000   41.00000  47.4%  45.4 2977s
 4356259 2223825   77.00000   63  129   78.00000   41.00000  47.4%  45.4 2981s
 4364753 2228854 infeasible  108        78.00000   41.00000  47.4%  45.4 2986s
 4366192 2230750   71.00000   71  117   78.00000   41.00000  47.4%  45.5 2991s
 4369437 2238452   48.00000   53  225   78.00000   41.00000  47.4%  45.5 2995s
 4385201 2240385   76.00000   61  122   78.00000   41.00000  47.4%  45.5 3001s
 4388318 2245703   54.00000   56  157   78.00000   41.00000  47.4%  45.5 3006s
 4397695 2248164   65.00000   63  183   78.00000   41.00000  47.4%  45.5 3013s
 4400895 2256240   77.00000   61   97   78.00000   41.00000  47.4%  45.5 3018s
 4414840 2256958 infeasible   71        78.00000   41.00000  47.4%  45.5 3020s
 4418786 2262143   71.00000   57  101   78.00000   41.00000  47.4%  45.5 3026s
 4426270 2263831   75.00000   75  127   78.00000   41.00000  47.4%  45.5 3031s
 4427755 2272022   76.00000   70  122   78.00000   41.00000  47.4%  45.5 3035s
 4443717 2273678   68.00000   51  213   78.00000   41.00000  47.4%  45.5 3040s
 4447459 2279123   77.00000   75   76   78.00000   41.00000  47.4%  45.5 3046s
 4454937 2280507 infeasible   62        78.00000   41.00000  47.4%  45.5 3050s
 4457761 2289316   73.00000   60  180   78.00000   41.00000  47.4%  45.5 3057s
 4472957 2290573   74.00000   78  118   78.00000   41.00000  47.4%  45.5 3060s
 4476413 2292776   69.00000   56  242   78.00000   41.00000  47.4%  45.5 3066s
 4483900 2296790 infeasible   55        78.00000   41.00000  47.4%  45.5 3070s
 4493154 2301702   77.00000   54  148   78.00000   41.00000  47.4%  45.5 3076s
 4495704 2303338   66.00000   63  196   78.00000   41.00000  47.4%  45.5 3081s
 4503200 2307579   76.00000   73  172   78.00000   41.00000  47.4%  45.5 3086s
 4509733 2311243 infeasible   58        78.00000   41.00000  47.4%  45.5 3090s
 4517773 2316017 infeasible   86        78.00000   41.00000  47.4%  45.5 3096s
 4519259 2317796   61.00000   68  172   78.00000   41.00000  47.4%  45.5 3101s
 4522559 2326003   77.00000   74   69   78.00000   41.00000  47.4%  45.6 3105s
 4538922 2328277   64.00000   50  139   78.00000   41.00000  47.4%  45.5 3111s
 4547461 2333254   71.00000   52  120   78.00000   41.00000  47.4%  45.5 3116s
 4549041 2334962   75.00000   69   84   78.00000   41.00000  47.4%  45.5 3120s
 4565980 2343680   69.00000   74  152   78.00000   41.00000  47.4%  45.5 3126s
 4568324 2345218   69.00000   53  177   78.00000   41.00000  47.4%  45.5 3130s
 4571167 2349892   73.00000   65  215   78.00000   41.00000  47.4%  45.6 3135s
 4579480 2352599   61.00000   61  171   78.00000   41.00000  47.4%  45.5 3142s
 4582768 2360481   75.00000   71  121   78.00000   41.00000  47.4%  45.6 3146s
 4597662 2361830   69.00000   74  133   78.00000   41.00000  47.4%  45.5 3150s
 4607340 2367327   68.00000   57  196   78.00000   41.00000  47.4%  45.5 3157s
 4608867 2369028     cutoff   58        78.00000   41.00000  47.4%  45.5 3161s
 4612117 2376816   60.00000   75  181   78.00000   41.00000  47.4%  45.6 3165s
 4628310 2378739   76.00000   66   96   78.00000   41.00000  47.4%  45.5 3171s
 4631153 2384134   67.00000   85  127   78.00000   41.00000  47.4%  45.6 3176s
 4640004 2386809   68.00000   54  158   78.00000   41.00000  47.4%  45.6 3183s
 4643234 2394465   67.00000   48  139   78.00000   41.00000  47.4%  45.6 3186s
 4657894 2395830   60.00000   47  177   78.00000   41.00000  47.4%  45.6 3191s
 4660488 2400683   42.00000   37  152   78.00000   41.00000  47.4%  45.6 3195s
 4669192 2403430   72.00000   60  146   78.00000   41.00000  47.4%  45.6 3202s
 4672673 2411413   74.00000   67  112   78.00000   41.00000  47.4%  45.6 3206s
 4687737 2412488   65.00000   47  181   78.00000   41.00000  47.4%  45.5 3210s
 4690358 2414142 infeasible   83        78.00000   41.00000  47.4%  45.6 3215s
 4699417 2418896   61.00000   53  198   78.00000   41.00000  47.4%  45.6 3220s
 4704157 2428581     cutoff   68        78.00000   41.00000  47.4%  45.6 3228s
 4718919 2429194 infeasible   63        78.00000   41.00000  47.4%  45.5 3230s
 4722404 2431459   71.00000   63  127   78.00000   41.00000  47.4%  45.6 3237s
 4731518 2436309 infeasible   74        78.00000   41.00000  47.4%  45.6 3242s
 4732929 2438093   76.00000   54  138   78.00000   41.00000  47.4%  45.6 3246s
 4736320 2446695     cutoff   70        78.00000   41.32558  47.0%  45.6 3250s
 4753969 2448751   65.00000   65  147   78.00000   41.86572  46.3%  45.6 3256s
 4756717 2453359     cutoff   76        78.00000   42.00000  46.2%  45.6 3261s
 4764682 2455998     cutoff   86        78.00000   42.00000  46.2%  45.6 3268s
 4767935 2463873   76.00000   63  123   78.00000   42.00000  46.2%  45.6 3271s
 4782672 2465200   70.00000   56  161   78.00000   42.00000  46.2%  45.6 3275s
 4785254 2470206   62.00000   56  187   78.00000   42.00000  46.2%  45.6 3280s
 4793690 2472623   62.00000   59  210   78.00000   42.00000  46.2%  45.6 3287s
 4796983 2480803   77.00000   52   65   78.00000   42.00000  46.2%  45.6 3291s
 4812664 2482021   49.00000   45  233   78.00000   42.00000  46.2%  45.6 3295s
 4815162 2483608     cutoff   62        78.00000   42.00000  46.2%  45.6 3300s
 4823980 2488829   73.00000   59  178   78.00000   42.00000  46.2%  45.6 3305s
 4828560 2497976   61.00000   52  221   78.00000   42.00000  46.2%  45.6 3313s
 4841592 2498625 infeasible   55        78.00000   42.00000  46.2%  45.6 3315s
 4844042 2500158   51.00000   56  179   78.00000   42.00000  46.2%  45.6 3320s
 4853779 2505824   55.00000   45  207   78.00000   42.00000  46.2%  45.6 3326s
 4855235 2510292   60.00000   58  210   78.00000   42.00000  46.2%  45.6 3331s
 4864649 2511754   76.00000   59   98   78.00000   42.00000  46.2%  45.6 3336s
 4874539 2516801   58.00000   49  210   78.00000   42.00000  46.2%  45.6 3341s
 4877207 2518189 infeasible   67        78.00000   42.00000  46.2%  45.7 3345s
 4886668 2523675   66.00000   55  182   78.00000   42.00000  46.2%  45.7 3350s
 4887990 2525548   60.00000   56  158   78.00000   42.00000  46.2%  45.7 3355s
 4906132 2534302 infeasible   79        78.00000   42.00000  46.2%  45.7 3361s
 4908430 2535633   74.00000   59  133   78.00000   42.00000  46.2%  45.7 3366s
 4915205 2539445   63.00000   58  166   78.00000   42.00000  46.2%  45.7 3370s
 4917985 2548265   73.00000   53  139   78.00000   42.00000  46.2%  45.7 3377s
 4932827 2549243   72.00000   60  149   78.00000   42.00000  46.2%  45.7 3380s
 4935973 2551068   76.00000   59  109   78.00000   42.00000  46.2%  45.7 3386s
 4941886 2554334   77.00000   63  136   78.00000   42.00000  46.2%  45.7 3391s
 4944575 2559130   72.00000   58  139   78.00000   42.00000  46.2%  45.7 3395s
 4953163 2561654   77.00000   59  120   78.00000   42.00000  46.2%  45.7 3402s
 4956267 2569959   62.00000   62  179   78.00000   42.00000  46.2%  45.7 3407s
 4972112 2571034   59.00000   56  204   78.00000   42.00000  46.2%  45.7 3411s
 4974551 2572373     cutoff   66        78.00000   42.00000  46.2%  45.7 3416s
 4983398 2577301   75.00000   46  219   78.00000   42.00000  46.2%  45.7 3420s
 4984780 2578953 infeasible   60        78.00000   42.00000  46.2%  45.7 3425s
 4987974 2587157   48.00000   51  197   78.00000   42.00000  46.2%  45.8 3430s
 5005564 2589130   76.00000   53  130   78.00000   42.00000  46.2%  45.7 3436s
 5008568 2590738 infeasible   73        78.00000   42.00000  46.2%  45.8 3441s
 5018928 2596196   76.00000   67  147   78.00000   42.62791  45.3%  45.8 3446s
 5020378 2597774   76.00000   63  234   78.00000   42.97959  44.9%  45.8 3450s
 5036930 2605516 infeasible   82        78.00000   43.00000  44.9%  45.8 3456s
 5039342 2607103   43.00000   42  238   78.00000   43.00000  44.9%  45.8 3460s
 5042813 2612657   66.00000   60  198   78.00000   43.00000  44.9%  45.8 3465s
 5052217 2615404   64.00000   47  227   78.00000   43.00000  44.9%  45.8 3472s
 5055445 2623013   77.00000   71  161   78.00000   43.00000  44.9%  45.8 3476s
 5069512 2624453   63.00000   51  187   78.00000   43.00000  44.9%  45.8 3480s
 5072319 2629175     cutoff   66        78.00000   43.00000  44.9%  45.8 3485s
 5082172 2638154   76.00000   71  106   78.00000   43.00000  44.9%  45.8 3493s
 5096271 2638703 infeasible   73        78.00000   43.00000  44.9%  45.8 3495s
 5099149 2640508   75.00000   57  118   78.00000   43.00000  44.9%  45.8 3500s
 5101514 2641868   62.00000   49  177   78.00000   43.00000  44.9%  45.8 3505s
 5112063 2648800   75.00000   74  107   78.00000   43.00000  44.9%  45.8 3514s
 5115132 2656455   75.00000   44  185   78.00000   43.00000  44.9%  45.8 3518s
 5128837 2657043   53.00000   54  203   78.00000   43.00000  44.9%  45.8 3520s
 5132647 2662518   75.00000   70  170   78.00000   43.00000  44.9%  45.8 3526s
 5141434 2665298   74.00000   62  128   78.00000   43.00000  44.9%  45.8 3533s
 5144489 2672519   74.00000   78  168   78.00000   43.00000  44.9%  45.8 3536s
 5158282 2673759   77.00000   55  133   78.00000   43.00000  44.9%  45.8 3541s
 5161064 2678907   75.00000   54  157   78.00000   43.00000  44.9%  45.8 3545s
 5169526 2680440   43.00000   51  218   78.00000   43.00000  44.9%  45.8 3550s
 5185248 2689249   55.00000   45  169   78.00000   43.00000  44.9%  45.8 3556s
 5187055 2690472   77.00000   66   46   78.00000   43.00000  44.9%  45.8 3560s
 5190875 2695745   72.00000   72  163   78.00000   43.00000  44.9%  45.8 3566s
 5198477 2697284   70.00000   45  162   78.00000   43.00000  44.9%  45.8 3571s
 5199963 2706082   77.00000   72  114   78.00000   43.00000  44.9%  45.8 3575s
 5216625 2707621   62.00000   45  157   78.00000   43.00000  44.9%  45.8 3580s
 5220215 2709904   50.00000   48  170   78.00000   43.00000  44.9%  45.8 3586s
 5228489 2714386   76.00000   55  176   78.00000   43.00000  44.9%  45.8 3591s
 5230004 2716009   77.00000   86  112   78.00000   43.00000  44.9%  45.8 3595s
 5247107 2724144     cutoff   63        78.00000   43.00000  44.9%  45.8 3600s

Explored 5247277 nodes (240297042 simplex iterations) in 3600.04 seconds (903.59 work units)
Thread count was 32 (of 32 available processors)

Solution count 10: 78 79 80 ... 87

Time limit reached
Best objective 7.800000000000e+01, best bound 4.300000000000e+01, gap 44.8718%
