
Gurobi 13.0.0 (linux64) logging started Tue Nov 25 16:00:33 2025

Set parameter LogFile to value "./Results/StripPacking-CutHeur/Logs/RU-010-StripPacking-35-0.log"
Set parameter TimeLimit to value 3600
Set parameter Cuts to value 0
Set parameter Presolve to value 1
Set parameter Heuristics to value 0
Set parameter LogToConsole to value 0
Set parameter LPWarmStart to value 2
Gurobi Optimizer version 13.0.0 build v13.0.0rc1 (linux64 - "Debian GNU/Linux 12 (bookworm)")

CPU model: Intel(R) Xeon(R) CPU E5-2630 v3 @ 2.40GHz, instruction set [SSE2|AVX|AVX2]
Thread count: 16 physical cores, 32 logical processors, using up to 32 threads

Non-default parameters:
TimeLimit  3600
LPWarmStart  2
Heuristics  0
Cuts  0
LogToConsole  0
Presolve  1

Optimize a model with 8960 rows, 2451 columns and 23870 nonzeros (Min)
Model fingerprint: 0x182dd8ef
Model has 1 linear objective coefficients
Variable types: 71 continuous, 2380 integer (2380 binary)
Coefficient statistics:
  Matrix range     [1e+00, 1e+04]
  Objective range  [1e+00, 1e+00]
  Bounds range     [1e+00, 1e+04]
  RHS range        [1e+00, 1e+04]

Warning: Completing partial solution with 2380 unfixed non-continuous variables out of 2380
User MIP start produced solution with objective 143.9 (0.01s)
Loaded user MIP start with objective 143.9

Presolve removed 1190 rows and 0 columns
Presolve time: 0.05s
Presolved: 7770 rows, 2451 columns, 21490 nonzeros
Variable types: 71 continuous, 2380 integer (2380 binary)

Root relaxation: objective 4.800000e+01, 1449 iterations, 0.07 seconds (0.05 work units)

    Nodes    |    Current Node    |     Objective Bounds      |     Work
 Expl Unexpl |  Obj  Depth IntInf | Incumbent    BestBd   Gap | It/Node Time

     0     0   48.00000    0  192  143.90000   48.00000  66.6%     -    0s
     0     0   48.00000    0  192  143.90000   48.00000  66.6%     -    0s
     0     0   48.00000    0  136  143.90000   48.00000  66.6%     -    0s
     0     2   48.00000    0  136  143.90000   48.00000  66.6%     -    0s
  4636  3969   56.00000  143  136  143.90000   48.00000  66.6%  47.8    5s
  5410  5417   48.00000   39  245  143.90000   48.00000  66.6%  55.6   10s
  7011  7582   48.00000   81  263  143.90000   48.00000  66.6%  70.3   15s
 11958  7979 infeasible  134       143.90000   48.00000  66.6%  68.4   20s
 17287 11451  105.00000  152  202  143.90000   48.00000  66.6%  62.7   25s
 23249 15655   91.00000  118  253  143.90000   48.00000  66.6%  57.2   30s
 27361 18838   52.00000   99  331  143.90000   48.00000  66.6%  56.5   35s
 31532 21289   48.00000  109  333  143.90000   48.00000  66.6%  57.2   40s
 35873 25436   76.00000  124  296  143.90000   48.00000  66.6%  57.1   45s
 41152 28314 infeasible  172       143.90000   48.00000  66.6%  57.7   51s
 43211 30030 infeasible  129       143.90000   48.00000  66.6%  58.7   55s
 51530 35937 infeasible  142       143.90000   48.00000  66.6%  57.4   60s
 55311 38510 infeasible  118       143.90000   48.00000  66.6%  58.7   66s
*56077 38140             181     138.0000000   48.00000  65.2%  59.6   67s
 58625 39954 infeasible  137       138.00000   48.00000  65.2%  58.7   70s
*61931 42059             196     137.0000000   48.00000  65.0%  58.7   74s
 62281 43811  116.00000  144  155  137.00000   48.00000  65.0%  58.9   75s
 65520 49727  134.00000  143  207  137.00000   48.00000  65.0%  58.4   81s
*73797 50019             169     134.0000000   48.00000  64.2%  57.1   83s
 76568 51982 infeasible  125       134.00000   48.00000  64.2%  56.3   86s
 79686 55360   74.00000   98  362  134.00000   48.00000  64.2%  56.8   91s
 83805 56915   68.00000  109  333  134.00000   48.00000  64.2%  56.2   95s
 87093 64540   61.93023  133  310  134.00000   48.00000  64.2%  56.6  103s
 95945 64950  116.00000  140  189  134.00000   48.00000  64.2%  55.6  105s
*96842 64487             179     130.0000000   48.00000  63.1%  56.1  108s
 97082 66026   59.00000  133  215  130.00000   48.00000  63.1%  56.3  110s
 102411 68172 infeasible  126       130.00000   48.00000  63.1%  56.5  115s
 105180 71610   75.00000  154  265  130.00000   48.00000  63.1%  57.5  121s
 108534 77897   76.00000  126  220  130.00000   48.00000  63.1%  57.5  127s
 118145 78508   81.00000  136  309  130.00000   48.00000  63.1%  56.7  131s
*118738 78524             147     129.0000000   48.00000  62.8%  56.9  132s
*119427 77696             156     126.0000000   48.00000  61.9%  57.2  133s
 119490 79225  101.00000  106  185  126.00000   48.00000  61.9%  57.2  135s
*125120 80828             253     124.0000000   48.00000  61.3%  56.9  139s
 125146 82376   61.76923  118  274  124.00000   48.00000  61.3%  56.9  140s
*128181 82766             148     122.0000000   48.00000  60.7%  56.8  142s
 131690 84632  120.00000  110  177  122.00000   48.00000  60.7%  56.6  145s
 135405 87229 infeasible  149       122.00000   48.00000  60.7%  56.9  151s
 138895 89541 infeasible  128       122.00000   48.00000  60.7%  57.0  155s
*139241 89115             195     121.0000000   48.00000  60.3%  57.1  155s
 144872 92986   84.00000  129  248  121.00000   48.00000  60.3%  56.7  160s
 150322 96690 infeasible  154       121.00000   48.00000  60.3%  56.8  165s
 150895 102488  116.00000  141  208  121.00000   48.00000  60.3%  57.0  170s
 160759 103460   64.00000   89  332  121.00000   48.00000  60.3%  56.7  175s
*160901 102857             188     120.0000000   48.00000  60.0%  56.7  175s
 163962 105086   64.32931   72  323  120.00000   48.00000  60.0%  57.1  180s
 169547 108586 infeasible  120       120.00000   48.00000  60.0%  56.8  185s
 173465 116226   53.00000   97  306  120.00000   48.00000  60.0%  56.8  193s
 182266 116784   69.00000   87  336  120.00000   48.00000  60.0%  56.6  195s
*183391 116309             176     119.0000000   48.00000  59.7%  56.8  198s
 185997 118141   75.00000   62  349  119.00000   48.00000  59.7%  56.8  200s
 191235 121528   49.00000  119  272  119.00000   48.00000  59.7%  57.0  206s
 194468 123958   85.00000  118  298  119.00000   48.00000  59.7%  57.3  210s
 195022 129400   94.00000  141  220  119.00000   48.00000  59.7%  57.5  215s
 204656 130039   48.00000  121  270  119.00000   48.00000  59.7%  57.3  220s
*204774 129146             162     118.0000000   48.00000  59.3%  57.3  220s
 208518 131574 infeasible  137       118.00000   48.00000  59.3%  57.5  226s
 210548 134042   79.00000  125  304  118.00000   48.00000  59.3%  57.9  230s
 216649 136439 infeasible  108       118.00000   48.00000  59.3%  57.9  236s
 217199 141550  115.00000  127  154  118.00000   48.00000  59.3%  58.1  241s
 226596 142208   82.00000   67  274  118.00000   48.00000  59.3%  57.8  245s
 229165 145147   62.00000  128  247  118.00000   48.00000  59.3%  58.2  250s
 234957 147512 infeasible  126       118.00000   48.00000  59.3%  58.0  255s
 238575 153969   86.00000  162  227  118.00000   48.00000  59.3%  58.0  263s
*242900 152794             178     117.0000000   48.00000  59.0%  57.8  263s
 247567 153092 infeasible  119       117.00000   48.00000  59.0%  57.6  265s
*248462 151654             158     115.0000000   48.00000  58.3%  57.9  268s
 248757 153079   54.00000   65  270  115.00000   48.00000  58.3%  58.0  270s
 254838 155061 infeasible  134       115.00000   48.00000  58.3%  57.9  275s
 258249 158265   53.00000  148  270  115.00000   48.00000  58.3%  58.1  281s
 261130 164238   57.00000  123  271  115.00000   48.00000  58.3%  58.1  288s
 271672 164672   75.00000   97  375  115.00000   48.00000  58.3%  57.7  290s
*272382 163601             175     114.0000000   48.00000  57.9%  57.8  291s
*272387 161525             176     112.0000000   48.00000  57.1%  57.8  291s
 273136 162015 infeasible   74       112.00000   48.00000  57.1%  58.1  295s
 276595 165326  100.00000  110  230  112.00000   48.00000  57.1%  58.4  301s
 279846 167075   61.00000  149  315  112.00000   48.00000  57.1%  58.6  305s
 282682 171976   81.00000   90  248  112.00000   48.00000  57.1%  58.6  312s
 291300 172345   59.00000  149  233  112.00000   48.00000  57.1%  58.5  315s
 292423 172935   87.00000  173  215  112.00000   48.00000  57.1%  58.9  320s
 296119 175139 infeasible   95       112.00000   48.00000  57.1%  59.1  325s
 300404 178952   64.00000  100  382  112.00000   48.00000  57.1%  59.5  331s
 303565 183769   62.00000   88  271  112.00000   48.00000  57.1%  59.6  338s
 311971 184244   82.00000  118  230  112.00000   48.00000  57.1%  59.5  341s
 313140 184817 infeasible  111       112.00000   48.00000  57.1%  59.9  346s
 317115 187007   48.00000   91  335  112.00000   48.00000  57.1%  60.1  351s
 320537 188888  103.00000  118  216  112.00000   48.00000  57.1%  60.4  356s
 323638 190501 infeasible  109       112.00000   48.00000  57.1%  60.4  360s
 324029 191652   98.00000   99  269  112.00000   48.00000  57.1%  60.6  367s
 326072 196932   77.00000  107  298  112.00000   48.00000  57.1%  61.2  372s
 336321 197311   66.00000  113  286  112.00000   48.00000  57.1%  61.0  376s
 339295 198890   68.00000  106  392  112.00000   48.00000  57.1%  61.2  381s
 342259 200463   61.00000   68  325  112.00000   48.00000  57.1%  61.4  385s
 345805 202321 infeasible  133       112.00000   48.00000  57.1%  61.6  391s
 346177 203409   58.00000  124  291  112.00000   48.00000  57.1%  61.8  399s
 348513 207971   48.00000   90  315  112.00000   48.00000  57.1%  62.5  404s
 356947 208089 infeasible  101       112.00000   48.00000  57.1%  62.2  406s
 357788 208525   65.00000  108  392  112.00000   48.00000  57.1%  62.5  410s
 358623 208931   67.00000  110  345  112.00000   48.00000  57.1%  62.8  415s
 363384 211191 infeasible  112       112.00000   48.00000  57.1%  63.0  421s
 366868 213115 infeasible  138       112.00000   48.00000  57.1%  63.0  425s
 367278 213999   55.00000   71  399  112.00000   48.00000  57.1%  63.2  432s
 369083 219963   79.00000   97  355  112.00000   48.00000  57.1%  63.7  439s
 379804 220175 infeasible  170       112.00000   48.00000  57.1%  63.3  441s
 380993 220654 infeasible  101       112.00000   48.00000  57.1%  63.7  446s
 381685 222275   53.00000  122  374  112.00000   48.00000  57.1%  64.0  450s
 385399 224287   56.00000   96  316  112.00000   48.00000  57.1%  64.2  456s
 388952 225631 infeasible   99       112.00000   48.00000  57.1%  64.2  465s
 398469 229669   56.00000   96  320  112.00000   48.00000  57.1%  64.3  471s
 399415 230172 infeasible   98       112.00000   48.00000  57.1%  64.6  475s
 403605 232423 infeasible   64       112.00000   48.00000  57.1%  64.7  480s
 407850 234809 infeasible   98       112.00000   48.00000  57.1%  64.9  486s
 409285 237104   50.00000  104  320  112.00000   48.00000  57.1%  65.0  490s
 413795 239650   68.00000  101  286  112.00000   48.00000  57.1%  65.1  496s
 417456 241506   97.00000  138  202  112.00000   48.00000  57.1%  65.1  500s
 420993 243492  101.00000  138  222  112.00000   48.00000  57.1%  65.1  505s
 426698 245518   96.00000  104  321  112.00000   48.00000  57.1%  65.0  511s
 430103 247675 infeasible  143       112.00000   48.00000  57.1%  65.1  516s
 430670 252449   58.00000   92  239  112.00000   48.00000  57.1%  65.1  521s
 439548 253108   71.00000  123  212  112.00000   48.00000  57.1%  65.0  526s
 443121 255313 infeasible  191       112.00000   48.00000  57.1%  65.1  530s
 446591 257224   66.00000   97  329  112.00000   48.00000  57.1%  65.1  535s
 450315 259577   67.00000   74  307  112.00000   48.00000  57.1%  65.1  540s
*450655 257726             177     111.0000000   48.00000  56.8%  65.2  540s
 454196 260096 infeasible  110       111.00000   48.00000  56.8%  65.2  545s
 459558 263253   87.00000   91  279  111.00000   48.00000  56.8%  65.0  550s
 464443 266067 infeasible  100       111.00000   48.00000  56.8%  65.0  556s
 467631 267946   66.00000  104  442  111.00000   48.00000  56.8%  65.0  560s
 471570 272134   63.49449  104  362  111.00000   48.00000  56.8%  65.1  566s
 475351 274061   48.00000  101  278  111.00000   48.00000  56.8%  65.1  570s
 479707 275459   48.00000  114  327  111.00000   48.00000  56.8%  65.2  576s
 483699 277806  108.00000  113  245  111.00000   48.00000  56.8%  65.3  580s
 487900 280149 infeasible  122       111.00000   48.00000  56.8%  65.2  585s
 494030 283988 infeasible  102       111.00000   48.00000  56.8%  65.1  591s
 494731 288570   48.00000   75  342  111.00000   48.00000  56.8%  65.2  595s
 503497 289444   57.00000  100  395  111.00000   48.00000  56.8%  65.1  600s
*503700 287435             194     110.0000000   48.00000  56.4%  65.1  600s
 507096 289514 infeasible  160       110.00000   48.00000  56.4%  65.1  605s
 510811 291730   48.00000   88  332  110.00000   48.00000  56.4%  65.1  610s
 514403 295143   69.00000  123  402  110.00000   48.00000  56.4%  65.2  615s
 517844 300260   60.00000  111  352  110.00000   48.00000  56.4%  65.2  622s
 526275 300785   62.00000  110  315  110.00000   48.00000  56.4%  65.0  625s
 528221 303347   48.00000   84  342  110.00000   48.00000  56.4%  65.2  631s
 532219 304370 infeasible  112       110.00000   48.00000  56.4%  65.2  635s
 536961 308055   63.00000  117  234  110.00000   48.00000  56.4%  65.2  641s
 539853 309296 infeasible  106       110.00000   48.00000  56.4%  65.2  649s
 541878 314241   50.00000   85  385  110.00000   48.00000  56.4%  65.5  654s
 550657 314428 infeasible  114       110.00000   48.00000  56.4%  65.1  656s
 552164 316122   77.00000  122  239  110.00000   48.00000  56.4%  65.3  661s
 554640 318178   89.00000  143  317  110.00000   48.00000  56.4%  65.3  665s
 558486 320230   60.00000  120  312  110.00000   48.00000  56.4%  65.4  670s
 562032 321506   70.00000   99  282  110.00000   48.00000  56.4%  65.4  677s
*562857 318722             196     109.0000000   48.00000  56.0%  65.5  677s
 563694 323042   51.00000  110  293  109.00000   48.00000  56.0%  65.6  682s
 572232 323395   91.00000  112  299  109.00000   48.00000  56.0%  65.4  685s
 576749 325841  108.00000  128  158  109.00000   48.00000  56.0%  65.4  691s
 580705 327734 infeasible  122       109.00000   48.00000  56.0%  65.5  696s
 584447 329909 infeasible  147       109.00000   48.00000  56.0%  65.5  701s
 585056 333996   73.00000  106  290  109.00000   48.00000  56.0%  65.6  706s
 593569 334635   48.00000   90  316  109.00000   48.00000  56.0%  65.5  710s
*594791 332172             152     108.0000000   48.00000  55.6%  65.7  714s
 595046 333715   62.00000  100  337  108.00000   48.00000  55.6%  65.7  715s
 599056 334462   99.00000  137  272  108.00000   48.00000  55.6%  65.7  720s
 603451 336537  106.00000  104  209  108.00000   48.00000  55.6%  65.7  725s
 605421 342557   64.00000   97  334  108.00000   48.00000  55.6%  65.9  734s
 616128 342626 infeasible  179       108.00000   48.00000  55.6%  65.6  735s
 617327 343229   88.00000  126  241  108.00000   48.00000  55.6%  65.8  740s
 618352 343715 infeasible   90       108.00000   48.00000  55.6%  66.0  745s
 621917 345553 infeasible  115       108.00000   48.00000  55.6%  66.0  750s
 625522 347435   61.00000  109  364  108.00000   48.00000  55.6%  66.0  755s
 626086 352355   60.00000  110  317  108.00000   48.00000  55.6%  66.1  760s
 636626 352978 infeasible  115       108.00000   48.00000  55.6%  65.9  766s
 637799 353590 infeasible  111       108.00000   48.00000  55.6%  66.1  771s
 641241 355467  105.00000  152   87  108.00000   48.00000  55.6%  66.2  775s
 643690 357276   83.00000  116  214  108.00000   48.00000  55.6%  66.3  780s
 648749 359448 infeasible  103       108.00000   48.00000  55.6%  66.3  786s
 649327 360373   65.00000  101  318  108.00000   48.00000  55.6%  66.4  791s
 651505 361162   72.00000   98  339  108.00000   48.00000  55.6%  66.6  795s
 652805 365988   48.00000  107  329  108.00000   48.00000  55.6%  66.8  800s
 661749 366565   48.00000  109  320  108.00000   48.00000  55.6%  66.7  805s
 666324 368934 infeasible  117       108.00000   48.00000  55.6%  66.7  811s
*667046 365553             169     107.0000000   48.00000  55.1%  66.8  813s
 667524 367391   61.00000   98  373  107.00000   48.00000  55.1%  66.8  815s
 671590 372917   49.00000   87  446  107.00000   48.00000  55.1%  66.7  823s
 681959 373132   67.00000  118  295  107.00000   48.00000  55.1%  66.5  825s
 683255 373958   61.00000  113  171  107.00000   48.00000  55.1%  66.7  830s
 686680 375786 infeasible  102       107.00000   48.00000  55.1%  66.6  835s
*688939 374073             270     106.0000000   48.00000  54.7%  66.7  838s
 690478 374277 infeasible  108       106.00000   48.00000  54.7%  66.7  841s
 693096 380389   48.00000  110  323  106.00000   48.00000  54.7%  66.9  850s
 703452 381158   55.00000  106  475  106.00000   48.00000  54.7%  66.8  855s
*703914 377773             146     105.0000000   48.00000  54.3%  66.8  857s
 704686 378238   84.00000  111  276  105.00000   48.00000  54.3%  66.9  860s
 708486 380339 infeasible  129       105.00000   48.00000  54.3%  66.9  865s
 712191 382331 infeasible  125       105.00000   48.00000  54.3%  66.9  870s
 715788 389308   86.00000  126  275  105.00000   48.00000  54.3%  66.9  879s
 725053 389446 infeasible  128       105.00000   48.00000  54.3%  66.7  880s
 726450 390299   56.00000  100  302  105.00000   48.00000  54.3%  66.9  886s
 729910 392383   48.00000   67  258  105.00000   48.00000  54.3%  66.9  890s
 733831 395984   48.00000  115  315  105.00000   48.00000  54.3%  66.9  896s
 736882 397467   73.00000   98  299  105.00000   48.00000  54.3%  66.9  904s
 738998 401838   64.00000  103  362  105.00000   48.00000  54.3%  67.2  909s
 747338 401998   63.00000  137  385  105.00000   48.00000  54.3%  67.0  911s
 748803 404375   48.00000  106  402  105.00000   48.00000  54.3%  67.1  916s
 752756 406749   71.00000  112  282  105.00000   48.00000  54.3%  67.1  921s
 756461 409157   71.00000  114  389  105.00000   48.00000  54.3%  67.1  926s
 760049 414667   96.00000  122  220  105.00000   48.00000  54.3%  67.1  932s
 768380 415203  100.00000  126  336  105.00000   48.00000  54.3%  66.9  935s
 771853 417276 infeasible  123       105.00000   48.00000  54.3%  66.9  940s
 775261 419467 infeasible  144       105.00000   48.00000  54.3%  67.0  945s
 778566 421616   87.00000  114  307  105.00000   48.00000  54.3%  67.0  950s
 781501 427696   99.00000   88  272  105.00000   48.00000  54.3%  67.2  958s
 789587 427861 infeasible  112       105.00000   48.00000  54.3%  66.9  960s
 791231 430343   88.00000   87  370  105.00000   48.00000  54.3%  67.1  965s
 797120 432567 infeasible  138       105.00000   48.00000  54.3%  67.0  970s
 802619 436065 infeasible  104       105.00000   48.00000  54.3%  66.9  976s
 803211 438208   78.00000  105  348  105.00000   48.00000  54.3%  67.0  981s
 807807 441245   88.00000  139  279  105.00000   48.00000  54.3%  67.2  986s
 812973 442177   81.00000  118  311  105.00000   48.00000  54.3%  67.1  990s
 817453 446312   86.00000  105  379  105.00000   48.00000  54.3%  67.1  996s
 822022 448623  101.00000  148   82  105.00000   48.00000  54.3%  67.1 1001s
 825659 454073   97.00000  128  207  105.00000   48.00000  54.3%  67.1 1007s
 834601 454586   76.00000   96  320  105.00000   48.00000  54.3%  66.9 1010s
 836438 456953   97.00000  103  254  105.00000   48.00000  54.3%  67.0 1015s
 842334 459098 infeasible  112       105.00000   48.00000  54.3%  66.9 1021s
 845543 462066   70.00000  109  348  105.00000   48.00000  54.3%  66.9 1025s
 851489 464347 infeasible  130       105.00000   48.00000  54.3%  66.9 1030s
 852823 466667   88.00000  113  360  105.00000   48.00000  54.3%  67.0 1035s
 859247 469057   59.00000  105  328  105.00000   48.00000  54.3%  67.0 1041s
*859400 461904             147     104.0000000   48.00000  53.8%  67.0 1041s
 862579 463915   99.00000  118  305  104.00000   48.00000  53.8%  67.0 1045s
 866907 471148   57.00000  134  286  104.00000   48.00000  53.8%  67.0 1053s
 876391 471626   94.00000  104  260  104.00000   48.00000  53.8%  66.8 1055s
*877606 466136             170     103.0000000   48.00000  53.4%  66.8 1060s
 881348 468393   93.00000  125  267  103.00000   48.00000  53.4%  66.9 1065s
 884615 471727   74.00000  117  407  103.00000   48.00000  53.4%  66.9 1070s
 887964 477079   93.00000  109  241  103.00000   48.00000  53.4%  66.8 1078s
 896717 477528   70.00000  109  355  103.00000   48.00000  53.4%  66.7 1080s
 898344 479887   66.00000   89  348  103.00000   48.00000  53.4%  66.8 1085s
 904490 482097   64.00000  103  350  103.00000   48.00000  53.4%  66.7 1091s
 907608 484283   91.00000  102  350  103.00000   48.00000  53.4%  66.7 1095s
 914038 488136 infeasible  113       103.00000   48.00000  53.4%  66.7 1101s
 919267 491417 infeasible  122       103.00000   48.00000  53.4%  66.6 1105s
 923102 493728   66.00000  102  380  103.00000   48.00000  53.4%  66.6 1110s
 926741 497176   85.00000  144  270  103.00000   48.00000  53.4%  66.6 1115s
 929976 502623   48.00000  100  350  103.00000   48.00000  53.4%  66.6 1122s
 939743 503090   69.00000  110  332  103.00000   48.00000  53.4%  66.5 1125s
 941418 505614     cutoff  125       103.00000   48.00000  53.4%  66.6 1131s
 947015 507722   87.92857  107  323  103.00000   48.00000  53.4%  66.5 1135s
 951488 514667   74.00000  119  364  103.00000   48.00000  53.4%  66.4 1143s
 959587 514836   98.00000   99  255  103.00000   48.00000  53.4%  66.3 1145s
 961186 515833   95.00000   76  239  103.00000   48.00000  53.4%  66.4 1150s
 966917 519319   60.00000  136  300  103.00000   48.00000  53.4%  66.3 1155s
 970407 523002   79.00000  108  373  103.00000   48.00000  53.4%  66.4 1161s
 973728 528681   61.02505   92  414  103.00000   48.00000  53.4%  66.4 1168s
 982967 529147   65.00000   93  324  103.00000   48.00000  53.4%  66.3 1171s
 984247 529867   48.00000  127  168  103.00000   48.00000  53.4%  66.4 1175s
 988236 532378 infeasible  100       103.00000   48.00000  53.4%  66.3 1180s
 992117 536230   75.00000  137  302  103.00000   48.00000  53.4%  66.4 1185s
 995401 541915   94.00000  103  301  103.00000   48.00000  53.4%  66.3 1192s
 1004545 542327   82.00000   93  381  103.00000   48.00000  53.4%  66.2 1195s
 1006100 544508   74.00000  113  202  103.00000   48.00000  53.4%  66.3 1200s
 1012133 546722   82.00000   74  378  103.00000   48.00000  53.4%  66.2 1206s
 1015800 552656   48.00000   95  366  103.00000   48.00000  53.4%  66.3 1214s
 1022500 552987   49.00000   94  300  103.00000   48.00000  53.4%  66.2 1216s
 1024003 555551   60.00000  108  370  103.00000   48.00000  53.4%  66.3 1221s
 1030699 557661 infeasible  108       103.00000   48.00000  53.4%  66.2 1225s
 1034446 559723 infeasible  140       103.00000   48.00000  53.4%  66.1 1230s
 1038180 566945   50.00000  128  372  103.00000   48.00000  53.4%  66.2 1238s
 1047451 567321   76.00000  110  282  103.00000   48.00000  53.4%  66.0 1240s
 1049034 568275   88.00000  129  303  103.00000   48.00000  53.4%  66.1 1246s
 1052754 570726   58.00000   78  347  103.00000   48.00000  53.4%  66.1 1250s
 1057628 573994   99.00000  125  176  103.00000   48.00000  53.4%  66.1 1255s
 1060216 578912  102.00000  132  128  103.00000   48.00000  53.4%  66.1 1261s
 1068790 579546   66.00000   95  291  103.00000   48.00000  53.4%  66.0 1265s
 1072372 581645   79.00000  125  275  103.00000   48.00000  53.4%  66.0 1271s
 1076075 583783 infeasible  133       103.00000   48.00000  53.4%  66.0 1275s
*1079994 575377             188     102.0000000   48.00000  52.9%  66.0 1279s
 1080083 577215     cutoff  115       102.00000   48.00000  52.9%  66.0 1281s
 1084050 578919   48.00000   96  360  102.00000   48.00000  52.9%  66.0 1285s
 1089392 580676 infeasible  119       102.00000   48.00000  52.9%  66.0 1290s
 1092753 582544 infeasible  105       102.00000   48.00000  52.9%  66.0 1296s
 1095931 584530   84.00000  112  259  102.00000   48.00000  52.9%  66.0 1300s
 1100213 588103   99.00000  142  213  102.00000   48.00000  52.9%  66.1 1306s
 1103643 593529   71.00000  134  262  102.00000   48.00000  52.9%  66.1 1313s
 1112505 593642 infeasible  181       102.00000   48.00000  52.9%  66.0 1315s
 1113979 594529   70.00000   92  344  102.00000   48.00000  52.9%  66.0 1320s
 1117429 596451   71.00000   92  298  102.00000   48.00000  52.9%  66.0 1325s
 1120961 598275   72.00000  123  285  102.00000   48.00000  52.9%  66.0 1330s
 1124774 601737   55.00000   88  349  102.00000   48.00000  52.9%  66.0 1339s
 1127775 602178   65.00000  139  315  102.00000   48.00000  52.9%  66.1 1342s
 1128673 605536   71.00000  113  266  102.00000   48.00000  52.9%  66.2 1345s
 1135936 607424   79.00000  106  348  102.00000   48.00000  52.9%  66.1 1351s
 1139389 609899   69.00000   95  307  102.00000   48.00000  52.9%  66.2 1356s
 1143234 610486   93.00000  122  351  102.00000   48.00000  52.9%  66.2 1360s
 1147602 617656  101.00000  126  198  102.00000   48.00000  52.9%  66.2 1370s
 1158465 618492   94.00000  113  233  102.00000   48.00000  52.9%  66.1 1376s
 1159797 619227   48.00000   69  316  102.00000   48.00000  52.9%  66.2 1381s
 1163778 621261 infeasible  111       102.00000   48.00000  52.9%  66.2 1385s
 1167177 622998 infeasible  107       102.00000   48.00000  52.9%  66.2 1390s
 1171835 626516   59.00000  105  305  102.00000   48.00000  52.9%  66.2 1395s
 1176887 628434 infeasible  101       102.00000   48.00000  52.9%  66.2 1400s
 1180424 631380   72.00000  129  276  102.00000   48.00000  52.9%  66.2 1405s
 1185693 633179 infeasible  121       102.00000   48.00000  52.9%  66.2 1411s
 1188955 635830   65.00000  117  390  102.00000   48.00000  52.9%  66.2 1420s
 1199440 640328 infeasible  139       102.00000   48.00000  52.9%  66.2 1426s
 1200814 642490   79.00000  133  227  102.00000   48.00000  52.9%  66.3 1431s
 1204829 644701  101.00000  121  240  102.00000   48.00000  52.9%  66.3 1436s
 1208797 646835   80.00000  148  223  102.00000   48.00000  52.9%  66.3 1441s
 1212281 648161   94.00000   99  299  102.00000   48.00000  52.9%  66.3 1449s
 1214524 652994   67.00000   98  264  102.00000   48.00000  52.9%  66.4 1453s
 1223072 653232 infeasible  114       102.00000   48.00000  52.9%  66.3 1455s
 1224366 654252   74.00000  118  312  102.00000   48.00000  52.9%  66.4 1460s
 1229417 656382 infeasible  127       102.00000   48.00000  52.9%  66.3 1465s
 1233490 658541 infeasible  100       102.00000   48.00000  52.9%  66.3 1471s
 1234020 661706 infeasible  106       102.00000   48.00000  52.9%  66.4 1477s
 1240504 662217   52.00000  115  331  102.00000   48.00000  52.9%  66.4 1481s
 1241987 664680   72.00000  126  240  102.00000   48.00000  52.9%  66.5 1485s
 1246846 667177   65.00000   95  373  102.00000   48.00000  52.9%  66.5 1491s
 1251529 669424   72.00000  104  265  102.00000   48.00000  52.9%  66.5 1496s
 1255347 670854   49.00000   96  182  102.00000   48.00000  52.9%  66.5 1504s
 1257944 671875   75.00000  104  402  102.00000   48.00000  52.9%  66.6 1507s
 1259952 672353   85.00000  134  321  102.00000   48.00000  52.9%  66.6 1511s
 1266608 675836 infeasible  135       102.00000   48.00000  52.9%  66.6 1517s
 1267872 678554   75.00000  135  330  102.00000   48.00000  52.9%  66.7 1521s
 1272893 679094   79.00000  169  290  102.00000   48.00000  52.9%  66.7 1525s
 1277666 686697   80.00000  141  315  102.00000   48.00000  52.9%  66.7 1534s
 1287615 686750   48.00000  104  380  102.00000   48.00000  52.9%  66.5 1535s
 1288861 687337 infeasible  101       102.00000   48.00000  52.9%  66.6 1541s
 1289948 687940 infeasible  121       102.00000   48.00000  52.9%  66.7 1545s
 1293696 689902 infeasible  118       102.00000   48.00000  52.9%  66.7 1550s
 1297607 693594   89.00000  104  367  102.00000   48.00000  52.9%  66.7 1556s
 1301514 693900 infeasible  121       102.00000   48.00000  52.9%  66.7 1560s
 1305188 697077   48.00000   87  365  102.00000   48.00000  52.9%  66.7 1565s
 1308434 698978   48.00000   98  378  102.00000   48.00000  52.9%  66.8 1570s
 1314496 701204 infeasible  103       102.00000   48.00000  52.9%  66.7 1576s
 1317925 703188   59.00000  102  350  102.00000   48.00000  52.9%  66.7 1580s
 1322098 705493   76.00000  107  284  102.00000   48.00000  52.9%  66.7 1585s
 1325583 708537   51.00000  101  417  102.00000   48.00000  52.9%  66.7 1590s
 1331191 710637   59.00000   88  412  102.00000   48.00000  52.9%  66.7 1596s
 1334430 713729   96.00000  122  215  102.00000   48.00000  52.9%  66.7 1600s
 1340590 715729 infeasible  134       102.00000   48.00000  52.9%  66.6 1606s
 1341148 716920   68.00000  109  326  102.00000   48.00000  52.9%  66.6 1611s
 1343586 720704   52.00000  106  366  102.00000   48.00000  52.9%  66.7 1615s
 1351534 721402 infeasible  122       102.00000   48.00000  52.9%  66.7 1620s
 1355853 723636 infeasible  106       102.00000   48.00000  52.9%  66.7 1625s
 1359807 725801   66.00000  126  348  102.00000   48.00000  52.9%  66.7 1630s
 1363681 730542   79.00000  132  334  102.00000   48.00000  52.9%  66.7 1640s
 1370332 732547   79.00000  111  299  102.00000   48.00000  52.9%  66.8 1645s
 1374950 735561   90.00000  104  390  102.00000   48.00000  52.9%  66.8 1652s
 1379560 737831  100.00000  124  152  102.00000   48.00000  52.9%  66.7 1655s
 1383950 740290   85.00000  124  346  102.00000   48.00000  52.9%  66.7 1660s
 1388596 741718   66.00000  107  319  102.00000   48.00000  52.9%  66.7 1665s
 1392503 742840 infeasible  116       102.00000   48.00000  52.9%  66.7 1670s
 1395975 745787   68.00000   93  390  102.00000   48.00000  52.9%  66.7 1675s
 1399275 747281   52.00000  113  364  102.00000   48.00000  52.9%  66.7 1680s
 1404901 749262 infeasible  168       102.00000   48.00000  52.9%  66.7 1687s
 1405418 753727   60.00000   93  276  102.00000   48.00000  52.9%  66.7 1693s
 1414860 754024   68.00000  111  276  102.00000   48.00000  52.9%  66.7 1696s
 1416099 754736 infeasible  114       102.00000   48.00000  52.9%  66.7 1701s
 1418450 757493   95.00000  144  295  102.00000   48.00000  52.9%  66.8 1706s
 1422343 759073   71.00000  119  327  102.00000   48.00000  52.9%  66.8 1711s
 1425669 761279  100.00000  125  223  102.00000   48.00000  52.9%  66.9 1716s
 1429637 761685   76.00000   98  341  102.00000   48.00000  52.9%  66.9 1720s
 1433722 763880   61.00000  119  324  102.00000   48.00000  52.9%  66.9 1725s
 1437094 765696 infeasible  113       102.00000   48.00000  52.9%  66.9 1730s
 1441222 769271   66.00000  108  356  102.00000   48.00000  52.9%  66.9 1736s
 1444705 771041   48.00000   99  358  102.00000   48.00000  52.9%  67.0 1740s
 1448024 772774   56.00000  104  386  102.00000   48.00000  52.9%  67.0 1749s
 1451311 773104 infeasible  130       102.00000   48.00000  52.9%  67.1 1752s
 1452101 776381   48.00000  120  376  102.00000   48.00000  52.9%  67.1 1755s
 1458595 776859 infeasible  101       102.00000   48.00000  52.9%  67.1 1760s
 1462445 778723 infeasible   87       102.00000   48.00000  52.9%  67.2 1766s
 1463580 780954 infeasible  119       102.00000   48.00000  52.9%  67.2 1771s
 1467758 781289 infeasible   88       102.00000   48.00000  52.9%  67.2 1775s
 1468755 786824   75.00000   94  357  102.00000   48.00000  52.9%  67.3 1782s
 1479719 787007   61.00000  114  332  102.00000   48.00000  52.9%  67.2 1785s
 1481120 787746 infeasible  133       102.00000   48.00000  52.9%  67.3 1791s
 1482392 788486   93.00000  131  333  102.00000   48.00000  52.9%  67.3 1795s
 1486287 790295 infeasible  127       102.00000   48.00000  52.9%  67.4 1800s
 1488794 792996   92.00000  145  226  102.00000   48.00000  52.9%  67.5 1806s
 1492825 793443 infeasible  127       102.00000   48.00000  52.9%  67.4 1810s
 1496342 795088 infeasible   93       102.00000   48.00000  52.9%  67.5 1815s
 1499672 796711   71.00000  125  311  102.00000   48.00000  52.9%  67.5 1821s
 1503644 798538 infeasible  138       102.00000   48.00000  52.9%  67.6 1825s
 1507299 800413 infeasible  156       102.00000   48.00000  52.9%  67.6 1830s
 1508471 802254   89.00000   92  339  102.00000   48.00000  52.9%  67.7 1835s
 1511763 803253   63.00000  118  299  102.00000   48.00000  52.9%  67.7 1844s
 1513606 807768   93.00000   99  266  102.00000   48.00000  52.9%  67.8 1850s
 1523319 808384  101.00000  105  153  102.00000   48.00000  52.9%  67.8 1855s
 1524741 809012 infeasible   92       102.00000   48.00000  52.9%  67.9 1861s
 1528835 810844 infeasible  146       102.00000   48.00000  52.9%  68.0 1865s
 1529642 811193   66.00000  124  400  102.00000   48.00000  52.9%  68.0 1870s
 1533903 813668 infeasible  142       102.00000   48.00000  52.9%  68.1 1882s
 1535606 819366   79.00000   90  335  102.00000   48.00000  52.9%  68.3 1888s
 1547503 819470   99.00000   85  317  102.00000   48.00000  52.9%  68.1 1890s
 1548549 819890   90.00000   96  309  102.00000   48.00000  52.9%  68.2 1895s
 1549786 820516 infeasible  134       102.00000   48.00000  52.9%  68.3 1900s
 1551332 821134 infeasible   95       102.00000   48.00000  52.9%  68.4 1907s
 1555098 822767   48.00000   81  352  102.00000   48.00000  52.9%  68.4 1911s
 1555552 823433 infeasible   89       102.00000   48.00000  52.9%  68.5 1918s
 1557248 828350   71.00000   81  263  102.00000   48.00000  52.9%  68.6 1925s
 1568019 828775 infeasible  106       102.00000   48.00000  52.9%  68.6 1931s
 1568915 829056 infeasible  105       102.00000   48.00000  52.9%  68.7 1935s
 1570310 829789   51.00000   82  356  102.00000   48.00000  52.9%  68.8 1942s
 1574746 832006 infeasible   98       102.00000   48.00000  52.9%  68.8 1946s
 1575783 832461 infeasible  108       102.00000   48.00000  52.9%  68.9 1951s
 1576252 837748   70.00000  115  305  102.00000   48.00000  52.9%  68.9 1957s
 1587670 838011   87.00000  125  241  102.00000   48.00000  52.9%  68.8 1960s
 1589190 838718   68.00000  100  264  102.00000   48.00000  52.9%  68.9 1966s
 1590306 839179 infeasible   79       102.00000   48.00000  52.9%  69.0 1971s
 1591167 840867   56.00000  138  308  102.00000   48.00000  52.9%  69.1 1975s
 1595029 841554   86.00000  120  247  102.00000   48.00000  52.9%  69.1 1981s
 1598879 843417 infeasible  173       102.00000   48.00000  52.9%  69.1 1985s
 1599401 844035 infeasible  120       102.00000   48.00000  52.9%  69.2 1991s
 1600839 849589  101.00000  126  102  102.00000   48.00000  52.9%  69.3 1997s
 1611971 849916   97.00000  144  172  102.00000   48.00000  52.9%  69.2 2001s
 1613230 850395   48.00000   96  384  102.00000   48.00000  52.9%  69.3 2006s
 1614032 850837   83.00000  112  373  102.00000   48.00000  52.9%  69.3 2010s
 1618459 852987 infeasible  123       102.00000   48.00000  52.9%  69.3 2015s
 1622572 855267 infeasible  101       102.00000   48.00000  52.9%  69.4 2025s
 1624093 860844   61.00000  126  390  102.00000   48.00000  52.9%  69.5 2032s
 1635507 860999 infeasible   93       102.00000   48.00000  52.9%  69.4 2035s
 1636503 861381   54.00000  133  356  102.00000   48.00000  52.9%  69.5 2041s
 1637315 861622   92.00000  112  244  102.00000   48.00000  52.9%  69.5 2045s
 1641563 863760 infeasible  172       102.00000   48.00000  52.9%  69.5 2051s
 1642517 865758   56.00000  103  279  102.00000   48.00000  52.9%  69.6 2055s
 1646546 866575   62.00000  110  313  102.00000   48.00000  52.9%  69.7 2061s
 1648062 868668   95.00000  133  293  102.00000   48.00000  52.9%  69.7 2065s
 1652117 870441   74.00000  106  256  102.00000   48.00000  52.9%  69.7 2070s
 1658860 872629 infeasible  127       102.00000   48.00000  52.9%  69.7 2076s
 1662392 874594 infeasible  107       102.00000   48.00000  52.9%  69.7 2081s
 1663265 876788   88.00000  123  288  102.00000   48.00000  52.9%  69.7 2085s
 1667582 878805   50.00000  125  399  102.00000   48.00000  52.9%  69.8 2090s
 1671334 880690   48.00000  117  360  102.00000   48.00000  52.9%  69.8 2095s
 1676948 882385 infeasible  117       102.00000   48.00000  52.9%  69.7 2101s
 1678196 884391   82.00000  111  271  102.00000   48.00000  52.9%  69.8 2105s
 1681610 886233   55.00000  124  311  102.00000   48.00000  52.9%  69.8 2110s
 1684986 887675   48.00000  131  378  102.00000   48.00000  52.9%  69.8 2119s
 1687217 891758   67.00000  136  302  102.00000   48.00000  52.9%  69.9 2123s
 1694790 892023 infeasible  102       102.00000   48.00000  52.9%  69.8 2125s
 1696379 894420   48.00000   67  290  102.00000   48.00000  52.9%  69.8 2130s
 1702410 896419 infeasible  131       102.00000   48.00000  52.9%  69.8 2135s
 1706221 898460   59.00000  123  334  102.00000   48.00000  52.9%  69.8 2141s
 1706749 899588   61.00000  117  312  102.00000   48.00000  52.9%  69.8 2148s
 1708936 904104   48.00000   77  355  102.00000   48.00000  52.9%  69.9 2153s
 1717331 904678   92.00000  139  218  102.00000   48.00000  52.9%  69.8 2156s
 1718427 906764  101.00000  127  125  102.00000   48.00000  52.9%  69.9 2160s
 1722507 908881   56.00000   93  301  102.00000   48.00000  52.9%  69.9 2165s
 1726325 910833   74.00000   94  399  102.00000   48.00000  52.9%  69.9 2170s
 1729666 911958   71.00000  107  319  102.00000   48.00000  52.9%  69.9 2178s
 1731310 916865   65.00000   84  313  102.00000   48.00000  52.9%  70.0 2183s
 1740097 916994 infeasible  130       102.00000   48.00000  52.9%  69.9 2185s
 1741420 917860   77.00000  125  215  102.00000   48.00000  52.9%  70.0 2191s
 1745195 919825   48.00000   92  319  102.00000   48.00000  52.9%  69.9 2196s
 1746184 921817   48.00000  129  402  102.00000   48.00000  52.9%  70.0 2200s
 1750280 927403   63.00000   87  312  102.00000   48.00000  52.9%  70.0 2209s
 1759383 927582   57.00000   86  357  102.00000   48.00000  52.9%  69.9 2211s
 1760476 928301 infeasible  125       102.00000   48.00000  52.9%  69.9 2216s
 1761654 930251  100.00000  134  156  102.00000   48.00000  52.9%  70.0 2221s
 1765328 932132   88.00000  102  311  102.00000   48.00000  52.9%  70.0 2226s
 1768353 932415   95.00000   93  323  102.00000   48.00000  52.9%  69.9 2230s
 1771621 936108   92.00000  151  292  102.00000   48.00000  52.9%  70.0 2241s
 1776331 939491   69.00000   93  323  102.00000   48.00000  52.9%  70.1 2248s
 1781914 939682 infeasible  121       102.00000   48.00000  52.9%  70.0 2250s
 1783517 942135   48.00000   78  342  102.00000   48.00000  52.9%  70.1 2257s
 1787485 942536   53.00000   86  285  102.00000   48.00000  52.9%  70.1 2261s
 1791273 944506 infeasible  126       102.00000   48.00000  52.9%  70.1 2265s
 1792276 946312   72.00000   92  328  102.00000   48.00000  52.9%  70.2 2273s
 1795153 946845   64.00000   95  320  102.00000   48.00000  52.9%  70.3 2277s
 1796178 950349   77.00000  106  288  102.00000   48.00000  52.9%  70.3 2281s
 1802991 950796   62.00000  139  290  102.00000   48.00000  52.9%  70.3 2286s
 1803920 952965   57.00000   92  305  102.00000   48.00000  52.9%  70.3 2291s
 1807716 953457 infeasible  112       102.00000   48.00000  52.9%  70.3 2295s
 1811900 955659 infeasible   95       102.00000   48.00000  52.9%  70.4 2302s
 1815535 957492 infeasible  125       102.00000   48.00000  52.9%  70.4 2305s
 1816475 959147   78.00000  110  315  102.00000   48.00000  52.9%  70.4 2310s
 1822610 961304 infeasible  111       102.00000   48.00000  52.9%  70.4 2316s
 1825935 963139 infeasible  129       102.00000   48.00000  52.9%  70.4 2320s
 1829410 964956 infeasible  136       102.00000   48.00000  52.9%  70.5 2325s
 1832786 966840 infeasible   91       102.00000   48.00000  52.9%  70.5 2330s
 1833293 967551 infeasible  117       102.00000   48.00000  52.9%  70.5 2337s
 1834930 973037   71.00000  117  277  102.00000   48.00000  52.9%  70.6 2343s
 1845041 973175 infeasible  155       102.00000   48.00000  52.9%  70.5 2345s
 1846219 973856 infeasible  122       102.00000   48.00000  52.9%  70.6 2351s
 1850587 976093 infeasible  130       102.00000   48.00000  52.9%  70.6 2356s
 1851436 977807   81.00000  115  357  102.00000   48.00000  52.9%  70.6 2360s
 1855126 978509 infeasible  130       102.00000   48.00000  52.9%  70.6 2368s
 1856591 984449   48.00000   87  324  102.00000   48.00000  52.9%  70.7 2374s
 1868107 984575 infeasible  125       102.00000   48.00000  52.9%  70.6 2376s
 1869244 985129   62.00000  110  368  102.00000   48.00000  52.9%  70.6 2381s
 1870483 987068   65.00000  107  324  102.00000   48.00000  52.9%  70.7 2386s
 1873908 987371   70.00000  118  360  102.00000   48.00000  52.9%  70.7 2390s
 1877776 989854 infeasible  109       102.00000   48.00000  52.9%  70.7 2400s
 1879369 994468 infeasible   94       102.00000   48.00000  52.9%  70.8 2405s
 1889237 995142   71.00000   94  347  102.00000   48.00000  52.9%  70.7 2410s
 1893555 997256 infeasible  123       102.00000   48.00000  52.9%  70.7 2416s
 1897359 999334 infeasible  128       102.00000   48.00000  52.9%  70.7 2421s
 1898285 1004749   79.00000  112  256  102.00000   48.00000  52.9%  70.8 2429s
 1908872 1004918 infeasible  128       102.00000   48.00000  52.9%  70.7 2431s
 1909814 1005276   93.00000  151  186  102.00000   48.00000  52.9%  70.7 2435s
 1910790 1005685 infeasible  120       102.00000   48.00000  52.9%  70.8 2440s
 1912079 1006221   55.00000  106  350  102.00000   48.00000  52.9%  70.9 2446s
 1915487 1007945   75.00000  107  353  102.00000   48.00000  52.9%  70.9 2450s
 1916824 1010066   84.00000  107  326  102.00000   48.00000  52.9%  70.9 2456s
 1920676 1010779   91.00000  103  315  102.00000   48.00000  52.9%  70.9 2465s
 1922378 1015696   53.00000  100  406  102.00000   48.00000  52.9%  71.0 2471s
 1933283 1016222   83.00000  114  331  102.00000   48.00000  52.9%  71.0 2476s
 1934238 1016656   76.00000   95  340  102.00000   48.00000  52.9%  71.0 2480s
 1938369 1018751   48.00000   91  339  102.00000   48.00000  52.9%  71.0 2485s
 1941785 1020511 infeasible  127       102.00000   48.00000  52.9%  71.0 2490s
 1942378 1021176   84.00000  104  319  102.00000   48.00000  52.9%  71.0 2495s
 1943911 1026343   93.00000  143  232  102.00000   48.00000  52.9%  71.1 2501s
 1954781 1027017 infeasible  103       102.00000   48.00000  52.9%  71.0 2506s
 1957741 1028495   63.00000  113  358  102.00000   48.00000  52.9%  71.0 2511s
 1959359 1029417   49.00000  133  259  102.00000   48.00000  52.9%  71.1 2515s
 1963940 1034226   74.00000  123  315  102.00000   48.00000  52.9%  71.1 2524s
 1969657 1034541 infeasible   91       102.00000   48.00000  52.9%  71.1 2526s
 1970799 1036832   80.00000  109  342  102.00000   48.00000  52.9%  71.1 2531s
 1974924 1037319 infeasible  111       102.00000   48.00000  52.9%  71.1 2535s
 1979418 1039406   48.00000   81  303  102.00000   48.00000  52.9%  71.1 2540s
 1983663 1041567 infeasible  125       102.00000   48.00000  52.9%  71.1 2546s
 1988397 1043864 infeasible  129       102.00000   48.00000  52.9%  71.1 2550s
 1991646 1045555   63.00000  110  335  102.00000   48.00000  52.9%  71.1 2555s
 1994907 1048414   77.00000   95  336  102.00000   48.00000  52.9%  71.1 2561s
 1998115 1050012   96.00000  151  148  102.00000   48.00000  52.9%  71.1 2565s
 2004028 1051801 infeasible  129       102.00000   48.00000  52.9%  71.0 2570s
 2008449 1054065 infeasible  112       102.00000   48.00000  52.9%  71.0 2575s
 2011929 1055892 infeasible  143       102.00000   48.00000  52.9%  71.0 2580s
 2016032 1058063   72.00000  100  315  102.00000   48.00000  52.9%  71.0 2586s
 2022239 1061420 infeasible  112       102.00000   48.00000  52.9%  71.0 2591s
 2025492 1063410   69.00000  129  332  102.00000   48.00000  52.9%  71.0 2596s
 2026192 1068309   72.00000   85  266  102.00000   48.00000  52.9%  71.0 2600s
 2036700 1069321   94.00000  106  258  102.00000   48.00000  52.9%  70.9 2605s
 2040409 1072430   89.00000  143  198  102.00000   48.00000  52.9%  70.9 2610s
 2046221 1074736   67.00000   87  402  102.00000   48.00000  52.9%  70.8 2617s
 2046943 1079524   59.00000   94  367  102.00000   48.00000  52.9%  70.8 2621s
 2057581 1080245   82.00000  143  248  102.00000   48.00000  52.9%  70.7 2626s
 2061209 1082003 infeasible  104       102.00000   48.00000  52.9%  70.7 2630s
 2064391 1084830   51.00000  125  400  102.00000   48.00000  52.9%  70.7 2636s
 2067601 1090265   91.00000  134  245  102.00000   48.00000  52.9%  70.7 2643s
 2079111 1090502   74.00000   93  376  102.00000   48.00000  52.9%  70.6 2645s
 2080529 1091392   88.00000   88  330  102.00000   48.00000  52.9%  70.6 2650s
 2084221 1093325 infeasible  117       102.00000   48.00000  52.9%  70.6 2656s
 2087690 1095528   95.00000  127  281  102.00000   48.00000  52.9%  70.6 2661s
 2095960 1099375 infeasible  170       102.00000   48.00000  52.9%  70.5 2666s
 2097515 1100515 infeasible   99       102.00000   48.00000  52.9%  70.6 2671s
 2101574 1102436 infeasible  101       102.00000   48.00000  52.9%  70.6 2675s
 2105461 1104616   60.00000  122  296  102.00000   48.00000  52.9%  70.6 2681s
 2108759 1106504   51.00000  100  234  102.00000   48.00000  52.9%  70.6 2685s
 2118033 1110953 infeasible  112       102.00000   48.00000  52.9%  70.5 2691s
 2119062 1111595 infeasible   94       102.00000   48.00000  52.9%  70.5 2695s
 2123075 1113731 infeasible  101       102.00000   48.00000  52.9%  70.5 2700s
 2126872 1115636 infeasible  101       102.00000   48.00000  52.9%  70.5 2705s
 2129911 1117311   57.00000  110  325  102.00000   48.00000  52.9%  70.5 2710s
 2130553 1121781   65.00000  121  360  102.00000   48.00000  52.9%  70.5 2715s
 2140997 1122264 infeasible   91       102.00000   48.00000  52.9%  70.4 2720s
 2142699 1123258   98.00000  135  211  102.00000   48.00000  52.9%  70.5 2726s
 2145845 1124714 infeasible  119       102.00000   48.00000  52.9%  70.5 2730s
 2149901 1126548 infeasible  100       102.00000   48.00000  52.9%  70.5 2735s
 2150902 1131697   77.00000  107  333  102.00000   48.00000  52.9%  70.5 2743s
 2160608 1131846 infeasible  120       102.00000   48.00000  52.9%  70.4 2745s
 2162190 1132773   48.00000  119  316  102.00000   48.00000  52.9%  70.4 2750s
 2163544 1134609   55.00000   91  292  102.00000   48.00000  52.9%  70.5 2755s
 2167186 1135229   93.00000  110  252  102.00000   48.00000  52.9%  70.5 2760s
 2171572 1140294   98.00000  110  252  102.00000   48.00000  52.9%  70.5 2769s
 2177468 1140443 infeasible  104       102.00000   48.00000  52.9%  70.5 2771s
 2178487 1141173   71.00000  111  256  102.00000   48.00000  52.9%  70.5 2775s
 2183298 1143695   77.00000  114  300  102.00000   48.00000  52.9%  70.5 2781s
 2187515 1145793   69.00000  109  304  102.00000   48.00000  52.9%  70.5 2786s
 2191440 1147816   85.00000  118  267  102.00000   48.00000  52.9%  70.5 2791s
 2192126 1152537   67.00000  120  283  102.00000   48.00000  52.9%  70.5 2796s
 2202360 1153364   84.00000  101  340  102.00000   48.00000  52.9%  70.4 2801s
 2205553 1154918   68.00000  113  209  102.00000   48.00000  52.9%  70.4 2805s
 2209644 1157090   48.00000   80  449  102.00000   48.00000  52.9%  70.4 2810s
 2213163 1163448   69.00000  110  386  102.00000   48.00000  52.9%  70.4 2819s
 2222639 1163611 infeasible  123       102.00000   48.00000  52.9%  70.3 2820s
 2224261 1164544   66.00000   93  386  102.00000   48.00000  52.9%  70.4 2825s
 2228375 1166431   89.00000   94  298  102.00000   48.00000  52.9%  70.4 2831s
 2231949 1168356   80.00000   95  252  102.00000   48.00000  52.9%  70.4 2835s
 2236138 1174274   90.00000  127  275  102.00000   48.00000  52.9%  70.3 2843s
 2244388 1174624   55.00000   95  391  102.00000   48.00000  52.9%  70.3 2845s
 2246245 1176901   56.00000   78  289  102.00000   48.00000  52.9%  70.3 2850s
 2252597 1178864 infeasible  110       102.00000   48.00000  52.9%  70.3 2855s
 2256377 1181039 infeasible  174       102.00000   48.00000  52.9%  70.3 2861s
 2257069 1185681   76.00000  122  281  102.00000   48.00000  52.9%  70.3 2865s
 2267515 1186342   58.00000  109  144  102.00000   48.00000  52.9%  70.2 2870s
 2269118 1187655   62.18182  110  379  102.00000   48.00000  52.9%  70.3 2875s
 2273798 1189414 infeasible  158       102.00000   48.00000  52.9%  70.2 2880s
 2277367 1191408 infeasible  136       102.00000   48.00000  52.9%  70.2 2885s
 2283167 1194057   59.00000  115  246  102.00000   48.00000  52.9%  70.2 2891s
 2284262 1196082   94.00000   93  362  102.00000   48.00000  52.9%  70.3 2895s
 2288694 1198757   54.00000   95  342  102.00000   48.00000  52.9%  70.3 2901s
 2293427 1200802   76.00000  143  359  102.00000   48.00000  52.9%  70.2 2906s
 2297519 1202616   82.00000  115  274  102.00000   48.00000  52.9%  70.2 2910s
 2301062 1203710  100.00000   85  265  102.00000   48.00000  52.9%  70.2 2919s
 2303020 1208845   61.00000  112  284  102.00000   48.00000  52.9%  70.3 2924s
 2312933 1208995 infeasible   98       102.00000   48.00000  52.9%  70.1 2925s
 2314256 1211040   57.00000   93  359  102.00000   48.00000  52.9%  70.2 2930s
 2320491 1212728   86.00000  117  272  102.00000   48.00000  52.9%  70.2 2936s
 2325123 1214863   95.00000  102  346  102.00000   48.00000  52.9%  70.1 2940s
 2328466 1216560   67.00000   88  266  102.00000   48.00000  52.9%  70.1 2945s
 2332033 1219430   57.00000   89  389  102.00000   48.00000  52.9%  70.1 2950s
 2336087 1221284   87.00000  105  257  102.00000   48.00000  52.9%  70.1 2955s
 2341926 1223072 infeasible  105       102.00000   48.00000  52.9%  70.1 2962s
 2342511 1224202   59.00000  119  256  102.00000   48.00000  52.9%  70.1 2967s
 2345172 1227329   72.00000  136  260  102.00000   48.00000  52.9%  70.2 2971s
 2352509 1227995   97.00000  112  212  102.00000   48.00000  52.9%  70.2 2976s
 2356683 1230034 infeasible  129       102.00000   48.00000  52.9%  70.2 2981s
 2357850 1232209   99.00000  140  215  102.00000   48.00000  52.9%  70.2 2985s
 2362663 1234474   67.00000  122  320  102.00000   48.00000  52.9%  70.2 2990s
 2367312 1235702   68.00000   84  330  102.00000   48.00000  52.9%  70.2 2995s
 2372247 1237416   73.00000   94  355  102.00000   48.00000  52.9%  70.2 3000s
 2375982 1239305   48.00000  106  465  102.00000   48.00000  52.9%  70.2 3006s
 2379489 1240990   66.00000  119  232  102.00000   48.00000  52.9%  70.2 3010s
 2385401 1244228 infeasible  129       102.00000   48.00000  52.9%  70.1 3017s
 2386035 1246673   80.00000  119  248  102.00000   48.00000  52.9%  70.2 3021s
 2391704 1247127  101.00000  132  189  102.00000   48.00000  52.9%  70.2 3025s
 2392743 1249457   72.00000  103  399  102.00000   48.00000  52.9%  70.2 3030s
 2397739 1251725   57.00000  112  407  102.00000   48.00000  52.9%  70.2 3035s
 2401806 1253894   72.00000  154  320  102.00000   48.00000  52.9%  70.3 3041s
 2405205 1254298   59.00000  107  333  102.00000   48.00000  52.9%  70.3 3045s
 2409213 1256482 infeasible  105       102.00000   48.00000  52.9%  70.3 3050s
 2412642 1258291   64.00000  112  347  102.00000   48.00000  52.9%  70.3 3055s
 2415938 1259937 infeasible  103       102.00000   48.00000  52.9%  70.3 3060s
 2418650 1261318   50.00000   99  337  102.00000   48.00000  52.9%  70.4 3065s
 2422381 1263312 infeasible  110       102.00000   48.00000  52.9%  70.4 3071s
 2426774 1265700 infeasible  124       102.00000   48.00000  52.9%  70.4 3077s
 2427361 1266508   69.00000  150  270  102.00000   48.00000  52.9%  70.4 3083s
 2428930 1270846   61.00000  110  372  102.00000   48.00000  52.9%  70.5 3087s
 2437852 1271116 infeasible  144       102.00000   48.00000  52.9%  70.4 3091s
 2439325 1271945   67.00000  101  408  102.00000   48.00000  52.9%  70.5 3096s
 2442544 1273486   63.00000  113  304  102.00000   48.00000  52.9%  70.5 3100s
 2446771 1275625 infeasible  113       102.00000   48.00000  52.9%  70.5 3106s
 2447690 1276640   65.00000  108  270  102.00000   48.00000  52.9%  70.5 3115s
 2449370 1281516   76.00000   92  258  102.00000   48.00000  52.9%  70.6 3121s
 2460136 1282128 infeasible  108       102.00000   48.00000  52.9%  70.6 3126s
 2460967 1282600   73.00000  110  379  102.00000   48.00000  52.9%  70.6 3130s
 2465008 1284579 infeasible  109       102.00000   48.00000  52.9%  70.7 3136s
 2466002 1286515   71.00000  105  363  102.00000   48.00000  52.9%  70.7 3140s
 2469875 1287703   86.00000  149  130  102.00000   48.00000  52.9%  70.7 3149s
 2471565 1292005   79.00000  118  315  102.00000   48.00000  52.9%  70.8 3154s
 2479919 1292120 infeasible  112       102.00000   48.00000  52.9%  70.7 3156s
 2481434 1292971   94.00000  117  306  102.00000   48.00000  52.9%  70.8 3161s
 2482896 1293885   48.00000  119  318  102.00000   48.00000  52.9%  70.8 3165s
 2487621 1295917   67.00000  111  273  102.00000   48.00000  52.9%  70.8 3171s
 2488662 1298232   48.00000   69  335  102.00000   48.00000  52.9%  70.9 3176s
 2492860 1299416 infeasible  118       102.00000   48.00000  52.9%  70.9 3183s
 2494492 1303498   57.00000  116  255  102.00000   48.00000  52.9%  70.9 3187s
 2502755 1303884 infeasible  131       102.00000   48.00000  52.9%  70.9 3191s
 2504244 1306083  100.00000  159   72  102.00000   48.00000  52.9%  70.9 3196s
 2507898 1306737   72.00000  124  317  102.00000   48.00000  52.9%  70.9 3200s
 2511956 1308633   52.00000  114  295  102.00000   48.00000  52.9%  70.9 3205s
 2516067 1311545  101.00000  143  135  102.00000   48.00000  52.9%  70.9 3214s
 2518434 1314978   67.00000  119  262  102.00000   48.00000  52.9%  71.0 3218s
 2525292 1315570   97.00000  116  161  102.00000   48.00000  52.9%  70.9 3221s
 2526545 1316115   63.00000  116  366  102.00000   48.00000  52.9%  71.0 3225s
 2529738 1318185   60.00000  121  360  102.00000   48.00000  52.9%  71.0 3230s
 2534952 1320373 infeasible  129       102.00000   48.00000  52.9%  71.0 3236s
 2536022 1322355   80.00000   94  332  102.00000   48.00000  52.9%  71.0 3240s
 2540331 1323426   52.00000   86  302  102.00000   48.00000  52.9%  71.0 3245s
 2544934 1325423 infeasible  116       102.00000   48.00000  52.9%  71.0 3250s
 2548766 1327474 infeasible  121       102.00000   48.00000  52.9%  71.0 3256s
 2552762 1329569   73.00000   96  345  102.00000   48.00000  52.9%  71.0 3261s
 2556325 1331537   74.00000  101  334  102.00000   48.00000  52.9%  71.0 3266s
 2560648 1333575   98.00000  135  227  102.00000   48.00000  52.9%  71.0 3270s
 2564026 1335280   68.00000   79  452  102.00000   48.00000  52.9%  71.0 3275s
 2567446 1337173   86.00000  111  294  102.00000   48.00000  52.9%  71.0 3280s
 2570731 1339516   48.00000   94  344  102.00000   48.00000  52.9%  71.1 3286s
 2575484 1341750   48.00000   78  369  102.00000   48.00000  52.9%  71.1 3290s
 2579363 1343866 infeasible  168       102.00000   48.00000  52.9%  71.1 3296s
 2579910 1345025 infeasible  103       102.00000   48.00000  52.9%  71.1 3302s
 2582239 1349318   68.00000  125  350  102.00000   48.00000  52.9%  71.1 3307s
 2590272 1349721   55.00000   94  326  102.00000   48.00000  52.9%  71.1 3310s
 2591790 1350683  100.00000  109  274  102.00000   48.00000  52.9%  71.1 3316s
 2596148 1352855 infeasible  144       102.00000   48.00000  52.9%  71.1 3320s
 2600096 1354904   76.00000  102  373  102.00000   48.00000  52.9%  71.1 3325s
 2600607 1356034 infeasible  101       102.00000   48.00000  52.9%  71.1 3333s
 2602625 1361078  101.00000  123  285  102.00000   48.00000  52.9%  71.2 3337s
 2612022 1361470   68.00000  116  317  102.00000   48.00000  52.9%  71.1 3341s
 2616047 1363532   57.00000  111  268  102.00000   48.00000  52.9%  71.1 3346s
 2619803 1365478   48.00000   87  359  102.00000   48.00000  52.9%  71.2 3350s
 2623223 1367288   80.00000  110  264  102.00000   48.00000  52.9%  71.2 3356s
 2627478 1369437   60.00000  117  337  102.00000   48.00000  52.9%  71.2 3360s
 2628736 1371454   75.00000  104  328  102.00000   48.00000  52.9%  71.2 3365s
 2632337 1373351  100.00000  120  113  102.00000   48.00000  52.9%  71.2 3370s
 2636140 1374092   66.00000  102  347  102.00000   48.00000  52.9%  71.2 3375s
 2638583 1376514   98.00000  147  153  102.00000   48.00000  52.9%  71.3 3381s
 2642373 1377398   61.00000   90  337  102.00000   48.00000  52.9%  71.3 3389s
 2644203 1382071   50.00000   98  453  102.00000   48.00000  52.9%  71.3 3395s
 2654405 1382470   67.00000  107  386  102.00000   48.00000  52.9%  71.3 3400s
 2655823 1384655   89.00000  134  339  102.00000   48.00000  52.9%  71.4 3405s
 2659723 1386831   84.00000  128  285  102.00000   48.00000  52.9%  71.4 3411s
 2663497 1387832 infeasible  110       102.00000   48.00000  52.9%  71.4 3419s
 2664992 1392579   50.00000  108  296  102.00000   48.00000  52.9%  71.4 3424s
 2674080 1392619 infeasible  176       102.00000   48.00000  52.9%  71.3 3425s
 2675194 1393327   66.00000  101  234  102.00000   48.00000  52.9%  71.4 3431s
 2679430 1395370   87.00000  110  245  102.00000   48.00000  52.9%  71.4 3436s
 2683110 1397233 infeasible  118       102.00000   48.00000  52.9%  71.4 3441s
 2684290 1401653   87.00000  103  327  102.00000   48.00000  52.9%  71.4 3447s
 2692339 1401931   53.00000   94  376  102.00000   48.00000  52.9%  71.4 3450s
 2694115 1402917   62.00000  102  273  102.00000   48.00000  52.9%  71.4 3456s
 2697761 1404821   51.00000   99  321  102.00000   48.00000  52.9%  71.4 3460s
 2701495 1406718   61.00000  124  265  102.00000   48.00000  52.9%  71.4 3465s
 2705258 1409962   69.00000   97  277  102.00000   48.00000  52.9%  71.4 3474s
 2708354 1410364   78.00000  103  286  102.00000   48.00000  52.9%  71.5 3477s
 2709130 1413365   61.00000  112  373  102.00000   48.00000  52.9%  71.5 3480s
 2716236 1414135   96.00000  137  101  102.00000   48.00000  52.9%  71.5 3486s
 2720077 1416201 infeasible  122       102.00000   48.00000  52.9%  71.5 3490s
 2724350 1418431   73.00000  114  302  102.00000   48.00000  52.9%  71.5 3496s
 2725216 1418947 infeasible  120       102.00000   48.00000  52.9%  71.6 3500s
 2725870 1423611   54.00000  101  349  102.00000   48.00000  52.9%  71.6 3505s
 2735714 1424306 infeasible  117       102.00000   48.00000  52.9%  71.5 3510s
 2736958 1425033   73.00000  104  279  102.00000   48.00000  52.9%  71.6 3515s
 2740570 1426804 infeasible  101       102.00000   48.00000  52.9%  71.6 3520s
 2744170 1430132   97.00000  133  210  102.00000   48.00000  52.9%  71.6 3526s
 2747361 1433665   65.00000  104  317  102.00000   48.00000  52.9%  71.6 3534s
 2753438 1433929   60.00000  111  292  102.00000   48.00000  52.9%  71.6 3536s
 2754422 1434438   79.00000  114  281  102.00000   48.00000  52.9%  71.6 3540s
 2759201 1436823 infeasible  117       102.00000   48.00000  52.9%  71.7 3546s
 2760334 1438952   58.00000  147  347  102.00000   48.00000  52.9%  71.7 3550s
 2764841 1441494   92.00000  112  307  102.00000   48.00000  52.9%  71.7 3556s
 2768905 1442526   58.00000  118  306  102.00000   48.00000  52.9%  71.7 3564s
 2770436 1447216   74.00000  106  326  102.00000   48.00000  52.9%  71.7 3569s
 2779543 1447478   59.00000  118  283  102.00000   48.00000  52.9%  71.7 3571s
 2780938 1448348     cutoff  167       102.00000   48.00000  52.9%  71.7 3576s
 2784702 1450262   59.00000  122  271  102.00000   48.00000  52.9%  71.7 3580s
 2788520 1452134 infeasible  100       102.00000   48.00000  52.9%  71.7 3585s
 2789442 1453372 infeasible  115       102.00000   48.00000  52.9%  71.8 3593s
 2791353 1458270   80.00000  119  255  102.00000   48.00000  52.9%  71.8 3598s
 2800014 1458311   58.00000  135  287  102.00000   48.00000  52.9%  71.7 3600s

Explored 2800285 nodes (200926584 simplex iterations) in 3600.02 seconds (2270.92 work units)
Thread count was 32 (of 32 available processors)

Solution count 10: 102 103 104 ... 111

Time limit reached
Best objective 1.020000000000e+02, best bound 4.800000000000e+01, gap 52.9412%
