
Gurobi 13.0.0 (linux64) logging started Wed Nov 26 10:01:58 2025

Set parameter LogFile to value "./Results/StripPacking-CutHeur/Logs/RU-111-StripPacking-50-0.log"
Set parameter TimeLimit to value 3600
Set parameter Cuts to value 1
Set parameter Presolve to value 1
Set parameter Heuristics to value 1
Set parameter LogToConsole to value 0
Set parameter LPWarmStart to value 2
Gurobi Optimizer version 13.0.0 build v13.0.0rc1 (linux64 - "Debian GNU/Linux 12 (bookworm)")

CPU model: Intel(R) Xeon(R) CPU E5-2630 v3 @ 2.40GHz, instruction set [SSE2|AVX|AVX2]
Thread count: 16 physical cores, 32 logical processors, using up to 32 threads

Non-default parameters:
TimeLimit  3600
LPWarmStart  2
Heuristics  1
Cuts  1
LogToConsole  0
Presolve  1

Optimize a model with 18425 rows, 5001 columns and 49100 nonzeros (Min)
Model fingerprint: 0xc0367ab3
Model has 1 linear objective coefficients
Variable types: 101 continuous, 4900 integer (4900 binary)
Coefficient statistics:
  Matrix range     [1e+00, 1e+04]
  Objective range  [1e+00, 1e+00]
  Bounds range     [1e+00, 1e+04]
  RHS range        [1e+00, 1e+04]

Warning: Completing partial solution with 4900 unfixed non-continuous variables out of 4900
User MIP start produced solution with objective 191.6 (0.02s)
Loaded user MIP start with objective 191.6

Presolve removed 2450 rows and 0 columns
Presolve time: 0.09s
Presolved: 15975 rows, 5001 columns, 44200 nonzeros
Variable types: 101 continuous, 4900 integer (4900 binary)

Root relaxation: objective 3.500000e+01, 3395 iterations, 0.31 seconds (0.23 work units)

    Nodes    |    Current Node    |     Objective Bounds      |     Work
 Expl Unexpl |  Obj  Depth IntInf | Incumbent    BestBd   Gap | It/Node Time

     0     0   35.00000    0  771  191.60000   35.00000  81.7%     -    0s
H    0     0                     191.0000000   35.00000  81.7%     -    1s
H    0     0                     183.0000000   35.00000  80.9%     -    1s
     0     0   35.00000    0  978  183.00000   35.00000  80.9%     -    2s
     0     0   35.65417    0  962  183.00000   35.65417  80.5%     -    3s
     0     0   38.08361    0  969  183.00000   38.08361  79.2%     -    5s
     0     0   38.08361    0  801  183.00000   38.08361  79.2%     -    5s
     0     0   39.40423    0  913  183.00000   39.40423  78.5%     -    6s
     0     0   39.40423    0  893  183.00000   39.40423  78.5%     -    7s
     0     0   40.00000    0 1131  183.00000   40.00000  78.1%     -    8s
     0     0   40.00000    0 1065  183.00000   40.00000  78.1%     -    9s
     0     0   40.00000    0 1154  183.00000   40.00000  78.1%     -   10s
     0     0   40.00000    0 1108  183.00000   40.00000  78.1%     -   11s
     0     0   40.00000    0 1197  183.00000   40.00000  78.1%     -   12s
     0     0   40.00000    0  746  183.00000   40.00000  78.1%     -   14s
H    0     0                     180.0000000   40.00000  77.8%     -   15s
H    0     0                     179.0000000   40.00000  77.7%     -   15s
     0     0   40.00000    0  879  179.00000   40.00000  77.7%     -   16s
     0     0   40.00000    0 1099  179.00000   40.00000  77.7%     -   16s
     0     0   40.00000    0  667  179.00000   40.00000  77.7%     -   17s
     0     0   40.00000    0  794  179.00000   40.00000  77.7%     -   17s
     0     0   40.00000    0 1178  179.00000   40.00000  77.7%     -   18s
     0     0   40.00000    0  630  179.00000   40.00000  77.7%     -   19s
     0     0   40.00000    0  744  179.00000   40.00000  77.7%     -   20s
     0     0   40.00000    0 1007  179.00000   40.00000  77.7%     -   21s
     0     0   40.00000    0  718  179.00000   40.00000  77.7%     -   22s
     0     0   40.00000    0  713  179.00000   40.00000  77.7%     -   22s
     0     0   40.00000    0  629  179.00000   40.00000  77.7%     -   22s
     0     2   40.00000    0  628  179.00000   40.00000  77.7%     -   24s
     3     8   40.00000    2  758  179.00000   40.00000  77.7%   670   25s
    31    48   40.00000    5 1216  179.00000   40.00000  77.7%  1281   32s
    70    87   40.00000    7 1268  179.00000   40.00000  77.7%   926   37s
   102   119   40.00000    8 1186  179.00000   40.00000  77.7%   792   42s
   118   135   40.00000    9 1169  179.00000   40.00000  77.7%   753   46s
H  150   167                     179.0000000   40.00000  77.7%   682   51s
H  163   167                     179.0000000   40.00000  77.7%   667   51s
   193   222   40.47895   14 1323  179.00000   40.00000  77.7%   636   55s
H  233   258                     173.0000000   40.00000  76.9%   586   57s
H  348   364                     171.0000000   40.00000  76.6%   502   59s
   367   382   55.00000   27 1267  171.00000   40.00000  76.6%   496   61s
   419   442   55.00000   28 1266  171.00000   40.00000  76.6%   464   67s
   464   477   55.00000   30 1249  171.00000   40.00000  76.6%   449   71s
   502   514   56.00000   32 1140  171.00000   40.00000  76.6%   429   76s
   538   554   59.47080   33 1060  171.00000   40.00000  76.6%   418   80s
   599   606   57.00000   35 1016  171.00000   40.00000  76.6%   412   86s
   631   638   57.00000   37 1001  171.00000   40.00000  76.6%   401   93s
   647   654   57.00000   38 1000  171.00000   40.00000  76.6%   398   96s
   663   670   57.00000   38 1002  171.00000   40.00000  76.6%   394  103s
   679   686   57.00000   39 1004  171.00000   40.00000  76.6%   389  108s
   695   702   57.00000   39 1005  171.00000   40.00000  76.6%   388  114s
   711   718   57.00000   40  995  171.00000   40.00000  76.6%   384  119s
   727   734   57.00000   41  990  171.00000   40.00000  76.6%   380  124s
   743   750   57.00000   42  984  171.00000   40.00000  76.6%   377  130s
   759   765   57.00000   43  996  171.00000   40.00000  76.6%   378  136s
   776   781   57.00000   44  994  171.00000   40.00000  76.6%   372  140s
   792   797   57.00000   45  992  171.00000   40.00000  76.6%   368  146s
   808   813   57.00000   46  990  171.00000   40.00000  76.6%   366  152s
   824   829   57.00000   47  977  171.00000   40.00000  76.6%   365  157s
H  839   829                     171.0000000   40.00000  76.6%   362  157s
   840   845   57.00000   48  973  171.00000   40.00000  76.6%   362  162s
   856   861   57.00000   49  981  171.00000   40.00000  76.6%   359  167s
   872   876   57.00000   49  971  171.00000   40.00000  76.6%   357  172s
   889   892   57.00000   50  969  171.00000   40.00000  76.6%   357  179s
   905   908   57.00000   51  967  171.00000   40.00000  76.6%   354  186s
   921   924   57.00000   52  965  171.00000   40.00000  76.6%   350  192s
H  927   924                     170.0000000   40.00000  76.5%   348  192s
   937   998   57.00000   53  993  170.00000   40.00000  76.5%   349  196s
  1015  1014   57.00000   53 1005  170.00000   40.00000  76.5%   341  201s
  1031  1032   57.00000   54  991  170.00000   40.00000  76.5%   340  205s
  1055  1048   57.00000   55  985  170.00000   40.00000  76.5%   338  211s
  1071  1064   57.00000   56  985  170.00000   40.00000  76.5%   338  216s
  1087  1080   57.00000   57  985  170.00000   40.00000  76.5%   337  221s
  1103  1096   57.00000   58  983  170.00000   40.00000  76.5%   336  225s
  1119  1111   57.00000   59  990  170.00000   40.00000  76.5%   334  231s
  1136  1126   57.00000   60 1009  170.00000   40.00000  76.5%   333  237s
  1153  1142   57.00000   60  988  170.00000   40.00000  76.5%   331  242s
  1169  1157   57.00000   61  998  170.00000   40.00000  76.5%   328  249s
  1186  1173   57.00000   62  998  170.00000   40.00000  76.5%   330  255s
  1202  1188   57.00000   63  985  170.00000   40.00000  76.5%   330  261s
  1219  1201   57.00000   63 1000  170.00000   40.00000  76.5%   329  268s
H 1232  1201                     170.0000000   40.00000  76.5%   328  268s
  1238  1217   57.00000   64 1032  170.00000   40.00000  76.5%   328  275s
  1254  1233   57.00000   64 1091  170.00000   40.00000  76.5%   327  281s
  1270  1249   57.00000   65 1052  170.00000   40.00000  76.5%   326  287s
  1286  1265   57.00000   66 1033  170.00000   40.00000  76.5%   324  294s
  1302  1281   57.00000   67 1113  170.00000   40.00000  76.5%   321  301s
  1318  1312   57.00000   68 1109  170.00000   40.00000  76.5%   319  308s
  1351  1328   57.00000   69 1106  170.00000   40.00000  76.5%   313  315s
  1367  1344   57.00000   70 1105  170.00000   40.00000  76.5%   312  323s
  1383  1360   57.00000   71 1109  170.00000   40.00000  76.5%   311  331s
  1399  1375   57.00000   72 1096  170.00000   40.00000  76.5%   310  339s
  1415  1390   57.00000   73 1076  170.00000   40.00000  76.5%   307  347s
  1432  1406   58.61905   73 1113  170.00000   40.00000  76.5%   307  366s
  1448  1422   57.00000   74 1074  170.00000   40.00000  76.5%   306  375s
  1464  1437   57.00000   75  997  170.00000   40.00000  76.5%   305  385s
  1481  1452   57.00000   76 1018  170.00000   40.00000  76.5%   304  408s
  1498  1468   57.00000   77 1015  170.00000   40.00000  76.5%   302  417s
  1516  1484   57.00000   79  997  170.00000   40.00000  76.5%   299  431s
  1532  1500   57.00000   80  995  170.00000   40.00000  76.5%   297  456s
  1548  1516   57.00000   80 1072  170.00000   40.00000  76.5%   296  466s
  1564  1532   57.00000   81  992  170.00000   40.00000  76.5%   295  476s
  1580  1547   57.00000   82  985  170.00000   40.00000  76.5%   293  493s
  1597  1563   57.00000   83 1022  170.00000   40.00000  76.5%   292  502s
  1613  1577   57.00000   83  985  170.00000   40.00000  76.5%   291  512s
  1631  1593   57.00000   84 1020  170.00000   40.00000  76.5%   290  527s
  1647  1609   57.00000   85 1053  170.00000   40.00000  76.5%   288  537s
  1663  1625   57.00000   86 1042  170.00000   40.00000  76.5%   287  553s
  1679  1647   57.00000   87 1039  170.00000   40.00000  76.5%   285  577s
  1703  1663   57.00000   88 1039  170.00000   40.00000  76.5%   284  589s
  1719  1678   57.00000   89 1053  170.00000   40.00000  76.5%   282  601s
  1736  1693   57.00000   90 1048  170.00000   40.00000  76.5%   281  614s
  1753  1708   57.00000   91 1107  170.00000   40.00000  76.5%   280  627s
  1769  1723   57.00000   92 1103  170.00000   40.00000  76.5%   279  647s
  1786  1762   57.00000   93 1134  170.00000   40.00000  76.5%   277  663s
  1836  1835   57.00000   93 1101  170.00000   40.00000  76.5%   272  680s
  1915  1899   57.00000   94 1101  170.00000   40.00000  76.5%   266  694s
  1985  1976   57.00000   95 1099  170.00000   40.00000  76.5%   261  710s
  2074  2018   57.00000   96 1145  170.00000   40.00000  76.5%   256  724s
  2150  2123   57.00000   96 1095  170.00000   40.00000  76.5%   251  746s
  2271  2174   64.00000  119 1149  170.00000   40.00000  76.5%   248  762s
  2344  2329   68.00000  140 1196  170.00000   40.00000  76.5%   244  778s
  2531  2422   68.00000  147 1211  170.00000   40.00000  76.5%   229  793s
  2672  2434 infeasible  148       170.00000   40.00000  76.5%   219  810s
  2692  2461   68.00000  149 1209  170.00000   40.00000  76.5%   218  831s
  2721  2717   68.00000  150 1206  170.00000   40.00000  76.5%   216  846s
  3066  2895   68.00000  151 1188  170.00000   40.00000  76.5%   200  861s
  3272  2912   77.00000  152 1182  170.00000   40.00000  76.5%   201  878s
  3289  2924   68.00000  152 1140  170.00000   40.00000  76.5%   202  895s
  3309  2939   71.00000  153 1123  170.00000   40.00000  76.5%   202  912s
  3326  2955   71.00000  154 1121  170.00000   40.00000  76.5%   201  931s
  3342  3007   71.00000  155 1143  170.00000   40.00000  76.5%   201  955s
  3409  3023   71.00000  156 1162  170.00000   40.00000  76.5%   198  976s
  3425  3263   71.00000  157 1160  170.00000   40.00000  76.5%   198  995s
  3732  3365   47.00000   27 1114  170.00000   40.00000  76.5%   189 1014s
  3890  3618   87.00000   58 1182  170.00000   40.00000  76.5%   188 1040s
  4200  3705   87.00000  100 1168  170.00000   40.00000  76.5%   184 1061s
  4310  3754   88.00000  137 1171  170.00000   40.00000  76.5%   181 1082s
  4429  4081   88.00000  163  907  170.00000   40.00000  76.5%   177 1103s
  4882  4332 infeasible  194       170.00000   40.00000  76.5%   168 1124s
  5258  4702   88.00000  204  999  170.00000   40.00000  76.5%   164 1146s
  5720  4913 infeasible  209       170.00000   40.00000  76.5%   158 1167s
  5968  5389 infeasible  210       170.00000   40.00000  76.5%   155 1189s
  6659  5428   93.00000   50  948  170.00000   40.00000  76.5%   144 1212s
  6723  5430   95.00000   89  651  170.00000   40.00000  76.5%   145 1215s
  6726  5432   83.00000   20 1031  170.00000   40.00000  76.5%   144 1222s
  6729  5434  108.00000  111 1019  170.00000   40.00000  76.5%   144 1226s
  6731  5436   76.00000   70 1011  170.00000   40.00000  76.5%   144 1230s
  6733  5437   95.00000  153 1030  170.00000   40.00000  76.5%   144 1235s
  6735  5438   75.00000  101 1230  170.00000   40.00000  76.5%   144 1240s
  6737  5440   92.00000  107 1172  170.00000   40.00000  76.5%   144 1245s
H 6738  5167                     169.0000000   40.00000  76.3%   144 1248s
H 6738  4909                     167.0000000   40.00000  76.0%   144 1249s
  6740  4911   55.00000   41  785  167.00000   40.00000  76.0%   144 1253s
  6741  4911   91.00000  250  931  167.00000   40.00000  76.0%   144 1255s
  6745  4917   40.00000   11  785  167.00000   40.00000  76.0%   164 1261s
  6791  4993   40.06022   16 1042  167.00000   40.00713  76.0%   171 1265s
  6990  5099   66.00000   22  799  167.00000   40.00713  76.0%   180 1270s
H 7100  4932                     166.0000000   40.00713  75.9%   183 1273s
  7159  4960   51.00000   26  774  166.00000   40.00713  75.9%   185 1275s
  7264  5030   51.00000   29  829  166.00000   40.00713  75.9%   189 1282s
  7280  5044   51.00000   29  826  166.00000   40.00713  75.9%   189 1288s
  7299  5057   51.00000   30  794  166.00000   40.00713  75.9%   190 1294s
  7319  5067   51.00000   30  809  166.00000   40.00713  75.9%   191 1300s
  7351  5088   51.00000   31  784  166.00000   40.00713  75.9%   193 1309s
  7367  5099   51.00000   32  781  166.00000   40.00713  75.9%   193 1314s
  7383  5109   61.00000   32  773  166.00000   40.00713  75.9%   194 1319s
  7399  5120   51.00000   33  851  166.00000   40.00713  75.9%   195 1324s
  7415  5131   51.00000   33  775  166.00000   40.00713  75.9%   195 1328s
  7431  5141   51.00000   34  797  166.00000   40.00713  75.9%   196 1334s
  7447  5152   51.00000   34  835  166.00000   40.00713  75.9%   197 1339s
  7463  5163   51.00000   35  802  166.00000   40.00713  75.9%   197 1343s
  7479  5184   51.00000   35  834  166.00000   40.00713  75.9%   198 1346s
  7574  5253   69.00000   38  669  166.00000   40.00713  75.9%   200 1353s
  7606  5314   69.00000   41  652  166.00000   40.00713  75.9%   201 1355s
  7694  5317   69.00000   46  685  166.00000   40.00713  75.9%   203 1360s
  7746  5368   69.00000   47  667  166.00000   40.00713  75.9%   204 1365s
  7868  5474   69.00000   49  658  166.00000   40.00713  75.9%   208 1371s
  7927  5470   69.00000   49  719  166.00000   40.00713  75.9%   209 1376s
  7959  5509   69.00000   50  656  166.00000   40.00713  75.9%   209 1380s
  7993  5517   69.00000   55  670  166.00000   40.00713  75.9%   210 1385s
  8028  5557   92.00000   56  775  166.00000   40.00713  75.9%   211 1393s
  8064  5569   79.00000   61  740  166.00000   40.00713  75.9%   211 1396s
H 8096  5342                     166.0000000   40.00713  75.9%   212 1399s
  8104  5410   79.00000   62  740  166.00000   40.00713  75.9%   212 1403s
  8175  5402   89.00000   70  669  166.00000   40.00713  75.9%   213 1409s
  8191  5413   85.00000   70  663  166.00000   40.00713  75.9%   213 1413s
  8207  5425  108.00000   71  686  166.00000   40.00713  75.9%   213 1416s
  8224  5448   85.00000   71  652  166.00000   40.00713  75.9%   214 1421s
  8253  5455   85.00000   72  649  166.00000   40.00713  75.9%   214 1426s
  8270  5466   85.00000   72  630  166.00000   40.00713  75.9%   214 1431s
  8286  5485   85.00000   73  635  166.00000   40.00713  75.9%   214 1436s
  8311  5511   85.00000   73  645  166.00000   40.00713  75.9%   215 1440s
  8349  5513   85.00000   74  640  166.00000   40.00713  75.9%   216 1445s
  8411  5552   85.00000   75  633  166.00000   40.00713  75.9%   218 1454s
  8427  5580  112.00000   75  606  166.00000   40.00713  75.9%   218 1457s
  8461  5611   95.00000   76  616  166.00000   40.00713  75.9%   218 1461s
  8503  5644   85.00000   76  662  166.00000   40.00713  75.9%   219 1465s
  8550  5644   85.00000   77  707  166.00000   40.00713  75.9%   220 1473s
  8566  5652  101.00000   77  640  166.00000   40.00713  75.9%   220 1477s
H 8584  5424                     165.0000000   40.00713  75.8%   221 1477s
  8585  5621   85.00000   78  691  165.00000   40.00713  75.8%   221 1482s
  8798  5566   85.00000   86  681  165.00000   40.00713  75.8%   223 1487s
  8814  5652   85.00000   86  714  165.00000   40.00713  75.8%   223 1492s
  8920  5631   85.00000   87  680  165.00000   40.00713  75.8%   224 1498s
  8938  5700   85.00000   87  691  165.00000   40.00757  75.8%   224 1504s
  9017  5688   85.00000   88  680  165.00000   40.00757  75.8%   224 1512s
  9035  5850   85.00000   88  765  165.00000   40.00757  75.8%   224 1518s
  9215  5836   85.00000   89  733  165.00000   40.00757  75.8%   224 1523s
  9267  5935   97.00000   89  685  165.00000   40.00757  75.8%   223 1529s
  9412  5900   85.00000   96  708  165.00000   40.00757  75.8%   223 1536s
  9431  5974   86.00000   97  702  165.00000   40.00757  75.8%   223 1544s
  9517  5961   85.00000   97  727  165.00000   40.00757  75.8%   223 1552s
  9533  6095  104.00000   98  667  165.00000   40.00757  75.8%   223 1560s
  9698  6067   86.00000   98  803  165.00000   40.00757  75.8%   222 1569s
  9729  6096   86.00000   99  774  165.00000   40.00757  75.8%   222 1576s
  9771  6139   86.00000  101  768  165.00000   40.00757  75.8%   222 1585s
  9844  6185  104.00000  106  721  165.00000   40.00757  75.8%   221 1592s
H 9914  5951                     164.0000000   40.00757  75.6%   221 1592s
H 9917  5749                     164.0000000   40.00757  75.6%   221 1592s
  9920  5763  104.00000  107  727  164.00000   40.00757  75.6%   221 1602s
H 9921  5550                     163.0000000   40.00757  75.5%   221 1602s
  9937  5785   86.00000  107  752  163.00000   40.00757  75.5%   221 1610s
 10242  5694  104.00000  127  670  163.00000   40.00757  75.5%   220 1619s
 10262  5844  104.00000  127  660  163.00000   40.00757  75.5%   221 1629s
 10428  5803  104.00000  128  668  163.00000   40.00757  75.5%   220 1638s
 10445  5844  104.00000  128  675  163.00000   40.00757  75.5%   220 1646s
 10503  5946  104.00000  129  666  163.00000   40.00757  75.5%   222 1655s
H10626  5724                     163.0000000   40.00757  75.5%   223 1655s
 10629  5784  104.00000  152  602  163.00000   40.00757  75.5%   223 1666s
 10694  5830  108.00000  157  588  163.00000   40.00757  75.5%   223 1682s
 10761  5887  108.00000  168  574  163.00000   40.00757  75.5%   223 1692s
 10851  6016  124.00000  179  585  163.00000   40.00757  75.5%   225 1711s
 11100  6154   40.03903   25 1561  163.00000   40.00757  75.5%   228 1726s
 11363  6476  114.00000   39 1451  163.00000   40.00757  75.5%   231 1736s
 11850  6502  126.00000   71  980  163.00000   40.00757  75.5%   235 1749s
H11862  6317                     162.0000000   40.00757  75.3%   235 1749s
 12061  6757  132.00000   82  739  162.00000   40.00757  75.3%   241 1760s
 12705  6880   73.00000   37 1331  162.00000   40.00757  75.3%   249 1773s
 13045  6847   90.00000   64  940  162.00000   40.00757  75.3%   252 1785s
 13149  7250   93.00000   66  912  162.00000   40.00757  75.3%   251 1799s
H13150  7087                     161.0000000   40.00757  75.2%   251 1799s
 13625  7136 infeasible   67       161.00000   40.00757  75.2%   250 1813s
 13860  7072   93.00000   69  892  161.00000   40.00757  75.2%   252 1826s
 13877  7195  109.00000   70  874  161.00000   40.00757  75.2%   252 1840s
 14021  7682  109.00000   71  941  161.00000   40.00757  75.2%   251 1854s
 14688  7919  131.00000  118  639  161.00000   40.01449  75.1%   251 1867s
 15266  8196   60.00000   34 1152  161.00000   40.02858  75.1%   253 1883s
 15791  8190  103.00000   87  981  161.00000   40.02858  75.1%   255 1898s
 15986  8295  103.00000   88  998  161.00000   40.02858  75.1%   255 1916s
 16192  8732  103.00000   89  989  161.00000   40.02858  75.1%   256 1932s
 16709  9097   57.00000   38 1157  161.00000   40.02858  75.1%   257 1948s
 17118  9806   57.00000   60  920  161.00000   40.02858  75.1%   263 1966s
H17391  9806                     161.0000000   40.02858  75.1%   265 1966s
 17905  9816   67.00000   87  805  161.00000   40.02858  75.1%   267 1983s
 17927  9931   67.00000   87  881  161.00000   40.02858  75.1%   267 2003s
H18007  9613                     159.0000000   40.02858  74.8%   267 2003s
 18042 10529   71.00000  109  733  159.00000   40.02858  74.8%   267 2021s
 19111 11164   86.00000  136  606  159.00000   40.02858  74.8%   272 2040s
 19857 11529   87.00000  150  573  159.00000   40.02858  74.8%   271 2060s
H20136 11457                     158.0000000   40.02858  74.7%   273 2060s
 20316 11464   99.00000  167  564  158.00000   40.02858  74.7%   273 2079s
 20339 11897   99.00000  167  560  158.00000   40.02858  74.7%   274 2100s
 20817 13405   59.00000   31 1190  158.00000   40.02858  74.7%   279 2130s
 22415 13822   40.08867   33 1524  158.00000   40.02858  74.7%   281 2143s
 22971 13899   71.00000   61  900  158.00000   40.02858  74.7%   281 2157s
 23060 14250   71.00000   62  893  158.00000   40.02858  74.7%   282 2172s
H23263 13918                     156.0000000   40.02858  74.3%   281 2172s
 23472 14786   90.00000   86  759  156.00000   40.02858  74.3%   282 2187s
 24473 15352   40.08726   36 1551  156.00000   40.02858  74.3%   279 2202s
 25096 15367  124.00000  118 1112  156.00000   40.02858  74.3%   279 2218s
H25103 15367                     156.0000000   40.02858  74.3%   279 2218s
 25112 15553  124.00000  119 1109  156.00000   40.02858  74.3%   279 2235s
 25334 16096  124.00000  120 1107  156.00000   40.02858  74.3%   278 2255s
 25885 16982  125.00000  190  883  156.00000   40.02858  74.3%   277 2274s
 26989 17771  148.00000  255  528  156.00000   40.02858  74.3%   275 2292s
 27872 18653   88.00000   60 1020  156.00000   40.02858  74.3%   275 2309s
 28926 18699  102.00000   62 1312  156.00000   40.02858  74.3%   276 2328s
 28980 19237  102.00000   63 1282  156.00000   40.02858  74.3%   276 2349s
 29666 19864  150.00000   94  956  156.00000   40.02858  74.3%   275 2368s
 30403 20560   94.00000  103 1007  156.00000   40.02858  74.3%   275 2389s
 31217 20567 infeasible  124       156.00000   40.02858  74.3%   276 2413s
 31242 20992   40.02858   36 1521  156.00000   40.02858  74.3%   276 2435s
 31739 21959   59.00000   42 1071  156.00000   40.02858  74.3%   277 2459s
 32848 22801   84.00000  117  683  156.00000   40.02858  74.3%   277 2485s
 33800 22837   94.00000  160  523  156.00000   40.02858  74.3%   276 2512s
 33842 23511   94.00000  165  599  156.00000   40.02858  74.3%   276 2539s
 34644 24978  133.00000  220  343  156.00000   40.02858  74.3%   276 2565s
 36328 25779  155.00000  116  552  156.00000   40.02858  74.3%   277 2592s
 37241 25807  155.00000  117  546  156.00000   40.02858  74.3%   277 2619s
H37254 25230                     155.0000000   40.02858  74.2%   277 2619s
 37271 27047     cutoff  118       155.00000   40.02858  74.2%   276 2648s
 39333 27055   83.00000   88  913  155.00000   40.02858  74.2%   285 2677s
 39349 27444   83.00000   89  832  155.00000   40.02858  74.2%   285 2705s
 39778 28018   83.00000   89  806  155.00000   40.02858  74.2%   286 2738s
H39793 28018                     155.0000000   40.02858  74.2%   286 2738s
 40396 28866   83.00000   90  835  155.00000   40.02858  74.2%   286 2771s
 41396 31844  107.00000  122  656  155.00000   40.02858  74.2%   287 2830s
 45061 31855   68.00000   50 1218  155.00000   40.02858  74.2%   288 2860s
 45082 32558   68.00000   51 1036  155.00000   40.02858  74.2%   288 2888s
 45883 33044  129.00000  103  718  155.00000   40.02858  74.2%   289 2916s
 46431 33160 infeasible  116       155.00000   40.02858  74.2%   290 2949s
 46563 33271  149.00000  116  567  155.00000   40.02858  74.2%   291 2984s
 46684 33440  150.00000  124  523  155.00000   40.02858  74.2%   290 3023s
 46899 34027  150.00000  125  517  155.00000   40.02858  74.2%   290 3074s
 47622 35503  150.00000  126  521  155.00000   40.02858  74.2%   289 3119s
 49413 37478  116.00000  167  635  155.00000   40.02858  74.2%   287 3171s
 51708 39487  100.00000  133  862  155.00000   40.02858  74.2%   285 3213s
 54167 40611   62.00000   52 1199  155.00000   40.02858  74.2%   285 3250s
 55533 41345   80.00000   63 1199  155.00000   40.02858  74.2%   292 3293s
 56323 41363  132.00000   85  646  155.00000   40.02858  74.2%   294 3333s
 56341 41397  143.00000   87  623  155.00000   40.02858  74.2%   294 3374s
 56379 41689  132.00000   88  699  155.00000   40.02858  74.2%   294 3420s
 56719 41742  149.00000  103  508  155.00000   40.02858  74.2%   294 3468s
 56782 41930  149.00000  103  525  155.00000   40.02858  74.2%   294 3513s
 57000 41978  149.00000  108  429  155.00000   40.02858  74.2%   294 3561s
 57068 41994   40.34947   45 1540  155.00000   40.02858  74.2%   294 3600s

Cutting planes:
  Learned: 277
  Gomory: 15
  Cover: 396
  MIR: 461
  Flow cover: 744
  GUB cover: 118
  Zero half: 14
  Network: 1
  RLT: 8
  Relax-and-lift: 360

Explored 57084 nodes (16873712 simplex iterations) in 3600.06 seconds (2218.69 work units)
Thread count was 32 (of 32 available processors)

Solution count 10: 155 155 156 ... 163

Time limit reached
Best objective 1.549999999844e+02, best bound 4.002858352448e+01, gap 74.1751%
