
Gurobi 13.0.0 (linux64) logging started Thu Nov 20 16:30:38 2025

Set parameter LogFile to value "./Results/StripPacking-CutHeur/Logs/RU-111-StripPacking-25.log"
Set parameter TimeLimit to value 3600
Set parameter Cuts to value 1
Set parameter Presolve to value 1
Set parameter Heuristics to value 1
Set parameter LogToConsole to value 0
Set parameter LPWarmStart to value 2
Gurobi Optimizer version 13.0.0 build v13.0.0rc1 (linux64 - "Debian GNU/Linux 12 (bookworm)")

CPU model: Intel(R) Xeon(R) CPU E5-2630 v3 @ 2.40GHz, instruction set [SSE2|AVX|AVX2]
Thread count: 16 physical cores, 32 logical processors, using up to 32 threads

Non-default parameters:
TimeLimit  3600
LPWarmStart  2
Heuristics  1
Cuts  1
LogToConsole  0
Presolve  1

Optimize a model with 4525 rows, 1251 columns and 12050 nonzeros (Min)
Model fingerprint: 0x632a4b52
Model has 1 linear objective coefficients
Variable types: 51 continuous, 1200 integer (1200 binary)
Coefficient statistics:
  Matrix range     [1e+00, 1e+04]
  Objective range  [1e+00, 1e+00]
  Bounds range     [1e+00, 1e+04]
  RHS range        [1e+00, 1e+04]

Warning: Completing partial solution with 1200 unfixed non-continuous variables out of 1200
User MIP start produced solution with objective 102.2 (0.00s)
User MIP start produced solution with objective 102.2 (0.01s)
Loaded user MIP start with objective 102.2

Presolve removed 600 rows and 0 columns
Presolve time: 0.03s
Presolved: 3925 rows, 1251 columns, 10850 nonzeros
Variable types: 51 continuous, 1200 integer (1200 binary)

Root relaxation: objective 3.500000e+01, 697 iterations, 0.03 seconds (0.02 work units)

    Nodes    |    Current Node    |     Objective Bounds      |     Work
 Expl Unexpl |  Obj  Depth IntInf | Incumbent    BestBd   Gap | It/Node Time

     0     0   35.00000    0  142  102.20000   35.00000  65.8%     -    0s
H    0     0                     100.0000000   35.00000  65.0%     -    0s
H    0     0                      98.0000000   35.00000  64.3%     -    0s
     0     0   35.00000    0  151   98.00000   35.00000  64.3%     -    0s
     0     0   35.00000    0  140   98.00000   35.00000  64.3%     -    0s
     0     0   35.00000    0  180   98.00000   35.00000  64.3%     -    0s
     0     0   35.00000    0   94   98.00000   35.00000  64.3%     -    0s
     0     0   35.00000    0  100   98.00000   35.00000  64.3%     -    0s
     0     0   35.00000    0  164   98.00000   35.00000  64.3%     -    1s
     0     0   35.00000    0  115   98.00000   35.00000  64.3%     -    1s
     0     0   35.00000    0  125   98.00000   35.00000  64.3%     -    1s
     0     0   35.00000    0  173   98.00000   35.00000  64.3%     -    1s
     0     0   35.00000    0  141   98.00000   35.00000  64.3%     -    1s
     0     0   35.00000    0  144   98.00000   35.00000  64.3%     -    1s
     0     0   35.00000    0  186   98.00000   35.00000  64.3%     -    1s
     0     0   35.00000    0  141   98.00000   35.00000  64.3%     -    1s
H    0     0                      97.0000000   35.00000  63.9%     -    2s
     0     0   35.00000    0  178   97.00000   35.00000  63.9%     -    2s
     0     0   35.00000    0  213   97.00000   35.00000  63.9%     -    2s
     0     0   35.00000    0  127   97.00000   35.00000  63.9%     -    2s
     0     0   35.00000    0  127   97.00000   35.00000  63.9%     -    2s
     0     0   35.00000    0  127   97.00000   35.00000  63.9%     -    2s
     0     2   35.00000    0  120   97.00000   35.00000  63.9%     -    2s
H    8    16                      96.0000000   35.00000  63.5%  97.4    3s
H   30    32                      96.0000000   35.00000  63.5%   153    3s
H   31    48                      94.0000000   35.00000  62.8%   150    3s
H   35    48                      93.0000000   35.00000  62.4%   143    3s
H  102   118                      93.0000000   35.00000  62.4%  79.7    3s
H  137   177                      92.0000000   35.00000  62.0%  80.3    4s
H  157   177                      91.0000000   35.00000  61.5%  76.6    4s
H  178   193                      91.0000000   35.00000  61.5%  72.5    4s
   345   361   38.00000   20  159   91.00000   35.00000  61.5%  61.4    5s
   539   550   38.00000   29  153   91.00000   35.00000  61.5%  58.1   10s
H  542   550                      90.0000000   35.00000  61.1%  57.8   10s
H  708   849                      89.0000000   35.00000  60.7%  56.2   10s
H 1082  1123                      89.0000000   35.00000  60.7%  54.3   11s
H 1554  1616                      88.0000000   35.00000  60.2%  51.4   11s
H 1748  1661                      87.0000000   35.00000  59.8%  51.0   11s
H 1999  2003                      85.0000000   35.00000  58.8%  47.8   11s
H 2655  2501                      85.0000000   35.00000  58.8%  44.0   12s
H 2670  2496                      84.0000000   35.00000  58.3%  43.8   12s
H 3027  2678                      84.0000000   35.00000  58.3%  45.5   12s
  3068  2685   68.00000  121  165   84.00000   35.00000  58.3%  45.5   15s
  3440  2966   35.00000   21  245   84.00000   35.00000  58.3%  58.0   21s
  3541  3039   35.00000   22  236   84.00000   35.00000  58.3%  58.9   25s
  3655  3131   35.43188   27  260   84.00000   35.00000  58.3%  60.1   30s
  3897  3504   81.00000   44  165   84.00000   35.00000  58.3%  61.5   35s
  5534  4417   48.00000   72  193   84.00000   35.00000  58.3%  62.1   40s
  5982  4455   67.00000   80  156   84.00000   35.00000  58.3%  62.8   46s
  6079  4527   67.00000   82  144   84.00000   35.00000  58.3%  62.8   50s
  6239  4613   70.00000   84  137   84.00000   35.00000  58.3%  62.7   55s
  6362  4665 infeasible   85        84.00000   35.00000  58.3%  62.8   60s
  6508  4728   35.24444   23  188   84.00000   35.00000  58.3%  62.7   66s
  6612  4777   35.24444   26  223   84.00000   35.00000  58.3%  62.9   70s
  6715  4830   55.00000   29  215   84.00000   35.00000  58.3%  63.0   75s
  6824  4882   55.00000   32  213   84.00000   35.00000  58.3%  63.0   80s
  6922  4940   55.00000   35  210   84.00000   35.00000  58.3%  62.9   85s
  7028  4991   55.00000   38  201   84.00000   35.00000  58.3%  62.7   90s
  7136  5038   55.00000   41  199   84.00000   35.00000  58.3%  62.7   95s
  7244  5107   55.00000   44  188   84.00000   35.00000  58.3%  62.6  100s
  7371  5163   55.00000   47  183   84.00000   35.00000  58.3%  62.4  106s
  7444  5197   55.00000   49  185   84.00000   35.00000  58.3%  62.2  110s
  7547  5252   62.00000   52  168   84.00000   35.00000  58.3%  62.0  115s
  7664  5342 infeasible   63        84.00000   35.00000  58.3%  62.0  121s
  7913  5534   80.00000   70   99   84.00000   35.00000  58.3%  62.0  126s
  8262  5708   69.00000   56  174   84.00000   35.00000  58.3%  62.2  130s
  8731  6053   53.00000   56  199   84.00000   35.00000  58.3%  62.2  137s
  9561  6510   83.00000   54   88   84.00000   35.00000  58.3%  62.8  142s
 10503  6960   83.00000   56   90   84.00000   35.00000  58.3%  62.4  147s
 11673  7814   83.00000   58   82   84.00000   35.00000  58.3%  61.8  152s
 12439  8558   83.00000   59   78   84.00000   35.00000  58.3%  62.3  155s
 14026  9828 infeasible   62        84.00000   35.00000  58.3%  63.1  161s
 14996 10478   83.00000   63   60   84.00000   35.00000  58.3%  63.4  166s
 17031 11440   83.00000   65   46   84.00000   35.00000  58.3%  63.3  179s
 17185 11472   83.00000   66   42   84.00000   35.00000  58.3%  63.4  182s
 17217 11500     cutoff   67        84.00000   35.00000  58.3%  63.4  191s
 17285 11561   35.00000   31  161   84.00000   35.00000  58.3%  63.4  197s
 17320 11594   35.00000   32  159   84.00000   35.00000  58.3%  63.4  201s
 17394 11636   35.27277   35  226   84.00000   35.00000  58.3%  63.3  209s
 17439 11683   35.27277   36  226   84.00000   35.00000  58.3%  63.3  212s
 17490 11808   35.27277   37  220   84.00000   35.00000  58.3%  63.3  215s
 17807 12384   35.28685   39  218   84.00000   35.00000  58.3%  63.0  225s
 19395 13471   35.28685   41  218   84.00000   35.00000  58.3%  63.5  233s
 19857 13496   38.00000   42  207   84.00000   35.00000  58.3%  63.6  237s
 19905 13614   38.00000   43  205   84.00000   35.00000  58.3%  63.7  241s
 20032 13666   45.00000   48  255   84.00000   35.00000  58.3%  63.7  245s
H20102 11902                      82.0000000   35.00000  57.3%  63.7  249s
H20188 11377                      81.0000000   35.00000  56.8%  63.7  253s
 20320 12470   57.00000   51  195   81.00000   35.00000  56.8%  63.7  258s
H20665 12470                      81.0000000   35.00000  56.8%  63.8  258s
 21763 12704   59.00000   58  163   81.00000   35.00000  56.8%  64.3  263s
 22072 12731   71.00000   59  145   81.00000   35.00000  56.8%  64.3  267s
 22109 12758   71.00000   60  135   81.00000   35.00000  56.8%  64.4  272s
 22146 12791   71.00000   61  133   81.00000   35.00000  56.8%  64.4  276s
 22199 12896     cutoff   62        81.00000   35.00000  56.8%  64.5  281s
 22340 12970   77.00000   63   97   81.00000   35.00000  56.8%  64.6  286s
 22424 13188   77.00000   64   95   81.00000   35.00000  56.8%  64.5  290s
 22733 13347   77.00000   65   93   81.00000   35.00000  56.8%  64.5  295s
 22918 13553   77.00000   66   89   81.00000   35.00000  56.8%  64.4  301s
 23247 13633   77.00000   67   80   81.00000   35.00000  56.8%  64.3  306s
 23425 13661   35.00000   38  152   81.00000   35.00000  56.8%  64.3  312s
 23461 13814   35.00000   38  170   81.00000   35.00000  56.8%  64.4  317s
 23660 13844   35.00000   39  150   81.00000   35.00000  56.8%  64.5  325s
H23674 13243                      80.0000000   35.00000  56.2%  64.5  325s
 23694 13920   38.00000   39  152   80.00000   35.00000  56.2%  64.6  332s
H23915 13920                      80.0000000   35.00000  56.2%  65.1  332s
 24548 14549   54.00000   62  153   80.00000   35.00000  56.2%  65.5  338s
 25290 14577   79.00000   87   71   80.00000   35.00000  56.2%  65.9  345s
 25326 14597   79.00000   88   63   80.00000   35.00000  56.2%  66.0  351s
 25370 14629   79.00000   88   72   80.00000   35.00000  56.2%  66.0  358s
 25438 14655   79.00000   89   55   80.00000   35.00000  56.2%  66.1  365s
 25475 14800   79.00000   89   59   80.00000   35.00000  56.2%  66.1  372s
 25624 14828   79.00000   90   55   80.00000   35.00000  56.2%  66.1  378s
 25660 14893   79.00000   90   55   80.00000   35.00000  56.2%  66.1  387s
 25760 15264 infeasible   91        80.00000   35.00000  56.2%  66.1  394s
 26226 15289   48.00000   32  253   80.00000   35.00000  56.2%  66.4  405s
 26265 15458   48.00000   33  248   80.00000   35.00000  56.2%  66.5  413s
 26496 15645   48.00000   34  237   80.00000   35.00000  56.2%  66.8  421s
 26725 16170   48.00000   35  231   80.00000   35.00000  56.2%  66.8  429s
 27432 16626     cutoff   63        80.00000   35.00000  56.2%  66.7  438s
 28046 16784   75.00000   64  100   80.00000   35.00000  56.2%  66.7  447s
 28240 16812   75.00000   65   99   80.00000   35.00000  56.2%  66.6  456s
 28276 17363   75.00000   66   97   80.00000   35.00000  56.2%  66.6  465s
 28997 17537   75.00000   67   93   80.00000   35.00000  56.2%  66.4  480s
 29264 21429   36.01333   27  259   80.00000   35.00000  56.2%  66.5  509s
 34512 21456   77.00000   78   94   80.00000   35.00000  56.2%  67.5  517s
 34549 21480   77.00000   79   88   80.00000   35.00000  56.2%  67.6  525s
 34589 21519 infeasible   80        80.00000   35.00000  56.2%  67.6  532s
 34638 21724   79.00000   81   84   80.00000   35.00000  56.2%  67.6  543s
 34911 21750   59.00000   67  138   80.00000   35.00000  56.2%  67.9  551s
 34949 21923   59.00000   68  144   80.00000   35.00000  56.2%  67.9  559s
 35170 21947   59.00000   68  133   80.00000   35.00000  56.2%  67.9  569s
 35210 22835   59.00000   69  140   80.00000   35.00000  56.2%  67.9  590s
 36383 24601     cutoff   75        80.00000   35.00000  56.2%  67.6  601s
 38845 24635   55.00000   39  202   80.00000   35.00000  56.2%  67.8  614s
 38879 24661   55.00000   40  191   80.00000   35.00000  56.2%  67.8  623s
 38917 24690   55.00000   41  190   80.00000   35.00000  56.2%  67.8  632s
 38952 24709   55.00000   42  188   80.00000   35.00000  56.2%  67.8  641s
 38997 25210   55.00000   43  174   80.00000   35.00000  56.2%  67.9  651s
 39613 25494   55.00000   44  174   80.00000   35.00000  56.2%  67.9  663s
 40064 26017   55.00000   45  178   80.00000   35.00000  56.2%  68.0  676s
 40776 26633   52.00000   47  195   80.00000   35.00000  56.2%  68.0  690s
 41633 26805   68.00000   48  182   80.00000   35.00000  56.2%  68.1  707s
H41639 25449                      79.0000000   35.00000  55.7%  68.1  707s
 41905 25456   68.00000   49  176   79.00000   35.00000  55.7%  68.3  720s
H41914 25456                      79.0000000   35.00000  55.7%  68.3  720s
 41942 25968   73.00000   50  140   79.00000   35.00000  55.7%  68.3  734s
 42694 27778   73.00000   51  135   79.00000   35.00000  55.7%  68.4  749s
 45264 30908   78.00000   52  133   79.00000   35.00000  55.7%  68.5  763s
 49434 30929   67.00000   51  142   79.00000   35.00000  55.7%  68.9  775s
 49477 31424   67.00000   52  119   79.00000   35.00000  55.7%  69.0  787s
 50162 31784   71.00000   73   79   79.00000   35.00000  55.7%  69.0  801s
 50558 32490   71.00000   73   99   79.00000   35.00000  55.7%  69.0  817s
 51454 34168   76.00000   93   32   79.00000   35.00000  55.7%  69.0  835s
 53835 35435   55.00000   29  150   79.00000   35.00000  55.7%  69.7  850s
 55597 36732   49.00000   33  213   79.00000   35.00000  55.7%  69.7  867s
 57369 36972   49.00000   34  215   79.00000   35.00000  55.7%  70.0  885s
 57648 36998   51.00000   39  226   79.00000   35.00000  55.7%  70.1  903s
 57685 37010   51.00000   40  226   79.00000   35.00000  55.7%  70.1  921s
 57737 37466   51.00000   41  225   79.00000   35.00000  55.7%  70.1  940s
 58373 38183   53.00000   42  215   79.00000   35.00000  55.7%  70.2  972s
 59375 44880   61.00000   43  203   79.00000   35.00000  55.7%  70.4 1042s
 68765 45011   72.00000   43  188   79.00000   35.00000  55.7%  71.2 1064s
 68936 45043   72.00000   44  188   79.00000   35.00000  55.7%  71.2 1089s
 68973 45153   72.00000   45  186   79.00000   35.00000  55.7%  71.2 1113s
 69143 45180   72.00000   46  188   79.00000   35.00000  55.7%  71.2 1137s
 69180 46413   72.00000   47  189   79.00000   35.00000  55.7%  71.3 1168s
 70966 53509   72.00000   48  186   79.00000   35.00000  55.7%  71.3 1197s
 81114 53540   61.00000   54  150   79.00000   35.00000  55.7%  72.3 1216s
 81147 54147   61.00000   55  119   79.00000   35.00000  55.7%  72.3 1232s
 82092 57175   76.00000   82   77   79.00000   35.00000  55.7%  72.4 1250s
 86279 57196   65.00000   83  106   79.00000   35.00000  55.7%  72.9 1268s
 86322 57449   75.00000   83  107   79.00000   35.00000  55.7%  72.9 1289s
 86713 58005   74.00000   84   98   79.00000   35.00000  55.7%  72.8 1310s
 87474 61194   76.00000   84  109   79.00000   35.00000  55.7%  72.9 1352s
 92187 70151   35.70350   45  224   79.00000   35.00000  55.7%  73.2 1384s
 105521 70180   41.00000   21  212   79.00000   35.00000  55.7%  73.7 1395s
 105556 70211   41.00000   22  210   79.00000   35.00000  55.7%  73.7 1406s
 105588 70240   41.00000   23  208   79.00000   35.00000  55.7%  73.7 1418s
 105622 70269   41.00000   24  208   79.00000   35.00000  55.7%  73.7 1440s
 105656 70299   41.00000   25  203   79.00000   35.00000  55.7%  73.7 1462s
 105689 70652   41.00000   26  198   79.00000   35.00000  55.7%  73.7 1485s
 106142 70838   41.00000   27  194   79.00000   35.00000  55.7%  73.6 1501s
 106388 71934   55.00000   44  190   79.00000   35.00000  55.7%  73.7 1518s
 107857 74500   58.00000   45  173   79.00000   35.00000  55.7%  73.9 1534s
 111316 75080   58.00000   46  175   79.00000   35.00000  55.7%  74.5 1549s
 112192 75120   58.00000   47  166   79.00000   35.00000  55.7%  74.5 1565s
 112244 76997   58.00000   48  159   79.00000   35.00000  55.7%  74.5 1582s
 114917 77024 infeasible   67        79.00000   35.00000  55.7%  74.6 1599s
 114954 77628   78.00000   67  149   79.00000   35.00000  55.7%  74.6 1617s
 115828 78223   78.00000   68  147   79.00000   35.00000  55.7%  74.6 1642s
 116684 84556 infeasible   69        79.00000   35.00000  55.7%  74.7 1683s
 125542 84576     cutoff   84        79.00000   35.00000  55.7%  75.1 1699s
 125586 84603   78.00000   85  105   79.00000   35.00000  55.7%  75.1 1714s
 125623 84720 infeasible   86        79.00000   35.00000  55.7%  75.1 1739s
 125787 85106   78.00000   86   83   79.00000   35.00000  55.7%  75.1 1756s
 126336 86845   78.00000   77   54   79.00000   35.00000  55.7%  75.1 1775s
 128534 88448   78.00000   80   51   79.00000   35.00000  55.7%  75.4 1798s
 130860 88593   78.00000   81   49   79.00000   35.00000  55.7%  75.4 1819s
 131041 89933 infeasible   82        79.00000   35.00000  55.7%  75.4 1842s
 132991 89947 infeasible   83        79.00000   35.00000  55.7%  75.5 1864s
 133038 90637   36.70569   43  215   79.00000   35.00000  55.7%  75.5 1890s
 133987 93501   47.00000   44  186   79.00000   35.00000  55.7%  75.6 1920s
 138169 94230   54.00000   45  194   79.00000   35.00000  55.7%  75.7 1947s
 139311 97584   54.00000   46  188   79.00000   35.00000  55.7%  75.7 1977s
 144144 103540   54.00000   47  188   79.00000   35.00000  55.7%  75.8 2003s
 152654 106991   58.00000   47  208   79.00000   35.00000  55.7%  75.6 2042s
 157601 107024   58.00000   48  206   79.00000   35.00000  55.7%  75.7 2067s
 157648 107052   58.00000   49  215   79.00000   35.00000  55.7%  75.7 2098s
 157684 107334   58.00000   50  216   79.00000   35.00000  55.7%  75.7 2124s
 158061 108134   77.00000   68   82   79.00000   35.00000  55.7%  75.8 2155s
 159191 108161     cutoff   73        79.00000   35.00000  55.7%  75.8 2194s
 159228 113444 infeasible   73        79.00000   35.00000  55.7%  75.8 2238s
 166838 121181 infeasible   68        79.00000   35.00000  55.7%  75.8 2266s
 177967 122323   35.13034   24  320   79.00000   35.00000  55.7%  75.8 2280s
 179709 122354   77.00000   70   93   79.00000   35.00000  55.7%  75.8 2295s
 179742 122384 infeasible   71        79.00000   35.00000  55.7%  75.8 2310s
 179778 122398     cutoff   72        79.00000   35.00000  55.7%  75.8 2325s
 179828 122426   77.00000   73   86   79.00000   35.00000  55.7%  75.8 2346s
 179864 122921 infeasible   74        79.00000   35.00000  55.7%  75.9 2362s
 180565 124367   56.00000   30  140   79.00000   35.00000  55.7%  75.9 2382s
 182682 131668   78.00000   53  131   79.00000   35.00000  55.7%  75.9 2429s
 186669 131668   75.00000   72   94   79.00000   35.00000  55.7%  76.0 2430s
 192860 131693   37.37525   31  216   79.00000   35.00000  55.7%  76.2 2447s
 192899 131723   40.47059   32  197   79.00000   35.00000  55.7%  76.2 2464s
 192935 131751   42.00000   33  206   79.00000   35.00000  55.7%  76.2 2478s
 192975 132522   47.00000   34  202   79.00000   35.00000  55.7%  76.2 2491s
 193947 134487   76.00000   51  117   79.00000   35.00000  55.7%  76.2 2507s
 196741 136214 infeasible   54        79.00000   35.00000  55.7%  76.3 2524s
 199406 136232   77.00000   55  174   79.00000   35.00000  55.7%  76.4 2540s
 199452 136258 infeasible   56        79.00000   35.00000  55.7%  76.4 2556s
 199490 136721   66.00000   56  197   79.00000   35.00000  55.7%  76.4 2573s
 200171 136929   66.00000   57  191   79.00000   35.00000  55.7%  76.4 2592s
 200471 138351   66.00000   58  192   79.00000   35.00000  55.7%  76.5 2619s
 202420 138913   66.00000   59  186   79.00000   35.00000  55.7%  76.6 2648s
 203194 138954   66.00000   60  185   79.00000   35.00000  55.7%  76.6 2677s
 203251 143544   66.00000   61  184   79.00000   35.00000  55.7%  76.6 2703s
 209807 147993   54.00000   40  215   79.00000   35.00000  55.7%  76.5 2724s
 216480 148013   35.19513   53  210   79.00000   35.00000  55.7%  76.5 2762s
 216524 170277   35.19513   54  208   79.00000   35.00000  55.7%  76.5 2959s
*222448 156228              76      78.0000000   35.00000  55.1%  76.5 2959s
 231524 156228   73.00000   44  202   78.00000   35.00000  55.1%  76.6 2960s
 248524 160780   60.00000   67  183   78.00000   35.00000  55.1%  76.8 2996s
H250918 160780                      78.0000000   35.00000  55.1%  76.9 2996s
 259028 160799   35.13077   38  293   78.00000   35.00000  55.1%  77.2 3009s
 259073 160820   36.98321   39  251   78.00000   35.00000  55.1%  77.2 3021s
 259116 160843   40.00000   40  246   78.00000   35.00000  55.1%  77.2 3033s
 259156 160860   40.00000   41  212   78.00000   35.00000  55.1%  77.2 3046s
 259203 160888   40.00000   42  202   78.00000   35.00000  55.1%  77.2 3058s
 259239 160912   40.00000   43  201   78.00000   35.00000  55.1%  77.2 3071s
 259279 160956   40.00000   44  201   78.00000   35.00000  55.1%  77.2 3094s
 259335 160979   43.00000   45  199   78.00000   35.00000  55.1%  77.2 3106s
 259376 161343   61.00000   46  183   78.00000   35.00000  55.1%  77.2 3119s
 259937 161372   67.00000   51  235   78.00000   35.00000  55.1%  77.3 3139s
 259972 161399   68.00000   52  224   78.00000   35.00000  55.1%  77.3 3159s
 260009 161720   68.00000   53  223   78.00000   35.00000  55.1%  77.3 3183s
 260592 163302   68.00000   54  233   78.00000   35.00000  55.1%  77.2 3210s
 262892 164663 infeasible   55        78.00000   35.00000  55.1%  77.3 3232s
 264903 164942   35.00000   55  233   78.00000   35.00000  55.1%  77.4 3256s
 265276 164968   35.00000   56  234   78.00000   35.00000  55.1%  77.4 3277s
 265314 165037   35.00000   57  230   78.00000   35.00000  55.1%  77.4 3302s
 265409 165265   35.22452   58  256   78.00000   35.00000  55.1%  77.5 3325s
 265739 165978   70.00000   68  173   78.00000   35.00000  55.1%  77.5 3350s
 266752 166376   63.00000   65  177   78.00000   35.00000  55.1%  77.6 3378s
 267374 166401   62.00000   64  182   78.00000   35.00000  55.1%  77.6 3407s
 267413 166732   62.00000   65  179   78.00000   35.00000  55.1%  77.6 3438s
 267849 168143   63.00000   66  141   78.00000   35.00000  55.1%  77.6 3476s
 269897 169095   62.00000   66  174   78.00000   35.00000  55.1%  77.7 3513s
H271224 169095                      78.0000000   35.00000  55.1%  77.7 3514s
 271326 169764   73.00000   64  168   78.00000   35.00000  55.1%  77.7 3553s
 272388 172188 infeasible   58        78.00000   35.00000  55.1%  77.7 3596s
 276059 172737   35.79151   33  251   78.00000   35.00000  55.1%  77.8 3600s

Cutting planes:
  Learned: 6306
  Gomory: 20
  Cover: 157
  Implied bound: 3
  MIR: 285
  StrongCG: 3
  Flow cover: 855
  GUB cover: 67
  Zero half: 3
  Relax-and-lift: 106

Explored 276918 nodes (21550788 simplex iterations) in 3600.23 seconds (1315.18 work units)
Thread count was 32 (of 32 available processors)

Solution count 10: 78 78 79 ... 84

Time limit reached
Best objective 7.799999998420e+01, best bound 3.500000000000e+01, gap 55.1282%
