
Gurobi 13.0.0 (linux64) logging started Thu Nov 20 10:47:58 2025

Set parameter LogFile to value "./Results/StripPacking-CutHeur/Logs/SBL-111-StripPacking-10.log"
Set parameter TimeLimit to value 3600
Set parameter Cuts to value 1
Set parameter Presolve to value 1
Set parameter Heuristics to value 1
Set parameter LogToConsole to value 0
Set parameter LPWarmStart to value 2
Gurobi Optimizer version 13.0.0 build v13.0.0rc1 (linux64 - "Debian GNU/Linux 12 (bookworm)")

CPU model: Intel(R) Xeon(R) CPU E5-2630 v3 @ 2.40GHz, instruction set [SSE2|AVX|AVX2]
Thread count: 16 physical cores, 32 logical processors, using up to 32 threads

Non-default parameters:
TimeLimit  3600
LPWarmStart  2
Heuristics  1
Cuts  1
LogToConsole  0
Presolve  1

Optimize a model with 550 rows, 111 columns and 1820 nonzeros (Min)
Model fingerprint: 0x696f253e
Model has 1 linear objective coefficients
Variable types: 21 continuous, 90 integer (90 binary)
Coefficient statistics:
  Matrix range     [1e+00, 1e+04]
  Objective range  [1e+00, 1e+00]
  Bounds range     [1e+00, 1e+04]
  RHS range        [2e+00, 1e+04]

User MIP start produced solution with objective 50 (0.00s)
Loaded user MIP start with objective 50

Presolve removed 90 rows and 0 columns
Presolve time: 0.00s
Presolved: 460 rows, 111 columns, 1550 nonzeros
Variable types: 21 continuous, 90 integer (90 binary)

Root relaxation: objective 3.500000e+01, 48 iterations, 0.00 seconds (0.00 work units)

    Nodes    |    Current Node    |     Objective Bounds      |     Work
 Expl Unexpl |  Obj  Depth IntInf | Incumbent    BestBd   Gap | It/Node Time

     0     0   35.00000    0    2   50.00000   35.00000  30.0%     -    0s
H    0     0                      46.0000000   35.00000  23.9%     -    0s
H    0     0                      44.0000000   35.00000  20.5%     -    0s
     0     0   35.00000    0    6   44.00000   35.00000  20.5%     -    0s
     0     0   35.00000    0    5   44.00000   35.00000  20.5%     -    0s
     0     0   35.00000    0    7   44.00000   35.00000  20.5%     -    0s
     0     0   35.00000    0    6   44.00000   35.00000  20.5%     -    0s
H    0     0                      41.0000000   35.00000  14.6%     -    0s
     0     0   35.00000    0    7   41.00000   35.00000  14.6%     -    0s
     0     0   35.00000    0    9   41.00000   35.00000  14.6%     -    0s
     0     0   35.00000    0   10   41.00000   35.00000  14.6%     -    0s
     0     0   35.00000    0    4   41.00000   35.00000  14.6%     -    0s
     0     0   35.00000    0    6   41.00000   35.00000  14.6%     -    0s
     0     0   35.00000    0   11   41.00000   35.00000  14.6%     -    0s
     0     0   35.00000    0    3   41.00000   35.00000  14.6%     -    0s
     0     0   35.00000    0    3   41.00000   35.00000  14.6%     -    0s
     0     2   35.00000    0    3   41.00000   35.00000  14.6%     -    0s
* 2602   842              28      39.0000000   35.00000  10.3%   7.4    0s
 13704   400   38.00000   17    4   39.00000   38.00000  2.56%   5.1    5s
 17475    37   38.00000   16    2   39.00000   38.00000  2.56%   4.6   10s

Cutting planes:
  Learned: 522
  Gomory: 3
  Cover: 4
  Implied bound: 4
  MIR: 47
  StrongCG: 1
  RLT: 8

Explored 17596 nodes (81785 simplex iterations) in 10.93 seconds (5.29 work units)
Thread count was 32 (of 32 available processors)

Solution count 5: 39 41 44 ... 50

Optimal solution found (tolerance 1.00e-04)
Best objective 3.900000000000e+01, best bound 3.900000000000e+01, gap 0.0000%
