
Gurobi 13.0.0 (win64) logging started Wed Nov 19 10:48:52 2025

Set parameter LogFile to value "./Results/StripPacking-CutHeur/Logs/SBL-111-StripPacking-15.log"
Set parameter TimeLimit to value 3600
Set parameter Cuts to value 1
Set parameter Presolve to value 1
Set parameter Heuristics to value 1
Set parameter LogToConsole to value 0
Set parameter LPWarmStart to value 2
Gurobi Optimizer version 13.0.0 build v13.0.0rc1 (win64 - Windows 11+.0 (26200.2))

CPU model: AMD Ryzen AI 9 365 w/ Radeon 880M, instruction set [SSE2|AVX|AVX2|AVX512]
Thread count: 10 physical cores, 20 logical processors, using up to 20 threads

Non-default parameters:
TimeLimit  3600
LPWarmStart  2
Heuristics  1
Cuts  1
LogToConsole  0
Presolve  1

Optimize a model with 1275 rows, 241 columns and 4230 nonzeros (Min)
Model fingerprint: 0xae5eb8e6
Model has 1 linear objective coefficients
Variable types: 31 continuous, 210 integer (210 binary)
Coefficient statistics:
  Matrix range     [1e+00, 1e+04]
  Objective range  [1e+00, 1e+00]
  Bounds range     [1e+00, 1e+04]
  RHS range        [5e-01, 1e+04]

Warning: Completing partial solution with 210 unfixed non-continuous variables out of 210
User MIP start produced solution with objective 72 (0.00s)
User MIP start produced solution with objective 72 (0.00s)
Loaded user MIP start with objective 72

Presolve removed 210 rows and 0 columns
Presolve time: 0.00s
Presolved: 1065 rows, 241 columns, 3600 nonzeros
Variable types: 31 continuous, 210 integer (210 binary)

Root relaxation: objective 3.700000e+01, 145 iterations, 0.01 seconds (0.00 work units)

    Nodes    |    Current Node    |     Objective Bounds      |     Work
 Expl Unexpl |  Obj  Depth IntInf | Incumbent    BestBd   Gap | It/Node Time

     0     0   37.00000    0   17   72.00000   37.00000  48.6%     -    0s
H    0     0                      68.0000000   37.00000  45.6%     -    0s
H    0     0                      67.0000000   37.00000  44.8%     -    0s
     0     0   37.00000    0   34   67.00000   37.00000  44.8%     -    0s
     0     0   37.00000    0   30   67.00000   37.00000  44.8%     -    0s
H    0     0                      66.0000000   37.00000  43.9%     -    0s
     0     0   37.00000    0   37   66.00000   37.00000  43.9%     -    0s
     0     0   37.00000    0   11   66.00000   37.00000  43.9%     -    0s
     0     0   37.00000    0   16   66.00000   37.00000  43.9%     -    0s
     0     0   37.00000    0   32   66.00000   37.00000  43.9%     -    0s
     0     0   37.00000    0   15   66.00000   37.00000  43.9%     -    0s
     0     0   37.00000    0   21   66.00000   37.00000  43.9%     -    0s
     0     0   37.00000    0   28   66.00000   37.00000  43.9%     -    0s
     0     0   37.00000    0   12   66.00000   37.00000  43.9%     -    0s
H    0     0                      65.0000000   37.00000  43.1%     -    0s
     0     0   37.00000    0   18   65.00000   37.00000  43.1%     -    0s
     0     0   37.00000    0   24   65.00000   37.00000  43.1%     -    0s
     0     0   37.00000    0   22   65.00000   37.00000  43.1%     -    0s
     0     0   37.00000    0   19   65.00000   37.00000  43.1%     -    0s
     0     0   37.00000    0   30   65.00000   37.00000  43.1%     -    0s
     0     0   37.00000    0   16   65.00000   37.00000  43.1%     -    0s
     0     0   37.00000    0   16   65.00000   37.00000  43.1%     -    0s
     0     0   37.00000    0   16   65.00000   37.00000  43.1%     -    0s
H    0     0                      61.0000000   37.00000  39.3%     -    0s
H    0     2                      59.0000000   37.00000  37.3%     -    0s
     0     2   37.00000    0   16   59.00000   37.00000  37.3%     -    0s

Cutting planes:
  Learned: 45
  MIR: 9
  RLT: 1

Explored 104 nodes (5621 simplex iterations) in 0.17 seconds (0.20 work units)
Thread count was 20 (of 20 available processors)

Solution count 7: 59 61 65 ... 72

Solve interrupted
Best objective 5.900000000000e+01, best bound 3.700000000000e+01, gap 37.2881%

Gurobi 13.0.0 (linux64) logging started Thu Nov 20 11:28:24 2025

Set parameter LogFile to value "./Results/StripPacking-CutHeur/Logs/SBL-111-StripPacking-15.log"
Set parameter TimeLimit to value 3600
Set parameter Cuts to value 1
Set parameter Presolve to value 1
Set parameter Heuristics to value 1
Set parameter LogToConsole to value 0
Set parameter LPWarmStart to value 2
Gurobi Optimizer version 13.0.0 build v13.0.0rc1 (linux64 - "Debian GNU/Linux 12 (bookworm)")

CPU model: Intel(R) Xeon(R) CPU E5-2630 v3 @ 2.40GHz, instruction set [SSE2|AVX|AVX2]
Thread count: 16 physical cores, 32 logical processors, using up to 32 threads

Non-default parameters:
TimeLimit  3600
LPWarmStart  2
Heuristics  1
Cuts  1
LogToConsole  0
Presolve  1

Optimize a model with 1275 rows, 241 columns and 4230 nonzeros (Min)
Model fingerprint: 0xae5eb8e6
Model has 1 linear objective coefficients
Variable types: 31 continuous, 210 integer (210 binary)
Coefficient statistics:
  Matrix range     [1e+00, 1e+04]
  Objective range  [1e+00, 1e+00]
  Bounds range     [1e+00, 1e+04]
  RHS range        [5e-01, 1e+04]

Warning: Completing partial solution with 210 unfixed non-continuous variables out of 210
User MIP start produced solution with objective 72 (0.00s)
User MIP start produced solution with objective 72 (0.00s)
Loaded user MIP start with objective 72

Presolve removed 210 rows and 0 columns
Presolve time: 0.01s
Presolved: 1065 rows, 241 columns, 3600 nonzeros
Variable types: 31 continuous, 210 integer (210 binary)

Root relaxation: objective 3.700000e+01, 145 iterations, 0.01 seconds (0.00 work units)

    Nodes    |    Current Node    |     Objective Bounds      |     Work
 Expl Unexpl |  Obj  Depth IntInf | Incumbent    BestBd   Gap | It/Node Time

     0     0   37.00000    0   17   72.00000   37.00000  48.6%     -    0s
H    0     0                      68.0000000   37.00000  45.6%     -    0s
H    0     0                      67.0000000   37.00000  44.8%     -    0s
     0     0   37.00000    0   34   67.00000   37.00000  44.8%     -    0s
     0     0   37.00000    0   30   67.00000   37.00000  44.8%     -    0s
H    0     0                      66.0000000   37.00000  43.9%     -    0s
     0     0   37.00000    0   30   66.00000   37.00000  43.9%     -    0s
     0     0   37.00000    0   13   66.00000   37.00000  43.9%     -    0s
H    0     0                      63.0000000   37.00000  41.3%     -    0s
     0     0   37.00000    0   14   63.00000   37.00000  41.3%     -    0s
     0     0   37.00000    0   22   63.00000   37.00000  41.3%     -    0s
     0     0   37.00000    0   19   63.00000   37.00000  41.3%     -    0s
H    0     0                      59.0000000   37.00000  37.3%     -    0s
     0     0   37.00000    0   21   59.00000   37.00000  37.3%     -    0s
     0     0   37.00000    0   43   59.00000   37.00000  37.3%     -    0s
     0     0   37.00000    0   17   59.00000   37.00000  37.3%     -    0s
     0     0   37.00000    0   20   59.00000   37.00000  37.3%     -    0s
     0     0   37.00000    0   32   59.00000   37.00000  37.3%     -    0s
     0     0   37.00000    0   12   59.00000   37.00000  37.3%     -    0s
     0     0   37.00000    0   24   59.00000   37.00000  37.3%     -    0s
     0     0   37.00000    0   42   59.00000   37.00000  37.3%     -    0s
     0     0   37.00000    0   17   59.00000   37.00000  37.3%     -    0s
     0     0   37.00000    0   17   59.00000   37.00000  37.3%     -    0s
     0     0   37.00000    0   14   59.00000   37.00000  37.3%     -    0s
     0     2   37.00000    0   14   59.00000   37.00000  37.3%     -    0s
H   37    48                      57.0000000   37.00000  35.1%  19.2    0s
H  636   714                      56.0000000   37.00000  33.9%  12.2    0s
H  668   714                      54.0000000   37.00000  31.5%  12.2    0s
H 2135  1340                      53.0000000   37.00000  30.2%  12.8    1s
H 2462  1244                      52.0000000   37.00000  28.8%  12.6    1s
  3681  1646   37.00000   20   24   52.00000   37.00000  28.8%  17.7    5s
H 3840  1632                      52.0000000   37.00000  28.8%  18.4    6s
* 4187  1607              34      51.0000000   37.00000  27.5%  19.1    7s
H 4433  1681                      51.0000000   37.00000  27.5%  19.9    8s
* 4625  1555              36      50.0000000   37.00000  26.0%  20.5    8s
H 4762  1500                      50.0000000   37.00000  26.0%  20.7    8s
  5606  1459   43.00000   22   23   50.00000   37.00000  26.0%  23.3   10s
H 6172  1357                      49.0000000   37.00000  24.5%  24.7   12s
  7222  1498   43.00000   25   23   49.00000   37.00000  24.5%  25.9   15s
H 7395  1533                      49.0000000   37.00000  24.5%  26.3   16s
  7815  1618   41.00000   26   25   49.00000   37.00000  24.5%  26.8   20s
  8174  1693 infeasible   32        49.00000   37.00000  24.5%  27.2   25s
  8502  1749   42.00000   26   13   49.00000   37.00000  24.5%  27.3   30s
  8705  1786   48.00000   29   12   49.00000   37.00000  24.5%  27.5   35s
  9178  1797   37.00000   24   50   49.00000   37.00000  24.5%  27.8   40s
 10384  2170   41.00000   27   34   49.00000   37.00000  24.5%  28.5   46s
 12379  2496   47.00000   25   34   49.00000   37.00000  24.5%  29.3   50s
 13168  2712 infeasible   30        49.00000   37.00000  24.5%  29.5   55s
 13821  2839   47.00000   33   22   49.00000   37.00000  24.5%  29.8   60s
 14417  2910 infeasible   35        49.00000   37.00000  24.5%  30.1   66s
 14740  3076   47.00000   19   28   49.00000   37.00000  24.5%  30.2   71s
 15173  3129   47.00000   28   33   49.00000   37.00000  24.5%  30.2   75s
 15721  3207   42.00000   32   19   49.00000   37.00000  24.5%  30.4   80s
 16343  3377   46.00000   28   28   49.00000   37.00000  24.5%  30.6   87s
 16773  3423 infeasible   23        49.00000   37.00000  24.5%  30.6   91s
 17855  3724   37.00000   30   32   49.00000   37.00000  24.5%  30.9   96s
 18710  4020   43.00000   32   27   49.00000   37.00000  24.5%  31.1  101s
 19752  4113 infeasible   33        49.00000   37.00000  24.5%  31.5  105s
 20497  4212 infeasible   31        49.00000   37.00000  24.5%  31.8  113s
 20591  4216   48.00000   30   17   49.00000   37.00000  24.5%  31.8  115s
 20703  4245   37.00298   31   33   49.00000   37.00000  24.5%  31.8  120s
 20808  4265   47.00000   33   15   49.00000   37.00000  24.5%  31.8  125s
 20916  4292   46.00000   34   18   49.00000   37.00000  24.5%  31.8  130s
 21084  4367   46.00000   36   13   49.00000   37.00000  24.5%  31.8  136s
 21257  4378   46.00000   33   29   49.00000   37.00000  24.5%  31.8  140s
 21488  4469 infeasible   22        49.00000   37.00000  24.5%  31.8  145s
 21654  4648 infeasible   28        49.00000   37.00000  24.5%  31.8  152s
 22229  4805   37.00000   29   28   49.00000   37.00000  24.5%  31.9  155s
 25169  5271   47.00000   31   18   49.00000   37.00000  24.5%  32.5  161s
 25936  5277 infeasible   32        49.00000   37.00000  24.5%  32.8  167s
 25988  5404   37.18243   31   47   49.00000   37.00000  24.5%  32.8  170s
 26567  5649   43.00000   33   21   49.00000   37.00000  24.5%  32.9  178s
*26873  5511              36      48.0000000   37.00000  22.9%  32.9  178s
 27695  5533 infeasible   29        48.00000   37.00000  22.9%  33.0  182s
H27726  5533                      48.0000000   37.00000  22.9%  33.0  182s
 27929  5776   41.00000   20   36   48.00000   37.00000  22.9%  33.1  185s
 29110  5966   47.00000   47   14   48.00000   37.00000  22.9%  33.3  191s
 30330  5989   43.00000   21   49   48.00000   37.00000  22.9%  33.8  196s
 30555  6140   46.00000   22   36   48.00000   37.00000  22.9%  33.9  201s
 31457  6309   43.00000   28   14   48.00000   37.00000  22.9%  34.2  208s
 33202  6626   43.00000   29   16   48.00000   37.00000  22.9%  34.7  213s
 35814  7060   43.00000   32   28   48.00000   37.00000  22.9%  35.3  218s
 37266  7294   43.00000   33   27   48.00000   37.00000  22.9%  35.3  223s
 39573  7306   46.00000   34   28   48.00000   37.00000  22.9%  35.7  228s
 39624  7392 infeasible   35        48.00000   37.00000  22.9%  35.7  232s
 40022  7635 infeasible   25        48.00000   37.00000  22.9%  35.8  237s
 41861  8194   46.00000   37   26   48.00000   37.00000  22.9%  36.0  243s
 46103  8190 infeasible   37        48.00000   37.00000  22.9%  36.4  248s
 46171  8203   46.00000   21   16   48.00000   37.00000  22.9%  36.4  252s
 46222  8217   46.00000   22   16   48.00000   37.00000  22.9%  36.4  256s
 46276  8245   46.00000   23   17   48.00000   37.00000  22.9%  36.4  261s
 46442  8251   37.00000   29   32   48.00000   37.00000  22.9%  36.4  266s
 46499  8276   37.12376   30   31   48.00000   37.00000  22.9%  36.5  271s
 46552  8298   37.38554   31   27   48.00000   37.00000  22.9%  36.4  276s
 46594  8480   43.00000   32   26   48.00000   37.00000  22.9%  36.4  281s
 47457  8665   37.00000   27   44   48.00000   37.00000  22.9%  36.3  286s
 49375  9006   37.00000   28   42   48.00000   37.00000  22.9%  36.5  293s
 52023  9176   38.00000   29   37   48.00000   37.00000  22.9%  36.7  299s
 52633  9348 infeasible   45        48.00000   37.00000  22.9%  36.6  305s
 54169  9381 infeasible   29        48.00000   37.00000  22.9%  36.7  311s
 54472  9387 infeasible   32        48.00000   37.00000  22.9%  36.7  317s
 54529  9450   43.00000   30   24   48.00000   37.00000  22.9%  36.7  326s
 54721  9987   43.00000   31   21   48.00000   37.00000  22.9%  36.7  333s
 57098 10063   43.00000   32   19   48.00000   37.00000  22.9%  36.5  341s
 58004 10075 infeasible   40        48.00000   37.00000  22.9%  36.6  352s
 58106 11208 infeasible   28        48.00000   37.00000  22.9%  36.6  364s
 59135 11208   41.00000   28   39   48.00000   37.00000  22.9%  36.6  365s
 69142 11218 infeasible   37        48.00000   37.00000  22.9%  36.9  372s
 69310 11230   37.00000   28   32   48.00000   37.00000  22.9%  36.9  375s
 69470 11251   37.00000   30   28   48.00000   37.00000  22.9%  36.9  385s
 69617 11258 infeasible   31        48.00000   37.00000  22.9%  36.9  391s
 69844 11369   45.00000   32   21   48.00000   37.00000  22.9%  37.0  395s
 70384 11397   43.00000   28   28   48.00000   37.00000  22.9%  36.9  400s
 70735 11425   43.00000   29   26   48.00000   37.00000  22.9%  37.0  405s
 71223 11597 infeasible   30        48.00000   37.00000  22.9%  37.0  412s
 72014 11683   47.00000   29   22   48.00000   37.00000  22.9%  36.9  418s
 73475 11785 infeasible   32        48.00000   37.00000  22.9%  37.0  425s
 77444 11803 infeasible   29        48.00000   37.00000  22.9%  37.0  432s
 77489 11856   47.00000   31   30   48.00000   37.00000  22.9%  37.0  438s
 78055 11957   47.00000   31   29   48.00000   37.00000  22.9%  37.0  446s
 80257 12071 infeasible   32        48.00000   37.00000  22.9%  36.9  454s
 83904 12175     cutoff   31        48.00000   37.00000  22.9%  36.7  462s
 86458 12178   43.00000   30   41   48.00000   37.00000  22.9%  36.7  470s
 86569 12173 infeasible   31        48.00000   37.00000  22.9%  36.7  478s
 86638 12283 infeasible   32        48.00000   37.00000  22.9%  36.7  487s
 87312 12310   45.00000   33   35   48.00000   38.00000  20.8%  36.6  502s
 97493 12332 infeasible   33        48.00000   38.00000  20.8%  36.3  509s
 97968 12328 infeasible   34        48.00000   38.00000  20.8%  36.2  514s
 98245 12328   39.00000   35   41   48.00000   38.00000  20.8%  36.2  515s
 98420 12458   41.00000   30   28   48.00000   38.00000  20.8%  36.2  521s
 99284 12440   41.00000   31   26   48.00000   39.00000  18.7%  36.2  528s
 101528 12444 infeasible   29        48.00000   39.00000  18.7%  36.2  536s
 101588 12425 infeasible   27        48.00000   39.00000  18.7%  36.2  543s
 103651 12716 infeasible   28        48.00000   39.00000  18.7%  36.1  554s
 105561 12635   47.00000   29   11   48.00000   39.00000  18.7%  35.9  563s
 113479 12628 infeasible   36        48.00000   40.00000  16.7%  35.7  570s
 113550 12629   46.00000   31   21   48.00000   40.00000  16.7%  35.8  576s
 113613 12637   46.00000   32   14   48.00000   40.00000  16.7%  35.7  583s
 113675 12647 infeasible   33        48.00000   40.00000  16.7%  35.7  589s
 113729 12628   46.00000   32   13   48.00000   40.00000  16.7%  35.7  596s
 114430 12642   46.00000   32   14   48.00000   40.00000  16.7%  35.7  605s
 115006 12942 infeasible   33        48.00000   41.00000  14.6%  35.7  615s
 118309 13376   46.00000   34   10   48.00000   41.00000  14.6%  35.4  630s
 137841 13385   47.00000   42    2   48.00000   43.00000  10.4%  34.8  638s
 137904 13383 infeasible   43        48.00000   43.00000  10.4%  34.8  641s
 137969 13391 infeasible   43        48.00000   43.00000  10.4%  34.8  645s
 138093 13384   43.00000   36   21   48.00000   43.00000  10.4%  34.8  652s
 138160 13389   43.00000   37   22   48.00000   43.00000  10.4%  34.8  656s
 138218 13387 infeasible   38        48.00000   43.00000  10.4%  34.8  661s
 138284 13396   43.00000   38   21   48.00000   43.00000  10.4%  34.8  665s
 138338 13401   45.00000   39   17   48.00000   43.00000  10.4%  34.8  673s
 138397 13405   46.00000   40   17   48.00000   43.00000  10.4%  34.8  677s
 138475 13418 infeasible   41        48.00000   43.00000  10.4%  34.8  681s
 138601 13409 infeasible   40        48.00000   43.00000  10.4%  34.8  688s
 138679 13442 infeasible   41        48.00000   43.00000  10.4%  34.8  692s
 139031 13424   47.00000   44   13   48.00000   43.00000  10.4%  34.8  699s
 139235 13427   47.00000   45    8   48.00000   43.00000  10.4%  34.8  705s
 139296 13462 infeasible   46        48.00000   43.00000  10.4%  34.8  711s
 139777 13456 infeasible   46        48.00000   43.00000  10.4%  34.8  718s
 139879 13518   47.00000   45   11   48.00000   43.00000  10.4%  34.8  724s
 140355 13513   47.00000   46    9   48.00000   43.00000  10.4%  34.8  732s
 141076 13656   47.00000   42    9   48.00000   43.00000  10.4%  34.7  739s
 142005 13697   47.00000   43    8   48.00000   43.00000  10.4%  34.7  746s
 143319 13743 infeasible   25        48.00000   43.00000  10.4%  34.6  753s
 143799 13739   43.00000   31   37   48.00000   43.00000  10.4%  34.6  762s
 143865 13783   43.00000   32   33   48.00000   43.00000  10.4%  34.6  772s
 144175 13815   46.00000   35   28   48.00000   43.00000  10.4%  34.6  781s
 144297 13919   43.00000   35   39   48.00000   43.00000  10.4%  34.6  791s
 145291 13929 infeasible   36        48.00000   43.00000  10.4%  34.5  801s
 146009 14201   43.00000   37   20   48.00000   43.00000  10.4%  34.5  813s
 148967 14242   43.00000   41   19   48.00000   43.00000  10.4%  34.3  829s
 150644 15550 infeasible   32        48.00000   43.00000  10.4%  34.3  857s
 176638 15537 infeasible   30        48.00000   43.00000  10.4%  33.6  863s
 176713 15542   47.00000   19   23   48.00000   43.00000  10.4%  33.7  867s
 176770 15545 infeasible   20        48.00000   43.00000  10.4%  33.7  872s
 176829 15562 infeasible   29        48.00000   43.00000  10.4%  33.6  877s
 176875 15575 infeasible   30        48.00000   43.00000  10.4%  33.6  885s
 176924 15581   43.00000   31   20   48.00000   43.00000  10.4%  33.6  893s
 176981 15599   43.00000   32   22   48.00000   43.00000  10.4%  33.6  898s
 177026 15605 infeasible   33        48.00000   43.00000  10.4%  33.6  904s
 177084 15606   43.00000   34   18   48.00000   43.00000  10.4%  33.6  909s
 177144 15755   43.00000   35   18   48.00000   43.00000  10.4%  33.6  916s
 177807 16130   43.00000   36   17   48.00000   43.00000  10.4%  33.6  923s
 180049 16682   46.00000   37   12   48.00000   43.00000  10.4%  33.5  939s
*187946 10491              44      47.0000000   43.00000  8.51%  33.3  939s
 194313 10087 infeasible   38        47.00000   43.00000  8.51%  33.2  943s
H195050 10087                      47.0000000   43.00000  8.51%  33.2  943s
 197360 10085 infeasible   34        47.00000   43.00000  8.51%  33.2  947s
 197424 10089 infeasible   35        47.00000   43.00000  8.51%  33.2  952s
 197525 10093 infeasible   29        47.00000   43.00000  8.51%  33.2  956s
 197585 10115   46.00000   30   13   47.00000   43.00000  8.51%  33.2  960s
 197627 10108 infeasible   31        47.00000   43.00000  8.51%  33.2  965s
 197698 10110 infeasible   31        47.00000   43.00000  8.51%  33.2  971s
 197760 10118   46.00000   32   24   47.00000   43.00000  8.51%  33.2  978s
 197815 10117 infeasible   33        47.00000   43.00000  8.51%  33.2  986s
 197880 10113 infeasible   34        47.00000   43.00000  8.51%  33.2  990s
 198106 10118 infeasible   33        47.00000   43.00000  8.51%  33.2  996s
 198165 10123 infeasible   33        47.00000   43.00000  8.51%  33.2 1001s
 198368 10144   43.00000   25   24   47.00000   43.00000  8.51%  33.2 1006s
 198580 10161   43.00000   26   22   47.00000   43.00000  8.51%  33.2 1012s
 199542 10166 infeasible   27        47.00000   43.00000  8.51%  33.1 1019s
 202840 10259   45.00000   28   27   47.00000   43.00000  8.51%  33.0 1028s
 206427 10263   46.00000   29   23   47.00000   43.00000  8.51%  32.9 1034s
 206487 10261 infeasible   30        47.00000   43.00000  8.51%  32.9 1041s
 206771 10399 infeasible   30        47.00000   43.00000  8.51%  32.9 1048s
 207321 10416   46.00000   29   23   47.00000   43.00000  8.51%  32.9 1056s
 209093 10221 infeasible   30        47.00000   43.00000  8.51%  32.8 1072s
 224401 10222   43.00000   32   27   47.00000   43.00000  8.51%  32.5 1076s
 224462 10219   43.00000   33   26   47.00000   43.00000  8.51%  32.5 1080s
 224594 10223   43.00000   34   29   47.00000   43.00000  8.51%  32.5 1088s
 224650 10224 infeasible   35        47.00000   43.00000  8.51%  32.5 1092s
 224719 10231 infeasible   36        47.00000   43.00000  8.51%  32.5 1096s
 224771 10240   43.00000   37   26   47.00000   43.00000  8.51%  32.5 1100s
 224893 10284   43.00000   39   25   47.00000   43.00000  8.51%  32.5 1109s
 224985 10318 infeasible   40        47.00000   43.00000  8.51%  32.5 1114s
 225281 10340   43.00000   40   24   47.00000   43.00000  8.51%  32.4 1119s
 225420 10358   43.00000   41   24   47.00000   43.00000  8.51%  32.4 1126s
 225471 10368 infeasible   44        47.00000   43.00000  8.51%  32.4 1133s
 225522 10378 infeasible   44        47.00000   43.00000  8.51%  32.4 1141s
 225587 10385   43.00000   45   24   47.00000   43.00000  8.51%  32.4 1146s
 225641 10399   44.00000   46   20   47.00000   43.00000  8.51%  32.4 1154s
 225688 10473   44.00000   47   18   47.00000   43.00000  8.51%  32.4 1159s
 226135 10631 infeasible   48        47.00000   43.00000  8.51%  32.4 1166s
 226977 10657 infeasible   45        47.00000   43.00000  8.51%  32.4 1172s
 229512 10699 infeasible   45        47.00000   43.00000  8.51%  32.3 1179s
 233178 10678     cutoff   44        47.00000   43.00000  8.51%  32.2 1186s
 233259 10749 infeasible   45        47.00000   43.00000  8.51%  32.2 1193s
 233628 10747   43.00000   42   30   47.00000   43.00000  8.51%  32.2 1200s
 234234 10748 infeasible   43        47.00000   43.00000  8.51%  32.2 1208s
 234342 10768   46.00000   44   22   47.00000   43.00000  8.51%  32.2 1218s
 234703 11008 infeasible   45        47.00000   43.00000  8.51%  32.2 1228s
 236582 11007   46.00000   47   12   47.00000   43.00000  8.51%  32.1 1237s
 237774 10997   46.00000   48   15   47.00000   43.00000  8.51%  32.1 1248s
 242026 10988 infeasible   31        47.00000   43.00000  8.51%  32.0 1262s
 242098  9642 infeasible   36        47.00000   43.00000  8.51%  32.0 1356s
 266808  9652     cutoff   29        47.00000   43.00000  8.51%  31.4 1369s
 266857  9657   46.00000   34   28   47.00000   43.00000  8.51%  31.4 1384s
 267852  9654 infeasible   40        47.00000   43.00000  8.51%  31.4 1398s
 267915  9658   45.00000   31   14   47.00000   43.00000  8.51%  31.4 1413s
 269298  9644 infeasible   34        47.00000   44.00000  6.38%  31.4 1429s
 271199  9694   46.00000   36   23   47.00000   44.00000  6.38%  31.3 1447s
 285887  9695   45.00000   34   14   47.00000   45.00000  4.26%  30.8 1462s
 285950  8026 infeasible   35        47.00000   45.00000  4.26%  30.8 1509s
 305388  8026 infeasible   31        47.00000   45.00000  4.26%  30.5 1510s
 310568  7113   46.00000   31   36   47.00000   46.00000  2.13%  30.4 1517s
 319824  7100   46.00000   37   15   47.00000   46.00000  2.13%  30.3 1522s
 319901  7090 infeasible   38        47.00000   46.00000  2.13%  30.3 1527s
 319975  7087     cutoff   39        47.00000   46.00000  2.13%  30.3 1531s
 320041  7081   46.00000   34   17   47.00000   46.00000  2.13%  30.3 1536s
 320111  7061   46.00000   35   15   47.00000   46.00000  2.13%  30.3 1541s
 320194  7049 infeasible   36        47.00000   46.00000  2.13%  30.3 1546s
 320270  7045 infeasible   38        47.00000   46.00000  2.13%  30.3 1554s
 320338  7054 infeasible   39        47.00000   46.00000  2.13%  30.3 1559s
 320393  7002 infeasible   40        47.00000   46.00000  2.13%  30.3 1565s
 320728  6957 infeasible   33        47.00000   46.00000  2.13%  30.3 1573s
 321074  6953   46.00000   34   13   47.00000   46.00000  2.13%  30.2 1579s
 321198  6797 infeasible   35        47.00000   46.00000  2.13%  30.2 1588s
 322460  6599 infeasible   27        47.00000   46.00000  2.13%  30.2 1598s
 324669  6431 infeasible   45        47.00000   46.00000  2.13%  30.2 1608s
 325788  6362 infeasible   34        47.00000   46.00000  2.13%  30.2 1617s
 326662  6235 infeasible   40        47.00000   46.00000  2.13%  30.2 1626s
 327977  5536   46.00000   25   17   47.00000   46.00000  2.13%  30.2 1636s
 335611  5191   46.00000   42   19   47.00000   46.00000  2.13%  30.1 1644s
 338851  5190 infeasible   35        47.00000   46.00000  2.13%  30.0 1652s
 338915  5189   46.00000   32   25   47.00000   46.00000  2.13%  30.0 1659s
 339078  5098 infeasible   33        47.00000   46.00000  2.13%  30.0 1667s
 339935  4978 infeasible   34        47.00000   46.00000  2.13%  30.0 1677s
 341391  4825 infeasible   35        47.00000   46.00000  2.13%  30.0 1686s
 342768  4610 infeasible   32        47.00000   46.00000  2.13%  30.0 1697s
 345466  3781   46.00000   33   18   47.00000   46.00000  2.13%  30.0 1707s
 355620  3583 infeasible   44        47.00000   46.00000  2.13%  29.8 1715s
 357893  3473   46.00000   25   23   47.00000   46.00000  2.13%  29.8 1722s
 359350  3464 infeasible   32        47.00000   46.00000  2.13%  29.8 1729s
 359422  3424   46.00000   32   16   47.00000   46.00000  2.13%  29.8 1737s
 359779  3156 infeasible   33        47.00000   46.00000  2.13%  29.8 1745s
 362178  3035 infeasible   32        47.00000   46.00000  2.13%  29.8 1755s
 364985  2913   46.00000   24   27   47.00000   46.00000  2.13%  29.7 1765s
 366383  2658 infeasible   24        47.00000   46.00000  2.13%  29.7 1775s
 368967  2657   46.00000   32   20   47.00000   46.00000  2.13%  29.7 1786s
 369054  2651   46.00000   33   36   47.00000   46.00000  2.13%  29.7 1797s
 369123  2602   46.00000   34   34   47.00000   46.00000  2.13%  29.7 1807s
 369635  2408   46.00000   35   34   47.00000   46.00000  2.13%  29.6 1823s
 372049  1591   46.00000   36   32   47.00000   46.00000  2.13%  29.6 1837s
 386711  1578 infeasible   28        47.00000   46.00000  2.13%  29.5 1843s
 386785  1581 infeasible   28        47.00000   46.00000  2.13%  29.5 1849s
 386846  1577   46.00000   38    9   47.00000   46.00000  2.13%  29.5 1856s
 386912  1578   46.00000   39    8   47.00000   46.00000  2.13%  29.5 1862s
 386975  1564   46.00000   40    7   47.00000   46.00000  2.13%  29.5 1869s
 387053  1561   46.00000   41    7   47.00000   46.00000  2.13%  29.5 1876s
 387136  1549 infeasible   42        47.00000   46.00000  2.13%  29.5 1882s
 387241  1536   46.00000   41    4   47.00000   46.00000  2.13%  29.5 1889s
 387638  1529 infeasible   42        47.00000   46.00000  2.13%  29.5 1896s
 387709  1507   46.00000   34   22   47.00000   46.00000  2.13%  29.5 1904s
 388326  1480 infeasible   44        47.00000   46.00000  2.13%  29.5 1912s
 388850  1434 infeasible   45        47.00000   46.00000  2.13%  29.5 1923s
 389931  1264   46.00000   41   13   47.00000   46.00000  2.13%  29.4 1935s
 391513  1466   46.00000   42   15   47.00000   46.00000  2.13%  29.4 1946s
 393933  1137   46.00000   41   13   47.00000   46.00000  2.13%  29.4 1961s
 399173   422   46.00000   34   12   47.00000   46.00000  2.13%  29.3 1971s
 407674   417   46.00000   39   11   47.00000   46.00000  2.13%  29.2 1976s
 407925   416 infeasible   40        47.00000   46.00000  2.13%  29.2 1982s
 407989   424 infeasible   41        47.00000   46.00000  2.13%  29.2 1988s
 408045   420 infeasible   42        47.00000   46.00000  2.13%  29.2 1994s
 408209   409 infeasible   43        47.00000   46.00000  2.13%  29.2 2000s
 408456   376 infeasible   44        47.00000   46.00000  2.13%  29.2 2010s
 408877   297 infeasible   40        47.00000   46.00000  2.13%  29.2 2020s
 410262   318   46.00000   38   18   47.00000   46.00000  2.13%  29.2 2031s
 410402   414   46.00000   39   19   47.00000   46.00000  2.13%  29.2 2039s
 411406   315 infeasible   46        47.00000   46.00000  2.13%  29.1 2048s
 412988   165 infeasible   42        47.00000   46.00000  2.13%  29.1 2056s
 415216    71   46.00000   37   18   47.00000   46.00000  2.13%  29.1 2062s
 416501    72     cutoff   32        47.00000   46.00000  2.13%  29.1 2072s
 416550    91   46.00000   37   25   47.00000   46.00000  2.13%  29.1 2078s
 416830   103   46.00000   38   20   47.00000   46.00000  2.13%  29.1 2089s
 416875   205   46.00000   39   18   47.00000   46.00000  2.13%  29.1 2100s
 418307    82   46.00000   52    9   47.00000   46.00000  2.13%  29.0 2110s
 420771    91   46.00000   46   11   47.00000   46.00000  2.13%  29.0 2116s
 421420    68   46.00000   55    9   47.00000   46.00000  2.13%  28.9 2124s
 423142     0   46.00000   47    6   47.00000   46.00000  2.13%  28.9 2126s

Cutting planes:
  Learned: 6606
  Gomory: 4
  Cover: 79
  Implied bound: 2
  MIR: 124
  StrongCG: 11
  Flow cover: 442
  Inf proof: 2
  RLT: 28
  Relax-and-lift: 3

Explored 423759 nodes (12238170 simplex iterations) in 2126.57 seconds (704.85 work units)
Thread count was 32 (of 32 available processors)

Solution count 10: 47 47 47 ... 51

Optimal solution found (tolerance 1.00e-04)
Best objective 4.700000000000e+01, best bound 4.700000000000e+01, gap 0.0000%
