
Gurobi 13.0.0 (linux64) logging started Thu Nov 20 10:48:31 2025

Set parameter LogFile to value "./Results/StripPacking-CutHeur/Logs/SBL-010-StripPacking-10.log"
Set parameter TimeLimit to value 3600
Set parameter Cuts to value 0
Set parameter Presolve to value 1
Set parameter Heuristics to value 0
Set parameter LogToConsole to value 0
Set parameter LPWarmStart to value 2
Gurobi Optimizer version 13.0.0 build v13.0.0rc1 (linux64 - "Debian GNU/Linux 12 (bookworm)")

CPU model: Intel(R) Xeon(R) CPU E5-2630 v3 @ 2.40GHz, instruction set [SSE2|AVX|AVX2]
Thread count: 16 physical cores, 32 logical processors, using up to 32 threads

Non-default parameters:
TimeLimit  3600
LPWarmStart  2
Heuristics  0
Cuts  0
LogToConsole  0
Presolve  1

Optimize a model with 550 rows, 111 columns and 1820 nonzeros (Min)
Model fingerprint: 0x696f253e
Model has 1 linear objective coefficients
Variable types: 21 continuous, 90 integer (90 binary)
Coefficient statistics:
  Matrix range     [1e+00, 1e+04]
  Objective range  [1e+00, 1e+00]
  Bounds range     [1e+00, 1e+04]
  RHS range        [2e+00, 1e+04]

User MIP start produced solution with objective 50 (0.00s)
Loaded user MIP start with objective 50

Presolve removed 90 rows and 0 columns
Presolve time: 0.00s
Presolved: 460 rows, 111 columns, 1550 nonzeros
Variable types: 21 continuous, 90 integer (90 binary)

Root relaxation: objective 3.500000e+01, 48 iterations, 0.00 seconds (0.00 work units)

    Nodes    |    Current Node    |     Objective Bounds      |     Work
 Expl Unexpl |  Obj  Depth IntInf | Incumbent    BestBd   Gap | It/Node Time

     0     0   35.00000    0    2   50.00000   35.00000  30.0%     -    0s
     0     0   35.00000    0    2   50.00000   35.00000  30.0%     -    0s
     0     2   35.00000    0    2   50.00000   35.00000  30.0%     -    0s
*  225   418              20      46.0000000   35.00000  23.9%   7.3    0s
*  324   418              27      45.0000000   35.00000  22.2%   6.8    0s
*  672   550              30      43.0000000   35.00000  18.6%   6.7    0s
* 1001   704              23      42.0000000   35.00000  16.7%   6.2    0s
* 1046   704              21      41.0000000   35.00000  14.6%   6.2    0s
* 2224   933              30      39.0000000   35.00000  10.3%   5.6    0s
* 4617   808              24      39.0000000   35.00000  10.3%   5.0    0s

Explored 12685 nodes (48244 simplex iterations) in 0.30 seconds (0.13 work units)
Thread count was 32 (of 32 available processors)

Solution count 8: 39 39 41 ... 50

Optimal solution found (tolerance 1.00e-04)
Best objective 3.899999999600e+01, best bound 3.899999999600e+01, gap 0.0000%
