
Gurobi 13.0.0 (linux64) logging started Fri Nov 21 00:32:33 2025

Set parameter LogFile to value "./Results/StripPacking-CutHeur/Logs/SBL-010-StripPacking-25.log"
Set parameter TimeLimit to value 3600
Set parameter Cuts to value 0
Set parameter Presolve to value 1
Set parameter Heuristics to value 0
Set parameter LogToConsole to value 0
Set parameter LPWarmStart to value 2
Gurobi Optimizer version 13.0.0 build v13.0.0rc1 (linux64 - "Debian GNU/Linux 12 (bookworm)")

CPU model: Intel(R) Xeon(R) CPU E5-2630 v3 @ 2.40GHz, instruction set [SSE2|AVX|AVX2]
Thread count: 16 physical cores, 32 logical processors, using up to 32 threads

Non-default parameters:
TimeLimit  3600
LPWarmStart  2
Heuristics  0
Cuts  0
LogToConsole  0
Presolve  1

Optimize a model with 3625 rows, 651 columns and 12050 nonzeros (Min)
Model fingerprint: 0x42a1f42f
Model has 1 linear objective coefficients
Variable types: 51 continuous, 600 integer (600 binary)
Coefficient statistics:
  Matrix range     [1e+00, 1e+04]
  Objective range  [1e+00, 1e+00]
  Bounds range     [1e+00, 1e+04]
  RHS range        [5e-01, 1e+04]

Warning: Completing partial solution with 600 unfixed non-continuous variables out of 600
User MIP start produced solution with objective 102.2 (0.00s)
Loaded user MIP start with objective 102.2

Presolve removed 600 rows and 0 columns
Presolve time: 0.01s
Presolved: 3025 rows, 651 columns, 10250 nonzeros
Variable types: 51 continuous, 600 integer (600 binary)

Root relaxation: objective 3.500000e+01, 356 iterations, 0.02 seconds (0.02 work units)

    Nodes    |    Current Node    |     Objective Bounds      |     Work
 Expl Unexpl |  Obj  Depth IntInf | Incumbent    BestBd   Gap | It/Node Time

     0     0   35.00000    0   68  102.20000   35.00000  65.8%     -    0s
     0     0   35.00000    0   68  102.20000   35.00000  65.8%     -    0s
     0     0   35.00000    0   68  102.20000   35.00000  65.8%     -    0s
     0     2   35.00000    0   68  102.20000   35.00000  65.8%     -    0s
* 3600  3210             171     102.0000000   35.00000  65.7%  13.9    0s
* 6045  4768             101      98.0000000   35.00000  64.3%  17.9    2s
* 6046  4586             101      97.0000000   35.00000  63.9%  17.9    2s
* 7640  5222             147      96.0000000   35.00000  63.5%  19.0    3s
* 9730  6035             129      95.0000000   35.00000  63.2%  20.5    4s
 10949  6814   70.00000  106   31   95.00000   35.00000  63.2%  20.9    5s
*12188  7090             158      95.0000000   35.00000  63.2%  20.8    5s
*13035  7098             131      94.0000000   35.00000  62.8%  20.9    6s
*13664  7355             165      93.0000000   35.00000  62.4%  21.0    6s
*15290  7986             124      92.0000000   35.00000  62.0%  21.6    7s
*16436  9236             125      92.0000000   35.00000  62.0%  21.9    8s
*17830  9059             131      89.0000000   35.00000  60.7%  21.8    8s
*20679 10872             127      89.0000000   35.00000  60.7%  21.9    9s
 20975 11437   35.00000   20   82   89.00000   35.00000  60.7%  22.0   10s
*21126 11004             132      88.0000000   35.00000  60.2%  21.9   10s
*21783 10228             149      85.0000000   35.00000  58.8%  22.0   10s
 31656 17868   73.00000   57   54   85.00000   35.00000  58.8%  23.3   15s
 43775 27202   63.00000   48   44   85.00000   35.00000  58.8%  23.6   20s
 56813 37070   84.00000   87   27   85.00000   35.00000  58.8%  23.9   25s
 71738 48369 infeasible   98        85.00000   35.00000  58.8%  24.0   30s
 82922 57282   63.00000   64   79   85.00000   35.00000  58.8%  24.2   35s
*88613 51675             130      84.0000000   35.00000  58.3%  24.2   36s
 95811 58400   75.00000   63   68   84.00000   35.00000  58.3%  24.4   40s
 112856 70448   51.00000   32   81   84.00000   35.00000  58.3%  24.4   45s
*119105 65059             112      83.0000000   35.00000  57.8%  24.2   47s
 125966 71717   65.00000   54   43   83.00000   35.00000  57.8%  24.4   51s
 139140 81410   53.00000   31   79   83.00000   35.00000  57.8%  24.4   55s
 152772 91162   62.00000   36   49   83.00000   35.00000  57.8%  24.4   60s
 165038 100276   82.00000   55   38   83.00000   35.00000  57.8%  24.4   65s
 178191 109797   82.00000   68   30   83.00000   35.00000  57.8%  24.5   70s
 191232 118733   79.00000   52   53   83.00000   35.00000  57.8%  24.4   75s
*197065 103434             131      82.0000000   35.00000  57.3%  24.5   76s
 203506 109968   72.00000   63   51   82.00000   35.00000  57.3%  24.6   80s
 215995 119036   75.00000   96   54   82.00000   35.00000  57.3%  24.7   85s
*217271 89944             129      79.0000000   35.00000  55.7%  24.7   85s
 228714 97686   74.00000   55   55   79.00000   35.00000  55.7%  24.8   90s
 241655 106560   57.00000   32   56   79.00000   35.00000  55.7%  25.0   96s
 251101 112756     cutoff   69        79.00000   35.00000  55.7%  25.1  100s
 264390 121499 infeasible   78        79.00000   35.00000  55.7%  25.3  105s
 280676 132277 infeasible  115        79.00000   35.00000  55.7%  25.4  111s
 289735 139689   66.00000   99   33   79.00000   35.00000  55.7%  25.5  115s
 303174 148937   77.00000   85   37   79.00000   35.00000  55.7%  25.6  120s
 316032 157888   77.00000   86   29   79.00000   35.00000  55.7%  25.7  125s
 329519 166802   77.00000   51   39   79.00000   35.00000  55.7%  25.8  130s
 342384 175381   78.00000   87   41   79.00000   35.00000  55.7%  25.8  135s
 354945 184201   65.00000   63   71   79.00000   35.00000  55.7%  26.0  140s
 367777 193106   35.00000   28   74   79.00000   35.00000  55.7%  26.0  145s
 381126 202086   75.00000   61   33   79.00000   35.00000  55.7%  26.1  150s
 393989 210940   69.00000   51   51   79.00000   35.00000  55.7%  26.1  155s
 407121 220293   46.00000   36   80   79.00000   35.00000  55.7%  26.1  160s
 419979 229516   60.00000   86   63   79.00000   35.00000  55.7%  26.2  165s
 432594 238130   78.00000   77   36   79.00000   35.00000  55.7%  26.2  170s
 445619 247422   71.00000   55   43   79.00000   35.00000  55.7%  26.3  176s
 458979 256453   64.00000   47   57   79.00000   35.00000  55.7%  26.3  180s
 472374 265571   43.00000   42   93   79.00000   35.00000  55.7%  26.3  185s
 485428 274094   62.00000   29   55   79.00000   35.00000  55.7%  26.3  190s
 498025 282936   54.00000   40   87   79.00000   35.00000  55.7%  26.3  195s
 511158 291598   57.00000   51   55   79.00000   35.00000  55.7%  26.3  200s
 523900 301116   78.00000   80   28   79.00000   35.00000  55.7%  26.4  206s
 534389 307838   75.00000   72   51   79.00000   35.00000  55.7%  26.4  210s
 547485 317022   78.00000   76   31   79.00000   35.00000  55.7%  26.4  215s
 561164 326292   44.00000   38  104   79.00000   35.00000  55.7%  26.4  221s
 571423 332627   74.00000   40   45   79.00000   35.00000  55.7%  26.4  225s
 584492 341215 infeasible   98        79.00000   35.00000  55.7%  26.4  230s
 601118 352000   77.00000   66   58   79.00000   35.00000  55.7%  26.4  235s
 610829 358932   72.00000   24   46   79.00000   35.00000  55.7%  26.4  240s
 624360 367608   76.00000  111   16   79.00000   35.00000  55.7%  26.4  245s
 637258 376068   72.00000   40   67   79.00000   35.00000  55.7%  26.4  250s
 649429 384255   78.00000   79   29   79.00000   35.23066  55.4%  26.5  255s
 662862 393298   37.00000   41  118   79.00000   35.38298  55.2%  26.5  260s
 676253 402240   78.00000  108   20   79.00000   36.00000  54.4%  26.5  265s
 689691 411311   78.00000   71   44   79.00000   36.00000  54.4%  26.5  270s
 702547 420028 infeasible   94        79.00000   36.00000  54.4%  26.5  275s
 715634 428662 infeasible   92        79.00000   36.00000  54.4%  26.5  280s
 728708 437766   76.00000   52   63   79.00000   36.00000  54.4%  26.4  285s
 741645 446687   67.00000   45   50   79.00000   36.00000  54.4%  26.4  290s
 754529 455432   73.00000   63   70   79.00000   36.00000  54.4%  26.4  295s
 767274 464004   67.00000   62   54   79.00000   36.00000  54.4%  26.4  300s
 780675 473013   77.00000   99   50   79.00000   36.00000  54.4%  26.4  305s
 793445 482185   54.00000   45   81   79.00000   36.00000  54.4%  26.4  310s
 806659 490501   77.00000   88   48   79.00000   36.00000  54.4%  26.4  315s
 819830 499858   74.00000  111   32   79.00000   36.00000  54.4%  26.3  320s
 832978 508964   77.00000   73   16   79.00000   36.00000  54.4%  26.3  325s
 846019 518150 infeasible   95        79.00000   36.72000  53.5%  26.3  330s
 859536 527001   39.00000   39  102   79.00000   37.00000  53.2%  26.3  335s
 872691 536118     cutoff   91        79.00000   37.00000  53.2%  26.3  340s
 886423 544667 infeasible   82        79.00000   37.00000  53.2%  26.3  345s
 899798 553794 infeasible   75        79.00000   37.00000  53.2%  26.3  350s
 916035 564854   75.00000   93   27   79.00000   37.00000  53.2%  26.3  356s
 928918 573740   70.00000   33   64   79.00000   37.00000  53.2%  26.2  361s
 942102 582846   72.00000   47   51   79.00000   37.00000  53.2%  26.2  366s
 955142 591607   78.00000   88   47   79.00000   37.00000  53.2%  26.2  371s
 967888 600094   55.00000   86   72   79.00000   37.00000  53.2%  26.2  376s
 981039 608473   78.00000  105   27   79.00000   37.00000  53.2%  26.2  381s
 993906 616966   76.00000  102   35   79.00000   37.00000  53.2%  26.2  386s
 1006924 625785   71.00000   43   72   79.00000   37.00000  53.2%  26.2  391s
 1016563 632417   78.00000   97   11   79.00000   37.00000  53.2%  26.2  395s
 1029621 640696   73.00000   76   67   79.00000   37.00000  53.2%  26.2  400s
 1042754 648814   75.00000   72   32   79.00000   37.00000  53.2%  26.2  405s
 1059543 659814 infeasible  101        79.00000   37.00000  53.2%  26.1  410s
 1072505 668749   64.00000   69   58   79.00000   37.00000  53.2%  26.1  415s
 1085698 677324   77.00000  104   30   79.00000   37.00000  53.2%  26.1  420s
 1099034 686570 infeasible  128        79.00000   38.00000  51.9%  26.1  425s
 1111916 695109   73.00000   81   41   79.00000   38.00000  51.9%  26.1  430s
 1124438 703957   78.00000  101   13   79.00000   39.00000  50.6%  26.1  435s
 1138009 712754   78.00000   66   24   79.00000   39.00000  50.6%  26.1  440s
 1154300 723605 infeasible   84        79.00000   39.00000  50.6%  26.1  446s
 1167077 732699   69.00000   97   48   79.00000   39.00000  50.6%  26.1  451s
 1179633 741689   51.00000   50   74   79.00000   39.00000  50.6%  26.1  456s
 1193448 750059   64.00000   57   68   79.00000   39.00000  50.6%  26.1  460s
 1205718 759245   72.00000   75   43   79.00000   39.00000  50.6%  26.1  465s
 1219032 768093   75.00000   61   76   79.00000   39.00000  50.6%  26.0  470s
 1232553 776823   78.00000  132   17   79.00000   39.00000  50.6%  26.0  475s
 1245038 785269   64.00000   49   45   79.00000   39.00000  50.6%  26.0  480s
 1258449 794074   72.00000   58   60   79.00000   39.00000  50.6%  26.0  485s
 1272181 803049   69.00000   39   44   79.00000   39.00000  50.6%  26.0  490s
 1284731 811562   60.00000   37   98   79.00000   39.00000  50.6%  26.0  495s
 1298336 820107     cutoff   66        79.00000   39.00000  50.6%  26.0  500s
 1311213 828718   78.00000   92   36   79.00000   39.00000  50.6%  26.0  505s
 1324211 837160   77.00000   59   60   79.00000   39.00000  50.6%  26.0  510s
 1337141 845375   69.00000   64   57   79.00000   39.00000  50.6%  26.0  515s
 1349764 853784   77.00000  107   51   79.00000   39.00000  50.6%  26.0  520s
 1362405 862447   71.00000   78   58   79.00000   40.00000  49.4%  26.0  525s
 1379552 872901 infeasible   97        79.00000   40.00000  49.4%  25.9  531s
 1388750 879631   57.00000   54   95   79.00000   40.00000  49.4%  25.9  535s
 1401994 888324   67.00000   46   63   79.00000   40.00000  49.4%  25.9  540s
 1415073 896703   78.00000   91    6   79.00000   40.00000  49.4%  25.9  545s
 1428106 905018 infeasible   83        79.00000   40.00000  49.4%  25.9  550s
 1441328 913278   59.00000   42   52   79.00000   40.00000  49.4%  25.9  555s
 1457457 924818   70.00000   38   53   79.00000   40.00000  49.4%  25.9  561s
 1470891 933526   77.00000   46   46   79.00000   40.00000  49.4%  25.9  566s
 1483893 942653 infeasible   68        79.00000   40.00000  49.4%  25.9  570s
 1497088 951921 infeasible   77        79.00000   40.00000  49.4%  25.9  575s
 1513365 962596   70.00000  101   32   79.00000   40.00000  49.4%  25.9  581s
 1526642 971398   75.00000   50   61   79.00000   40.00000  49.4%  25.9  586s
 1539915 979911   74.00000   67   60   79.00000   40.00000  49.4%  25.8  590s
 1553119 988630 infeasible   91        79.00000   40.00000  49.4%  25.8  595s
 1565238 997223   70.00000   46   54   79.00000   40.00000  49.4%  25.8  600s
 1578635 1006097 infeasible   80        79.00000   40.00000  49.4%  25.8  605s
 1591862 1014771   57.00000   41   83   79.00000   40.00000  49.4%  25.8  610s
 1604604 1023393 infeasible  106        79.00000   40.00000  49.4%  25.8  615s
 1620734 1033813   77.00000   50   52   79.00000   40.00000  49.4%  25.8  620s
 1633484 1041733   77.00000   69   40   79.00000   41.00000  48.1%  25.8  625s
 1646516 1050662   63.00000   49   78   79.00000   42.00000  46.8%  25.8  631s
 1656165 1057507   60.00000   51   61   79.00000   42.00000  46.8%  25.8  635s
 1673284 1068550   47.00000   43   56   79.00000   43.00000  45.6%  25.8  640s
 1686503 1076438   73.00000   64   42   79.00000   43.00000  45.6%  25.8  645s
 1699264 1085368   78.00000   72   28   79.00000   43.00000  45.6%  25.8  650s
 1712212 1094185   69.00000   91   32   79.00000   43.00000  45.6%  25.8  655s
 1728867 1105972   43.00000   40  112   79.00000   43.00000  45.6%  25.8  661s
 1742053 1114177   59.00000   60   76   79.00000   43.00000  45.6%  25.8  666s
 1755269 1122184   44.00000   30   83   79.00000   43.00000  45.6%  25.8  671s
 1768052 1131014   77.00000   74   47   79.00000   43.00000  45.6%  25.8  675s
 1781279 1139621   77.00000   88   30   79.00000   43.00000  45.6%  25.8  680s
 1794773 1148638   55.00000   46   75   79.00000   43.00000  45.6%  25.8  686s
 1808067 1157502   77.00000   53   46   79.00000   43.00000  45.6%  25.7  690s
 1820974 1165924 infeasible  129        79.00000   43.00000  45.6%  25.7  696s
 1833736 1175016   65.00000   75   64   79.00000   43.00000  45.6%  25.7  701s
 1847045 1183954   77.00000   91   27   79.00000   43.00000  45.6%  25.7  705s
 1859695 1192927   74.00000   67   52   79.00000   43.00000  45.6%  25.7  710s
 1872801 1202285   66.00000   67   44   79.00000   43.00000  45.6%  25.7  716s
 1883240 1209380   76.00000   81   51   79.00000   43.00000  45.6%  25.7  720s
 1896496 1218194   64.00000   81   50   79.00000   43.00000  45.6%  25.7  725s
 1909419 1227165 infeasible   92        79.00000   43.00000  45.6%  25.7  730s
 1925409 1238317   77.00000   70   45   79.00000   43.00000  45.6%  25.7  736s
 1938478 1246976   76.00000   61   61   79.00000   43.00000  45.6%  25.7  741s
 1951329 1255574   47.00000   35   72   79.00000   43.00000  45.6%  25.7  746s
 1964825 1263873   72.00000   60   43   79.00000   43.00000  45.6%  25.7  751s
 1977466 1272421   43.00000   43   95   79.00000   43.00000  45.6%  25.7  755s
 1990371 1280945   72.00000   74   52   79.00000   43.00000  45.6%  25.7  760s
 2003277 1289818     cutoff   89        79.00000   43.00000  45.6%  25.7  765s
 2016328 1298755   78.00000   94   12   79.00000   43.00000  45.6%  25.7  770s
 2029532 1307563   75.00000   88   44   79.00000   43.00000  45.6%  25.7  775s
 2042045 1316394     cutoff   65        79.00000   43.00000  45.6%  25.7  780s
 2055537 1325392 infeasible   87        79.00000   43.00000  45.6%  25.7  785s
 2068481 1333968   78.00000   68   36   79.00000   43.00000  45.6%  25.6  790s
 2082207 1342702   78.00000   50   52   79.00000   43.00000  45.6%  25.6  795s
 2094946 1351341   55.00000   50   65   79.00000   43.00000  45.6%  25.6  800s
 2108324 1359741   78.00000   86   32   79.00000   43.00000  45.6%  25.6  805s
 2121064 1368311   45.00000   40   84   79.00000   43.00000  45.6%  25.6  810s
 2133743 1376511   72.00000   78   46   79.00000   43.00000  45.6%  25.6  815s
 2146852 1384661   75.00000   64   43   79.00000   43.00000  45.6%  25.6  820s
 2159842 1393622   74.00000   76   55   79.00000   43.00000  45.6%  25.6  825s
 2173144 1402526   78.00000   86   31   79.00000   43.00000  45.6%  25.6  830s
 2188859 1412943   73.00000   84   35   79.00000   43.00000  45.6%  25.6  835s
 2202111 1422394   69.00000   59   58   79.00000   43.00000  45.6%  25.6  840s
 2215830 1431244   72.00000   64   64   79.00000   43.00000  45.6%  25.6  845s
 2228539 1439812   48.00000   42   91   79.00000   43.00000  45.6%  25.5  850s
 2241543 1448816   78.00000   71   38   79.00000   43.00000  45.6%  25.5  855s
 2254840 1457603   69.00000   52   75   79.00000   43.00000  45.6%  25.5  860s
 2267984 1466301   72.00000   86   44   79.00000   43.00000  45.6%  25.5  865s
 2280862 1475144   69.00000   73   54   79.00000   43.00000  45.6%  25.5  870s
 2294115 1483779   74.00000   93   34   79.00000   43.00000  45.6%  25.5  875s
 2306967 1492208   55.00000   44   83   79.00000   43.00000  45.6%  25.5  880s
 2320245 1500595     cutoff   72        79.00000   43.00000  45.6%  25.5  885s
 2333715 1509039 infeasible   96        79.00000   43.00000  45.6%  25.5  890s
 2346929 1517435   78.00000   62   49   79.00000   43.00000  45.6%  25.5  895s
 2362900 1528756   67.00000   67   84   79.00000   43.00000  45.6%  25.5  901s
 2376223 1537881   57.00000   80   70   79.00000   43.00000  45.6%  25.5  906s
 2389284 1546916     cutoff   95        79.00000   43.00000  45.6%  25.5  911s
 2399393 1553382   77.00000   99   23   79.00000   43.00000  45.6%  25.5  915s
 2416395 1564435   77.00000   74   36   79.00000   43.00000  45.6%  25.5  921s
 2429504 1573516   78.00000   81   33   79.00000   43.00000  45.6%  25.5  925s
 2442708 1582488   77.00000   85   43   79.00000   43.00000  45.6%  25.5  930s
 2458717 1593112   76.00000  115   41   79.00000   43.00000  45.6%  25.5  936s
 2471873 1601469   75.00000   41   56   79.00000   43.00000  45.6%  25.4  941s
 2484694 1610122   43.00000   33   77   79.00000   43.00000  45.6%  25.4  945s
 2498194 1619101   63.00000   36   67   79.00000   43.00000  45.6%  25.4  950s
 2511092 1627733   52.00000   37   53   79.00000   43.00000  45.6%  25.4  955s
 2524102 1636209   66.00000   50   67   79.00000   43.00000  45.6%  25.4  960s
 2540168 1647449 infeasible   69        79.00000   43.00000  45.6%  25.4  965s
 2553058 1655435   78.00000   57   39   79.00000   43.00000  45.6%  25.4  970s
 2569396 1666172   73.00000   79   37   79.00000   43.00000  45.6%  25.4  976s
 2582945 1674944 infeasible   74        79.00000   43.00000  45.6%  25.4  980s
 2595579 1683365   78.00000   93   33   79.00000   43.00000  45.6%  25.4  985s
 2608855 1692128   78.00000   49   52   79.00000   43.00000  45.6%  25.4  990s
 2622349 1700805   78.00000   88   18   79.00000   43.00000  45.6%  25.4  995s
 2635477 1709514     cutoff   99        79.00000   43.00000  45.6%  25.3 1000s
 2648605 1718050   73.00000   54   42   79.00000   43.00000  45.6%  25.3 1005s
 2665262 1728741   70.00000   35   83   79.00000   43.00000  45.6%  25.3 1011s
 2678299 1737534   74.00000  108   28   79.00000   43.00000  45.6%  25.3 1015s
 2691826 1746811   72.00000   39   61   79.00000   43.00000  45.6%  25.3 1020s
 2705076 1755803   77.00000   70   37   79.00000   43.00000  45.6%  25.3 1025s
 2717865 1764366   50.00000   38   80   79.00000   43.00000  45.6%  25.3 1030s
 2734383 1775101   53.00000   51  104   79.00000   43.00000  45.6%  25.3 1036s
 2747216 1783336   71.00000   41   66   79.00000   43.00000  45.6%  25.3 1040s
 2760562 1791843   76.00000   84   43   79.00000   43.00000  45.6%  25.3 1045s
 2774088 1801041     cutoff   50        79.00000   43.00000  45.6%  25.2 1050s
 2787128 1809661   64.00000   43   57   79.00000   43.00000  45.6%  25.2 1055s
 2800782 1818459   76.00000   58   29   79.00000   43.00000  45.6%  25.2 1060s
 2817282 1830124   67.00000   75   57   79.00000   43.00000  45.6%  25.2 1065s
 2830981 1838659   59.00000   55   60   79.00000   43.00000  45.6%  25.2 1070s
 2844677 1847792 infeasible  112        79.00000   43.00000  45.6%  25.2 1075s
 2858232 1856540   76.00000   92   34   79.00000   43.00000  45.6%  25.2 1080s
 2874103 1867541   63.00000   46   63   79.00000   43.00000  45.6%  25.2 1086s
 2887228 1875873   69.00000   55   65   79.00000   43.00000  45.6%  25.2 1091s
 2900459 1884641   70.00000   60   50   79.00000   43.00000  45.6%  25.2 1095s
 2913400 1893249   63.00000   44   72   79.00000   43.00000  45.6%  25.2 1100s
 2926574 1902230   51.00000   31   62   79.00000   43.00000  45.6%  25.2 1105s
 2940303 1911498   68.00000   63   48   79.00000   43.00000  45.6%  25.2 1110s
 2953465 1920100   78.00000  107   37   79.00000   43.00000  45.6%  25.1 1115s
 2966699 1928606   78.00000   98   30   79.00000   43.00000  45.6%  25.1 1120s
 2979840 1937493   76.00000  102   24   79.00000   43.00000  45.6%  25.1 1125s
 2992926 1946488   74.00000   56   48   79.00000   43.00000  45.6%  25.1 1130s
 3006436 1954760   78.00000   72   42   79.00000   43.00000  45.6%  25.1 1135s
 3022551 1965756   63.00000   47   78   79.00000   43.00000  45.6%  25.1 1140s
 3035706 1974187   77.00000   45   70   79.00000   43.00000  45.6%  25.1 1145s
 3048824 1982904   75.00000   81   60   79.00000   43.00000  45.6%  25.1 1150s
 3062171 1992010   71.00000   58   47   79.00000   43.00000  45.6%  25.1 1155s
 3075566 2000849 infeasible   50        79.00000   43.00000  45.6%  25.1 1160s
 3092366 2011337   62.00000   41   77   79.00000   43.00000  45.6%  25.1 1166s
 3104926 2019726   73.00000   50   36   79.00000   43.00000  45.6%  25.1 1170s
 3117741 2028393   72.00000   53   55   79.00000   43.00000  45.6%  25.1 1175s
 3130499 2037027   70.00000   59   48   79.00000   43.00000  45.6%  25.1 1180s
 3143757 2045708   75.00000   76   27   79.00000   43.00000  45.6%  25.1 1185s
 3157312 2054469   57.00000   40   75   79.00000   43.00000  45.6%  25.1 1190s
 3170385 2063411 infeasible  106        79.00000   43.00000  45.6%  25.1 1195s
 3183462 2071759   77.00000   85   14   79.00000   43.00000  45.6%  25.1 1200s
 3196387 2080187     cutoff   72        79.00000   43.00000  45.6%  25.0 1205s
 3209438 2089120   63.00000   61   43   79.00000   43.00000  45.6%  25.0 1210s
 3226381 2100545   50.00000   39   84   79.00000   43.00000  45.6%  25.0 1216s
 3239511 2109503   69.00000   58   50   79.00000   43.00000  45.6%  25.0 1221s
 3252769 2118470   78.00000   78   29   79.00000   43.00000  45.6%  25.0 1225s
 3262540 2125313   70.00000   52   48   79.00000   43.00000  45.6%  25.0 1230s
 3279051 2135814   73.00000   68   51   79.00000   43.00000  45.6%  25.0 1236s
 3292337 2144599   78.00000   72   33   79.00000   43.00000  45.6%  25.0 1240s
 3305436 2153030 infeasible  152        79.00000   43.00000  45.6%  25.0 1245s
 3318275 2161622   75.00000  116   31   79.00000   43.00000  45.6%  25.0 1250s
 3331331 2170151   64.00000   66   53   79.00000   43.00000  45.6%  25.0 1255s
 3344177 2178706   56.00000   71   62   79.00000   43.00000  45.6%  25.0 1260s
 3360971 2189461   77.00000   49   83   79.00000   43.00000  45.6%  25.0 1265s
 3373887 2198273   47.00000   28   99   79.00000   43.00000  45.6%  25.0 1270s
 3386836 2206499   57.00000   42   70   79.00000   43.00000  45.6%  25.0 1275s
 3399964 2215231 infeasible   98        79.00000   43.00000  45.6%  25.0 1280s
 3413192 2223651   78.00000   86   48   79.00000   43.00000  45.6%  25.0 1285s
 3429596 2234748   78.00000   33   46   79.00000   43.00000  45.6%  25.0 1291s
 3442712 2243339   77.00000   65   45   79.00000   43.00000  45.6%  25.0 1295s
 3455893 2251653   67.00000   47   65   79.00000   43.00000  45.6%  25.0 1300s
 3469032 2260101   78.00000  102   34   79.00000   43.00000  45.6%  25.0 1305s
 3485728 2270835 infeasible   90        79.00000   43.00000  45.6%  24.9 1311s
 3498859 2279176   76.00000   80   40   79.00000   43.00000  45.6%  24.9 1316s
 3511856 2287633   78.00000  122   27   79.00000   43.00000  45.6%  24.9 1320s
 3525196 2296614   78.00000   49   36   79.00000   43.00000  45.6%  24.9 1325s
 3538002 2304983   77.00000   94   49   79.00000   43.00000  45.6%  24.9 1330s
 3550954 2313265   75.00000   62   56   79.00000   43.00000  45.6%  24.9 1335s
 3564506 2321968   65.00000   59   55   79.00000   43.00000  45.6%  24.9 1340s
 3578036 2330413   76.00000  102   38   79.00000   43.00000  45.6%  24.9 1345s
 3591006 2339396   77.00000   85   34   79.00000   43.00000  45.6%  24.9 1350s
 3604149 2348060   78.00000   73   34   79.00000   43.00000  45.6%  24.9 1355s
 3617508 2356535 infeasible   70        79.00000   43.00000  45.6%  24.9 1360s
 3633919 2367107   78.00000   79   41   79.00000   43.00000  45.6%  24.9 1365s
 3647628 2375928   77.00000  101   35   79.00000   43.00000  45.6%  24.9 1370s
 3661011 2384528   77.00000   83   42   79.00000   43.00000  45.6%  24.9 1375s
 3677674 2395503   77.00000   90   33   79.00000   44.00000  44.3%  24.9 1381s
 3690017 2404405 infeasible  103        79.00000   44.00000  44.3%  24.9 1385s
 3703124 2413371   75.00000   60   55   79.00000   44.00000  44.3%  24.9 1390s
 3718891 2424403   54.00000   35   66   79.00000   44.00000  44.3%  24.9 1396s
 3728912 2430867   77.00000   73   28   79.00000   44.00000  44.3%  24.9 1400s
 3742511 2440638   72.00000   59   59   79.00000   44.00000  44.3%  24.9 1405s
 3759058 2451730   78.00000   99   24   79.00000   44.00000  44.3%  24.9 1410s
 3772000 2460157   78.00000  101   29   79.00000   44.00000  44.3%  24.9 1415s
 3785114 2469349   78.00000   55   59   79.00000   44.00000  44.3%  24.8 1420s
 3801481 2479916   75.00000   99   36   79.00000   44.00000  44.3%  24.8 1425s
 3814504 2488922 infeasible  121        79.00000   44.00000  44.3%  24.8 1430s
 3828060 2497997 infeasible  112        79.00000   44.00000  44.3%  24.8 1435s
 3840821 2507052   78.00000   74   51   79.00000   44.00000  44.3%  24.8 1440s
 3854105 2515617 infeasible   54        79.00000   44.00000  44.3%  24.8 1445s
 3870760 2526655   66.00000   39   48   79.00000   44.00000  44.3%  24.8 1450s
 3884450 2535769   78.00000  108   21   79.00000   44.00000  44.3%  24.8 1455s
 3900910 2546472   70.00000   93   43   79.00000   44.00000  44.3%  24.8 1461s
 3913903 2555288   71.00000   73   53   79.00000   44.00000  44.3%  24.8 1465s
 3927441 2564447   51.00000   65   87   79.00000   44.00000  44.3%  24.8 1470s
 3940560 2572885   77.00000   90   28   79.00000   44.00000  44.3%  24.8 1475s
 3957316 2583721   78.00000  102   36   79.00000   44.00000  44.3%  24.8 1481s
 3970045 2592326 infeasible   92        79.00000   44.00000  44.3%  24.8 1485s
 3983554 2601172   56.00000   51   55   79.00000   44.00000  44.3%  24.8 1490s
 3996163 2609357   62.00000   40   50   79.00000   44.00000  44.3%  24.7 1495s
 4009359 2618208   74.00000   67   50   79.00000   44.00000  44.3%  24.7 1500s
 4022620 2627642   62.00000   40   57   79.00000   44.00000  44.3%  24.7 1505s
 4035269 2635779 infeasible  111        79.00000   44.00000  44.3%  24.7 1510s
 4051878 2646255   64.00000   67   64   79.00000   44.00000  44.3%  24.7 1516s
 4065493 2655379   69.00000   98   49   79.00000   44.00000  44.3%  24.7 1520s
 4081731 2665188 infeasible  108        79.00000   44.00000  44.3%  24.7 1526s
 4094521 2673899   71.00000   46   61   79.00000   44.00000  44.3%  24.7 1530s
 4107598 2682258   71.00000   47   55   79.00000   44.00000  44.3%  24.7 1535s
 4120091 2690605   56.00000   69   88   79.00000   44.00000  44.3%  24.7 1540s
 4136384 2701541   78.00000   88   36   79.00000   44.00000  44.3%  24.7 1545s
 4149694 2709683 infeasible   95        79.00000   44.00000  44.3%  24.7 1550s
 4162314 2718084   73.00000   80   49   79.00000   44.00000  44.3%  24.7 1555s
 4178828 2728586   78.00000   96   48   79.00000   44.00000  44.3%  24.7 1561s
 4191324 2736771   71.00000   68   53   79.00000   44.00000  44.3%  24.7 1565s
 4204337 2745292 infeasible  100        79.00000   44.00000  44.3%  24.7 1570s
 4220824 2756216   64.00000   72   48   79.00000   44.00000  44.3%  24.7 1575s
 4234061 2764699 infeasible   75        79.00000   44.00000  44.3%  24.6 1581s
 4247595 2773159   75.00000  109   26   79.00000   44.00000  44.3%  24.6 1585s
 4260850 2781579   67.00000   34   55   79.00000   44.00000  44.3%  24.6 1590s
 4274045 2789771   78.00000   93   37   79.00000   44.00000  44.3%  24.6 1595s
 4290163 2800186   77.00000   95   31   79.00000   44.00000  44.3%  24.6 1601s
 4304011 2809029   79.00000   57   45   79.00000   44.00000  44.3%  24.6 1605s
 4316897 2817831 infeasible   83        79.00000   44.00000  44.3%  24.6 1610s
 4330306 2825852   78.00000   70   29   79.00000   44.00000  44.3%  24.6 1615s
*4340315 2292445             129      78.0000000   44.00000  43.6%  24.6 1620s
 4350040 2300039   76.00000   50   74   78.00000   44.00000  43.6%  24.6 1625s
 4366479 2309945   77.00000   67   51   78.00000   44.00000  43.6%  24.6 1631s
 4379093 2318107   63.00000   62   50   78.00000   44.00000  43.6%  24.6 1635s
 4391792 2325729   76.00000   87   43   78.00000   44.00000  43.6%  24.6 1640s
 4405495 2333976   60.00000   60   72   78.00000   44.00000  43.6%  24.6 1645s
 4418476 2341955   77.00000  111   13   78.00000   44.00000  43.6%  24.6 1650s
 4431158 2350189   68.00000   67   56   78.00000   44.00000  43.6%  24.6 1655s
 4443996 2358514 infeasible   51        78.00000   44.00000  43.6%  24.6 1660s
 4457814 2366753   69.00000   40   58   78.00000   44.00000  43.6%  24.5 1665s
 4470831 2375341   71.00000   67   49   78.00000   44.00000  43.6%  24.5 1670s
 4484149 2384108   44.00000   51   90   78.00000   44.00000  43.6%  24.5 1675s
 4497537 2392522 infeasible  107        78.00000   44.00000  43.6%  24.5 1680s
 4513818 2402885   75.00000   61   50   78.00000   44.00000  43.6%  24.5 1685s
 4526641 2410847 infeasible  110        78.00000   44.00000  43.6%  24.5 1690s
 4540076 2418715   74.00000   96   28   78.00000   44.00000  43.6%  24.5 1695s
 4553162 2426907   48.00000   40   70   78.00000   44.00000  43.6%  24.5 1700s
 4566727 2435329   62.00000   57   59   78.00000   44.00000  43.6%  24.5 1705s
 4583553 2446047   73.00000   73   40   78.00000   44.00000  43.6%  24.5 1710s
 4596665 2454178   73.00000   37   67   78.00000   44.00000  43.6%  24.5 1715s
 4610085 2462867   67.00000   47   61   78.00000   44.00000  43.6%  24.5 1720s
 4623654 2470659   76.00000   52   50   78.00000   44.00000  43.6%  24.5 1725s
 4636329 2478284 infeasible  121        78.00000   44.00000  43.6%  24.5 1730s
 4648999 2485647   77.00000   49   70   78.00000   44.00000  43.6%  24.5 1735s
 4662198 2494311   73.00000   72   50   78.00000   44.00000  43.6%  24.5 1740s
 4675303 2502625   44.00000   34   95   78.00000   44.00000  43.6%  24.5 1745s
 4688461 2511459   56.00000   59   67   78.00000   44.00000  43.6%  24.5 1750s
 4704800 2522364   58.00000   53   77   78.00000   44.00000  43.6%  24.5 1755s
 4718722 2530788   77.00000  120   27   78.00000   44.00000  43.6%  24.5 1760s
 4730726 2538690   63.00000   48   36   78.00000   44.00000  43.6%  24.5 1765s
 4744148 2547066 infeasible   70        78.00000   44.00000  43.6%  24.5 1770s
 4759892 2557854   74.00000   70   54   78.00000   44.00000  43.6%  24.5 1775s
 4773088 2566102   76.00000   92   38   78.00000   44.00000  43.6%  24.5 1780s
 4786273 2574022 infeasible   71        78.00000   44.00000  43.6%  24.4 1785s
 4799993 2581822   72.00000   49   64   78.00000   44.00000  43.6%  24.4 1790s
 4812190 2590173   77.00000  118   40   78.00000   44.00000  43.6%  24.4 1795s
 4824913 2598473   71.00000   64   42   78.00000   44.00000  43.6%  24.4 1800s
 4838624 2607559   60.00000   60   64   78.00000   44.00000  43.6%  24.4 1805s
 4851853 2616011   74.00000   97   48   78.00000   44.00000  43.6%  24.4 1810s
 4867299 2626291     cutoff   76        78.00000   44.00000  43.6%  24.4 1816s
 4880928 2634091 infeasible   51        78.00000   44.00000  43.6%  24.4 1820s
 4893779 2642420   77.00000   71   56   78.00000   44.00000  43.6%  24.4 1825s
 4909764 2652028   77.00000   84   35   78.00000   44.00000  43.6%  24.4 1831s
 4922758 2660105   44.00000   35   81   78.00000   44.00000  43.6%  24.4 1835s
 4935687 2668347     cutoff   71        78.00000   44.00000  43.6%  24.4 1840s
 4948690 2676965   63.00000   52   54   78.00000   44.00000  43.6%  24.4 1845s
 4962437 2685371   67.00000   52   76   78.00000   44.00000  43.6%  24.4 1850s
 4975871 2693729   66.00000   70   60   78.00000   44.00000  43.6%  24.4 1855s
 4992656 2704101 infeasible  107        78.00000   44.00000  43.6%  24.4 1861s
 5006109 2712636   44.00000   66  104   78.00000   44.00000  43.6%  24.4 1865s
 5019267 2721068   77.00000   87   39   78.00000   44.00000  43.6%  24.4 1870s
 5032079 2729343   70.00000   62   62   78.00000   44.00000  43.6%  24.4 1875s
 5045264 2737851   75.00000   82   36   78.00000   44.00000  43.6%  24.4 1880s
 5058989 2745734     cutoff  103        78.00000   44.00000  43.6%  24.4 1886s
 5072431 2753832   72.00000   84   41   78.00000   44.00000  43.6%  24.4 1890s
 5085291 2762174     cutoff  100        78.00000   44.00000  43.6%  24.4 1895s
 5098247 2770513   77.00000   64   44   78.00000   44.00000  43.6%  24.4 1900s
 5111423 2778939   76.00000  108   45   78.00000   44.00000  43.6%  24.4 1905s
 5124365 2787021   76.00000   72   34   78.00000   44.00000  43.6%  24.4 1910s
 5141352 2797436   74.00000   72   42   78.00000   44.00000  43.6%  24.4 1916s
 5154776 2805782   66.00000   63   68   78.00000   44.00000  43.6%  24.4 1920s
 5167855 2814544   77.00000   86   25   78.00000   44.00000  43.6%  24.4 1925s
 5181462 2822702   74.00000   72   56   78.00000   44.00000  43.6%  24.4 1930s
 5193813 2831095   65.00000   81   69   78.00000   44.00000  43.6%  24.4 1935s
 5207573 2839576 infeasible   74        78.00000   44.00000  43.6%  24.3 1940s
 5224297 2849523   75.00000   63   31   78.00000   44.00000  43.6%  24.3 1945s
 5236863 2857810   76.00000   94   33   78.00000   44.00000  43.6%  24.3 1950s
 5250741 2866262   77.00000  131   21   78.00000   44.00000  43.6%  24.3 1955s
 5263295 2874498   73.00000   98   36   78.00000   44.00000  43.6%  24.3 1960s
 5276727 2882789   63.00000   62   57   78.00000   44.00000  43.6%  24.3 1965s
 5292474 2892973   57.00000   51   74   78.00000   44.00000  43.6%  24.3 1970s
 5305433 2901398   72.00000   59   60   78.00000   44.00000  43.6%  24.3 1975s
 5318553 2909954   48.00000   73   82   78.00000   44.00000  43.6%  24.3 1980s
 5332129 2918414   57.00000   56   82   78.00000   44.00000  43.6%  24.3 1985s
 5345504 2926249   72.00000   46   63   78.00000   44.00000  43.6%  24.3 1990s
 5358529 2934416 infeasible   83        78.00000   44.00000  43.6%  24.3 1995s
 5371743 2942664   75.00000   57   41   78.00000   44.00000  43.6%  24.3 2000s
 5384844 2950979 infeasible  105        78.00000   44.00000  43.6%  24.3 2005s
 5397788 2959106   73.00000   87   36   78.00000   44.00000  43.6%  24.3 2010s
 5414162 2968738   74.00000   50   57   78.00000   44.00000  43.6%  24.3 2015s
 5426590 2976814   57.00000   74   63   78.00000   44.00000  43.6%  24.3 2020s
 5439520 2984650 infeasible   80        78.00000   44.00000  43.6%  24.3 2025s
 5452606 2993047     cutoff   69        78.00000   44.00000  43.6%  24.3 2030s
 5465577 3001227 infeasible   74        78.00000   44.00000  43.6%  24.3 2035s
 5478651 3009919   76.00000   94   26   78.00000   44.00000  43.6%  24.3 2040s
 5491682 3017843   70.00000   45   55   78.00000   44.00000  43.6%  24.3 2045s
 5504218 3026244   75.00000   88   28   78.00000   44.00000  43.6%  24.3 2050s
 5517528 3034581   75.00000   63   61   78.00000   44.00000  43.6%  24.3 2055s
 5530478 3043010   70.00000   52   66   78.00000   44.00000  43.6%  24.3 2060s
 5543673 3051588   77.00000   90   27   78.00000   44.00000  43.6%  24.3 2065s
 5559687 3061729   72.00000   78   34   78.00000   44.00000  43.6%  24.3 2071s
 5569353 3068136   71.00000   65   47   78.00000   44.00000  43.6%  24.3 2075s
 5583941 3077264   60.00000   69   71   78.00000   44.00000  43.6%  24.3 2080s
 5597042 3085691   68.00000   70   63   78.00000   44.00000  43.6%  24.3 2085s
 5610253 3093922   70.00000   57   63   78.00000   44.00000  43.6%  24.3 2090s
 5626468 3104735   76.00000   75   37   78.00000   44.00000  43.6%  24.3 2095s
 5639744 3113316   72.00000   46   62   78.00000   44.00000  43.6%  24.3 2100s
 5653225 3121936   59.00000   76   74   78.00000   44.00000  43.6%  24.3 2105s
 5665978 3129998   71.00000   56   59   78.00000   44.00000  43.6%  24.3 2110s
 5678334 3138060   73.00000   59   41   78.00000   44.00000  43.6%  24.3 2115s
 5692022 3146730   75.00000   85   28   78.00000   44.00000  43.6%  24.3 2120s
 5704896 3154729   70.00000   76   43   78.00000   44.00000  43.6%  24.3 2125s
 5718314 3163183   73.00000   60   45   78.00000   44.00000  43.6%  24.3 2130s
 5730981 3171429   67.00000  101   45   78.00000   44.00000  43.6%  24.3 2135s
 5744461 3179074   76.00000   92   35   78.00000   44.00000  43.6%  24.3 2140s
 5758040 3187434   67.00000   64   63   78.00000   44.00000  43.6%  24.3 2145s
 5770934 3195160   77.00000   79   63   78.00000   44.00000  43.6%  24.3 2150s
 5783995 3203338   71.00000   54   51   78.00000   44.00000  43.6%  24.3 2155s
 5800476 3213728   75.00000  101   42   78.00000   44.00000  43.6%  24.3 2160s
 5813544 3222475   77.00000   80   46   78.00000   44.00000  43.6%  24.3 2165s
 5826754 3230341   58.00000   65   72   78.00000   44.00000  43.6%  24.3 2170s
 5839438 3238919   75.00000   83   40   78.00000   44.00000  43.6%  24.3 2176s
 5852838 3247416   76.00000   87   41   78.00000   44.00000  43.6%  24.3 2181s
 5862429 3253772 infeasible   69        78.00000   44.00000  43.6%  24.3 2185s
 5875534 3262169   61.00000   57   74   78.00000   44.00000  43.6%  24.3 2190s
 5891688 3273169   75.00000   95   27   78.00000   44.00000  43.6%  24.3 2196s
 5901463 3279609   76.00000   83   37   78.00000   44.00000  43.6%  24.3 2200s
 5918877 3290715   67.00000   67   58   78.00000   44.00000  43.6%  24.3 2206s
 5931703 3299072   75.00000   70   46   78.00000   44.00000  43.6%  24.3 2211s
 5944798 3307169   47.00000   34   79   78.00000   44.00000  43.6%  24.3 2215s
 5958881 3315520 infeasible  114        78.00000   44.00000  43.6%  24.3 2220s
 5971375 3323471   75.00000   74   47   78.00000   44.00000  43.6%  24.3 2225s
 5984560 3331237   77.00000  106   50   78.00000   44.00000  43.6%  24.3 2230s
 6000167 3341197   77.00000   68   60   78.00000   44.00000  43.6%  24.3 2236s
 6013567 3349941   75.00000   70   31   78.00000   44.00000  43.6%  24.3 2241s
 6026493 3358380 infeasible   69        78.00000   44.00000  43.6%  24.3 2245s
 6039719 3366429   70.00000   96   49   78.00000   44.00000  43.6%  24.3 2251s
 6053087 3375400   74.00000   79   44   78.00000   44.00000  43.6%  24.3 2256s
 6066748 3383748 infeasible  106        78.00000   44.00000  43.6%  24.3 2260s
 6079604 3392166   76.00000   81   30   78.00000   44.00000  43.6%  24.3 2265s
 6092968 3400862   60.00000   41   50   78.00000   44.00000  43.6%  24.3 2270s
 6109770 3411809   70.00000   57   41   78.00000   44.00000  43.6%  24.3 2275s
 6122378 3419910   76.00000   80   32   78.00000   44.00000  43.6%  24.3 2280s
 6138616 3429941 infeasible   77        78.00000   44.00000  43.6%  24.3 2286s
 6151783 3439103     cutoff  103        78.00000   44.00000  43.6%  24.3 2290s
 6165452 3448508   76.00000   92   39   78.00000   44.00000  43.6%  24.2 2295s
 6181015 3458731   46.00000   40   84   78.00000   44.00000  43.6%  24.2 2300s
 6194125 3467301   69.00000   56   56   78.00000   44.00000  43.6%  24.2 2305s
 6207209 3475760   64.00000   53   61   78.00000   44.00000  43.6%  24.2 2310s
 6220825 3484145 infeasible   83        78.00000   44.00000  43.6%  24.2 2315s
 6233660 3492590   76.00000   95   35   78.00000   44.00000  43.6%  24.2 2320s
 6250195 3503840 infeasible  104        78.00000   44.00000  43.6%  24.2 2326s
 6264276 3512395   77.00000   93   37   78.00000   44.00000  43.6%  24.2 2330s
 6277154 3520737   77.00000   93   17   78.00000   44.00000  43.6%  24.2 2335s
 6290589 3529217   76.00000   77   57   78.00000   44.00000  43.6%  24.2 2340s
 6306531 3539506   74.00000   58   35   78.00000   44.00000  43.6%  24.2 2346s
 6319268 3547801   67.00000   64   71   78.00000   44.00000  43.6%  24.2 2350s
 6332578 3556068   67.00000   93   48   78.00000   44.00000  43.6%  24.2 2355s
 6345947 3564922   73.00000   68   44   78.00000   44.00000  43.6%  24.2 2360s
 6359393 3573349   77.00000   78   52   78.00000   44.00000  43.6%  24.2 2365s
 6375728 3584412   68.00000   96   55   78.00000   44.00000  43.6%  24.2 2371s
 6389140 3592858   76.00000   97   35   78.00000   44.00000  43.6%  24.2 2375s
 6402926 3602017   73.00000   70   45   78.00000   44.00000  43.6%  24.2 2380s
 6416048 3610656   74.00000   44   59   78.00000   44.00000  43.6%  24.2 2385s
 6429207 3619347   77.00000   58   46   78.00000   44.00000  43.6%  24.2 2390s
 6442151 3628206   76.00000   73   35   78.00000   44.00000  43.6%  24.2 2395s
 6455588 3637102   44.00000   41   83   78.00000   44.00000  43.6%  24.2 2400s
 6472268 3647999   67.00000   87   57   78.00000   44.00000  43.6%  24.2 2405s
 6485487 3657130   65.00000   70   48   78.00000   44.00000  43.6%  24.2 2410s
 6498878 3666006   77.00000   81   51   78.00000   44.00000  43.6%  24.2 2415s
 6514886 3675887   76.00000  101   31   78.00000   44.00000  43.6%  24.2 2420s
 6528081 3684218   76.00000   88   39   78.00000   44.00000  43.6%  24.2 2425s
 6541169 3692621   66.00000   53   54   78.00000   44.00000  43.6%  24.2 2430s
 6554649 3701209   61.00000   83   59   78.00000   44.00000  43.6%  24.2 2435s
 6567575 3709465   58.00000   93   82   78.00000   44.00000  43.6%  24.2 2440s
 6584091 3719487   68.00000   46   57   78.00000   44.00000  43.6%  24.2 2446s
 6597846 3728243   75.00000   78   36   78.00000   44.00000  43.6%  24.2 2450s
 6610917 3736202   64.00000   60   60   78.00000   44.00000  43.6%  24.2 2455s
 6623490 3744342 infeasible   99        78.00000   44.00000  43.6%  24.2 2460s
 6640423 3755282   76.00000   75   55   78.00000   44.00000  43.6%  24.2 2466s
 6653332 3763313   77.00000  105   39   78.00000   44.00000  43.6%  24.2 2470s
 6666947 3771838   73.00000   97   45   78.00000   44.00000  43.6%  24.2 2475s
 6679672 3779805   65.00000   52   63   78.00000   44.00000  43.6%  24.2 2480s
 6695828 3789964   74.00000   43   85   78.00000   44.00000  43.6%  24.2 2485s
 6708872 3798427   67.00000   57   71   78.00000   44.00000  43.6%  24.2 2490s
 6725686 3809408   69.00000   48   56   78.00000   44.00000  43.6%  24.2 2495s
 6738465 3817542   72.00000   64   66   78.00000   44.00000  43.6%  24.1 2500s
 6751435 3826164   77.00000   64   48   78.00000   44.00000  43.6%  24.1 2505s
 6767607 3836685   74.00000   56   60   78.00000   44.00000  43.6%  24.1 2510s
 6780806 3845130   69.00000   39   52   78.00000   44.00000  43.6%  24.1 2515s
 6797477 3855642   73.00000   73   49   78.00000   44.00000  43.6%  24.1 2521s
 6810475 3864095   60.00000   61   51   78.00000   44.00000  43.6%  24.1 2525s
 6823613 3872633   77.00000   52   55   78.00000   44.00000  43.6%  24.1 2530s
 6839910 3882968 infeasible   85        78.00000   44.00000  43.6%  24.1 2536s
 6853448 3891700   76.00000   92   39   78.00000   44.00000  43.6%  24.1 2540s
 6866469 3900137   77.00000  105   17   78.00000   44.00000  43.6%  24.1 2545s
 6879819 3909111     cutoff   98        78.00000   44.00000  43.6%  24.1 2550s
 6896344 3919707 infeasible   98        78.00000   44.00000  43.6%  24.1 2556s
 6909082 3927604   44.00000   53   90   78.00000   44.00000  43.6%  24.1 2560s
 6924813 3937028   73.00000   63   48   78.00000   44.00000  43.6%  24.1 2566s
 6938552 3945999   76.00000   96   28   78.00000   44.00000  43.6%  24.1 2570s
 6951597 3954640 infeasible   92        78.00000   44.00000  43.6%  24.1 2575s
 6964550 3962950   77.00000   94   25   78.00000   44.00000  43.6%  24.1 2580s
 6980384 3973325   61.00000   54   86   78.00000   44.00000  43.6%  24.1 2585s
 6993516 3981390   68.00000   51   65   78.00000   44.00000  43.6%  24.1 2590s
 7006286 3989956   76.00000   59   42   78.00000   44.00000  43.6%  24.1 2595s
 7019394 3998469   75.00000   57   62   78.00000   44.00000  43.6%  24.1 2600s
 7032375 4006730 infeasible   80        78.00000   44.00000  43.6%  24.1 2605s
 7045868 4015335   70.00000   76   58   78.00000   44.00000  43.6%  24.1 2610s
 7058954 4023825   76.00000   83   44   78.00000   44.00000  43.6%  24.1 2615s
 7075525 4034539   77.00000  103   44   78.00000   44.00000  43.6%  24.1 2620s
 7089094 4043205   76.00000   84   38   78.00000   44.00000  43.6%  24.1 2625s
 7102395 4051622   74.00000   90   37   78.00000   44.00000  43.6%  24.1 2630s
 7115871 4060013   77.00000   88   28   78.00000   44.00000  43.6%  24.1 2635s
 7129690 4068366   73.00000   86   51   78.00000   44.00000  43.6%  24.1 2640s
 7142227 4076462   70.00000   48   50   78.00000   44.00000  43.6%  24.1 2645s
 7155171 4084918   64.00000   57   52   78.00000   44.00000  43.6%  24.1 2650s
 7168465 4093331     cutoff   80        78.00000   44.00000  43.6%  24.1 2655s
 7184033 4103237   77.00000   82   37   78.00000   44.00000  43.6%  24.1 2660s
 7197202 4112008   73.00000  112   44   78.00000   44.00000  43.6%  24.1 2666s
 7210839 4120766   73.00000   76   54   78.00000   44.00000  43.6%  24.1 2671s
 7224044 4129294   70.00000   71   48   78.00000   44.00000  43.6%  24.1 2676s
 7237191 4137399   73.00000   94   37   78.00000   44.00000  43.6%  24.1 2680s
 7250227 4145416   75.00000   85   49   78.00000   44.00000  43.6%  24.1 2685s
 7263232 4153837   76.00000   92   28   78.00000   44.00000  43.6%  24.1 2690s
 7276152 4162008   67.00000   33   64   78.00000   44.00000  43.6%  24.1 2695s
 7289280 4169729   68.00000   57   44   78.00000   44.00000  43.6%  24.1 2700s
 7305676 4180271 infeasible   89        78.00000   44.00000  43.6%  24.1 2706s
 7319237 4188667   64.00000   37   69   78.00000   44.00000  43.6%  24.1 2710s
 7331811 4196924   77.00000  125   18   78.00000   44.00000  43.6%  24.1 2715s
 7345131 4205844   77.00000   87   37   78.00000   44.00000  43.6%  24.1 2720s
 7358458 4213611   76.00000   93   53   78.00000   44.00000  43.6%  24.1 2725s
 7371610 4221936   58.00000   53   73   78.00000   44.00000  43.6%  24.1 2730s
 7388279 4232762   73.00000   50   44   78.00000   44.00000  43.6%  24.1 2735s
 7401830 4240981   71.00000   84   64   78.00000   44.00000  43.6%  24.0 2740s
 7415025 4249424   65.00000   55   52   78.00000   44.00000  43.6%  24.1 2746s
 7428340 4257832   44.00000   47   61   78.00000   44.00000  43.6%  24.1 2751s
 7441623 4266197   75.00000   78   49   78.00000   44.00000  43.6%  24.0 2755s
 7455094 4274930   76.00000   78   60   78.00000   44.00000  43.6%  24.0 2761s
 7465134 4281321   48.00000   45   80   78.00000   44.00000  43.6%  24.0 2765s
 7481623 4291623   60.00000   48   57   78.00000   44.00000  43.6%  24.0 2770s
 7494841 4300052   64.00000   77   77   78.00000   44.00000  43.6%  24.0 2775s
 7507999 4308071   76.00000  120   51   78.00000   44.00000  43.6%  24.0 2780s
 7520858 4315927   76.00000   51   45   78.00000   44.00000  43.6%  24.0 2786s
 7534422 4324227   76.00000  112   49   78.00000   44.00000  43.6%  24.0 2790s
 7547289 4332306   66.00000   60   70   78.00000   44.00000  43.6%  24.0 2795s
 7560282 4341248   49.00000   36   87   78.00000   44.00000  43.6%  24.0 2800s
 7576619 4351516   76.00000   73   27   78.00000   44.00000  43.6%  24.0 2805s
 7589318 4359561   71.00000   60   49   78.00000   44.00000  43.6%  24.0 2810s
 7602394 4367451   71.00000   72   44   78.00000   44.00000  43.6%  24.0 2815s
 7615351 4375675   58.00000   47   98   78.00000   44.00000  43.6%  24.0 2820s
 7628041 4384066   59.00000   44   67   78.00000   44.00000  43.6%  24.0 2825s
 7641466 4392511 infeasible   62        78.00000   44.00000  43.6%  24.0 2830s
 7656939 4403045   76.00000   62   42   78.00000   44.00000  43.6%  24.0 2836s
 7670663 4411022 infeasible  113        78.00000   44.00000  43.6%  24.0 2841s
 7683761 4418675   77.00000   50   71   78.00000   44.00000  43.6%  24.0 2845s
 7696710 4426772   77.00000   89   35   78.00000   44.00000  43.6%  24.0 2850s
 7709764 4435343 infeasible  120        78.00000   44.00000  43.6%  24.0 2855s
 7722773 4443349   73.00000   45   43   78.00000   44.00000  43.6%  24.0 2860s
 7736006 4451855   76.00000   70   43   78.00000   44.00000  43.6%  24.0 2865s
 7749625 4460435   76.00000   46   43   78.00000   44.00000  43.6%  24.0 2870s
 7766385 4470730   77.00000  100   31   78.00000   44.00000  43.6%  24.0 2875s
 7779254 4479727   72.00000   51   58   78.00000   44.00000  43.6%  24.0 2881s
 7792142 4487525   77.00000  128   23   78.00000   44.00000  43.6%  24.0 2885s
 7805327 4495599   77.00000   88   17   78.00000   44.00000  43.6%  24.0 2890s
 7821118 4505672   72.00000   76   41   78.00000   44.00000  43.6%  24.0 2896s
 7834563 4514455 infeasible   87        78.00000   44.00000  43.6%  24.0 2901s
 7847855 4522798   74.00000   51   65   78.00000   44.00000  43.6%  24.0 2906s
 7860307 4530929   48.00000   45   85   78.00000   44.00000  43.6%  24.0 2910s
 7873297 4539093 infeasible   98        78.00000   44.00000  43.6%  24.0 2915s
 7886661 4547890   76.00000   75   32   78.00000   44.00000  43.6%  24.0 2920s
 7899669 4556067   52.00000   29   80   78.00000   44.00000  43.6%  24.0 2925s
 7913312 4564556   76.00000   51   44   78.00000   44.00000  43.6%  24.0 2930s
 7929432 4575064   77.00000   92   18   78.00000   44.00000  43.6%  24.0 2936s
 7942783 4582719   65.00000   64   66   78.00000   44.00000  43.6%  24.0 2940s
 7955212 4591234   72.00000   45   55   78.00000   44.00000  43.6%  24.0 2945s
 7968484 4599473 infeasible   89        78.00000   44.00000  43.6%  24.0 2950s
 7980988 4607925   77.00000   60   55   78.00000   44.00000  43.6%  24.0 2955s
 7994407 4616514 infeasible   78        78.00000   44.00000  43.6%  24.0 2960s
 8007710 4625538   75.00000   93   30   78.00000   44.00000  43.6%  24.0 2965s
 8024609 4636068   76.00000   75   49   78.00000   44.00000  43.6%  24.0 2971s
 8037664 4645041     cutoff   89        78.00000   44.00000  43.6%  24.0 2975s
 8050489 4653416   70.00000   58   62   78.00000   44.00000  43.6%  24.0 2980s
 8063636 4661910   67.00000   44   58   78.00000   44.00000  43.6%  24.0 2986s
 8076310 4670365   67.00000   49   46   78.00000   44.00000  43.6%  24.0 2990s
 8089828 4678771   76.00000  117   36   78.00000   44.00000  43.6%  24.0 2995s
 8102514 4687142   75.00000   75   22   78.00000   44.00000  43.6%  24.0 3000s
 8115229 4695016   64.00000   69   30   78.00000   44.00000  43.6%  24.0 3005s
 8128319 4703707   51.00000   43   91   78.00000   44.00000  43.6%  24.0 3010s
 8141758 4712333   77.00000   97   31   78.00000   44.00000  43.6%  24.0 3015s
 8154693 4720382   73.00000  104   38   78.00000   44.00000  43.6%  24.0 3020s
 8167426 4729221   77.00000   75   40   78.00000   44.00000  43.6%  24.0 3025s
 8180387 4737214   77.00000   71   42   78.00000   44.00000  43.6%  24.0 3030s
 8193147 4745383   76.00000   97   44   78.00000   44.00000  43.6%  24.0 3035s
 8208928 4755972     cutoff   35        78.00000   44.00000  43.6%  24.0 3041s
 8222423 4764986   72.00000   64   68   78.00000   44.00000  43.6%  24.0 3045s
 8235463 4773526   44.00000   36   87   78.00000   44.00000  43.6%  24.0 3050s
 8248823 4782217   67.00000   83   48   78.00000   44.00000  43.6%  24.0 3055s
 8261684 4790697   63.00000   82   38   78.00000   44.00000  43.6%  24.0 3060s
 8274431 4798606 infeasible   95        78.00000   44.00000  43.6%  24.0 3065s
 8290686 4809480   75.00000   43   60   78.00000   44.00000  43.6%  24.0 3071s
 8304473 4817355   77.00000   74   31   78.00000   44.00000  43.6%  24.0 3075s
 8317352 4825399   77.00000  129   26   78.00000   44.00000  43.6%  24.0 3080s
 8333729 4835603   72.00000   51   68   78.00000   44.00000  43.6%  24.0 3086s
 8346517 4843574   73.00000   68   38   78.00000   44.00000  43.6%  24.0 3091s
 8356638 4849696   70.00000  102   37   78.00000   44.00000  43.6%  24.0 3095s
 8370168 4857562   61.00000   48   82   78.00000   44.00000  43.6%  24.0 3100s
 8383207 4865767   77.00000   93   37   78.00000   44.00000  43.6%  24.0 3105s
 8395549 4873701   77.00000   96   38   78.00000   44.00000  43.6%  24.0 3110s
 8409051 4882342 infeasible   71        78.00000   44.00000  43.6%  24.0 3115s
 8421918 4891237   75.00000   97   28   78.00000   44.00000  43.6%  24.0 3120s
 8435197 4899495   73.00000   68   53   78.00000   44.00000  43.6%  24.0 3125s
 8451493 4909638   69.00000   37   79   78.00000   44.00000  43.6%  24.0 3131s
 8464166 4918201   72.00000   88   46   78.00000   44.00000  43.6%  24.0 3135s
 8477380 4926702   71.00000   53   40   78.00000   44.00000  43.6%  24.0 3140s
 8490000 4935152   77.00000   97   24   78.00000   44.00000  43.6%  24.0 3145s
 8503050 4943395   67.00000   48   57   78.00000   44.00000  43.6%  24.0 3150s
 8515705 4951960 infeasible  111        78.00000   44.00000  43.6%  24.0 3155s
 8528694 4960215   75.00000   67   35   78.00000   44.00000  43.6%  24.0 3160s
 8544781 4970367   76.00000   84   43   78.00000   44.00000  43.6%  24.0 3166s
 8557835 4979336   69.00000   49   47   78.00000   44.00000  43.6%  24.0 3170s
 8570729 4987982   77.00000   50   49   78.00000   44.00000  43.6%  24.0 3175s
 8583768 4996160 infeasible   95        78.00000   44.00000  43.6%  24.0 3180s
 8596236 5004559   69.00000   64   48   78.00000   44.00000  43.6%  24.0 3185s
 8609385 5013249   72.00000  100   41   78.00000   44.00000  43.6%  24.0 3190s
 8622393 5021194 infeasible   84        78.00000   44.00000  43.6%  24.0 3195s
 8638792 5031055   64.00000   58   68   78.00000   44.00000  43.6%  24.0 3200s
 8652035 5039059   76.00000   94   30   78.00000   44.00000  43.6%  24.0 3205s
 8665350 5047534 infeasible   82        78.00000   44.00000  43.6%  24.0 3210s
 8678170 5056139 infeasible   89        78.00000   44.00000  43.6%  24.0 3215s
 8694240 5066871   75.00000   61   55   78.00000   44.00000  43.6%  24.0 3221s
 8707606 5075333   44.00000   39   77   78.00000   44.00000  43.6%  24.0 3226s
 8721110 5083704   44.00000   34   93   78.00000   44.00000  43.6%  24.0 3231s
 8734646 5092081   77.00000   66   37   78.00000   44.00000  43.6%  24.0 3235s
 8747692 5100682   60.00000   50  107   78.00000   44.00000  43.6%  24.0 3240s
 8760045 5107976   76.00000   47   56   78.00000   44.00000  43.6%  24.0 3245s
 8773538 5116694   71.00000   65   34   78.00000   44.00000  43.6%  24.0 3250s
 8786644 5125112 infeasible   60        78.00000   44.00000  43.6%  24.0 3255s
 8799416 5132660 infeasible   64        78.00000   44.00000  43.6%  24.0 3260s
 8815398 5143207   75.00000   83   35   78.00000   44.00000  43.6%  24.0 3265s
 8828135 5151344   70.00000   60   45   78.00000   44.00000  43.6%  24.0 3270s
 8841446 5159515 infeasible  106        78.00000   44.00000  43.6%  24.0 3275s
 8854425 5167962   77.00000   76   37   78.00000   44.00000  43.6%  24.0 3280s
 8870617 5178042   71.00000   50   75   78.00000   44.00000  43.6%  24.0 3285s
 8883842 5186192   75.00000   68   69   78.00000   44.00000  43.6%  24.0 3290s
 8896623 5194274   74.00000   69   42   78.00000   44.00000  43.6%  24.0 3295s
 8909852 5202710   76.00000   97   21   78.00000   44.00000  43.6%  24.0 3300s
 8922467 5211118   47.00000   42   80   78.00000   44.00000  43.6%  24.0 3305s
 8938838 5221066   65.00000   52   63   78.00000   44.00000  43.6%  24.0 3311s
 8951474 5229641   77.00000   56   57   78.00000   44.00000  43.6%  24.0 3316s
 8965175 5237706 infeasible   66        78.00000   44.00000  43.6%  24.0 3320s
 8977931 5246203   75.00000   66   46   78.00000   44.00000  43.6%  24.0 3325s
 8991129 5254552   75.00000   67   42   78.00000   44.00000  43.6%  24.0 3330s
 9007647 5264846   75.00000   67   49   78.00000   44.00000  43.6%  24.0 3336s
 9020858 5273868   64.00000   70   54   78.00000   44.00000  43.6%  24.0 3340s
 9034021 5282375   72.00000   88   44   78.00000   44.00000  43.6%  24.0 3345s
 9050958 5293029   65.00000   77   62   78.00000   44.00000  43.6%  24.0 3350s
 9064019 5301752   72.00000   53   64   78.00000   44.00000  43.6%  24.0 3355s
 9077614 5309997   73.00000   66   47   78.00000   44.00000  43.6%  24.0 3360s
 9090341 5318226     cutoff  107        78.00000   44.00000  43.6%  24.0 3365s
 9103664 5326798     cutoff  108        78.00000   44.00000  43.6%  24.0 3370s
 9116215 5334809   75.00000   76   51   78.00000   44.00000  43.6%  24.0 3375s
 9129137 5343292   70.00000   78   46   78.00000   44.00000  43.6%  24.0 3380s
 9142575 5351609   77.00000   76   50   78.00000   44.00000  43.6%  24.0 3385s
 9158654 5362692   77.00000  104   50   78.00000   44.00000  43.6%  24.0 3391s
 9171634 5371062   71.00000   83   61   78.00000   44.00000  43.6%  24.0 3396s
 9181483 5377642   73.00000   50   48   78.00000   44.00000  43.6%  24.0 3400s
 9194977 5386486   77.00000   84   24   78.00000   44.00000  43.6%  24.0 3405s
 9207983 5395034     cutoff   71        78.00000   44.00000  43.6%  24.0 3410s
 9224728 5406164 infeasible  108        78.00000   44.00000  43.6%  24.0 3416s
 9237901 5414717 infeasible   74        78.00000   44.00000  43.6%  24.0 3420s
 9250494 5423129   72.00000   78   44   78.00000   44.00000  43.6%  24.0 3425s
 9263514 5431082   77.00000   92   35   78.00000   44.00000  43.6%  24.0 3430s
 9276734 5440082   62.00000   44   46   78.00000   44.00000  43.6%  24.0 3435s
 9293173 5450428   72.00000   72   41   78.00000   44.00000  43.6%  24.0 3441s
 9306564 5459127   74.00000   63   69   78.00000   44.00000  43.6%  24.0 3445s
 9318995 5467339   77.00000   99   27   78.00000   44.00000  43.6%  24.0 3450s
 9332446 5475437 infeasible  109        78.00000   44.00000  43.6%  24.0 3455s
 9345510 5483803   65.00000   43   82   78.00000   44.00000  43.6%  24.0 3460s
 9358697 5492430 infeasible   90        78.00000   44.00000  43.6%  24.0 3465s
 9371173 5500380   47.00000   35   92   78.00000   44.00000  43.6%  24.0 3470s
 9384761 5508790   62.00000   46   66   78.00000   44.00000  43.6%  24.0 3475s
 9397128 5516670   77.00000   95   27   78.00000   44.00000  43.6%  24.0 3480s
 9410749 5525144   76.00000   84   31   78.00000   44.00000  43.6%  24.0 3485s
 9427014 5535740     cutoff   54        78.00000   44.00000  43.6%  24.0 3491s
 9439732 5544099   65.00000   44   76   78.00000   44.00000  43.6%  24.0 3495s
 9452815 5552542   76.00000   48   56   78.00000   44.00000  43.6%  24.0 3500s
 9465924 5561322   71.00000   64   66   78.00000   44.00000  43.6%  24.0 3505s
 9479761 5569402 infeasible  102        78.00000   44.00000  43.6%  24.0 3510s
 9492936 5578105   73.00000   59   66   78.00000   44.00000  43.6%  24.0 3515s
 9505990 5586877   72.00000  106   44   78.00000   44.00000  43.6%  24.0 3520s
 9519672 5595168   76.00000   93   37   78.00000   44.00000  43.6%  24.0 3525s
 9536351 5605789   73.00000   56   44   78.00000   44.00000  43.6%  24.0 3531s
 9549419 5613815   44.00000   48   60   78.00000   44.00000  43.6%  24.0 3535s
 9562804 5622380   73.00000   87   33   78.00000   44.00000  43.6%  24.0 3540s
 9578606 5632788   65.00000   48   80   78.00000   44.00000  43.6%  24.0 3546s
 9591811 5641606   76.00000   78   45   78.00000   44.00000  43.6%  24.0 3550s
 9605426 5649570   56.00000   43   92   78.00000   44.00000  43.6%  23.9 3555s
 9618363 5658284   73.00000   99   28   78.00000   44.00000  43.6%  23.9 3560s
 9634493 5668843   77.00000   72   45   78.00000   44.00000  43.6%  23.9 3565s
 9647659 5677220   77.00000   82   29   78.00000   44.00000  43.6%  23.9 3570s
 9661382 5686054   77.00000   77   61   78.00000   44.00000  43.6%  23.9 3575s
 9674702 5694475   73.00000   55   47   78.00000   44.00000  43.6%  23.9 3580s
 9687628 5702909   65.00000   65   64   78.00000   44.00000  43.6%  23.9 3585s
 9703967 5712904   61.00000   55   84   78.00000   44.00000  43.6%  23.9 3591s
 9717386 5721396   53.00000   74   64   78.00000   44.00000  43.6%  23.9 3596s
 9730415 5728777   61.00000   52   57   78.00000   44.00000  43.6%  23.9 3600s

Explored 9731580 nodes (232972734 simplex iterations) in 3600.05 seconds (831.52 work units)
Thread count was 32 (of 32 available processors)

Solution count 10: 78 79 82 ... 92

Time limit reached
Best objective 7.800000000000e+01, best bound 4.400000000000e+01, gap 43.5897%
