
Gurobi 13.0.0 (win64) logging started Wed Nov 19 10:48:53 2025

Set parameter LogFile to value "./Results/StripPacking-CutHeur/Logs/SBM-111-StripPacking-15.log"
Set parameter TimeLimit to value 3600
Set parameter Cuts to value 1
Set parameter Presolve to value 1
Set parameter Heuristics to value 1
Set parameter LogToConsole to value 0
Set parameter LPWarmStart to value 2
Gurobi Optimizer version 13.0.0 build v13.0.0rc1 (win64 - Windows 11+.0 (26200.2))

CPU model: AMD Ryzen AI 9 365 w/ Radeon 880M, instruction set [SSE2|AVX|AVX2|AVX512]
Thread count: 10 physical cores, 20 logical processors, using up to 20 threads

Non-default parameters:
TimeLimit  3600
LPWarmStart  2
Heuristics  1
Cuts  1
LogToConsole  0
Presolve  1

Optimize a model with 1905 rows, 346 columns and 5700 nonzeros (Min)
Model fingerprint: 0x2cf4511c
Model has 1 linear objective coefficients
Variable types: 136 continuous, 210 integer (210 binary)
Coefficient statistics:
  Matrix range     [1e+00, 1e+04]
  Objective range  [1e+00, 1e+00]
  Bounds range     [1e+00, 1e+04]
  RHS range        [1e+00, 1e+04]

Warning: Completing partial solution with 210 unfixed non-continuous variables out of 210
User MIP start produced solution with objective 72 (0.00s)
User MIP start produced solution with objective 72 (0.00s)
Loaded user MIP start with objective 72

Presolve removed 525 rows and 0 columns
Presolve time: 0.02s
Presolved: 1380 rows, 346 columns, 4335 nonzeros
Variable types: 136 continuous, 210 integer (210 binary)

Root relaxation: objective 3.700000e+01, 140 iterations, 0.00 seconds (0.00 work units)

    Nodes    |    Current Node    |     Objective Bounds      |     Work
 Expl Unexpl |  Obj  Depth IntInf | Incumbent    BestBd   Gap | It/Node Time

     0     0   37.00000    0   19   72.00000   37.00000  48.6%     -    0s
H    0     0                      71.0000000   37.00000  47.9%     -    0s
     0     0   37.00000    0   43   71.00000   37.00000  47.9%     -    0s
     0     0   37.00000    0   33   71.00000   37.00000  47.9%     -    0s
     0     0   37.00000    0   48   71.00000   37.00000  47.9%     -    0s
     0     0   37.00000    0   22   71.00000   37.00000  47.9%     -    0s
     0     0   37.00000    0   25   71.00000   37.00000  47.9%     -    0s
     0     0   37.00000    0   36   71.00000   37.00000  47.9%     -    0s
     0     0   37.00000    0   18   71.00000   37.00000  47.9%     -    0s
H    0     0                      70.0000000   37.00000  47.1%     -    0s
H    0     0                      64.0000000   37.00000  42.2%     -    0s
     0     0   37.00000    0   20   64.00000   37.00000  42.2%     -    0s
     0     0   37.00000    0   26   64.00000   37.00000  42.2%     -    0s
     0     0   37.00000    0   15   64.00000   37.00000  42.2%     -    0s
     0     0   37.00000    0   16   64.00000   37.00000  42.2%     -    0s
     0     0   37.00000    0   27   64.00000   37.00000  42.2%     -    0s
     0     0   37.00000    0   21   64.00000   37.00000  42.2%     -    0s

Cutting planes:
  MIR: 12
  Flow cover: 57
  RLT: 5

Explored 1 nodes (3363 simplex iterations) in 0.13 seconds (0.13 work units)
Thread count was 20 (of 20 available processors)

Solution count 4: 64 70 71 72 

Solve interrupted
Best objective 6.400000000000e+01, best bound 3.700000000000e+01, gap 42.1875%

Gurobi 13.0.0 (linux64) logging started Thu Nov 20 12:03:51 2025

Set parameter LogFile to value "./Results/StripPacking-CutHeur/Logs/SBM-111-StripPacking-15.log"
Set parameter TimeLimit to value 3600
Set parameter Cuts to value 1
Set parameter Presolve to value 1
Set parameter Heuristics to value 1
Set parameter LogToConsole to value 0
Set parameter LPWarmStart to value 2
Gurobi Optimizer version 13.0.0 build v13.0.0rc1 (linux64 - "Debian GNU/Linux 12 (bookworm)")

CPU model: Intel(R) Xeon(R) CPU E5-2630 v3 @ 2.40GHz, instruction set [SSE2|AVX|AVX2]
Thread count: 16 physical cores, 32 logical processors, using up to 32 threads

Non-default parameters:
TimeLimit  3600
LPWarmStart  2
Heuristics  1
Cuts  1
LogToConsole  0
Presolve  1

Optimize a model with 1905 rows, 346 columns and 5700 nonzeros (Min)
Model fingerprint: 0x2cf4511c
Model has 1 linear objective coefficients
Variable types: 136 continuous, 210 integer (210 binary)
Coefficient statistics:
  Matrix range     [1e+00, 1e+04]
  Objective range  [1e+00, 1e+00]
  Bounds range     [1e+00, 1e+04]
  RHS range        [1e+00, 1e+04]

Warning: Completing partial solution with 210 unfixed non-continuous variables out of 210
User MIP start produced solution with objective 72 (0.01s)
User MIP start produced solution with objective 72 (0.01s)
Loaded user MIP start with objective 72

Presolve removed 525 rows and 0 columns
Presolve time: 0.03s
Presolved: 1380 rows, 346 columns, 4335 nonzeros
Variable types: 136 continuous, 210 integer (210 binary)

Root relaxation: objective 3.700000e+01, 140 iterations, 0.01 seconds (0.00 work units)

    Nodes    |    Current Node    |     Objective Bounds      |     Work
 Expl Unexpl |  Obj  Depth IntInf | Incumbent    BestBd   Gap | It/Node Time

     0     0   37.00000    0   19   72.00000   37.00000  48.6%     -    0s
H    0     0                      71.0000000   37.00000  47.9%     -    0s
     0     0   37.00000    0   43   71.00000   37.00000  47.9%     -    0s
     0     0   37.00000    0   33   71.00000   37.00000  47.9%     -    0s
     0     0   37.00000    0   39   71.00000   37.00000  47.9%     -    0s
     0     0   37.00000    0   23   71.00000   37.00000  47.9%     -    0s
     0     0   37.00000    0   24   71.00000   37.00000  47.9%     -    0s
     0     0   37.00000    0   43   71.00000   37.00000  47.9%     -    0s
     0     0   37.00000    0   23   71.00000   37.00000  47.9%     -    0s
H    0     0                      69.0000000   37.00000  46.4%     -    0s
H    0     0                      68.0000000   37.00000  45.6%     -    0s
     0     0   37.00000    0   26   68.00000   37.00000  45.6%     -    0s
H    0     0                      65.0000000   37.00000  43.1%     -    0s
     0     0   37.00000    0   44   65.00000   37.00000  43.1%     -    0s
     0     0   37.00000    0   19   65.00000   37.00000  43.1%     -    0s
     0     0   37.00000    0   29   65.00000   37.00000  43.1%     -    0s
     0     0   37.00000    0   25   65.00000   37.00000  43.1%     -    0s
     0     0   37.00000    0   25   65.00000   37.00000  43.1%     -    0s
     0     0   37.00000    0   25   65.00000   37.00000  43.1%     -    0s
     0     0   37.00000    0   25   65.00000   37.00000  43.1%     -    0s
H    0     0                      63.0000000   37.00000  41.3%     -    0s
H    0     0                      61.0000000   37.00000  39.3%     -    0s
     0     2   37.00000    0   21   61.00000   37.00000  39.3%     -    0s
H   16    32                      59.0000000   37.00000  37.3%  53.7    0s
H   47   105                      58.0000000   37.00000  36.2%  48.1    0s
H  470   575                      56.0000000   37.00000  33.9%  25.4    0s
H  756   759                      54.0000000   37.00000  31.5%  21.1    0s
H  975   797                      53.0000000   37.00000  30.2%  20.6    0s
H 2035  1011                      52.0000000   37.00000  28.8%  17.0    1s
H 2441  1233                      52.0000000   37.00000  28.8%  17.2    1s
  3601  1757   37.08704   29   36   52.00000   37.00000  28.8%  21.6    5s
* 4113  1877              46      50.0000000   37.00000  26.0%  22.7    7s
  5383  1883   46.00000   38   15   50.00000   37.00000  26.0%  24.6   10s
  5982  1888   46.00000   32   14   50.00000   37.00000  26.0%  25.9   15s
  6180  1871 infeasible   34        50.00000   37.00000  26.0%  26.2   20s
H 6182  1798                      50.0000000   37.00000  26.0%  26.2   20s
  6754  1878   43.00000   38   25   50.00000   37.00000  26.0%  27.0   25s
* 6783  1801              50      49.0000000   37.00000  24.5%  27.1   25s
* 6945  1746              45      47.0000000   37.00000  21.3%  27.2   25s
H 8517  1933                      47.0000000   37.00000  21.3%  29.9   26s
 10586  1817 infeasible   35        47.00000   37.00000  21.3%  31.8   30s
 11253  1950   37.00000   35   25   47.00000   37.00000  21.3%  32.1   35s
 12699  2291   37.00000   41   21   47.00000   37.00000  21.3%  33.2   40s
 13572  2398 infeasible   45        47.00000   37.00000  21.3%  33.7   46s
 14258  2550   39.00000   31   24   47.00000   37.00000  21.3%  34.0   51s
 14804  2677 infeasible   46        47.00000   37.00000  21.3%  34.2   55s
 15557  2761   37.12995   31   54   47.00000   37.00000  21.3%  34.5   60s
 15769  2844 infeasible   34        47.00000   37.00000  21.3%  34.7   65s
 17002  3031 infeasible   33        47.00000   37.00000  21.3%  34.9   71s
 17523  3188   42.00000   34   32   47.00000   37.00000  21.3%  35.0   76s
 19066  3396     cutoff   30        47.00000   37.00000  21.3%  35.5   80s
 20507  3564   42.00000   33   25   47.00000   37.00000  21.3%  35.8   85s
 21759  3804 infeasible   31        47.00000   37.00000  21.3%  36.0   91s
 21923  3817 infeasible   33        47.00000   37.00000  21.3%  36.0   95s
 22127  3851   46.00000   39   16   47.00000   37.00000  21.3%  36.1  101s
 22313  3873   46.00000   41   17   47.00000   37.00000  21.3%  36.1  106s
 22433  3893   46.00000   43   17   47.00000   37.00000  21.3%  36.1  110s
 22660  3927 infeasible   45        47.00000   37.00000  21.3%  36.1  115s
 23148  4046   45.00000   37   21   47.00000   37.00000  21.3%  36.1  120s
 23704  4192   43.00000   38   21   47.00000   37.00000  21.3%  36.1  125s
 24185  4337   43.00000   40   22   47.00000   37.00000  21.3%  36.1  130s
 26588  4669 infeasible   35        47.00000   37.00000  21.3%  36.5  136s
 28023  5131     cutoff   34        47.00000   37.00000  21.3%  36.7  142s
 30140  5393 infeasible   37        47.00000   37.00000  21.3%  37.1  146s
 35373  5811 infeasible   35        47.00000   37.00000  21.3%  37.7  151s
 35470  5849   40.00000   40   40   47.00000   37.00000  21.3%  37.8  155s
 36497  6011   43.00000   42   32   47.00000   37.00000  21.3%  37.8  162s
 37309  6056 infeasible   43        47.00000   37.00000  21.3%  37.9  165s
 37983  6348     cutoff   42        47.00000   37.00000  21.3%  37.9  170s
 40416  6455   37.00000   33   42   47.00000   37.00000  21.3%  38.2  176s
 41497  6742   37.00000   30   29   47.00000   37.00000  21.3%  38.2  182s
 42088  6969 infeasible   46        47.00000   37.00000  21.3%  38.3  186s
 44100  7325   46.00000   37   26   47.00000   37.00000  21.3%  38.4  193s
 46441  7806 infeasible   46        47.00000   37.00000  21.3%  38.5  197s
 48994  7819 infeasible   45        47.00000   37.00000  21.3%  38.5  200s
 50122  7981   39.00000   35   25   47.00000   37.00000  21.3%  38.6  207s
 51165  8534   46.00000   36   20   47.00000   37.00000  21.3%  38.6  211s
 56696  8972 infeasible   33        47.00000   37.00000  21.3%  38.8  215s
 62007  9226   37.09184   39   39   47.00000   37.00000  21.3%  39.1  220s
 62644  9367   37.12378   48   44   47.00000   37.00000  21.3%  39.2  225s
 63308  9560   37.00000   39   37   47.00000   37.00000  21.3%  39.4  230s
 66898  9530   43.00000   41   28   47.00000   37.00000  21.3%  40.2  235s
 69446  9084 infeasible   50        47.00000   37.00000  21.3%  40.8  240s
 69611  9073 infeasible   45        47.00000   37.00000  21.3%  40.8  245s
 69967  9041   37.23301   38   34   47.00000   37.00000  21.3%  40.9  250s
 71769  8903 infeasible   52        47.00000   37.00000  21.3%  41.3  255s
 73150  8628 infeasible   48        47.00000   37.00000  21.3%  41.6  261s
 73599  8505   37.00000   44   50   47.00000   37.00000  21.3%  41.7  265s
 74335  8500   37.00000   48   21   47.00000   37.00000  21.3%  41.8  270s
 75198  8374 infeasible   51        47.00000   37.00000  21.3%  41.9  275s
 76266  8148   45.00000   51   36   47.00000   37.00000  21.3%  42.1  280s
 76764  8193   37.00000   45   53   47.00000   37.00000  21.3%  42.1  286s
 78508  8031 infeasible   46        47.00000   37.00000  21.3%  42.4  292s
 79193  7911   39.00000   46   35   47.00000   37.00000  21.3%  42.5  295s
 80367  7615 infeasible   56        47.00000   37.00000  21.3%  42.7  303s
 80441  7603 infeasible   56        47.00000   37.00000  21.3%  42.7  306s
 80491  7757   46.00000   55   21   47.00000   37.00000  21.3%  42.7  310s
 82337  7480   42.00000   44   38   47.00000   37.00000  21.3%  42.9  317s
 83500  7190   39.00000   46   32   47.00000   37.00000  21.3%  43.2  321s
 84003  7163   39.00000   47   28   47.00000   37.00000  21.3%  43.2  326s
 85127  6830   41.00000   52   37   47.00000   37.00000  21.3%  43.4  330s
 85475  6926 infeasible   53        47.00000   37.00000  21.3%  43.5  335s
 89584  6747 infeasible   44        47.00000   37.00000  21.3%  44.1  344s
 91155  6763 infeasible   45        47.00000   37.00000  21.3%  44.4  350s
 91261  7965   41.00000   45   47   47.00000   37.00000  21.3%  44.4  376s
 99101  8058     cutoff   43        47.00000   37.00000  21.3%  45.6  382s
 99512  8415   37.00000   44   44   47.00000   37.00000  21.3%  45.6  388s
 101158  8581   37.00000   45   43   47.00000   37.00000  21.3%  45.7  395s
 102244  8830   37.00000   46   43   47.00000   37.00000  21.3%  45.8  401s
 103953  8990 infeasible   52        47.00000   37.00000  21.3%  46.0  408s
 104639  9341 infeasible   52        47.00000   37.00000  21.3%  46.0  415s
 107106 10098 infeasible   49        47.00000   37.00000  21.3%  46.3  422s
 112893 10817   37.00000   45   42   47.00000   37.00000  21.3%  46.9  428s
 118151 10829   37.00000   46   36   47.00000   37.00000  21.3%  47.5  433s
 118203 10841   37.00000   47   36   47.00000   37.00000  21.3%  47.5  437s
 118257 10862     cutoff   48        47.00000   37.00000  21.3%  47.5  442s
 118325 11150 infeasible   48        47.00000   37.00000  21.3%  47.5  448s
 119994 11401   46.00000   49   24   47.00000   37.00000  21.3%  47.7  453s
 121974 11507   46.00000   50   22   47.00000   37.00000  21.3%  47.9  462s
 122596 13028 infeasible   51        47.00000   37.00000  21.3%  47.9  475s
 134788 13030   41.00000   49   25   47.00000   37.00000  21.3%  48.8  480s
 134902 13049 infeasible   51        47.00000   37.00000  21.3%  48.8  488s
 135005 13065   41.00000   51   26   47.00000   37.00000  21.3%  48.8  492s
 135053 13110   43.00000   52   24   47.00000   37.00000  21.3%  48.8  497s
 135411 13215 infeasible   53        47.00000   37.00000  21.3%  48.9  501s
 135996 13540 infeasible   55        47.00000   37.00000  21.3%  48.9  506s
 138380 13564 infeasible   44        47.00000   37.00000  21.3%  49.0  512s
 138486 13688   43.00000   42   44   47.00000   37.00000  21.3%  49.1  518s
 139452 14053 infeasible   43        47.00000   37.00000  21.3%  49.1  524s
 141764 14129   37.00000   46   33   47.00000   37.00000  21.3%  49.1  531s
 142397 14915 infeasible   47        47.00000   37.00000  21.3%  49.2  538s
 148785 14950 infeasible   47        47.00000   37.00000  21.3%  49.4  544s
 149143 14946 infeasible   48        47.00000   37.00000  21.3%  49.5  550s
 149211 14975   37.00000   47   49   47.00000   37.00000  21.3%  49.5  556s
 149526 15424   37.00000   49   46   47.00000   37.00000  21.3%  49.5  562s
 153645 15437   45.00000   52   37   47.00000   37.00000  21.3%  49.7  574s
 153744 19213   45.00000   53   28   47.00000   37.00000  21.3%  49.8  596s
 185744 19212 infeasible   48        47.00000   37.00000  21.3%  51.1  606s
 185806 23078   37.00000   50   34   47.00000   37.00000  21.3%  51.1  649s
 217806 23117 infeasible   52        47.00000   37.00000  21.3%  52.1  658s
 218155 23490 infeasible   52        47.00000   37.00000  21.3%  52.1  729s
 218368 23490   37.00000   49   31   47.00000   37.00000  21.3%  52.1  730s
 221952 26304   43.00000   43   38   47.00000   37.00000  21.3%  52.2  762s
 253952 26351 infeasible   63        47.00000   37.00000  21.3%  53.0  772s
 254314 28263   46.00000   64   16   47.00000   37.00000  21.3%  53.0  816s
 286314 28271   43.00000   51   28   47.00000   37.12292  21.0%  52.7  825s
 286383 28631 infeasible   52        47.00000   37.12292  21.0%  52.7  871s
 317951 28617   45.00000   48   24   47.00000   39.00000  17.0%  51.7  880s
 318162 28203 infeasible   49        47.00000   39.00000  17.0%  51.7  929s
 327029 28203 infeasible   43        47.00000   39.00000  17.0%  51.4  930s
 349805 28066 infeasible   49        47.00000   39.00000  17.0%  50.8  939s
 360129 28079 infeasible   48        47.00000   39.00000  17.0%  50.6  943s
 360302 28066   46.00000   49   20   47.00000   39.00000  17.0%  50.6  946s
 360839 28119   46.00000   50   18   47.00000   39.00000  17.0%  50.6  953s
 360894 28132   46.00000   51   32   47.00000   39.00000  17.0%  50.6  956s
 361517 28145 infeasible   48        47.00000   39.00000  17.0%  50.6  961s
 362020 28161 infeasible   49        47.00000   39.00000  17.0%  50.6  965s
 362328 28170   43.00000   46   27   47.00000   39.00000  17.0%  50.6  970s
 362882 28254 infeasible   47        47.00000   39.00000  17.0%  50.5  975s
 363950 28350   42.00000   50   30   47.00000   39.00000  17.0%  50.5  981s
 366350 28373   41.00000   47   25   47.00000   39.00000  17.0%  50.5  988s
 367269 28359   45.00000   48   27   47.00000   39.00000  17.0%  50.4  995s
 370897 28313   43.00000   53   27   47.00000   41.00000  12.8%  50.3 1001s
 374306 28313   46.00000   56   26   47.00000   41.00000  12.8%  50.2 1007s
 374370 28325 infeasible   57        47.00000   41.00000  12.8%  50.2 1012s
 374631 28397   46.00000   58   21   47.00000   41.00000  12.8%  50.2 1019s
 377874 28395 infeasible   59        47.00000   41.00000  12.8%  50.1 1025s
 379846 28426   41.00000   47   47   47.00000   41.00000  12.8%  50.1 1032s
 382026 28403 infeasible   49        47.00000   41.00000  12.8%  50.0 1041s
 391635 28395 infeasible   50        47.00000   41.00000  12.8%  49.7 1045s
 392306 28390 infeasible   49        47.00000   41.00000  12.8%  49.7 1052s
 392527 28368 infeasible   49        47.00000   41.00000  12.8%  49.7 1056s
 392741 28354 infeasible   50        47.00000   41.00000  12.8%  49.7 1060s
 395447 28319 infeasible   51        47.00000   41.00000  12.8%  49.6 1069s
 397199 28311 infeasible   52        47.00000   41.00000  12.8%  49.6 1075s
 398517 28306   41.00000   51   29   47.00000   41.00000  12.8%  49.6 1081s
 402232 28314   46.00000   52   17   47.00000   41.00000  12.8%  49.5 1086s
 402288 28300   46.00000   53   23   47.00000   41.00000  12.8%  49.5 1092s
 402813 28346 infeasible   54        47.00000   41.00000  12.8%  49.4 1098s
 403879 28364   46.00000   54   13   47.00000   41.00000  12.8%  49.4 1106s
 406697 28398 infeasible   51        47.00000   41.00000  12.8%  49.4 1113s
 410492 28357   46.00000   52   27   47.00000   41.00000  12.8%  49.2 1120s
 413810 28238   45.00000   50   26   47.00000   41.00000  12.8%  49.2 1128s
 419137 28337     cutoff   51        47.00000   41.00000  12.8%  49.1 1133s
 422646 28338   45.00000   49   30   47.00000   41.00000  12.8%  48.9 1141s
 422708 27297 infeasible   50        47.00000   41.00000  12.8%  48.9 1169s
 452137 27281   43.00000   55   22   47.00000   42.00000  10.6%  48.2 1173s
 452442 27293 infeasible   56        47.00000   42.00000  10.6%  48.2 1177s
 452712 27249 infeasible   57        47.00000   42.00000  10.6%  48.2 1185s
 454436 27253   46.00000   56   11   47.00000   43.00000  8.51%  48.2 1198s
 454938 26552 infeasible   57        47.00000   43.00000  8.51%  48.2 1219s
 478784 26605     cutoff   48        47.00000   43.00000  8.51%  47.6 1224s
 481237 26614 infeasible   48        47.00000   43.00000  8.51%  47.6 1228s
 481312 26609 infeasible   57        47.00000   43.00000  8.51%  47.6 1232s
 481519 26596     cutoff   52        47.00000   43.00000  8.51%  47.6 1237s
 481596 26578 infeasible   52        47.00000   43.00000  8.51%  47.6 1241s
 481827 26578   43.00000   49   34   47.00000   43.00000  8.51%  47.6 1246s
 482089 26523 infeasible   50        47.00000   43.00000  8.51%  47.6 1252s
 482854 26565   43.00000   44   29   47.00000   43.00000  8.51%  47.6 1258s
 484220 26550   43.00000   45   28   47.00000   43.00000  8.51%  47.5 1268s
 486774 26348   43.00000   46   29   47.00000   43.00000  8.51%  47.5 1279s
 495675 26300   46.00000   58   20   47.00000   43.00000  8.51%  47.3 1284s
 497871 26303   46.00000   59   19   47.00000   43.00000  8.51%  47.3 1290s
 498932 26310 infeasible   60        47.00000   43.00000  8.51%  47.2 1296s
 498989 26299 infeasible   51        47.00000   43.00000  8.51%  47.2 1302s
 499620 26352   43.00000   45   28   47.00000   43.00000  8.51%  47.2 1308s
 500459 26348   43.00000   50   36   47.00000   43.00000  8.51%  47.2 1316s
 500675 26344   43.00000   48   36   47.00000   43.00000  8.51%  47.2 1325s
 502611 26532   43.00000   49   30   47.00000   43.00000  8.51%  47.1 1333s
 507366 26336   43.00000   55   25   47.00000   43.00000  8.51%  47.0 1341s
 516685 26327 infeasible   56        47.00000   43.00000  8.51%  46.9 1346s
 516758 26327 infeasible   49        47.00000   43.00000  8.51%  46.9 1351s
 516821 26322   43.00000   49   16   47.00000   43.00000  8.51%  46.9 1356s
 516890 26318   43.00000   50   17   47.00000   43.00000  8.51%  46.9 1361s
 517184 26312   43.00000   51   17   47.00000   43.00000  8.51%  46.8 1366s
 517618 26321   46.00000   52   16   47.00000   43.00000  8.51%  46.8 1373s
 518042 26287   46.00000   52   16   47.00000   43.00000  8.51%  46.8 1379s
 520427 26216 infeasible   52        47.00000   43.00000  8.51%  46.8 1386s
 524565 26217 infeasible   55        47.00000   43.00000  8.51%  46.7 1395s
 524636 25750     cutoff   47        47.00000   43.00000  8.51%  46.7 1430s
 556024 25748   43.00000   53   31   47.00000   43.00000  8.51%  46.1 1435s
 556151 25770 infeasible   55        47.00000   43.00000  8.51%  46.1 1443s
 556195 25767 infeasible   56        47.00000   43.00000  8.51%  46.1 1451s
 556265 26013   46.00000   55   24   47.00000   43.00000  8.51%  46.1 1489s
 584259 26013   43.00000   50   26   47.00000   43.00000  8.51%  45.6 1490s
 588259 26015   43.00000   56   32   47.00000   43.00000  8.51%  45.5 1495s
 588319 26028   43.00000   57   31   47.00000   43.00000  8.51%  45.5 1502s
 588664 25892 infeasible   45        47.00000   43.00000  8.51%  45.5 1537s
 620503 25898 infeasible   49        47.00000   43.00000  8.51%  45.1 1546s
 620561 26059   46.00000   45   20   47.00000   43.00000  8.51%  45.1 1647s
 652506 26073   46.00000   55   23   47.00000   43.00000  8.51%  44.7 1658s
 652556 26098   46.00000   56   22   47.00000   43.00000  8.51%  44.7 1669s
 654008 26098 infeasible   55        47.00000   43.00000  8.51%  44.6 1677s
 654166 25765 infeasible   48        47.00000   43.00000  8.51%  44.6 1722s
 685980 25761 infeasible   43        47.00000   43.00000  8.51%  44.2 1728s
 686040 25828   46.00000   51   16   47.00000   43.00000  8.51%  44.2 1734s
 686471 25930 infeasible   52        47.00000   43.00000  8.51%  44.2 1742s
 687111 23820 infeasible   58        47.00000   43.00000  8.51%  44.2 1770s
 718917 23828 infeasible   45        47.00000   43.00000  8.51%  43.8 1775s
 719360 23823   45.00000   46   17   47.00000   43.00000  8.51%  43.7 1783s
 719466 23816   45.00000   47   15   47.00000   43.00000  8.51%  43.7 1786s
 719690 23817   45.00000   48   14   47.00000   43.00000  8.51%  43.7 1792s
 719787 23835 infeasible   49        47.00000   43.00000  8.51%  43.7 1797s
 720615 23784 infeasible   50        47.00000   43.00000  8.51%  43.7 1805s
 723287 22926   46.00000   53   35   47.00000   43.00000  8.51%  43.7 1815s
 733584 22504   46.00000   54   28   47.00000   43.00000  8.51%  43.5 1820s
 737471 22489   45.00000   56   37   47.00000   45.00000  4.26%  43.5 1829s
 737537 22452 infeasible   57        47.00000   45.00000  4.26%  43.5 1833s
 737762 22426   45.00000   57   21   47.00000   45.00000  4.26%  43.5 1838s
 738030 22332 infeasible   58        47.00000   45.00000  4.26%  43.5 1843s
 739230 22232   46.00000   48   17   47.00000   45.00000  4.26%  43.5 1849s
 742202 22124 infeasible   49        47.00000   45.00000  4.26%  43.4 1855s
 745375 22002     cutoff   53        47.00000   45.00000  4.26%  43.3 1860s
 747418 22004   46.00000   53   12   47.00000   45.00000  4.26%  43.3 1866s
 747480 22021     cutoff   54        47.00000   45.00000  4.26%  43.3 1872s
 748132 21965   46.00000   51   14   47.00000   45.00000  4.26%  43.3 1879s
 748985 21933   46.00000   52   14   47.00000   45.00000  4.26%  43.2 1886s
 753135 21738 infeasible   52        47.00000   45.00000  4.26%  43.2 1895s
 756083 21199 infeasible   57        47.00000   45.00000  4.26%  43.1 1904s
 766076 20912   46.00000   49   20   47.00000   45.00000  4.26%  42.9 1908s
 770826 20889 infeasible   50        47.00000   45.00000  4.26%  42.8 1912s
 770913 20891 infeasible   50        47.00000   45.00000  4.26%  42.8 1916s
 770975 20896 infeasible   62        47.00000   45.00000  4.26%  42.8 1920s
 771655 20900   46.00000   49   32   47.00000   45.00000  4.26%  42.8 1928s
 771972 20886   46.00000   49   26   47.00000   46.00000  2.13%  42.8 1933s
 772936 21009   46.00000   50   29   47.00000   46.00000  2.13%  42.8 1939s
 775707 20926   46.00000   61   12   47.00000   46.00000  2.13%  42.7 1946s
 777386 20625   46.00000   54   34   47.00000   46.00000  2.13%  42.7 1953s
 782019 20237 infeasible   52        47.00000   46.00000  2.13%  42.6 1959s
 788013 20237   46.00000   71   20   47.00000   46.00000  2.13%  42.6 1960s
 789932 20169 infeasible   64        47.00000   46.00000  2.13%  42.6 1970s
 790006 20089   46.00000   61   14   47.00000   46.00000  2.13%  42.6 1975s
 791567 19880   46.00000   62   19   47.00000   46.00000  2.13%  42.5 1983s
 794684 19653 infeasible   63        47.00000   46.00000  2.13%  42.5 1990s
 798668 19409   46.00000   64   22   47.00000   46.00000  2.13%  42.4 1997s
 801167 19348     cutoff   61        47.00000   46.00000  2.13%  42.4 2004s
 806060 18970   46.00000   45   21   47.00000   46.00000  2.13%  42.3 2011s
 813590 18943   46.00000   47   27   47.00000   46.00000  2.13%  42.3 2016s
 813964 18922     cutoff   48        47.00000   46.00000  2.13%  42.3 2021s
 814609 18918   46.00000   48   24   47.00000   46.00000  2.13%  42.2 2027s
 815095 18829 infeasible   55        47.00000   46.00000  2.13%  42.2 2034s
 817809 18692 infeasible   51        47.00000   46.00000  2.13%  42.2 2041s
 821395 18536   46.00000   60   17   47.00000   46.00000  2.13%  42.2 2048s
 824019 18130 infeasible   61        47.00000   46.00000  2.13%  42.1 2055s
 830605 18125   46.00000   52   24   47.00000   46.00000  2.13%  42.1 2061s
 830674 18075 infeasible   53        47.00000   46.00000  2.13%  42.1 2067s
 831040 17941   46.00000   53   20   47.00000   46.00000  2.13%  42.1 2074s
 833469 17686   46.00000   56   24   47.00000   46.00000  2.13%  42.1 2081s
 836911 17471 infeasible   57        47.00000   46.00000  2.13%  42.0 2088s
 840147 17080 infeasible   51        47.00000   46.00000  2.13%  42.0 2095s
 847333 16967 infeasible   58        47.00000   46.00000  2.13%  41.9 2101s
 851383 16965 infeasible   54        47.00000   46.00000  2.13%  41.9 2107s
 851449 17039 infeasible   54        47.00000   46.00000  2.13%  41.9 2112s
 852177 16916   46.00000   58   22   47.00000   46.00000  2.13%  41.9 2121s
 853890 16204   46.00000   53   26   47.00000   46.00000  2.13%  41.8 2137s
 878943 16208   46.00000   56   12   47.00000   46.00000  2.13%  41.7 2141s
 878998 16243   46.00000   57   11   47.00000   46.00000  2.13%  41.7 2145s
 879800 16332   46.00000   73   15   47.00000   46.00000  2.13%  41.6 2152s
 880707 16344     cutoff   74        47.00000   46.00000  2.13%  41.6 2156s
 880758 16316 infeasible   74        47.00000   46.00000  2.13%  41.6 2161s
 881042 16312 infeasible   59        47.00000   46.00000  2.13%  41.6 2165s
 881542 16200     cutoff   67        47.00000   46.00000  2.13%  41.6 2171s
 883999 16181   46.00000   51   26   47.00000   46.00000  2.13%  41.6 2176s
 886275 16046 infeasible   47        47.00000   46.00000  2.13%  41.6 2182s
 889673 16027   46.00000   55   20   47.00000   46.00000  2.13%  41.5 2188s
 892142 15791   46.00000   54   27   47.00000   46.00000  2.13%  41.5 2195s
 896339 15851   46.00000   56   18   47.00000   46.00000  2.13%  41.5 2201s
 900895 15818 infeasible   54        47.00000   46.00000  2.13%  41.4 2208s
 900991 14590   46.00000   59   28   47.00000   46.00000  2.13%  41.4 2242s
 932991 14932 infeasible   53        47.00000   46.00000  2.13%  41.2 2247s
 936719 15001   46.00000   51   15   47.00000   46.00000  2.13%  41.2 2255s
 938816 14987     cutoff   60        47.00000   46.00000  2.13%  41.2 2267s
 938914 14926   46.00000   50   19   47.00000   46.00000  2.13%  41.2 2280s
 952111 14920 infeasible   54        47.00000   46.00000  2.13%  41.2 2286s
 952187 14929   46.00000   51   19   47.00000   46.00000  2.13%  41.2 2291s
 952248 14930   46.00000   52   24   47.00000   46.00000  2.13%  41.2 2297s
 956403 14993   46.00000   47   27   47.00000   46.00000  2.13%  41.2 2302s
 964405 14995 infeasible   49        47.00000   46.00000  2.13%  41.1 2306s
 964467 14999   46.00000   57   16   47.00000   46.00000  2.13%  41.1 2310s
 965103 14921 infeasible   68        47.00000   46.00000  2.13%  41.1 2318s
 965508 14897 infeasible   61        47.00000   46.00000  2.13%  41.1 2323s
 966555 14768   46.00000   54   18   47.00000   46.00000  2.13%  41.1 2329s
 968531 14730 infeasible   57        47.00000   46.00000  2.13%  41.1 2335s
 970861 14581 infeasible   52        47.00000   46.00000  2.13%  41.0 2341s
 973643 14628   46.00000   41   35   47.00000   46.00000  2.13%  41.0 2347s
 979229 14621   46.00000   52   18   47.00000   46.00000  2.13%  41.0 2353s
 979300 14630 infeasible   53        47.00000   46.00000  2.13%  41.0 2359s
 979388 14624   46.00000   54   22   47.00000   46.00000  2.13%  41.0 2366s
 979458 13540 infeasible   55        47.00000   46.00000  2.13%  41.0 2410s
 1011458 13523   46.00000   53   43   47.00000   46.00000  2.13%  40.8 2416s
 1011802 13512 infeasible   54        47.00000   46.00000  2.13%  40.8 2422s
 1011888 13555   46.00000   55   42   47.00000   46.00000  2.13%  40.8 2428s
 1014174 13183 infeasible   65        47.00000   46.00000  2.13%  40.7 2436s
 1025890 13224   46.00000   44   23   47.00000   46.00000  2.13%  40.7 2442s
 1026542 13214   46.00000   45   24   47.00000   46.00000  2.13%  40.7 2445s
 1027313 13182 infeasible   64        47.00000   46.00000  2.13%  40.7 2452s
 1027453 13164   46.00000   58   20   47.00000   46.00000  2.13%  40.7 2456s
 1029079 12993   46.00000   60   25   47.00000   46.00000  2.13%  40.7 2463s
 1031516 12949   46.00000   61   24   47.00000   46.00000  2.13%  40.6 2469s
 1032801 12913   46.00000   62   27   47.00000   46.00000  2.13%  40.6 2475s
 1033462 12913     cutoff   63        47.00000   46.00000  2.13%  40.6 2481s
 1033559 12984   46.00000   63   21   47.00000   46.00000  2.13%  40.6 2486s
 1036951 12572 infeasible   63        47.00000   46.00000  2.13%  40.6 2492s
 1044669 12580 infeasible   57        47.00000   46.00000  2.13%  40.6 2497s
 1044725 12580   46.00000   57   25   47.00000   46.00000  2.13%  40.5 2501s
 1044796 12582     cutoff   58        47.00000   46.00000  2.13%  40.5 2506s
 1044858 12553   46.00000   57   21   47.00000   46.00000  2.13%  40.5 2510s
 1045696 12567   46.00000   58   27   47.00000   46.00000  2.13%  40.5 2516s
 1046032 12499   46.00000   58   21   47.00000   46.00000  2.13%  40.5 2521s
 1046828 12304 infeasible   59        47.00000   46.00000  2.13%  40.5 2528s
 1049698 12130 infeasible   58        47.00000   46.00000  2.13%  40.5 2534s
 1052174 12083   46.00000   53   33   47.00000   46.00000  2.13%  40.5 2540s
 1054332 12077 infeasible   45        47.00000   46.00000  2.13%  40.5 2547s
 1054769 11854   46.00000   50   18   47.00000   46.00000  2.13%  40.5 2555s
 1059229 11850   46.00000   54   23   47.00000   46.00000  2.13%  40.5 2562s
 1059340 11885   46.00000   55   22   47.00000   46.00000  2.13%  40.5 2568s
 1061101 11647 infeasible   56        47.00000   46.00000  2.13%  40.5 2576s
 1069371 11616   46.00000   62   16   47.00000   46.00000  2.13%  40.4 2583s
 1069620 11627   46.00000   63   10   47.00000   46.00000  2.13%  40.4 2587s
 1070374 11622 infeasible   64        47.00000   46.00000  2.13%  40.4 2591s
 1070451 11547   46.00000   64   14   47.00000   46.00000  2.13%  40.4 2596s
 1073317 11541 infeasible   65        47.00000   46.00000  2.13%  40.4 2601s
 1073378 11551   46.00000   49   24   47.00000   46.00000  2.13%  40.4 2605s
 1073712 11551   46.00000   50   22   47.00000   46.00000  2.13%  40.4 2610s
 1073774 11554 infeasible   51        47.00000   46.00000  2.13%  40.4 2616s
 1073835 11562   46.00000   46   20   47.00000   46.00000  2.13%  40.4 2623s
 1073931 11599   46.00000   47   19   47.00000   46.00000  2.13%  40.4 2629s
 1074589 11698   46.00000   48   18   47.00000   46.00000  2.13%  40.4 2635s
 1078248 11467   46.00000   49   17   47.00000   46.00000  2.13%  40.3 2640s
 1085164 11388 infeasible   61        47.00000   46.00000  2.13%  40.3 2645s
 1086785 11257 infeasible   53        47.00000   46.00000  2.13%  40.3 2650s
 1089091 11257 infeasible   61        47.00000   46.00000  2.13%  40.2 2655s
 1089155 11243   46.00000   61   23   47.00000   46.00000  2.13%  40.2 2660s
 1089908 11130   46.00000   62   25   47.00000   46.00000  2.13%  40.2 2667s
 1091491 10993   46.00000   63   23   47.00000   46.00000  2.13%  40.2 2673s
 1093874 10985 infeasible   59        47.00000   46.00000  2.13%  40.2 2680s
 1093980 10980   46.00000   55   19   47.00000   46.00000  2.13%  40.2 2687s
 1095736 10742   46.00000   54   30   47.00000   46.00000  2.13%  40.2 2695s
 1104629 10746     cutoff   60        47.00000   46.00000  2.13%  40.2 2700s
 1104954 10787   46.00000   52   22   47.00000   46.00000  2.13%  40.2 2712s
 1105120 10043   46.00000   53   19   47.00000   46.00000  2.13%  40.2 2741s
 1137120 10043 infeasible   54        47.00000   46.00000  2.13%  39.9 2746s
 1137184 10035   46.00000   58   25   47.00000   46.00000  2.13%  39.9 2750s
 1137688 10016 infeasible   59        47.00000   46.00000  2.13%  39.9 2758s
 1138096  9997 infeasible   60        47.00000   46.00000  2.13%  39.9 2763s
 1138480  9965 infeasible   49        47.00000   46.00000  2.13%  39.9 2767s
 1139363  9960   46.00000   50   26   47.00000   46.00000  2.13%  39.9 2773s
 1139465  9877   46.00000   51   25   47.00000   46.00000  2.13%  39.9 2779s
 1140922  9524   46.00000   52   25   47.00000   46.00000  2.13%  39.9 2785s
 1149944  9435 infeasible   58        47.00000   46.00000  2.13%  39.8 2794s
 1150011  9426 infeasible   56        47.00000   46.00000  2.13%  39.8 2799s
 1151030  9252 infeasible   59        47.00000   46.00000  2.13%  39.8 2807s
 1154404  8979 infeasible   56        47.00000   46.00000  2.13%  39.8 2814s
 1160178  8971     cutoff   58        47.00000   46.00000  2.13%  39.7 2820s
 1160256  8960     cutoff   60        47.00000   46.00000  2.13%  39.7 2826s
 1160415  8858   46.00000   46   29   47.00000   46.00000  2.13%  39.7 2832s
 1163795  8660   46.00000   47   24   47.00000   46.00000  2.13%  39.7 2838s
 1169915  8663   46.00000   48   25   47.00000   46.00000  2.13%  39.7 2843s
 1169976  8626   46.00000   49   23   47.00000   46.00000  2.13%  39.7 2848s
 1170560  8584 infeasible   50        47.00000   46.00000  2.13%  39.7 2853s
 1171038  8545   46.00000   45   19   47.00000   46.00000  2.13%  39.7 2858s
 1172436  8359   46.00000   55   25   47.00000   46.00000  2.13%  39.7 2866s
 1176007  8264   46.00000   60   18   47.00000   46.00000  2.13%  39.6 2872s
 1177958  8025 infeasible   61        47.00000   46.00000  2.13%  39.6 2878s
 1183036  7730 infeasible   51        47.00000   46.00000  2.13%  39.6 2884s
 1189412  7733 infeasible   54        47.00000   46.00000  2.13%  39.6 2889s
 1189479  7736 infeasible   42        47.00000   46.00000  2.13%  39.6 2894s
 1189540  7753   46.00000   43   30   47.00000   46.00000  2.13%  39.6 2899s
 1189740  7557   46.00000   44   27   47.00000   46.00000  2.13%  39.6 2907s
 1192600  7522   46.00000   63   20   47.00000   46.00000  2.13%  39.5 2915s
 1193797  7351   46.00000   53   31   47.00000   46.00000  2.13%  39.5 2926s
 1197309  6927 infeasible   58        47.00000   46.00000  2.13%  39.5 2937s
 1207365  6925 infeasible   55        47.00000   46.00000  2.13%  39.4 2943s
 1207431  6900   46.00000   56   13   47.00000   46.00000  2.13%  39.4 2949s
 1207857  6846   46.00000   57   10   47.00000   46.00000  2.13%  39.4 2955s
 1208783  6847   46.00000   58   10   47.00000   46.00000  2.13%  39.4 2963s
 1208989  6611   46.00000   59   17   47.00000   46.00000  2.13%  39.4 2970s
 1213649  6197   46.00000   67   25   47.00000   46.00000  2.13%  39.4 2977s
 1223934  6168 infeasible   46        47.00000   46.00000  2.13%  39.3 2982s
 1224570  6119   46.00000   56   29   47.00000   46.00000  2.13%  39.3 2987s
 1225599  6118 infeasible   56        47.00000   46.00000  2.13%  39.3 2992s
 1225664  6120   46.00000   57   14   47.00000   46.00000  2.13%  39.3 2997s
 1226185  5986   46.00000   58   19   47.00000   46.00000  2.13%  39.3 3004s
 1227559  5335 infeasible   59        47.00000   46.00000  2.13%  39.3 3020s
 1250695  5347     cutoff   57        47.00000   46.00000  2.13%  39.2 3028s
 1250758  5348   46.00000   63   14   47.00000   46.00000  2.13%  39.2 3031s
 1250820  5321     cutoff   64        47.00000   46.00000  2.13%  39.1 3035s
 1253455  5220 infeasible   56        47.00000   46.00000  2.13%  39.1 3043s
 1253515  5198   46.00000   57   25   47.00000   46.00000  2.13%  39.1 3047s
 1253824  5196 infeasible   58        47.00000   46.00000  2.13%  39.1 3051s
 1253890  5186 infeasible   59        47.00000   46.00000  2.13%  39.1 3058s
 1253974  5182   46.00000   60   23   47.00000   46.00000  2.13%  39.1 3062s
 1254821  5148 infeasible   54        47.00000   46.00000  2.13%  39.1 3067s
 1256011  4940   46.00000   51   34   47.00000   46.00000  2.13%  39.1 3073s
 1259365  4896 infeasible   61        47.00000   46.00000  2.13%  39.1 3079s
 1260105  4849   46.00000   62   19   47.00000   46.00000  2.13%  39.1 3085s
 1260717  4691 infeasible   62        47.00000   46.00000  2.13%  39.1 3091s
 1264272  4697 infeasible   63        47.00000   46.00000  2.13%  39.1 3098s
 1264329  4659 infeasible   64        47.00000   46.00000  2.13%  39.1 3104s
 1264953  4548 infeasible   58        47.00000   46.00000  2.13%  39.1 3110s
 1266891  4341   46.00000   59   15   47.00000   46.00000  2.13%  39.1 3118s
 1271947  4344   46.00000   54   34   47.00000   46.00000  2.13%  39.0 3126s
 1272052  4214   46.00000   57   34   47.00000   46.00000  2.13%  39.0 3132s
 1275427  3842 infeasible   60        47.00000   46.00000  2.13%  39.0 3140s
 1287125  3844   46.00000   43   20   47.00000   46.00000  2.13%  38.9 3146s
 1287301  3854 infeasible   45        47.00000   46.00000  2.13%  38.9 3151s
 1287638  3833 infeasible   45        47.00000   46.00000  2.13%  38.9 3157s
 1287864  3850     cutoff   64        47.00000   46.00000  2.13%  38.9 3160s
 1288118  3840 infeasible   62        47.00000   46.00000  2.13%  38.9 3165s
 1288280  3820   46.00000   59   20   47.00000   46.00000  2.13%  38.9 3170s
 1288593  3836 infeasible   55        47.00000   46.00000  2.13%  38.9 3175s
 1289726  3809 infeasible   49        47.00000   46.00000  2.13%  38.9 3183s
 1290906  3723   46.00000   50   35   47.00000   46.00000  2.13%  38.9 3187s
 1293442  3830   46.00000   62   21   47.00000   46.00000  2.13%  38.9 3191s
 1295624  3742 infeasible   56        47.00000   46.00000  2.13%  38.9 3197s
 1297847  3659   46.00000   46   20   47.00000   46.00000  2.13%  38.9 3202s
 1300393  3665   46.00000   63   21   47.00000   46.00000  2.13%  38.9 3208s
 1300450  3662   46.00000   64   20   47.00000   46.00000  2.13%  38.8 3213s
 1300555  3550 infeasible   66        47.00000   46.00000  2.13%  38.8 3220s
 1302337  3481   46.00000   46   17   47.00000   46.00000  2.13%  38.8 3226s
 1305748  3453   46.00000   40   20   47.00000   46.00000  2.13%  38.8 3233s
 1306144  3489   46.00000   41   17   47.00000   46.00000  2.13%  38.8 3240s
 1307271  3068   46.00000   50   22   47.00000   46.00000  2.13%  38.8 3247s
 1315743  3064   46.00000   51   25   47.00000   46.00000  2.13%  38.8 3253s
 1315811  3056   46.00000   52   23   47.00000   46.00000  2.13%  38.8 3258s
 1316042  3062   46.00000   53   16   47.00000   46.00000  2.13%  38.8 3264s
 1316241  3116   46.00000   54   18   47.00000   46.00000  2.13%  38.8 3270s
 1316855  3086   46.00000   50   29   47.00000   46.00000  2.13%  38.7 3278s
 1318446  2745 infeasible   52        47.00000   46.00000  2.13%  38.7 3292s
 1335625  2754   46.00000   68   17   47.00000   46.00000  2.13%  38.6 3296s
 1335680  2750 infeasible   69        47.00000   46.00000  2.13%  38.6 3300s
 1335801  2761   46.00000   62   16   47.00000   46.00000  2.13%  38.6 3308s
 1335867  2753 infeasible   63        47.00000   46.00000  2.13%  38.6 3313s
 1335939  2743   46.00000   60   20   47.00000   46.00000  2.13%  38.6 3320s
 1336021  2772   46.00000   61   19   47.00000   46.00000  2.13%  38.6 3326s
 1336431  2690   46.00000   62   24   47.00000   46.00000  2.13%  38.6 3331s
 1338516  2538     cutoff   63        47.00000   46.00000  2.13%  38.6 3336s
 1343655  2537   46.00000   51   30   47.00000   46.00000  2.13%  38.6 3340s
 1344209  2479   46.00000   52   20   47.00000   46.00000  2.13%  38.6 3345s
 1345611  2328   46.00000   54   21   47.00000   46.00000  2.13%  38.5 3350s
 1350734  2329 infeasible   55        47.00000   46.00000  2.13%  38.5 3355s
 1351008  2299   46.00000   71   10   47.00000   46.00000  2.13%  38.5 3364s
 1351517  2296 infeasible   72        47.00000   46.00000  2.13%  38.5 3369s
 1351756  2296 infeasible   65        47.00000   46.00000  2.13%  38.5 3375s
 1352671  2142   46.00000   70   11   47.00000   46.00000  2.13%  38.5 3382s
 1358038  2025   46.00000   59   18   47.00000   46.00000  2.13%  38.5 3387s
 1362267  2005 infeasible   55        47.00000   46.00000  2.13%  38.5 3392s
 1362385  1961   46.00000   56   21   47.00000   46.00000  2.13%  38.5 3396s
 1363180  1784   46.00000   57   19   47.00000   46.00000  2.13%  38.5 3401s
 1367783  1604   46.00000   57   26   47.00000   46.00000  2.13%  38.4 3406s
 1372115  1570   46.00000   56   25   47.00000   46.00000  2.13%  38.4 3411s
 1373925  1568   46.00000   56   32   47.00000   46.00000  2.13%  38.4 3416s
 1373991  1561   46.00000   57   32   47.00000   46.00000  2.13%  38.4 3421s
 1374193  1545     cutoff   58        47.00000   46.00000  2.13%  38.4 3426s
 1374273  1552     cutoff   59        47.00000   46.00000  2.13%  38.4 3431s
 1374352  1556 infeasible   60        47.00000   46.00000  2.13%  38.4 3438s
 1374454  1578   46.00000   61   26   47.00000   46.00000  2.13%  38.4 3443s
 1374954  1454 infeasible   62        47.00000   46.00000  2.13%  38.4 3450s
 1378568  1259   46.00000   60   25   47.00000   46.00000  2.13%  38.4 3455s
 1383241  1170 infeasible   52        47.00000   46.00000  2.13%  38.4 3461s
 1385297  1176   46.00000   55   32   47.00000   46.00000  2.13%  38.4 3467s
 1385355  1191 infeasible   56        47.00000   46.00000  2.13%  38.4 3472s
 1385772  1204 infeasible   56        47.00000   46.00000  2.13%  38.4 3480s
 1385922   190 infeasible   57        47.00000   46.00000  2.13%  38.4 3518s
 1410796   190 infeasible   65        47.00000   46.00000  2.13%  38.2 3520s
 1413785   225   46.00000   46   19   47.00000   46.00000  2.13%  38.2 3525s
 1413857   227 infeasible   47        47.00000   46.00000  2.13%  38.2 3530s
 1413965   231   46.00000   47   29   47.00000   46.00000  2.13%  38.2 3536s
 1414025   205   46.00000   48   27   47.00000   46.00000  2.13%  38.2 3541s
 1414655   173   46.00000   49   22   47.00000   46.00000  2.13%  38.2 3545s
 1415260    98   46.00000   50   21   47.00000   46.00000  2.13%  38.2 3550s
 1416947    52 infeasible   48        47.00000   46.00000  2.13%  38.2 3555s
 1418087     0   46.00000   60   18   47.00000   46.00000  2.13%  38.2 3562s

Cutting planes:
  Learned: 458
  Gomory: 47
  Cover: 111
  Implied bound: 15
  MIR: 585
  StrongCG: 1
  Flow cover: 1347
  GUB cover: 2
  Inf proof: 2
  RLT: 186
  Relax-and-lift: 30

Explored 1418183 nodes (54144499 simplex iterations) in 3562.57 seconds (1152.14 work units)
Thread count was 32 (of 32 available processors)

Solution count 10: 47 47 47 ... 54

Optimal solution found (tolerance 1.00e-04)
Best objective 4.700000000000e+01, best bound 4.700000000000e+01, gap 0.0000%
