
Gurobi 13.0.0 (win64) logging started Wed Nov 19 10:48:55 2025

Set parameter LogFile to value "./Results/StripPacking-CutHeur/Logs/SBM-010-StripPacking-15.log"
Set parameter TimeLimit to value 3600
Set parameter Cuts to value 0
Set parameter Presolve to value 1
Set parameter Heuristics to value 0
Set parameter LogToConsole to value 0
Set parameter LPWarmStart to value 2

Gurobi 13.0.0 (linux64) logging started Thu Nov 20 13:30:34 2025

Set parameter LogFile to value "./Results/StripPacking-CutHeur/Logs/SBM-010-StripPacking-15.log"
Set parameter TimeLimit to value 3600
Set parameter Cuts to value 0
Set parameter Presolve to value 1
Set parameter Heuristics to value 0
Set parameter LogToConsole to value 0
Set parameter LPWarmStart to value 2
Gurobi Optimizer version 13.0.0 build v13.0.0rc1 (linux64 - "Debian GNU/Linux 12 (bookworm)")

CPU model: Intel(R) Xeon(R) CPU E5-2630 v3 @ 2.40GHz, instruction set [SSE2|AVX|AVX2]
Thread count: 16 physical cores, 32 logical processors, using up to 32 threads

Non-default parameters:
TimeLimit  3600
LPWarmStart  2
Heuristics  0
Cuts  0
LogToConsole  0
Presolve  1

Optimize a model with 1905 rows, 346 columns and 5700 nonzeros (Min)
Model fingerprint: 0x2cf4511c
Model has 1 linear objective coefficients
Variable types: 136 continuous, 210 integer (210 binary)
Coefficient statistics:
  Matrix range     [1e+00, 1e+04]
  Objective range  [1e+00, 1e+00]
  Bounds range     [1e+00, 1e+04]
  RHS range        [1e+00, 1e+04]

Warning: Completing partial solution with 210 unfixed non-continuous variables out of 210
User MIP start produced solution with objective 72 (0.02s)
User MIP start produced solution with objective 72 (0.02s)
Loaded user MIP start with objective 72

Presolve removed 525 rows and 0 columns
Presolve time: 0.01s
Presolved: 1380 rows, 346 columns, 4335 nonzeros
Variable types: 136 continuous, 210 integer (210 binary)

Root relaxation: objective 3.700000e+01, 140 iterations, 0.00 seconds (0.00 work units)

    Nodes    |    Current Node    |     Objective Bounds      |     Work
 Expl Unexpl |  Obj  Depth IntInf | Incumbent    BestBd   Gap | It/Node Time

     0     0   37.00000    0   19   72.00000   37.00000  48.6%     -    0s
     0     0   37.00000    0   19   72.00000   37.00000  48.6%     -    0s
     0     0   37.00000    0   18   72.00000   37.00000  48.6%     -    0s
     0     2   37.00000    0   18   72.00000   37.00000  48.6%     -    0s
*  837   780              43      66.0000000   37.00000  43.9%  12.1    0s
* 1327  1189              71      65.0000000   37.00000  43.1%  10.6    0s
* 2623  1857              60      64.0000000   37.00000  42.2%   9.8    0s
* 3997  2533              60      63.0000000   37.00000  41.3%  11.6    0s
* 4459  2659              71      61.0000000   37.00000  39.3%  12.3    0s
* 5452  2804              61      58.0000000   37.00000  36.2%  13.5    1s
* 6006  2609              67      56.0000000   37.00000  33.9%  13.9    1s
* 6960  2071              48      54.0000000   37.00000  31.5%  14.7    1s
* 8278  2434              57      53.0000000   37.00000  30.2%  16.1    1s
*13385  3973              69      52.0000000   37.00000  28.8%  19.6    3s
*14670  3890              60      50.0000000   37.00000  26.0%  20.1    3s
 19971  5832   43.00000   32   46   50.00000   37.00000  26.0%  22.9    5s
 36488  9776   49.00000   62   30   50.00000   37.00000  26.0%  26.0   10s
 54033 10189   46.00000   58   31   50.00000   37.00000  26.0%  27.1   15s
 69485 15435     cutoff   58        50.00000   37.00000  26.0%  27.6   20s
 87455 21780   49.00000   58   12   50.00000   37.00000  26.0%  28.1   25s
*101413 23631              69      49.0000000   37.00000  24.5%  28.3   28s
 106409 25028   37.00000   48   42   49.00000   37.00000  24.5%  28.4   30s
 121912 29135   47.00000   60   18   49.00000   37.00000  24.5%  29.0   35s
 141087 34347   47.00000   76   22   49.00000   37.00000  24.5%  29.4   40s
 157383 38548   47.00000   64   16   49.00000   37.00000  24.5%  29.7   45s
 173806 42573     cutoff   62        49.00000   37.00000  24.5%  30.0   50s
 193034 47365   43.00000   60   17   49.00000   37.00000  24.5%  30.2   55s
 212045 52085 infeasible   51        49.00000   37.00000  24.5%  30.4   60s
 228034 56058   45.00000   61   23   49.00000   37.00000  24.5%  30.5   65s
 246541 60031 infeasible   57        49.00000   37.00000  24.5%  30.8   70s
 263009 63346   43.00000   56   38   49.00000   39.00000  20.4%  30.9   75s
 280240 66547 infeasible   85        49.00000   39.00000  20.4%  30.9   80s
 300151 70681 infeasible   60        49.00000   39.00000  20.4%  30.9   85s
 320400 74913   46.00000   61   23   49.00000   39.00000  20.4%  30.9   90s
 336960 78545   48.00000   46   33   49.00000   39.00000  20.4%  30.9   95s
 357348 83209   41.00000   55   36   49.00000   39.00000  20.4%  30.9  100s
 377211 87687 infeasible   46        49.00000   39.00000  20.4%  30.9  105s
 393955 91702 infeasible   52        49.00000   39.00000  20.4%  30.8  110s
 413785 95536   43.00000   53   24   49.00000   39.00000  20.4%  30.8  115s
 433288 99117   47.00000   70   20   49.00000   41.00000  16.3%  30.8  120s
 452809 102447   46.00000   59   22   49.00000   41.00000  16.3%  30.8  125s
 472242 106146   46.00000   61   31   49.00000   41.00000  16.3%  30.9  130s
 489060 108951   42.00000   55   30   49.00000   41.00000  16.3%  30.9  135s
 508874 111935   41.00000   64   28   49.00000   41.00000  16.3%  30.9  140s
 525720 114362   46.00000   45   36   49.00000   41.00000  16.3%  30.9  145s
 545061 117281 infeasible   68        49.00000   41.00000  16.3%  31.0  150s
 561606 119345   43.00000   57   33   49.00000   41.00000  16.3%  31.0  155s
 581404 122000 infeasible   51        49.00000   41.00000  16.3%  31.0  160s
 597797 124671   45.00000   56   36   49.00000   41.00000  16.3%  31.1  165s
 617892 127846     cutoff   59        49.00000   41.00000  16.3%  31.1  170s
 634405 130429   44.00000   73   25   49.00000   41.00000  16.3%  31.1  175s
 654622 133421   41.00000   66   34   49.00000   41.00000  16.3%  31.1  180s
 673962 136646   41.00000   56   39   49.00000   41.00000  16.3%  31.1  185s
 693431 139742 infeasible   57        49.00000   41.00000  16.3%  31.1  190s
 713708 143432 infeasible   49        49.00000   41.00000  16.3%  31.1  195s
 733906 146560   45.00000   49   28   49.00000   41.00000  16.3%  31.1  200s
 750113 148861 infeasible   53        49.00000   41.00000  16.3%  31.1  205s
 770165 152018 infeasible   72        49.00000   41.00000  16.3%  31.1  210s
 790484 155195   46.00000   62   31   49.00000   41.00000  16.3%  31.1  215s
 810130 158287     cutoff   53        49.00000   41.00000  16.3%  31.2  220s
 829463 161028     cutoff   60        49.00000   41.00000  16.3%  31.2  225s
 848721 163650   41.00000   62   36   49.00000   41.00000  16.3%  31.2  230s
 868996 166617 infeasible   60        49.00000   41.00000  16.3%  31.2  235s
 885455 168825 infeasible   53        49.00000   41.00000  16.3%  31.2  240s
 905831 171492 infeasible   72        49.00000   41.00000  16.3%  31.2  245s
 922590 173739   45.00000   55   27   49.00000   41.00000  16.3%  31.2  250s
 942673 176383   47.00000   54   29   49.00000   41.00000  16.3%  31.2  255s
 963271 178879 infeasible   71        49.00000   41.00000  16.3%  31.2  260s
 979342 181187 infeasible   79        49.00000   41.00000  16.3%  31.2  265s
 1001761 184212   48.00000   55   16   49.00000   41.00000  16.3%  31.1  270s
 1018502 186321   47.00000   49   15   49.00000   41.00000  16.3%  31.1  275s
 1038672 188699 infeasible   59        49.00000   41.00000  16.3%  31.1  280s
 1059385 190776   48.00000   60   24   49.00000   41.00000  16.3%  31.1  285s
 1079340 192724 infeasible   56        49.00000   41.00000  16.3%  31.0  290s
 1099046 195758   44.00000   63   33   49.00000   41.00000  16.3%  31.0  295s
 1118783 198489   43.00000   70   25   49.00000   41.00000  16.3%  31.0  300s
 1139819 199544 infeasible   64        49.00000   42.00000  14.3%  30.9  305s
 1160192 200740 infeasible   54        49.00000   42.00000  14.3%  30.9  310s
 1179456 201979 infeasible   68        49.00000   42.00000  14.3%  30.8  315s
 1199998 203714   42.00000   57   27   49.00000   42.00000  14.3%  30.8  320s
*1200811 185113              72      48.0000000   42.00000  12.5%  30.8  320s
 1216368 185258 infeasible   58        48.00000   42.00000  12.5%  30.8  325s
 1236233 185836   43.00000   51   32   48.00000   42.00000  12.5%  30.8  330s
 1252932 186256   47.00000   82   17   48.00000   42.00000  12.5%  30.8  335s
 1272840 186823   44.00000   59   28   48.00000   42.00000  12.5%  30.8  340s
 1289774 187436   42.00000   70   32   48.00000   42.00000  12.5%  30.8  345s
 1309062 187927   44.00000   61   33   48.00000   42.00000  12.5%  30.8  350s
 1325975 188603 infeasible   46        48.00000   42.00000  12.5%  30.8  355s
 1345014 189357   45.00000   63   28   48.00000   42.00000  12.5%  30.8  360s
 1365943 190971   44.00000   45   18   48.00000   43.00000  10.4%  30.8  365s
 1385072 192538 infeasible   46        48.00000   43.00000  10.4%  30.8  370s
 1401187 194558   46.00000   52   20   48.00000   43.00000  10.4%  30.8  375s
 1420626 196450   44.00000   66   22   48.00000   43.00000  10.4%  30.8  380s
 1437151 197675 infeasible   65        48.00000   43.00000  10.4%  30.8  385s
 1456837 199173 infeasible   70        48.00000   43.00000  10.4%  30.9  390s
 1473308 200112   43.00000   64   29   48.00000   43.00000  10.4%  30.9  395s
 1492715 201435   43.00000   65   26   48.00000   43.00000  10.4%  30.9  400s
 1512954 202880 infeasible   58        48.00000   43.00000  10.4%  30.9  405s
 1532718 204003 infeasible   63        48.00000   43.00000  10.4%  30.9  410s
 1552340 205252 infeasible   66        48.00000   43.00000  10.4%  30.9  415s
 1568712 206089 infeasible   64        48.00000   43.00000  10.4%  30.9  420s
 1588799 207263   47.00000   66   22   48.00000   43.00000  10.4%  30.9  425s
 1604958 208036   43.00000   55   30   48.00000   43.00000  10.4%  30.9  430s
 1624467 208951   47.00000   59   30   48.00000   43.00000  10.4%  30.9  435s
 1644109 210086   46.00000   59   22   48.00000   43.00000  10.4%  30.9  440s
 1661293 210880   45.00000   51   24   48.00000   43.00000  10.4%  30.9  445s
 1677556 211621 infeasible   66        48.00000   43.00000  10.4%  30.9  450s
 1697197 212378   47.00000   67   20   48.00000   43.00000  10.4%  30.9  455s
 1717506 213364   43.00000   60   28   48.00000   43.00000  10.4%  30.9  460s
 1733904 213995   43.00000   62   29   48.00000   43.00000  10.4%  30.9  465s
 1752939 214943 infeasible   61        48.00000   43.00000  10.4%  30.9  470s
 1769041 215984 infeasible   57        48.00000   43.00000  10.4%  30.9  475s
 1786114 216974   43.00000   70   29   48.00000   43.00000  10.4%  30.9  480s
 1806191 218148   44.00000   69   25   48.00000   43.00000  10.4%  30.9  485s
 1825633 219144 infeasible   61        48.00000   43.00000  10.4%  30.9  490s
 1842417 220401 infeasible   63        48.00000   43.00000  10.4%  30.9  495s
 1862676 221850   47.00000   55   26   48.00000   43.00000  10.4%  30.9  500s
 1882901 222853 infeasible   74        48.00000   43.00000  10.4%  30.9  505s
 1899158 223750 infeasible   53        48.00000   43.00000  10.4%  30.9  510s
 1918222 225337   46.00000   60   26   48.00000   43.00000  10.4%  30.9  515s
 1934809 226078 infeasible   74        48.00000   43.00000  10.4%  30.9  520s
 1954813 227019 infeasible   67        48.00000   43.00000  10.4%  30.9  525s
 1974221 228330 infeasible   63        48.00000   43.00000  10.4%  30.9  530s
 1990698 229591 infeasible   64        48.00000   43.00000  10.4%  30.9  535s
 2010632 230578   43.00000   76   28   48.00000   43.00000  10.4%  30.9  540s
 2030431 231583 infeasible   60        48.00000   43.00000  10.4%  30.9  545s
 2050053 232603   46.00000   57   28   48.00000   43.00000  10.4%  30.9  550s
 2066355 233649 infeasible   67        48.00000   43.00000  10.4%  30.9  555s
 2085441 234865   44.00000   55   29   48.00000   43.00000  10.4%  30.9  560s
 2105680 235894 infeasible   67        48.00000   43.00000  10.4%  30.9  565s
 2122092 236850   46.00000   59   17   48.00000   43.00000  10.4%  30.9  570s
 2141215 238075   43.00000   61   29   48.00000   43.00000  10.4%  30.9  575s
 2157522 239278 infeasible   54        48.00000   43.00000  10.4%  31.0  580s
 2177520 240908 infeasible   60        48.00000   43.00000  10.4%  31.0  585s
 2194030 242291 infeasible   68        48.00000   43.00000  10.4%  31.0  590s
 2213999 243891   45.00000   55   21   48.00000   43.00000  10.4%  31.0  595s
 2234522 245406 infeasible   63        48.00000   43.00000  10.4%  31.0  600s
 2251117 246777 infeasible   68        48.00000   43.00000  10.4%  31.0  605s
 2271230 248262   46.00000   63   15   48.00000   43.00000  10.4%  31.0  610s
 2288007 249652   46.00000   59   16   48.00000   43.00000  10.4%  31.0  615s
 2307812 251039 infeasible   67        48.00000   43.00000  10.4%  31.0  620s
 2324497 252199 infeasible   73        48.00000   43.00000  10.4%  31.0  625s
 2343965 253675   43.00000   53   35   48.00000   43.00000  10.4%  31.0  630s
 2363357 255081 infeasible   62        48.00000   43.00000  10.4%  31.0  635s
 2379648 256391 infeasible   63        48.00000   43.00000  10.4%  31.0  640s
 2397128 257856   43.00000   74   30   48.00000   43.00000  10.4%  31.0  645s
 2417342 259764   45.00000   72   26   48.00000   43.00000  10.4%  30.9  650s
 2437147 261365   43.00000   83   34   48.00000   43.00000  10.4%  30.9  655s
 2456700 262747   43.00000   58   22   48.00000   43.00000  10.4%  30.9  660s
 2476714 264126   43.00000   60   21   48.00000   43.00000  10.4%  30.9  665s
 2496651 265765 infeasible   73        48.00000   43.00000  10.4%  30.9  670s
 2516529 267144 infeasible   59        48.00000   43.00000  10.4%  30.9  675s
 2533244 268453   44.00000   79   21   48.00000   43.00000  10.4%  30.8  680s
 2552480 269990   47.00000   58   24   48.00000   43.00000  10.4%  30.8  685s
 2572351 271971   45.00000   53   24   48.00000   43.00000  10.4%  30.8  690s
 2588337 273338 infeasible   61        48.00000   43.00000  10.4%  30.8  695s
 2608015 275513 infeasible   65        48.00000   43.00000  10.4%  30.9  700s
 2628471 276961   43.00000   58   24   48.00000   43.00000  10.4%  30.9  705s
 2649028 278631   44.00000   70   14   48.00000   43.00000  10.4%  30.9  710s
 2665280 279734 infeasible   65        48.00000   43.00000  10.4%  30.9  715s
 2685035 280967 infeasible   68        48.00000   43.00000  10.4%  30.9  720s
 2705207 282399   43.00000   62   23   48.00000   43.00000  10.4%  30.9  725s
 2725123 283396   43.00000   67   18   48.00000   43.00000  10.4%  30.9  730s
 2742409 284279 infeasible   68        48.00000   43.00000  10.4%  30.8  735s
 2761650 285467 infeasible   68        48.00000   43.00000  10.4%  30.8  740s
 2781241 286199 infeasible   65        48.00000   43.00000  10.4%  30.8  745s
 2800425 287456   46.00000   65   14   48.00000   43.00000  10.4%  30.8  750s
 2820572 288458 infeasible   67        48.00000   43.00000  10.4%  30.8  755s
 2840610 289790 infeasible   67        48.00000   43.00000  10.4%  30.8  760s
 2860018 291149 infeasible   64        48.00000   43.00000  10.4%  30.8  765s
 2880401 292563   43.00000   49   36   48.00000   43.00000  10.4%  30.8  770s
 2896934 293725 infeasible   57        48.00000   43.00000  10.4%  30.8  775s
 2916605 295422   43.00000   68   30   48.00000   43.00000  10.4%  30.8  780s
 2936300 296821   46.00000   65   31   48.00000   43.00000  10.4%  30.8  785s
 2955684 298272   45.00000   54   49   48.00000   43.00000  10.4%  30.8  790s
 2975720 299366   47.00000   62   24   48.00000   43.00000  10.4%  30.7  795s
 2995674 300701   44.00000   63   19   48.00000   43.00000  10.4%  30.7  800s
 3016473 301526 infeasible   63        48.00000   43.00000  10.4%  30.7  805s
 3036571 302457   45.00000   57   20   48.00000   43.00000  10.4%  30.7  810s
 3056620 303431 infeasible   56        48.00000   43.00000  10.4%  30.7  815s
 3075782 305179   46.00000   66   13   48.00000   43.00000  10.4%  30.7  820s
 3095914 306807 infeasible   58        48.00000   43.00000  10.4%  30.7  825s
 3115775 308275 infeasible   63        48.00000   43.00000  10.4%  30.7  830s
 3132439 309608     cutoff   80        48.00000   43.00000  10.4%  30.7  835s
 3152147 311548 infeasible   66        48.00000   43.00000  10.4%  30.6  840s
 3172284 312800 infeasible   79        48.00000   43.00000  10.4%  30.6  845s
 3192071 313872   43.00000   79   25   48.00000   43.00000  10.4%  30.6  850s
 3212299 315215 infeasible   55        48.00000   43.00000  10.4%  30.6  855s
 3229076 316223 infeasible   59        48.00000   43.00000  10.4%  30.6  860s
 3251715 317867   46.00000   68   28   48.00000   43.00000  10.4%  30.6  865s
 3268445 319035   43.00000   54   15   48.00000   43.00000  10.4%  30.6  870s
 3287831 320481   46.00000   76   28   48.00000   43.00000  10.4%  30.6  875s
 3307346 321819   43.00000   59   24   48.00000   43.00000  10.4%  30.6  880s
 3326906 322909 infeasible   65        48.00000   43.00000  10.4%  30.6  885s
 3347077 324195 infeasible   71        48.00000   43.00000  10.4%  30.6  890s
 3367528 325484 infeasible   54        48.00000   43.00000  10.4%  30.6  895s
 3384426 326513   45.00000   54   23   48.00000   43.00000  10.4%  30.6  900s
 3404941 328274 infeasible   63        48.00000   43.00000  10.4%  30.5  905s
 3424221 329862   47.00000   59   25   48.00000   43.00000  10.4%  30.5  910s
 3444105 331303     cutoff   67        48.00000   43.00000  10.4%  30.5  915s
 3464106 332963 infeasible   62        48.00000   43.00000  10.4%  30.5  920s
 3484066 334212   46.00000   64   17   48.00000   43.00000  10.4%  30.5  925s
 3504025 335291   46.00000   64   25   48.00000   43.00000  10.4%  30.5  930s
 3523632 336495 infeasible   74        48.00000   43.00000  10.4%  30.5  935s
 3539830 337452 infeasible   73        48.00000   43.00000  10.4%  30.5  940s
 3560178 338443   43.00000   54   33   48.00000   43.00000  10.4%  30.5  945s
 3579927 339555   47.00000   48   31   48.00000   43.00000  10.4%  30.5  950s
 3600598 340696   43.00000   51   24   48.00000   43.00000  10.4%  30.5  956s
 3620401 341757   43.00000   67   30   48.00000   43.00000  10.4%  30.5  960s
 3636782 342738 infeasible   67        48.00000   43.00000  10.4%  30.5  965s
 3656366 343794   43.00000   62   31   48.00000   43.00000  10.4%  30.5  970s
 3675226 344962   43.00000   61   26   48.00000   43.00000  10.4%  30.5  975s
 3695179 346156   46.00000   66   19   48.00000   43.00000  10.4%  30.5  980s
 3712038 347380   47.00000   64   18   48.00000   43.00000  10.4%  30.5  985s
 3728813 348490   43.00000   71   14   48.00000   43.00000  10.4%  30.5  990s
 3748243 349724   47.00000   58   23   48.00000   43.00000  10.4%  30.5  995s
 3767512 351029   46.00000   47   16   48.00000   43.00000  10.4%  30.5 1000s
 3786535 352417   43.00000   59   30   48.00000   43.00000  10.4%  30.5 1005s
 3806469 353622     cutoff   63        48.00000   43.00000  10.4%  30.5 1010s
 3825723 354984 infeasible   68        48.00000   43.00000  10.4%  30.5 1015s
 3845253 355864   43.00000   58   28   48.00000   43.00000  10.4%  30.5 1020s
 3864234 356731   46.00000   73   18   48.00000   43.00000  10.4%  30.5 1025s
 3880850 357195 infeasible   55        48.00000   43.00000  10.4%  30.5 1030s
 3901527 358666     cutoff   70        48.00000   43.00000  10.4%  30.5 1035s
 3922641 360302   44.00000   70   16   48.00000   43.00000  10.4%  30.5 1040s
 3942721 361116   43.00000   59   32   48.00000   43.00000  10.4%  30.5 1045s
 3966685 360654 infeasible   74        48.00000   43.00000  10.4%  30.4 1050s
 3990263 358918   44.00000   68   17   48.00000   44.00000  8.33%  30.4 1055s
 4013488 357408 infeasible   69        48.00000   44.00000  8.33%  30.4 1060s
 4033037 356391   46.00000   60   18   48.00000   44.00000  8.33%  30.3 1065s
 4057326 355428   44.00000   71   19   48.00000   44.00000  8.33%  30.3 1070s
 4076249 355354   44.00000   64   27   48.00000   44.00000  8.33%  30.3 1075s
 4095934 355672   44.00000   64   16   48.00000   44.00000  8.33%  30.3 1080s
 4112490 356265   44.00000   57   37   48.00000   44.00000  8.33%  30.3 1085s
 4132250 356931 infeasible   57        48.00000   44.00000  8.33%  30.3 1090s
 4152124 357613   47.00000   60   24   48.00000   44.00000  8.33%  30.3 1095s
 4171924 358493   47.00000   51   23   48.00000   44.00000  8.33%  30.3 1100s
 4191037 359403 infeasible   71        48.00000   44.00000  8.33%  30.2 1105s
 4211141 360341 infeasible   53        48.00000   44.00000  8.33%  30.2 1110s
 4231357 361378   46.00000   50   29   48.00000   44.00000  8.33%  30.2 1115s
 4251026 362403   44.00000   67   13   48.00000   44.00000  8.33%  30.2 1120s
 4270800 362946 infeasible   64        48.00000   44.00000  8.33%  30.2 1125s
 4287119 363630     cutoff   73        48.00000   44.00000  8.33%  30.2 1130s
 4306976 364137     cutoff   67        48.00000   44.00000  8.33%  30.2 1135s
 4327417 364558 infeasible   67        48.00000   44.00000  8.33%  30.2 1140s
 4344203 364730   47.00000   53   28   48.00000   44.00000  8.33%  30.2 1145s
 4365238 365047   45.00000   67   21   48.00000   44.00000  8.33%  30.2 1150s
 4384649 365267 infeasible   57        48.00000   44.00000  8.33%  30.2 1155s
 4400875 365775   44.00000   62   20   48.00000   44.00000  8.33%  30.2 1160s
 4420582 366722   45.00000   59   29   48.00000   44.00000  8.33%  30.2 1165s
 4436767 367368 infeasible   65        48.00000   44.00000  8.33%  30.2 1170s
 4458363 367446     cutoff   58        48.00000   44.00000  8.33%  30.2 1175s
 4478317 367777   44.00000   68   25   48.00000   44.00000  8.33%  30.2 1180s
 4498800 367974   44.00000   64   26   48.00000   44.00000  8.33%  30.2 1185s
 4514658 368060   44.00000   67   20   48.00000   44.00000  8.33%  30.2 1190s
 4535120 367955 infeasible   57        48.00000   44.00000  8.33%  30.2 1195s
 4554528 368051   46.00000   57   25   48.00000   44.00000  8.33%  30.2 1200s
 4575284 368175   44.00000   59   23   48.00000   44.00000  8.33%  30.1 1205s
 4592395 368128   44.00000   84   19   48.00000   44.00000  8.33%  30.1 1210s
 4611968 368211   44.00000   60   19   48.00000   44.00000  8.33%  30.1 1215s
 4631798 368391     cutoff   61        48.00000   44.00000  8.33%  30.1 1220s
 4651774 368639 infeasible   62        48.00000   44.00000  8.33%  30.1 1225s
 4671932 368710   44.00000   60   19   48.00000   44.00000  8.33%  30.1 1230s
 4692000 368649 infeasible   60        48.00000   44.00000  8.33%  30.1 1235s
 4709008 368843     cutoff   71        48.00000   44.00000  8.33%  30.1 1240s
 4728643 369186 infeasible   64        48.00000   44.00000  8.33%  30.1 1245s
 4748975 369283   47.00000   76   27   48.00000   44.00000  8.33%  30.1 1250s
 4765676 369376   47.00000   53   39   48.00000   44.00000  8.33%  30.1 1255s
 4785023 369662   44.00000   51   30   48.00000   44.00000  8.33%  30.1 1260s
 4804806 370024 infeasible   62        48.00000   44.00000  8.33%  30.1 1265s
 4824718 370540   44.00000   79   23   48.00000   44.00000  8.33%  30.1 1270s
 4841484 371122 infeasible   55        48.00000   44.00000  8.33%  30.1 1275s
 4860661 371680 infeasible   53        48.00000   44.00000  8.33%  30.1 1280s
 4879940 372228   46.00000   54   23   48.00000   44.00000  8.33%  30.1 1285s
 4895813 372922     cutoff   66        48.00000   44.00000  8.33%  30.1 1290s
 4914553 374033 infeasible   59        48.00000   44.00000  8.33%  30.1 1295s
 4930311 374635 infeasible   69        48.00000   44.00000  8.33%  30.1 1300s
 4947231 375070   44.00000   71   29   48.00000   44.00000  8.33%  30.1 1305s
 4968940 374791     cutoff   79        48.00000   44.00000  8.33%  30.1 1310s
 4991047 373804 infeasible   78        48.00000   45.00000  6.25%  30.1 1315s
 5017376 373504   45.00000   57   16   48.00000   45.00000  6.25%  30.1 1320s
 5037993 373646 infeasible   66        48.00000   45.00000  6.25%  30.0 1325s
 5061534 373454   47.00000   57   25   48.00000   45.00000  6.25%  30.0 1330s
 5084714 373568   46.00000   98    6   48.00000   45.00000  6.25%  30.0 1335s
 5108726 373997   45.00000   60   13   48.00000   45.00000  6.25%  30.0 1340s
 5129138 374236 infeasible   54        48.00000   45.00000  6.25%  30.0 1345s
 5149408 374431 infeasible   65        48.00000   45.00000  6.25%  29.9 1350s
 5172501 374496     cutoff   58        48.00000   45.00000  6.25%  29.9 1355s
 5192438 374702 infeasible   65        48.00000   45.00000  6.25%  29.9 1360s
 5216304 374871   47.00000   67   16   48.00000   45.00000  6.25%  29.9 1365s
 5236149 374960     cutoff   64        48.00000   45.00000  6.25%  29.9 1370s
 5260183 375060   45.00000   76   21   48.00000   45.00000  6.25%  29.8 1375s
 5279171 375672   45.00000   64   20   48.00000   45.00000  6.25%  29.8 1380s
 5298836 376721   47.00000   62   14   48.00000   45.00000  6.25%  29.8 1385s
 5323359 378311 infeasible   75        48.00000   45.00000  6.25%  29.8 1390s
 5342801 379540 infeasible   57        48.00000   45.00000  6.25%  29.8 1395s
 5363436 380981 infeasible   66        48.00000   45.00000  6.25%  29.8 1400s
 5384052 381929 infeasible   66        48.00000   45.00000  6.25%  29.8 1405s
 5403541 382970   46.00000   54   22   48.00000   45.00000  6.25%  29.8 1410s
 5423922 383778 infeasible   56        48.00000   45.00000  6.25%  29.7 1415s
 5447579 384753   46.00000   78   25   48.00000   45.00000  6.25%  29.7 1420s
 5467562 385701 infeasible   61        48.00000   45.00000  6.25%  29.7 1425s
 5486925 386339 infeasible   70        48.00000   45.00000  6.25%  29.7 1430s
 5507087 387133   46.00000   71   17   48.00000   45.00000  6.25%  29.7 1435s
 5528293 388563   45.00000   66   14   48.00000   45.00000  6.25%  29.7 1440s
 5550740 389068 infeasible   62        48.00000   45.00000  6.25%  29.6 1445s
 5570101 389515 infeasible   74        48.00000   45.00000  6.25%  29.6 1450s
 5591803 391138   45.00000   75   22   48.00000   45.00000  6.25%  29.6 1455s
 5614536 391931 infeasible   68        48.00000   45.00000  6.25%  29.6 1460s
 5635076 392960 infeasible   86        48.00000   45.00000  6.25%  29.6 1465s
 5655812 393823   45.00000   57   16   48.00000   45.00000  6.25%  29.5 1470s
 5678634 394913   45.00000   72   21   48.00000   45.00000  6.25%  29.5 1475s
 5702458 395970   46.00000   81   24   48.00000   45.00000  6.25%  29.5 1480s
 5723813 396741 infeasible   73        48.00000   45.00000  6.25%  29.5 1485s
 5744447 397350   45.00000   54   24   48.00000   45.00000  6.25%  29.4 1490s
 5768373 397959   45.00000   76   11   48.00000   45.00000  6.25%  29.4 1495s
 5788990 398059 infeasible   54        48.00000   45.00000  6.25%  29.4 1500s
 5811853 398378 infeasible   63        48.00000   45.00000  6.25%  29.4 1505s
 5832040 398772   46.00000   78    7   48.00000   45.00000  6.25%  29.4 1510s
 5851415 399094   47.00000   70   23   48.00000   45.00000  6.25%  29.4 1515s
 5874853 399709   47.00000   73   22   48.00000   45.00000  6.25%  29.4 1520s
 5894917 400001 infeasible   62        48.00000   45.00000  6.25%  29.4 1525s
 5915372 400188 infeasible   65        48.00000   45.00000  6.25%  29.4 1530s
 5935355 400540   45.00000   45   46   48.00000   45.00000  6.25%  29.3 1535s
 5954595 400724     cutoff   64        48.00000   45.00000  6.25%  29.3 1541s
 5971228 401117 infeasible   68        48.00000   45.00000  6.25%  29.3 1545s
 5991933 401395 infeasible   62        48.00000   45.00000  6.25%  29.3 1550s
 6008344 401555   45.00000   53   37   48.00000   45.00000  6.25%  29.3 1555s
 6028145 401673   46.00000   62   10   48.00000   45.00000  6.25%  29.3 1560s
 6048058 402050   46.00000   69   11   48.00000   45.00000  6.25%  29.3 1565s
 6068220 402336 infeasible   68        48.00000   45.00000  6.25%  29.3 1570s
 6092020 402903   45.00000   68   15   48.00000   45.00000  6.25%  29.3 1575s
 6109116 403141 infeasible   69        48.00000   45.00000  6.25%  29.3 1580s
 6128788 403732 infeasible   56        48.00000   45.00000  6.25%  29.3 1585s
 6148184 404449   46.00000   69   21   48.00000   45.00000  6.25%  29.3 1590s
 6165184 405134   47.00000   66   17   48.00000   45.00000  6.25%  29.3 1595s
 6185262 405452   45.00000   58   31   48.00000   45.00000  6.25%  29.3 1600s
 6205052 406072 infeasible   62        48.00000   45.00000  6.25%  29.3 1605s
 6225509 406767 infeasible   68        48.00000   45.00000  6.25%  29.3 1610s
 6245409 407446 infeasible   55        48.00000   45.00000  6.25%  29.3 1615s
 6264887 408229 infeasible   65        48.00000   45.00000  6.25%  29.3 1620s
 6284373 408768 infeasible   57        48.00000   45.00000  6.25%  29.3 1625s
 6305350 409306     cutoff   65        48.00000   45.00000  6.25%  29.3 1630s
 6324879 409780   46.00000   71   21   48.00000   45.00000  6.25%  29.3 1635s
 6344874 410194   46.00000   59   14   48.00000   45.00000  6.25%  29.3 1640s
 6365456 410735   47.00000   79   17   48.00000   45.00000  6.25%  29.3 1645s
 6385717 411274 infeasible   63        48.00000   45.00000  6.25%  29.3 1650s
 6405391 411923 infeasible   71        48.00000   45.00000  6.25%  29.2 1655s
 6428741 412573   45.00000   73   27   48.00000   45.00000  6.25%  29.2 1660s
 6448443 413111 infeasible   74        48.00000   45.00000  6.25%  29.2 1665s
 6469111 413769 infeasible   61        48.00000   45.00000  6.25%  29.2 1670s
 6488371 414047 infeasible   72        48.00000   45.00000  6.25%  29.2 1675s
 6507874 414327   45.00000   60   27   48.00000   45.00000  6.25%  29.2 1680s
 6527938 414717     cutoff   71        48.00000   45.00000  6.25%  29.2 1685s
 6548283 415210 infeasible   61        48.00000   45.00000  6.25%  29.2 1690s
 6568760 415661     cutoff   62        48.00000   45.00000  6.25%  29.2 1695s
 6588461 416208   46.00000   64   28   48.00000   45.00000  6.25%  29.2 1700s
 6608374 416807 infeasible   65        48.00000   45.00000  6.25%  29.1 1705s
 6628252 417425 infeasible   71        48.00000   45.00000  6.25%  29.1 1710s
 6648067 417926 infeasible   59        48.00000   45.00000  6.25%  29.1 1715s
 6667504 418694   46.00000   71   27   48.00000   45.00000  6.25%  29.1 1720s
 6686867 419420 infeasible   70        48.00000   45.00000  6.25%  29.1 1725s
 6707482 419977   45.00000   59   30   48.00000   45.00000  6.25%  29.1 1730s
 6727407 420509     cutoff   54        48.00000   45.00000  6.25%  29.1 1735s
 6746833 421132   45.00000   63   23   48.00000   45.00000  6.25%  29.1 1740s
 6768193 421970   46.00000   62   14   48.00000   45.00000  6.25%  29.1 1745s
 6787545 422703 infeasible   63        48.00000   45.00000  6.25%  29.1 1750s
 6806708 423476 infeasible   66        48.00000   45.00000  6.25%  29.1 1755s
 6829860 424375 infeasible   66        48.00000   45.00000  6.25%  29.1 1760s
 6850060 424908     cutoff   70        48.00000   45.00000  6.25%  29.1 1765s
 6867198 425460   45.00000   69   31   48.00000   45.00000  6.25%  29.1 1770s
 6887264 425858 infeasible   72        48.00000   45.00000  6.25%  29.1 1775s
 6907302 426341   47.00000   61   22   48.00000   45.00000  6.25%  29.0 1780s
 6926844 426840   45.00000   85   25   48.00000   45.00000  6.25%  29.0 1785s
 6947223 427246   45.00000   77   18   48.00000   45.00000  6.25%  29.0 1790s
 6970386 427587 infeasible   66        48.00000   45.00000  6.25%  29.0 1795s
 6987445 427823 infeasible   65        48.00000   45.00000  6.25%  29.0 1800s
 7007367 428182   46.00000   73   24   48.00000   45.00000  6.25%  29.0 1805s
 7026761 428489 infeasible   70        48.00000   45.00000  6.25%  29.0 1810s
 7046893 428571 infeasible   60        48.00000   45.00000  6.25%  29.0 1815s
 7066377 428690 infeasible   69        48.00000   45.00000  6.25%  29.0 1820s
 7086517 428765 infeasible   62        48.00000   45.00000  6.25%  29.0 1825s
 7106363 429011 infeasible   64        48.00000   45.00000  6.25%  29.0 1830s
 7126665 429559   45.00000   55   19   48.00000   45.00000  6.25%  29.0 1835s
 7146698 430465     cutoff   78        48.00000   45.00000  6.25%  29.0 1840s
 7170023 431549   46.00000   64   24   48.00000   45.00000  6.25%  29.0 1845s
 7190621 432157 infeasible   58        48.00000   45.00000  6.25%  29.0 1850s
 7210909 432773 infeasible   69        48.00000   45.00000  6.25%  28.9 1855s
 7234370 433860 infeasible   71        48.00000   45.00000  6.25%  28.9 1860s
 7255170 434461   46.00000   53   21   48.00000   45.00000  6.25%  28.9 1865s
 7275429 435433 infeasible   77        48.00000   45.00000  6.25%  28.9 1870s
 7297909 436229   45.00000   91   18   48.00000   45.00000  6.25%  28.9 1875s
 7319011 436500     cutoff   65        48.00000   45.00000  6.25%  28.9 1880s
 7338398 436822   45.00000   74   24   48.00000   45.00000  6.25%  28.9 1885s
 7361311 437263 infeasible   59        48.00000   45.00000  6.25%  28.9 1890s
 7381316 437697 infeasible   60        48.00000   45.00000  6.25%  28.9 1895s
 7400396 438409 infeasible   57        48.00000   45.00000  6.25%  28.9 1900s
 7420044 438952   46.00000   65   21   48.00000   45.00000  6.25%  28.9 1905s
 7439982 439073 infeasible   52        48.00000   45.00000  6.25%  28.8 1910s
 7460405 439355   45.00000   67   16   48.00000   45.00000  6.25%  28.8 1915s
 7477110 439833   46.00000   74   22   48.00000   45.00000  6.25%  28.8 1920s
 7499809 440275 infeasible   69        48.00000   45.00000  6.25%  28.8 1925s
 7519508 440341   45.00000   59   17   48.00000   45.00000  6.25%  28.8 1930s
 7539233 440619   47.00000   60   29   48.00000   45.00000  6.25%  28.8 1935s
 7558566 441026   47.00000   75   17   48.00000   45.00000  6.25%  28.8 1940s
 7577790 441606   45.00000   67   21   48.00000   45.00000  6.25%  28.8 1945s
 7598309 442230 infeasible   66        48.00000   45.00000  6.25%  28.8 1950s
 7614952 442708   45.00000   74   17   48.00000   45.00000  6.25%  28.8 1955s
 7634998 443365 infeasible   68        48.00000   45.00000  6.25%  28.8 1960s
 7655425 443696   45.00000   73   29   48.00000   45.00000  6.25%  28.8 1965s
 7675040 444255   45.00000   57   25   48.00000   45.00000  6.25%  28.8 1970s
 7694878 444709   45.00000   51   28   48.00000   45.00000  6.25%  28.8 1975s
 7715224 445140   45.00000   63   26   48.00000   45.00000  6.25%  28.8 1980s
 7739697 445544   45.00000   70   28   48.00000   45.00000  6.25%  28.8 1985s
 7755758 445940 infeasible   76        48.00000   45.00000  6.25%  28.8 1990s
 7779079 446282   45.00000   73   24   48.00000   45.00000  6.25%  28.8 1995s
 7798930 446682 infeasible   84        48.00000   45.00000  6.25%  28.8 2000s
 7818607 447146   46.00000   67   15   48.00000   45.00000  6.25%  28.8 2005s
 7839198 447394   47.00000   53   33   48.00000   45.00000  6.25%  28.8 2010s
 7859920 447747 infeasible   62        48.00000   45.00000  6.25%  28.8 2015s
 7879518 448002 infeasible   61        48.00000   45.00000  6.25%  28.7 2020s
 7899497 448415 infeasible   58        48.00000   45.00000  6.25%  28.7 2025s
 7919824 448931 infeasible   77        48.00000   45.00000  6.25%  28.7 2030s
 7939966 449473   46.00000   74   33   48.00000   45.00000  6.25%  28.7 2035s
 7959823 450025   45.00000   59   21   48.00000   45.00000  6.25%  28.7 2040s
 7980441 450895 infeasible   58        48.00000   45.00000  6.25%  28.7 2045s
 8003443 451767 infeasible   75        48.00000   45.00000  6.25%  28.7 2050s
 8023681 452326 infeasible   55        48.00000   45.00000  6.25%  28.7 2055s
 8039917 452804 infeasible   65        48.00000   45.00000  6.25%  28.7 2060s
 8059948 453192 infeasible   66        48.00000   45.00000  6.25%  28.7 2065s
 8080259 453846 infeasible   69        48.00000   45.00000  6.25%  28.7 2070s
 8097332 454525   45.00000   60   29   48.00000   45.00000  6.25%  28.7 2075s
 8117364 455590   47.00000   80   13   48.00000   45.00000  6.25%  28.7 2080s
 8140544 456829   46.00000   56   16   48.00000   45.00000  6.25%  28.7 2085s
 8157263 457652   45.00000   75   30   48.00000   45.00000  6.25%  28.7 2090s
 8177602 458524   45.00000   61   24   48.00000   45.00000  6.25%  28.7 2095s
 8201591 459405   45.00000   63   26   48.00000   45.00000  6.25%  28.7 2100s
 8221519 460301   45.00000   56   29   48.00000   45.00000  6.25%  28.7 2105s
 8241638 460929     cutoff   97        48.00000   45.00000  6.25%  28.7 2110s
 8261942 461575   45.00000   69   26   48.00000   45.00000  6.25%  28.7 2115s
 8281490 461996   45.00000   62   24   48.00000   45.00000  6.25%  28.7 2120s
 8301669 462333 infeasible   58        48.00000   45.00000  6.25%  28.7 2125s
 8322012 462816   47.00000   66   19   48.00000   45.00000  6.25%  28.6 2130s
 8341692 463450 infeasible   79        48.00000   45.00000  6.25%  28.6 2135s
 8362896 464370   45.00000   68   32   48.00000   45.00000  6.25%  28.6 2140s
 8383012 464816     cutoff   66        48.00000   45.00000  6.25%  28.6 2145s
 8405455 465507 infeasible   69        48.00000   45.00000  6.25%  28.6 2150s
 8425544 465910 infeasible   63        48.00000   45.00000  6.25%  28.6 2155s
 8445341 466665   45.00000   53   20   48.00000   45.00000  6.25%  28.6 2160s
 8465442 467157   45.00000   58   32   48.00000   45.00000  6.25%  28.6 2165s
 8485097 467822 infeasible   61        48.00000   45.00000  6.25%  28.6 2170s
 8504694 468305   45.00000   59   29   48.00000   45.00000  6.25%  28.6 2175s
 8524800 468833 infeasible   77        48.00000   45.00000  6.25%  28.6 2180s
 8546626 469375 infeasible   60        48.00000   45.00000  6.25%  28.6 2185s
 8567243 469766 infeasible   63        48.00000   45.00000  6.25%  28.6 2190s
 8586806 470365 infeasible   68        48.00000   45.00000  6.25%  28.6 2195s
 8608033 471153 infeasible   61        48.00000   45.00000  6.25%  28.6 2200s
 8631109 472349   45.00000   67   28   48.00000   45.00000  6.25%  28.6 2205s
 8650695 473272 infeasible   64        48.00000   45.00000  6.25%  28.6 2210s
 8671418 473972   46.00000   72   23   48.00000   45.00000  6.25%  28.6 2215s
 8691262 474815   45.00000   74   21   48.00000   45.00000  6.25%  28.6 2220s
 8711529 475258   47.00000   57   26   48.00000   45.00000  6.25%  28.5 2225s
 8731699 475793 infeasible   61        48.00000   45.00000  6.25%  28.5 2230s
 8751363 476231   45.00000   69   24   48.00000   45.00000  6.25%  28.5 2235s
 8771282 476556 infeasible   59        48.00000   45.00000  6.25%  28.5 2240s
 8790146 476877 infeasible   74        48.00000   45.00000  6.25%  28.5 2245s
 8809844 476918 infeasible   72        48.00000   45.00000  6.25%  28.5 2250s
 8832871 477348 infeasible   64        48.00000   45.00000  6.25%  28.5 2255s
 8853171 477602   45.00000   45   29   48.00000   45.00000  6.25%  28.5 2260s
 8871941 477914   45.00000   63   28   48.00000   45.00000  6.25%  28.5 2265s
 8888329 478134 infeasible   75        48.00000   45.00000  6.25%  28.5 2270s
 8908234 478626 infeasible   63        48.00000   45.00000  6.25%  28.5 2275s
 8927502 478895     cutoff   75        48.00000   45.00000  6.25%  28.5 2280s
 8944369 478906   45.00000   70   26   48.00000   45.00000  6.25%  28.5 2285s
 8964631 479225   45.00000   67   15   48.00000   45.00000  6.25%  28.5 2290s
 8984177 479614   45.00000   65   20   48.00000   45.00000  6.25%  28.5 2295s
 9001295 480064   45.00000   55   30   48.00000   45.00000  6.25%  28.5 2300s
 9021235 480624 infeasible   65        48.00000   45.00000  6.25%  28.5 2305s
 9042351 481331 infeasible   69        48.00000   45.00000  6.25%  28.5 2310s
 9062225 481521 infeasible   61        48.00000   45.00000  6.25%  28.5 2315s
 9082346 481729 infeasible   65        48.00000   45.00000  6.25%  28.5 2320s
 9105400 480383 infeasible   77        48.00000   45.00000  6.25%  28.5 2325s
 9135576 476230   46.00000   65   10   48.00000   46.00000  4.17%  28.5 2330s
 9162585 473422   46.00000   68    8   48.00000   46.00000  4.17%  28.4 2335s
 9185483 471135 infeasible   84        48.00000   46.00000  4.17%  28.4 2340s
 9212102 468877 infeasible   66        48.00000   46.00000  4.17%  28.4 2345s
 9235771 467038   46.00000   80   14   48.00000   46.00000  4.17%  28.4 2350s
 9260839 465271   46.00000   72   12   48.00000   46.00000  4.17%  28.4 2355s
 9283494 463905 infeasible   70        48.00000   46.00000  4.17%  28.3 2360s
 9306998 462272   46.00000   66   13   48.00000   46.00000  4.17%  28.3 2365s
 9330983 460925 infeasible   72        48.00000   46.00000  4.17%  28.3 2370s
 9355582 459977   46.00000   67   16   48.00000   46.00000  4.17%  28.3 2375s
 9379463 459207 infeasible   61        48.00000   46.00000  4.17%  28.3 2380s
 9402638 458544   47.00000   68   19   48.00000   46.00000  4.17%  28.3 2385s
 9428070 457879   46.00000   65   15   48.00000   46.00000  4.17%  28.3 2390s
 9451240 457002 infeasible   60        48.00000   46.00000  4.17%  28.2 2395s
 9478150 456045 infeasible   65        48.00000   46.00000  4.17%  28.2 2400s
 9500945 455128   47.00000   68   20   48.00000   46.00000  4.17%  28.2 2405s
 9521611 454343 infeasible   59        48.00000   46.00000  4.17%  28.2 2410s
 9548139 453590 infeasible   78        48.00000   46.00000  4.17%  28.2 2415s
 9571752 453219 infeasible   74        48.00000   46.00000  4.17%  28.2 2420s
 9592385 452931     cutoff   63        48.00000   46.00000  4.17%  28.1 2425s
 9615564 453140   46.00000   61   16   48.00000   46.00000  4.17%  28.1 2430s
 9639867 452520 infeasible   63        48.00000   46.00000  4.17%  28.1 2435s
 9661062 451678 infeasible   61        48.00000   46.00000  4.17%  28.1 2440s
 9688662 450980 infeasible   65        48.00000   46.00000  4.17%  28.1 2445s
 9711895 450095   47.00000   83   13   48.00000   46.00000  4.17%  28.1 2450s
 9735490 449609 infeasible   76        48.00000   46.00000  4.17%  28.1 2455s
 9760052 450334   46.00000   68   15   48.00000   46.00000  4.17%  28.1 2460s
 9780244 451308     cutoff   78        48.00000   46.00000  4.17%  28.0 2465s
 9806844 450691 infeasible   78        48.00000   46.00000  4.17%  28.0 2470s
 9830737 450652   46.00000   71   15   48.00000   46.00000  4.17%  28.0 2475s
 9850462 450809   46.00000   85   16   48.00000   46.00000  4.17%  28.0 2480s
 9873489 451887 infeasible   80        48.00000   46.00000  4.17%  28.0 2485s
 9893819 451846     cutoff   72        48.00000   46.00000  4.17%  28.0 2490s
 9918628 451818   47.00000   64   12   48.00000   46.00000  4.17%  28.0 2495s
 9939059 451716     cutoff   78        48.00000   46.00000  4.17%  28.0 2500s
 9963404 451405   46.00000   53   21   48.00000   46.00000  4.17%  28.0 2505s
 9983931 450919   46.00000   74   19   48.00000   46.00000  4.17%  28.0 2510s
 10006865 451334 infeasible   84        48.00000   46.00000  4.17%  28.0 2515s
 10030479 450847   46.00000   72   17   48.00000   46.00000  4.17%  27.9 2520s
 10054288 450554   46.00000   61   18   48.00000   46.00000  4.17%  27.9 2525s
 10078712 450472   46.00000   61   17   48.00000   46.00000  4.17%  27.9 2530s
 10102401 450327   47.00000   61   17   48.00000   46.00000  4.17%  27.9 2535s
 10120524 450698 infeasible   80        48.00000   46.00000  4.17%  27.9 2540s
 10145848 451065   46.00000   71   12   48.00000   46.00000  4.17%  27.9 2545s
 10171555 451534   46.00000   50   20   48.00000   46.00000  4.17%  27.9 2550s
 10190913 451194   46.00000   68   15   48.00000   46.00000  4.17%  27.9 2555s
 10215351 451027   46.00000   55   26   48.00000   46.00000  4.17%  27.9 2560s
 10234714 451318 infeasible   75        48.00000   46.00000  4.17%  27.9 2565s
 10259033 451733   46.00000   71   20   48.00000   46.00000  4.17%  27.9 2570s
 10279540 452158   46.00000   65   19   48.00000   46.00000  4.17%  27.9 2575s
 10300340 452869   46.00000   71   18   48.00000   46.00000  4.17%  27.9 2580s
 10323455 452597   46.00000   71   16   48.00000   46.00000  4.17%  27.8 2585s
 10346730 452319 infeasible   75        48.00000   46.00000  4.17%  27.8 2590s
 10369474 453776 infeasible   71        48.00000   46.00000  4.17%  27.8 2595s
 10388903 453991   46.00000   68   16   48.00000   46.00000  4.17%  27.8 2600s
 10409289 454528   46.00000   63   17   48.00000   46.00000  4.17%  27.8 2605s
 10429342 455081 infeasible   68        48.00000   46.00000  4.17%  27.8 2610s
 10455141 454802 infeasible   61        48.00000   46.00000  4.17%  27.8 2615s
 10476920 454734 infeasible   69        48.00000   46.00000  4.17%  27.8 2620s
 10497890 454747   46.00000   65   21   48.00000   46.00000  4.17%  27.8 2625s
 10522175 454493 infeasible   49        48.00000   46.00000  4.17%  27.8 2630s
 10541317 454991     cutoff   62        48.00000   46.00000  4.17%  27.8 2635s
 10565697 454902   46.00000   78    5   48.00000   46.00000  4.17%  27.8 2640s
 10586011 454908 infeasible   55        48.00000   46.00000  4.17%  27.8 2645s
 10610510 455134   46.00000   72   16   48.00000   46.00000  4.17%  27.8 2650s
 10631033 455180   46.00000   57   21   48.00000   46.00000  4.17%  27.8 2655s
 10654385 455423 infeasible   53        48.00000   46.00000  4.17%  27.8 2660s
 10677971 456026 infeasible   76        48.00000   46.00000  4.17%  27.7 2665s
 10697478 455865 infeasible   70        48.00000   46.00000  4.17%  27.7 2670s
 10721392 455481   46.00000   56   21   48.00000   46.00000  4.17%  27.7 2675s
 10744390 455201   46.00000   65   18   48.00000   46.00000  4.17%  27.7 2680s
 10767623 455468   47.00000   59   22   48.00000   46.00000  4.17%  27.7 2685s
 10787637 455700 infeasible   71        48.00000   46.00000  4.17%  27.7 2690s
 10807927 455979     cutoff   63        48.00000   46.00000  4.17%  27.7 2695s
 10830153 456602   46.00000   84    9   48.00000   46.00000  4.17%  27.7 2700s
 10851161 456601     cutoff   73        48.00000   46.00000  4.17%  27.7 2705s
 10871978 456641 infeasible   70        48.00000   46.00000  4.17%  27.7 2710s
 10895363 456822   47.00000   62   24   48.00000   46.00000  4.17%  27.7 2715s
 10915425 456472   46.00000   64   20   48.00000   46.00000  4.17%  27.7 2720s
 10935517 456557 infeasible   66        48.00000   46.00000  4.17%  27.7 2725s
 10959894 456929 infeasible   68        48.00000   46.00000  4.17%  27.7 2730s
 10979776 456961 infeasible   62        48.00000   46.00000  4.17%  27.7 2735s
 11003263 456993   46.00000   58   25   48.00000   46.00000  4.17%  27.7 2740s
 11022719 457122 infeasible   70        48.00000   46.00000  4.17%  27.7 2745s
 11047208 457205 infeasible   73        48.00000   46.00000  4.17%  27.7 2750s
 11067176 457173 infeasible   89        48.00000   46.00000  4.17%  27.6 2755s
 11090801 457281   46.00000   68   18   48.00000   46.00000  4.17%  27.6 2760s
 11117498 456739 infeasible   69        48.00000   46.00000  4.17%  27.6 2765s
 11138057 456937 infeasible   58        48.00000   46.00000  4.17%  27.6 2770s
 11165115 457585   46.00000   73   19   48.00000   46.00000  4.17%  27.6 2775s
 11185045 457735   46.00000   85   14   48.00000   46.00000  4.17%  27.6 2780s
 11208283 457727     cutoff   72        48.00000   46.00000  4.17%  27.6 2785s
 11231971 457730   47.00000   50   17   48.00000   46.00000  4.17%  27.6 2790s
 11251718 458036   46.00000   68   26   48.00000   46.00000  4.17%  27.6 2795s
 11276450 457845 infeasible   63        48.00000   46.00000  4.17%  27.6 2800s
 11298857 457731   46.00000   53   16   48.00000   46.00000  4.17%  27.6 2805s
 11322565 458199   46.00000   74   17   48.00000   46.00000  4.17%  27.6 2810s
 11342774 458108 infeasible   76        48.00000   46.00000  4.17%  27.6 2815s
 11363937 458034 infeasible   63        48.00000   46.00000  4.17%  27.6 2820s
 11383950 457903   46.00000   66   22   48.00000   46.00000  4.17%  27.6 2825s
 11408089 458240   46.00000   50   17   48.00000   46.00000  4.17%  27.5 2830s
 11430427 458324   46.00000   69   19   48.00000   46.00000  4.17%  27.5 2835s
 11450297 458710   46.00000   49   38   48.00000   46.00000  4.17%  27.5 2840s
 11469781 459249 infeasible   64        48.00000   46.00000  4.17%  27.5 2845s
 11489176 459814   46.00000   54   29   48.00000   46.00000  4.17%  27.5 2850s
 11509950 460306 infeasible   75        48.00000   46.00000  4.17%  27.5 2855s
 11533177 460858 infeasible   65        48.00000   46.00000  4.17%  27.5 2860s
 11557098 461355   47.00000   82   13   48.00000   46.00000  4.17%  27.5 2865s
 11577473 461774 infeasible   84        48.00000   46.00000  4.17%  27.5 2870s
 11597676 462177   46.00000   67   24   48.00000   46.00000  4.17%  27.5 2875s
 11621826 462515 infeasible   86        48.00000   46.00000  4.17%  27.5 2880s
 11642033 463084   46.00000   64   24   48.00000   46.00000  4.17%  27.5 2885s
 11662325 463552   46.00000   64   15   48.00000   46.00000  4.17%  27.5 2890s
 11686627 464155   46.00000   72   14   48.00000   46.00000  4.17%  27.5 2895s
 11709661 464588   46.00000   60   21   48.00000   46.00000  4.17%  27.5 2900s
 11729751 464882 infeasible   67        48.00000   46.00000  4.17%  27.5 2905s
 11752999 465347 infeasible   69        48.00000   46.00000  4.17%  27.5 2910s
 11773060 465700   47.00000   66   30   48.00000   46.00000  4.17%  27.5 2915s
 11797427 466096 infeasible   69        48.00000   46.00000  4.17%  27.4 2920s
 11821388 466583   46.00000   65   33   48.00000   46.00000  4.17%  27.4 2925s
 11845543 467066 infeasible   88        48.00000   46.00000  4.17%  27.4 2930s
 11869611 467456   46.00000   83   21   48.00000   46.00000  4.17%  27.4 2935s
 11889133 467704 infeasible   84        48.00000   46.00000  4.17%  27.4 2940s
 11909826 467926   46.00000   82   21   48.00000   46.00000  4.17%  27.4 2945s
 11933448 468497 infeasible   57        48.00000   46.00000  4.17%  27.4 2950s
 11952588 468957 infeasible   60        48.00000   46.00000  4.17%  27.4 2955s
 11976369 469568   46.00000   55   16   48.00000   46.00000  4.17%  27.4 2960s
 11996948 469979   46.00000   69   21   48.00000   46.00000  4.17%  27.4 2965s
 12021357 470169   46.00000   73   13   48.00000   46.00000  4.17%  27.4 2970s
 12043409 470338 infeasible   73        48.00000   46.00000  4.17%  27.4 2975s
 12063088 470702   46.00000   47   26   48.00000   46.00000  4.17%  27.4 2980s
 12085962 471140   46.00000   60   34   48.00000   46.00000  4.17%  27.3 2985s
 12106739 471562 infeasible   73        48.00000   46.00000  4.17%  27.3 2990s
 12126831 472026   46.00000   71   15   48.00000   46.00000  4.17%  27.3 2995s
 12149000 472556   46.00000   65   23   48.00000   46.00000  4.17%  27.3 3000s
 12172132 472922   47.00000   78   19   48.00000   46.00000  4.17%  27.3 3005s
 12192825 473182   46.00000   66   19   48.00000   46.00000  4.17%  27.3 3010s
 12212607 473396     cutoff   64        48.00000   46.00000  4.17%  27.3 3015s
 12232656 473511   46.00000   74   18   48.00000   46.00000  4.17%  27.3 3020s
 12255384 473651 infeasible   71        48.00000   46.00000  4.17%  27.3 3025s
 12279138 473971   46.00000   70   25   48.00000   46.00000  4.17%  27.3 3030s
 12301789 474131     cutoff   75        48.00000   46.00000  4.17%  27.3 3035s
 12324317 474324 infeasible   71        48.00000   46.00000  4.17%  27.3 3040s
 12344825 474604   46.00000   59   24   48.00000   46.00000  4.17%  27.3 3045s
 12366205 475273   46.00000   74   20   48.00000   46.00000  4.17%  27.3 3050s
 12390855 475782     cutoff   65        48.00000   46.00000  4.17%  27.3 3055s
 12411523 476354 infeasible   79        48.00000   46.00000  4.17%  27.3 3060s
 12432136 476772     cutoff   63        48.00000   46.00000  4.17%  27.3 3065s
 12455164 477419 infeasible   65        48.00000   46.00000  4.17%  27.2 3070s
 12478811 477716   46.00000   70   26   48.00000   46.00000  4.17%  27.2 3075s
 12500299 478048 infeasible   82        48.00000   46.00000  4.17%  27.2 3080s
 12520113 478433   46.00000   65   21   48.00000   46.00000  4.17%  27.2 3085s
 12546513 478580   46.00000   56   24   48.00000   46.00000  4.17%  27.2 3090s
 12567646 478866 infeasible   64        48.00000   46.00000  4.17%  27.2 3095s
 12588319 479330 infeasible   78        48.00000   46.00000  4.17%  27.2 3100s
 12607620 479818   47.00000   64   22   48.00000   46.00000  4.17%  27.2 3105s
 12628120 480078   46.00000   75   32   48.00000   46.00000  4.17%  27.2 3110s
 12651520 480479 infeasible   59        48.00000   46.00000  4.17%  27.2 3115s
 12671042 480833   47.00000   64   23   48.00000   46.00000  4.17%  27.2 3120s
 12694219 481343 infeasible   70        48.00000   46.00000  4.17%  27.2 3125s
 12717296 482370 infeasible   52        48.00000   46.00000  4.17%  27.2 3130s
 12737016 483224 infeasible   49        48.00000   46.00000  4.17%  27.2 3135s
 12756990 483461   46.00000   67   22   48.00000   46.00000  4.17%  27.2 3140s
 12781068 484337 infeasible   78        48.00000   46.00000  4.17%  27.2 3145s
 12800382 485040   46.00000   55   20   48.00000   46.00000  4.17%  27.2 3150s
 12824891 485655     cutoff   77        48.00000   46.00000  4.17%  27.1 3155s
 12845256 486130   46.00000   53   28   48.00000   46.00000  4.17%  27.1 3160s
 12869327 487035   46.00000   52   22   48.00000   46.00000  4.17%  27.1 3165s
 12892086 487999 infeasible   82        48.00000   46.00000  4.17%  27.1 3170s
 12912173 488548 infeasible   76        48.00000   46.00000  4.17%  27.1 3175s
 12932910 489339 infeasible   83        48.00000   46.00000  4.17%  27.1 3180s
 12955821 490114   46.00000   61   27   48.00000   46.00000  4.17%  27.1 3185s
 12976168 490851   46.00000   51   19   48.00000   46.00000  4.17%  27.1 3190s
 13000223 491351     cutoff   77        48.00000   46.00000  4.17%  27.1 3195s
 13020188 491876 infeasible   63        48.00000   46.00000  4.17%  27.1 3200s
 13043264 492579   46.00000   68   23   48.00000   46.00000  4.17%  27.1 3205s
 13063785 493722     cutoff   89        48.00000   46.00000  4.17%  27.1 3210s
 13088447 494701   47.00000   75    8   48.00000   46.00000  4.17%  27.1 3215s
 13115538 495078   47.00000   78   15   48.00000   46.00000  4.17%  27.1 3220s
 13135450 495629 infeasible   69        48.00000   46.00000  4.17%  27.1 3225s
 13162328 496324   46.00000   69    8   48.00000   46.00000  4.17%  27.0 3230s
 13183606 496772   46.00000   57   34   48.00000   46.00000  4.17%  27.0 3235s
 13204327 497255 infeasible   79        48.00000   46.00000  4.17%  27.0 3240s
 13228203 497716   46.00000   72   17   48.00000   46.00000  4.17%  27.0 3245s
 13252437 498194   46.00000   57   31   48.00000   46.00000  4.17%  27.0 3250s
 13275914 498459 infeasible   59        48.00000   46.00000  4.17%  27.0 3255s
 13296499 498559     cutoff   55        48.00000   46.00000  4.17%  27.0 3260s
 13319604 498813   46.00000   71   23   48.00000   46.00000  4.17%  27.0 3265s
 13340749 499045 infeasible   72        48.00000   46.00000  4.17%  27.0 3270s
 13364311 499292 infeasible   73        48.00000   46.00000  4.17%  27.0 3275s
 13385341 499579 infeasible   60        48.00000   46.00000  4.17%  27.0 3280s
 13409008 500204 infeasible   63        48.00000   46.00000  4.17%  27.0 3285s
 13429170 500693   46.00000   54   29   48.00000   46.00000  4.17%  27.0 3290s
 13449097 501101 infeasible   76        48.00000   46.00000  4.17%  26.9 3295s
 13472710 501686   47.00000   59   19   48.00000   46.00000  4.17%  26.9 3300s
 13497098 501998   46.00000   78   14   48.00000   46.00000  4.17%  26.9 3305s
 13520475 502156 infeasible   66        48.00000   46.00000  4.17%  26.9 3310s
 13544734 502483     cutoff   66        48.00000   46.00000  4.17%  26.9 3315s
 13569071 502630 infeasible   72        48.00000   46.00000  4.17%  26.9 3320s
 13591923 502661     cutoff   73        48.00000   46.00000  4.17%  26.9 3325s
 13611603 502621 infeasible   69        48.00000   46.00000  4.17%  26.9 3330s
 13637593 503193   46.00000   76   20   48.00000   46.00000  4.17%  26.9 3335s
 13661988 503371   46.00000   56   21   48.00000   46.00000  4.17%  26.9 3340s
 13682175 503596 infeasible   76        48.00000   46.00000  4.17%  26.8 3345s
 13705534 503773   46.00000   68   21   48.00000   46.00000  4.17%  26.8 3350s
 13729043 504081   46.00000   83   17   48.00000   46.00000  4.17%  26.8 3355s
 13752696 504059   47.00000   58   22   48.00000   46.00000  4.17%  26.8 3360s
 13776239 504057 infeasible   71        48.00000   46.00000  4.17%  26.8 3365s
 13800503 504177 infeasible   83        48.00000   46.00000  4.17%  26.8 3370s
 13827109 504226 infeasible   64        48.00000   46.00000  4.17%  26.8 3375s
 13847857 504357 infeasible   61        48.00000   46.00000  4.17%  26.8 3380s
 13872185 504405   46.00000   76   22   48.00000   46.00000  4.17%  26.8 3385s
 13895795 504707 infeasible   71        48.00000   46.00000  4.17%  26.8 3390s
 13916109 504683   46.00000   63   27   48.00000   46.00000  4.17%  26.8 3395s
 13940845 504872 infeasible   78        48.00000   46.00000  4.17%  26.7 3400s
 13960226 505122   46.00000   72   17   48.00000   46.00000  4.17%  26.7 3405s
 13983558 505590 infeasible   81        48.00000   46.00000  4.17%  26.7 3410s
*14003725 207114              85      47.0000000   46.00000  2.13%  26.7 3414s
 14003788 206951   46.00000   76   12   47.00000   46.00000  2.13%  26.7 3415s
 14026345 206809 infeasible   70        47.00000   46.00000  2.13%  26.7 3420s
 14046012 206915 infeasible   67        47.00000   46.00000  2.13%  26.7 3425s
 14069278 207060   46.00000   79   30   47.00000   46.00000  2.13%  26.7 3430s
 14093027 207133   46.00000   68   26   47.00000   46.00000  2.13%  26.7 3435s
 14116108 207168 infeasible   76        47.00000   46.00000  2.13%  26.7 3440s
 14137077 207106   46.00000   61   20   47.00000   46.00000  2.13%  26.7 3445s
 14159848 207090   46.00000   65   16   47.00000   46.00000  2.13%  26.7 3450s
 14184850 207005   46.00000   67   30   47.00000   46.00000  2.13%  26.7 3455s
 14209042 206918   46.00000   71   16   47.00000   46.00000  2.13%  26.7 3460s
 14236137 206718 infeasible   59        47.00000   46.00000  2.13%  26.7 3465s
 14263078 206696     cutoff   76        47.00000   46.00000  2.13%  26.6 3470s
 14286596 206773     cutoff   63        47.00000   46.00000  2.13%  26.6 3475s
 14310405 206711 infeasible   74        47.00000   46.00000  2.13%  26.6 3480s
 14334270 206760 infeasible   70        47.00000   46.00000  2.13%  26.6 3485s
 14357602 206601     cutoff   82        47.00000   46.00000  2.13%  26.6 3490s
 14378770 206387 infeasible   79        47.00000   46.00000  2.13%  26.6 3495s
 14401817 206194 infeasible   75        47.00000   46.00000  2.13%  26.6 3500s
 14422085 206175   46.00000   78   20   47.00000   46.00000  2.13%  26.6 3505s
 14445285 205927   46.00000   94    8   47.00000   46.00000  2.13%  26.6 3510s
 14468511 205756 infeasible   60        47.00000   46.00000  2.13%  26.6 3515s
 14490980 205864   46.00000   63   20   47.00000   46.00000  2.13%  26.6 3520s
 14511083 205443   46.00000   59   29   47.00000   46.00000  2.13%  26.6 3525s
 14534451 205197   46.00000   74   10   47.00000   46.00000  2.13%  26.6 3530s
 14556654 205097   46.00000   61   25   47.00000   46.00000  2.13%  26.5 3535s
 14576558 205078   46.00000   80   14   47.00000   46.00000  2.13%  26.5 3540s
 14600160 205114 infeasible   76        47.00000   46.00000  2.13%  26.5 3545s
 14620803 205201   46.00000   72   31   47.00000   46.00000  2.13%  26.5 3550s
 14644825 205030   46.00000   82   23   47.00000   46.00000  2.13%  26.5 3555s
 14664671 204905   46.00000   78   26   47.00000   46.00000  2.13%  26.5 3560s
 14688196 204728 infeasible   65        47.00000   46.00000  2.13%  26.5 3565s
 14711554 204393   46.00000   47   22   47.00000   46.00000  2.13%  26.5 3570s
 14731050 204209   46.00000   73   29   47.00000   46.00000  2.13%  26.5 3575s
 14751297 204033   46.00000   68   20   47.00000   46.00000  2.13%  26.5 3580s
 14775059 203697   46.00000   68   15   47.00000   46.00000  2.13%  26.5 3585s
 14795324 203455 infeasible   75        47.00000   46.00000  2.13%  26.5 3590s
 14817978 203371     cutoff   70        47.00000   46.00000  2.13%  26.5 3595s
 14837669 203300     cutoff   67        47.00000   46.00000  2.13%  26.5 3600s

Explored 14840590 nodes (393126238 simplex iterations) in 3600.04 seconds (760.52 work units)
Thread count was 32 (of 32 available processors)

Solution count 10: 47 48 49 ... 61

Time limit reached
Best objective 4.700000000000e+01, best bound 4.600000000000e+01, gap 2.1277%
