
Gurobi 13.0.0 (linux64) logging started Mon Nov 24 12:06:34 2025

Set parameter LogFile to value "./Results/StripPacking-CutHeur/Logs/SBM-010-StripPacking-15-0.log"
Set parameter TimeLimit to value 3600
Set parameter Cuts to value 0
Set parameter Presolve to value 1
Set parameter Heuristics to value 0
Set parameter LogToConsole to value 0
Set parameter LPWarmStart to value 2
Gurobi Optimizer version 13.0.0 build v13.0.0rc1 (linux64 - "Debian GNU/Linux 12 (bookworm)")

CPU model: Intel(R) Xeon(R) CPU E5-2630 v3 @ 2.40GHz, instruction set [SSE2|AVX|AVX2]
Thread count: 16 physical cores, 32 logical processors, using up to 32 threads

Non-default parameters:
TimeLimit  3600
LPWarmStart  2
Heuristics  0
Cuts  0
LogToConsole  0
Presolve  1

Optimize a model with 1905 rows, 346 columns and 5700 nonzeros (Min)
Model fingerprint: 0x0ecfb741
Model has 1 linear objective coefficients
Variable types: 136 continuous, 210 integer (210 binary)
Coefficient statistics:
  Matrix range     [1e+00, 1e+04]
  Objective range  [1e+00, 1e+00]
  Bounds range     [1e+00, 1e+04]
  RHS range        [1e+00, 1e+04]

Warning: Completing partial solution with 210 unfixed non-continuous variables out of 210
User MIP start produced solution with objective 62.1 (0.01s)
User MIP start produced solution with objective 62.1 (0.01s)
Loaded user MIP start with objective 62.1

Presolve removed 525 rows and 0 columns
Presolve time: 0.01s
Presolved: 1380 rows, 346 columns, 4335 nonzeros
Variable types: 136 continuous, 210 integer (210 binary)

Root relaxation: objective 3.200000e+01, 122 iterations, 0.01 seconds (0.00 work units)

    Nodes    |    Current Node    |     Objective Bounds      |     Work
 Expl Unexpl |  Obj  Depth IntInf | Incumbent    BestBd   Gap | It/Node Time

     0     0   32.00000    0   23   62.10000   32.00000  48.5%     -    0s
     0     0   32.00000    0   23   62.10000   32.00000  48.5%     -    0s
     0     0   32.00000    0   18   62.10000   32.00000  48.5%     -    0s
     0     2   32.00000    0   18   62.10000   32.00000  48.5%     -    0s
* 1142  1181              61      58.0000000   32.00000  44.8%  10.5    0s
* 2717  1973              77      57.0000000   32.00000  43.9%  10.2    0s
* 4230  2643              51      55.0000000   32.00000  41.8%  12.4    1s
* 4459  2660              59      54.0000000   32.00000  40.7%  12.7    1s
* 5842  2890              59      53.0000000   32.00000  39.6%  13.9    1s
* 5992  2640              52      52.0000000   32.00000  38.5%  14.0    1s
* 7693  2684              57      51.0000000   32.00000  37.3%  15.3    1s
* 9672  3400              55      50.0000000   32.00000  36.0%  16.9    2s
* 9673  3028              55      48.0000000   32.00000  33.3%  16.9    2s
*16836  5380              55      47.0000000   32.00000  31.9%  21.7    4s
 20279  6753   45.00000   38   20   47.00000   32.00000  31.9%  23.5    5s
 32628 10391   38.00000   49   28   47.00000   32.00000  31.9%  26.2   10s
 48171 12386   36.00000   39   38   47.00000   32.00000  31.9%  28.1   15s
*55129 11767              75      46.0000000   32.00000  30.4%  28.7   17s
 62800 14463   41.00000   48   29   46.00000   32.00000  30.4%  29.6   20s
 75796 19445   38.00000   50   41   46.00000   32.00000  30.4%  30.8   25s
 90877 24897   41.00000   40   26   46.00000   32.00000  30.4%  31.9   30s
 104111 29431 infeasible   48        46.00000   32.00000  30.4%  32.7   35s
 119994 34661   45.00000   43   24   46.00000   32.00000  30.4%  33.5   40s
 133113 39368 infeasible   61        46.00000   32.00000  30.4%  34.0   45s
 149516 44353   41.00000   39   30   46.00000   32.00000  30.4%  34.5   51s
 162658 48849 infeasible   44        46.00000   32.00000  30.4%  34.8   55s
 179067 53743 infeasible   55        46.00000   32.00000  30.4%  35.2   60s
 192084 58002 infeasible   38        46.00000   32.00000  30.4%  35.5   65s
 205434 61695   45.00000   54   38   46.00000   32.00000  30.4%  35.8   70s
 221548 66226 infeasible   45        46.00000   32.00000  30.4%  36.2   76s
 234452 69549   43.00000   48   28   46.00000   32.00000  30.4%  36.5   80s
 248029 73022 infeasible   42        46.00000   34.00000  26.1%  36.7   85s
 264950 77452   43.00000   46   38   46.00000   34.00000  26.1%  36.9   90s
 277855 80978 infeasible   42        46.00000   34.00000  26.1%  37.0   95s
 294219 85578   45.00000   40   30   46.00000   34.00000  26.1%  37.2  100s
 307986 89107     cutoff   42        46.00000   34.00000  26.1%  37.2  105s
 324623 93284   45.00000   50   15   46.00000   34.00000  26.1%  37.2  110s
 341160 97724     cutoff   45        46.00000   34.00000  26.1%  37.2  115s
 357193 101799   45.00000   37   26   46.00000   34.00000  26.1%  37.2  120s
 373674 105554 infeasible   42        46.00000   34.00000  26.1%  37.2  125s
*383745 56350              58      45.0000000   35.00000  22.2%  37.2  128s
 389510 56370   43.00000   43   31   45.00000   35.00000  22.2%  37.2  130s
 401998 57342   39.00000   40   28   45.00000   36.00000  20.0%  37.5  135s
 418463 58673   43.00000   56   17   45.00000   36.00000  20.0%  37.8  141s
 432503 61690     cutoff   50        45.00000   36.00000  20.0%  37.9  145s
 445666 64453   41.00000   60   20   45.00000   37.00000  17.8%  37.9  150s
 461362 67279     cutoff   54        45.00000   37.00000  17.8%  38.0  155s
 474746 68887   43.00000   51   18   45.00000   37.00000  17.8%  38.1  166s
 483089 69438 infeasible   71        45.00000   37.00000  17.8%  38.0  170s
 497323 68887   41.00000   47   31   45.00000   37.00000  17.8%  38.1  175s
 512671 67428     cutoff   50        45.00000   37.00000  17.8%  38.2  180s
 526971 65938   38.00000   55   32   45.00000   37.00000  17.8%  38.3  185s
 541231 63874     cutoff   58        45.00000   37.00000  17.8%  38.4  190s
 555962 61316   39.00000   51   36   45.00000   37.00000  17.8%  38.6  195s
 572162 58047 infeasible   49        45.00000   37.00000  17.8%  38.7  200s
 592022 54660 infeasible   67        45.00000   37.00000  17.8%  38.8  206s
 608951 52125   38.00000   59   31   45.00000   37.00000  17.8%  38.8  210s
 625068 49079   43.00000   58   24   45.00000   37.00000  17.8%  38.8  215s
 642436 45759 infeasible   64        45.00000   38.00000  15.6%  38.8  220s
 658971 42103   43.00000   58   24   45.00000   38.00000  15.6%  38.8  225s
 672218 38970 infeasible   50        45.00000   38.00000  15.6%  38.8  230s
 691890 38210   43.00000   57   23   45.00000   38.00000  15.6%  38.8  235s
 708981 40215 infeasible   51        45.00000   38.00000  15.6%  38.8  240s
 725396 41911 infeasible   75        45.00000   38.00000  15.6%  38.8  245s
 742057 43809 infeasible   52        45.00000   38.00000  15.6%  38.8  251s
 758797 45552 infeasible   59        45.00000   38.00000  15.6%  38.8  255s
 775598 47743   39.00000   53   31   45.00000   38.00000  15.6%  38.8  260s
 791250 49435   42.00000   61   16   45.00000   38.00000  15.6%  38.8  265s
 807616 51189   40.00000   54   26   45.00000   38.00000  15.6%  38.8  270s
 824810 52853   38.00000   63   25   45.00000   38.00000  15.6%  38.8  275s
 840810 54510   41.00000   61   19   45.00000   38.00000  15.6%  38.8  280s
 858051 56420   38.00000   54   32   45.00000   38.00000  15.6%  38.8  285s
 874391 58133 infeasible   64        45.00000   38.00000  15.6%  38.8  290s
 890888 59785   39.00000   52   33   45.00000   38.00000  15.6%  38.9  295s
 907552 61387   42.00000   56   34   45.00000   38.00000  15.6%  38.9  300s
 920538 62720   39.00000   51   29   45.00000   38.00000  15.6%  38.9  305s
 940479 65213   42.00000   57   50   45.00000   38.00000  15.6%  38.9  310s
 953468 66443   38.00000   69   32   45.00000   38.00000  15.6%  38.9  315s
 972662 68429   42.00000   60   19   45.00000   38.00000  15.6%  39.0  320s
 989017 69997   43.00000   62   24   45.00000   38.00000  15.6%  39.0  325s
 1005366 71801     cutoff   69        45.00000   38.00000  15.6%  39.0  330s
 1018736 73017   43.00000   57   22   45.00000   38.00000  15.6%  39.1  335s
 1035043 74679     cutoff   56        45.00000   38.00000  15.6%  39.1  340s
 1051075 76017   39.00000   74   25   45.00000   38.00000  15.6%  39.1  345s
 1067728 77213 infeasible   64        45.00000   38.00000  15.6%  39.1  350s
 1087636 78531 infeasible   51        45.00000   39.00000  13.3%  39.1  355s
 1104083 79497   43.00000   55   23   45.00000   39.00000  13.3%  39.0  360s
 1120593 80728     cutoff   74        45.00000   39.00000  13.3%  39.0  365s
 1141052 81937     cutoff   66        45.00000   39.00000  13.3%  39.0  370s
 1154442 82540   39.00000   54   38   45.00000   39.00000  13.3%  39.0  375s
 1174409 83628   39.00000   54   39   45.00000   39.00000  13.3%  38.9  380s
 1191549 84870 infeasible   64        45.00000   39.00000  13.3%  38.9  385s
 1207417 85980   39.00000   56   35   45.00000   39.00000  13.3%  38.8  390s
 1227782 87619 infeasible   74        45.00000   39.00000  13.3%  38.8  395s
 1244090 88714   43.00000   67   22   45.00000   39.00000  13.3%  38.7  400s
 1261011 90237     cutoff   58        45.00000   39.00000  13.3%  38.7  405s
 1276928 91628   43.00000   73   25   45.00000   39.00000  13.3%  38.7  410s
 1296332 93034   42.00000   58   24   45.00000   39.00000  13.3%  38.6  415s
 1313284 94580   43.00000   55   14   45.00000   39.00000  13.3%  38.6  420s
 1329859 95887   39.00000   59   34   45.00000   39.00000  13.3%  38.6  425s
 1346803 97206     cutoff   53        45.00000   39.00000  13.3%  38.5  430s
 1366029 98674   43.00000   54   17   45.00000   39.00000  13.3%  38.5  436s
 1382617 100021   39.00000   56   27   45.00000   39.00000  13.3%  38.4  440s
 1399317 101111   41.00000   60   12   45.00000   39.00000  13.3%  38.4  445s
 1416059 102047 infeasible   61        45.00000   39.00000  13.3%  38.4  450s
 1433246 102814   41.00000   54   18   45.00000   39.00000  13.3%  38.3  455s
 1451692 103628   43.00000   78   11   45.00000   40.00000  11.1%  38.3  460s
 1471140 103984   43.00000   61   38   45.00000   40.00000  11.1%  38.3  465s
 1487681 104511 infeasible   64        45.00000   40.00000  11.1%  38.3  470s
 1504622 104991   40.00000   62   23   45.00000   40.00000  11.1%  38.3  475s
 1521103 105149   40.00000   57   25   45.00000   40.00000  11.1%  38.3  480s
 1537309 105599   40.00000   78   21   45.00000   40.00000  11.1%  38.3  485s
 1553984 106120   43.00000   73   13   45.00000   40.00000  11.1%  38.3  490s
 1570770 106896   40.00000   70   27   45.00000   40.00000  11.1%  38.3  495s
 1590655 107186   40.00000   55   33   45.00000   40.00000  11.1%  38.3  500s
 1607528 107378   43.00000   63   20   45.00000   40.00000  11.1%  38.3  505s
 1627927 107934     cutoff   54        45.00000   40.00000  11.1%  38.3  510s
 1648069 108773   40.00000   69   23   45.00000   40.00000  11.1%  38.3  515s
 1671391 109623   40.00000   63   33   45.00000   40.00000  11.1%  38.3  520s
 1688078 109809 infeasible   57        45.00000   40.00000  11.1%  38.3  525s
 1708294 109867   40.00000   70   30   45.00000   40.00000  11.1%  38.3  530s
 1727905 110252 infeasible   75        45.00000   40.00000  11.1%  38.3  535s
 1747718 110811   40.00000   60   37   45.00000   40.00000  11.1%  38.3  540s
 1767655 111193   40.00000   62   23   45.00000   40.00000  11.1%  38.3  545s
 1784267 111597   40.00000   63   19   45.00000   40.00000  11.1%  38.3  550s
 1804401 111909     cutoff   52        45.00000   40.00000  11.1%  38.3  555s
 1824806 112511 infeasible   70        45.00000   40.00000  11.1%  38.3  560s
 1849685 113940 infeasible   56        45.00000   41.00000  8.89%  38.2  565s
 1874228 114877 infeasible   53        45.00000   41.00000  8.89%  38.0  570s
 1893298 115384     cutoff   54        45.00000   41.00000  8.89%  38.0  575s
 1917475 116428   43.00000   52   25   45.00000   41.00000  8.89%  37.9  580s
 1941062 117777 infeasible   63        45.00000   41.00000  8.89%  37.8  585s
 1961484 118574 infeasible   75        45.00000   41.00000  8.89%  37.8  590s
 1985109 119495   41.00000   53   36   45.00000   41.00000  8.89%  37.7  595s
 2005687 120421 infeasible   58        45.00000   41.00000  8.89%  37.7  600s
 2026083 121161 infeasible   61        45.00000   41.00000  8.89%  37.6  605s
 2046221 121913     cutoff   57        45.00000   41.00000  8.89%  37.6  610s
 2069871 122691     cutoff   56        45.00000   41.00000  8.89%  37.5  615s
 2090408 123339 infeasible   61        45.00000   41.00000  8.89%  37.5  620s
 2113568 123615   41.00000   52   35   45.00000   41.00000  8.89%  37.4  625s
 2133842 124000     cutoff   68        45.00000   41.00000  8.89%  37.4  630s
 2154142 124683   41.00000   59   20   45.00000   41.00000  8.89%  37.3  635s
 2177311 125725 infeasible   65        45.00000   41.00000  8.89%  37.3  640s
 2197727 126721 infeasible   70        45.00000   41.00000  8.89%  37.3  645s
 2221127 127913 infeasible   53        45.00000   41.00000  8.89%  37.2  650s
 2240436 128725   43.00000   74   22   45.00000   41.00000  8.89%  37.2  655s
 2260944 129323   41.00000   60   28   45.00000   41.00000  8.89%  37.2  660s
 2280974 129889   41.00000   62   19   45.00000   41.00000  8.89%  37.2  665s
 2301175 130105 infeasible   66        45.00000   41.00000  8.89%  37.1  670s
 2321453 130854 infeasible   53        45.00000   41.00000  8.89%  37.1  675s
 2342030 131311   41.00000   52   35   45.00000   41.00000  8.89%  37.1  680s
 2361885 131633 infeasible   64        45.00000   41.00000  8.89%  37.0  685s
 2381966 132378   43.00000   56   26   45.00000   41.00000  8.89%  37.0  690s
 2405907 132754   43.00000   64   13   45.00000   41.00000  8.89%  37.0  695s
 2425344 133155 infeasible   75        45.00000   41.00000  8.89%  36.9  700s
 2445070 133782 infeasible   71        45.00000   41.00000  8.89%  36.9  705s
 2466035 134240     cutoff   60        45.00000   41.00000  8.89%  36.9  710s
 2485647 134960   43.00000   68   23   45.00000   41.00000  8.89%  36.9  715s
 2505463 135552   41.00000   68   23   45.00000   41.00000  8.89%  36.8  720s
 2525657 136217   41.00000   54   35   45.00000   41.00000  8.89%  36.8  725s
 2545802 137025 infeasible   49        45.00000   41.00000  8.89%  36.8  730s
 2569602 137690 infeasible   68        45.00000   41.00000  8.89%  36.7  735s
 2589488 138185   41.00000   52   29   45.00000   41.00000  8.89%  36.7  740s
 2612970 138846 infeasible   82        45.00000   41.00000  8.89%  36.7  745s
 2633142 139681 infeasible   66        45.00000   41.00000  8.89%  36.6  750s
 2656798 140662     cutoff   64        45.00000   41.00000  8.89%  36.6  755s
 2677131 141572   42.00000   63   20   45.00000   41.00000  8.89%  36.5  760s
 2697617 142155   41.00000   58   21   45.00000   41.00000  8.89%  36.5  765s
 2717885 142807 infeasible   63        45.00000   41.00000  8.89%  36.5  770s
 2738118 143837   41.00000   49   27   45.00000   41.00000  8.89%  36.5  775s
 2761142 144728 infeasible   59        45.00000   41.00000  8.89%  36.4  780s
 2778379 145090   44.00000   75   10   45.00000   41.00000  8.89%  36.4  785s
 2802024 145745 infeasible   63        45.00000   41.00000  8.89%  36.4  790s
 2821950 146241   41.00000   70   26   45.00000   41.00000  8.89%  36.4  795s
 2845037 146564   41.00000   53   46   45.00000   41.00000  8.89%  36.3  800s
 2865635 147069   43.00000   64   21   45.00000   41.00000  8.89%  36.3  805s
 2885593 147463 infeasible   64        45.00000   41.00000  8.89%  36.3  810s
 2909438 148151 infeasible   53        45.00000   41.00000  8.89%  36.2  815s
 2929991 148986     cutoff   62        45.00000   41.00000  8.89%  36.2  820s
 2953819 149465   41.00000   67   34   45.00000   41.00000  8.89%  36.2  825s
 2973331 149753 infeasible   79        45.00000   41.00000  8.89%  36.1  830s
 2996984 150525 infeasible   70        45.00000   41.00000  8.89%  36.1  835s
 3017146 151117 infeasible   58        45.00000   41.00000  8.89%  36.1  840s
 3040717 151728 infeasible   65        45.00000   41.00000  8.89%  36.0  845s
 3061292 152483 infeasible   63        45.00000   41.00000  8.89%  36.0  850s
 3084571 153345     cutoff   66        45.00000   41.00000  8.89%  35.9  855s
 3100567 153784 infeasible   63        45.00000   41.00000  8.89%  35.9  860s
 3120161 154228     cutoff   62        45.00000   41.00000  8.89%  35.9  865s
 3136809 154879 infeasible   62        45.00000   41.00000  8.89%  35.9  870s
 3156581 155525   41.00000   65   38   45.00000   41.00000  8.89%  35.8  875s
 3173244 156339   43.00000   50   34   45.00000   41.00000  8.89%  35.8  880s
 3189994 157279     cutoff   62        45.00000   41.00000  8.89%  35.8  885s
 3206597 157755   43.00000   61   20   45.00000   41.00000  8.89%  35.8  890s
 3226549 158533   42.00000   67   23   45.00000   41.00000  8.89%  35.7  895s
 3243215 159189     cutoff   65        45.00000   41.00000  8.89%  35.7  900s
 3259755 160022 infeasible   82        45.00000   41.00000  8.89%  35.7  905s
 3279749 160986   43.00000   69   14   45.00000   41.00000  8.89%  35.6  910s
 3296657 161798 infeasible   85        45.00000   41.00000  8.89%  35.6  915s
 3316036 162651   41.00000   53   23   45.00000   41.00000  8.89%  35.6  920s
 3332676 163277 infeasible   60        45.00000   41.00000  8.89%  35.6  925s
 3348891 163706   42.00000   65   19   45.00000   41.00000  8.89%  35.5  930s
 3365528 164567   43.00000   56   27   45.00000   41.00000  8.89%  35.5  935s
 3384748 165172   41.00000   53   35   45.00000   41.00000  8.89%  35.5  940s
 3399108 165147 infeasible   67        45.00000   41.00000  8.89%  35.5  945s
 3416824 165129   43.00000   57   19   45.00000   41.00000  8.89%  35.5  950s
 3442074 162336   42.00000   64   21   45.00000   42.00000  6.67%  35.4  955s
 3461973 161207   42.00000   58   20   45.00000   42.00000  6.67%  35.3  960s
 3482700 159941   42.00000   74   18   45.00000   42.00000  6.67%  35.3  965s
 3501571 158916   42.00000   56   36   45.00000   42.00000  6.67%  35.2  970s
 3520264 158074   42.00000   55   22   45.00000   42.00000  6.67%  35.2  975s
 3536761 157574 infeasible   56        45.00000   42.00000  6.67%  35.2  980s
 3553228 156868 infeasible   77        45.00000   42.00000  6.67%  35.2  985s
 3569977 156103 infeasible   62        45.00000   42.00000  6.67%  35.2  990s
 3586734 155710 infeasible   64        45.00000   42.00000  6.67%  35.2  995s
 3603532 154918 infeasible   70        45.00000   42.00000  6.67%  35.1 1000s
 3620241 154462   42.00000   67   18   45.00000   42.00000  6.67%  35.1 1005s
 3636725 153994   44.00000   64   23   45.00000   42.00000  6.67%  35.1 1010s
 3652790 153721   42.00000   51   22   45.00000   42.00000  6.67%  35.1 1015s
 3669815 153053 infeasible   63        45.00000   42.00000  6.67%  35.1 1020s
 3686745 152229   42.00000   69   18   45.00000   42.00000  6.67%  35.1 1025s
 3702829 151789   42.00000   74   39   45.00000   42.00000  6.67%  35.1 1030s
 3719793 151559     cutoff   58        45.00000   42.00000  6.67%  35.1 1035s
 3736221 151436   42.00000   56   23   45.00000   42.00000  6.67%  35.1 1040s
 3752862 151006     cutoff   59        45.00000   42.00000  6.67%  35.0 1045s
 3769749 150515     cutoff   64        45.00000   42.00000  6.67%  35.0 1050s
 3786215 150147   44.00000   58   20   45.00000   42.00000  6.67%  35.0 1055s
 3803276 149689 infeasible   72        45.00000   42.00000  6.67%  35.0 1060s
 3823140 149023 infeasible   60        45.00000   42.00000  6.67%  35.0 1065s
 3840228 148641   42.00000   66   39   45.00000   42.00000  6.67%  35.0 1070s
 3856737 148300   42.00000   66   25   45.00000   42.00000  6.67%  35.0 1075s
 3873588 147920   42.00000   64   37   45.00000   42.00000  6.67%  35.0 1080s
 3893352 146967 infeasible   69        45.00000   42.00000  6.67%  34.9 1085s
 3910294 146341 infeasible   70        45.00000   42.00000  6.67%  34.9 1090s
 3927058 145752 infeasible   66        45.00000   42.00000  6.67%  34.9 1095s
 3948172 144965   42.00000   72   24   45.00000   42.00000  6.67%  34.9 1100s
 3965282 144186     cutoff   65        45.00000   42.00000  6.67%  34.9 1105s
 3985286 143267 infeasible   76        45.00000   42.00000  6.67%  34.8 1110s
 4001997 142379   42.00000   66   22   45.00000   42.00000  6.67%  34.8 1115s
 4022141 141558   44.00000   71   13   45.00000   42.00000  6.67%  34.8 1120s
 4038450 140629 infeasible   58        45.00000   42.00000  6.67%  34.8 1125s
 4054676 139705   43.00000   80   16   45.00000   42.00000  6.67%  34.8 1130s
 4075026 138768 infeasible   73        45.00000   42.00000  6.67%  34.7 1135s
 4094499 137831 infeasible   61        45.00000   42.00000  6.67%  34.7 1140s
 4111493 137437   42.00000   74   26   45.00000   42.00000  6.67%  34.7 1145s
 4127674 136790 infeasible   66        45.00000   42.00000  6.67%  34.7 1150s
 4144757 136250 infeasible   89        45.00000   42.00000  6.67%  34.7 1155s
 4164723 135536 infeasible   73        45.00000   42.00000  6.67%  34.7 1160s
 4181388 135001     cutoff   73        45.00000   42.00000  6.67%  34.7 1165s
 4201521 134186   42.00000   74   23   45.00000   42.00000  6.67%  34.6 1170s
 4223629 132524 infeasible   72        45.00000   42.00000  6.67%  34.6 1175s
 4243948 131339   43.00000   76   17   45.00000   43.00000  4.44%  34.5 1180s
 4267499 130099   43.00000   47   14   45.00000   43.00000  4.44%  34.5 1185s
 4287954 129241   43.00000   67   11   45.00000   43.00000  4.44%  34.5 1190s
 4310687 128555   43.00000   47   21   45.00000   43.00000  4.44%  34.4 1195s
 4331474 128013   43.00000   59   14   45.00000   43.00000  4.44%  34.4 1200s
 4351878 127092   43.00000   69   14   45.00000   43.00000  4.44%  34.3 1205s
 4371846 126441     cutoff   61        45.00000   43.00000  4.44%  34.3 1210s
 4392368 125714     cutoff   75        45.00000   43.00000  4.44%  34.3 1215s
 4412606 125099   43.00000   61   25   45.00000   43.00000  4.44%  34.2 1220s
 4433624 124391   43.00000   63   13   45.00000   43.00000  4.44%  34.2 1225s
 4453425 123838 infeasible   70        45.00000   43.00000  4.44%  34.2 1230s
 4476646 122985   44.00000   61   17   45.00000   43.00000  4.44%  34.1 1235s
 4497017 122227   43.00000   77   13   45.00000   43.00000  4.44%  34.1 1240s
 4517273 122167   43.00000   62   24   45.00000   43.00000  4.44%  34.1 1245s
 4537181 121421 infeasible   61        45.00000   43.00000  4.44%  34.0 1250s
 4553136 120801   43.00000   88   22   45.00000   43.00000  4.44%  34.0 1255s
 4572773 120217   43.00000   75   25   45.00000   43.00000  4.44%  34.0 1260s
 4593023 119926 infeasible   74        45.00000   43.00000  4.44%  34.0 1265s
 4613301 119915 infeasible   70        45.00000   43.00000  4.44%  33.9 1270s
 4629767 119720 infeasible   74        45.00000   43.00000  4.44%  33.9 1275s
 4650080 119454   43.00000   73   24   45.00000   43.00000  4.44%  33.9 1280s
 4666930 119127   43.00000   77   26   45.00000   43.00000  4.44%  33.9 1285s
 4686523 118758 infeasible   81        45.00000   43.00000  4.44%  33.8 1290s
 4706360 118360     cutoff   65        45.00000   43.00000  4.44%  33.8 1295s
 4722922 117824 infeasible   76        45.00000   43.00000  4.44%  33.8 1300s
 4743048 117242   43.00000   71   34   45.00000   43.00000  4.44%  33.8 1305s
 4759541 116831     cutoff   56        45.00000   43.00000  4.44%  33.7 1310s
 4779222 116168   43.00000   50   25   45.00000   43.00000  4.44%  33.7 1315s
 4799357 115943   43.00000   65   22   45.00000   43.00000  4.44%  33.7 1320s
 4819146 115400   43.00000   67   16   45.00000   43.00000  4.44%  33.7 1325s
 4839664 114959 infeasible   90        45.00000   43.00000  4.44%  33.6 1330s
 4859946 114518     cutoff   54        45.00000   43.00000  4.44%  33.6 1335s
 4876775 114041 infeasible   53        45.00000   43.00000  4.44%  33.6 1340s
 4893164 113516 infeasible   84        45.00000   43.00000  4.44%  33.6 1345s
 4912777 112978   43.00000   75   23   45.00000   43.00000  4.44%  33.6 1350s
 4932923 112548 infeasible   84        45.00000   43.00000  4.44%  33.5 1355s
 4949028 112034   43.00000   72   20   45.00000   43.00000  4.44%  33.5 1360s
 4969645 111912 infeasible   66        45.00000   43.00000  4.44%  33.5 1365s
 4986481 111884 infeasible   65        45.00000   43.00000  4.44%  33.5 1370s
 5006338 111297     cutoff   70        45.00000   43.00000  4.44%  33.5 1375s
 5026476 111069 infeasible   90        45.00000   43.00000  4.44%  33.4 1380s
 5046312 111073   43.00000   72   23   45.00000   43.00000  4.44%  33.4 1385s
 5063220 110940   43.00000   91   18   45.00000   43.00000  4.44%  33.4 1390s
 5080532 110953 infeasible   64        45.00000   43.00000  4.44%  33.3 1395s
 5100628 110527 infeasible   67        45.00000   43.00000  4.44%  33.3 1400s
 5120394 110206     cutoff   76        45.00000   43.00000  4.44%  33.3 1405s
 5140598 109389   43.00000   61   21   45.00000   43.00000  4.44%  33.3 1410s
 5161296 108956   43.00000   80   18   45.00000   43.00000  4.44%  33.2 1415s
 5177570 108701     cutoff   83        45.00000   43.00000  4.44%  33.2 1420s
 5197916 108271 infeasible   65        45.00000   43.00000  4.44%  33.2 1425s
 5217318 107640   43.00000   82   15   45.00000   43.00000  4.44%  33.1 1430s
 5237376 107116     cutoff   72        45.00000   43.00000  4.44%  33.1 1435s
 5256856 106502 infeasible   68        45.00000   43.00000  4.44%  33.1 1440s
 5273690 106174 infeasible   81        45.00000   43.00000  4.44%  33.1 1445s
 5293930 105730   43.00000   69   11   45.00000   43.00000  4.44%  33.1 1450s
 5313721 105230 infeasible   59        45.00000   43.00000  4.44%  33.0 1455s
 5330809 104975 infeasible   65        45.00000   43.00000  4.44%  33.0 1460s
 5350985 104685     cutoff   85        45.00000   43.00000  4.44%  33.0 1465s
 5371174 104148   43.00000   51   24   45.00000   43.00000  4.44%  33.0 1470s
 5391245 103486 infeasible   75        45.00000   43.00000  4.44%  33.0 1475s
 5411462 103076   43.00000   69   33   45.00000   43.00000  4.44%  32.9 1480s
 5427938 102676     cutoff   69        45.00000   43.00000  4.44%  32.9 1485s
 5444774 102388     cutoff   58        45.00000   43.00000  4.44%  32.9 1490s
 5465012 101985 infeasible   65        45.00000   43.00000  4.44%  32.9 1495s
 5485196 101338   43.00000   65   20   45.00000   43.00000  4.44%  32.9 1500s
 5501989 100706     cutoff   79        45.00000   43.00000  4.44%  32.9 1505s
 5522093 100063   43.00000   78   14   45.00000   43.00000  4.44%  32.8 1510s
 5539230 100010   43.00000   73   20   45.00000   43.00000  4.44%  32.8 1515s
 5559272 99462     cutoff   54        45.00000   43.00000  4.44%  32.8 1520s
 5576211 98931   44.00000   61   21   45.00000   43.00000  4.44%  32.8 1525s
 5596947 98756 infeasible   84        45.00000   43.00000  4.44%  32.8 1530s
 5613170 98463   43.00000   59   15   45.00000   43.00000  4.44%  32.8 1535s
 5632847 98036 infeasible   75        45.00000   43.00000  4.44%  32.7 1540s
 5652590 97647 infeasible   94        45.00000   43.00000  4.44%  32.7 1545s
 5668915 97444     cutoff   69        45.00000   43.00000  4.44%  32.7 1550s
 5689221 96940   43.00000   78   13   45.00000   43.00000  4.44%  32.7 1555s
 5706130 96636 infeasible   78        45.00000   43.00000  4.44%  32.7 1560s
 5726283 96405   43.00000   65   26   45.00000   43.00000  4.44%  32.7 1565s
 5746051 96203   43.00000   70   21   45.00000   43.00000  4.44%  32.7 1570s
 5762945 95841   43.00000   63   24   45.00000   43.00000  4.44%  32.7 1575s
 5783082 95662     cutoff   73        45.00000   43.00000  4.44%  32.6 1580s
 5799489 95067 infeasible   82        45.00000   43.00000  4.44%  32.6 1585s
 5819980 94616 infeasible   81        45.00000   43.00000  4.44%  32.6 1590s
 5835936 94206   43.00000   73   17   45.00000   43.00000  4.44%  32.6 1595s
 5856376 94069 infeasible   64        45.00000   43.00000  4.44%  32.6 1600s
 5872774 93622   43.00000   57   23   45.00000   43.00000  4.44%  32.6 1605s
 5889674 93243 infeasible   98        45.00000   43.00000  4.44%  32.6 1610s
 5909367 92405 infeasible   82        45.00000   43.00000  4.44%  32.5 1615s
 5926631 92011   43.00000   60   28   45.00000   43.00000  4.44%  32.5 1620s
 5946733 91740     cutoff   56        45.00000   43.00000  4.44%  32.5 1625s
 5966612 91345   43.00000   69   21   45.00000   43.00000  4.44%  32.5 1630s
 5983070 91004     cutoff   61        45.00000   43.00000  4.44%  32.5 1635s
 6003288 90656   43.00000   63   21   45.00000   43.00000  4.44%  32.5 1640s
 6019943 90590 infeasible   84        45.00000   43.00000  4.44%  32.4 1645s
 6039413 90050 infeasible   70        45.00000   43.00000  4.44%  32.4 1650s
 6055958 89887   43.00000   69   25   45.00000   43.00000  4.44%  32.4 1655s
 6075996 89213   43.00000   86   17   45.00000   43.00000  4.44%  32.4 1660s
 6096109 89049     cutoff   80        45.00000   43.00000  4.44%  32.4 1665s
 6113584 88621   43.00000   63   26   45.00000   43.00000  4.44%  32.4 1670s
 6133526 88146 infeasible   79        45.00000   43.00000  4.44%  32.4 1675s
 6153226 87783 infeasible   71        45.00000   43.00000  4.44%  32.3 1680s
 6170704 87681     cutoff   67        45.00000   43.00000  4.44%  32.3 1685s
 6190681 87273 infeasible   80        45.00000   43.00000  4.44%  32.3 1690s
 6210895 86539 infeasible   70        45.00000   43.00000  4.44%  32.3 1695s
 6231279 85946     cutoff   54        45.00000   43.00000  4.44%  32.3 1700s
 6250507 85308 infeasible   86        45.00000   43.00000  4.44%  32.3 1705s
 6273087 84823   43.00000   58   22   45.00000   43.00000  4.44%  32.3 1710s
 6289703 84341     cutoff   85        45.00000   43.00000  4.44%  32.2 1715s
 6309934 83965   43.00000   68   14   45.00000   43.00000  4.44%  32.2 1720s
 6331722 83445     cutoff   65        45.00000   43.00000  4.44%  32.2 1725s
 6348289 83155 infeasible   66        45.00000   43.00000  4.44%  32.2 1730s
 6367815 82699 infeasible   66        45.00000   43.00000  4.44%  32.2 1735s
 6388057 82253 infeasible   76        45.00000   43.00000  4.44%  32.2 1740s
 6405709 82077 infeasible   75        45.00000   43.00000  4.44%  32.2 1745s
 6426515 82016 infeasible   70        45.00000   43.00000  4.44%  32.2 1750s
 6446503 81884   43.00000   77   11   45.00000   43.00000  4.44%  32.1 1755s
 6470631 81528   43.00000   70   27   45.00000   43.00000  4.44%  32.1 1760s
 6490790 81121 infeasible   75        45.00000   43.00000  4.44%  32.1 1765s
 6510514 80627 infeasible   75        45.00000   43.00000  4.44%  32.1 1770s
 6531278 79864 infeasible   77        45.00000   43.00000  4.44%  32.1 1775s
 6552121 79541 infeasible   65        45.00000   43.00000  4.44%  32.1 1780s
 6571556 78973   43.00000   86   17   45.00000   43.00000  4.44%  32.0 1785s
 6591821 78637   43.00000   71   23   45.00000   43.00000  4.44%  32.0 1790s
 6612750 78272     cutoff   55        45.00000   43.00000  4.44%  32.0 1795s
 6636152 77675 infeasible   78        45.00000   43.00000  4.44%  32.0 1800s
 6655644 77042   43.00000   57   28   45.00000   43.00000  4.44%  32.0 1805s
 6675631 76509 infeasible   58        45.00000   43.00000  4.44%  32.0 1810s
 6695643 76013     cutoff   62        45.00000   43.00000  4.44%  31.9 1815s
 6715958 75609   43.00000   74   26   45.00000   43.00000  4.44%  31.9 1820s
 6739905 75264 infeasible   63        45.00000   43.00000  4.44%  31.9 1825s
 6760323 74518   43.00000   54   22   45.00000   43.00000  4.44%  31.9 1830s
 6780898 74106   43.00000   61   37   45.00000   43.00000  4.44%  31.9 1835s
 6801348 73645     cutoff   61        45.00000   43.00000  4.44%  31.9 1840s
 6821337 73076   43.00000   60   31   45.00000   43.00000  4.44%  31.8 1845s
 6841646 72488 infeasible   79        45.00000   43.00000  4.44%  31.8 1850s
 6861488 71900   43.00000   68   21   45.00000   43.00000  4.44%  31.8 1855s
 6881665 71541   43.00000   69   30   45.00000   43.00000  4.44%  31.8 1860s
 6901588 70958     cutoff   64        45.00000   43.00000  4.44%  31.8 1865s
 6921518 70396   43.00000   80   21   45.00000   43.00000  4.44%  31.8 1870s
 6941236 69821     cutoff   69        45.00000   43.00000  4.44%  31.8 1875s
 6964316 69191   43.00000   64   22   45.00000   43.00000  4.44%  31.8 1880s
 6981246 68970 infeasible   59        45.00000   43.00000  4.44%  31.7 1885s
 7001891 68652     cutoff   54        45.00000   43.00000  4.44%  31.7 1890s
 7025302 67979 infeasible   65        45.00000   43.00000  4.44%  31.7 1895s
 7045299 67665     cutoff   58        45.00000   43.00000  4.44%  31.7 1900s
 7064474 67065   43.00000   70   34   45.00000   43.00000  4.44%  31.7 1905s
 7085385 66515   43.00000   71   31   45.00000   43.00000  4.44%  31.7 1910s
 7105996 66133 infeasible   97        45.00000   43.00000  4.44%  31.7 1915s
 7126014 65593   43.00000   88   18   45.00000   43.00000  4.44%  31.7 1920s
 7146165 65159   43.00000   60   30   45.00000   43.00000  4.44%  31.7 1925s
 7169510 64365   43.00000   70   33   45.00000   43.00000  4.44%  31.7 1930s
 7189638 63681   43.00000   67   22   45.00000   43.00000  4.44%  31.6 1935s
 7210022 63074   43.00000   73   18   45.00000   43.00000  4.44%  31.6 1940s
 7229738 62249   43.00000   69   20   45.00000   43.00000  4.44%  31.6 1945s
 7250224 61614   43.00000   69   22   45.00000   43.00000  4.44%  31.6 1950s
 7273121 60885 infeasible   76        45.00000   43.00000  4.44%  31.6 1955s
 7289917 60479     cutoff   54        45.00000   43.00000  4.44%  31.6 1960s
 7313445 59752   43.00000   68   30   45.00000   43.00000  4.44%  31.6 1965s
 7334371 59412   44.00000   78   17   45.00000   43.00000  4.44%  31.6 1970s
 7353831 59071   43.00000   73   23   45.00000   43.00000  4.44%  31.5 1975s
 7374671 58641 infeasible   75        45.00000   43.00000  4.44%  31.5 1980s
 7394488 58149 infeasible   63        45.00000   43.00000  4.44%  31.5 1985s
 7417808 57636   43.00000   60   19   45.00000   43.00000  4.44%  31.5 1990s
 7438384 57235   43.00000   65   20   45.00000   43.00000  4.44%  31.5 1995s
 7457762 57014   43.00000   76    6   45.00000   43.00000  4.44%  31.5 2000s
 7477815 56697 infeasible   85        45.00000   43.00000  4.44%  31.5 2005s
 7497912 56130   43.00000   61   28   45.00000   43.00000  4.44%  31.4 2010s
 7518847 55499     cutoff   72        45.00000   43.00000  4.44%  31.4 2015s
 7539526 54937     cutoff   72        45.00000   43.00000  4.44%  31.4 2020s
 7563735 54628 infeasible   72        45.00000   43.00000  4.44%  31.4 2025s
 7586908 54004 infeasible   90        45.00000   43.00000  4.44%  31.4 2030s
 7607512 53262   43.00000   54   24   45.00000   43.00000  4.44%  31.3 2035s
 7628403 52346 infeasible   84        45.00000   43.00000  4.44%  31.3 2040s
 7653013 51543 infeasible   68        45.00000   43.00000  4.44%  31.3 2045s
 7673268 51320     cutoff   68        45.00000   43.00000  4.44%  31.3 2050s
 7693586 50890 infeasible   88        45.00000   43.00000  4.44%  31.3 2055s
 7713443 50120   43.00000   63   25   45.00000   43.00000  4.44%  31.3 2060s
 7736106 47322 infeasible   81        45.00000   44.00000  2.22%  31.2 2065s
 7763824 43464   44.00000   84   10   45.00000   44.00000  2.22%  31.2 2070s
 7787158 40695     cutoff   48        45.00000   44.00000  2.22%  31.2 2075s
 7811022 38122   44.00000   81   15   45.00000   44.00000  2.22%  31.2 2080s
 7834100 35821 infeasible   66        45.00000   44.00000  2.22%  31.1 2085s
 7857508 33722 infeasible   71        45.00000   44.00000  2.22%  31.1 2090s
 7880955 31353 infeasible   88        45.00000   44.00000  2.22%  31.1 2095s
 7901359 29506   44.00000   74   17   45.00000   44.00000  2.22%  31.1 2100s
 7923935 27838   44.00000   66   27   45.00000   44.00000  2.22%  31.0 2105s
 7946967 26457 infeasible   64        45.00000   44.00000  2.22%  31.0 2110s
 7969864 24874   44.00000   65   31   45.00000   44.00000  2.22%  31.0 2115s
 7990467 23346   44.00000   85   23   45.00000   44.00000  2.22%  31.0 2120s
 8010915 21752   44.00000   86   15   45.00000   44.00000  2.22%  31.0 2125s
 8034044 20154 infeasible   81        45.00000   44.00000  2.22%  31.0 2130s
 8053784 18808   44.00000   63   28   45.00000   44.00000  2.22%  31.0 2135s
 8077158 16920   44.00000   63   20   45.00000   44.00000  2.22%  30.9 2140s
 8097267 15769   44.00000   72   22   45.00000   44.00000  2.22%  30.9 2145s
 8120670 14397   44.00000   57   29   45.00000   44.00000  2.22%  30.9 2150s
 8140561 13141 infeasible   81        45.00000   44.00000  2.22%  30.9 2155s
 8164338 11566   44.00000   64   29   45.00000   44.00000  2.22%  30.9 2160s
 8183535 10653   44.00000   71   18   45.00000   44.00000  2.22%  30.9 2165s
 8203891  9400   44.00000   64   14   45.00000   44.00000  2.22%  30.9 2170s
 8224035  7721 infeasible   89        45.00000   44.00000  2.22%  30.9 2175s
 8244380  6264 infeasible   62        45.00000   44.00000  2.22%  30.9 2180s
 8264156  4950   44.00000   87   21   45.00000   44.00000  2.22%  30.8 2185s
 8287746  3404 infeasible   86        45.00000   44.00000  2.22%  30.8 2190s
 8307612  2758 infeasible   70        45.00000   44.00000  2.22%  30.8 2195s
 8327276  2505 infeasible   66        45.00000   44.00000  2.22%  30.8 2200s
 8347943  2343   44.00000   66   17   45.00000   44.00000  2.22%  30.8 2205s
 8373002   851 infeasible   82        45.00000   44.00000  2.22%  30.8 2210s
 8392886   680 infeasible   67        45.00000   44.00000  2.22%  30.8 2215s

Explored 8396456 nodes (258290957 simplex iterations) in 2215.12 seconds (461.95 work units)
Thread count was 32 (of 32 available processors)

Solution count 10: 45 45 46 ... 54

Optimal solution found (tolerance 1.00e-04)
Best objective 4.500000000000e+01, best bound 4.499999999540e+01, gap 0.0000%
