
Gurobi 13.0.0 (linux64) logging started Thu Nov 20 19:30:42 2025

Set parameter LogFile to value "./Results/StripPacking-CutHeur/Logs/SBM-111-StripPacking-25.log"
Set parameter TimeLimit to value 3600
Set parameter Cuts to value 1
Set parameter Presolve to value 1
Set parameter Heuristics to value 1
Set parameter LogToConsole to value 0
Set parameter LPWarmStart to value 2
Gurobi Optimizer version 13.0.0 build v13.0.0rc1 (linux64 - "Debian GNU/Linux 12 (bookworm)")

CPU model: Intel(R) Xeon(R) CPU E5-2630 v3 @ 2.40GHz, instruction set [SSE2|AVX|AVX2]
Thread count: 16 physical cores, 32 logical processors, using up to 32 threads

Non-default parameters:
TimeLimit  3600
LPWarmStart  2
Heuristics  1
Cuts  1
LogToConsole  0
Presolve  1

Optimize a model with 5425 rows, 951 columns and 16250 nonzeros (Min)
Model fingerprint: 0x0996574c
Model has 1 linear objective coefficients
Variable types: 351 continuous, 600 integer (600 binary)
Coefficient statistics:
  Matrix range     [1e+00, 1e+04]
  Objective range  [1e+00, 1e+00]
  Bounds range     [1e+00, 1e+04]
  RHS range        [1e+00, 1e+04]

Warning: Completing partial solution with 600 unfixed non-continuous variables out of 600
User MIP start produced solution with objective 102.2 (0.02s)
User MIP start produced solution with objective 102.2 (0.02s)
Loaded user MIP start with objective 102.2

Presolve removed 1500 rows and 0 columns
Presolve time: 0.02s
Presolved: 3925 rows, 951 columns, 12350 nonzeros
Variable types: 351 continuous, 600 integer (600 binary)

Root relaxation: objective 3.500000e+01, 493 iterations, 0.02 seconds (0.02 work units)

    Nodes    |    Current Node    |     Objective Bounds      |     Work
 Expl Unexpl |  Obj  Depth IntInf | Incumbent    BestBd   Gap | It/Node Time

     0     0   35.00000    0  105  102.20000   35.00000  65.8%     -    0s
H    0     0                      98.0000000   35.00000  64.3%     -    0s
     0     0   35.00000    0  170   98.00000   35.00000  64.3%     -    0s
H    0     0                      97.0000000   35.00000  63.9%     -    0s
     0     0   35.00000    0  153   97.00000   35.00000  63.9%     -    0s
     0     0   35.00000    0  176   97.00000   35.00000  63.9%     -    0s
     0     0   35.00000    0  102   97.00000   35.00000  63.9%     -    0s
     0     0   35.00000    0  113   97.00000   35.00000  63.9%     -    0s
     0     0   35.00000    0  148   97.00000   35.00000  63.9%     -    0s
     0     0   35.00000    0   90   97.00000   35.00000  63.9%     -    1s
     0     0   35.00000    0  102   97.00000   35.00000  63.9%     -    1s
     0     0   35.00000    0  126   97.00000   35.00000  63.9%     -    1s
     0     0   35.00000    0   85   97.00000   35.00000  63.9%     -    1s
H    0     0                      96.0000000   35.00000  63.5%     -    1s
     0     0   35.00000    0   95   96.00000   35.00000  63.5%     -    1s
     0     0   35.00000    0  129   96.00000   35.00000  63.5%     -    1s
     0     0   35.00000    0   98   96.00000   35.00000  63.5%     -    1s
     0     0   35.00000    0  113   96.00000   35.00000  63.5%     -    1s
H    0     0                      92.0000000   35.00000  62.0%     -    1s
     0     0   35.00000    0  135   92.00000   35.00000  62.0%     -    1s
     0     0   35.00000    0  106   92.00000   35.00000  62.0%     -    2s
     0     0   35.00000    0  106   92.00000   35.00000  62.0%     -    2s
     0     0   35.00000    0   86   92.00000   35.00000  62.0%     -    2s
     0     2   35.00000    0   86   92.00000   35.00000  62.0%     -    2s
H   55    68                      91.0000000   35.00000  61.5%   239    3s
H   84   100                      90.0000000   35.00000  61.1%   204    4s
H   99   188                      89.0000000   35.00000  60.7%   196    5s
H  217   644                      88.0000000   35.00000  60.2%   153    6s
H  649   660                      86.0000000   35.00000  59.3%   114    7s
H  659  1670                      85.0000000   35.00000  58.8%   113    8s
H 1166  1670                      84.0000000   35.00000  58.3%  74.5    8s
  1883  1791   37.00000   23  106   84.00000   35.00000  58.3%  63.9   10s
H 2395  2144                      84.0000000   35.00000  58.3%  57.4   12s
  2408  2158   50.00000   31   94   84.00000   35.00000  58.3%  57.3   15s
  2792  2440   83.00000   38   79   84.00000   35.00000  58.3%  53.8   20s
  2916  2503   48.00000   29  118   84.00000   35.00000  58.3%  52.6   25s
  3023  2739   35.00000   17  133   84.00000   35.00000  58.3%  65.0   30s
  3346  2823   35.33860   22  167   84.00000   35.00000  58.3%  69.6   35s
  3474  2908   35.58291   24  155   84.00000   35.00000  58.3%  70.8   41s
  3942  3715   62.00000   28   94   84.00000   35.00000  58.3%  71.1   45s
  5686  4114   63.00000   58   73   84.00000   35.00000  58.3%  61.6   50s
* 5717  3874              97      83.0000000   35.00000  57.8%  61.6   50s
H 5902  3898                      83.0000000   35.00000  57.8%  61.1   51s
  7134  4573   82.00000   78   47   83.00000   35.00000  57.8%  56.6   55s
  7553  4730   38.88162   19  146   83.00000   35.00000  57.8%  56.5   60s
  7823  4873   38.88162   23  158   83.00000   35.00000  57.8%  56.4   65s
  8028  5035   48.00000   24  122   83.00000   35.00000  57.8%  56.1   70s
  8272  5110   60.00000   40   91   83.00000   35.00000  57.8%  55.6   75s
  8610  5275   69.00000   41   83   83.00000   35.00000  57.8%  55.0   80s
  8806  5291   69.00000   42   83   83.00000   35.00000  57.8%  54.5   85s
  9024  5425   69.00000   45   90   83.00000   35.00000  57.8%  54.3   90s
  9239  5540   71.00000   47   78   83.00000   35.00000  57.8%  54.1   96s
H 9402  5129                      82.0000000   35.00000  57.3%  53.7   98s
 10470  5956   72.00000   78   52   82.00000   35.00000  57.3%  52.6  101s
H10611  6044                      82.0000000   35.00000  57.3%  52.3  103s
 10749  6175   72.00000   79   52   82.00000   35.00000  57.3%  52.0  106s
H10960  6002                      81.0000000   35.00000  56.8%  51.5  108s
 11055  6065   72.00000   81   50   81.00000   35.00000  56.8%  51.6  110s
 11468  6271 infeasible   84        81.00000   35.00000  56.8%  51.8  115s
H11671  6372                      81.0000000   35.00000  56.8%  51.9  119s
 11678  6449   80.00000   85   30   81.00000   35.00000  56.8%  51.9  120s
 11871  6620   80.00000   87   27   81.00000   35.00000  56.8%  51.8  127s
 12065  6744   80.00000   86   31   81.00000   35.00000  56.8%  51.8  130s
 12294  6905   80.00000   87   29   81.00000   35.00000  56.8%  51.7  136s
H12312  6262                      79.0000000   35.00000  55.7%  51.7  136s
 12767  6628   47.00000   24  130   79.00000   35.00000  55.7%  51.9  141s
H12777  6628                      79.0000000   35.00000  55.7%  51.9  141s
H12840  6363                      78.0000000   35.00000  55.1%  51.9  143s
 12984  6365   47.00000   26  129   78.00000   35.00000  55.1%  51.7  145s
H13108  6389                      78.0000000   35.00000  55.1%  51.8  147s
 13171  6492   47.00000   29  126   78.00000   35.00000  55.1%  51.9  151s
 13500  6690   47.00000   31  118   78.00000   35.00000  55.1%  51.6  155s
 13601  6845   47.00000   33  121   78.00000   35.00000  55.1%  51.6  162s
 13749  6874   77.00000   59   55   78.00000   35.00000  55.1%  51.7  165s
 13838  7156   77.00000   61   55   78.00000   35.00000  55.1%  51.7  170s
 14229  7359   77.00000   63   52   78.00000   35.00000  55.1%  51.6  176s
 14473  7406   77.00000   65   51   78.00000   35.00000  55.1%  51.7  182s
 14514  7556 infeasible   66        78.00000   35.00000  55.1%  51.7  187s
 14700  7582   77.00000   67   39   78.00000   35.00000  55.1%  51.6  190s
 14778  7777 infeasible   69        78.00000   35.00000  55.1%  51.5  197s
 15014  7804 infeasible   69        78.00000   35.00000  55.1%  51.5  200s
 15089  8041   77.00000   69   38   78.00000   35.00000  55.1%  51.5  209s
 15379  8065   75.00000   36   56   78.00000   35.00000  55.1%  51.4  213s
 15419  8184   75.00000   37   55   78.00000   35.00000  55.1%  51.4  216s
 15559  8508   75.00000   62   39   78.00000   35.00000  55.1%  51.3  221s
 16059  8904   64.00000   59   73   78.00000   35.00000  55.1%  51.3  227s
 16575  9050   64.00000   60   67   78.00000   35.00000  55.1%  51.1  232s
 16809  9344   64.00000   61   66   78.00000   35.00000  55.1%  51.0  237s
 17241  9431   64.00000   62   68   78.00000   35.00000  55.1%  51.3  243s
 17365  9792   64.00000   63   69   78.00000   35.00000  55.1%  51.3  247s
 17834  9818   77.00000   95   43   78.00000   35.00000  55.1%  51.3  252s
 17875 10383   77.00000   95   42   78.00000   35.00000  55.1%  51.3  256s
 18702 10413     cutoff   94        78.00000   35.00000  55.1%  51.1  260s
 19538 11023 infeasible   97        78.00000   35.00000  55.1%  51.3  268s
 19685 11046 infeasible   98        78.00000   35.00000  55.1%  51.2  271s
 19725 11358   35.00000   17  157   78.00000   35.00000  55.1%  51.3  276s
 20180 11397   35.00000   18  168   78.00000   35.00000  55.1%  51.3  280s
 20237 11707   35.02919   19  170   78.00000   35.00000  55.1%  51.3  286s
 20710 11751   35.02974   19  187   78.00000   35.00000  55.1%  51.3  293s
 20760 12188   35.02974   20  183   78.00000   35.00000  55.1%  51.3  298s
 21325 12277   35.02919   20  171   78.00000   35.00000  55.1%  51.3  305s
 21480 12940   35.00000   18  146   78.00000   35.00000  55.1%  51.3  312s
 22424 13012   35.02919   20  167   78.00000   35.00000  55.1%  51.5  317s
 22519 13558   35.11454   21  165   78.00000   35.00000  55.1%  51.5  322s
 23280 13674   72.00000   44   63   78.00000   35.00000  55.1%  51.7  328s
 23442 14739   35.00000   27  177   78.00000   35.00000  55.1%  51.7  333s
 24916 14938   35.39712   32  148   78.00000   35.00000  55.1%  51.7  339s
 25183 14964   53.00000   60   89   78.00000   35.00000  55.1%  51.7  345s
 25221 15601   53.00000   61   86   78.00000   35.00000  55.1%  51.7  352s
 26190 15729   53.00000   62   86   78.00000   35.00000  55.1%  51.3  360s
 26361 15765   53.00000   63   86   78.00000   35.00000  55.1%  51.4  367s
 26413 16117   53.00000   63   83   78.00000   35.00000  55.1%  51.4  373s
 26906 16145   53.00000   66   88   78.00000   35.00000  55.1%  51.4  380s
 26941 16176   64.00000   67   77   78.00000   35.00000  55.1%  51.4  388s
 26974 16495   53.00000   67   81   78.00000   35.00000  55.1%  51.4  395s
 27379 16527   61.00000   72   69   78.00000   35.00000  55.1%  51.3  403s
 27414 16594   61.00000   73   68   78.00000   35.00000  55.1%  51.3  413s
 27485 16624   61.00000   74   68   78.00000   35.00000  55.1%  51.3  422s
 27519 17150   64.00000   74   71   78.00000   35.00000  55.1%  51.3  431s
 28251 17177     cutoff   75        78.00000   35.00000  55.1%  51.2  439s
 28290 17208   61.00000   76   64   78.00000   35.00000  55.1%  51.2  447s
 28325 17431   61.00000   77   60   78.00000   35.00000  55.1%  51.2  457s
 28693 17457   61.00000   79   59   78.00000   35.00000  55.1%  51.2  465s
 28735 17483   74.00000   78   35   78.00000   35.00000  55.1%  51.2  474s
 28773 17920   63.00000   80   67   78.00000   35.00000  55.1%  51.1  485s
 29399 17945 infeasible   81        78.00000   35.00000  55.1%  51.1  499s
 29450 21628 infeasible   80        78.00000   35.00000  55.1%  51.1  559s
 34762 21653   76.00000   90   36   78.00000   35.00000  55.1%  50.6  574s
 34801 21836   76.00000   91   36   78.00000   35.00000  55.1%  50.6  592s
 35049 22089   76.00000   92   36   78.00000   35.00000  55.1%  50.6  608s
 35423 25114   76.00000   93   37   78.00000   35.00000  55.1%  50.6  625s
 39965 27893   75.00000   70   55   78.00000   35.00000  55.1%  50.7  638s
 44165 27920   67.00000   51   63   78.00000   35.00000  55.1%  50.5  648s
 44202 28285   67.00000   52   62   78.00000   35.00000  55.1%  50.5  660s
 44683 28540   67.00000   53   63   78.00000   35.00000  55.1%  50.5  671s
 45090 31929   67.00000   54   61   78.00000   35.00000  55.1%  50.4  682s
 49703 32015   76.00000   92   41   78.00000   35.00000  55.1%  50.6  692s
 49831 35198   76.00000   93   40   78.00000   35.00000  55.1%  50.6  702s
 54673 38496   38.43275   28  118   78.00000   35.00000  55.1%  50.4  711s
 59115 39451   53.00000   29   92   78.00000   35.00000  55.1%  50.7  734s
 60335 47185   53.00000   30   85   78.00000   35.00000  55.1%  50.8  767s
 71224 47817   77.00000   51   72   78.00000   35.00000  55.1%  50.5  777s
 72130 47841   35.62097   37  153   78.00000   35.00000  55.1%  50.5  787s
 72170 48246   36.06914   38  139   78.00000   35.00000  55.1%  50.5  799s
 72772 48503   36.06914   39  139   78.00000   35.00000  55.1%  50.5  814s
 73193 51370   36.06914   40  138   78.00000   35.00000  55.1%  50.5  827s
 77151 52921 infeasible   79        78.00000   35.00000  55.1%  50.4  839s
 79401 53791 infeasible   73        78.00000   35.00000  55.1%  50.4  852s
 80672 58374   54.00000   47   77   78.00000   35.00000  55.1%  50.3  868s
 87927 62131   69.00000   57   57   78.00000   35.00000  55.1%  50.0  881s
 93504 62154 infeasible   92        78.00000   35.00000  55.1%  49.9  908s
 93545 83591 infeasible   91        78.00000   35.00000  55.1%  49.9  983s
 125545 85313   77.00000   83   32   78.00000   35.00000  55.1%  49.4 1006s
 128185 87221   77.00000   68   30   78.00000   35.00000  55.1%  49.5 1033s
 131143 95521   75.00000   47   56   78.00000   35.00000  55.1%  49.6 1063s
 143362 95552   77.00000   55   66   78.00000   35.00000  55.1%  49.9 1075s
 143395 95580     cutoff   56        78.00000   35.00000  55.1%  49.9 1089s
 143430 95604   77.00000   57   58   78.00000   35.00000  55.1%  49.9 1102s
 143473 95630   77.00000   58   56   78.00000   35.00000  55.1%  49.9 1114s
 143511 95962   77.00000   59   54   78.00000   35.00000  55.1%  49.9 1126s
 143969 96080   53.00000   41   96   78.00000   35.00000  55.1%  49.9 1143s
 144146 96381   53.00000   42   93   78.00000   35.00000  55.1%  49.9 1157s
 144540 100589   53.00000   43   91   78.00000   35.00000  55.1%  49.9 1172s
 150711 104300   53.00000   44   92   78.00000   35.00000  55.1%  49.9 1185s
 156835 104304   35.58994   50  149   78.00000   35.00000  55.1%  49.7 1208s
 156913 126346   35.58994   51  143   78.00000   35.00000  55.1%  49.7 1381s
 188913 126694   74.00000   76   41   78.00000   35.00000  55.1%  50.1 1405s
 189509 145593   74.00000   77   41   78.00000   35.00000  55.1%  50.1 1505s
 218645 145623   62.00000   67   71   78.00000   35.00000  55.1%  50.0 1527s
 218678 167347   52.00000   68   85   78.00000   35.00000  55.1%  50.0 1655s
 250678 175282   63.00000   81   63   78.00000   35.00000  55.1%  50.3 1676s
 262656 175313     cutoff   77        78.00000   35.00000  55.1%  50.3 1682s
 262689 175343 infeasible   78        78.00000   35.00000  55.1%  50.3 1689s
 262723 175373   35.00528   42  170   78.00000   35.00000  55.1%  50.3 1694s
 262757 175402   36.20987   43  145   78.00000   35.00000  55.1%  50.3 1701s
 262792 175524   56.00000   44  101   78.00000   35.00000  55.1%  50.3 1707s
 262958 175551 infeasible   59        78.00000   35.00000  55.1%  50.3 1714s
 262995 175642 infeasible   60        78.00000   35.00000  55.1%  50.3 1722s
 263122 175905 infeasible   59        78.00000   35.00000  55.1%  50.3 1732s
 263512 175928 infeasible   60        78.00000   35.00000  55.1%  50.3 1741s
 263569 175955   35.51372   25  171   78.00000   35.00000  55.1%  50.3 1751s
 263606 176726   35.61017   26  167   78.00000   35.00000  55.1%  50.3 1762s
 264774 178202   35.61017   27  165   78.00000   35.00000  55.1%  50.3 1772s
 267075 179552   35.61017   28  171   78.00000   35.00000  55.1%  50.2 1782s
 269465 181784   65.00000   47   73   78.00000   35.00000  55.1%  50.2 1792s
 273204 182403   75.00000   50   63   78.00000   35.00000  55.1%  50.2 1803s
 274067 185130   75.00000   51   65   78.00000   35.00000  55.1%  50.2 1816s
 277713 187983   59.00000   52   83   78.00000   35.00000  55.1%  50.2 1826s
 282030 194259   35.15212   48  187   78.00000   35.00000  55.1%  50.1 1847s
 291144 194284   40.00000   36  115   78.00000   35.00000  55.1%  50.1 1854s
 291183 194596   40.00000   37  114   78.00000   35.00000  55.1%  50.1 1861s
 291622 194626   40.00000   38  114   78.00000   35.00000  55.1%  50.1 1870s
 291656 194816   40.00000   39  114   78.00000   35.00000  55.1%  50.1 1882s
 291900 194819 infeasible   56        78.00000   35.00000  55.1%  50.1 1891s
 291961 195465   35.01872   39  198   78.00000   35.00000  55.1%  50.1 1903s
 292977 196017   35.01872   40  206   78.00000   35.00000  55.1%  50.1 1914s
 293858 198686   35.01872   41  206   78.00000   35.00000  55.1%  50.1 1925s
 297509 200857   54.00000   52  106   78.00000   35.00000  55.1%  50.2 1936s
 300874 204374   54.00000   53  104   78.00000   35.00000  55.1%  50.2 1947s
 306221 206525   77.00000   57   52   78.00000   35.00000  55.1%  50.2 1956s
 309477 206535   50.00000   43  104   78.00000   35.00000  55.1%  50.2 1966s
 309531 206570   50.00000   44  104   78.00000   35.00000  55.1%  50.2 1976s
 309578 207188   50.00000   45  105   78.00000   35.00000  55.1%  50.2 1987s
 310447 208904   75.00000   45   88   78.00000   35.00000  55.1%  50.2 1998s
 312764 211245   54.00000   39   90   78.00000   35.00000  55.1%  50.2 2018s
 316236 216693   75.00000   74   27   78.00000   35.00000  55.1%  50.3 2036s
 324365 217702   77.00000   67   65   78.00000   35.00000  55.1%  50.4 2046s
 325763 221072   70.00000   69   64   78.00000   35.00000  55.1%  50.4 2056s
 330952 221103   77.00000   70   54   78.00000   35.00000  55.1%  50.5 2066s
 330985 221509   77.00000   71   54   78.00000   35.00000  55.1%  50.5 2077s
 331485 221607   77.00000   72   30   78.00000   35.00000  55.1%  50.4 2089s
 331619 222349   77.00000   73   30   78.00000   35.00000  55.1%  50.4 2099s
 332758 222633   35.53260   34  166   78.00000   35.00000  55.1%  50.4 2112s
 333208 225994   35.53260   35  163   78.00000   35.00000  55.1%  50.4 2126s
 338374 226713   35.64507   36  151   78.00000   35.00000  55.1%  50.4 2137s
 339532 229923   72.00000   50   78   78.00000   35.00000  55.1%  50.4 2149s
 344370 229951   77.00000   78   51   78.00000   35.00000  55.1%  50.4 2169s
 344406 250648 infeasible   79        78.00000   35.00000  55.1%  50.4 2266s
H346406 222303                      77.0000000   35.00000  54.5%  50.5 2266s
 376406 220674   62.00000   40   86   77.00000   35.00000  54.5%  50.6 2284s
H376916 220666                      77.0000000   35.00000  54.5%  50.6 2284s
 377749 220666     cutoff   69        77.00000   35.00000  54.5%  50.6 2285s
 377877 220882   71.00000   58   77   77.00000   35.00000  54.5%  50.6 2324s
 378200 240417   76.00000   90   41   77.00000   35.00000  54.5%  50.6 2370s
 409411 245660 infeasible   77        77.00000   35.00000  54.5%  50.6 2389s
 417680 245685   47.00000   45   98   77.00000   35.00000  54.5%  50.7 2396s
 417718 245713   47.00000   46   96   77.00000   35.00000  54.5%  50.7 2404s
 417754 245742   47.00000   47   94   77.00000   35.00000  54.5%  50.7 2414s
 417789 245855   60.00000   48   83   77.00000   35.00000  54.5%  50.7 2421s
 417938 245878   60.00000   49   82   77.00000   35.00000  54.5%  50.7 2430s
 417979 245901   60.00000   50   80   77.00000   35.00000  54.5%  50.7 2439s
 418020 246006   60.00000   51   78   77.00000   35.00000  54.5%  50.7 2448s
 418163 246035   67.00000   56   67   77.00000   35.00000  54.5%  50.7 2458s
 418198 246136   67.00000   57   66   77.00000   35.00000  54.5%  50.7 2468s
 418344 246158   67.00000   58   69   77.00000   35.00000  54.5%  50.7 2480s
 418386 246184   67.00000   59   71   77.00000   35.00000  54.5%  50.7 2491s
 418424 246247 infeasible   60        77.00000   35.00000  54.5%  50.7 2505s
 418543 246543   67.00000   61   72   77.00000   35.00000  54.5%  50.7 2516s
 419099 246559   74.00000   79   59   77.00000   35.00000  54.5%  50.7 2527s
 419147 246666   74.00000   80   59   77.00000   35.00000  54.5%  50.7 2537s
 419293 247877     cutoff   81        77.00000   35.00000  54.5%  50.7 2549s
 421262 250427   76.00000   75   36   77.00000   35.00000  54.5%  50.7 2563s
 425261 250453   73.00000   62   47   77.00000   35.00000  54.5%  50.8 2575s
 425298 250475 infeasible   62        77.00000   35.00000  54.5%  50.8 2589s
 425340 250502   64.00000   62   56   77.00000   35.00000  54.5%  50.8 2602s
 425377 250531   64.00000   63   56   77.00000   35.00000  54.5%  50.8 2617s
 425424 251067   64.00000   64   55   77.00000   35.00000  54.5%  50.8 2630s
 426288 254439     cutoff   65        77.00000   35.00000  54.5%  50.8 2645s
 431722 254464   75.00000   45   79   77.00000   35.00000  54.5%  50.9 2657s
 431761 254624   76.00000   46   69   77.00000   35.00000  54.5%  50.9 2671s
 432021 254686   76.00000   47   67   77.00000   35.00000  54.5%  50.9 2687s
 432115 256209     cutoff   48        77.00000   35.00000  54.5%  50.9 2700s
 434439 256761   76.00000   49   48   77.00000   35.00000  54.5%  50.9 2715s
 435258 258073 infeasible   52        77.00000   35.00000  54.5%  50.9 2731s
 437153 260902   64.00000   54   72   77.00000   35.00000  54.5%  51.0 2749s
 441436 263986   73.00000   90   40   77.00000   35.00000  54.5%  51.0 2769s
 446214 265762   72.00000   56   78   77.00000   35.00000  54.5%  51.0 2782s
 448787 265787   68.00000   63   72   77.00000   35.00000  54.5%  51.1 2796s
 448826 266056   76.00000   64   63   77.00000   35.00000  54.5%  51.1 2811s
 449255 266563   66.00000   62   72   77.00000   35.00000  54.5%  51.1 2828s
 450040 266749 infeasible   63        77.00000   35.00000  54.5%  51.1 2848s
 450294 269097   66.00000   64   72   77.00000   35.00000  54.5%  51.1 2867s
 453970 269152 infeasible   63        77.00000   35.00000  54.5%  51.1 2886s
 454079 270475   35.09887   24  205   77.00000   35.00000  54.5%  51.1 2905s
 456164 270502   35.57228   38  165   77.00000   35.00000  54.5%  51.1 2926s
 456201 271274   35.64494   39  160   77.00000   35.00000  54.5%  51.1 2947s
 457388 272493 infeasible   64        77.00000   35.00000  54.5%  51.1 2973s
 459386 276193     cutoff   65        77.00000   35.00000  54.5%  51.2 3002s
 465171 276228 infeasible   75        77.00000   35.00000  54.5%  51.2 3023s
 465231 280498   76.00000   76   47   77.00000   35.00000  54.5%  51.2 3046s
 471837 284211   69.00000   52   73   77.00000   35.00000  54.5%  51.3 3067s
 477531 284240 infeasible   75        77.00000   35.00000  54.5%  51.3 3079s
 477566 284826   48.00000   31  106   77.00000   35.00000  54.5%  51.3 3091s
 478331 284937   75.00000   75   50   77.00000   35.00000  54.5%  51.3 3107s
 478514 284965 infeasible   76        77.00000   35.00000  54.5%  51.3 3124s
 478550 285192 infeasible   77        77.00000   35.00000  54.5%  51.3 3141s
 478865 285982   75.00000   77   47   77.00000   35.00000  54.5%  51.3 3158s
 480014 289769   66.00000   57   55   77.00000   35.00000  54.5%  51.3 3178s
 486088 290486 infeasible   75        77.00000   35.00000  54.5%  51.4 3194s
 487394 290512   75.00000   58   65   77.00000   35.00000  54.5%  51.4 3210s
 487432 290545   75.00000   59   61   77.00000   35.00000  54.5%  51.4 3228s
 487486 290597   75.00000   60   60   77.00000   35.00000  54.5%  51.4 3245s
 487573 290944   75.00000   62   59   77.00000   35.00000  54.5%  51.4 3262s
 488152 295074   75.00000   80   50   77.00000   35.00000  54.5%  51.4 3282s
 494507 297597   47.00000   50  108   77.00000   35.00000  54.5%  51.4 3297s
 498501 298867   59.00000   62   89   77.00000   35.00000  54.5%  51.5 3312s
 500543 298889   45.00000   37  130   77.00000   35.00000  54.5%  51.5 3327s
 500585 298914   45.00000   38  129   77.00000   35.00000  54.5%  51.5 3343s
 500624 299522   47.00000   39  114   77.00000   35.00000  54.5%  51.5 3360s
 501546 299633   47.00000   40  113   77.00000   35.00000  54.5%  51.5 3381s
 501783 319773   65.00000   41  112   77.00000   35.00000  54.5%  51.5 3500s
 533783 319804   73.00000   55   65   77.00000   35.00000  54.5%  51.6 3522s
 533816 325192   73.00000   56   67   77.00000   35.00000  54.5%  51.6 3600s

Cutting planes:
  Gomory: 98
  Cover: 53
  MIR: 810
  Flow cover: 2341
  RLT: 362
  Relax-and-lift: 3

Explored 542013 nodes (28000025 simplex iterations) in 3600.67 seconds (1316.26 work units)
Thread count was 32 (of 32 available processors)

Solution count 10: 77 77 78 ... 82

Time limit reached
Best objective 7.699999999220e+01, best bound 3.500000000000e+01, gap 54.5455%
