
Gurobi 13.0.0 (linux64) logging started Mon Nov 24 18:57:21 2025

Set parameter LogFile to value "./Results/StripPacking-CutHeur/Logs/SBM-010-StripPacking-20-0.log"
Set parameter TimeLimit to value 3600
Set parameter Cuts to value 0
Set parameter Presolve to value 1
Set parameter Heuristics to value 0
Set parameter LogToConsole to value 0
Set parameter LPWarmStart to value 2
Gurobi Optimizer version 13.0.0 build v13.0.0rc1 (linux64 - "Debian GNU/Linux 12 (bookworm)")

CPU model: Intel(R) Xeon(R) CPU E5-2630 v3 @ 2.40GHz, instruction set [SSE2|AVX|AVX2]
Thread count: 16 physical cores, 32 logical processors, using up to 32 threads

Non-default parameters:
TimeLimit  3600
LPWarmStart  2
Heuristics  0
Cuts  0
LogToConsole  0
Presolve  1

Optimize a model with 5425 rows, 951 columns and 16250 nonzeros (Min)
Model fingerprint: 0x7f1ed9cf
Model has 1 linear objective coefficients
Variable types: 351 continuous, 600 integer (600 binary)
Coefficient statistics:
  Matrix range     [1e+00, 1e+04]
  Objective range  [1e+00, 1e+00]
  Bounds range     [1e+00, 1e+04]
  RHS range        [1e+00, 1e+04]

Warning: Completing partial solution with 600 unfixed non-continuous variables out of 600
User MIP start produced solution with objective 104.8 (0.01s)
User MIP start produced solution with objective 104.8 (0.01s)
Loaded user MIP start with objective 104.8

Presolve removed 1500 rows and 0 columns
Presolve time: 0.03s
Presolved: 3925 rows, 951 columns, 12350 nonzeros
Variable types: 351 continuous, 600 integer (600 binary)

Root relaxation: objective 3.600000e+01, 422 iterations, 0.02 seconds (0.02 work units)

    Nodes    |    Current Node    |     Objective Bounds      |     Work
 Expl Unexpl |  Obj  Depth IntInf | Incumbent    BestBd   Gap | It/Node Time

     0     0   36.00000    0   99  104.80000   36.00000  65.6%     -    0s
     0     0   36.00000    0   99  104.80000   36.00000  65.6%     -    0s
     0     0   36.00000    0   99  104.80000   36.00000  65.6%     -    0s
     0     2   36.00000    0   94  104.80000   36.00000  65.6%     -    0s
* 7440  5546             115     104.0000000   36.00000  65.4%  25.2    4s
* 7443  5287             115     103.0000000   36.00000  65.0%  25.2    4s
  7748  5461   68.00000   67   66  103.00000   36.00000  65.0%  25.4    5s
* 9895  6135             116     101.0000000   36.00000  64.4%  26.6    6s
*10931  6068             127      99.0000000   36.00000  63.6%  26.7    7s
*11352  5470             137      95.0000000   36.00000  62.1%  27.0    7s
*11691  4723             134      92.0000000   36.00000  60.9%  27.1    7s
*13269  4959             113      91.0000000   36.00000  60.4%  28.0    8s
*14886  5744             133      90.0000000   36.00000  60.0%  28.9    9s
 16036  6904   86.00000   85   64   90.00000   36.00000  60.0%  29.4   10s
*20769  9744             117      89.0000000   36.00000  59.6%  30.6   12s
 24780 12969   87.00000   63   42   89.00000   36.00000  59.6%  31.2   15s
 34214 19600   36.00000   33  152   89.00000   36.00000  59.6%  31.0   20s
*37083 19166             136      88.0000000   36.00000  59.1%  31.1   21s
*41669 20485             117      87.0000000   36.00000  58.6%  31.3   23s
 43180 22561   81.00000   87   70   87.00000   36.00000  58.6%  31.4   25s
*44762 22450             139      86.0000000   36.00000  58.1%  31.6   26s
 53722 28311   83.00000   83   68   86.00000   36.00000  58.1%  31.7   30s
 62272 34513   68.00000   33   81   86.00000   36.00000  58.1%  31.9   35s
 72270 41815   85.00000   70   50   86.00000   36.00000  58.1%  32.1   40s
 81023 48076   80.00000   91   99   86.00000   36.00000  58.1%  32.1   45s
 90548 54787 infeasible  116        86.00000   36.00000  58.1%  32.2   50s
 103755 63768   85.00000   59   65   86.00000   36.00000  58.1%  32.3   56s
 113006 70661 infeasible  100        86.00000   36.00000  58.1%  32.5   61s
 123204 77452   73.00000   57   80   86.00000   36.00000  58.1%  32.5   66s
*129223 68632             134      85.0000000   36.00000  57.6%  32.4   67s
 133192 72713   75.00000   54   84   85.00000   36.00000  57.6%  32.4   71s
 143160 79576 infeasible   85        85.00000   36.00000  57.6%  32.3   75s
 152737 86252   72.00000   71   93   85.00000   36.00000  57.6%  32.3   80s
 162884 93686   78.00000   39   86   85.00000   36.00000  57.6%  32.3   85s
 172695 100532   80.00000   82   88   85.00000   36.00000  57.6%  32.3   90s
 182398 107445   77.00000   55   68   85.00000   36.00000  57.6%  32.4   95s
 192000 114170   77.00000   50   73   85.00000   36.00000  57.6%  32.5  100s
 202120 120719 infeasible   93        85.00000   36.00000  57.6%  32.4  105s
 212194 127315   81.00000   68   58   85.00000   36.00000  57.6%  32.4  110s
*220175 113438             133      84.0000000   36.00000  57.1%  32.4  113s
 225007 117432   82.00000   69   67   84.00000   36.00000  57.1%  32.4  116s
 234672 124184   83.00000   84   37   84.00000   36.00000  57.1%  32.4  120s
 244539 131255   83.00000   83   52   84.00000   36.00000  57.1%  32.4  125s
 257524 139637   82.00000   60   48   84.00000   36.00000  57.1%  32.3  131s
 267220 146294   82.00000   91   51   84.00000   36.00000  57.1%  32.3  136s
 277157 152850 infeasible  109        84.00000   36.00000  57.1%  32.3  140s
 286961 159437 infeasible  155        84.00000   36.00000  57.1%  32.2  145s
 296936 166480   79.00000   60   56   84.00000   36.00000  57.1%  32.1  150s
 306623 172860   82.00000   78   85   84.00000   36.00000  57.1%  32.1  155s
*309143 146161             122      83.0000000   36.00000  56.6%  32.1  155s
 319754 154251   82.00000   90   78   83.00000   36.00000  56.6%  32.1  161s
 329124 160925   82.00000   81   66   83.00000   36.00000  56.6%  32.2  166s
 339552 167987   81.00000   67   47   83.00000   36.00000  56.6%  32.2  171s
 349303 174981   60.00000   62   70   83.00000   36.00000  56.6%  32.2  175s
 358928 181506   81.00000  102   34   83.00000   36.00000  56.6%  32.2  180s
 369234 187803   58.00000   34  102   83.00000   36.00000  56.6%  32.2  185s
 378643 194292   64.00000   44   79   83.00000   36.00000  56.6%  32.2  190s
 388599 200694 infeasible   78        83.00000   36.00000  56.6%  32.2  195s
 398478 206833 infeasible   94        83.00000   36.00000  56.6%  32.2  200s
 408721 213622   75.00000   88   61   83.00000   36.00000  56.6%  32.1  205s
 422248 222516   80.00000  106   45   83.00000   36.00000  56.6%  32.1  211s
 431653 228748 infeasible  110        83.00000   36.00000  56.6%  32.1  215s
 441552 235057   61.00000   62  107   83.00000   36.00000  56.6%  32.1  220s
 451043 241704   78.00000   64   75   83.00000   36.00000  56.6%  32.1  225s
 461187 247828 infeasible   96        83.00000   36.00000  56.6%  32.0  230s
 470740 253793   80.00000   73   89   83.00000   36.01677  56.6%  32.0  235s
 479994 260481 infeasible   70        83.00000   36.03254  56.6%  32.1  240s
 493392 269279   80.00000   50   58   83.00000   36.18036  56.4%  32.1  246s
 503151 275763   81.00000   93   46   83.00000   36.24293  56.3%  32.1  251s
 512877 282870   77.00000   72   65   83.00000   36.32448  56.2%  32.2  256s
 519744 287502   61.00000   36   96   83.00000   36.35600  56.2%  32.2  260s
 529404 293920   70.00000   51  115   83.00000   36.38323  56.2%  32.2  265s
 542698 302055 infeasible  111        83.00000   36.61157  55.9%  32.2  271s
 551741 308419   76.00000   75   69   83.00000   36.61171  55.9%  32.2  276s
 561555 314883   70.00000   49   85   83.00000   36.75266  55.7%  32.3  281s
 571258 321486   77.00000   47  107   83.00000   36.82593  55.6%  32.3  285s
 581126 327850   82.00000   86   51   83.00000   36.82593  55.6%  32.3  290s
 590765 334182   79.00000   96   51   83.00000   37.00000  55.4%  32.3  295s
 600434 340239   82.00000   61   53   83.00000   37.00000  55.4%  32.3  300s
 612854 348679   80.00000   73   80   83.00000   37.00000  55.4%  32.3  306s
 622728 354995   76.00000   64   72   83.00000   37.00000  55.4%  32.3  311s
 632642 361598   76.00000   63   67   83.00000   37.00000  55.4%  32.3  316s
 642465 368079   80.00000   84   59   83.00000   37.00000  55.4%  32.4  321s
 652710 374457   80.00000   97   67   83.00000   37.00000  55.4%  32.3  325s
 662280 380263   82.00000   95   57   83.00000   37.00000  55.4%  32.4  330s
 672312 386715   65.00000   75  116   83.00000   37.00000  55.4%  32.3  335s
 682149 392949   57.00000   42   80   83.00000   37.00000  55.4%  32.3  340s
 692057 399091   72.00000   78   84   83.00000   37.00000  55.4%  32.3  345s
 701851 405394   54.00000   40  111   83.00000   37.00000  55.4%  32.3  350s
 711702 411451   65.00000   67  101   83.00000   37.00000  55.4%  32.3  355s
 724706 419431   80.00000  116   35   83.00000   37.00000  55.4%  32.3  361s
 734292 425559 infeasible   99        83.00000   37.00000  55.4%  32.3  366s
 744667 431496   46.00000   65  139   83.00000   37.00000  55.4%  32.3  371s
 754098 437840   82.00000   79   86   83.00000   37.05685  55.4%  32.3  375s
 764211 444451   78.00000   55   77   83.00000   37.10037  55.3%  32.2  380s
 773810 450789   81.00000   66   41   83.00000   37.19903  55.2%  32.2  385s
 783512 457398   82.00000   82   49   83.00000   37.41463  54.9%  32.2  390s
 796640 466154   68.00000   80   73   83.00000   37.77806  54.5%  32.2  396s
 806601 472105   81.00000   57   58   83.00000   37.97832  54.2%  32.2  401s
 816718 478835 infeasible   90        83.00000   38.42149  53.7%  32.2  405s
 826449 484884   80.00000  107   51   83.00000   39.00000  53.0%  32.1  410s
 836357 490969   82.00000  110   33   83.00000   39.00000  53.0%  32.1  415s
 846406 497070 infeasible   64        83.00000   39.00000  53.0%  32.1  420s
 859931 505517   42.00000   33  116   83.00000   40.00000  51.8%  32.1  426s
 869941 511966   82.00000   72   55   83.00000   40.00000  51.8%  32.1  431s
 879954 518444 infeasible   89        83.00000   40.00000  51.8%  32.1  435s
 889355 524919   74.00000   67   98   83.00000   40.00000  51.8%  32.1  440s
 899346 530732   68.00000   51   84   83.00000   40.00000  51.8%  32.1  445s
 912279 539417   70.00000  107   78   83.00000   40.00000  51.8%  32.1  451s
 922533 545604   74.00000   71   90   83.00000   40.00000  51.8%  32.0  456s
 932210 551814   77.00000   51   80   83.00000   40.00000  51.8%  32.0  460s
 941978 558330   64.00000   27   69   83.00000   40.00000  51.8%  32.0  465s
 951896 564801   71.00000   61  106   83.00000   40.00000  51.8%  32.0  470s
 964860 573336   77.00000   66   63   83.00000   40.00000  51.8%  32.0  476s
 975090 580049   61.00000   40  118   83.00000   40.00000  51.8%  32.0  481s
 984697 586316   82.00000   75   47   83.00000   41.00000  50.6%  32.0  485s
 994560 592967   59.00000   27   84   83.00000   41.00000  50.6%  32.0  490s
 1004741 599532   73.00000   98   60   83.00000   41.00000  50.6%  32.0  495s
 1014415 606144   78.00000   95   60   83.00000   41.00000  50.6%  32.0  500s
 1023850 612567   59.00000   48   99   83.00000   41.00000  50.6%  32.0  505s
 1033551 619015   60.00000   40   88   83.00000   41.00000  50.6%  32.0  510s
 1046493 627454   78.00000   43   95   83.00000   41.00000  50.6%  32.0  516s
 1056442 634071   82.00000   73   39   83.00000   41.00000  50.6%  32.0  521s
 1066127 640300   78.00000   78   45   83.00000   41.00000  50.6%  32.0  525s
 1075797 646911   46.00000   40  121   83.00000   41.00000  50.6%  32.0  531s
 1085689 653110   42.00000   34  133   83.00000   41.00000  50.6%  32.0  536s
 1095835 659831   53.00000   38  101   83.00000   41.00000  50.6%  32.0  541s
 1105372 666745   61.00000   57  104   83.00000   41.00000  50.6%  32.0  546s
 1115422 672968   81.00000   98   46   83.00000   41.00000  50.6%  32.0  551s
 1125442 679654   80.00000   82   63   83.00000   41.00000  50.6%  32.0  556s
 1135185 685734 infeasible   99        83.00000   41.00000  50.6%  32.0  560s
 1144279 692084   81.00000   70   48   83.00000   41.00000  50.6%  32.0  565s
 1154337 698523   79.00000   96   59   83.00000   41.00000  50.6%  32.0  570s
 1164040 705190   72.00000   73   81   83.00000   41.00000  50.6%  32.0  575s
 1174420 711357   78.00000   66   62   83.00000   41.00000  50.6%  32.0  580s
 1184026 717904   73.00000   89   57   83.00000   41.00000  50.6%  32.0  585s
 1193860 724192   72.00000   56   84   83.00000   41.00000  50.6%  32.0  590s
 1207005 732808   67.00000   60   79   83.00000   41.00000  50.6%  32.0  596s
 1217135 738688   59.00000   41   83   83.00000   41.00000  50.6%  32.0  600s
 1226297 745329   80.00000   61   52   83.00000   41.00000  50.6%  32.0  605s
 1236266 751143   81.00000   91   46   83.00000   42.00000  49.4%  32.0  610s
 1246178 757921   81.00000   58   61   83.00000   42.00000  49.4%  32.0  615s
 1255954 764137   82.00000   89   57   83.00000   42.00000  49.4%  32.0  620s
 1269189 773029   81.00000   37   63   83.00000   42.00000  49.4%  32.0  626s
 1279244 779551   82.00000  105   43   83.00000   42.00000  49.4%  32.0  630s
 1288966 786012   59.00000   37   75   83.00000   42.00000  49.4%  32.0  635s
 1298666 792452   77.00000   86   65   83.00000   42.00000  49.4%  31.9  640s
 1311769 801233   78.00000   76   80   83.00000   42.00000  49.4%  31.9  646s
 1321554 807821   68.00000   66   68   83.00000   42.00000  49.4%  31.9  651s
 1331579 814127 infeasible  111        83.00000   42.00000  49.4%  31.9  655s
 1341664 820409   81.00000   81   58   83.00000   42.00000  49.4%  31.9  660s
 1351418 826654   73.00000   45   80   83.00000   42.00000  49.4%  31.9  665s
 1364825 835333   78.00000   64   54   83.00000   42.00000  49.4%  31.9  671s
 1374467 841259   48.00000   41  115   83.00000   42.00000  49.4%  31.9  675s
 1383638 847752   61.00000   44   88   83.00000   42.00000  49.4%  31.9  680s
 1393622 854350   71.00000   45   80   83.00000   42.00000  49.4%  31.9  685s
 1406633 862348   80.00000   51   65   83.00000   42.00000  49.4%  31.9  691s
 1416290 868725   82.00000   88   58   83.00000   42.00000  49.4%  31.9  695s
 1425903 875515   64.00000   61   78   83.00000   42.00000  49.4%  31.9  700s
 1438984 884200   58.00000   47   74   83.00000   42.00000  49.4%  31.8  706s
 1448560 890312   82.00000   70   57   83.00000   42.00000  49.4%  31.8  710s
 1458560 896629   81.00000   43   54   83.00000   42.00000  49.4%  31.8  715s
 1468714 902697   81.00000  119   45   83.00000   42.00000  49.4%  31.8  720s
 1481390 910606 infeasible  117        83.00000   42.00000  49.4%  31.8  726s
 1491246 916963   73.00000   43   48   83.00000   42.00000  49.4%  31.8  731s
 1501173 923363   69.00000   59   78   83.00000   42.00000  49.4%  31.8  735s
 1511433 930026   73.00000   66   76   83.00000   42.00000  49.4%  31.8  740s
 1521275 936384   75.00000   27   73   83.00000   42.00000  49.4%  31.7  745s
 1534607 944877   82.00000   95   67   83.00000   42.00000  49.4%  31.7  751s
 1543967 951281   81.00000   71   69   83.00000   42.00000  49.4%  31.7  756s
 1554524 957253 infeasible  116        83.00000   42.00000  49.4%  31.7  761s
 1564410 963945   78.00000   71   65   83.00000   42.00000  49.4%  31.7  765s
 1577833 972415   81.00000  100   70   83.00000   42.00000  49.4%  31.7  771s
 1587063 978518   81.00000   53   62   83.00000   42.00000  49.4%  31.7  776s
 1597035 985033   76.00000   86   64   83.00000   42.00000  49.4%  31.7  780s
 1606743 991373   73.00000   39   65   83.00000   42.00000  49.4%  31.7  785s
 1619639 1000094   82.00000  103   35   83.00000   42.00000  49.4%  31.7  791s
 1629657 1006527   77.00000   49   56   83.00000   42.00000  49.4%  31.7  796s
 1639286 1013103   63.00000   49   87   83.00000   42.00000  49.4%  31.7  801s
 1649492 1019402 infeasible   69        83.00000   42.00000  49.4%  31.7  805s
 1659712 1026229   72.00000   41   60   83.00000   42.00000  49.4%  31.7  810s
 1669364 1032066   77.00000   61   65   83.00000   42.00000  49.4%  31.7  815s
 1682489 1040637   73.00000   97   52   83.00000   42.00000  49.4%  31.6  821s
 1691955 1046997   82.00000   98   13   83.00000   42.00000  49.4%  31.7  826s
 1701727 1053569     cutoff   73        83.00000   42.00000  49.4%  31.6  830s
 1711395 1059958     cutoff   89        83.00000   42.00000  49.4%  31.6  835s
 1721254 1066718   54.00000   50  116   83.00000   42.00000  49.4%  31.6  840s
 1731070 1072769   72.00000   85   91   83.00000   42.00000  49.4%  31.6  845s
 1744122 1081221   79.00000   76   60   83.00000   42.00000  49.4%  31.6  851s
 1754020 1087790   48.00000   41  119   83.00000   42.00000  49.4%  31.6  856s
 1763963 1094304   79.00000  111   29   83.00000   42.00000  49.4%  31.6  861s
 1773612 1100781 infeasible   79        83.00000   42.00000  49.4%  31.6  865s
 1783477 1107357   82.00000  115   33   83.00000   42.00000  49.4%  31.6  870s
 1792990 1113888   79.00000   54   69   83.00000   42.00000  49.4%  31.6  875s
 1802578 1119929   82.00000  105   67   83.00000   42.00000  49.4%  31.6  880s
 1812287 1126628   78.00000   71   78   83.00000   42.00000  49.4%  31.6  885s
 1822218 1132841   79.00000   69   51   83.00000   42.00000  49.4%  31.6  890s
 1832152 1139291     cutoff   90        83.00000   42.00000  49.4%  31.6  895s
 1845258 1147023   80.00000   60   67   83.00000   42.00000  49.4%  31.6  901s
 1855283 1153356   80.00000   78   54   83.00000   42.00000  49.4%  31.6  906s
 1865256 1159876 infeasible   94        83.00000   42.00000  49.4%  31.6  911s
 1875168 1166101 infeasible   67        83.00000   42.00000  49.4%  31.6  916s
 1885018 1172390   82.00000   93   45   83.00000   42.00000  49.4%  31.6  921s
 1894509 1178168   72.00000   71   95   83.00000   42.00000  49.4%  31.6  926s
 1904250 1184302   59.00000   25   99   83.00000   42.00000  49.4%  31.6  930s
 1914387 1190457   78.00000   38   64   83.00000   42.00000  49.4%  31.5  935s
 1924049 1196787   79.00000   56   84   83.00000   42.00000  49.4%  31.6  940s
 1934054 1202901   78.00000   50   51   83.00000   42.00000  49.4%  31.5  945s
 1943685 1208900   67.00000   69   83   83.00000   42.00000  49.4%  31.5  950s
 1953545 1215063   51.00000   56   82   83.00000   42.00000  49.4%  31.5  955s
 1966675 1223212   78.00000  104   49   83.00000   42.00000  49.4%  31.5  961s
 1976207 1229225   74.00000   99   69   83.00000   42.00000  49.4%  31.5  966s
 1985806 1235370   78.00000   83   68   83.00000   42.00000  49.4%  31.5  971s
 1995301 1241499 infeasible   78        83.00000   42.00000  49.4%  31.5  976s
 2005236 1247584   79.00000   78   53   83.00000   42.00000  49.4%  31.5  980s
 2015379 1253538   48.00000   32  125   83.00000   42.00000  49.4%  31.5  986s
 2025071 1259618   77.00000   87   53   83.00000   42.00000  49.4%  31.5  990s
 2034839 1265757   49.00000   70  127   83.00000   42.00000  49.4%  31.5  995s
 2044516 1271983   81.00000   68   38   83.00000   42.00000  49.4%  31.5 1000s
 2054346 1278166   76.00000   53   54   83.00000   42.00000  49.4%  31.5 1006s
 2064139 1283983   78.00000   71   85   83.00000   42.00000  49.4%  31.5 1010s
 2073851 1289741   79.00000  106   56   83.00000   42.00000  49.4%  31.5 1016s
 2083374 1295418   64.00000   75   87   83.00000   42.00000  49.4%  31.5 1020s
 2093195 1301521   60.00000   36   61   83.00000   42.00000  49.4%  31.5 1025s
 2102663 1307438   81.00000   61   46   83.00000   42.00000  49.4%  31.5 1030s
 2112521 1313569   76.00000   57   62   83.00000   42.00000  49.4%  31.6 1035s
 2122509 1319815   78.00000   88   61   83.00000   42.00000  49.4%  31.6 1040s
 2132476 1325509   81.00000  109   38   83.00000   42.00000  49.4%  31.6 1045s
 2142604 1331490   77.00000   87   89   83.00000   42.00000  49.4%  31.5 1050s
 2155301 1339827   82.00000   83   61   83.00000   42.00000  49.4%  31.6 1056s
 2164972 1345549   79.00000   94   48   83.00000   42.00000  49.4%  31.6 1061s
 2174975 1351655   77.00000   92   64   83.00000   42.00000  49.4%  31.6 1066s
 2184547 1357697   79.00000   97   69   83.00000   42.00000  49.4%  31.6 1071s
 2194566 1363743   64.00000   73   75   83.00000   42.00000  49.4%  31.6 1076s
 2204123 1369749   79.00000  111   43   83.00000   42.00000  49.4%  31.6 1081s
 2213789 1375698   79.00000   95   55   83.00000   42.00000  49.4%  31.6 1086s
 2223193 1381797   75.00000   73   63   83.00000   42.00000  49.4%  31.6 1091s
 2233293 1387882 infeasible   97        83.00000   42.00000  49.4%  31.6 1096s
 2243648 1394025   77.00000   66   76   83.00000   42.00000  49.4%  31.6 1101s
 2250013 1397956   80.00000   91   52   83.00000   42.00000  49.4%  31.6 1105s
 2260037 1403663 infeasible  113        83.00000   42.00000  49.4%  31.6 1110s
 2270080 1409437   54.00000   58  101   83.00000   42.00000  49.4%  31.6 1115s
 2279183 1415191   78.00000   92   65   83.00000   42.00000  49.4%  31.6 1120s
 2289190 1421341 infeasible  108        83.00000   42.00000  49.4%  31.6 1126s
*2296453 1188799             134      82.0000000   42.00000  48.8%  31.6 1130s
 2305980 1194204   79.00000   60   72   82.00000   42.00000  48.8%  31.6 1135s
 2315605 1200105   80.00000   84   64   82.00000   42.00000  48.8%  31.6 1140s
 2325492 1206253   79.00000  125   47   82.00000   42.00000  48.8%  31.6 1146s
 2335467 1211597 infeasible  137        82.00000   42.00000  48.8%  31.6 1151s
 2345228 1217479   81.00000  104   60   82.00000   42.00000  48.8%  31.6 1156s
 2354502 1223581   75.00000   89   75   82.00000   42.00000  48.8%  31.6 1161s
 2364554 1232868   78.00000   77   59   82.00000   42.00000  48.8%  31.6 1166s
 2378749 1237625   80.00000   98   57   82.00000   42.00000  48.8%  31.6 1170s
 2387795 1243574   49.00000   77  120   82.00000   42.00000  48.8%  31.6 1176s
 2396155 1248811   64.00000   55   79   82.00000   42.00000  48.8%  31.6 1180s
 2405646 1254959   80.00000   96   50   82.00000   42.00000  48.8%  31.6 1185s
 2415556 1262304   77.00000   68   72   82.00000   42.00000  48.8%  31.6 1190s
 2429916 1269616   66.00000   73   94   82.00000   42.00000  48.8%  31.6 1196s
 2436455 1273774   81.00000   95   56   82.00000   42.00000  48.8%  31.6 1200s
 2452587 1282864 infeasible  106        82.00000   42.00000  48.8%  31.5 1205s
 2460401 1288022   78.00000   60   85   82.00000   42.00000  48.8%  31.5 1210s
 2470417 1293877   81.00000  122   53   82.00000   42.00000  48.8%  31.5 1215s
 2480685 1300144   68.00000   66   82   82.00000   42.00000  48.8%  31.5 1220s
 2490282 1306019   81.00000   67   80   82.00000   42.00000  48.8%  31.5 1225s
 2500049 1311723   80.00000   91   76   82.00000   42.00000  48.8%  31.6 1230s
 2510065 1317587   74.00000  105   80   82.00000   42.00000  48.8%  31.6 1235s
 2525338 1327347   79.00000   88   47   82.00000   42.00000  48.8%  31.5 1240s
 2535067 1332746   42.00000   59  116   82.00000   42.00000  48.8%  31.5 1245s
 2544359 1337953   80.00000   85   32   82.00000   42.00000  48.8%  31.5 1250s
 2554403 1343818 infeasible   81        82.00000   42.00000  48.8%  31.5 1256s
 2564010 1349650   77.00000   73   63   82.00000   42.00000  48.8%  31.6 1261s
 2574179 1355580   42.00000   56  123   82.00000   42.00000  48.8%  31.6 1266s
 2580678 1359505   81.00000   99   48   82.00000   42.00000  48.8%  31.6 1270s
 2590414 1365511   74.00000  103   75   82.00000   42.00000  48.8%  31.6 1275s
 2600370 1371455   79.00000   94   64   82.00000   42.00000  48.8%  31.6 1280s
 2610238 1377312   57.00000   59   94   82.00000   42.00000  48.8%  31.6 1285s
 2620019 1386431   79.00000   75   82   82.00000   42.00000  48.8%  31.6 1290s
 2634567 1391687   48.00000   60  143   82.00000   42.00000  48.8%  31.6 1295s
 2645134 1398520   79.00000  112   59   82.00000   42.00000  48.8%  31.6 1300s
 2654529 1404201 infeasible  101        82.00000   42.00000  48.8%  31.6 1306s
 2664398 1409943   64.00000   69   91   82.00000   42.00000  48.8%  31.6 1311s
 2674026 1415412   78.00000   71   70   82.00000   42.00000  48.8%  31.6 1316s
 2683130 1421140   76.00000   85   80   82.00000   42.00000  48.8%  31.6 1321s
 2693506 1427259   81.00000  106   72   82.00000   42.00000  48.8%  31.6 1326s
 2703659 1432901   55.00000   65  119   82.00000   42.00000  48.8%  31.6 1331s
 2709752 1436887 infeasible   96        82.00000   42.00000  48.8%  31.6 1335s
 2723143 1445025   79.00000  111   54   82.00000   42.00000  48.8%  31.6 1341s
 2733343 1451003   79.00000   64   75   82.00000   42.00000  48.8%  31.6 1346s
 2742993 1457055   80.00000  105   30   82.00000   42.00000  48.8%  31.6 1351s
 2752931 1463219   80.00000   67   94   82.00000   42.00000  48.8%  31.6 1356s
 2762674 1468912     cutoff   70        82.00000   42.00000  48.8%  31.6 1361s
 2772258 1475067   80.00000   77   82   82.00000   42.00000  48.8%  31.7 1366s
 2782592 1481149   59.00000   67   92   82.00000   42.00000  48.8%  31.7 1371s
 2792457 1487274   81.00000   97   46   82.00000   42.00000  48.8%  31.7 1376s
 2801810 1493259   64.00000   55   78   82.00000   42.00000  48.8%  31.7 1381s
 2811538 1499277   48.00000   54  136   82.00000   42.00000  48.8%  31.7 1386s
 2821649 1505288 infeasible   92        82.00000   42.00000  48.8%  31.7 1391s
 2831416 1511015   65.00000   65   73   82.00000   42.00000  48.8%  31.7 1396s
 2837725 1515197   57.00000   62  123   82.00000   42.00000  48.8%  31.7 1400s
 2847198 1520928   80.00000   59   57   82.00000   42.00000  48.8%  31.7 1405s
 2856921 1526800   71.00000   60   72   82.00000   42.00000  48.8%  31.7 1410s
 2869906 1534910   81.00000   88   42   82.00000   42.00000  48.8%  31.7 1416s
 2879993 1540641   80.00000   75   59   82.00000   42.00000  48.8%  31.7 1421s
 2889922 1547066   70.00000   79   80   82.00000   42.00000  48.8%  31.7 1426s
 2896477 1550909 infeasible  114        82.00000   42.00000  48.8%  31.7 1430s
 2906191 1557840   78.00000   94   51   82.00000   42.00000  48.8%  31.7 1435s
 2917195 1564096   81.00000   77   67   82.00000   42.00000  48.8%  31.7 1440s
 2930193 1571800   79.00000   61   66   82.00000   42.00000  48.8%  31.7 1446s
 2939926 1577879 infeasible   89        82.00000   42.00000  48.8%  31.7 1451s
 2949713 1583824   79.00000  110   40   82.00000   42.00000  48.8%  31.7 1456s
 2959524 1589757 infeasible  109        82.00000   42.00000  48.8%  31.7 1461s
 2969570 1595473   81.00000  120   40   82.00000   42.00000  48.8%  31.7 1465s
 2979154 1601343   80.00000   95   51   82.00000   42.00000  48.8%  31.7 1470s
 2989321 1606793   77.00000   54  102   82.00000   42.00000  48.8%  31.7 1475s
 2999138 1612063 infeasible  105        82.00000   42.00000  48.8%  31.7 1480s
 3009046 1617459   74.00000   43  102   82.00000   42.00000  48.8%  31.7 1485s
 3018075 1623172   79.00000   77   56   82.00000   42.00000  48.8%  31.7 1490s
 3028180 1629023   77.00000   82   66   82.00000   42.00000  48.8%  31.7 1495s
 3041413 1636787   48.00000   64   88   82.00000   42.00000  48.8%  31.7 1501s
 3051434 1642521   80.00000   72   69   82.00000   42.00000  48.8%  31.7 1506s
 3061377 1648548   66.00000   76   77   82.00000   42.00000  48.8%  31.7 1511s
 3071047 1654619   81.00000  109   27   82.00000   42.00000  48.8%  31.7 1515s
 3080451 1660819   75.00000  112   47   82.00000   42.00000  48.8%  31.7 1520s
 3090283 1666712   78.00000   48   78   82.00000   42.00000  48.8%  31.7 1525s
 3099867 1672597   79.00000   86   65   82.00000   42.00000  48.8%  31.7 1530s
 3109780 1678760   61.00000   44   84   82.00000   42.00000  48.8%  31.7 1535s
 3119131 1684661   79.00000   87   63   82.00000   42.00000  48.8%  31.7 1540s
 3129179 1690451 infeasible   95        82.00000   42.00000  48.8%  31.7 1545s
 3142296 1698163   73.00000   74   71   82.00000   42.00000  48.8%  31.7 1551s
 3152114 1703843 infeasible   99        82.00000   42.00000  48.8%  31.7 1556s
 3161950 1710224   53.00000   64   98   82.00000   42.00000  48.8%  31.7 1561s
 3171783 1716013   72.00000   72   71   82.00000   42.00000  48.8%  31.7 1566s
 3181588 1721828   81.00000  138   20   82.00000   42.00000  48.8%  31.7 1571s
 3191338 1727863   79.00000   68   78   82.00000   42.00000  48.8%  31.7 1575s
 3201220 1733925   80.00000   72   64   82.00000   42.00000  48.8%  31.7 1580s
 3210710 1739858   76.00000   87   94   82.00000   42.00000  48.8%  31.7 1586s
 3221145 1745949   80.00000   82   60   82.00000   42.00000  48.8%  31.7 1591s
 3231173 1751724 infeasible   87        82.00000   42.00000  48.8%  31.7 1596s
 3240992 1757291   48.00000   54  103   82.00000   42.00000  48.8%  31.7 1600s
 3250820 1763024   77.00000  102   69   82.00000   42.00000  48.8%  31.7 1605s
 3260723 1768723   78.00000   67   83   82.00000   42.00000  48.8%  31.7 1610s
 3270597 1774559   81.00000   99   44   82.00000   42.00000  48.8%  31.7 1615s
 3283546 1782523   77.00000   49   81   82.00000   42.00000  48.8%  31.7 1621s
 3293422 1788734   79.00000   85   36   82.00000   42.00000  48.8%  31.7 1626s
 3303002 1794476   79.00000   80   52   82.00000   42.00000  48.8%  31.7 1631s
 3312780 1800335   44.00000   50  107   82.00000   42.00000  48.8%  31.7 1636s
 3322823 1806397   77.00000   82   72   82.00000   42.00000  48.8%  31.7 1641s
 3332640 1812071   78.00000  123   32   82.00000   42.00000  48.8%  31.7 1646s
 3342201 1817594   66.00000   60   88   82.00000   42.00000  48.8%  31.7 1651s
 3352035 1822970   78.00000   62   80   82.00000   42.00000  48.8%  31.7 1656s
 3361520 1828745   60.00000   61  104   82.00000   42.00000  48.8%  31.7 1660s
 3371295 1834656   81.00000  106   30   82.00000   42.00000  48.8%  31.7 1665s
 3381449 1840440   66.00000   52  113   82.00000   42.00000  48.8%  31.7 1670s
 3391217 1846222     cutoff   70        82.00000   42.00000  48.8%  31.7 1675s
 3401110 1852092   79.00000   95   56   82.00000   42.00000  48.8%  31.7 1680s
 3411328 1858462   76.00000   73   60   82.00000   42.00000  48.8%  31.7 1685s
 3421477 1864461 infeasible  126        82.00000   42.16152  48.6%  31.7 1690s
 3431050 1872393   81.00000  122   62   82.00000   42.21888  48.5%  31.7 1695s
 3448148 1878554   65.00000   72   95   82.00000   42.21888  48.5%  31.7 1701s
 3457804 1884021 infeasible  117        82.00000   42.23324  48.5%  31.7 1706s
 3467944 1890004     cutoff  111        82.00000   42.23324  48.5%  31.7 1710s
 3485255 1899738   64.00000   69   92   82.00000   42.23324  48.5%  31.6 1715s
 3495893 1906173   56.00000   34  107   82.00000   42.23324  48.5%  31.6 1721s
 3504313 1911633 infeasible   63        82.00000   42.23324  48.5%  31.6 1725s
 3514480 1917478 infeasible   72        82.00000   42.23324  48.5%  31.6 1730s
 3524506 1923206   65.00000   65   69   82.00000   42.23324  48.5%  31.6 1735s
 3534134 1928749   65.00000   75   74   82.00000   42.23324  48.5%  31.6 1740s
 3543612 1934327 infeasible  104        82.00000   42.24880  48.5%  31.6 1745s
 3553461 1939996   64.00000   69  108   82.00000   42.24880  48.5%  31.6 1750s
 3562847 1946238   77.00000   97   62   82.00000   42.32423  48.4%  31.6 1755s
 3572918 1951826   79.00000   80   67   82.00000   42.41576  48.3%  31.6 1760s
 3582137 1956722   77.00000   82   51   82.00000   42.50385  48.2%  31.6 1765s
 3591816 1962220 infeasible   75        82.00000   42.53617  48.1%  31.6 1770s
 3601452 1968333   80.00000   85   50   82.00000   42.64912  48.0%  31.7 1775s
 3611915 1973856   64.00000   74  103   82.00000   42.73107  47.9%  31.7 1780s
 3622115 1980195   81.00000   79   57   82.00000   42.88736  47.7%  31.7 1785s
 3635305 1988010 infeasible   75        82.00000   42.92105  47.7%  31.6 1791s
 3644910 1993692   78.00000   79   71   82.00000   43.00000  47.6%  31.6 1795s
 3654531 1999552   79.00000   40   65   82.00000   43.00000  47.6%  31.6 1800s
 3663802 2004797   78.00000   55   73   82.00000   43.00000  47.6%  31.7 1805s
 3674193 2010488   80.00000   82   44   82.00000   43.00000  47.6%  31.7 1810s
 3684177 2016035   53.00000   75  100   82.00000   43.00000  47.6%  31.7 1815s
 3693678 2021343 infeasible   77        82.00000   43.00000  47.6%  31.7 1820s
 3703234 2027011     cutoff   85        82.00000   43.00000  47.6%  31.7 1825s
 3712781 2033047   57.00000   94   98   82.00000   43.00000  47.6%  31.7 1830s
 3722475 2038864   65.00000   69   86   82.00000   43.00000  47.6%  31.7 1835s
 3732752 2044704     cutoff   85        82.00000   43.00000  47.6%  31.7 1840s
 3742372 2050452   81.00000   94   42   82.00000   43.00000  47.6%  31.7 1845s
 3752390 2056266   79.00000   74   59   82.00000   43.00000  47.6%  31.7 1851s
 3761850 2062184   66.00000   91   74   82.00000   43.00000  47.6%  31.7 1855s
 3771684 2068243   72.00000   44   72   82.00000   43.00000  47.6%  31.7 1860s
 3781213 2074087   80.00000  108   76   82.00000   43.00000  47.6%  31.7 1865s
 3790555 2079908   75.00000   86   52   82.00000   43.00000  47.6%  31.7 1870s
 3800463 2085988   80.00000   88   44   82.00000   43.00000  47.6%  31.7 1875s
 3813479 2093268 infeasible   88        82.00000   43.00000  47.6%  31.7 1881s
 3823278 2098389   80.00000   68   49   82.00000   43.00000  47.6%  31.7 1886s
 3829484 2102204   68.00000   91  108   82.00000   43.00000  47.6%  31.7 1890s
 3842882 2110030 infeasible  108        82.00000   43.00000  47.6%  31.7 1896s
 3852700 2115694   66.00000   65   83   82.00000   43.00000  47.6%  31.7 1901s
 3858783 2119388   72.00000   42   82   82.00000   43.00000  47.6%  31.7 1905s
 3868265 2125126   81.00000   77   59   82.00000   43.00000  47.6%  31.7 1910s
 3878423 2131488   75.00000   76   91   82.00000   43.00000  47.6%  31.7 1915s
 3888225 2137369   61.00000   46   91   82.00000   43.00000  47.6%  31.7 1920s
 3897879 2143263   79.00000   72   39   82.00000   43.00000  47.6%  31.7 1925s
 3908202 2149499   79.00000   88   60   82.00000   43.00000  47.6%  31.7 1930s
 3918145 2155630   43.00000   32   94   82.00000   43.00000  47.6%  31.7 1935s
 3928195 2161292   81.00000  113   21   82.00000   43.00000  47.6%  31.7 1940s
 3937355 2166904   80.00000   54   47   82.00000   43.00000  47.6%  31.7 1946s
 3946790 2172970   79.00000   66   57   82.00000   43.00000  47.6%  31.7 1951s
 3956138 2178793   74.00000   75   65   82.00000   43.00000  47.6%  31.7 1956s
 3965818 2184784   81.00000  103   31   82.00000   43.00000  47.6%  31.7 1961s
 3972440 2188935   81.00000   91   39   82.00000   43.00000  47.6%  31.7 1965s
 3982553 2194641   72.00000   63   91   82.00000   43.00000  47.6%  31.7 1970s
 3995659 2202435   81.00000  101   51   82.00000   43.00000  47.6%  31.7 1976s
 4005296 2207717   80.00000   84   65   82.00000   43.00000  47.6%  31.7 1981s
 4014803 2213575 infeasible   99        82.00000   43.00000  47.6%  31.7 1986s
 4025143 2219273   80.00000   90   57   82.00000   43.00000  47.6%  31.7 1990s
 4035087 2225124   79.00000   74   86   82.00000   43.00000  47.6%  31.7 1995s
 4044688 2230727   61.00000   51   97   82.00000   43.00000  47.6%  31.7 2000s
 4054753 2236994   72.00000   71   87   82.00000   43.00000  47.6%  31.7 2005s
 4064519 2242678   81.00000   62   83   82.00000   43.00000  47.6%  31.7 2010s
*4070063 1930606             147      81.0000000   43.00000  46.9%  31.7 2014s
 4071121 1932073     cutoff   99        81.00000   43.00000  46.9%  31.7 2015s
 4080542 1937453   68.00000   46   66   81.00000   43.00000  46.9%  31.7 2021s
 4089897 1943243   66.00000   46   68   81.00000   43.00000  46.9%  31.8 2026s
 4099644 1949227   65.00000   65  103   81.00000   43.00000  46.9%  31.8 2031s
 4109656 1955245 infeasible   89        81.00000   43.00000  46.9%  31.8 2036s
 4119264 1960986   75.00000   52   96   81.00000   43.00000  46.9%  31.8 2041s
 4129422 1966763   79.00000   81   43   81.00000   43.00000  46.9%  31.8 2046s
 4138616 1972322 infeasible   90        81.00000   43.00000  46.9%  31.8 2050s
 4148530 1978080   79.00000   95   25   81.00000   43.00000  46.9%  31.8 2055s
 4157922 1983883   65.00000   67   89   81.00000   43.00000  46.9%  31.8 2060s
 4167665 1989566   71.00000   56   75   81.00000   43.00000  46.9%  31.8 2066s
 4177713 1995495 infeasible   97        81.00000   43.00000  46.9%  31.8 2071s
 4187503 2001308   79.00000   79   67   81.00000   43.00000  46.9%  31.8 2076s
 4197222 2007193   70.00000   41   59   81.00000   43.00000  46.9%  31.8 2081s
 4203747 2011458   77.00000   82   82   81.00000   43.00000  46.9%  31.8 2085s
 4213840 2017219 infeasible   89        81.00000   43.00000  46.9%  31.8 2090s
 4223333 2023047   48.00000   71  110   81.00000   43.00000  46.9%  31.8 2095s
 4233003 2028663   75.00000   52   54   81.00000   43.00000  46.9%  31.8 2100s
 4243009 2034695   65.00000   73   69   81.00000   43.00000  46.9%  31.8 2105s
 4252645 2040129   78.00000   89   63   81.00000   43.00000  46.9%  31.8 2110s
 4262464 2045708   78.00000   69   61   81.00000   43.00000  46.9%  31.8 2115s
 4272233 2051716   69.00000   80   90   81.00000   43.00000  46.9%  31.8 2120s
 4281471 2057809   75.00000   66   86   81.00000   43.00000  46.9%  31.8 2125s
 4291415 2063869 infeasible   72        81.00000   43.00000  46.9%  31.8 2130s
 4301454 2069527 infeasible  103        81.00000   43.00000  46.9%  31.8 2135s
 4310777 2074691   80.00000   79   65   81.00000   43.00000  46.9%  31.8 2140s
 4320667 2080477   73.00000   57   74   81.00000   43.02392  46.9%  31.8 2146s
 4327640 2084563 infeasible   82        81.00000   43.02392  46.9%  31.8 2150s
 4337497 2090119   74.00000   46   81   81.00000   43.02392  46.9%  31.8 2155s
 4346856 2095199   79.00000   94   47   81.00000   43.08962  46.8%  31.9 2160s
 4356335 2100983   64.00000   64   84   81.00000   43.12579  46.8%  31.9 2165s
 4366465 2106887     cutoff   77        81.00000   43.31175  46.5%  31.9 2170s
 4375904 2111744 infeasible  102        81.00000   43.36261  46.5%  31.9 2175s
 4385695 2117119   78.00000   46   79   81.00000   43.36261  46.5%  31.9 2180s
 4395347 2122740   72.00000   66   70   81.00000   43.40836  46.4%  31.9 2185s
 4404830 2128423   64.00000   40   92   81.00000   43.63163  46.1%  31.9 2191s
 4415011 2133982   78.00000   75   58   81.00000   43.75939  46.0%  31.9 2196s
 4421287 2137472 infeasible  104        81.00000   43.87217  45.8%  31.9 2200s
 4430778 2143103   79.00000   72   55   81.00000   44.00000  45.7%  31.9 2205s
 4443838 2150185 infeasible   88        81.00000   44.00000  45.7%  31.9 2211s
 4453478 2156256   78.00000   67   84   81.00000   44.00000  45.7%  31.9 2216s
 4463524 2161859   78.00000   75   86   81.00000   44.00000  45.7%  31.9 2221s
 4473478 2167485 infeasible  103        81.00000   44.00000  45.7%  31.9 2226s
 4480367 2171105   80.00000  101   18   81.00000   44.00000  45.7%  31.9 2230s
 4493076 2178949   79.00000  114   34   81.00000   44.00000  45.7%  31.9 2236s
 4499859 2182910   61.00000   79  103   81.00000   44.00000  45.7%  31.9 2240s
 4512441 2190899   69.00000   69   67   81.00000   44.00000  45.7%  31.9 2246s
 4522913 2196744   65.00000   67   83   81.00000   44.00000  45.7%  31.9 2251s
 4532642 2202557 infeasible  100        81.00000   44.00000  45.7%  31.9 2256s
 4542394 2208390   64.00000   82  132   81.00000   44.00000  45.7%  31.9 2261s
 4548821 2212176   79.00000   87   59   81.00000   44.00000  45.7%  31.9 2265s
 4562144 2219723   77.00000   83   76   81.00000   44.00000  45.7%  31.9 2271s
 4571656 2225449   79.00000  125   15   81.00000   44.00000  45.7%  31.9 2276s
 4581644 2231787   72.00000   83   91   81.00000   44.00000  45.7%  31.9 2281s
 4591528 2237570 infeasible   54        81.00000   44.00000  45.7%  31.9 2286s
 4601282 2243476   78.00000   92   42   81.00000   44.00000  45.7%  31.9 2291s
 4610914 2249444   54.00000   49   96   81.00000   44.00000  45.7%  31.9 2296s
 4620658 2255313   78.00000   52   57   81.00000   44.00000  45.7%  31.9 2301s
 4630346 2261386   77.00000   72   75   81.00000   44.00000  45.7%  31.9 2306s
 4640218 2267202   80.00000  104   52   81.00000   44.00000  45.7%  31.9 2311s
 4650076 2272775   59.00000   62  117   81.00000   44.00000  45.7%  31.9 2316s
 4659739 2278868   67.00000   59   60   81.00000   44.00000  45.7%  31.9 2321s
 4669935 2284992   80.00000   62   72   81.00000   44.00000  45.7%  31.9 2326s
 4680145 2290808   79.00000   82   50   81.00000   44.00000  45.7%  31.9 2331s
 4686676 2294775   62.00000   89   78   81.00000   44.00000  45.7%  31.9 2335s
 4696263 2300514   74.00000   75   81   81.00000   44.00000  45.7%  31.9 2340s
 4706270 2306215   79.00000   50   82   81.00000   44.00000  45.7%  31.9 2345s
 4718683 2313614   44.00000   60  128   81.00000   44.00000  45.7%  31.9 2351s
 4725627 2317704   78.00000   82   70   81.00000   44.00000  45.7%  31.9 2355s
 4736086 2323933   80.00000   92   66   81.00000   44.00000  45.7%  31.9 2361s
 4745772 2329877   77.00000   74   84   81.00000   44.00000  45.7%  31.9 2366s
 4755308 2335410   79.00000  101   59   81.00000   44.00000  45.7%  31.9 2371s
 4764792 2341031   80.00000  120   45   81.00000   44.00000  45.7%  31.9 2376s
 4774186 2346060 infeasible  108        81.00000   44.00000  45.7%  31.9 2381s
 4783590 2351005   65.00000   70  100   81.00000   44.00000  45.7%  31.9 2386s
 4793341 2356462   80.00000   91   60   81.00000   44.00000  45.7%  31.9 2391s
 4803151 2361762   69.00000   71   69   81.00000   44.00000  45.7%  31.9 2396s
 4812706 2367224   77.00000   78   61   81.00000   44.07943  45.6%  32.0 2401s
 4822663 2372694 infeasible   80        81.00000   44.14550  45.5%  32.0 2406s
 4828961 2376090 infeasible   83        81.00000   44.14550  45.5%  32.0 2410s
 4838950 2381964   79.00000  101   39   81.00000   45.00000  44.4%  32.0 2415s
 4849047 2387955     cutoff  106        81.00000   45.00000  44.4%  32.0 2420s
 4858980 2393907   80.00000   89   47   81.00000   45.00000  44.4%  32.0 2425s
 4868778 2400009   70.00000   58   50   81.00000   45.00000  44.4%  32.0 2430s
 4882164 2407468   80.00000   93   43   81.00000   45.00000  44.4%  32.0 2436s
 4891917 2413164   56.00000   66  108   81.00000   45.00000  44.4%  32.0 2441s
 4901689 2419027   80.00000   97   38   81.00000   45.00000  44.4%  32.0 2446s
 4911635 2424796   67.00000   61   96   81.00000   45.00000  44.4%  32.0 2450s
 4921162 2430582   80.00000  106   18   81.00000   45.00000  44.4%  32.0 2455s
 4931180 2435785 infeasible   92        81.00000   45.00000  44.4%  31.9 2460s
 4940964 2441447   76.00000  100   74   81.00000   45.00000  44.4%  31.9 2465s
 4950372 2447348   67.00000   61   71   81.00000   45.00000  44.4%  31.9 2470s
 4959958 2453046   79.00000   73   61   81.00000   45.00000  44.4%  31.9 2475s
 4969861 2459053   67.00000   78   65   81.00000   45.00000  44.4%  31.9 2480s
 4982994 2466639 infeasible  119        81.00000   45.00000  44.4%  31.9 2486s
 4993021 2472376   79.00000   95   43   81.00000   45.00000  44.4%  31.9 2490s
 5002414 2478329   67.00000  113   45   81.00000   45.00000  44.4%  31.9 2495s
 5012066 2484163   60.00000   58   63   81.00000   45.00000  44.4%  31.9 2500s
 5021824 2489918   68.00000   81   69   81.00000   45.00000  44.4%  31.9 2505s
 5031684 2495375   79.00000   91   48   81.00000   45.00000  44.4%  31.9 2510s
 5041362 2501237   80.00000  100   42   81.00000   45.00000  44.4%  31.9 2515s
 5054432 2509060 infeasible  124        81.00000   45.00000  44.4%  31.9 2521s
 5064574 2514618   79.00000   76   79   81.00000   45.00000  44.4%  31.9 2526s
 5074474 2519861   76.00000   83   46   81.00000   45.00000  44.4%  31.9 2530s
 5083728 2525997   74.00000   80   49   81.00000   45.00000  44.4%  31.9 2535s
 5093577 2531662   64.00000   86   84   81.00000   45.00000  44.4%  31.9 2540s
 5103633 2537471   78.00000   66   74   81.00000   45.00000  44.4%  31.9 2545s
 5113226 2543103   54.00000   70  107   81.00000   45.00000  44.4%  31.9 2550s
 5126338 2550785   79.00000   66   56   81.00000   45.00000  44.4%  31.9 2556s
 5136196 2556393   76.00000   70   60   81.00000   45.00000  44.4%  31.9 2561s
 5146251 2562281   80.00000  116   28   81.00000   45.00000  44.4%  31.9 2566s
 5156004 2567899   77.00000   60   53   81.00000   45.00000  44.4%  31.9 2571s
 5165756 2573678 infeasible   93        81.00000   45.00000  44.4%  31.9 2576s
 5175546 2579016 infeasible  105        81.00000   45.00000  44.4%  31.9 2580s
 5185615 2584746   76.00000   59   64   81.00000   45.00000  44.4%  31.9 2585s
 5195458 2590146   47.00000   62  104   81.00000   45.00000  44.4%  31.9 2590s
 5205233 2595641 infeasible   78        81.00000   45.00000  44.4%  31.9 2595s
 5214888 2601503   66.00000   71  132   81.00000   45.00000  44.4%  31.9 2600s
 5224946 2606896   80.00000   98   56   81.00000   45.00000  44.4%  31.9 2605s
 5234723 2612015 infeasible  102        81.00000   45.00000  44.4%  31.9 2610s
 5247362 2619208   80.00000  114   28   81.00000   45.00000  44.4%  31.9 2616s
 5257272 2624825 infeasible   92        81.00000   45.00000  44.4%  31.9 2621s
 5267001 2630256   55.00000   63  120   81.00000   45.00000  44.4%  31.9 2626s
 5273480 2634035     cutoff  110        81.00000   45.00000  44.4%  31.9 2630s
 5283518 2639475   78.00000   56   77   81.00000   45.00000  44.4%  31.9 2635s
 5293262 2644858   78.00000   76   81   81.00000   45.00000  44.4%  31.9 2640s
 5302999 2650056 infeasible   92        81.00000   45.00000  44.4%  31.9 2645s
 5312851 2655760   64.00000   59  114   81.00000   45.00000  44.4%  31.9 2650s
 5322671 2661418   78.00000   89   40   81.00000   45.00000  44.4%  31.9 2655s
 5332461 2666691   70.00000   55   77   81.00000   45.00000  44.4%  31.9 2660s
 5342198 2671897   80.00000   59   94   81.00000   45.00000  44.4%  31.9 2665s
 5352043 2677260   78.00000  103   75   81.00000   45.00000  44.4%  31.9 2670s
 5362049 2682656 infeasible   92        81.00000   45.00000  44.4%  31.9 2675s
 5371604 2688134   57.00000   63   84   81.00000   45.00000  44.4%  31.9 2680s
 5381436 2693505   79.00000   77   66   81.00000   45.00000  44.4%  31.9 2685s
 5391343 2699125 infeasible  111        81.00000   45.00000  44.4%  31.9 2690s
 5401201 2704637   64.00000   73  107   81.00000   45.00000  44.4%  31.9 2695s
 5410945 2709796   80.00000   81   82   81.00000   45.00000  44.4%  31.9 2700s
 5420895 2715269   80.00000   74   52   81.00000   45.00000  44.4%  31.9 2705s
 5430644 2720848   80.00000   89   50   81.00000   45.00000  44.4%  31.9 2710s
 5440249 2726035 infeasible   89        81.00000   45.00000  44.4%  31.9 2716s
 5450507 2731631   77.00000   77   61   81.00000   45.00000  44.4%  31.9 2721s
 5459969 2737058   80.00000   77   41   81.00000   45.00000  44.4%  31.9 2726s
 5469695 2742410   80.00000   97   63   81.00000   45.00000  44.4%  31.9 2731s
 5479214 2747924   56.00000   67   97   81.00000   45.00000  44.4%  31.9 2736s
 5489071 2753130   80.00000   87   53   81.00000   45.00000  44.4%  31.9 2741s
 5499029 2758636   79.00000   84   39   81.00000   45.00000  44.4%  31.9 2746s
 5508797 2764227   77.00000   81   96   81.00000   45.00000  44.4%  31.9 2751s
 5518717 2769534   73.00000   78   51   81.00000   45.00000  44.4%  31.9 2756s
 5527967 2774800   45.00000   70  152   81.00000   45.00000  44.4%  32.0 2761s
 5537932 2780350 infeasible   74        81.00000   45.00000  44.4%  32.0 2766s
 5547789 2785792 infeasible   95        81.00000   45.00000  44.4%  32.0 2771s
 5557391 2791133   80.00000  114   44   81.00000   45.00000  44.4%  32.0 2776s
 5567254 2796697   64.00000   67   80   81.00000   45.00000  44.4%  32.0 2781s
 5573531 2800187   64.00000   78   79   81.00000   45.00000  44.4%  32.0 2785s
 5583288 2805394   80.00000   70   67   81.00000   45.00000  44.4%  32.0 2790s
 5596187 2812279   80.00000   88   72   81.00000   45.00000  44.4%  32.0 2796s
 5605828 2817786   79.00000   62   68   81.00000   45.00000  44.4%  32.0 2801s
 5615711 2823154   80.00000  110   52   81.00000   45.00000  44.4%  32.0 2806s
 5625623 2828709   59.00000   77  115   81.00000   45.00000  44.4%  32.0 2810s
 5635318 2834395   76.00000   70   93   81.00000   45.00000  44.4%  32.0 2815s
 5644926 2839431   80.00000   71   82   81.00000   45.00000  44.4%  32.0 2820s
 5654333 2844073   78.00000   92   99   81.00000   45.00000  44.4%  32.0 2825s
 5667359 2850943 infeasible  104        81.00000   45.00000  44.4%  32.0 2831s
 5676873 2856256   80.00000   91   52   81.00000   45.00000  44.4%  32.0 2836s
 5686884 2861898   80.00000   84   57   81.00000   45.00000  44.4%  32.0 2841s
 5696562 2867428     cutoff   70        81.00000   45.00000  44.4%  32.0 2846s
 5706823 2872957   78.00000   88   69   81.00000   45.00000  44.4%  32.0 2851s
 5716838 2878351   61.00000   72   70   81.00000   45.00000  44.4%  32.0 2856s
 5726268 2883719   80.00000  111   37   81.00000   45.00000  44.4%  32.0 2861s
 5736161 2889138   77.00000   74   63   81.00000   45.00000  44.4%  32.0 2866s
 5745903 2894808 infeasible   79        81.00000   45.00000  44.4%  32.0 2870s
 5755675 2899952   77.00000   99   98   81.00000   45.00000  44.4%  32.0 2875s
 5765214 2905121   72.00000   90   64   81.00000   45.00000  44.4%  32.0 2880s
 5774879 2910338   80.00000   89   78   81.00000   45.00000  44.4%  32.0 2885s
 5784540 2915547   47.00000   47  119   81.00000   45.00000  44.4%  32.0 2890s
 5794449 2921069 infeasible   90        81.00000   45.00000  44.4%  32.0 2896s
 5804097 2926494   78.00000   92   59   81.00000   45.00000  44.4%  32.0 2901s
 5813855 2931655   79.00000   93   29   81.00000   45.00000  44.4%  32.0 2905s
 5823844 2936565   58.00000   49   74   81.00000   45.00000  44.4%  32.0 2910s
 5833198 2942070   78.00000  118   66   81.00000   45.00000  44.4%  32.0 2915s
 5842994 2947230 infeasible   89        81.00000   45.00000  44.4%  32.0 2920s
 5852899 2952137   77.00000   81   84   81.00000   45.00000  44.4%  32.0 2925s
 5862630 2957675   80.00000   94   57   81.00000   45.00000  44.4%  32.0 2930s
 5872264 2962897   78.00000   95   55   81.00000   45.00000  44.4%  32.0 2935s
 5882533 2968201   78.00000   72   53   81.00000   45.00000  44.4%  32.0 2940s
 5892168 2973331   45.00000   57  120   81.00000   45.00000  44.4%  32.0 2945s
 5901979 2978850   77.00000   92   62   81.00000   45.00000  44.4%  32.1 2950s
 5911900 2984060   78.00000  116   48   81.00000   45.00000  44.4%  32.1 2955s
 5921496 2989124   61.00000   82   87   81.00000   45.00000  44.4%  32.1 2960s
 5930719 2994324   75.00000   70   68   81.00000   45.00000  44.4%  32.1 2966s
 5940897 2999842   78.00000   69   92   81.00000   45.00000  44.4%  32.1 2971s
 5951233 3005142   71.00000   88   39   81.00000   45.00000  44.4%  32.1 2976s
 5960883 3010435   48.00000   53  102   81.00000   45.00000  44.4%  32.1 2981s
 5967545 3013711   78.00000   63   58   81.00000   45.00000  44.4%  32.1 2985s
 5977298 3019160   45.00000   64  132   81.00000   45.00000  44.4%  32.1 2990s
 5987081 3024510     cutoff   97        81.00000   45.00000  44.4%  32.1 2995s
 5997104 3029866   78.00000  105   49   81.00000   45.00000  44.4%  32.1 3000s
 6006827 3035081   50.00000   62  120   81.00000   45.00000  44.4%  32.1 3005s
 6016361 3039990 infeasible   96        81.00000   45.00000  44.4%  32.1 3010s
 6025725 3045176   77.00000   84   87   81.00000   45.00000  44.4%  32.1 3015s
 6035519 3050308   80.00000  117   61   81.00000   45.00000  44.4%  32.1 3020s
 6045221 3055464 infeasible  110        81.00000   45.00000  44.4%  32.1 3025s
 6055086 3060999 infeasible  102        81.00000   45.00000  44.4%  32.1 3030s
 6064870 3066128   54.00000   73  132   81.00000   45.00000  44.4%  32.1 3035s
 6074698 3071121   79.00000   93   61   81.00000   45.00000  44.4%  32.1 3040s
 6084396 3076443   65.00000   73   71   81.00000   45.00000  44.4%  32.1 3045s
 6094546 3081872 infeasible  141        81.00000   45.00000  44.4%  32.1 3051s
 6103854 3086781   69.00000   85   61   81.00000   45.00000  44.4%  32.1 3055s
 6114044 3091999     cutoff   95        81.00000   45.00000  44.4%  32.1 3061s
 6123774 3097270   78.00000   94   56   81.00000   45.00000  44.4%  32.1 3066s
 6130295 3100479   80.00000  101   42   81.00000   45.00000  44.4%  32.1 3070s
 6139758 3105873   80.00000   88   66   81.00000   45.00000  44.4%  32.1 3075s
 6149838 3111050 infeasible  121        81.00000   45.00000  44.4%  32.1 3080s
 6159763 3116086   69.00000   72   89   81.00000   45.00000  44.4%  32.1 3085s
 6169197 3121403   67.00000   67  109   81.00000   45.00000  44.4%  32.1 3090s
 6179005 3126684   80.00000   87   54   81.00000   45.00000  44.4%  32.1 3096s
 6189050 3132019   80.00000  116   51   81.00000   45.00000  44.4%  32.1 3101s
 6198652 3137349   78.00000  121   32   81.00000   45.00000  44.4%  32.2 3106s
 6205276 3140815   59.00000   63   97   81.00000   45.00000  44.4%  32.2 3110s
 6215457 3146241   64.00000   63   92   81.00000   45.00000  44.4%  32.2 3115s
 6225082 3151630   77.00000   60   83   81.00000   45.00000  44.4%  32.2 3120s
 6235148 3156817   79.00000   84   60   81.00000   45.00000  44.4%  32.2 3125s
 6244799 3162145   80.00000   96   50   81.00000   45.00000  44.4%  32.2 3131s
 6254660 3167489   80.00000   93   33   81.00000   45.00000  44.4%  32.2 3136s
 6264919 3172817   78.00000   82   72   81.00000   45.00000  44.4%  32.2 3141s
 6274786 3178375   78.00000   70   78   81.00000   45.00000  44.4%  32.2 3146s
 6283991 3183253   80.00000  110   50   81.00000   45.00000  44.4%  32.2 3151s
 6293608 3188156   77.00000   72   81   81.00000   45.00000  44.4%  32.2 3156s
 6303601 3193455   80.00000   79   51   81.00000   45.00000  44.4%  32.2 3160s
 6313399 3198538   77.00000   87   58   81.00000   45.00000  44.4%  32.2 3166s
 6323288 3203873   80.00000   72   64   81.00000   45.00000  44.4%  32.2 3171s
 6333010 3209082     cutoff  100        81.00000   45.00000  44.4%  32.2 3176s
 6342868 3214209   78.00000   83   69   81.00000   45.00000  44.4%  32.2 3181s
 6352580 3219759   78.00000   86  107   81.00000   45.00000  44.4%  32.2 3186s
 6362306 3224976 infeasible  113        81.00000   45.00000  44.4%  32.2 3191s
 6371934 3229710   69.00000   64   75   81.00000   45.00000  44.4%  32.2 3196s
 6378342 3233177   80.00000  113   42   81.00000   45.00000  44.4%  32.2 3200s
 6388486 3238711   78.00000   87   77   81.00000   45.00000  44.4%  32.2 3205s
 6398120 3243716   77.00000   90   44   81.00000   45.00000  44.4%  32.2 3210s
 6408396 3249006   80.00000   77   58   81.00000   45.00000  44.4%  32.2 3216s
 6418202 3253747   75.00000   67   68   81.00000   45.00000  44.4%  32.2 3221s
 6424529 3257015   79.00000   60   80   81.00000   45.00000  44.4%  32.2 3225s
 6434195 3262203   80.00000  117   57   81.00000   45.00000  44.4%  32.2 3230s
 6444317 3267440   77.00000   77   71   81.00000   45.00000  44.4%  32.2 3235s
 6453954 3272568   78.00000   68   64   81.00000   45.00000  44.4%  32.2 3241s
 6463505 3277696 infeasible  110        81.00000   45.00000  44.4%  32.2 3246s
 6473281 3283089   80.00000   89   86   81.00000   45.00000  44.4%  32.2 3251s
 6483146 3288346 infeasible  116        81.00000   45.00000  44.4%  32.2 3256s
 6492816 3293508   77.00000   65   77   81.00000   45.00000  44.4%  32.2 3261s
 6502511 3298802   54.00000   79  141   81.00000   45.00000  44.4%  32.2 3266s
 6508728 3302489   78.00000   65   82   81.00000   45.00000  44.4%  32.2 3270s
 6518646 3307477   78.00000   98   65   81.00000   45.00000  44.4%  32.3 3275s
 6528368 3312537   78.00000   79   51   81.00000   45.00000  44.4%  32.3 3280s
 6537859 3317707   79.00000   92   61   81.00000   45.00000  44.4%  32.3 3286s
 6547362 3322772   64.00000   61   95   81.00000   45.00000  44.4%  32.3 3291s
 6557615 3327496 infeasible  110        81.00000   45.00000  44.4%  32.3 3296s
 6567670 3332744   79.00000   85   67   81.00000   45.00000  44.4%  32.3 3301s
 6574098 3335982   80.00000   92   39   81.00000   45.00000  44.4%  32.3 3305s
 6583746 3341168   78.00000   74   73   81.00000   45.00000  44.4%  32.3 3310s
 6593622 3346342   80.00000  103   35   81.00000   45.00000  44.4%  32.3 3315s
 6603614 3351479     cutoff  112        81.00000   45.00000  44.4%  32.3 3320s
 6613233 3356496   80.00000  102   32   81.00000   45.00000  44.4%  32.3 3325s
 6622917 3361737   80.00000   89   48   81.00000   45.00000  44.4%  32.3 3330s
 6632121 3367259   80.00000  106   51   81.00000   45.00000  44.4%  32.3 3335s
 6642732 3372675   79.00000  116   39   81.00000   45.00000  44.4%  32.3 3340s
 6652641 3377833   70.00000   67   65   81.00000   45.00000  44.4%  32.3 3345s
 6662252 3383080 infeasible  105        81.00000   45.00000  44.4%  32.3 3350s
 6672034 3388574   76.00000   62   64   81.00000   45.00000  44.4%  32.3 3355s
 6681975 3393748   70.00000   78   74   81.00000   45.00000  44.4%  32.3 3360s
 6691602 3399352   79.00000   68   63   81.00000   45.00000  44.4%  32.3 3365s
 6701414 3404591   76.00000   73   68   81.00000   45.00000  44.4%  32.3 3370s
 6711092 3409962   69.00000   59   73   81.00000   45.00000  44.4%  32.3 3375s
 6720188 3415253   72.00000   66   73   81.00000   45.00000  44.4%  32.3 3381s
 6730000 3420719   80.00000   83   77   81.00000   45.00000  44.4%  32.3 3386s
 6736434 3424491   76.00000   77   55   81.00000   45.00000  44.4%  32.3 3390s
 6746192 3429768   76.00000  103   65   81.00000   45.00000  44.4%  32.3 3395s
 6756120 3435063   64.00000   59   91   81.00000   45.00000  44.4%  32.3 3400s
 6765950 3440066   80.00000  104   32   81.00000   45.00000  44.4%  32.3 3405s
 6775652 3445216   78.00000   87   57   81.00000   45.00000  44.4%  32.3 3410s
 6785252 3450369   80.00000   67   54   81.00000   45.00000  44.4%  32.3 3415s
 6795126 3455707   78.00000   68   49   81.00000   45.00000  44.4%  32.3 3420s
 6804423 3460794 infeasible   90        81.00000   45.00000  44.4%  32.3 3425s
 6814083 3466239   78.00000   90   69   81.00000   45.00000  44.4%  32.3 3431s
 6824194 3471525 infeasible   96        81.00000   45.00000  44.4%  32.3 3436s
 6834271 3477080   80.00000   83   40   81.00000   45.00000  44.4%  32.3 3441s
 6843967 3482405   58.00000   75  131   81.00000   45.00000  44.4%  32.3 3445s
 6853737 3487501     cutoff   83        81.00000   45.00000  44.4%  32.3 3450s
 6863514 3492979 infeasible   99        81.00000   45.00000  44.4%  32.3 3455s
 6873242 3497888   78.00000   50   69   81.00000   45.00000  44.4%  32.3 3460s
 6882417 3503102   78.00000   91   76   81.00000   45.00000  44.4%  32.3 3466s
 6892461 3508047   72.00000   50   78   81.00000   45.00000  44.4%  32.3 3471s
 6902205 3513491     cutoff   76        81.00000   45.00000  44.4%  32.3 3476s
 6911542 3518780 infeasible  114        81.00000   45.00000  44.4%  32.3 3481s
 6918223 3522367   79.00000   77   61   81.00000   45.00000  44.4%  32.3 3485s
 6931234 3529417   78.00000  103   48   81.00000   45.00000  44.4%  32.4 3491s
 6937808 3533046   78.00000   87   50   81.00000   45.00000  44.4%  32.4 3495s
 6947877 3538289   58.00000   76   95   81.00000   45.00000  44.4%  32.4 3500s
 6957585 3543490   80.00000   83   69   81.00000   45.00000  44.4%  32.4 3505s
 6966997 3548984     cutoff   55        81.00000   45.00000  44.4%  32.4 3511s
 6973740 3552535   79.00000   90   63   81.00000   45.00000  44.4%  32.4 3515s
 6983686 3557724   79.00000  101   52   81.00000   45.00000  44.4%  32.4 3520s
 6993322 3562831   80.00000   82   39   81.00000   45.00000  44.4%  32.4 3525s
 7002970 3567911     cutoff   89        81.00000   45.00000  44.4%  32.4 3530s
 7012746 3573097   64.00000   73   95   81.00000   45.00000  44.4%  32.4 3535s
 7022505 3577987   77.00000   62   57   81.00000   45.00000  44.4%  32.4 3540s
 7032101 3583215   79.00000   69   79   81.00000   45.00000  44.4%  32.4 3545s
 7041829 3588469   78.00000   83   45   81.00000   45.00000  44.4%  32.4 3550s
 7051396 3593386   80.00000  103   39   81.00000   45.00000  44.4%  32.4 3556s
 7061009 3598636   80.00000   66   69   81.00000   45.00000  44.4%  32.4 3561s
 7071231 3603587   80.00000  110   63   81.00000   45.00000  44.4%  32.4 3566s
 7080823 3608467   59.00000   93  120   81.00000   45.00000  44.4%  32.4 3571s
 7087348 3612179   78.00000   51   72   81.00000   45.00000  44.4%  32.4 3575s
 7097246 3617610   80.00000   56   85   81.00000   45.00000  44.4%  32.4 3580s
 7106823 3622480   77.00000   78   56   81.00000   45.00000  44.4%  32.4 3585s
 7117100 3627841   70.00000   74   67   81.00000   45.00000  44.4%  32.4 3590s
 7127005 3632921 infeasible   55        81.00000   45.00000  44.4%  32.4 3596s
 7136495 3636905   69.00000   73   87   81.00000   45.00000  44.4%  32.4 3600s

Explored 7138090 nodes (231404146 simplex iterations) in 3600.06 seconds (866.93 work units)
Thread count was 32 (of 32 available processors)

Solution count 10: 81 82 83 ... 90

Time limit reached
Best objective 8.100000000000e+01, best bound 4.500000000000e+01, gap 44.4444%
