
Gurobi 13.0.0 (linux64) logging started Thu Nov 20 10:48:31 2025

Set parameter LogFile to value "./Results/StripPacking-CutHeur/Logs/SBM-010-StripPacking-10.log"
Set parameter TimeLimit to value 3600
Set parameter Cuts to value 0
Set parameter Presolve to value 1
Set parameter Heuristics to value 0
Set parameter LogToConsole to value 0
Set parameter LPWarmStart to value 2
Gurobi Optimizer version 13.0.0 build v13.0.0rc1 (linux64 - "Debian GNU/Linux 12 (bookworm)")

CPU model: Intel(R) Xeon(R) CPU E5-2630 v3 @ 2.40GHz, instruction set [SSE2|AVX|AVX2]
Thread count: 16 physical cores, 32 logical processors, using up to 32 threads

Non-default parameters:
TimeLimit  3600
LPWarmStart  2
Heuristics  0
Cuts  0
LogToConsole  0
Presolve  1

Optimize a model with 820 rows, 156 columns and 2450 nonzeros (Min)
Model fingerprint: 0x5c63ba5c
Model has 1 linear objective coefficients
Variable types: 66 continuous, 90 integer (90 binary)
Coefficient statistics:
  Matrix range     [1e+00, 1e+04]
  Objective range  [1e+00, 1e+00]
  Bounds range     [1e+00, 1e+04]
  RHS range        [1e+00, 1e+04]

User MIP start produced solution with objective 50 (0.00s)
Loaded user MIP start with objective 50

Presolve removed 225 rows and 0 columns
Presolve time: 0.01s
Presolved: 595 rows, 156 columns, 1865 nonzeros
Variable types: 66 continuous, 90 integer (90 binary)

Root relaxation: objective 3.500000e+01, 92 iterations, 0.00 seconds (0.00 work units)

    Nodes    |    Current Node    |     Objective Bounds      |     Work
 Expl Unexpl |  Obj  Depth IntInf | Incumbent    BestBd   Gap | It/Node Time

     0     0   35.00000    0    9   50.00000   35.00000  30.0%     -    0s
     0     0   35.00000    0    9   50.00000   35.00000  30.0%     -    0s
     0     2   35.00000    0    9   50.00000   35.00000  30.0%     -    0s
*  226   334              18      48.0000000   35.00000  27.1%   9.8    0s
*  435   334              16      46.0000000   35.00000  23.9%   8.5    0s
*  779   736              34      45.0000000   35.00000  22.2%   7.7    0s
* 1354   949              40      44.0000000   35.00000  20.5%   7.0    0s
* 1566   949              34      42.0000000   35.00000  16.7%   6.7    0s
* 1721   949              36      41.0000000   35.00000  14.6%   6.5    0s
* 7086  1375              19      39.0000000   35.00000  10.3%   6.6    0s

Explored 8685 nodes (70143 simplex iterations) in 0.82 seconds (0.18 work units)
Thread count was 32 (of 32 available processors)

Solution count 8: 39 41 42 ... 50

Optimal solution found (tolerance 1.00e-04)
Best objective 3.900000000000e+01, best bound 3.900000000000e+01, gap 0.0000%
