
Gurobi 13.0.0 (linux64) logging started Wed Nov 26 01:01:01 2025

Set parameter LogFile to value "./Results/StripPacking-CutHeur/Logs/SBM-111-StripPacking-35-0.log"
Set parameter TimeLimit to value 3600
Set parameter Cuts to value 1
Set parameter Presolve to value 1
Set parameter Heuristics to value 1
Set parameter LogToConsole to value 0
Set parameter LPWarmStart to value 2
Gurobi Optimizer version 13.0.0 build v13.0.0rc1 (linux64 - "Debian GNU/Linux 12 (bookworm)")

CPU model: Intel(R) Xeon(R) CPU E5-2630 v3 @ 2.40GHz, instruction set [SSE2|AVX|AVX2]
Thread count: 16 physical cores, 32 logical processors, using up to 32 threads

Non-default parameters:
TimeLimit  3600
LPWarmStart  2
Heuristics  1
Cuts  1
LogToConsole  0
Presolve  1

Optimize a model with 10745 rows, 1856 columns and 32200 nonzeros (Min)
Model fingerprint: 0xfd74b990
Model has 1 linear objective coefficients
Variable types: 666 continuous, 1190 integer (1190 binary)
Coefficient statistics:
  Matrix range     [1e+00, 1e+04]
  Objective range  [1e+00, 1e+00]
  Bounds range     [1e+00, 1e+04]
  RHS range        [1e+00, 1e+04]

Warning: Completing partial solution with 1190 unfixed non-continuous variables out of 1190
User MIP start produced solution with objective 143.9 (0.04s)
User MIP start produced solution with objective 143.9 (0.04s)
Loaded user MIP start with objective 143.9

Presolve removed 2975 rows and 0 columns
Presolve time: 0.08s
Presolved: 7770 rows, 1856 columns, 24465 nonzeros
Variable types: 666 continuous, 1190 integer (1190 binary)

Root relaxation: objective 4.800000e+01, 1424 iterations, 0.12 seconds (0.07 work units)

    Nodes    |    Current Node    |     Objective Bounds      |     Work
 Expl Unexpl |  Obj  Depth IntInf | Incumbent    BestBd   Gap | It/Node Time

     0     0   48.00000    0  147  143.90000   48.00000  66.6%     -    0s
H    0     0                     143.0000000   48.00000  66.4%     -    0s
H    0     0                     139.0000000   48.00000  65.5%     -    0s
     0     0   48.00000    0  258  139.00000   48.00000  65.5%     -    0s
     0     0   48.00000    0  243  139.00000   48.00000  65.5%     -    0s
     0     0   48.00000    0  224  139.00000   48.00000  65.5%     -    1s
     0     0   48.00000    0  124  139.00000   48.00000  65.5%     -    1s
H    0     0                     137.0000000   48.00000  65.0%     -    1s
     0     0   48.00000    0  128  137.00000   48.00000  65.0%     -    1s
     0     0   48.00000    0  259  137.00000   48.00000  65.0%     -    1s
     0     0   48.00000    0   94  137.00000   48.00000  65.0%     -    2s
H    0     0                     136.0000000   48.00000  64.7%     -    2s
     0     0   48.00000    0  146  136.00000   48.00000  64.7%     -    2s
     0     0   48.00000    0  202  136.00000   48.00000  64.7%     -    2s
     0     0   48.00000    0  113  136.00000   48.00000  64.7%     -    2s
H    0     0                     134.0000000   48.00000  64.2%     -    2s
     0     0   48.00000    0  108  134.00000   48.00000  64.2%     -    2s
     0     0   48.00000    0  210  134.00000   48.00000  64.2%     -    2s
     0     0   48.00000    0  123  134.00000   48.00000  64.2%     -    3s
H    0     0                     133.0000000   48.00000  63.9%     -    3s
     0     0   48.00000    0  140  133.00000   48.00000  63.9%     -    3s
     0     0   48.00000    0  164  133.00000   48.00000  63.9%     -    3s
     0     0   48.00000    0  102  133.00000   48.00000  63.9%     -    3s
H    0     0                     130.0000000   48.00000  63.1%     -    3s
     0     0   48.00000    0  130  130.00000   48.00000  63.1%     -    3s
     0     0   48.00000    0  201  130.00000   48.00000  63.1%     -    4s
     0     0   48.00000    0  105  130.00000   48.00000  63.1%     -    4s
     0     0   48.00000    0  114  130.00000   48.00000  63.1%     -    4s
     0     0   48.00000    0  175  130.00000   48.00000  63.1%     -    4s
     0     0   48.00000    0  114  130.00000   48.00000  63.1%     -    4s
     0     0   48.00000    0  114  130.00000   48.00000  63.1%     -    4s
     0     0   48.00000    0   86  130.00000   48.00000  63.1%     -    5s
     0     2   48.00000    0   86  130.00000   48.00000  63.1%     -    5s
H   32    48                     129.0000000   48.00000  62.8%   115    6s
H   55   167                     123.0000000   48.00000  61.0%  89.7    7s
H  166   183                     120.0000000   48.00000  60.0%  52.7    8s
H  174   183                     119.0000000   48.00000  59.7%  51.3    8s
H  182  1005                     114.0000000   48.00000  57.9%  50.6    9s
H  231  1005                     113.0000000   48.00000  57.5%  48.6    9s
  1004  1021   48.00000   55  145  113.00000   48.00000  57.5%  35.4   11s
H 1007  1021                     112.0000000   48.00000  57.1%  35.4   11s
H 1020  1547                     110.0000000   48.00000  56.4%  35.5   12s
H 1790  2086                     109.0000000   48.00000  56.0%  45.0   14s
H 2091  2630                     109.0000000   48.00000  56.0%  47.7   16s
H 2175  2630                     107.0000000   48.00000  55.1%  46.8   16s
H 2705  2611                     104.0000000   48.00000  53.8%  44.9   19s
H 2725  2891                     103.0000000   48.00000  53.4%  44.9   21s
  3804  3539   99.00000  125  143  103.00000   48.00000  53.4%  45.3   28s
H 3810  3539                     103.0000000   48.00000  53.4%  45.2   28s
  3826  4275   99.00000  126  142  103.00000   48.00000  53.4%  45.2   31s
  4662  4291   99.00000  127  138  103.00000   48.00000  53.4%  44.2   35s
H 4671  4202                     102.0000000   48.00000  52.9%  44.3   35s
  4699  4227   99.00000  129  135  102.00000   48.00000  52.9%  44.5   41s
H 4703  4227                     102.0000000   48.00000  52.9%  44.5   41s
  4716  4774   99.00000  130  132  102.00000   48.00000  52.9%  44.7   45s
H 5061  4754                     101.0000000   48.00000  52.5%  43.3   45s
H 9448  7896                     101.0000000   48.00000  52.5%  38.0   51s
  9451  7898   91.00000   56  112  101.00000   48.00000  52.5%  38.0   61s
  9457  7902   76.00000  110  116  101.00000   48.00000  52.5%  38.0   70s
  9475  7919   48.00000   15  155  101.00000   48.00000  52.5%  41.2   75s
  9784  8137   48.00000   25  204  101.00000   48.00000  52.5%  42.4   81s
  9816  8159   48.00000   26  227  101.00000   48.00000  52.5%  42.5   86s
  9848  8233   48.00000   27  209  101.00000   48.00000  52.5%  42.5   91s
  9917  8624   48.00000   28  206  101.00000   48.00000  52.5%  42.6   96s
 10331  9360   48.00000   38  210  101.00000   48.00000  52.5%  45.0  102s
 11211  9083   48.00000   74  225  101.00000   48.00000  52.5%  50.0  109s
 11227  9823   48.00000   74  222  101.00000   48.00000  52.5%  50.1  116s
 12051 10818   48.00000   75  230  101.00000   48.00000  52.5%  52.7  123s
 13551 10334   69.00000  103  177  101.00000   48.00000  52.5%  58.2  129s
 13567 10561   69.00000  103  183  101.00000   48.00000  52.5%  58.3  135s
 13880 12188   76.00000  104  163  101.00000   48.00000  52.5%  58.8  141s
 15903 11530   59.00000   80  160  101.00000   48.00000  52.5%  62.2  147s
 15919 11535   48.00000   79  192  101.00000   48.00000  52.5%  62.3  152s
 15939 12064   48.00000   80  191  101.00000   48.00000  52.5%  62.3  158s
 16602 11858   97.00000  120  111  101.00000   48.00000  52.5%  63.1  163s
 16619 11964  100.00000  119   77  101.00000   48.00000  52.5%  63.1  171s
H16717 11284                     100.0000000   48.00000  52.0%  63.4  171s
 16785 12246     cutoff  124       100.00000   48.00000  52.0%  63.3  176s
H16939 11817                     100.0000000   48.00000  52.0%  63.2  176s
H17024 11054                      98.0000000   48.00000  51.0%  63.3  176s
 18084 10505   97.00000  128   66   98.00000   48.00000  51.0%  64.2  181s
H18124 10151                      98.0000000   48.00000  51.0%  64.2  181s
 18125 10241   97.00000  129   61   98.00000   48.00000  51.0%  64.2  186s
H18142  9659                      96.0000000   48.00000  50.0%  64.2  186s
 18273 10313     cutoff  136        96.00000   48.00000  50.0%  64.2  191s
H18888  9801                      96.0000000   48.00000  50.0%  65.1  191s
 19162  9718 infeasible  117        96.00000   48.00000  50.0%  65.2  198s
 19182  9960 infeasible  118        96.00000   48.00000  50.0%  65.3  203s
 19560  9908   63.00000   62  120   96.00000   48.00000  50.0%  65.9  209s
 19668  9893   63.00000   63  142   96.00000   48.00000  50.0%  66.0  216s
 19693 10415   63.00000   64  140   96.00000   48.00000  50.0%  66.0  221s
H19799  9921                      95.0000000   48.00000  49.5%  66.1  221s
 20346  9658 infeasible  112        95.00000   48.00000  49.5%  66.1  226s
H20371  9373                      95.0000000   48.00000  49.5%  66.2  226s
 20383  9954   86.00000  115  153   95.00000   48.00000  49.5%  66.2  235s
 21167 10160   48.00000   64  206   95.00000   48.00000  49.5%  66.7  245s
 21831 10241   48.00000   65  204   95.00000   48.00000  49.5%  67.1  257s
 22211 10345   48.00000   66  202   95.00000   48.00000  49.5%  67.4  275s
 22557 11335   48.00000   67  199   95.00000   48.00000  49.5%  67.2  293s
 23994 13162   78.00000  138  133   95.00000   48.00000  49.5%  67.2  308s
 27097 12768 infeasible  149        95.00000   48.00000  49.5%  66.7  316s
 27117 13353 infeasible  149        95.00000   48.00000  49.5%  66.8  324s
 27827 13419   93.00000  104   85   95.00000   48.00000  49.5%  66.9  336s
 27945 13540 infeasible  105        95.00000   48.00000  49.5%  66.9  348s
 28134 13551   93.00000  106   85   95.00000   48.00000  49.5%  66.9  357s
 28155 13565   93.00000  107   85   95.00000   48.00000  49.5%  66.9  367s
 28173 13824   93.00000  108   86   95.00000   48.00000  49.5%  66.9  375s
 28558 13894   93.00000  109   85   95.00000   48.00000  49.5%  67.0  385s
 28677 14476 infeasible  110        95.00000   48.00000  49.5%  66.9  396s
 29514 15121   86.00000  147  111   95.00000   48.00000  49.5%  66.7  410s
 30363 15137   84.00000  143   82   95.00000   48.00000  49.5%  67.5  418s
 30379 16351   74.00000  141   94   95.00000   48.00000  49.5%  67.5  428s
 31936 16695 infeasible  147        95.00000   48.00000  49.5%  67.3  438s
 32403 16710   70.00000  102  215   95.00000   48.00000  49.5%  67.2  449s
 32420 17097   70.00000  103  214   95.00000   48.00000  49.5%  67.2  463s
 32897 17148   94.00000  148   79   95.00000   48.00000  49.5%  67.0  473s
 32952 17177   94.00000  149   74   95.00000   48.00000  49.5%  67.1  483s
 32989 17185 infeasible  150        95.00000   48.00000  49.5%  67.0  493s
 33073 17436   63.00000  106  120   95.00000   48.00000  49.5%  67.2  504s
 33361 17453   93.00000  126   94   95.00000   48.00000  49.5%  67.2  514s
 33379 17516   93.00000  127   92   95.00000   48.00000  49.5%  67.2  525s
 33458 17777 infeasible  140        95.00000   48.00000  49.5%  67.1  536s
H33580 17777                      95.0000000   48.00000  49.5%  67.1  536s
H33620 16414                      94.0000000   48.00000  48.9%  67.1  537s
 33823 16372     cutoff  161        94.00000   48.00000  48.9%  67.2  549s
H33850 16372                      94.0000000   48.00000  48.9%  67.2  549s
 33867 16390   48.32020   53  310   94.00000   48.00000  48.9%  67.3  561s
 33888 16403   48.00000   53  307   94.00000   48.00000  48.9%  67.3  573s
 33907 16473   48.00000   54  279   94.00000   48.00000  48.9%  67.4  588s
 34026 16701   48.00000   54  317   94.00000   48.00000  48.9%  67.4  602s
 34282 18399   69.00000   76  187   94.00000   48.00000  48.9%  67.5  616s
 36670 19180   69.00000   76  185   94.00000   48.00000  48.9%  68.6  628s
 37752 21331   69.00000   77  181   94.00000   48.00000  48.9%  69.4  642s
 40802 21343   48.00000   66  201   94.00000   48.00000  48.9%  70.8  652s
 40822 21917   48.00000   67  182   94.00000   48.00000  48.9%  70.8  664s
 41446 22189   48.00000   67  187   94.00000   48.00000  48.9%  71.3  676s
 41768 22714   48.00000   68  181   94.00000   48.00000  48.9%  71.4  701s
 42353 27167   68.00000   94  129   94.00000   48.00000  48.9%  71.6  743s
H47298 25355                      93.0000000   48.00000  48.4%  72.1  743s
H48945 24918                      93.0000000   48.00000  48.4%  72.4  753s
 49020 25728   68.00000  105  202   93.00000   48.00000  48.4%  72.5  764s
 50104 25742   48.00000   63  173   93.00000   48.00000  48.4%  72.7  775s
 50122 26143   48.00000   63  181   93.00000   48.00000  48.4%  72.7  788s
 50577 26234   77.00000   84  220   93.00000   48.00000  48.4%  72.9  801s
 50723 26623   89.00000   95  176   93.00000   48.00000  48.4%  73.0  815s
 51209 26723   89.00000   95  168   93.00000   48.00000  48.4%  73.3  830s
 51367 27599   89.00000   96  165   93.00000   48.00000  48.4%  73.4  844s
 52631 30162   53.00000  103  139   93.00000   48.00000  48.4%  73.9  858s
 56204 32121   92.00000   96  154   93.00000   48.00000  48.4%  73.5  869s
 59060 33640   91.00000   87   90   93.00000   48.00000  48.4%  74.0  879s
 61274 33815   91.00000   85   94   93.00000   48.00000  48.4%  73.9  889s
 61473 33816   91.00000   86   95   93.00000   48.00000  48.4%  74.0  899s
 61526 34033   91.00000   89   88   93.00000   48.00000  48.4%  74.0  913s
 61780 34062   91.00000   90   92   93.00000   48.00000  48.4%  74.0  923s
 61809 34143 infeasible   87        93.00000   48.00000  48.4%  74.1  934s
 61948 34155   91.00000   94   87   93.00000   48.00000  48.4%  74.0  945s
 61968 34194   91.00000   95   83   93.00000   48.00000  48.4%  74.0  962s
 62013 34218   91.00000  104   81   93.00000   48.00000  48.4%  74.0  976s
 62039 34267     cutoff  106        93.00000   48.00000  48.4%  74.0  988s
 62129 34384   91.00000  108   75   93.00000   48.00000  48.4%  74.0  999s
 62317 34424   91.00000  112   70   93.00000   48.00000  48.4%  74.0 1023s
 62396 44950   91.00000  114   64   93.00000   48.00000  48.4%  74.0 1112s
 78396 44966   90.00000   80  148   93.00000   48.00000  48.4%  73.8 1123s
 78412 44994   90.00000   81  141   93.00000   48.00000  48.4%  73.8 1134s
 78446 45017   90.00000   83  138   93.00000   48.00000  48.4%  73.8 1145s
 78473 45032 infeasible   84        93.00000   48.00000  48.4%  73.8 1154s
 78490 45164   90.00000   85  140   93.00000   48.00000  48.4%  73.8 1164s
 78710 45177   90.00000   86  141   93.00000   48.00000  48.4%  73.9 1175s
 78729 46098     cutoff   87        93.00000   48.00000  48.4%  73.9 1185s
 80116 47367     cutoff   93        93.00000   48.00000  48.4%  73.9 1195s
 82229 47381   48.00000   49  151   93.00000   48.00000  48.4%  73.7 1204s
 82247 47395   48.00000   50  144   93.00000   48.00000  48.4%  73.7 1214s
 82265 47529   48.00000   51  141   93.00000   48.00000  48.4%  73.7 1225s
 82485 47541   66.00000   52  104   93.00000   48.00000  48.4%  73.7 1237s
 82529 48741   66.00000   53  102   93.00000   48.00000  48.4%  73.7 1248s
 84494 50548   82.00000   76  104   93.00000   48.00000  48.4%  73.6 1271s
 87420 51300   91.00000   75  166   93.00000   48.00000  48.4%  73.8 1284s
 88667 51487   92.00000   88  159   93.00000   48.00000  48.4%  73.9 1300s
H88669 51487                      93.0000000   48.00000  48.4%  73.9 1300s
 88992 53227   92.00000   89  151   93.00000   48.00000  48.4%  73.9 1315s
 91822 53662   48.00000   80  254   93.00000   48.00000  48.4%  74.0 1328s
 92405 53677   88.00000  126   78   93.00000   48.00000  48.4%  74.2 1341s
 92422 53990   88.00000  127   75   93.00000   48.00000  48.4%  74.2 1359s
 92850 54414 infeasible  148        93.00000   48.00000  48.4%  74.2 1378s
 93539 57307   56.00000   82  195   93.00000   48.00000  48.4%  74.3 1394s
 97802 58698   61.00000   61  152   93.00000   48.00000  48.4%  74.7 1405s
 100216 58712   61.00000   62  152   93.00000   48.00000  48.4%  74.6 1416s
 100234 58860   61.00000   63  152   93.00000   48.00000  48.4%  74.6 1431s
 100458 58874   61.00000   64  161   93.00000   48.00000  48.4%  74.6 1447s
 100476 60383   61.00000   65  160   93.00000   48.00000  48.4%  74.6 1459s
 102915 61002     cutoff   99        93.00000   48.00000  48.4%  74.5 1469s
 103887 61258   92.00000  105  117   93.00000   48.00000  48.4%  74.6 1480s
 104304 61532   92.00000  106  108   93.00000   48.00000  48.4%  74.5 1493s
 104744 61543 infeasible  107        93.00000   48.00000  48.4%  74.7 1506s
 104765 61860   92.00000  108  106   93.00000   48.00000  48.4%  74.7 1524s
 105252 61880   53.00000   57  181   93.00000   48.00000  48.4%  74.8 1548s
 105272 71523   53.00000   58  180   93.00000   48.00000  48.4%  74.8 1659s
 114272 71523   92.00000   89   94   93.00000   48.00000  48.4%  74.9 1660s
 121272 71537   92.00000  109   98   93.00000   48.00000  48.4%  74.6 1672s
 121290 71742     cutoff  110        93.00000   48.00000  48.4%  74.6 1690s
 121563 71756   48.00000   80  202   93.00000   48.00000  48.4%  74.6 1706s
H121578 71756                      92.9999999   48.00000  48.4%  74.6 1706s
 121581 71941   48.00000   81  196   93.00000   48.00000  48.4%  74.6 1720s
 121878 72035   48.00000   82  192   93.00000   48.00000  48.4%  74.6 1736s
 122024 72464   48.00000   83  191   93.00000   48.00000  48.4%  74.6 1753s
 122643 72477   84.00000  121  144   93.00000   48.00000  48.4%  74.6 1770s
 122664 73448   84.00000  122  141   93.00000   48.00000  48.4%  74.6 1785s
 124164 74774   84.00000  123  138   93.00000   48.00000  48.4%  74.7 1799s
 126326 77862   86.00000   80  116   93.00000   48.00000  48.4%  74.8 1820s
 131355 77876   64.00000   67  179   93.00000   48.00000  48.4%  74.8 1830s
 131373 78118   64.00000   68  179   93.00000   48.00000  48.4%  74.8 1840s
 131797 78131   88.00000   71  162   93.00000   48.00000  48.4%  74.8 1851s
 131816 78250   88.00000   72  164   93.00000   48.00000  48.4%  74.8 1863s
 131955 78461 infeasible  101        93.00000   48.00000  48.4%  74.8 1875s
 132276 78504   92.00000  102  143   93.00000   48.00000  48.4%  74.8 1891s
 132321 79900 infeasible  103        93.00000   48.00000  48.4%  74.8 1902s
 134592 80697     cutoff   67        93.00000   48.00000  48.4%  74.8 1912s
 135974 81104   77.00000  135   82   93.00000   48.00000  48.4%  74.9 1921s
 136677 81405   53.00000   79  262   93.00000   48.00000  48.4%  74.9 1930s
 137174 81420   53.00000   80  259   93.00000   48.00000  48.4%  74.9 1941s
 137191 81679   53.00000   81  247   93.00000   48.00000  48.4%  74.9 1958s
 137568 82562   53.00000   82  245   93.00000   48.00000  48.4%  74.9 1971s
 138640 83096   53.00000   83  243   93.00000   48.00000  48.4%  74.9 1983s
 139400 85020   89.00000  127  129   93.00000   48.00000  48.4%  74.9 1995s
 142655 85692   64.00000   79   88   93.00000   48.00000  48.4%  74.9 2005s
 143769 87288   64.00000   80   88   93.00000   48.00000  48.4%  74.9 2016s
 146141 88023   78.00000  111  158   93.00000   48.00000  48.4%  74.9 2026s
 147518 88035   91.00000  142  133   93.00000   48.00000  48.4%  74.8 2052s
 147538 97670 infeasible  143        93.00000   48.00000  48.4%  74.8 2157s
 163538 97682   55.00000   83  200   93.00000   48.00000  48.4%  74.8 2169s
 163592 98545   55.00000   84  194   93.00000   48.00000  48.4%  74.8 2180s
 165214 98556   92.00000  109   55   93.00000   48.00000  48.4%  74.7 2194s
 165234 98828 infeasible  110        93.00000   48.00000  48.4%  74.7 2208s
 165666 98838   92.00000  110   63   93.00000   48.00000  48.4%  74.7 2227s
 165688 99348 infeasible  111        93.00000   48.00000  48.4%  74.7 2241s
 166607 100129   75.00000   73  162   93.00000   48.00000  48.4%  74.7 2255s
 168057 101605 infeasible  112        93.00000   48.00000  48.4%  74.7 2276s
 170564 102275   64.00000   97  149   93.00000   48.00000  48.4%  74.6 2288s
 171794 102786   78.00000   98  134   93.00000   48.00000  48.4%  74.6 2302s
 172717 102798   78.00000   99  133   93.00000   48.00000  48.4%  74.6 2318s
 172737 102973   78.00000  100  129   93.00000   48.00000  48.4%  74.6 2336s
 173067 103006   92.00000  132   88   93.00000   48.00000  48.4%  74.6 2355s
 173106 103330     cutoff  133        93.00000   48.00000  48.4%  74.6 2377s
 173630 103371   86.00000   89  121   93.00000   48.00000  48.4%  74.6 2400s
 173701 103486   86.00000   89  112   93.00000   48.00000  48.4%  74.6 2422s
 173830 103500   86.00000   90  109   93.00000   48.00000  48.4%  74.6 2448s
 173847 104238   86.00000   91  108   93.00000   48.00000  48.4%  74.6 2473s
 174929 106469   86.00000   91  108   93.00000   48.00000  48.4%  74.5 2499s
 178681 108405   62.00000  102  120   93.00000   48.00000  48.4%  74.4 2518s
 181832 108498   91.00000   91  146   93.00000   48.00000  48.4%  74.4 2534s
 181953 108751   91.00000   92  143   93.00000   48.00000  48.4%  74.4 2552s
 182328 108915   91.00000  116  114   93.00000   48.00000  48.4%  74.4 2573s
 182686 109372   91.00000  117  115   93.00000   48.00000  48.4%  74.4 2592s
 183449 109419   68.00000   86  111   93.00000   48.00000  48.4%  74.4 2609s
 183577 111539   68.00000   87  111   93.00000   48.00000  48.4%  74.4 2630s
 186836 111552   84.00000   84  108   93.00000   48.00000  48.4%  74.4 2651s
 186855 112318   84.00000   85  105   93.00000   48.00000  48.4%  74.4 2674s
 188078 114205   89.00000   86   91   93.00000   48.00000  48.4%  74.5 2691s
 191416 116586   92.00000  115  159   93.00000   48.00000  48.4%  74.4 2713s
 195684 116584   48.00000   72  240   93.00000   48.00000  48.4%  74.5 2722s
 195718 116599 infeasible   73        93.00000   48.00000  48.4%  74.5 2730s
 195735 116714   84.00000   74  149   93.00000   48.00000  48.4%  74.5 2743s
 195906 116727   90.00000   80  125   93.00000   48.00000  48.4%  74.5 2758s
 195925 116861   92.00000   81  121   93.00000   48.00000  48.4%  74.5 2771s
 196173 116877   92.00000   82  120   93.00000   48.00000  48.4%  74.5 2781s
 196189 117141   92.00000   83  120   93.00000   48.00000  48.4%  74.5 2791s
 196602 117191   92.00000   96   98   93.00000   48.00000  48.4%  74.5 2804s
 196678 117424   92.00000  104   86   93.00000   48.00000  48.4%  74.5 2816s
 197075 117518   58.00000  103  117   93.00000   48.00000  48.4%  74.5 2831s
 197221 117675   58.00000  104  118   93.00000   48.00000  48.4%  74.5 2850s
 197527 117809   58.00000  105  118   93.00000   48.00000  48.4%  74.6 2868s
 197760 119002   58.00000  106  124   93.00000   48.00000  48.4%  74.5 2887s
 200256 119024   92.00000   89   87   93.00000   48.00000  48.4%  74.5 2906s
 200311 119086   92.00000   90   88   93.00000   48.00000  48.4%  74.5 2921s
 200415 119359   92.00000   92   88   93.00000   48.00000  48.4%  74.5 2938s
 200894 120050   81.00000  101  147   93.00000   48.00000  48.4%  74.4 2955s
 202168 120055   92.00000   89   76   93.00000   48.00000  48.4%  74.4 2979s
 202195 120469   92.00000   90   70   93.00000   48.00000  48.4%  74.4 2999s
 202965 120536   92.00000   91   72   93.00000   48.00000  48.4%  74.4 3018s
 203095 122509   92.00000   93   72   93.00000   48.00000  48.4%  74.4 3037s
 205711 123485 infeasible  106        93.00000   48.00000  48.4%  74.6 3055s
 207277 124395 infeasible  106        93.00000   48.00000  48.4%  74.5 3073s
 208838 124411   75.00000   98  142   93.00000   48.00000  48.4%  74.4 3098s
 208860 124427   75.00000   99  130   93.00000   48.00000  48.4%  74.4 3118s
 208894 124931   90.00000  100  105   93.00000   48.00000  48.4%  74.4 3136s
 209780 126530   92.00000  120   81   93.00000   48.00000  48.4%  74.4 3155s
 212540 129231   91.00000  121   60   93.00000   48.00000  48.4%  74.4 3177s
 217059 129242   48.00000   99  180   93.00000   48.00000  48.4%  74.2 3186s
 217080 129283   48.00000  100  179   93.00000   48.00000  48.4%  74.2 3194s
 217171 129295   54.00000  101  147   93.00000   48.00000  48.4%  74.2 3205s
 217191 129568   54.00000  102  146   93.00000   48.00000  48.4%  74.2 3217s
 217629 129584   69.00000   70  110   93.00000   48.00000  48.4%  74.2 3227s
 217645 129683   84.00000   71  103   93.00000   48.00000  48.4%  74.2 3244s
 217821 129823   92.00000   72   98   93.00000   48.00000  48.4%  74.2 3256s
 218044 129857   92.00000   73  100   93.00000   48.00000  48.4%  74.2 3268s
 218114 130692   92.00000   74   96   93.00000   48.00000  48.4%  74.2 3280s
 219609 131138   92.00000   75   95   93.00000   48.00000  48.4%  74.2 3293s
 220537 131151   92.00000  108   56   93.00000   48.00000  48.4%  74.2 3306s
 220556 131367   92.00000  109   55   93.00000   48.00000  48.4%  74.2 3322s
 220940 131415   92.00000  110   57   93.00000   48.00000  48.4%  74.2 3343s
 221012 131731   92.00000  112   55   93.00000   48.00000  48.4%  74.2 3359s
 221550 131738   87.00000   97   70   93.00000   48.00000  48.4%  74.2 3375s
 221575 131749   87.00000   98   69   93.00000   48.00000  48.4%  74.2 3392s
 221596 131923   87.00000   99   91   93.00000   48.00000  48.4%  74.2 3411s
 221906 132134   87.00000  100   86   93.00000   48.00000  48.4%  74.2 3429s
 222214 132523   88.00000  101   82   93.00000   48.00000  48.4%  74.2 3448s
 222801 132680   88.00000  106   85   93.00000   48.00000  48.4%  74.2 3466s
 223101 134307   88.00000  107   79   93.00000   48.00000  48.4%  74.2 3487s
 226047 136468   78.00000   72  113   93.00000   48.00000  48.4%  74.1 3505s
 229164 136481   81.00000  148   92   93.00000   48.00000  48.4%  74.2 3523s
 229183 136713   81.00000  148   91   93.00000   48.00000  48.4%  74.2 3544s
 229519 136754   81.00000  149   87   93.00000   48.00000  48.4%  74.2 3560s
 229581 136767   81.00000  149   91   93.00000   48.00000  48.4%  74.2 3577s
 229607 138208 infeasible  150        93.00000   48.00000  48.4%  74.2 3594s
 232125 138223   65.00000   73  108   93.00000   48.00000  48.4%  74.0 3600s

Cutting planes:
  Gomory: 44
  Cover: 18
  MIR: 788
  Flow cover: 3110
  RLT: 531
  Relax-and-lift: 2

Explored 232142 nodes (17214606 simplex iterations) in 3600.06 seconds (2369.22 work units)
Thread count was 32 (of 32 available processors)

Solution count 10: 93 93 93 ... 96

Time limit reached
Best objective 9.299999994360e+01, best bound 4.800000000000e+01, gap 48.3871%
