
Gurobi 13.0.0 (linux64) logging started Fri Nov 21 01:32:49 2025

Set parameter LogFile to value "./Results/StripPacking-CutHeur/Logs/SBM-010-StripPacking-25.log"
Set parameter TimeLimit to value 3600
Set parameter Cuts to value 0
Set parameter Presolve to value 1
Set parameter Heuristics to value 0
Set parameter LogToConsole to value 0
Set parameter LPWarmStart to value 2
Gurobi Optimizer version 13.0.0 build v13.0.0rc1 (linux64 - "Debian GNU/Linux 12 (bookworm)")

CPU model: Intel(R) Xeon(R) CPU E5-2630 v3 @ 2.40GHz, instruction set [SSE2|AVX|AVX2]
Thread count: 16 physical cores, 32 logical processors, using up to 32 threads

Non-default parameters:
TimeLimit  3600
LPWarmStart  2
Heuristics  0
Cuts  0
LogToConsole  0
Presolve  1

Optimize a model with 5425 rows, 951 columns and 16250 nonzeros (Min)
Model fingerprint: 0x0996574c
Model has 1 linear objective coefficients
Variable types: 351 continuous, 600 integer (600 binary)
Coefficient statistics:
  Matrix range     [1e+00, 1e+04]
  Objective range  [1e+00, 1e+00]
  Bounds range     [1e+00, 1e+04]
  RHS range        [1e+00, 1e+04]

Warning: Completing partial solution with 600 unfixed non-continuous variables out of 600
User MIP start produced solution with objective 102.2 (0.01s)
User MIP start produced solution with objective 102.2 (0.01s)
Loaded user MIP start with objective 102.2

Presolve removed 1500 rows and 0 columns
Presolve time: 0.03s
Presolved: 3925 rows, 951 columns, 12350 nonzeros
Variable types: 351 continuous, 600 integer (600 binary)

Root relaxation: objective 3.500000e+01, 493 iterations, 0.02 seconds (0.02 work units)

    Nodes    |    Current Node    |     Objective Bounds      |     Work
 Expl Unexpl |  Obj  Depth IntInf | Incumbent    BestBd   Gap | It/Node Time

     0     0   35.00000    0  105  102.20000   35.00000  65.8%     -    0s
     0     0   35.00000    0  105  102.20000   35.00000  65.8%     -    0s
     0     0   35.00000    0   84  102.20000   35.00000  65.8%     -    0s
     0     2   35.00000    0   84  102.20000   35.00000  65.8%     -    0s
* 4066  3565             217     102.0000000   35.00000  65.7%  20.4    1s
* 7385  5726             124     101.0000000   35.00000  65.3%  27.0    4s
  7648  5713   51.00000   47   97  101.00000   35.00000  65.3%  26.7    5s
* 7865  5291             119      99.0000000   35.00000  64.6%  27.2    5s
* 9587  6069             113      98.0000000   35.00000  64.3%  28.7    6s
*11689  6679             133      95.0000000   35.00000  63.2%  29.0    8s
 14491  7854   85.00000   49   73   95.00000   35.00000  63.2%  29.5   10s
*15280  7535             167      94.0000000   35.00000  62.8%  29.5   10s
*15472  7253             119      93.0000000   35.00000  62.4%  29.5   10s
*18940  9614             123      92.0000000   35.00000  62.0%  30.5   13s
 22395 12387   61.00000   36   70   92.00000   35.00000  62.0%  30.8   15s
*26035 13750             157      91.0000000   35.00000  61.5%  30.6   17s
*29634 14521             141      90.0000000   35.00000  61.1%  30.3   19s
 31079 16016   74.00000   62   93   90.00000   35.00000  61.1%  30.3   20s
*33808 16675             142      89.0000000   35.00000  60.7%  30.0   21s
 39564 20911   50.00000   39   62   89.00000   35.00000  60.7%  30.0   25s
*39916 19088             164      88.0000000   35.00000  60.2%  30.0   25s
*47241 22169             118      87.0000000   35.00000  59.8%  30.5   28s
 50110 24182   86.00000   97   38   87.00000   35.00000  59.8%  30.6   30s
*57542 26356             117      86.0000000   35.00000  59.3%  30.7   34s
 57734 27724   82.00000   70   80   86.00000   35.00000  59.3%  30.8   35s
 66962 34345   84.00000  104   31   86.00000   35.00000  59.3%  31.1   40s
 77483 41605   85.00000   75   66   86.00000   35.00000  59.3%  31.6   46s
*77863 36678             141      85.0000000   35.00000  58.8%  31.6   46s
 86648 42166   52.00000   63  103   85.00000   35.00000  58.8%  31.9   51s
 92792 46549   84.00000   74   63   85.00000   35.00000  58.8%  32.1   55s
 102722 53374   83.00000   95   26   85.00000   35.00000  58.8%  32.3   60s
 111848 59809   75.00000   97   73   85.00000   35.00000  58.8%  32.8   66s
*114308 53315             135      84.0000000   35.00000  58.3%  32.9   66s
 121601 59658   79.00000   63   64   84.00000   35.00000  58.3%  33.0   71s
 128116 64362   63.00000   68  118   84.00000   35.00000  58.3%  33.3   75s
 138466 70749 infeasible   96        84.00000   35.00000  58.3%  33.4   81s
 148113 77418   47.00000   45  112   84.00000   35.00000  58.3%  33.6   87s
 154577 81823   37.00000   35  124   84.00000   35.00000  58.3%  33.7   90s
 164399 88160   83.00000  109   39   84.00000   35.00000  58.3%  34.0   96s
 170723 92813   72.00000   58  107   84.00000   35.00000  58.3%  34.2  100s
 180383 99443   57.00000   52  115   84.00000   35.00000  58.3%  34.5  105s
 190229 105699   50.00000   53  126   84.00000   35.00000  58.3%  34.6  111s
 199704 112422   43.00000   52  100   84.00000   35.00000  58.3%  34.8  116s
 206514 116941   67.00000   74   93   84.00000   35.00000  58.3%  35.0  120s
*208315 105849             118      83.0000000   35.00000  57.8%  35.0  120s
 216183 111816   37.00000   53  115   83.00000   35.00000  57.8%  35.1  126s
 222606 116003   55.00000   44  120   83.00000   35.00000  57.8%  35.2  130s
 232281 122585   73.00000   85   93   83.00000   35.00000  57.8%  35.4  136s
 241894 128507   73.00000   74   81   83.00000   35.00000  57.8%  35.5  141s
 248571 132535   64.00000   44   57   83.00000   35.00000  57.8%  35.6  145s
 258282 138771   76.00000   97   54   83.00000   35.00000  57.8%  35.7  151s
 264447 142865   63.00000   91  108   83.00000   35.00000  57.8%  35.8  155s
 273584 148657   64.00000   73  115   83.00000   35.00000  57.8%  36.1  161s
 283164 154987   59.00000   50   90   83.00000   35.00000  57.8%  36.2  166s
 289999 158758   80.00000   77   72   83.00000   35.00000  57.8%  36.3  170s
 299305 164755   81.00000   94   47   83.00000   35.00000  57.8%  36.4  176s
 306615 168905   57.00000   42   83   83.00000   35.00000  57.8%  36.4  180s
 316755 174959   55.00000   60   81   83.00000   35.00000  57.8%  36.4  185s
 326306 181855   75.00000   88   71   83.00000   35.00000  57.8%  36.5  191s
 332678 185924   69.00000   63  108   83.00000   35.00000  57.8%  36.6  195s
 342273 192487   56.00000   71  105   83.00000   35.00000  57.8%  36.6  200s
 352015 198738   82.00000   57   71   83.00000   35.00000  57.8%  36.7  206s
 358168 202993   71.00000   59   77   83.00000   35.00000  57.8%  36.8  210s
 368791 209702   80.00000  109   51   83.00000   35.00000  57.8%  36.8  216s
 374998 213864   35.00000   34  120   83.00000   35.00000  57.8%  36.9  220s
 384745 220479   80.00000   83   67   83.00000   35.00000  57.8%  37.1  226s
 391175 224618   62.00000   64   69   83.00000   35.00000  57.8%  37.1  230s
 400784 231082   78.00000   78   85   83.00000   35.00000  57.8%  37.2  235s
 410483 236945   71.00000   93   84   83.00000   35.00000  57.8%  37.2  240s
 420306 242973   79.00000  124   63   83.00000   35.00000  57.8%  37.2  246s
 426671 247053   71.00000   84   66   83.00000   35.00000  57.8%  37.3  250s
 436361 253214   68.00000   47   92   83.00000   35.00000  57.8%  37.3  256s
 442800 257185   81.00000   93   37   83.00000   35.00000  57.8%  37.3  260s
 452775 263796   80.00000   73   71   83.00000   35.00000  57.8%  37.4  266s
 459277 267850   77.00000   58   75   83.00000   35.00000  57.8%  37.5  270s
 469378 274102   35.45688   60  161   83.00000   35.00000  57.8%  37.5  276s
 475830 277912   79.00000   96   81   83.00000   35.00000  57.8%  37.5  280s
 485844 284236   35.00000   48  131   83.00000   35.00000  57.8%  37.6  286s
 492399 288056   35.00000   62  153   83.00000   35.00000  57.8%  37.6  290s
 502209 294376     cutoff   69        83.00000   35.00000  57.8%  37.6  296s
 508516 298067   56.00000   66  108   83.00000   35.00000  57.8%  37.7  300s
 518469 304415   62.00000   89  115   83.00000   35.00000  57.8%  37.8  306s
*524791 265530             147      82.0000000   35.00000  57.3%  37.8  308s
 525017 267126   65.00000   48   66   82.00000   35.00000  57.3%  37.8  310s
 534494 272561 infeasible   79        82.00000   35.00000  57.3%  37.9  316s
 541090 276613   54.00000   68  124   82.00000   35.00000  57.3%  37.9  321s
 547602 280665   81.00000   53   55   82.00000   35.00000  57.3%  38.0  325s
 557334 286375   81.00000  127   48   82.00000   35.00000  57.3%  38.0  331s
 563461 290384   62.00000   71  124   82.00000   35.00000  57.3%  38.1  335s
*563988 290303             117      82.0000000   35.00000  57.3%  38.1  335s
 572863 294421   81.00000   90   29   82.00000   35.00000  57.3%  38.1  340s
 580247 300403   66.00000   61  105   82.00000   35.00000  57.3%  38.2  346s
 586650 304189   79.00000  117   61   82.00000   35.00000  57.3%  38.2  350s
 596123 310096   47.00000   45   85   82.00000   35.00000  57.3%  38.2  356s
 602655 314011   79.00000   94   62   82.00000   35.00000  57.3%  38.2  360s
 612450 320229 infeasible   93        82.00000   35.00000  57.3%  38.3  366s
 619044 324059   81.00000   86   70   82.00000   35.00000  57.3%  38.3  370s
 629058 330096   45.00000   47  121   82.00000   35.00000  57.3%  38.3  376s
 635402 334115   36.00000   38  148   82.00000   35.00000  57.3%  38.3  380s
*635662 300864             142      81.0000000   35.00000  56.8%  38.3  381s
 641311 304195     cutoff   74        81.00000   35.00000  56.8%  38.4  385s
 650661 309811   49.00000   60  151   81.00000   35.00000  56.8%  38.5  391s
 656595 313843   78.00000   55   49   81.00000   35.00000  56.8%  38.5  395s
 666632 319780   80.00000  127   22   81.00000   35.00000  56.8%  38.6  401s
 672967 323570 infeasible  117        81.00000   35.00000  56.8%  38.6  405s
 679229 327453   80.00000   83  108   81.00000   35.00000  56.8%  38.7  410s
 688571 333215   80.00000   93   82   81.00000   35.00000  56.8%  38.8  416s
 695414 337074   80.00000   88   38   81.00000   35.00000  56.8%  38.8  420s
 702212 341010   79.00000   72   58   81.00000   35.00000  56.8%  38.9  425s
 711912 346832   62.00000   57  106   81.00000   35.00000  56.8%  38.9  431s
 718201 351064 infeasible  135        81.00000   35.00000  56.8%  39.0  436s
 724631 355046     cutoff   61        81.00000   35.00000  56.8%  39.1  440s
 731394 359040   74.00000   81   85   81.00000   35.00000  56.8%  39.1  445s
 741558 364704   75.00000   72   83   81.00000   35.00000  56.8%  39.2  451s
*743068 330016             133      80.0000000   35.00000  56.2%  39.2  451s
 747664 333655   35.00000   48  157   80.00000   35.00000  56.2%  39.2  455s
 754177 337764   79.00000   67   34   80.00000   35.00000  56.2%  39.3  460s
 760855 341587 infeasible  112        80.00000   35.00000  56.2%  39.4  465s
 770273 347364   78.00000   94   32   80.00000   35.00000  56.2%  39.5  471s
 776415 350830   78.00000   93   71   80.00000   35.00000  56.2%  39.5  476s
 782676 354339   71.00000   63  100   80.00000   35.00000  56.2%  39.6  480s
 792248 360080   71.00000   71   72   80.00000   35.00000  56.2%  39.7  486s
 798710 363802   74.00000   75   80   80.00000   35.00000  56.2%  39.7  490s
 805086 367128   79.00000   77   68   80.00000   35.00000  56.2%  39.8  495s
 814826 372334   44.00000   45   97   80.00000   35.00000  56.2%  39.8  501s
 821052 376178   73.00000   88   94   80.00000   35.00000  56.2%  39.9  506s
 827513 379817   50.00000   60  152   80.00000   35.00000  56.2%  40.0  510s
 836625 385188   47.00000   70  126   80.00000   35.00000  56.2%  40.1  517s
 842767 388882   41.00000   52  132   80.00000   35.00000  56.2%  40.1  521s
 848836 392883   56.00000   62   92   80.00000   35.00000  56.2%  40.2  526s
 855506 396616   77.00000   77   76   80.00000   35.00000  56.2%  40.3  530s
 865914 402093   62.00000   88  114   80.00000   35.00000  56.2%  40.3  536s
 871922 405950   78.00000   75   60   80.00000   35.00000  56.2%  40.4  541s
 878707 410178   71.00000   55   92   80.00000   35.00000  56.2%  40.4  546s
 885621 413659 infeasible   75        80.00000   35.00000  56.2%  40.5  550s
 891972 417326   79.00000   81   82   80.00000   35.00000  56.2%  40.6  555s
 901401 422627 infeasible   93        80.00000   35.00000  56.2%  40.6  561s
 907618 426691   69.00000  101   71   80.00000   35.00000  56.2%  40.7  566s
 914327 430527   79.00000   94   68   80.00000   35.00000  56.2%  40.7  570s
 923984 436178   48.00000   52  117   80.00000   35.00000  56.2%  40.8  576s
 930175 439778   79.00000   70   73   80.00000   35.00000  56.2%  40.8  581s
 936543 443889   79.00000  110   43   80.00000   35.00000  56.2%  40.8  585s
 943189 447626   35.00000   62  133   80.00000   35.00000  56.2%  40.9  590s
 952898 453194   70.00000   61   90   80.00000   35.00000  56.2%  41.0  596s
 959335 456672 infeasible  116        80.00000   35.00000  56.2%  41.0  601s
 965542 460564   63.00000   71   89   80.00000   35.00000  56.2%  41.1  605s
 972212 464229   72.00000   78   65   80.00000   35.00000  56.2%  41.1  610s
 982047 470000   78.00000  113   32   80.00000   35.00000  56.2%  41.2  617s
 988644 473535   68.00000   86  115   80.00000   35.00000  56.2%  41.2  621s
 994719 477520   56.00000   52   79   80.00000   35.00000  56.2%  41.3  626s
 1001648 481248   56.00000   67  129   80.00000   35.00000  56.2%  41.3  630s
 1008165 484923   75.00000   82   72   80.00000   35.00000  56.2%  41.3  635s
 1017949 490570   49.00000   63  128   80.00000   35.00000  56.2%  41.4  641s
 1023999 493987   79.00000   99   21   80.00000   35.00000  56.2%  41.4  646s
 1030457 497828 infeasible   79        80.00000   35.00000  56.2%  41.5  650s
 1037349 501633   77.00000   85   41   80.00000   35.00000  56.2%  41.5  655s
 1047471 507412   78.00000   94   14   80.00000   35.00000  56.2%  41.5  661s
 1053776 511082   35.96429   42  150   80.00000   35.00000  56.2%  41.6  665s
 1060301 514938 infeasible   81        80.00000   35.00000  56.2%  41.6  670s
 1069783 520340   74.00000   91   94   80.00000   35.00000  56.2%  41.7  676s
 1075880 524373   62.00000   85  119   80.00000   35.00000  56.2%  41.7  681s
 1082282 527900   79.00000  113   70   80.00000   35.00000  56.2%  41.8  685s
 1088960 531566   72.00000   91   65   80.00000   35.00000  56.2%  41.8  690s
 1098572 537048   77.00000   91   78   80.00000   35.00000  56.2%  41.8  696s
 1104558 540865   78.00000   75   65   80.00000   35.00000  56.2%  41.9  701s
 1111263 544156   78.00000   74   74   80.00000   35.00000  56.2%  41.9  705s
 1117286 547938   62.00000   61  112   80.00000   35.00000  56.2%  42.0  710s
 1127571 553593   79.00000  142   18   80.00000   35.00000  56.2%  42.0  716s
 1134136 557019   69.00000   72   81   80.00000   35.00000  56.2%  42.0  721s
 1140369 560696   79.00000   88   61   80.00000   35.00000  56.2%  42.0  725s
 1149792 566130   79.00000   67   43   80.00000   35.00000  56.2%  42.1  732s
 1156365 569945   79.00000   91   44   80.00000   35.00000  56.2%  42.1  736s
 1162957 573727   62.00000   62  136   80.00000   35.00000  56.2%  42.1  740s
 1169279 577494   71.00000   68  123   80.00000   35.00000  56.2%  42.1  745s
 1178913 583193   56.00000   69  126   80.00000   35.00000  56.2%  42.2  751s
 1185652 586951   61.00000   75  104   80.00000   35.00000  56.2%  42.2  755s
 1192497 590804   78.00000   48   81   80.00000   35.00000  56.2%  42.2  760s
 1201600 596228   79.00000   76   65   80.00000   35.00000  56.2%  42.3  766s
 1207939 600446   78.00000   63   66   80.00000   35.00000  56.2%  42.3  771s
 1214518 603999   79.00000  112   64   80.00000   35.00000  56.2%  42.4  775s
 1221335 607926     cutoff  106        80.00000   35.00000  56.2%  42.4  780s
 1231132 613384   78.00000   92   43   80.00000   35.00000  56.2%  42.4  786s
 1237657 617422 infeasible   88        80.00000   35.00000  56.2%  42.4  791s
 1244167 621263   59.00000   59   92   80.00000   35.00000  56.2%  42.5  795s
 1250814 625324   72.00000   62   89   80.00000   35.00000  56.2%  42.5  800s
 1260892 630670   77.00000   82   67   80.00000   35.00000  56.2%  42.5  806s
 1267475 634487   78.00000   92   69   80.00000   35.00000  56.2%  42.5  810s
 1274104 638499   74.00000   71   75   80.00000   35.00000  56.2%  42.5  815s
 1284308 644306   77.00000   56   83   80.00000   35.00000  56.2%  42.6  822s
 1290694 648265   77.00000   78   77   80.00000   35.00000  56.2%  42.6  826s
 1298030 652196   67.00000   51  106   80.00000   35.00000  56.2%  42.6  831s
 1304183 656097   77.00000   55   75   80.00000   35.00000  56.2%  42.6  835s
 1314103 661853   43.00000   45  136   80.00000   35.00000  56.2%  42.6  841s
 1320386 665756   36.00000   53  109   80.00000   35.00000  56.2%  42.6  845s
 1329989 671664   75.00000   91   59   80.00000   35.00000  56.2%  42.6  852s
 1336572 675863   76.00000   92   57   80.00000   35.00000  56.2%  42.6  856s
 1343388 680144 infeasible   81        80.00000   35.00000  56.2%  42.6  860s
 1353397 686302   79.00000   97   50   80.00000   35.00000  56.2%  42.6  866s
 1359838 690350   79.00000   86   40   80.00000   35.00000  56.2%  42.7  871s
 1366566 694488   45.00000   54  115   80.00000   35.00000  56.2%  42.7  875s
 1376648 700120   35.00000   57  163   80.00000   35.00000  56.2%  42.7  881s
 1383192 704457 infeasible   71        80.00000   35.00000  56.2%  42.7  885s
 1389816 708543   77.00000   62   80   80.00000   35.00000  56.2%  42.7  890s
 1399742 714531   77.00000   53   92   80.00000   35.00000  56.2%  42.7  896s
 1406306 718629   76.00000   64   68   80.00000   35.00000  56.2%  42.7  901s
 1412838 722171   69.00000   70  122   80.00000   35.00000  56.2%  42.7  905s
 1422135 727641   77.00000   85   75   80.00000   35.00000  56.2%  42.8  911s
 1428994 731675   70.00000   53   81   80.00000   35.00000  56.2%  42.8  915s
 1435182 735401   70.00000   64   79   80.00000   35.00000  56.2%  42.8  920s
 1445036 741546   51.00000   54  102   80.00000   35.00000  56.2%  42.8  926s
 1451607 745360 infeasible   96        80.00000   35.00000  56.2%  42.8  930s
 1458025 749464   79.00000   98   44   80.00000   35.00000  56.2%  42.8  935s
 1467786 755555   78.00000   97   33   80.00000   35.00000  56.2%  42.8  941s
 1474561 759980   75.00000   62   98   80.00000   35.00000  56.2%  42.8  946s
 1481494 764263   64.00000   90  114   80.00000   35.00000  56.2%  42.8  950s
 1491812 770123 infeasible  108        80.00000   35.00000  56.2%  42.8  956s
 1498588 773817   79.00000   93   52   80.00000   35.00000  56.2%  42.8  961s
 1505075 777851   54.00000   54  101   80.00000   35.00000  56.2%  42.8  965s
 1514428 783571   54.00000   39  106   80.00000   35.00000  56.2%  42.8  971s
 1521168 787324   35.00000   46  161   80.00000   35.00000  56.2%  42.8  976s
 1527626 791300   77.00000   50  111   80.00000   35.00000  56.2%  42.8  980s
 1537507 797136   78.00000   86   54   80.00000   35.00000  56.2%  42.8  986s
 1543890 801174   78.00000   76   67   80.00000   35.00000  56.2%  42.8  990s
 1553731 806822   65.00000   72   94   80.00000   35.00000  56.2%  42.7  996s
 1560082 810773   79.00000  134   49   80.00000   35.00000  56.2%  42.7 1001s
 1566635 814491   79.00000   95   38   80.00000   35.00000  56.2%  42.7 1005s
 1575920 820326 infeasible   92        80.00000   35.00000  56.2%  42.8 1011s
 1582248 824186 infeasible  112        80.00000   35.00000  56.2%  42.8 1015s
 1589065 827904     cutoff  107        80.00000   35.00000  56.2%  42.8 1020s
 1598691 833941   79.00000   79   40   80.00000   35.00000  56.2%  42.8 1026s
 1605507 837773   40.00000   46  100   80.00000   35.00000  56.2%  42.8 1030s
 1611993 841691   52.00000   76  169   80.00000   35.00000  56.2%  42.7 1035s
 1621548 847565   74.00000   61   58   80.00000   35.00000  56.2%  42.8 1041s
 1627750 851348 infeasible  120        80.00000   35.00000  56.2%  42.8 1045s
 1634832 855637   75.00000   84   61   80.00000   35.00000  56.2%  42.8 1050s
 1644903 861461   78.00000   86   80   80.00000   35.00000  56.2%  42.8 1056s
 1651301 865426   77.00000   58   94   80.00000   35.00000  56.2%  42.8 1060s
 1661160 871467   78.00000   98   50   80.00000   35.00000  56.2%  42.8 1066s
 1668043 875201   56.00000   75  132   80.00000   35.00000  56.2%  42.8 1070s
 1677702 881304   51.00000   51  108   80.00000   35.00000  56.2%  42.8 1076s
 1684087 885132 infeasible   73        80.00000   35.00000  56.2%  42.8 1080s
 1690222 888780   77.00000   72   58   80.00000   35.00000  56.2%  42.8 1085s
 1699953 894935   73.00000   85  103   80.00000   35.00000  56.2%  42.8 1091s
 1706705 898627   78.00000   77   97   80.00000   35.00000  56.2%  42.8 1095s
 1716390 903989   46.00000   53  144   80.00000   35.00000  56.2%  42.8 1101s
 1722519 907892   72.00000   58   96   80.00000   35.00000  56.2%  42.8 1105s
 1732347 913962   73.00000   64  113   80.00000   35.00000  56.2%  42.8 1111s
 1738720 917337   70.00000   79  110   80.00000   35.00000  56.2%  42.8 1115s
 1745035 921203   78.00000   82   72   80.00000   35.00000  56.2%  42.9 1120s
 1754582 926919   58.00000   82  126   80.00000   35.00000  56.2%  42.9 1126s
 1761144 930780 infeasible   79        80.00000   35.00000  56.2%  42.9 1131s
 1767671 934672   78.00000   92   82   80.00000   35.00000  56.2%  42.9 1135s
 1777405 940315   72.00000  104   82   80.00000   35.00000  56.2%  42.9 1141s
 1783558 943966   61.00000   69  126   80.00000   35.00000  56.2%  42.9 1145s
 1793721 949052   78.00000   57   81   80.00000   35.00000  56.2%  42.9 1151s
 1800222 952762   79.00000   87   47   80.00000   35.00000  56.2%  42.9 1155s
 1806831 956376   79.00000  101   86   80.00000   35.00000  56.2%  42.9 1160s
 1816580 962061   55.00000   61  107   80.00000   35.00000  56.2%  42.9 1166s
 1823225 965915   72.00000  106  116   80.00000   35.00000  56.2%  42.9 1170s
 1832734 971594   64.00000   70   97   80.00000   35.00000  56.2%  42.9 1176s
 1839296 975824   57.00000   86   80   80.00000   35.00000  56.2%  42.9 1180s
 1849452 981350     cutoff   89        80.00000   35.00000  56.2%  42.9 1186s
 1855841 985187 infeasible  114        80.00000   35.00000  56.2%  42.9 1190s
 1865675 991152 infeasible  100        80.00000   35.00000  56.2%  42.9 1197s
 1872804 995020   79.00000  100   37   80.00000   35.00000  56.2%  42.9 1201s
 1879197 998400   79.00000  100   51   80.00000   35.00000  56.2%  42.9 1205s
 1889011 1003944   78.00000   79   66   80.00000   35.00000  56.2%  42.9 1211s
 1895891 1007999   78.00000   72  109   80.00000   35.00000  56.2%  42.9 1215s
 1906021 1013588 infeasible   93        80.00000   35.00000  56.2%  42.9 1221s
 1912364 1017628   74.00000   50   73   80.00000   35.00000  56.2%  42.9 1225s
 1922003 1023447   79.00000   88   46   80.00000   35.00000  56.2%  42.9 1232s
 1928536 1027235   56.00000   58  116   80.00000   35.00000  56.2%  42.9 1236s
 1935054 1031047   72.00000   61  138   80.00000   35.00000  56.2%  42.9 1240s
 1944827 1037047   49.00000   62  128   80.00000   35.00000  56.2%  42.9 1247s
 1951596 1040870   79.00000   84   83   80.00000   35.00000  56.2%  42.9 1251s
 1958421 1044358   62.00000   57  125   80.00000   35.00000  56.2%  42.9 1255s
 1968156 1050375   59.24719   84   86   80.00000   35.00000  56.2%  42.9 1261s
 1974704 1054318   74.00000   61   66   80.00000   35.00000  56.2%  42.9 1265s
 1984141 1059877   55.00000   58  123   80.00000   35.00000  56.2%  42.9 1271s
 1990619 1063917   58.00000   91  109   80.00000   35.00000  56.2%  42.9 1276s
 1996845 1067757   74.00000   95   64   80.00000   35.00000  56.2%  42.9 1280s
 2006706 1073089   79.00000   67   66   80.00000   35.00000  56.2%  42.9 1286s
 2013371 1076715   78.00000  119   44   80.00000   35.00000  56.2%  42.9 1291s
 2020074 1080252   71.00000   79  120   80.00000   35.00000  56.2%  42.9 1295s
 2029464 1086172   68.00000  118   71   80.00000   35.00000  56.2%  42.9 1301s
 2035846 1090159   79.00000   97   57   80.00000   35.00000  56.2%  42.9 1305s
 2046072 1095966   78.00000   88   55   80.00000   35.00000  56.2%  42.9 1311s
 2052276 1099766   44.00000   45  130   80.00000   35.00000  56.2%  42.9 1315s
 2062099 1105213 infeasible  119        80.00000   35.00000  56.2%  42.9 1321s
 2068303 1108859   74.00000   55   79   80.00000   35.00000  56.2%  42.9 1325s
 2078303 1114957   72.00000   91   74   80.00000   35.00000  56.2%  42.9 1332s
 2084571 1118625   77.00000   69   48   80.00000   35.00000  56.2%  42.9 1335s
 2091069 1122446   75.00000   76  106   80.00000   35.00000  56.2%  42.9 1340s
 2100751 1128003   78.00000  109   73   80.00000   35.00000  56.2%  42.9 1346s
 2106651 1131771   64.00000   64   95   80.00000   35.00000  56.2%  42.9 1350s
 2116513 1137483   55.00000   72  121   80.00000   35.00000  56.2%  43.0 1357s
 2123213 1141147   77.00000   88   96   80.00000   35.00000  56.2%  42.9 1361s
 2129200 1145241 infeasible  110        80.00000   35.00000  56.2%  43.0 1365s
 2135923 1148949   62.00000   48   92   80.00000   35.00000  56.2%  43.0 1370s
 2145597 1154957   79.00000   94   46   80.00000   35.00000  56.2%  43.0 1376s
 2152128 1158524   55.00000   53  109   80.00000   35.00000  56.2%  43.0 1380s
 2161849 1164144   62.00000   74  142   80.00000   35.00000  56.2%  43.0 1386s
 2168428 1168236   76.00000   83   88   80.00000   35.00000  56.2%  43.0 1391s
 2175268 1172088 infeasible  105        80.00000   35.00000  56.2%  43.0 1395s
 2185144 1177786   55.00000   50   87   80.00000   35.00000  56.2%  43.0 1401s
 2191508 1181582   69.00000   70   99   80.00000   35.00000  56.2%  43.0 1406s
 2197863 1185280   71.00000   63   53   80.00000   35.00000  56.2%  43.0 1410s
 2207617 1190713 infeasible   76        80.00000   35.00000  56.2%  43.0 1416s
 2214009 1194823   74.00000   58   90   80.00000   35.00000  56.2%  43.0 1421s
 2220592 1198618   64.00000   63  102   80.00000   35.00000  56.2%  43.0 1425s
 2230263 1204228 infeasible   77        80.00000   35.00000  56.2%  43.1 1432s
 2237178 1207956     cutoff  116        80.00000   35.00000  56.2%  43.1 1436s
 2243511 1211454   77.00000   83   64   80.00000   35.00000  56.2%  43.1 1440s
 2249444 1215043 infeasible   71        80.00000   35.00000  56.2%  43.1 1445s
 2259167 1220731   79.00000   99   40   80.00000   35.00000  56.2%  43.1 1451s
 2265511 1224477   71.00000   92  121   80.00000   35.00000  56.2%  43.1 1456s
 2271919 1228194   78.00000   95   61   80.00000   35.00000  56.2%  43.1 1460s
 2281952 1233547   38.00000   52  108   80.00000   35.00000  56.2%  43.1 1466s
 2288171 1237001   68.00000   65  120   80.00000   35.00000  56.2%  43.1 1471s
 2294364 1240965   71.00000  133   68   80.00000   35.00000  56.2%  43.2 1475s
 2304150 1246636   78.00000   80   84   80.00000   35.00000  56.2%  43.2 1482s
 2310258 1250530     cutoff   59        80.00000   35.00000  56.2%  43.2 1486s
 2317085 1254087   76.00000   83   64   80.00000   35.00000  56.2%  43.2 1490s
 2323759 1257590   40.00000   69  133   80.00000   35.00000  56.2%  43.2 1495s
 2329935 1261156   79.00000   92   42   80.00000   35.00000  56.2%  43.2 1500s
 2340172 1267034   72.00000   99   80   80.00000   35.00000  56.2%  43.2 1506s
 2346731 1270728   61.00000   72  148   80.00000   35.00000  56.2%  43.2 1511s
 2353452 1274619   72.00000   76   99   80.00000   35.00000  56.2%  43.2 1515s
 2359311 1278351   77.00000   82   53   80.00000   35.00000  56.2%  43.2 1520s
 2369750 1283965 infeasible   73        80.00000   35.00000  56.2%  43.3 1526s
 2376487 1288087   74.00000   70  108   80.00000   35.00000  56.2%  43.3 1530s
 2383039 1291836 infeasible  140        80.00000   35.00000  56.2%  43.3 1535s
 2392176 1297617   59.00000   59   96   80.00000   35.00000  56.2%  43.3 1541s
 2399580 1301618   54.00000   40  104   80.00000   35.00000  56.2%  43.3 1545s
 2406292 1305196   79.00000   99   45   80.00000   35.00000  56.2%  43.3 1550s
 2415995 1310781   74.00000   61   96   80.00000   35.00000  56.2%  43.3 1556s
 2422236 1314717   79.00000   76   66   80.00000   35.00000  56.2%  43.3 1561s
 2429113 1318483     cutoff   92        80.00000   35.00000  56.2%  43.3 1565s
 2439120 1323925   65.00000   61   91   80.00000   35.00000  56.2%  43.3 1572s
 2446019 1327748   74.00000   82   99   80.00000   35.00000  56.2%  43.3 1576s
 2452429 1331921   64.00000   70  140   80.00000   35.00000  56.2%  43.3 1580s
 2462460 1337621   58.00000   58   58   80.00000   35.00000  56.2%  43.3 1586s
 2468867 1341440   78.00000   90   48   80.00000   35.00000  56.2%  43.3 1591s
 2475189 1345269   58.00000   77   93   80.00000   35.00000  56.2%  43.3 1595s
 2484960 1351150   54.00000   81  141   80.00000   35.00000  56.2%  43.3 1601s
 2491472 1354946   79.00000   68   59   80.00000   35.00000  56.2%  43.3 1605s
 2498096 1359008   79.00000  123   29   80.00000   35.00000  56.2%  43.3 1610s
 2508317 1364978   78.00000  118   33   80.00000   35.00000  56.2%  43.3 1616s
 2514419 1368793 infeasible   82        80.00000   35.00000  56.2%  43.3 1620s
 2524410 1374979   71.00000   52   98   80.00000   35.00000  56.2%  43.3 1626s
 2530746 1378995   78.00000   66   90   80.00000   35.00000  56.2%  43.3 1630s
 2540340 1384855 infeasible  105        80.00000   35.00000  56.2%  43.4 1637s
 2547041 1388624   64.00000   66   92   80.00000   35.00000  56.2%  43.3 1641s
 2553752 1392851   78.00000   55   80   80.00000   35.00000  56.2%  43.4 1645s
 2563782 1398748   77.00000   98   58   80.00000   35.00000  56.2%  43.3 1651s
 2570464 1402873   74.00000  105   54   80.00000   35.00000  56.2%  43.3 1656s
 2576574 1406812 infeasible  126        80.00000   35.00000  56.2%  43.4 1660s
 2586389 1413128   79.00000   99   30   80.00000   35.00000  56.2%  43.4 1667s
 2592913 1417179   76.00000   85   70   80.00000   35.00000  56.2%  43.4 1671s
 2599300 1420809 infeasible  106        80.00000   35.00000  56.2%  43.4 1675s
 2608534 1426353   55.00000   58  115   80.00000   35.00000  56.2%  43.4 1681s
 2615326 1430132   71.00000   62   74   80.00000   35.00000  56.2%  43.4 1685s
 2625485 1435841 infeasible   78        80.00000   35.00000  56.2%  43.4 1691s
 2631558 1439861   54.00000   41   84   80.00000   35.00000  56.2%  43.4 1695s
 2641496 1445560   58.00000   71  117   80.00000   35.00000  56.2%  43.3 1702s
 2647768 1449523   78.00000   74   61   80.00000   35.00000  56.2%  43.4 1705s
 2657897 1455605   62.00000   82  100   80.00000   35.00000  56.2%  43.3 1711s
 2664052 1459454   42.00000   53  111   80.00000   35.00000  56.2%  43.3 1715s
 2673771 1465329   79.00000   84   54   80.00000   35.00000  56.2%  43.3 1721s
 2679512 1468912     cutoff   73        80.00000   35.00000  56.2%  43.3 1725s
 2686258 1472936   69.00000   78  109   80.00000   35.00000  56.2%  43.3 1730s
 2695461 1478978   78.00000   80   29   80.00000   35.00000  56.2%  43.3 1735s
 2705605 1485007   77.00000   63   82   80.00000   35.00000  56.2%  43.3 1741s
 2711805 1488858 infeasible  100        80.00000   35.00000  56.2%  43.3 1746s
 2718610 1492875   75.00000   63   63   80.00000   35.00000  56.2%  43.3 1750s
 2728279 1498583     cutoff   65        80.00000   35.00000  56.2%  43.3 1756s
 2734662 1502426     cutoff   84        80.00000   35.00000  56.2%  43.3 1760s
 2744078 1508092   51.00000   75  132   80.00000   35.00000  56.2%  43.3 1766s
 2751078 1512350   35.00000   40  152   80.00000   35.00000  56.2%  43.3 1770s
 2761047 1518739   62.00000   47   64   80.00000   35.00000  56.2%  43.3 1777s
 2767945 1522637 infeasible   84        80.00000   35.00000  56.2%  43.3 1781s
 2774368 1526485   43.00000   40  113   80.00000   35.00000  56.2%  43.3 1785s
 2784360 1532681   74.00000   86   69   80.00000   35.00000  56.2%  43.3 1791s
 2790525 1536641   55.00000   57  103   80.00000   35.00000  56.2%  43.3 1795s
*2794119 1323252             129      79.0000000   35.00000  55.7%  43.3 1799s
 2797118 1324782   56.00000   55   94   79.00000   35.00000  55.7%  43.3 1801s
 2803492 1328702   78.00000   52   82   79.00000   35.00000  55.7%  43.3 1806s
 2809941 1332387   51.00000   47   87   79.00000   35.00000  55.7%  43.3 1810s
 2819128 1337881   69.00000   59  106   79.00000   35.00000  55.7%  43.4 1816s
 2826247 1341912   69.00000   59  109   79.00000   35.00000  55.7%  43.4 1820s
 2835690 1347822   70.00000   48   78   79.00000   35.00000  55.7%  43.4 1826s
 2842007 1351791   74.00000   59   53   79.00000   35.00000  55.7%  43.4 1830s
 2851925 1357649   76.00000   83   48   79.00000   35.00000  55.7%  43.4 1836s
 2858168 1361382   78.00000   95   58   79.00000   35.00000  55.7%  43.4 1840s
 2864450 1365228 infeasible   72        79.00000   35.00000  55.7%  43.4 1845s
 2874874 1371318   57.00000   46   95   79.00000   35.00000  55.7%  43.4 1851s
 2881146 1375374   35.32108   62  155   79.00000   35.00000  55.7%  43.4 1855s
 2890868 1381339 infeasible   62        79.00000   35.00000  55.7%  43.4 1862s
 2897397 1385055   75.00000   69   83   79.00000   35.00000  55.7%  43.4 1866s
 2903401 1388994   75.00000   94   63   79.00000   35.00000  55.7%  43.4 1870s
 2913534 1394738   62.00000   51   94   79.00000   35.00000  55.7%  43.4 1876s
 2920098 1398422   57.00000   50   95   79.00000   35.00000  55.7%  43.4 1880s
 2926265 1402496 infeasible   68        79.00000   35.00000  55.7%  43.4 1885s
 2937300 1408046   75.00000   61   59   79.00000   35.00000  55.7%  43.4 1891s
 2943582 1411957   71.00000   53   78   79.00000   35.00000  55.7%  43.4 1896s
 2950507 1416025   67.00000   81  107   79.00000   35.00000  55.7%  43.4 1900s
 2960205 1421723   56.00000   55   83   79.00000   35.00000  55.7%  43.4 1906s
 2966411 1425404   70.00000   82   91   79.00000   35.00000  55.7%  43.4 1910s
 2972829 1429266   62.00000   60   82   79.00000   35.00000  55.7%  43.4 1915s
 2982416 1434766   35.00000   55  162   79.00000   35.00000  55.7%  43.4 1921s
 2988879 1438608   73.00000   74   94   79.00000   35.00000  55.7%  43.4 1925s
 2998744 1444039     cutoff   73        79.00000   35.00000  55.7%  43.4 1931s
 3004588 1447596   75.00000   77   42   79.00000   35.00000  55.7%  43.4 1936s
 3010939 1451362   76.00000   58   76   79.00000   35.00000  55.7%  43.4 1940s
 3020392 1457125   78.00000   79   72   79.00000   35.00000  55.7%  43.4 1946s
 3027003 1460666   66.00000   79  115   79.00000   35.00000  55.7%  43.5 1951s
 3033855 1464473   71.00000   75   82   79.00000   35.00000  55.7%  43.5 1955s
 3043621 1469953   54.00000   56  120   79.00000   35.00000  55.7%  43.5 1961s
 3049808 1473435   69.00000   62   91   79.00000   35.00000  55.7%  43.5 1966s
 3056126 1477319   75.00000   72   68   79.00000   35.00000  55.7%  43.5 1970s
 3065926 1483363   62.00000   82  111   79.00000   35.00000  55.7%  43.5 1977s
 3072663 1486778 infeasible   84        79.00000   35.00000  55.7%  43.5 1981s
 3079013 1490795   35.00000   46  167   79.00000   35.00000  55.7%  43.5 1986s
 3085550 1494557   78.00000   68   49   79.00000   35.00000  55.7%  43.5 1990s
 3095187 1500574   67.00000   70   96   79.00000   35.00000  55.7%  43.6 1997s
 3102022 1504104   75.00000   97   50   79.00000   35.00000  55.7%  43.6 2001s
 3108424 1507251   71.00000   72  111   79.00000   35.00000  55.7%  43.6 2005s
 3117573 1512687 infeasible   86        79.00000   35.00000  55.7%  43.6 2011s
 3124275 1516270   56.00000   52   87   79.00000   35.00000  55.7%  43.6 2016s
 3130654 1519942 infeasible  109        79.00000   35.00000  55.7%  43.6 2020s
 3136441 1523885 infeasible   67        79.00000   35.00000  55.7%  43.6 2025s
 3146847 1529417   75.00000   67   93   79.00000   35.00000  55.7%  43.6 2031s
 3152975 1533246   74.00000   76   70   79.00000   35.00000  55.7%  43.7 2036s
 3159559 1537335   78.00000   70   84   79.00000   35.00000  55.7%  43.7 2041s
 3165702 1540770   72.00000   75   79   79.00000   35.00000  55.7%  43.7 2045s
 3172477 1544833   70.00000   94   81   79.00000   35.00000  55.7%  43.7 2050s
 3178930 1548699   73.00000   57   81   79.00000   35.00000  55.7%  43.7 2055s
 3189314 1554642   75.00000   70   94   79.00000   35.00000  55.7%  43.7 2062s
 3195515 1558295 infeasible   78        79.00000   35.00000  55.7%  43.7 2066s
 3201952 1561694   78.00000  100   50   79.00000   35.00000  55.7%  43.8 2070s
 3208664 1565304   73.00000   88   76   79.00000   35.00000  55.7%  43.8 2075s
 3215553 1568847 infeasible   74        79.00000   35.00000  55.7%  43.8 2080s
 3224823 1574219   78.00000   99   63   79.00000   35.00000  55.7%  43.8 2087s
 3231701 1578182   57.00000   66  109   79.00000   35.00000  55.7%  43.8 2091s
 3238468 1581400   64.00000   74  109   79.00000   35.00000  55.7%  43.8 2096s
 3245022 1585182   71.00000   67   75   79.00000   35.00000  55.7%  43.9 2100s
 3254127 1590651   75.00000   58   92   79.00000   35.00000  55.7%  43.9 2106s
 3260641 1594400   69.00000   64   80   79.00000   35.00000  55.7%  43.9 2111s
 3267018 1598304   62.00000   60   96   79.00000   35.00000  55.7%  43.9 2115s
 3273986 1601768   75.00000   85   69   79.00000   35.00000  55.7%  43.9 2120s
 3283977 1606919   56.00000   64  116   79.00000   35.00000  55.7%  43.9 2126s
 3290159 1610780   57.00000   54   88   79.00000   35.00000  55.7%  44.0 2131s
 3296814 1614389   71.00000   82  104   79.00000   35.00000  55.7%  44.0 2136s
 3303294 1618219   67.00000   78   90   79.00000   35.00000  55.7%  44.0 2140s
 3309917 1621816 infeasible   70        79.00000   35.00000  55.7%  44.0 2145s
 3318977 1627200   69.00000   49   97   79.00000   35.00000  55.7%  44.0 2152s
 3325728 1631012   77.00000   93   48   79.00000   35.00000  55.7%  44.0 2156s
 3332472 1634736   73.00000   90   59   79.00000   35.00000  55.7%  44.1 2161s
 3338760 1638545     cutoff   73        79.00000   35.00000  55.7%  44.1 2165s
 3344887 1642113   38.00000   63  167   79.00000   35.00000  55.7%  44.1 2170s
 3354806 1647600   47.00000   44  107   79.00000   35.00000  55.7%  44.1 2176s
 3361300 1651344   70.00000   61   68   79.00000   35.00000  55.7%  44.1 2180s
 3367794 1654993   62.00000   43  102   79.00000   35.00000  55.7%  44.1 2185s
 3376866 1660220   71.00000   82  112   79.00000   35.00000  55.7%  44.1 2191s
 3383335 1663961   51.00000   61   97   79.00000   35.00000  55.7%  44.1 2196s
 3389844 1667633   75.00000   77   80   79.00000   35.00000  55.7%  44.2 2201s
 3396392 1671179   75.00000   91   64   79.00000   35.00000  55.7%  44.2 2205s
 3402754 1674780   78.00000   86   61   79.00000   35.00000  55.7%  44.2 2210s
 3409310 1678261   72.00000   48   75   79.00000   35.00000  55.7%  44.2 2215s
 3418849 1683674   67.00000   77  102   79.00000   35.00000  55.7%  44.2 2221s
 3425496 1687116   73.00000   67   92   79.00000   35.00000  55.7%  44.2 2226s
 3431671 1690553   35.00000   60  175   79.00000   35.00000  55.7%  44.2 2231s
 3437989 1694406   78.00000   64   77   79.00000   35.00000  55.7%  44.2 2235s
 3444594 1698066 infeasible   94        79.00000   35.00000  55.7%  44.3 2240s
 3454551 1703658   51.00000   51  132   79.00000   35.00000  55.7%  44.3 2246s
 3460756 1707066   56.00000   54  105   79.00000   35.00000  55.7%  44.3 2251s
 3467256 1710971   78.00000   60   73   79.00000   35.00000  55.7%  44.3 2255s
 3473860 1714551   62.00000   57   91   79.00000   35.00000  55.7%  44.3 2260s
 3483903 1720072 infeasible   82        79.00000   35.00000  55.7%  44.3 2267s
 3489912 1723626 infeasible   66        79.00000   35.00000  55.7%  44.3 2271s
 3496775 1727068   64.00000   66   87   79.00000   35.00000  55.7%  44.3 2276s
 3503215 1730376   58.00000   59  100   79.00000   35.00000  55.7%  44.4 2280s
 3509486 1733604   66.00000   76   95   79.00000   35.00000  55.7%  44.4 2285s
 3519184 1739554   68.00000   71  100   79.00000   35.00000  55.7%  44.4 2292s
 3525263 1743328   68.00000   77   82   79.00000   35.00000  55.7%  44.4 2296s
 3531931 1747171   44.00000   61  138   79.00000   35.00000  55.7%  44.4 2301s
 3538577 1751346 infeasible   94        79.00000   35.00000  55.7%  44.4 2305s
 3545340 1754815   57.00000   68   99   79.00000   35.00000  55.7%  44.4 2310s
 3555055 1760009   35.00000   65  184   79.00000   35.00000  55.7%  44.4 2316s
 3561246 1763363   36.00000   55  185   79.00000   35.00000  55.7%  44.4 2321s
 3567495 1767226 infeasible   89        79.00000   35.00000  55.7%  44.5 2326s
 3574098 1771065   74.00000   62  117   79.00000   35.00000  55.7%  44.5 2330s
 3580526 1774652   70.00000   65   79   79.00000   35.00000  55.7%  44.5 2335s
 3589855 1780286   69.00000   74   95   79.00000   35.00000  55.7%  44.5 2341s
 3596446 1784065   64.00000   69   75   79.00000   35.00000  55.7%  44.5 2346s
 3602915 1787731   77.00000   81   70   79.00000   35.00000  55.7%  44.5 2350s
 3609447 1791386   76.00000   77   95   79.00000   35.00000  55.7%  44.5 2355s
 3615786 1795265   55.00000   68  118   79.00000   35.00000  55.7%  44.5 2360s
 3622386 1799103 infeasible   67        79.00000   35.00000  55.7%  44.5 2365s
 3632152 1804807 infeasible   76        79.00000   35.00000  55.7%  44.5 2372s
 3638653 1808518   64.00000   64   99   79.00000   35.00000  55.7%  44.6 2376s
 3645131 1812712   72.00000   48   85   79.00000   35.00000  55.7%  44.6 2381s
 3651621 1816470   76.00000   59   74   79.00000   35.00000  55.7%  44.6 2385s
 3658234 1820069   55.00000   53  109   79.00000   35.00000  55.7%  44.6 2390s
 3668072 1825682   55.00000   42  113   79.00000   35.00000  55.7%  44.6 2397s
 3674070 1829831   59.00000   57   92   79.00000   35.00000  55.7%  44.6 2401s
 3681387 1833320 infeasible  105        79.00000   35.00000  55.7%  44.6 2405s
 3687747 1837202   75.00000  104   65   79.00000   35.00000  55.7%  44.6 2410s
 3697699 1842996   72.00000   77  112   79.00000   35.00000  55.7%  44.6 2417s
 3704070 1846936   74.00000   79   72   79.00000   35.00000  55.7%  44.6 2421s
 3710826 1850882   78.00000   77   66   79.00000   35.00000  55.7%  44.6 2425s
 3717092 1854733   77.00000   77   52   79.00000   35.00000  55.7%  44.6 2430s
 3726681 1860589   72.00000  111   70   79.00000   35.00000  55.7%  44.6 2437s
 3733018 1864479   51.00000   60  100   79.00000   35.00000  55.7%  44.6 2441s
 3739315 1868262   78.00000   83   42   79.00000   35.00000  55.7%  44.6 2445s
 3745976 1872318   77.00000   77   85   79.00000   35.00000  55.7%  44.6 2450s
 3755810 1878345 infeasible   79        79.00000   35.00000  55.7%  44.7 2456s
 3762259 1881939   62.00000   77  101   79.00000   35.00000  55.7%  44.7 2461s
 3768356 1885761   73.00000   72   72   79.00000   35.00000  55.7%  44.7 2465s
 3778236 1891231   78.00000   69   51   79.00000   35.00000  55.7%  44.7 2471s
 3784285 1894988   45.00000   67  165   79.00000   35.00000  55.7%  44.7 2476s
 3790763 1898709   51.00000   69  140   79.00000   35.00000  55.7%  44.7 2480s
 3797467 1902804   51.00000   53  125   79.00000   35.00000  55.7%  44.7 2485s
 3807025 1908548   78.00000   62   70   79.00000   35.00000  55.7%  44.7 2491s
 3813858 1912613   56.00000   60  114   79.00000   35.00000  55.7%  44.7 2496s
 3820417 1916077   35.00000   70  164   79.00000   35.00000  55.7%  44.7 2500s
 3830379 1922170   51.00000   65  103   79.00000   35.00000  55.7%  44.7 2506s
 3836467 1925891 infeasible   67        79.00000   35.00000  55.7%  44.7 2511s
 3842779 1929595   78.00000   71   66   79.00000   35.00000  55.7%  44.7 2516s
 3849276 1933358 infeasible   78        79.00000   35.00000  55.7%  44.7 2520s
 3858754 1939265   77.00000   86   41   79.00000   35.00000  55.7%  44.7 2526s
 3865634 1943161   76.00000  103   87   79.00000   35.00000  55.7%  44.7 2531s
 3872606 1946829   43.00000   41   99   79.00000   35.00000  55.7%  44.7 2535s
 3881986 1952566   69.00000   82   92   79.00000   35.00000  55.7%  44.7 2542s
 3888751 1956429 infeasible   74        79.00000   35.00000  55.7%  44.7 2545s
 3898361 1961812   73.00000   63  105   79.00000   35.00000  55.7%  44.7 2551s
 3904553 1965694   76.00000   97   47   79.00000   35.00000  55.7%  44.7 2556s
 3911135 1969493   78.00000   71   51   79.00000   35.00000  55.7%  44.7 2560s
 3920900 1975593   77.00000   83   41   79.00000   35.00000  55.7%  44.7 2567s
 3927534 1979194   70.00000   58  107   79.00000   35.00000  55.7%  44.7 2571s
 3933489 1982930   77.00000   70   67   79.00000   35.00000  55.7%  44.7 2575s
 3940013 1986877   69.00000   54  102   79.00000   35.00000  55.7%  44.7 2580s
 3950119 1992983   77.00000   81   62   79.00000   35.00000  55.7%  44.7 2586s
 3956636 1996722   74.00000   72   70   79.00000   35.00000  55.7%  44.7 2591s
 3963043 2000400   78.00000   82   89   79.00000   35.00000  55.7%  44.7 2595s
 3969228 2004219   41.00000   61  170   79.00000   35.00000  55.7%  44.7 2600s
 3979188 2010104   73.00000   71   98   79.00000   35.00000  55.7%  44.7 2606s
 3985956 2013948   62.00000   62  107   79.00000   35.00000  55.7%  44.7 2611s
 3992086 2017657   77.00000   80   39   79.00000   35.00000  55.7%  44.7 2615s
 3998622 2021776   35.03387   51  165   79.00000   35.00000  55.7%  44.7 2620s
 4008364 2027814   78.00000   67   67   79.00000   35.00000  55.7%  44.8 2626s
 4015273 2031814 infeasible  133        79.00000   35.00000  55.7%  44.8 2631s
 4021893 2035908   76.00000  109   60   79.00000   35.00000  55.7%  44.7 2635s
 4031727 2041853   62.00000   39   96   79.00000   35.00000  55.7%  44.8 2642s
 4038788 2046019   70.00000   83   71   79.00000   35.00000  55.7%  44.8 2646s
 4045648 2050234     cutoff  109        79.00000   35.00000  55.7%  44.7 2650s
 4052680 2054259 infeasible  125        79.00000   35.00000  55.7%  44.7 2655s
 4062124 2060103 infeasible  100        79.00000   35.00000  55.7%  44.7 2661s
 4068740 2064211   78.00000   72   64   79.00000   35.00000  55.7%  44.7 2665s
 4078599 2070192   74.00000   73   91   79.00000   35.00000  55.7%  44.7 2671s
 4085073 2073785   70.00000   57  125   79.00000   35.00000  55.7%  44.7 2676s
 4091530 2077268   62.00000   58   74   79.00000   35.00000  55.7%  44.8 2680s
 4098221 2081139   73.00000   48   73   79.00000   35.00000  55.7%  44.8 2685s
 4104837 2085289   67.00000   84   83   79.00000   35.00000  55.7%  44.8 2690s
 4114921 2090329 infeasible  123        79.00000   35.00000  55.7%  44.8 2697s
 4121519 2094389   78.00000   65   67   79.00000   35.00000  55.7%  44.8 2701s
 4127961 2098208 infeasible  164        79.00000   35.00000  55.7%  44.8 2705s
 4134733 2102415   54.00000   59  135   79.00000   35.00000  55.7%  44.8 2710s
 4144723 2108151   78.00000   89   48   79.00000   35.00000  55.7%  44.8 2716s
 4151141 2111761   59.00000   73  116   79.00000   35.00000  55.7%  44.8 2721s
 4157646 2115673 infeasible   71        79.00000   35.00000  55.7%  44.8 2725s
 4163875 2119572   62.00000   66  110   79.00000   35.00000  55.7%  44.8 2730s
 4173690 2125375   75.00000   66   94   79.00000   35.00000  55.7%  44.8 2736s
 4180097 2129051   76.00000   89   59   79.00000   35.00000  55.7%  44.8 2740s
 4186763 2132756   77.00000   92   62   79.00000   35.00000  55.7%  44.8 2745s
 4196239 2138246   76.00000  124   61   79.00000   35.00000  55.7%  44.8 2751s
 4202669 2142143   77.00000   80   74   79.00000   35.00000  55.7%  44.8 2756s
 4209027 2145965   62.00000   61   99   79.00000   35.00000  55.7%  44.8 2760s
 4215833 2149996   62.00000   41   94   79.00000   35.00000  55.7%  44.8 2765s
 4225868 2155906   77.00000   68   66   79.00000   35.00000  55.7%  44.8 2772s
 4232146 2159600   78.00000  113   27   79.00000   35.00000  55.7%  44.8 2776s
 4238457 2163518   72.00000   86  110   79.00000   35.00000  55.7%  44.8 2781s
 4245269 2167263   60.00000   74   63   79.00000   35.00000  55.7%  44.8 2785s
 4255160 2172697   54.00000   67   87   79.00000   35.00000  55.7%  44.8 2791s
 4261696 2176212 infeasible   56        79.00000   35.00000  55.7%  44.8 2796s
 4268226 2180088   78.00000   66   71   79.00000   35.00000  55.7%  44.8 2800s
 4274688 2183544   78.00000   84   45   79.00000   35.00000  55.7%  44.8 2805s
 4284668 2189210   69.00000   52   64   79.00000   35.00000  55.7%  44.8 2811s
 4290799 2192602   62.00000   75  129   79.00000   35.00000  55.7%  44.8 2815s
 4300454 2197748   76.00000   97   52   79.00000   35.00000  55.7%  44.8 2822s
 4307350 2201448   69.00000   52   81   79.00000   35.00000  55.7%  44.8 2826s
 4313837 2205366   62.00000   56   54   79.00000   35.00000  55.7%  44.8 2830s
 4323355 2210569   57.00000   68  129   79.00000   35.00000  55.7%  44.8 2836s
 4329738 2214215   78.00000  130   14   79.00000   35.00000  55.7%  44.8 2841s
 4336474 2217839   78.00000   80   63   79.00000   35.00000  55.7%  44.8 2845s
 4342973 2221547   40.00000   64  165   79.00000   35.00000  55.7%  44.8 2850s
 4352694 2227115   35.00000   67  146   79.00000   35.00000  55.7%  44.9 2856s
 4359257 2230935   72.00000  104   85   79.00000   35.00000  55.7%  44.9 2861s
 4365739 2234558   73.00000   73   70   79.00000   35.00000  55.7%  44.9 2865s
 4372498 2238364 infeasible   61        79.00000   35.00000  55.7%  44.9 2870s
 4378702 2241965 infeasible  105        79.00000   35.00000  55.7%  44.9 2875s
 4388610 2247656     cutoff   91        79.00000   35.00000  55.7%  44.9 2881s
 4394915 2251494   78.00000   90   42   79.00000   35.00000  55.7%  44.9 2885s
 4401346 2255303   69.00000   67   88   79.00000   35.00000  55.7%  44.9 2890s
 4410851 2260274   62.00000   62  100   79.00000   35.00000  55.7%  44.9 2897s
 4417410 2264009   69.00000   72   80   79.00000   35.00000  55.7%  44.9 2902s
 4423926 2267716   77.00000   73   44   79.00000   35.00000  55.7%  44.9 2906s
 4430420 2271394     cutoff   66        79.00000   35.00000  55.7%  44.9 2910s
 4437316 2275075   73.00000   75   77   79.00000   35.00000  55.7%  44.9 2915s
 4446825 2280431 infeasible   67        79.00000   35.00000  55.7%  44.9 2921s
 4453229 2284111 infeasible   81        79.00000   35.00000  55.7%  44.9 2926s
 4459760 2287846   78.00000   94   63   79.00000   35.00000  55.7%  45.0 2930s
 4469112 2293458   51.00000   41  107   79.00000   35.00000  55.7%  45.0 2937s
 4476282 2297283 infeasible   73        79.00000   35.00000  55.7%  45.0 2941s
 4482934 2300683   77.00000   77   47   79.00000   35.00000  55.7%  45.0 2945s
 4489116 2304548 infeasible   71        79.00000   35.00000  55.7%  45.0 2950s
 4498999 2310165     cutoff   64        79.00000   35.00000  55.7%  45.0 2957s
 4505644 2313598   77.00000   99   58   79.00000   35.00000  55.7%  45.0 2961s
 4512141 2317095   73.00000   58   65   79.00000   35.00000  55.7%  45.0 2966s
 4518626 2320673   78.00000   51   69   79.00000   35.00000  55.7%  45.0 2970s
 4528074 2325788   66.00000   81   99   79.00000   35.00000  55.7%  45.0 2976s
 4534537 2328922   65.00000   82  120   79.00000   35.00000  55.7%  45.0 2981s
 4540672 2332485 infeasible   86        79.00000   35.00000  55.7%  45.0 2985s
 4550424 2337815   78.00000  112   27   79.00000   35.00000  55.7%  45.1 2992s
 4557033 2340932 infeasible   88        79.00000   35.00000  55.7%  45.1 2996s
 4563403 2344704   55.00000   64  105   79.00000   35.00000  55.7%  45.1 3001s
 4569920 2348033   78.00000   73   67   79.00000   35.00000  55.7%  45.1 3005s
 4576329 2351190 infeasible   95        79.00000   35.00000  55.7%  45.1 3010s
 4586007 2356216   66.00000   69   98   79.00000   35.00000  55.7%  45.1 3016s
 4592274 2359655   74.00000   89   89   79.00000   35.00000  55.7%  45.1 3021s
 4598546 2363289   70.00000   49   98   79.00000   35.00000  55.7%  45.1 3025s
 4605052 2367025   56.00000   56  108   79.00000   35.00000  55.7%  45.1 3030s
 4614916 2372339   61.00000   43  132   79.00000   35.00000  55.7%  45.1 3037s
 4621104 2376177   57.00000   55  110   79.00000   35.00000  55.7%  45.1 3041s
 4627810 2379946   35.00000   33  119   79.00000   35.00000  55.7%  45.1 3046s
 4634352 2383419   74.00000   76   65   79.00000   35.00000  55.7%  45.2 3050s
 4640846 2386965   78.00000   66   63   79.00000   35.00000  55.7%  45.2 3055s
 4650257 2392139   56.00000   71  105   79.00000   35.00000  55.7%  45.2 3061s
 4656872 2395433 infeasible   76        79.00000   35.00000  55.7%  45.2 3065s
 4662978 2398925   76.00000   99   56   79.00000   35.00000  55.7%  45.2 3070s
 4672791 2404081   64.00000   54   72   79.00000   35.00000  55.7%  45.2 3077s
 4678964 2407305   61.00000   52  100   79.00000   35.00000  55.7%  45.2 3081s
 4685320 2410781   78.00000   80   88   79.00000   35.00000  55.7%  45.2 3086s
 4692098 2414269 infeasible   87        79.00000   35.00000  55.7%  45.2 3090s
 4701587 2419667   76.00000   62   73   79.00000   35.00000  55.7%  45.2 3097s
 4707718 2423281   75.00000   92   80   79.00000   35.00000  55.7%  45.2 3102s
 4714717 2426663   77.00000   80   45   79.00000   35.00000  55.7%  45.2 3106s
 4720818 2430133   78.00000   76   74   79.00000   35.00000  55.7%  45.3 3110s
 4727135 2433562   69.00000   75   78   79.00000   35.00000  55.7%  45.3 3115s
 4736878 2438710   77.00000   66   70   79.00000   35.00000  55.7%  45.3 3121s
 4743513 2442347   62.00000   85   99   79.00000   35.00000  55.7%  45.3 3125s
 4749871 2445944   56.00000   44   82   79.00000   35.00000  55.7%  45.3 3130s
 4759219 2450666   78.00000   72   87   79.00000   35.00000  55.7%  45.3 3136s
 4765884 2454272 infeasible   75        79.00000   35.00000  55.7%  45.3 3141s
 4772145 2457797   70.00000   72   97   79.00000   35.00000  55.7%  45.3 3145s
 4782308 2463349   78.00000   89   99   79.00000   35.00000  55.7%  45.3 3151s
 4788913 2466866   78.00000   72   45   79.00000   35.00000  55.7%  45.3 3156s
 4795775 2469971   78.00000   63   59   79.00000   35.00000  55.7%  45.3 3160s
 4801661 2473976   56.00000   50   77   79.00000   35.00000  55.7%  45.3 3165s
 4808725 2478010   73.00000   57   60   79.00000   35.00000  55.7%  45.3 3170s
 4818922 2483245 infeasible   75        79.00000   35.00000  55.7%  45.4 3176s
 4825085 2486336 infeasible   81        79.00000   35.00000  55.7%  45.4 3180s
 4831364 2489829 infeasible  109        79.00000   35.00000  55.7%  45.4 3185s
 4840892 2494965   77.00000   86   75   79.00000   35.00000  55.7%  45.4 3191s
 4847356 2498351   51.00000   51  108   79.00000   35.00000  55.7%  45.4 3196s
 4854033 2501929 infeasible   76        79.00000   35.00000  55.7%  45.4 3200s
 4860172 2505417 infeasible   72        79.00000   35.00000  55.7%  45.4 3205s
 4870441 2510617   77.00000   65   56   79.00000   35.00000  55.7%  45.4 3212s
 4876944 2514303 infeasible   88        79.00000   35.00000  55.7%  45.4 3216s
 4883381 2517465   55.00000   45   88   79.00000   35.00000  55.7%  45.4 3221s
 4889504 2521077 infeasible   94        79.00000   35.00000  55.7%  45.4 3225s
 4896331 2524657 infeasible   75        79.00000   35.00000  55.7%  45.4 3230s
 4906340 2530263   66.00000   44   72   79.00000   35.00000  55.7%  45.4 3236s
 4912866 2533690 infeasible   81        79.00000   35.00000  55.7%  45.4 3241s
 4919243 2537168   63.00000   47   83   79.00000   35.00000  55.7%  45.4 3245s
 4925694 2540748   73.00000   71   78   79.00000   35.00000  55.7%  45.5 3250s
 4935332 2545879   76.00000   77   56   79.00000   35.00000  55.7%  45.5 3257s
 4942173 2549332   35.00000   55  145   79.00000   35.00000  55.7%  45.5 3261s
 4948682 2552760   78.00000   90   57   79.00000   35.00000  55.7%  45.5 3265s
 4954678 2555948   47.00000   54  108   79.00000   35.00000  55.7%  45.5 3270s
 4961220 2559534   54.00000   60  112   79.00000   35.00000  55.7%  45.5 3275s
 4970657 2565073   76.00000   94   37   79.00000   35.00000  55.7%  45.5 3281s
 4976955 2568539   69.00000   50  109   79.00000   35.00000  55.7%  45.5 3286s
 4983613 2572073   78.00000   79   76   79.00000   35.00000  55.7%  45.5 3290s
 4993440 2577111 infeasible   73        79.00000   35.00000  55.7%  45.5 3297s
 4999731 2580454   70.00000   54   99   79.00000   35.00000  55.7%  45.5 3301s
 5005976 2583930   57.00000   69  123   79.00000   35.00000  55.7%  45.5 3306s
 5012845 2587155   69.00000   82   94   79.00000   35.00000  55.7%  45.5 3310s
 5022342 2592521   75.00000   64   71   79.00000   35.00000  55.7%  45.5 3317s
 5028435 2595863   74.00000   81   88   79.00000   35.00000  55.7%  45.5 3321s
 5034991 2599158   78.00000   58   75   79.00000   35.00000  55.7%  45.5 3326s
 5041260 2602846   46.00000   52  103   79.00000   35.00000  55.7%  45.5 3330s
 5047792 2606464   69.00000   53   87   79.00000   35.00000  55.7%  45.6 3335s
 5057895 2611995   51.00000   38   99   79.00000   35.00000  55.7%  45.6 3341s
 5064671 2615576 infeasible   72        79.00000   35.00000  55.7%  45.6 3346s
 5071168 2618979 infeasible   81        79.00000   35.00000  55.7%  45.6 3350s
 5077684 2622688   77.00000   70   70   79.00000   35.00000  55.7%  45.6 3355s
 5087918 2628489   69.00000   74  109   79.00000   35.00000  55.7%  45.6 3361s
 5094569 2631911   62.00000   67  110   79.00000   35.00000  55.7%  45.6 3366s
 5100806 2635671     cutoff   68        79.00000   35.00000  55.7%  45.6 3370s
 5107381 2639454   67.00000   71   87   79.00000   35.00000  55.7%  45.6 3375s
 5117748 2644950   78.00000  105   43   79.00000   35.00000  55.7%  45.6 3381s
 5124237 2648344   55.00000   68  109   79.00000   35.00000  55.7%  45.6 3386s
 5130560 2651777 infeasible   85        79.00000   35.00000  55.7%  45.6 3390s
 5137001 2655511 infeasible   92        79.00000   35.00000  55.7%  45.6 3395s
 5146475 2660753   74.00000   74   66   79.00000   35.00000  55.7%  45.6 3402s
 5152881 2664513   75.00000   70   67   79.00000   35.00000  55.7%  45.6 3406s
 5159391 2668258   72.00000   69   74   79.00000   35.00000  55.7%  45.6 3411s
 5166006 2672045   77.00000   67   46   79.00000   35.00000  55.7%  45.6 3415s
 5172474 2675773   74.00000   80   97   79.00000   35.00000  55.7%  45.6 3420s
 5182226 2681083   62.00000   52  115   79.00000   35.00000  55.7%  45.7 3426s
 5188709 2684221   78.00000   83   59   79.00000   35.00000  55.7%  45.7 3431s
 5195102 2687513   77.00000   93   57   79.00000   35.00000  55.7%  45.7 3435s
 5201722 2691212   62.00000   75   91   79.00000   35.00000  55.7%  45.7 3440s
 5207886 2694859   72.00000   49   79   79.00000   35.00000  55.7%  45.7 3445s
 5217468 2700157   70.00000   87   77   79.00000   35.00000  55.7%  45.7 3452s
 5224341 2703904   78.00000   47   76   79.00000   35.00000  55.7%  45.7 3456s
 5230997 2707325   55.00000   44   92   79.00000   35.00000  55.7%  45.7 3461s
 5237518 2711122   62.00000   84   96   79.00000   35.00000  55.7%  45.7 3465s
 5244012 2715150 infeasible   67        79.00000   35.00000  55.7%  45.7 3470s
 5253365 2720660   69.00000   91   81   79.00000   35.00000  55.7%  45.7 3476s
 5259700 2723846   58.00000   62  111   79.00000   35.00000  55.7%  45.7 3481s
 5266122 2727352   62.00000   46   73   79.00000   35.00000  55.7%  45.7 3485s
 5272843 2731468   60.00000   65  101   79.00000   35.00000  55.7%  45.7 3490s
 5282372 2737138   56.00000   63   99   79.00000   35.00000  55.7%  45.7 3497s
 5288998 2741036   56.00000   65  107   79.00000   35.00000  55.7%  45.7 3501s
 5295529 2744707     cutoff   94        79.00000   35.00000  55.7%  45.7 3505s
 5302211 2748415 infeasible   61        79.00000   35.00000  55.7%  45.7 3510s
 5312016 2754090     cutoff   76        79.00000   35.00000  55.7%  45.7 3517s
 5318466 2757875   78.00000   83   35   79.00000   35.00000  55.7%  45.8 3521s
 5324848 2761461   77.00000   81   52   79.00000   35.00000  55.7%  45.8 3525s
 5331507 2765560   65.00000   79   76   79.00000   35.00000  55.7%  45.8 3530s
 5337937 2769092   58.00000   66  102   79.00000   35.00000  55.7%  45.8 3535s
 5347474 2774578   78.00000  108   39   79.00000   35.00000  55.7%  45.8 3541s
 5354540 2778103   49.00000   41  118   79.00000   35.00000  55.7%  45.8 3546s
 5361021 2781744   77.00000   69   81   79.00000   35.00000  55.7%  45.8 3550s
 5370701 2787854   77.00000   82   42   79.00000   35.00000  55.7%  45.8 3557s
 5377867 2791893   78.00000   83   45   79.00000   35.00000  55.7%  45.8 3561s
 5384245 2795493   50.00000   70  124   79.00000   35.00000  55.7%  45.8 3566s
 5390784 2799033   51.00000   57  160   79.00000   35.00000  55.7%  45.8 3570s
 5399843 2804509   76.00000   91   68   79.00000   35.00000  55.7%  45.8 3577s
 5406659 2808167   70.00000   73   74   79.00000   35.00000  55.7%  45.8 3581s
 5413392 2811844   56.00000   66  140   79.00000   35.00000  55.7%  45.8 3586s
 5420059 2815353   57.00000   50  121   79.00000   35.00000  55.7%  45.8 3590s
 5426369 2819238   67.00000   91   82   79.00000   35.00000  55.7%  45.8 3595s
 5436092 2823459   35.00000   44  114   79.00000   35.00000  55.7%  45.8 3600s

Explored 5436809 nodes (249010913 simplex iterations) in 3600.06 seconds (903.25 work units)
Thread count was 32 (of 32 available processors)

Solution count 10: 79 80 81 ... 87

Time limit reached
Best objective 7.900000000000e+01, best bound 3.500000000000e+01, gap 55.6962%
