
Gurobi 13.0.0 (linux64) logging started Tue Nov 25 15:00:20 2025

Set parameter LogFile to value "./Results/StripPacking-CutHeur/Logs/SU-010-StripPacking-35-0.log"
Set parameter TimeLimit to value 3600
Set parameter Cuts to value 0
Set parameter Presolve to value 1
Set parameter Heuristics to value 0
Set parameter LogToConsole to value 0
Set parameter LPWarmStart to value 2
Gurobi Optimizer version 13.0.0 build v13.0.0rc1 (linux64 - "Debian GNU/Linux 12 (bookworm)")

CPU model: Intel(R) Xeon(R) CPU E5-2630 v3 @ 2.40GHz, instruction set [SSE2|AVX|AVX2]
Thread count: 16 physical cores, 32 logical processors, using up to 32 threads

Non-default parameters:
TimeLimit  3600
LPWarmStart  2
Heuristics  0
Cuts  0
LogToConsole  0
Presolve  1

Optimize a model with 7770 rows, 2451 columns and 19110 nonzeros (Min)
Model fingerprint: 0x30b7af5d
Model has 1 linear objective coefficients
Variable types: 71 continuous, 2380 integer (2380 binary)
Coefficient statistics:
  Matrix range     [1e+00, 1e+04]
  Objective range  [1e+00, 1e+00]
  Bounds range     [1e+00, 1e+04]
  RHS range        [1e+00, 1e+04]

Warning: Completing partial solution with 2380 unfixed non-continuous variables out of 2380
User MIP start produced solution with objective 143.9 (0.01s)
Loaded user MIP start with objective 143.9

Presolve removed 1190 rows and 0 columns
Presolve time: 0.03s
Presolved: 6580 rows, 2451 columns, 16730 nonzeros
Variable types: 71 continuous, 2380 integer (2380 binary)

Root relaxation: objective 4.800000e+01, 1466 iterations, 0.06 seconds (0.05 work units)

    Nodes    |    Current Node    |     Objective Bounds      |     Work
 Expl Unexpl |  Obj  Depth IntInf | Incumbent    BestBd   Gap | It/Node Time

     0     0   48.00000    0  151  143.90000   48.00000  66.6%     -    0s
     0     0   48.00000    0  151  143.90000   48.00000  66.6%     -    0s
     0     0   48.00000    0  105  143.90000   48.00000  66.6%     -    0s
     0     2   48.00000    0  105  143.90000   48.00000  66.6%     -    0s
* 5252  5958             338     140.0000000   48.00000  65.7%  48.5    4s
* 6693  7043             305     139.0000000   48.00000  65.5%  43.7    4s
  7474  7992   48.00000   42  261  139.00000   48.00000  65.5%  42.2    5s
* 9159  8982             421     137.0000000   48.00000  65.0%  39.2    5s
 10351  9394   58.00000   23  130  137.00000   48.00000  65.0%  38.2   10s
 13267 13060   58.00000   68  176  137.00000   48.00000  65.0%  37.0   15s
*17605 13720             277     136.0000000   48.00000  64.7%  38.5   17s
*19405 15450             366     135.0000000   48.00000  64.4%  39.0   19s
 21323 17290   58.00000  154  182  135.00000   48.00000  64.4%  37.7   20s
*25057 16214             370     133.0000000   48.00000  63.9%  36.5   21s
*26409 16752             438     127.0000000   48.00000  62.2%  36.0   22s
 31242 17469 infeasible  221       127.00000   48.00000  62.2%  34.5   25s
*37842 24010             302     126.0000000   48.00000  61.9%  34.3   28s
*40498 24922             274     125.0000000   48.00000  61.6%  33.6   29s
 41822 25058   87.00000  151  227  125.00000   48.00000  61.6%  33.5   30s
*42776 26680             282     124.0000000   48.00000  61.3%  33.3   31s
*45685 27150             344     123.0000000   48.00000  61.0%  32.7   32s
*48028 28622             242     122.0000000   48.00000  60.7%  32.2   34s
*48642 29687             289     121.0000000   48.00000  60.3%  32.2   34s
 50810 30869     cutoff  291       121.00000   48.00000  60.3%  31.9   35s
*55267 33234             263     120.0000000   48.00000  60.0%  31.5   37s
 60935 39661  119.00000  274   84  120.00000   48.00000  60.0%  30.6   40s
*65412 40322             259     119.0000000   48.00000  59.7%  30.0   41s
*68314 39516             251     118.0000000   48.00000  59.3%  29.6   42s
*72096 42676             280     117.0000000   48.00000  59.0%  29.2   44s
 74198 44396   64.00000  131  350  117.00000   48.00000  59.0%  29.0   45s
*80893 47875             303     116.0000000   48.00000  58.6%  29.4   49s
 83331 49675   53.00000  113  335  116.00000   48.00000  58.6%  29.4   50s
*91526 52593             280     115.0000000   48.00000  58.3%  30.2   54s
 91622 62911   98.00000  219  297  115.00000   48.00000  58.3%  30.2   58s
*100812 61833             314     114.0000000   48.00000  57.9%  29.5   59s
 105273 60111   94.00000  113  316  114.00000   48.00000  57.9%  29.3   60s
*106317 58387             269     113.0000000   48.00000  57.5%  29.4   60s
*118407 65472             295     112.0000000   48.00000  57.1%  28.5   64s
 119527 68909   48.00000   24  258  112.00000   48.00000  57.1%  28.4   66s
*127235 67026             244     111.0000000   48.00000  56.8%  27.9   68s
 131880 71954   81.00000   96  277  111.00000   48.00000  56.8%  27.8   70s
*134584 71748             248     110.0000000   48.00000  56.4%  28.1   71s
 143429 77159  103.00000  146  271  110.00000   48.00000  56.4%  28.6   75s
 153240 84506  100.00000  205  202  110.00000   48.00000  56.4%  28.5   80s
*153637 80176             247     109.0000000   48.00000  56.0%  28.6   80s
 163641 91376  108.00000  192  114  109.00000   48.00000  56.0%  28.8   86s
*172471 88649             225     108.0000000   48.00000  55.6%  28.3   87s
*176929 85908             251     107.0000000   48.00000  55.1%  28.2   89s
 177171 88598   95.00000  200  219  107.00000   48.00000  55.1%  28.2   91s
 188229 94646   68.00000   67  216  107.00000   48.00000  55.1%  27.9   95s
 201025 104014   87.00000   98  317  107.00000   48.00000  55.1%  27.7  100s
*201311 96831             247     106.0000000   48.00000  54.7%  27.7  100s
 215321 108619  105.00000  133  232  106.00000   48.00000  54.7%  27.5  105s
 227087 116076  104.00000  133  270  106.00000   48.00000  54.7%  27.2  110s
*229615 109494             208     105.0000000   48.00000  54.3%  27.2  111s
 238816 116386   80.00000  128  248  105.00000   48.00000  54.3%  27.5  116s
 242801 127987  102.00000  177  214  105.00000   48.00000  54.3%  27.8  121s
 262406 134361  104.00000  180  185  105.00000   48.00000  54.3%  27.6  125s
 274078 143856  103.00000  179  205  105.00000   48.00000  54.3%  27.8  131s
 282987 150393   83.00000  163  304  105.00000   48.00000  54.3%  28.0  135s
 296320 159640  101.00000  106  300  105.00000   48.00000  54.3%  27.9  140s
 304644 164834   91.00000  138  288  105.00000   48.00000  54.3%  28.1  145s
 319861 177643   99.00000  112  269  105.00000   48.00000  54.3%  27.9  150s
 332355 187120  102.00000  109  246  105.00000   48.00000  54.3%  27.7  156s
 344001 193277   61.00000   98  344  105.00000   48.00000  54.3%  27.6  160s
 355745 203647 infeasible  282       105.00000   48.00000  54.3%  27.5  165s
 368104 212486   58.00000  102  298  105.00000   48.00000  54.3%  27.4  170s
 374147 219862   90.00000  195  284  105.00000   48.00000  54.3%  27.7  176s
*375521 193948             275     104.0000000   48.00000  53.8%  27.7  176s
 385739 200355   94.00000  180  315  104.00000   48.00000  53.8%  27.8  180s
 399327 207502  102.00000  145  214  104.00000   48.00000  53.8%  27.7  185s
 413876 220558   79.00000  118  220  104.00000   48.00000  53.8%  27.7  190s
 426807 229605   48.00000  106  435  104.00000   48.00000  53.8%  27.6  195s
 438176 236558  101.00000  135  204  104.00000   48.00000  53.8%  27.8  200s
 451315 246287  101.00000  105  239  104.00000   48.00000  53.8%  27.8  205s
 466079 256982  100.00000  138  276  104.00000   48.00000  53.8%  27.6  211s
 476251 267040   94.00000  125  275  104.00000   48.00000  53.8%  27.7  215s
 490003 274611  102.00000  146  185  104.00000   48.00000  53.8%  27.5  220s
*490929 243570             201     103.0000000   48.00000  53.4%  27.5  220s
 502199 252437   90.00000  128  231  103.00000   48.00000  53.4%  27.6  226s
 510477 260894   62.00000   57  318  103.00000   48.00000  53.4%  27.7  230s
 524063 270223   83.00000  196  268  103.00000   48.00000  53.4%  27.6  235s
 528289 280193   93.00000  101  305  103.00000   48.00000  53.4%  27.7  240s
*535198 254658             201     102.0000000   48.00000  52.9%  27.7  240s
 550357 262280  101.00000  192  149  102.00000   48.00000  52.9%  27.6  245s
*555356 243888             203     101.0000000   48.00000  52.5%  27.6  247s
 563605 251152   65.00000   82  366  101.00000   48.00000  52.5%  27.6  250s
 571840 258929   80.00000  157  270  101.00000   48.00000  52.5%  27.5  255s
 586562 268549  100.00000  139  158  101.00000   48.00000  52.5%  27.4  260s
 591359 278068   97.00000   64  245  101.00000   48.00000  52.5%  27.4  265s
 609105 282485 infeasible  130       101.00000   48.00000  52.5%  27.3  270s
 617541 291423   79.00000  203  277  101.00000   48.00000  52.5%  27.4  275s
 630407 299866   84.00000  124  216  101.00000   48.00000  52.5%  27.4  281s
 637577 306223  100.00000  162  232  101.00000   48.00000  52.5%  27.5  285s
 649822 315645   99.00000  131  202  101.00000   48.00000  52.5%  27.7  290s
 664652 324642   89.00000  118  315  101.00000   48.00000  52.5%  27.6  295s
 675758 331455   93.00000  106  279  101.00000   48.00000  52.5%  27.7  300s
 683438 337216 infeasible  129       101.00000   48.00000  52.5%  27.8  305s
 698721 349556   95.00000   83  249  101.00000   48.00000  52.5%  27.7  310s
 711186 358081     cutoff  111       101.00000   48.00000  52.5%  27.6  315s
 715467 366524   75.00000   78  339  101.00000   48.00000  52.5%  27.7  320s
 735485 375143   62.00000   95  299  101.00000   48.00000  52.5%  27.9  326s
 745338 385120 infeasible  216       101.00000   48.00000  52.5%  28.0  331s
 757345 392319   58.00000   99  415  101.00000   48.00000  52.5%  28.0  335s
 769295 401947   71.00000   75  369  101.00000   48.00000  52.5%  27.9  340s
 782125 408358 infeasible  229       101.00000   48.00000  52.5%  27.9  345s
 791594 417256   93.00000  137  301  101.00000   48.00000  52.5%  27.9  350s
 804087 424641   96.00000  161  336  101.00000   48.00000  52.5%  27.8  356s
*806278 377565             278     100.0000000   48.00000  52.0%  27.9  358s
 809471 378498   57.00000   91  309  100.00000   48.00000  52.0%  27.9  361s
 819254 387807   98.00000  174  221  100.00000   48.00000  52.0%  27.8  365s
 835226 402498   99.00000  139  208  100.00000   48.00000  52.0%  27.7  372s
 846360 406578   95.00000  192  247  100.00000   48.00000  52.0%  27.8  375s
 860595 416172   95.00000  127  258  100.00000   48.00000  52.0%  27.7  380s
 874858 425373   64.00000  116  427  100.00000   48.00000  52.0%  27.7  386s
 882624 431547   97.00000  111  237  100.00000   48.00000  52.0%  27.8  390s
 896353 441206   95.00000  126  327  100.00000   48.00000  52.0%  27.8  395s
 908502 447131 infeasible  135       100.00000   48.00000  52.0%  27.8  400s
 920638 455691     cutoff  140       100.00000   48.00000  52.0%  27.8  406s
 929959 462110   79.00000  149  329  100.00000   48.00000  52.0%  27.8  410s
 938924 471418   99.00000  119  330  100.00000   48.00000  52.0%  27.8  415s
 952299 479497 infeasible  184       100.00000   48.00000  52.0%  27.9  420s
 962051 490020   98.00000  183  182  100.00000   48.00000  52.0%  28.0  426s
 976868 499405   64.00000  107  411  100.00000   48.00000  52.0%  27.9  430s
 989907 515158   58.04225  142  343  100.00000   48.00000  52.0%  27.8  438s
 1004965 515941   86.00000   76  320  100.00000   48.00000  52.0%  27.7  440s
*1005472 453187             240      99.0000000   48.00000  51.5%  27.8  440s
 1016506 461156   95.00000  121  351   99.00000   48.00000  51.5%  27.8  445s
 1029535 469751   84.00000  171  296   99.00000   48.00000  51.5%  27.7  450s
 1038232 478498   79.00000  167  268   99.00000   48.00000  51.5%  27.8  455s
 1051272 487858   97.00000  135  314   99.00000   48.00000  51.5%  27.8  461s
 1063692 495417   88.00000  160  276   99.00000   48.00000  51.5%  27.7  465s
 1075626 503390   98.00000  167  199   99.00000   48.00000  51.5%  27.7  470s
 1088222 510072   65.00000  121  454   99.00000   48.00000  51.5%  27.6  475s
 1100584 520381   87.00000  109  255   99.00000   48.00000  51.5%  27.6  480s
 1112037 527394   73.00000  165  334   99.00000   48.00000  51.5%  27.7  486s
 1125790 536360   92.00000  139  226   99.00000   48.00000  51.5%  27.6  490s
 1134744 545483   88.00000  148  400   99.00000   48.00000  51.5%  27.6  495s
 1145939 551303     cutoff  148        99.00000   48.00000  51.5%  27.6  500s
 1158449 561975   95.00000  178  267   99.00000   48.00000  51.5%  27.6  505s
 1172501 570688   96.00000  206  122   99.00000   48.00000  51.5%  27.6  510s
 1185639 579617   97.00000  145  263   99.00000   48.00000  51.5%  27.5  515s
 1198339 588325   95.00000  135  325   99.00000   48.00000  51.5%  27.5  520s
 1208106 593641   78.00000  148  346   99.00000   48.00000  51.5%  27.5  526s
*1208986 593595             274      99.0000000   48.00000  51.5%  27.5  526s
 1209110 603593   87.00000  171  312   99.00000   48.00000  51.5%  27.5  530s
 1229549 611142   98.00000  156  248   99.00000   48.00000  51.5%  27.5  535s
 1244037 620848   67.00000  132  318   99.00000   48.00000  51.5%  27.4  541s
 1257242 627562     cutoff  200        99.00000   48.00000  51.5%  27.4  545s
 1270325 636481   83.00000  126  278   99.00000   48.00000  51.5%  27.3  550s
 1283968 645733   96.00000  155  323   99.00000   48.00000  51.5%  27.3  555s
*1284199 570985             244      98.0000000   48.00000  51.0%  27.3  555s
 1294350 580642   72.00000  150  290   98.00000   48.00000  51.0%  27.3  560s
 1303093 593124   97.00000  222  134   98.00000   48.00000  51.0%  27.3  567s
 1317135 596601   79.00000  168  288   98.00000   48.00000  51.0%  27.3  570s
 1331115 606224 infeasible  181        98.00000   48.00000  51.0%  27.2  575s
 1343807 614559   94.00000  174  291   98.00000   48.00000  51.0%  27.2  580s
 1355040 622702   86.00000  140  309   98.00000   48.00000  51.0%  27.2  585s
 1365737 630436   79.00000  197  310   98.00000   48.00000  51.0%  27.2  590s
 1378394 639035   73.00000   95  326   98.00000   48.00000  51.0%  27.2  595s
 1390363 645946     cutoff  167        98.00000   48.00000  51.0%  27.2  601s
 1404651 655975 infeasible  210        98.00000   48.00000  51.0%  27.2  606s
 1410988 662898   65.00000   93  326   98.00000   48.00000  51.0%  27.2  610s
 1420939 676003   97.00000  147  267   98.00000   48.00000  51.0%  27.2  616s
 1439189 680182 infeasible  289        98.00000   48.00000  51.0%  27.2  620s
 1450376 689944   97.00000  183  229   98.00000   48.00000  51.0%  27.2  625s
 1462960 696099   71.00000  176  358   98.00000   48.00000  51.0%  27.2  630s
 1475191 704232   75.00000  106  245   98.00000   48.00000  51.0%  27.1  635s
 1486315 713408   96.00000  167  229   98.00000   48.00000  51.0%  27.1  640s
 1501199 721810 infeasible  186        98.00000   48.00000  51.0%  27.1  646s
 1514715 730487   74.00000  123  281   98.00000   48.00000  51.0%  27.0  651s
 1524319 739687   97.00000  171  150   98.00000   48.00000  51.0%  27.1  655s
 1534796 747229   96.00000  122  257   98.00000   48.00000  51.0%  27.1  660s
 1550298 755004     cutoff  169        98.00000   48.00000  51.0%  27.0  666s
 1559805 763746   78.00000  184  238   98.00000   48.00000  51.0%  27.0  671s
 1572624 772730   48.00000   61  416   98.00000   48.00000  51.0%  27.0  676s
 1580723 779282   97.00000  115  198   98.00000   48.00000  51.0%  27.0  680s
 1591830 783927   78.00000  173  338   98.00000   48.00000  51.0%  27.0  685s
 1603419 792026   83.00000  143  310   98.00000   48.00000  51.0%  27.0  690s
 1604284 803414   89.00000  155  307   98.00000   48.00000  51.0%  27.0  695s
 1627964 809852   97.00000  174  224   98.00000   48.00000  51.0%  27.0  700s
 1639352 815779 infeasible  136        98.00000   48.00000  51.0%  27.0  705s
 1653506 825199   96.00000  136  222   98.00000   48.00000  51.0%  26.9  710s
 1663149 833989   96.00000  156  297   98.00000   48.00000  51.0%  26.9  715s
 1676519 842575   97.00000  157  231   98.00000   48.00000  51.0%  26.9  720s
 1688723 849586 infeasible  184        98.00000   48.00000  51.0%  26.9  725s
 1697393 855289   96.00000  143  252   98.00000   48.00000  51.0%  27.0  730s
 1715039 866577   72.00000  133  362   98.00000   48.00000  51.0%  26.9  735s
 1723466 872740   79.00000  177  256   98.00000   48.00000  51.0%  26.9  741s
 1733090 879277   94.00000  145  301   98.00000   48.00000  51.0%  26.9  745s
 1747354 890608   96.00000  170  174   98.00000   48.00000  51.0%  26.9  751s
 1759417 899114   90.00000  126  278   98.00000   48.00000  51.0%  26.9  756s
 1769546 905930   61.00000   82  435   98.00000   48.00000  51.0%  26.9  761s
 1777993 911955   87.00000  134  264   98.00000   48.00000  51.0%  26.9  765s
 1790961 921663 infeasible  229        98.00000   48.00000  51.0%  27.0  770s
 1803660 927359   62.00000   81  352   98.00000   48.00000  51.0%  27.0  775s
 1814198 935175   93.00000  167  254   98.00000   48.00000  51.0%  27.0  780s
 1824749 951169   97.00000  106  266   98.00000   48.00000  51.0%  27.0  787s
 1840711 952303   79.00000  131  382   98.00000   48.00000  51.0%  26.9  790s
 1849841 961167   94.00000  152  328   98.00000   48.00000  51.0%  27.0  795s
 1863892 969766   84.00000  130  332   98.00000   48.00000  51.0%  27.0  800s
 1876141 978050   97.00000  151  269   98.00000   48.00000  51.0%  26.9  805s
 1887414 984248   65.00000  143  269   98.00000   48.00000  51.0%  26.9  811s
 1898236 991885   88.00000  188  302   98.00000   48.00000  51.0%  26.9  815s
 1908902 1001223   85.00000  177  273   98.00000   48.00000  51.0%  26.9  820s
 1914321 1012372   92.00000  163  336   98.00000   48.00000  51.0%  26.9  825s
 1932396 1017262   95.00000  145  255   98.00000   48.00000  51.0%  26.9  830s
 1946676 1026305   96.00000  139  357   98.00000   48.00000  51.0%  26.9  835s
 1959351 1033083 infeasible  137        98.00000   48.00000  51.0%  26.9  840s
 1971469 1041306     cutoff  116        98.00000   48.00000  51.0%  26.9  845s
 1978368 1051738   69.00000  132  330   98.00000   48.00000  51.0%  26.9  850s
 1992205 1056289 infeasible  187        98.00000   48.00000  51.0%  27.0  855s
 2001222 1062782 infeasible  209        98.00000   48.00000  51.0%  27.0  860s
 2013544 1072236   79.00000  135  378   98.00000   48.00000  51.0%  27.0  865s
 2025249 1080170   66.00000   90  288   98.00000   48.00000  51.0%  27.0  870s
 2038354 1086948     cutoff  201        98.00000   48.00000  51.0%  27.0  876s
 2055256 1097590 infeasible  151        98.00000   48.00000  51.0%  26.9  881s
 2065533 1105838   66.00000   96  282   98.00000   48.00000  51.0%  26.9  885s
 2069982 1114988   53.00000  114  369   98.00000   48.00000  51.0%  26.9  890s
 2091253 1121867 infeasible  203        98.00000   48.00000  51.0%  26.9  895s
 2102676 1134308   67.00000  158  327   98.00000   48.00000  51.0%  26.9  901s
 2115601 1138596   60.00000   94  249   98.00000   48.00000  51.0%  26.9  905s
 2125186 1145153   96.00000  183  208   98.00000   48.00000  51.0%  26.9  910s
 2136129 1154876   96.00000  138  298   98.00000   48.00000  51.0%  26.9  915s
 2151626 1162913   96.00000  130  210   98.00000   48.00000  51.0%  26.9  921s
 2160497 1168909   56.00000  108  322   98.00000   48.00000  51.0%  26.9  925s
 2175171 1179606   53.00000  107  418   98.00000   48.00000  51.0%  27.0  931s
 2181750 1187140   61.00000  107  437   98.00000   48.00000  51.0%  27.0  936s
 2191252 1202386   66.00000  106  405   98.00000   48.00000  51.0%  27.0  943s
 2208883 1203102   71.00000   93  357   98.00000   48.00000  51.0%  27.0  945s
 2216845 1210823   90.00000  154  327   98.00000   48.00000  51.0%  27.0  950s
 2230993 1219925   96.00000  235  141   98.00000   48.00000  51.0%  27.0  955s
*2242835 1042874             188      97.0000000   48.00000  50.5%  27.0  960s
 2251911 1049579 infeasible  201        97.00000   48.00000  50.5%  27.0  965s
 2264569 1056090   87.00000  122  327   97.00000   48.00000  50.5%  27.0  970s
 2275253 1064983   96.00000  203  142   97.00000   48.00000  50.5%  27.0  975s
 2288246 1073171   96.00000  162  244   97.00000   48.00000  50.5%  27.0  980s
 2301304 1081760   96.00000  116  268   97.00000   48.00000  50.5%  27.0  985s
 2313071 1090505   96.00000  127  285   97.00000   48.00000  50.5%  27.0  990s
 2326055 1098521   73.00000  112  287   97.00000   48.00000  50.5%  27.0  996s
 2333879 1104283   93.00000  123  307   97.00000   48.00000  50.5%  27.0 1000s
 2343715 1117229   94.00000  170  233   97.00000   48.00000  50.5%  27.0 1006s
 2363170 1122417   89.00000  107  344   97.00000   48.00000  50.5%  27.0 1010s
 2375651 1129603   58.00000   96  286   97.00000   48.00000  50.5%  27.0 1016s
 2389997 1139097 infeasible  141        97.00000   48.00000  50.5%  27.0 1020s
 2399999 1148019   94.00000  139  272   97.00000   48.00000  50.5%  27.0 1025s
 2408255 1160463   96.00000  212  240   97.00000   48.00000  50.5%  27.0 1032s
 2423447 1163608   80.00000  126  397   97.00000   48.00000  50.5%  27.0 1035s
 2436871 1174082   72.00000  130  265   97.00000   48.00000  50.5%  27.0 1041s
 2450042 1180652   68.00000   74  411   97.00000   48.00000  50.5%  27.0 1046s
 2462148 1189068   51.00000   81  376   97.00000   48.00000  50.5%  27.0 1050s
 2473675 1197396   96.00000  109  351   97.00000   48.00000  50.5%  27.0 1056s
 2481988 1204107     cutoff  107        97.00000   48.00000  50.5%  27.0 1060s
 2493387 1211829   64.00000   95  340   97.00000   48.00000  50.5%  27.0 1065s
 2503414 1221445   85.00000  131  317   97.00000   48.00000  50.5%  27.1 1071s
 2515616 1227264 infeasible  196        97.00000   48.00000  50.5%  27.1 1075s
 2525286 1235713   93.00000  131  297   97.00000   48.00000  50.5%  27.1 1080s
 2538942 1245125 infeasible  203        97.00000   48.00000  50.5%  27.1 1085s
 2550516 1253438   48.00000  138  440   97.00000   48.00000  50.5%  27.1 1091s
 2560282 1259802   93.00000  151  313   97.00000   48.00000  50.5%  27.1 1095s
 2573563 1267006   62.00000   84  388   97.00000   48.00000  50.5%  27.1 1100s
 2583976 1275987   96.00000  145  252   97.00000   48.00000  50.5%  27.1 1105s
*2592868 1105960             295      96.0000000   48.00000  50.0%  27.1 1109s
 2593437 1110872     cutoff  153        96.00000   48.00000  50.0%  27.1 1111s
 2602639 1115099   94.00000   88  235   96.00000   48.00000  50.0%  27.1 1115s
 2616072 1123267   48.00000   85  447   96.00000   48.00000  50.0%  27.1 1120s
 2628837 1130347 infeasible  240        96.00000   48.00000  50.0%  27.1 1126s
 2637985 1137275   90.00000  164  220   96.00000   48.00000  50.0%  27.2 1130s
 2649132 1146549   66.67742  110  372   96.00000   48.00000  50.0%  27.2 1135s
 2659750 1153822   89.00000  153  389   96.00000   48.00000  50.0%  27.2 1140s
 2672705 1162052   92.00000  164  228   96.00000   48.00000  50.0%  27.2 1145s
 2684769 1170649   89.00000  105  261   96.00000   48.00000  50.0%  27.2 1151s
 2694429 1177086   78.00000  119  294   96.00000   48.00000  50.0%  27.2 1155s
 2706950 1183454   94.00000  200  150   96.00000   48.00000  50.0%  27.2 1160s
 2716197 1189683 infeasible  166        96.00000   48.00000  50.0%  27.2 1165s
 2731948 1199867   95.00000  137  246   96.00000   48.00000  50.0%  27.2 1170s
 2735654 1205628   74.00000  109  286   96.00000   48.00000  50.0%  27.2 1175s
 2750246 1213777   82.00000  143  283   96.00000   48.00000  50.0%  27.2 1181s
 2761662 1221311   65.00000   78  366   96.00000   48.00000  50.0%  27.2 1185s
 2774076 1227479   65.00000  101  255   96.00000   48.00000  50.0%  27.2 1190s
 2783442 1235759   74.00000  196  352   96.00000   48.00000  50.0%  27.2 1195s
 2798641 1244268   85.00000  111  318   96.00000   48.00000  50.0%  27.2 1201s
 2807526 1250313   70.00000  132  348   96.00000   48.00000  50.0%  27.2 1205s
 2817884 1260092   93.00000  119  336   96.00000   48.00000  50.0%  27.2 1210s
 2831723 1268266   91.00000  190  308   96.00000   48.00000  50.0%  27.2 1215s
 2837106 1278290 infeasible  179        96.00000   48.00000  50.0%  27.2 1220s
 2860038 1286068   95.00000  139  238   96.00000   48.00000  50.0%  27.1 1225s
 2873000 1293142   95.00000  132  332   96.00000   48.00000  50.0%  27.1 1230s
 2881939 1300736   91.00000  109  288   96.00000   48.00000  50.0%  27.1 1235s
 2893997 1307122     cutoff  239        96.00000   48.00000  50.0%  27.1 1240s
 2904268 1316215   86.00000  106  257   96.00000   48.00000  50.0%  27.1 1246s
 2915105 1322614   61.00000  146  373   96.00000   48.00000  50.0%  27.1 1251s
 2923514 1328863   95.00000  152  197   96.00000   48.00000  50.0%  27.1 1255s
 2940820 1337400   92.00000  102  361   96.00000   48.00000  50.0%  27.1 1261s
 2949566 1345934   95.00000  139  242   96.00000   48.00000  50.0%  27.1 1265s
 2962251 1351781   94.00000  152  220   96.00000   48.00000  50.0%  27.1 1270s
 2971499 1359501   94.00000  113  266   96.00000   48.00000  50.0%  27.1 1275s
 2987981 1367935   91.00000  101  289   96.00000   48.00000  50.0%  27.1 1281s
 2988821 1378382   91.00000  110  264   96.00000   48.00000  50.0%  27.1 1285s
 3012004 1383781   64.00000  110  346   96.00000   48.00000  50.0%  27.1 1291s
 3022069 1391369   93.00000  183  223   96.00000   48.00000  50.0%  27.1 1295s
 3034683 1400506   92.00000  136  285   96.00000   48.00000  50.0%  27.1 1301s
 3047663 1408758   95.00000  200  211   96.00000   48.00000  50.0%  27.1 1306s
 3056985 1413032 infeasible  216        96.00000   48.00000  50.0%  27.1 1310s
 3066092 1421729   78.00000  137  337   96.00000   48.00000  50.0%  27.2 1315s
 3074764 1427869   95.00000  157  187   96.00000   48.00000  50.0%  27.2 1320s
 3080457 1437888   88.00000  128  232   96.00000   48.00000  50.0%  27.2 1326s
 3095999 1442397   95.00000  208  122   96.00000   48.00000  50.0%  27.2 1331s
 3106881 1448583   77.00000  116  326   96.00000   48.00000  50.0%  27.2 1336s
 3111775 1459397   68.00000  106  332   96.00000   48.00000  50.0%  27.2 1341s
 3129842 1463525   91.00000  106  232   96.00000   48.00000  50.0%  27.2 1346s
 3140254 1470153   93.00000  172  309   96.00000   48.00000  50.0%  27.2 1350s
 3153782 1476272   92.00000   86  288   96.00000   48.00000  50.0%  27.2 1355s
 3166672 1486998   70.00000  171  305   96.00000   48.00000  50.0%  27.2 1360s
 3171107 1497878   80.00000  187  330   96.00000   48.00000  50.0%  27.2 1366s
 3189728 1499087   66.00000  146  392   96.00000   48.00000  50.0%  27.2 1370s
 3200076 1508509   91.00000  138  258   96.00000   48.00000  50.0%  27.2 1375s
 3209303 1512892 infeasible  195        96.00000   48.00000  50.0%  27.2 1380s
 3220067 1522017   89.00000  141  282   96.00000   48.00000  50.0%  27.2 1385s
 3234219 1529967   95.00000  217  216   96.00000   48.00000  50.0%  27.2 1390s
 3245732 1538053   94.00000  176  228   96.00000   48.00000  50.0%  27.2 1396s
 3258766 1544418   75.00000  108  294   96.00000   48.00000  50.0%  27.2 1401s
 3273615 1553187 infeasible  158        96.00000   48.00000  50.0%  27.2 1406s
 3279358 1558905   90.00000  187  288   96.00000   48.00000  50.0%  27.2 1410s
 3287777 1564651   93.00000  123  300   96.00000   48.00000  50.0%  27.2 1415s
 3302050 1573672   63.00000  135  312   96.00000   48.00000  50.0%  27.2 1421s
 3314740 1581340   95.00000  137  226   96.00000   48.00000  50.0%  27.2 1426s
 3319371 1591681   94.00000  146  222   96.00000   48.00000  50.0%  27.2 1431s
 3335922 1592913   95.00000  114  282   96.00000   48.00000  50.0%  27.2 1435s
 3346649 1601811 infeasible  195        96.00000   48.00000  50.0%  27.2 1440s
 3351574 1612288   95.00000  164  225   96.00000   48.00000  50.0%  27.2 1446s
 3371531 1615740   64.00000  137  290   96.00000   48.00000  50.0%  27.2 1450s
 3381026 1621926   95.00000  154  233   96.00000   48.00000  50.0%  27.2 1455s
 3396241 1631784   64.00000  143  377   96.00000   48.00000  50.0%  27.2 1461s
 3403400 1638416   87.00000  154  272   96.00000   48.00000  50.0%  27.2 1465s
 3412076 1651734   92.00000  148  321   96.00000   48.00000  50.0%  27.3 1472s
 3429436 1652920   75.00000  121  305   96.00000   48.00000  50.0%  27.3 1475s
 3440738 1661717 infeasible  121        96.00000   48.00000  50.0%  27.3 1481s
 3450809 1665849 infeasible  182        96.00000   48.00000  50.0%  27.2 1485s
 3464930 1674559   87.00000  148  337   96.00000   48.00000  50.0%  27.2 1491s
 3470579 1687747   81.00000  152  313   96.00000   48.00000  50.0%  27.3 1498s
 3487818 1688959     cutoff  112        96.00000   48.00000  50.0%  27.3 1501s
 3491284 1693900   95.00000  110  287   96.00000   48.00000  50.0%  27.3 1506s
 3502926 1706684   95.00000  129  285   96.00000   48.00000  50.0%  27.3 1513s
 3519101 1708066   92.00000  159  263   96.00000   48.00000  50.0%  27.3 1516s
 3528350 1713453   95.00000  168  262   96.00000   48.00000  50.0%  27.3 1520s
 3534457 1726262   68.00000   81  259   96.00000   48.00000  50.0%  27.3 1527s
 3550331 1729510   95.00000  217   74   96.00000   48.00000  50.0%  27.3 1530s
 3563158 1735663   92.00000  120  244   96.00000   48.00000  50.0%  27.3 1536s
 3564107 1744850   92.00000  128  228   96.00000   48.00000  50.0%  27.3 1540s
 3585088 1749534 infeasible  161        96.00000   48.00000  50.0%  27.3 1546s
 3594717 1755811     cutoff  217        96.00000   48.00000  50.0%  27.3 1551s
 3610720 1765776 infeasible  133        96.00000   48.00000  50.0%  27.3 1556s
 3620911 1773641   49.06549   99  498   96.00000   48.00000  50.0%  27.3 1561s
 3625242 1783845   50.66667  122  501   96.00000   48.00000  50.0%  27.3 1566s
 3641912 1785508   86.00000  146  296   96.00000   48.00000  50.0%  27.3 1570s
 3653143 1794591   92.00000  156  306   96.00000   48.00000  50.0%  27.3 1576s
 3658516 1803674   91.00000  138  300   96.00000   48.00000  50.0%  27.3 1581s
 3674771 1807878   52.00000  103  386   96.00000   48.00000  50.0%  27.3 1585s
 3688710 1815050   88.00000  224  251   96.00000   48.00000  50.0%  27.3 1591s
 3689600 1824964   88.00000  233  208   96.00000   48.00000  50.0%  27.3 1595s
 3712196 1830207   92.00000  178  210   96.00000   48.00000  50.0%  27.3 1601s
 3721222 1836020   81.00000  148  237   96.00000   48.00000  50.0%  27.3 1606s
 3728687 1843213   95.00000  144  206   96.00000   48.00000  50.0%  27.3 1610s
 3743034 1849834   84.00000  134  299   96.00000   48.00000  50.0%  27.3 1616s
 3749411 1864137   95.00000  162  188   96.00000   48.00000  50.0%  27.3 1623s
 3767246 1865238   93.00000  128  266   96.00000   48.00000  50.0%  27.3 1625s
 3777522 1874239   86.00000  150  259   96.00000   48.00000  50.0%  27.3 1631s
 3786430 1877521   93.00000  122  242   96.00000   48.00000  50.0%  27.3 1635s
 3796060 1885465   95.00000  220  144   96.00000   48.00000  50.0%  27.3 1640s
 3808468 1893955   48.00000  125  490   96.00000   48.00000  50.0%  27.3 1645s
 3822228 1900953 infeasible  271        96.00000   48.00000  50.0%  27.3 1650s
 3832038 1908813   77.00000  126  299   96.00000   48.00000  50.0%  27.3 1655s
 3840622 1920360   95.00000  153  168   96.00000   48.00000  50.0%  27.3 1661s
 3858488 1923939 infeasible  165        96.00000   48.00000  50.0%  27.3 1666s
 3869295 1930781 infeasible  175        96.00000   48.00000  50.0%  27.3 1671s
 3884768 1940337   65.00000  128  347   96.00000   48.00000  50.0%  27.3 1676s
 3891651 1944746   94.00000  152  290   96.00000   48.00000  50.0%  27.3 1680s
 3903080 1960444   93.00000  183  296   96.00000   48.00000  50.0%  27.3 1688s
 3918288 1963865   94.00000  161  250   96.00000   48.00000  50.0%  27.3 1690s
 3932813 1970927   80.00000  108  347   96.00000   48.00000  50.0%  27.3 1696s
 3933732 1981005   83.00000  141  284   96.00000   48.00000  50.0%  27.3 1700s
 3955440 1987864   66.00000   97  365   96.00000   48.00000  50.0%  27.3 1705s
 3965164 1997556   95.00000  165  195   96.00000   48.00000  50.0%  27.3 1711s
 3980377 2001942 infeasible  121        96.00000   48.00000  50.0%  27.3 1715s
 3990048 2010120   82.00000  120  260   96.00000   48.00000  50.0%  27.3 1720s
 4000394 2015465   80.00000  173  328   96.00000   48.00000  50.0%  27.3 1726s
 4010716 2024860   92.00000  132  308   96.00000   48.00000  50.0%  27.3 1731s
 4021515 2031323   68.00000  141  364   96.00000   48.00000  50.0%  27.3 1736s
 4035880 2039266 infeasible  209        96.00000   48.00000  50.0%  27.3 1740s
 4047843 2046101   83.00000  140  364   96.00000   48.00000  50.0%  27.3 1745s
 4057855 2059922   94.00000  144  266   96.00000   48.00000  50.0%  27.3 1752s
 4070331 2063607   95.00000  159  210   96.00000   48.00000  50.0%  27.3 1755s
 4083669 2070304   90.00000  129  286   96.00000   48.00000  50.0%  27.3 1760s
 4094252 2079548   93.00000   96  333   96.00000   48.00000  50.0%  27.3 1766s
 4107095 2088166   95.00000  205  254   96.00000   48.00000  50.0%  27.3 1770s
 4119812 2096786   75.00000  112  316   96.00000   48.00000  50.0%  27.3 1776s
 4132875 2103103 infeasible  111        96.00000   48.00000  50.0%  27.3 1780s
 4142324 2111944   81.00000  121  319   96.00000   48.00000  50.0%  27.3 1785s
 4155601 2121246   95.00000  172  274   96.00000   48.00000  50.0%  27.3 1791s
 4165655 2127359   90.00000  198  242   96.00000   48.00000  50.0%  27.3 1795s
 4179609 2135831   78.00000   85  313   96.00000   48.00000  50.0%  27.3 1800s
 4197238 2145611     cutoff  189        96.00000   48.00000  50.0%  27.3 1806s
 4205958 2151833 infeasible  169        96.00000   48.00000  50.0%  27.3 1810s
 4218714 2160220 infeasible  144        96.00000   48.00000  50.0%  27.3 1816s
 4226103 2167844   74.00000  127  364   96.00000   48.00000  50.0%  27.3 1820s
 4238402 2175476     cutoff  110        96.00000   48.00000  50.0%  27.3 1825s
 4247849 2187978   95.00000  150  195   96.00000   48.00000  50.0%  27.3 1830s
 4269549 2194574     cutoff  150        96.00000   48.00000  50.0%  27.3 1836s
 4278578 2200810   85.00000  157  252   96.00000   48.00000  50.0%  27.3 1840s
 4293845 2211696   80.00000   99  334   96.00000   48.00000  50.0%  27.3 1845s
 4305292 2221524   95.00000  201  185   96.00000   48.00000  50.0%  27.3 1851s
 4310930 2231042   65.00000  162  348   96.00000   48.00000  50.0%  27.3 1856s
 4329311 2235133   92.00000   96  232   96.00000   48.00000  50.0%  27.2 1860s
 4339017 2241785     cutoff  166        96.00000   48.00000  50.0%  27.2 1865s
 4352515 2250853 infeasible  113        96.00000   48.00000  50.0%  27.2 1870s
 4362930 2259893   95.00000  160  186   96.00000   48.00000  50.0%  27.2 1875s
 4372625 2273357   71.00000   97  322   96.00000   48.00000  50.0%  27.2 1881s
 4391973 2277568   89.00000  146  339   96.00000   48.00000  50.0%  27.2 1886s
 4401921 2286481   84.00000  184  415   96.00000   48.00000  50.0%  27.2 1890s
 4415521 2293016   75.00000   95  335   96.00000   48.00000  50.0%  27.2 1895s
 4429805 2303999 infeasible  150        96.00000   48.00000  50.0%  27.2 1900s
 4438302 2311081   94.00000  161  344   96.00000   48.00000  50.0%  27.2 1905s
 4456594 2322386   95.00000  170  173   96.00000   48.00000  50.0%  27.2 1910s
 4469819 2328969   95.00000  180  258   96.00000   48.00000  50.0%  27.1 1915s
 4480149 2337710   79.00000  134  321   96.00000   48.00000  50.0%  27.1 1920s
 4497288 2347251   48.00000  100  351   96.00000   48.00000  50.0%  27.1 1926s
 4498358 2357469   94.00000  135  274   96.00000   48.00000  50.0%  27.1 1930s
 4518645 2363983   95.00000  172  168   96.00000   48.00000  50.0%  27.1 1935s
 4527596 2379182   61.00000  109  394   96.00000   48.00000  50.0%  27.1 1943s
 4545669 2379824     cutoff  193        96.00000   48.00000  50.0%  27.1 1945s
 4554976 2388391   91.00000  125  226   96.00000   48.00000  50.0%  27.1 1950s
 4568322 2396078   90.00000   92  303   96.00000   48.00000  50.0%  27.1 1955s
 4580609 2404445   80.00000   78  180   96.00000   48.00000  50.0%  27.1 1961s
 4590438 2411502 infeasible  182        96.00000   48.00000  50.0%  27.1 1965s
 4606069 2421875 infeasible  206        96.00000   48.00000  50.0%  27.1 1970s
 4615939 2431197   78.00000  100  279   96.00000   48.00000  50.0%  27.1 1975s
 4630358 2439884   94.00000  132  232   96.00000   48.00000  50.0%  27.1 1980s
 4644181 2447678 infeasible  152        96.00000   48.00000  50.0%  27.1 1986s
 4654593 2454444 infeasible  196        96.00000   48.00000  50.0%  27.1 1990s
 4668104 2465298   61.00000   89  365   96.00000   48.00000  50.0%  27.0 1995s
 4679411 2471711 infeasible  166        96.00000   48.00000  50.0%  27.0 2000s
 4691198 2481428   95.00000  145  190   96.00000   48.00000  50.0%  27.0 2005s
 4704931 2490686   61.00000  173  316   96.00000   48.00000  50.0%  27.0 2010s
 4709535 2501284   81.00000  109  329   96.00000   48.00000  50.0%  27.0 2015s
 4730664 2508593   95.00000  165  220   96.00000   48.00000  50.0%  27.0 2021s
 4743566 2514990 infeasible  118        96.00000   48.00000  50.0%  27.0 2025s
 4752732 2523384   95.00000  167  266   96.00000   48.00000  50.0%  27.0 2030s
 4769141 2532812   91.00000  161  247   96.00000   48.00000  50.0%  27.0 2036s
 4780680 2539895   95.00000  132  192   96.00000   48.00000  50.0%  27.0 2040s
 4795455 2549582   68.00000   77  308   96.00000   48.00000  50.0%  27.0 2046s
 4805610 2556030   95.00000  228  176   96.00000   48.00000  50.0%  27.0 2050s
 4817895 2566894   95.00000  166  172   96.00000   48.00000  50.0%  27.0 2055s
 4830610 2573504 infeasible  213        96.00000   48.00000  50.0%  27.0 2061s
 4831542 2584623   94.00000  233  180   96.00000   48.00000  50.0%  27.0 2065s
 4854443 2588813 infeasible  109        96.00000   48.00000  50.0%  27.0 2070s
 4864909 2599397   88.00000  153  261   96.00000   48.00000  50.0%  27.0 2076s
 4876959 2605676   91.00000  112  250   96.00000   48.00000  50.0%  26.9 2080s
 4890168 2614008 infeasible  149        96.00000   48.00000  50.0%  26.9 2085s
 4904073 2621439   81.00000   77  361   96.00000   48.00000  50.0%  26.9 2091s
 4913286 2627593   92.00000  150  215   96.00000   48.00000  50.0%  26.9 2095s
 4923583 2641328   95.00000  145  196   96.00000   48.00000  50.0%  26.9 2102s
 4935786 2643038   89.00000  155  257   96.00000   48.00000  50.0%  26.9 2105s
 4947458 2652250   89.00000  105  295   96.00000   48.00000  50.0%  26.9 2110s
 4952395 2662210   88.00000  132  260   96.00000   48.00000  50.0%  26.9 2115s
 4972323 2668839   84.00000   99  315   96.00000   48.00000  50.0%  26.9 2120s
 4982012 2679106   95.00000  193  230   96.00000   48.00000  50.0%  26.9 2126s
 4997514 2683550 infeasible  157        96.00000   48.00000  50.0%  26.9 2131s
 5007596 2690475   79.00000  175  317   96.00000   48.00000  50.0%  26.9 2135s
 5014773 2704491   95.00000  203  202   96.00000   48.00000  50.0%  26.9 2142s
 5032052 2705746   95.00000  191  222   96.00000   48.00000  50.0%  26.9 2145s
 5043330 2714362 infeasible  241        96.00000   48.00000  50.0%  26.9 2151s
 5053765 2721440   90.00000  116  240   96.00000   48.00000  50.0%  26.9 2155s
 5063853 2728974   95.00000  158  203   96.00000   48.00000  50.0%  26.9 2160s
 5074227 2734974   48.00000  156  345   96.00000   48.00000  50.0%  26.9 2165s
 5087873 2741606 infeasible  132        96.00000   48.00000  50.0%  26.9 2170s
 5102723 2752426   75.00000  140  337   96.00000   48.00000  50.0%  26.9 2176s
 5107196 2761628   95.00000   95  174   96.00000   48.00000  50.0%  26.9 2181s
 5125334 2765759 infeasible  131        96.00000   48.00000  50.0%  26.9 2185s
 5136305 2774786   70.00000  159  299   96.00000   48.00000  50.0%  26.9 2190s
 5146774 2781248   92.00000  178  257   96.00000   48.00000  50.0%  26.9 2195s
 5159029 2788331   89.00000  139  270   96.00000   48.00000  50.0%  26.9 2201s
 5166646 2801465   94.00000  156  174   96.00000   48.00000  50.0%  26.9 2208s
 5181187 2803033   95.00000  161  134   96.00000   48.00000  50.0%  26.9 2211s
 5188863 2810314   86.00000  106  271   96.00000   48.00000  50.0%  26.9 2215s
 5198575 2822840   79.00000  143  322   96.00000   48.00000  50.0%  26.9 2221s
 5218574 2827168   94.00000  131  246   96.00000   48.00000  50.0%  26.9 2225s
 5229594 2834738 infeasible  179        96.00000   48.00000  50.0%  26.9 2231s
 5243745 2843693 infeasible  202        96.00000   48.00000  50.0%  26.9 2236s
 5249714 2849664   95.00000  159  225   96.00000   48.00000  50.0%  26.9 2240s
 5264002 2858523 infeasible  154        96.00000   48.00000  50.0%  26.9 2245s
 5278816 2866396   63.00000  120  353   96.00000   48.00000  50.0%  26.9 2250s
 5287887 2874972   93.00000  142  231   96.00000   48.00000  50.0%  26.9 2255s
 5304580 2884801   95.00000  133  234   96.00000   48.00000  50.0%  26.8 2260s
 5315439 2890692   76.00000  162  342   96.00000   48.00000  50.0%  26.8 2265s
 5325402 2900071   65.00000  123  309   96.00000   48.00000  50.0%  26.8 2270s
 5338900 2908960   48.00000   39  435   96.00000   48.00000  50.0%  26.8 2275s
 5352138 2916017 infeasible  173        96.00000   48.00000  50.0%  26.8 2280s
 5367730 2925550   67.00000   80  407   96.00000   48.00000  50.0%  26.8 2285s
 5381051 2937254   84.00000  181  268   96.00000   48.00000  50.0%  26.8 2291s
 5390147 2942891   68.00000  148  349   96.00000   48.00000  50.0%  26.8 2295s
 5400352 2950394   94.00000  127  216   96.00000   48.00000  50.0%  26.8 2300s
 5413602 2958132   48.00000  124  371   96.00000   48.00000  50.0%  26.8 2306s
 5426539 2964590   58.00000   98  326   96.00000   48.00000  50.0%  26.8 2311s
 5436368 2973718   85.00000  120  279   96.00000   48.00000  50.0%  26.8 2315s
 5446236 2986764   93.00000  117  284   96.00000   48.00000  50.0%  26.8 2322s
 5465799 2990367   70.00000   89  371   96.00000   48.00000  50.0%  26.8 2326s
 5472499 2996948   82.00000  160  236   96.00000   48.00000  50.0%  26.8 2330s
 5486731 3005175   95.00000  188  210   96.00000   48.00000  50.0%  26.8 2335s
 5498331 3011260   93.00000  157  238   96.00000   48.00000  50.0%  26.8 2340s
 5507340 3025303   94.00000  181  242   96.00000   48.00000  50.0%  26.8 2347s
 5520894 3028835   89.00000  109  285   96.00000   48.00000  50.0%  26.8 2350s
 5536014 3038867   95.00000  117  245   96.00000   48.00000  50.0%  26.8 2356s
 5548462 3044918   87.00000  128  368   96.00000   48.00000  50.0%  26.8 2361s
 5555842 3050243   79.00000  138  304   96.00000   48.00000  50.0%  26.8 2365s
 5567091 3066419     cutoff  145        96.00000   48.00000  50.0%  26.8 2372s
 5586236 3070027   79.00000  137  322   96.00000   48.00000  50.0%  26.8 2376s
 5595079 3078533   91.00000  108  299   96.00000   48.00000  50.0%  26.8 2381s
 5603558 3084414   94.00000  121  267   96.00000   48.00000  50.0%  26.8 2385s
 5616861 3090957   62.00000  106  324   96.00000   48.00000  50.0%  26.8 2390s
 5630948 3100428   87.00000   91  243   96.00000   48.00000  50.0%  26.8 2395s
 5640477 3108844   88.00000  108  317   96.00000   48.00000  50.0%  26.8 2400s
 5654624 3116147   64.00000  131  284   96.00000   48.00000  50.0%  26.8 2405s
 5664487 3124593   95.00000  133  244   96.00000   48.00000  50.0%  26.8 2410s
 5675604 3131988   95.00000  157  222   96.00000   48.00000  50.0%  26.8 2415s
 5687464 3139993   93.00000   81  318   96.00000   48.00000  50.0%  26.8 2420s
 5700836 3147391   76.00000   97  303   96.00000   48.00000  50.0%  26.8 2425s
 5710710 3156711   89.00000  150  291   96.00000   48.00000  50.0%  26.8 2430s
 5723913 3166469   94.00000  117  259   96.00000   48.00000  50.0%  26.8 2436s
 5735416 3172752   95.00000  165  237   96.00000   48.00000  50.0%  26.8 2440s
 5748795 3181822   95.00000  155  254   96.00000   48.00000  50.0%  26.8 2445s
 5765088 3190392 infeasible  135        96.00000   48.00000  50.0%  26.8 2450s
 5776999 3198704   95.00000  155  154   96.00000   48.00000  50.0%  26.8 2455s
 5787185 3205753   88.00000  169  265   96.00000   48.00000  50.0%  26.8 2460s
 5796886 3214514   95.00000  164  177   96.00000   48.00000  50.0%  26.8 2465s
 5809361 3228792   95.00000  156  176   96.00000   48.00000  50.0%  26.8 2472s
 5823579 3231872   91.00000  140  213   96.00000   48.00000  50.0%  26.8 2475s
 5836844 3239372   95.00000  118  406   96.00000   48.00000  50.0%  26.8 2480s
 5847542 3247058   88.00000  179  120   96.00000   48.00000  50.0%  26.8 2485s
 5857351 3256366   92.00000  136  323   96.00000   48.00000  50.0%  26.8 2491s
 5868634 3261655   81.00000   72  242   96.00000   48.00000  50.0%  26.8 2495s
 5884497 3272646 infeasible  211        96.00000   48.00000  50.0%  26.8 2500s
 5893087 3281563   86.00000  121  249   96.00000   48.00000  50.0%  26.8 2506s
 5902302 3295570   48.00000  123  163   96.00000   48.00000  50.0%  26.8 2513s
 5918311 3298733   80.00000  105  359   96.00000   48.00000  50.0%  26.8 2515s
 5926690 3304835   92.00000  141  255   96.00000   48.00000  50.0%  26.8 2520s
 5934826 3312480   68.00000   99  447   96.00000   48.00000  50.0%  26.8 2525s
 5950581 3321609   94.00000  213  210   96.00000   48.00000  50.0%  26.8 2530s
 5961282 3328689   48.00000  110  347   96.00000   48.00000  50.0%  26.8 2535s
 5977183 3337163 infeasible  181        96.00000   48.00000  50.0%  26.8 2541s
 5984467 3342332   90.00000  166  235   96.00000   48.00000  50.0%  26.8 2545s
 5998385 3351750   58.00000  124  383   96.00000   48.00000  50.0%  26.8 2550s
 6007137 3360399   65.00000  114  295   96.00000   48.00000  50.0%  26.8 2555s
 6020977 3369247   51.63458   47  295   96.00000   48.00000  50.0%  26.8 2560s
 6026426 3379360     cutoff  118        96.00000   48.00000  50.0%  26.8 2565s
 6048766 3385807 infeasible  155        96.00000   48.00000  50.0%  26.8 2570s
 6059101 3395399   94.00000  178  194   96.00000   48.00000  50.0%  26.8 2576s
 6068763 3401759   73.00000  119  284   96.00000   48.00000  50.0%  26.8 2580s
 6082064 3408435   92.00000  126  256   96.00000   48.00000  50.0%  26.8 2585s
 6093248 3417955   64.00000   99  375   96.00000   48.00000  50.0%  26.8 2590s
 6106671 3424712 infeasible  148        96.00000   48.00000  50.0%  26.8 2595s
 6119028 3433252   58.00000  102  408   96.00000   48.00000  50.0%  26.8 2601s
 6119909 3444375   68.00000  120  369   96.00000   48.00000  50.0%  26.8 2605s
 6142026 3451334   95.00000  184  164   96.00000   48.00000  50.0%  26.8 2610s
 6150889 3465489   95.00000  150  226   96.00000   48.00000  50.0%  26.8 2617s
 6169064 3466777   94.00000  152  236   96.00000   48.00000  50.0%  26.8 2620s
 6180290 3483058   86.00000  161  247   96.00000   48.00000  50.0%  26.8 2627s
 6195775 3486365   95.00000  182  210   96.00000   48.00000  50.0%  26.8 2630s
 6206730 3492402 infeasible  178        96.00000   48.00000  50.0%  26.8 2635s
 6217131 3502397   95.00000  149  248   96.00000   48.00000  50.0%  26.8 2641s
 6229698 3510788   86.00000  160  350   96.00000   48.00000  50.0%  26.8 2646s
 6242813 3519006   95.00000  220  154   96.00000   48.00000  50.0%  26.8 2651s
 6250742 3525654   95.00000  138  249   96.00000   48.00000  50.0%  26.8 2655s
 6265619 3534706   93.00000  123  294   96.00000   48.00000  50.0%  26.8 2660s
 6278628 3543628 infeasible  209        96.00000   48.00000  50.0%  26.8 2665s
 6293208 3551424   82.00000  125  239   96.00000   48.00000  50.0%  26.8 2671s
 6302970 3560278   94.00000  110  280   96.00000   48.00000  50.0%  26.8 2676s
 6313948 3567106   77.00000  139  256   96.00000   48.00000  50.0%  26.8 2680s
 6325924 3573902 infeasible  196        96.00000   48.00000  50.0%  26.8 2685s
 6335771 3585748   91.00000  124  248   96.00000   48.00000  50.0%  26.8 2692s
 6349731 3589927   89.00000  117  334   96.00000   48.00000  50.0%  26.8 2696s
 6359125 3596031 infeasible  195        96.00000   48.00000  50.0%  26.8 2700s
 6370676 3606084   65.00000  115  376   96.00000   48.00000  50.0%  26.8 2705s
 6383213 3612680 infeasible  212        96.00000   48.00000  50.0%  26.8 2710s
 6393565 3621866   88.00000  133  363   96.00000   48.00000  50.0%  26.8 2715s
 6405071 3629482   93.00000  115  267   96.00000   48.00000  50.0%  26.8 2720s
 6417393 3637566   51.00000  114  415   96.00000   48.00000  50.0%  26.8 2725s
 6431062 3644751   92.00000   95  152   96.00000   48.00000  50.0%  26.8 2731s
 6439230 3652794   95.00000  140  182   96.00000   48.00000  50.0%  26.8 2735s
 6451705 3660785   88.00000  137  362   96.00000   48.00000  50.0%  26.8 2740s
 6463323 3667175   59.00000  155  376   96.00000   48.00000  50.0%  26.8 2746s
 6472364 3675233   95.00000  199  284   96.00000   48.00000  50.0%  26.8 2750s
 6484946 3683801 infeasible  216        96.00000   48.00000  50.0%  26.8 2755s
 6496413 3689483   89.00000  185  307   96.00000   48.00000  50.0%  26.8 2761s
 6506225 3696111   91.00000  111  324   96.00000   48.00000  50.0%  26.8 2765s
 6517746 3705981   94.00000  181  195   96.00000   48.00000  50.0%  26.8 2770s
 6529718 3713940   87.00000  131  286   96.00000   48.00000  50.0%  26.8 2775s
 6542369 3721098   89.00000  110  333   96.00000   48.00000  50.0%  26.8 2780s
 6552423 3730716   88.00000  145  236   96.00000   48.00000  50.0%  26.8 2785s
 6567093 3740114   89.00000  130  302   96.00000   48.00000  50.0%  26.8 2790s
 6579650 3748585   93.00000  142  242   96.00000   48.00000  50.0%  26.8 2795s
 6596142 3757248   78.00000  135  412   96.00000   48.00000  50.0%  26.8 2800s
 6604280 3765585   93.00000  135  298   96.00000   48.00000  50.0%  26.8 2805s
 6618142 3774599 infeasible  138        96.00000   48.00000  50.0%  26.8 2810s
 6631359 3782107   58.00000  121  376   96.00000   48.00000  50.0%  26.8 2815s
 6644704 3790709   90.00000   84  275   96.00000   48.00000  50.0%  26.8 2820s
 6654915 3799830   93.00000  170  266   96.00000   48.00000  50.0%  26.8 2825s
 6667072 3807627   94.00000  190  190   96.00000   48.00000  50.0%  26.8 2830s
 6681384 3816398   80.00000  114  391   96.00000   48.00000  50.0%  26.8 2835s
 6694527 3823811   76.00000   89  283   96.00000   48.00000  50.0%  26.8 2840s
 6701767 3836142   93.00000  178  214   96.00000   48.00000  50.0%  26.8 2846s
 6715599 3837548   89.00000  143  364   96.00000   48.00000  50.0%  26.8 2850s
 6726617 3846908   81.00000  110  348   96.00000   48.00000  50.0%  26.8 2855s
 6739216 3854841   75.00000   69  253   96.00000   48.00000  50.0%  26.8 2860s
 6751030 3862800   48.00000  195  471   96.00000   48.00000  50.0%  26.8 2865s
 6759707 3869349     cutoff  146        96.00000   48.00000  50.0%  26.8 2870s
 6764965 3879814   94.00000  155  192   96.00000   48.00000  50.0%  26.8 2876s
 6781879 3884370   95.00000  153  181   96.00000   48.00000  50.0%  26.8 2880s
 6795304 3891225   92.00000  206  208   96.00000   48.00000  50.0%  26.8 2886s
 6796268 3901356   94.00000  223  166   96.00000   48.00000  50.0%  26.8 2890s
 6817683 3906566   54.00000   98  310   96.00000   48.00000  50.0%  26.8 2896s
 6827813 3915363   77.00000  163  340   96.00000   48.00000  50.0%  26.8 2900s
 6840738 3921431   48.00000   86  404   96.00000   48.00000  50.0%  26.8 2905s
 6849395 3930115   85.00000   98  334   96.00000   48.00000  50.0%  26.8 2910s
 6858413 3943272   80.00000  108  178   96.00000   48.00000  50.0%  26.8 2917s
 6877726 3947251   89.00000  117  377   96.00000   48.00000  50.0%  26.8 2921s
 6887143 3953917 infeasible  232        96.00000   48.00000  50.0%  26.8 2926s
 6902734 3964243   66.00000  113  265   96.00000   48.00000  50.0%  26.8 2931s
 6908813 3970817   52.00000  127  345   96.00000   48.00000  50.0%  26.8 2935s
 6918277 3982933   90.00000  231  161   96.00000   48.00000  50.0%  26.8 2941s
 6935839 3987295   81.00000  145  295   96.00000   48.00000  50.0%  26.8 2945s
 6949285 3996435     cutoff  205        96.00000   48.00000  50.0%  26.8 2951s
 6964631 4006589 infeasible  136        96.00000   48.00000  50.0%  26.8 2956s
 6973776 4012398 infeasible  158        96.00000   48.00000  50.0%  26.8 2960s
 6983627 4021210   95.00000  136  200   96.00000   48.00000  50.0%  26.8 2965s
 6996222 4029027     cutoff  135        96.00000   48.00000  50.0%  26.8 2970s
 7005954 4036849   95.00000  165  162   96.00000   48.00000  50.0%  26.8 2975s
 7021076 4045303   92.00000  128  334   96.00000   48.00000  50.0%  26.8 2980s
 7032183 4051506   83.00000  115  304   96.00000   48.00000  50.0%  26.8 2985s
 7045996 4060629   95.00000  114  314   96.00000   48.00000  50.0%  26.8 2990s
 7055344 4069545   70.00000  163  375   96.00000   48.00000  50.0%  26.8 2995s
 7066101 4075457 infeasible  167        96.00000   48.00000  50.0%  26.8 3000s
 7076839 4085277   70.00000  137  364   96.00000   48.00000  50.0%  26.8 3005s
 7090783 4093989   94.00000  147  283   96.00000   48.00000  50.0%  26.8 3010s
 7103034 4102350   85.00000   87  271   96.00000   48.00000  50.0%  26.8 3016s
 7116008 4108879   60.00000   96  314   96.00000   48.00000  50.0%  26.8 3021s
 7125137 4117543   91.00000  159  321   96.00000   48.00000  50.0%  26.8 3026s
 7133446 4130690   84.00000  145  322   96.00000   48.00000  50.0%  26.8 3032s
 7149453 4134190   93.00000  122  256   96.00000   48.00000  50.0%  26.8 3035s
 7161666 4140759   89.00000  131  192   96.00000   48.00000  50.0%  26.8 3041s
 7175421 4150583   95.00000  137  202   96.00000   48.00000  50.0%  26.8 3045s
 7186018 4156223   85.00000  106  346   96.00000   48.00000  50.0%  26.8 3050s
 7195510 4165599   68.00000  106  324   96.00000   48.00000  50.0%  26.8 3055s
 7208712 4173617   67.00000   85  451   96.00000   48.00000  50.0%  26.8 3060s
 7220578 4182436   76.00000  126  350   96.00000   48.00000  50.0%  26.8 3065s
 7233892 4190366 infeasible  213        96.00000   48.00000  50.0%  26.8 3070s
 7245347 4198956   93.00000  122  333   96.00000   48.00000  50.0%  26.8 3075s
 7253739 4205606   73.00000  100  316   96.00000   48.00000  50.0%  26.8 3080s
 7266763 4212481 infeasible  194        96.00000   48.00000  50.0%  26.8 3085s
 7275971 4220607   93.00000  217  252   96.00000   48.00000  50.0%  26.8 3090s
 7284479 4233319   85.00000  115  238   96.00000   48.00000  50.0%  26.8 3096s
 7306026 4240432   90.00000   92  260   96.00000   48.00000  50.0%  26.8 3101s
 7312508 4247540   92.00000  144  208   96.00000   48.00000  50.0%  26.8 3105s
 7327599 4255991 infeasible  139        96.00000   48.00000  50.0%  26.8 3110s
 7339773 4265047   49.00000   91  402   96.00000   48.00000  50.0%  26.8 3115s
 7349189 4271455   75.00000  101  325   96.00000   48.00000  50.0%  26.8 3120s
 7362558 4280555   69.00000  140  253   96.00000   48.00000  50.0%  26.8 3125s
 7376555 4292627   68.00000   98  332   96.00000   48.00000  50.0%  26.8 3131s
 7389113 4300910   67.00000   83  371   96.00000   48.00000  50.0%  26.8 3135s
 7400964 4309904   51.81818  107  429   96.00000   48.00000  50.0%  26.8 3140s
 7413548 4317063   86.00000  111  293   96.00000   48.00000  50.0%  26.8 3145s
 7423472 4325826 infeasible  164        96.00000   48.00000  50.0%  26.8 3150s
 7435705 4334448   91.00000   83  392   96.00000   48.00000  50.0%  26.8 3155s
 7449151 4342499     cutoff   98        96.00000   48.00000  50.0%  26.8 3160s
 7460441 4351496   74.00000   95  330   96.00000   48.00000  50.0%  26.8 3165s
 7472704 4360813   85.00000  135  295   96.00000   48.00000  50.0%  26.8 3170s
 7486143 4368502   92.00000  141  188   96.00000   48.00000  50.0%  26.8 3175s
 7497956 4376991 infeasible  186        96.00000   48.00000  50.0%  26.9 3180s
 7513467 4387736   83.00000   91  323   96.00000   48.00000  50.0%  26.8 3185s
 7523690 4397265   93.00000  152  296   96.00000   48.00000  50.0%  26.8 3190s
 7536006 4405529   64.00000  155  272   96.00000   48.00000  50.0%  26.8 3196s
 7543564 4412310   95.00000  156  302   96.00000   48.00000  50.0%  26.9 3200s
 7562302 4421938   71.00000   83  391   96.00000   48.00000  50.0%  26.8 3205s
 7575159 4432897   94.00000  193  149   96.00000   48.00000  50.0%  26.8 3210s
 7587434 4441147   95.00000  188  273   96.00000   48.00000  50.0%  26.8 3215s
 7596583 4448389   95.00000  143  230   96.00000   48.00000  50.0%  26.8 3220s
 7613445 4457362 infeasible  183        96.00000   48.00000  50.0%  26.8 3226s
 7623310 4464916   65.00000  141  317   96.00000   48.00000  50.0%  26.8 3230s
 7635649 4473281 infeasible  209        96.00000   48.00000  50.0%  26.8 3235s
 7649318 4483038   48.00000   85  473   96.00000   48.00000  50.0%  26.8 3241s
 7662583 4492157   95.00000  122  234   96.00000   48.00000  50.0%  26.8 3245s
 7673116 4501361   61.00000  126  326   96.00000   48.00000  50.0%  26.8 3250s
 7684437 4507542   92.00000  129  242   96.00000   48.00000  50.0%  26.8 3255s
 7693492 4516905   82.00000  153  303   96.00000   48.00000  50.0%  26.8 3260s
 7708566 4526203 infeasible  183        96.00000   48.00000  50.0%  26.8 3265s
 7722348 4534236   95.00000  187  148   96.00000   48.00000  50.0%  26.8 3270s
 7731932 4543655   94.00000   95  234   96.00000   48.00000  50.0%  26.8 3275s
 7746190 4558332   95.00000  108  220   96.00000   48.00000  50.0%  26.8 3283s
 7759614 4562211   77.00000   95  334   96.00000   48.00000  50.0%  26.8 3285s
 7771646 4571039   75.00000  148  258   96.00000   48.00000  50.0%  26.8 3290s
 7780691 4577713   64.00000   69  258   96.00000   48.00000  50.0%  26.8 3295s
 7795727 4585416   94.00000  130  298   96.00000   48.00000  50.0%  26.8 3300s
 7809309 4594848   95.00000  156  232   96.00000   48.00000  50.0%  26.8 3305s
 7818824 4604379   90.00000  137  272   96.00000   48.00000  50.0%  26.8 3310s
 7831371 4613917   58.00000   84  190   96.00000   48.00000  50.0%  26.8 3315s
 7844304 4622568   93.00000  117  276   96.00000   48.00000  50.0%  26.8 3320s
 7856565 4631600     cutoff  157        96.00000   48.00000  50.0%  26.8 3325s
 7866064 4644299   76.00000  143  292   96.00000   48.00000  50.0%  26.8 3331s
 7884224 4650032   53.00000  104  425   96.00000   48.00000  50.0%  26.8 3335s
 7895162 4655797   93.00000  109  296   96.00000   48.00000  50.0%  26.8 3341s
 7908420 4665263     cutoff  159        96.00000   48.00000  50.0%  26.8 3346s
 7915291 4672450   95.00000  202   91   96.00000   48.00000  50.0%  26.8 3350s
 7928730 4687280   94.00000  133  219   96.00000   48.00000  50.0%  26.8 3357s
 7942599 4691661   95.00000  179  100   96.00000   48.00000  50.0%  26.8 3360s
 7956759 4701086 infeasible  175        96.00000   48.00000  50.0%  26.8 3365s
 7970070 4707978   86.00000   97  248   96.00000   48.00000  50.0%  26.8 3370s
 7982615 4716647   95.00000  118  290   96.00000   48.00000  50.0%  26.8 3375s
 7995668 4725350   48.00000   86  482   96.00000   48.00000  50.0%  26.8 3380s
 8007415 4733926   93.00000  192  266   96.00000   48.00000  50.0%  26.8 3385s
 8017209 4742767   86.00000  111  279   96.00000   48.00000  50.0%  26.8 3390s
 8030194 4752208   92.00000  127  296   96.00000   48.00000  50.0%  26.8 3395s
 8040997 4760203   91.00000  116  360   96.00000   48.00000  50.0%  26.8 3400s
 8054382 4769604   80.00000  199  252   96.00000   48.00000  50.0%  26.8 3405s
 8070919 4778750   48.00000   69  138   96.00000   48.00000  50.0%  26.8 3410s
 8081785 4786949   94.00000  143  195   96.00000   48.00000  50.0%  26.8 3416s
 8091870 4796483   79.00000  201  278   96.00000   48.00000  50.0%  26.8 3420s
 8102152 4803840   54.00000   85  452   96.00000   48.00000  50.0%  26.8 3425s
 8116000 4813388     cutoff  173        96.00000   48.00000  50.0%  26.8 3431s
 8127326 4820051 infeasible  202        96.00000   48.00000  50.0%  26.8 3436s
 8137591 4829447   95.00000  169  236   96.00000   48.00000  50.0%  26.8 3440s
 8150734 4837547   92.00000   91  360   96.00000   48.00000  50.0%  26.8 3445s
 8166838 4848507   95.00000  107  383   96.00000   48.00000  50.0%  26.8 3450s
 8174416 4862220   87.00000   95  314   96.00000   48.00000  50.0%  26.8 3457s
 8190424 4865547     cutoff  113        96.00000   48.00000  50.0%  26.8 3460s
 8202275 4874075   95.00000  153  265   96.00000   48.00000  50.0%  26.8 3465s
 8215020 4880304   93.00000  173  318   96.00000   48.00000  50.0%  26.8 3470s
 8224778 4889616   93.00000  133  277   96.00000   48.00000  50.0%  26.8 3475s
 8238540 4898392   95.00000  147  143   96.00000   48.00000  50.0%  26.8 3480s
 8256223 4907832   86.00000  127  259   96.00000   48.00000  50.0%  26.8 3486s
 8262380 4914838   95.00000  165  205   96.00000   48.00000  50.0%  26.8 3490s
 8278849 4925266   93.00000  134  318   96.00000   48.00000  50.0%  26.8 3495s
 8290161 4931449 infeasible  122        96.00000   48.00000  50.0%  26.8 3500s
 8301358 4940979   95.00000  118  302   96.00000   48.00000  50.0%  26.8 3505s
 8317710 4950981   94.00000  124  249   96.00000   48.00000  50.0%  26.8 3510s
 8329909 4957574     cutoff   84        96.00000   48.00000  50.0%  26.8 3516s
 8338363 4965581   89.00000  122  322   96.00000   48.00000  50.0%  26.8 3520s
 8351451 4972476 infeasible  173        96.00000   48.00000  50.0%  26.8 3525s
 8361588 4981926   94.00000  139  300   96.00000   48.00000  50.0%  26.8 3530s
 8373306 4990524   93.00000  102  335   96.00000   48.00000  50.0%  26.8 3536s
 8387530 4999921   83.00000  102  319   96.00000   48.00000  50.0%  26.8 3541s
 8399955 5006356     cutoff  174        96.00000   48.00000  50.0%  26.8 3545s
 8410107 5015930   91.00000  172  200   96.00000   48.00000  50.0%  26.8 3550s
 8419878 5029412   95.00000  137  198   96.00000   48.00000  50.0%  26.8 3557s
 8435581 5030680   93.00000  125  293   96.00000   48.00000  50.0%  26.8 3560s
 8444789 5039659   95.00000  190  270   96.00000   48.00000  50.0%  26.8 3565s
 8460028 5049231   81.00000  146  371   96.00000   48.00000  50.0%  26.8 3571s
 8471452 5055602     cutoff  162        96.00000   48.00000  50.0%  26.8 3576s
 8480455 5061738   66.00000  124  420   96.00000   48.00000  50.0%  26.8 3580s
 8495434 5073541   92.00000  132  256   96.00000   48.00000  50.0%  26.8 3585s
 8508143 5082279   86.00000  175  276   96.00000   48.00000  50.0%  26.8 3590s
 8521754 5091115   95.00000  165  240   96.00000   48.00000  50.0%  26.8 3595s
 8533756 5096957   95.00000  167  258   96.00000   48.00000  50.0%  26.8 3600s

Explored 8534328 nodes (228548126 simplex iterations) in 3600.07 seconds (899.20 work units)
Thread count was 32 (of 32 available processors)

Solution count 10: 96 97 98 ... 104

Time limit reached
Best objective 9.600000000000e+01, best bound 4.800000000000e+01, gap 50.0000%
