
Gurobi 13.0.0 (linux64) logging started Thu Nov 20 10:48:29 2025

Set parameter LogFile to value "./Results/StripPacking-CutHeur/Logs/SU-010-StripPacking-10.log"
Set parameter TimeLimit to value 3600
Set parameter Cuts to value 0
Set parameter Presolve to value 1
Set parameter Heuristics to value 0
Set parameter LogToConsole to value 0
Set parameter LPWarmStart to value 2
Gurobi Optimizer version 13.0.0 build v13.0.0rc1 (linux64 - "Debian GNU/Linux 12 (bookworm)")

CPU model: Intel(R) Xeon(R) CPU E5-2630 v3 @ 2.40GHz, instruction set [SSE2|AVX|AVX2]
Thread count: 16 physical cores, 32 logical processors, using up to 32 threads

Non-default parameters:
TimeLimit  3600
LPWarmStart  2
Heuristics  0
Cuts  0
LogToConsole  0
Presolve  1

Optimize a model with 595 rows, 201 columns and 1460 nonzeros (Min)
Model fingerprint: 0x872ee987
Model has 1 linear objective coefficients
Variable types: 21 continuous, 180 integer (180 binary)
Coefficient statistics:
  Matrix range     [1e+00, 1e+04]
  Objective range  [1e+00, 1e+00]
  Bounds range     [1e+00, 1e+04]
  RHS range        [1e+00, 1e+04]

Warning: Completing partial solution with 180 unfixed non-continuous variables out of 180
User MIP start produced solution with objective 50 (0.00s)
Loaded user MIP start with objective 50

Presolve removed 128 rows and 22 columns
Presolve time: 0.01s
Presolved: 467 rows, 179 columns, 1392 nonzeros
Variable types: 21 continuous, 158 integer (158 binary)

Root relaxation: objective 3.500000e+01, 118 iterations, 0.00 seconds (0.00 work units)

    Nodes    |    Current Node    |     Objective Bounds      |     Work
 Expl Unexpl |  Obj  Depth IntInf | Incumbent    BestBd   Gap | It/Node Time

     0     0   35.00000    0    3   50.00000   35.00000  30.0%     -    0s
     0     0   35.00000    0    3   50.00000   35.00000  30.0%     -    0s
     0     2   35.00000    0    3   50.00000   35.00000  30.0%     -    0s
*  309   582              34      49.0000000   35.00000  28.6%   8.5    0s
*  313   582              35      48.0000000   35.00000  27.1%   8.4    0s
*  374   582              28      47.0000000   35.00000  25.5%   8.1    0s
*  394   582              28      46.0000000   35.00000  23.9%   8.2    0s
*  491   582              34      45.0000000   35.00000  22.2%   8.2    0s
*  501   582              20      44.0000000   35.00000  20.5%   8.1    0s
*  846   900              34      44.0000000   35.00000  20.5%   8.0    0s
*  913   900              26      43.0000000   35.00000  18.6%   7.9    0s
*  914   900              26      42.0000000   35.00000  16.7%   7.9    0s
* 2412  1257              29      41.0000000   35.00000  14.6%   6.5    0s
* 4052  1157              12      39.0000000   35.00000  10.3%   6.1    0s
*26700   315              21      39.0000000   38.00000  2.56%   4.7    0s

Explored 31724 nodes (144144 simplex iterations) in 0.73 seconds (0.37 work units)
Thread count was 32 (of 32 available processors)

Solution count 10: 39 39 39 ... 46

Optimal solution found (tolerance 1.00e-04)
Best objective 3.900000000000e+01, best bound 3.900000000000e+01, gap 0.0000%
