
Gurobi 13.0.0 (win64) logging started Wed Nov 19 10:48:54 2025

Set parameter LogFile to value "./Results/StripPacking-CutHeur/Logs/SU-010-StripPacking-15.log"
Set parameter TimeLimit to value 3600
Set parameter Cuts to value 0
Set parameter Presolve to value 1
Set parameter Heuristics to value 0
Set parameter LogToConsole to value 0
Set parameter LPWarmStart to value 2
Gurobi Optimizer version 13.0.0 build v13.0.0rc1 (win64 - Windows 11+.0 (26200.2))

CPU model: AMD Ryzen AI 9 365 w/ Radeon 880M, instruction set [SSE2|AVX|AVX2|AVX512]
Thread count: 10 physical cores, 20 logical processors, using up to 20 threads

Non-default parameters:
TimeLimit  3600
LPWarmStart  2
Heuristics  0
Cuts  0
LogToConsole  0
Presolve  1

Optimize a model with 1380 rows, 451 columns and 3390 nonzeros (Min)
Model fingerprint: 0x46535729
Model has 1 linear objective coefficients
Variable types: 31 continuous, 420 integer (420 binary)
Coefficient statistics:
  Matrix range     [1e+00, 1e+04]
  Objective range  [1e+00, 1e+00]
  Bounds range     [1e+00, 1e+04]
  RHS range        [1e+00, 1e+04]

Warning: Completing partial solution with 420 unfixed non-continuous variables out of 420
User MIP start produced solution with objective 72 (0.00s)
User MIP start produced solution with objective 72 (0.00s)
Loaded user MIP start with objective 72

Presolve removed 210 rows and 0 columns
Presolve time: 0.00s
Presolved: 1170 rows, 451 columns, 3554 nonzeros
Variable types: 31 continuous, 420 integer (420 binary)

Root relaxation: objective 3.700000e+01, 268 iterations, 0.00 seconds (0.00 work units)

    Nodes    |    Current Node    |     Objective Bounds      |     Work
 Expl Unexpl |  Obj  Depth IntInf | Incumbent    BestBd   Gap | It/Node Time

     0     0   37.00000    0   25   72.00000   37.00000  48.6%     -    0s
     0     0   37.00000    0   25   72.00000   37.00000  48.6%     -    0s
     0     0   37.00000    0   21   72.00000   37.00000  48.6%     -    0s
     0     2   37.00000    0   18   72.00000   37.00000  48.6%     -    0s
*  541   610              45      69.0000000   37.00000  46.4%  12.8    0s
*  744   828              73      68.0000000   37.00000  45.6%  12.7    0s
*  752   801              57      64.0000000   37.00000  42.2%  12.6    0s
* 1215  1002              59      61.0000000   37.00000  39.3%  11.7    0s
* 1955  1433              72      58.0000000   37.00000  36.2%  10.6    0s

Explored 2322 nodes (25161 simplex iterations) in 0.16 seconds (0.19 work units)
Thread count was 20 (of 20 available processors)

Solution count 6: 58 61 64 ... 72

Solve interrupted
Best objective 5.800000000000e+01, best bound 3.700000000000e+01, gap 36.2069%

Gurobi 13.0.0 (linux64) logging started Thu Nov 20 13:12:39 2025

Set parameter LogFile to value "./Results/StripPacking-CutHeur/Logs/SU-010-StripPacking-15.log"
Set parameter TimeLimit to value 3600
Set parameter Cuts to value 0
Set parameter Presolve to value 1
Set parameter Heuristics to value 0
Set parameter LogToConsole to value 0
Set parameter LPWarmStart to value 2
Gurobi Optimizer version 13.0.0 build v13.0.0rc1 (linux64 - "Debian GNU/Linux 12 (bookworm)")

CPU model: Intel(R) Xeon(R) CPU E5-2630 v3 @ 2.40GHz, instruction set [SSE2|AVX|AVX2]
Thread count: 16 physical cores, 32 logical processors, using up to 32 threads

Non-default parameters:
TimeLimit  3600
LPWarmStart  2
Heuristics  0
Cuts  0
LogToConsole  0
Presolve  1

Optimize a model with 1380 rows, 451 columns and 3390 nonzeros (Min)
Model fingerprint: 0x46535729
Model has 1 linear objective coefficients
Variable types: 31 continuous, 420 integer (420 binary)
Coefficient statistics:
  Matrix range     [1e+00, 1e+04]
  Objective range  [1e+00, 1e+00]
  Bounds range     [1e+00, 1e+04]
  RHS range        [1e+00, 1e+04]

Warning: Completing partial solution with 420 unfixed non-continuous variables out of 420
User MIP start produced solution with objective 72 (0.02s)
User MIP start produced solution with objective 72 (0.02s)
Loaded user MIP start with objective 72

Presolve removed 210 rows and 0 columns
Presolve time: 0.01s
Presolved: 1170 rows, 451 columns, 3554 nonzeros
Variable types: 31 continuous, 420 integer (420 binary)

Root relaxation: objective 3.700000e+01, 268 iterations, 0.00 seconds (0.00 work units)

    Nodes    |    Current Node    |     Objective Bounds      |     Work
 Expl Unexpl |  Obj  Depth IntInf | Incumbent    BestBd   Gap | It/Node Time

     0     0   37.00000    0   25   72.00000   37.00000  48.6%     -    0s
     0     0   37.00000    0   25   72.00000   37.00000  48.6%     -    0s
     0     0   37.00000    0   21   72.00000   37.00000  48.6%     -    0s
     0     2   37.00000    0   18   72.00000   37.00000  48.6%     -    0s
*  758   794              38      67.0000000   37.00000  44.8%  12.0    0s
* 1058  1055              56      65.0000000   37.00000  43.1%  11.3    0s
* 1520  1269              73      62.0000000   37.00000  40.3%  10.8    0s
* 2178  1475              96      60.0000000   37.00000  38.3%  10.4    0s
* 2797  1563              55      58.0000000   37.00000  36.2%  10.0    0s
* 3883  2047              52      57.0000000   37.00000  35.1%  12.1    0s
* 3896  1973              49      56.0000000   37.00000  33.9%  12.1    0s
* 4840  2253              65      55.0000000   37.00000  32.7%  12.4    1s
* 5916  2165              70      52.0000000   37.00000  28.8%  12.5    1s
* 7302  1852              51      51.0000000   37.00000  27.5%  14.0    1s
* 7630  1863              47      50.0000000   37.00000  26.0%  14.8    1s
* 8096  1811              40      48.0000000   37.00000  22.9%  15.7    1s
 21457  5552   41.00000   35   71   48.00000   37.00000  22.9%  20.8    5s
*38022  7850              64      47.0000000   37.00000  21.3%  21.3    9s
 38785  7434     cutoff   49        47.00000   37.00000  21.3%  21.1   10s
 60767  8598 infeasible   59        47.00000   37.00000  21.3%  22.6   15s
 84204 12799 infeasible   46        47.00000   37.00000  21.3%  23.3   20s
 98880 13910   45.00000   69   36   47.00000   39.00000  17.0%  24.8   25s
 124507 16549   41.00000   60   51   47.00000   41.00000  12.8%  25.0   30s
 155893 17293 infeasible   57        47.00000   41.00000  12.8%  24.9   35s
 171850 20628 infeasible   55        47.00000   43.00000  8.51%  26.3   40s
 203352 18522   43.00000   49   39   47.00000   43.00000  8.51%  25.4   45s
 224019 18528 infeasible   65        47.00000   43.00000  8.51%  25.8   50s
 251688 20524     cutoff   46        47.00000   44.00000  6.38%  25.2   55s
 293498 22850 infeasible   59        47.00000   44.00000  6.38%  23.8   60s
 309966 25246   44.00000   40   40   47.00000   44.00000  6.38%  23.9   65s
 348323 25478     cutoff   43        47.00000   44.00000  6.38%  23.1   70s
 373453 24528 infeasible   58        47.00000   45.00000  4.26%  22.8   75s
 403837 24117   45.00000   49   58   47.00000   45.00000  4.26%  22.6   80s
 424539 23288 infeasible   56        47.00000   45.00000  4.26%  22.6   85s
 457709 22397   46.00000   43   38   47.00000   46.00000  2.13%  22.2   90s
 501449 20882 infeasible   53        47.00000   46.00000  2.13%  21.4   95s
 541916 20560 infeasible   84        47.00000   46.00000  2.13%  20.8  100s
 562454 18976 infeasible   56        47.00000   46.00000  2.13%  20.8  105s
 606513 18722 infeasible   65        47.00000   46.00000  2.13%  20.3  110s
 641231 18317   46.00000   48   58   47.00000   46.00000  2.13%  20.1  115s
 683985 18366 infeasible   52        47.00000   46.00000  2.13%  19.7  120s
 707495 17673   46.00000   48   52   47.00000   46.00000  2.13%  19.7  125s
 741830 17334 infeasible   55        47.00000   46.00000  2.13%  19.6  130s
 786955 17112 infeasible   62        47.00000   46.00000  2.13%  19.3  135s
 819744 16094   46.00000   60   50   47.00000   46.00000  2.13%  19.1  140s
 850306 14522 infeasible   54        47.00000   46.00000  2.13%  19.1  145s
 883883 13185   46.00000   63   26   47.00000   46.00000  2.13%  19.1  150s
 902342 10831     cutoff   53        47.00000   46.00000  2.13%  19.4  155s
 936836  9650   46.00000   43   28   47.00000   46.00000  2.13%  19.5  160s
 970724  8474 infeasible   52        47.00000   46.00000  2.13%  19.5  165s
 987445  7345   46.00000   56   54   47.00000   46.00000  2.13%  19.8  170s
 1018703  5800 infeasible   54        47.00000   46.00000  2.13%  19.9  175s
 1053266  4501   46.00000   58   40   47.00000   46.00000  2.13%  19.9  180s
 1088615  3283 infeasible   63        47.00000   46.00000  2.13%  19.9  185s
 1122563  2309   46.00000   54   51   47.00000   46.00000  2.13%  19.9  190s
 1138508  2262   46.00000   46   36   47.00000   46.00000  2.13%  20.2  195s

Explored 1167376 nodes (23413607 simplex iterations) in 199.11 seconds (40.82 work units)
Thread count was 32 (of 32 available processors)

Solution count 10: 47 47 48 ... 58

Optimal solution found (tolerance 1.00e-04)
Best objective 4.700000000000e+01, best bound 4.700000000000e+01, gap 0.0000%
