
Gurobi 13.0.0 (linux64) logging started Tue Nov 25 02:58:34 2025

Set parameter LogFile to value "./Results/StripPacking-CutHeur/Logs/SU-010-StripPacking-25-0.log"
Set parameter TimeLimit to value 3600
Set parameter Cuts to value 0
Set parameter Presolve to value 1
Set parameter Heuristics to value 0
Set parameter LogToConsole to value 0
Set parameter LPWarmStart to value 2
Gurobi Optimizer version 13.0.0 build v13.0.0rc1 (linux64 - "Debian GNU/Linux 12 (bookworm)")

CPU model: Intel(R) Xeon(R) CPU E5-2630 v3 @ 2.40GHz, instruction set [SSE2|AVX|AVX2]
Thread count: 16 physical cores, 32 logical processors, using up to 32 threads

Non-default parameters:
TimeLimit  3600
LPWarmStart  2
Heuristics  0
Cuts  0
LogToConsole  0
Presolve  1

Optimize a model with 3925 rows, 1251 columns and 9650 nonzeros (Min)
Model fingerprint: 0xe9f5fa63
Model has 1 linear objective coefficients
Variable types: 51 continuous, 1200 integer (1200 binary)
Coefficient statistics:
  Matrix range     [1e+00, 1e+04]
  Objective range  [1e+00, 1e+00]
  Bounds range     [1e+00, 1e+04]
  RHS range        [1e+00, 1e+04]

Warning: Completing partial solution with 1200 unfixed non-continuous variables out of 1200
User MIP start produced solution with objective 106.2 (0.00s)
Loaded user MIP start with objective 106.2

Presolve removed 600 rows and 0 columns
Presolve time: 0.01s
Presolved: 3325 rows, 1251 columns, 8450 nonzeros
Variable types: 51 continuous, 1200 integer (1200 binary)

Root relaxation: objective 3.400000e+01, 727 iterations, 0.02 seconds (0.02 work units)

    Nodes    |    Current Node    |     Objective Bounds      |     Work
 Expl Unexpl |  Obj  Depth IntInf | Incumbent    BestBd   Gap | It/Node Time

     0     0   34.00000    0   95  106.20000   34.00000  68.0%     -    0s
     0     0   34.00000    0   95  106.20000   34.00000  68.0%     -    0s
     0     0   34.00000    0   85  106.20000   34.00000  68.0%     -    0s
     0     2   34.00000    0   85  106.20000   34.00000  68.0%     -    0s
* 2749  2906             144     102.0000000   34.00000  66.7%  29.1    1s
* 3430  3316             162     100.0000000   34.00000  66.0%  26.5    1s
* 3678  3741             205      99.0000000   34.00000  65.7%  25.8    1s
* 4222  4071             224      98.0000000   34.00000  65.3%  24.9    1s
  7900  7256   34.00000   47  141   98.00000   34.00000  65.3%  25.5    5s
* 8622  6759             157      97.0000000   34.00000  64.9%  25.8    5s
* 9325  6553             171      95.0000000   34.00000  64.2%  25.4    5s
* 9435  6284             157      94.0000000   34.00000  63.8%  25.2    5s
*11544  6892             209      91.0000000   34.00000  62.6%  24.0    5s
*12689  7447             181      90.0000000   34.00000  62.2%  23.7    6s
*16238  8793             173      88.0000000   34.00000  61.4%  23.3    7s
*21563 12427             145      87.0000000   34.00000  60.9%  22.0    8s
*24361 13251             131      86.0000000   34.00000  60.5%  21.4    9s
*26568 13669             127      85.0000000   34.00000  60.0%  21.0    9s
 26610 14483   67.00000  128  143   85.00000   34.00000  60.0%  21.0   10s
*29577 14793             127      84.0000000   34.00000  59.5%  20.5   10s
*31606 16861             147      83.0000000   34.00000  59.0%  20.5   11s
*32331 16309             172      82.0000000   34.00000  58.5%  20.4   11s
*40967 20848             131      81.0000000   34.00000  58.0%  19.7   13s
*41058 20138             134      80.0000000   34.00000  57.5%  19.7   13s
*44401 21255             137      79.0000000   34.00000  57.0%  19.7   14s
 45019 22792     cutoff  116        79.00000   34.00000  57.0%  19.8   15s
*51529 24808             139      78.0000000   34.00000  56.4%  19.7   16s
 60713 39623   36.00000   58  194   78.00000   34.00000  56.4%  20.5   20s
 85349 50441   43.00000   49  153   78.00000   34.00000  56.4%  20.4   25s
*92179 50522             197      77.0000000   34.00000  55.8%  20.4   26s
 107435 61070   34.00000   52  146   77.00000   34.00000  55.8%  20.7   30s
*107604 56710             136      76.0000000   34.00000  55.3%  20.7   30s
 127064 70403   72.00000   80  112   76.00000   34.00000  55.3%  20.8   35s
 147173 87109   70.00000   66  140   76.00000   34.00000  55.3%  21.0   40s
*168142 89581             115      75.0000000   34.00000  54.7%  21.2   44s
 172499 93243   34.00000   50  128   75.00000   34.00000  54.7%  21.1   45s
 191658 107560   73.00000  112  118   75.00000   34.00000  54.7%  21.3   50s
 216980 123900 infeasible   92        75.00000   34.00000  54.7%  21.3   55s
 239920 141066   74.00000   74   40   75.00000   34.00000  54.7%  21.2   60s
 262741 154419   58.00000   45  161   75.00000   34.00000  54.7%  21.1   65s
 283018 169211 infeasible  107        75.00000   34.00000  54.7%  21.3   70s
 304339 184057   62.00000  125  114   75.00000   34.00000  54.7%  21.3   75s
 325830 199550   59.00000   69  150   75.00000   34.00000  54.7%  21.4   80s
 341107 218341   50.00000   69  150   75.00000   34.00000  54.7%  21.5   85s
*342816 192692             108      74.0000000   34.00000  54.1%  21.5   85s
 365892 201714   51.00000   41  132   74.00000   34.00000  54.1%  21.4   90s
 388602 214394   55.00000   80  188   74.00000   34.00000  54.1%  21.4   95s
 409482 230173   34.00000   51  231   74.00000   34.00000  54.1%  21.5  100s
*424342 207528             122      73.0000000   34.00000  53.4%  21.4  103s
 428171 210525   72.00000  104   60   73.00000   34.00000  53.4%  21.4  105s
 448106 223656   71.00000   96   88   73.00000   34.00000  53.4%  21.4  110s
 463717 239849     cutoff   80        73.00000   34.00000  53.4%  21.4  115s
 492863 253902   61.00000   71  151   73.00000   34.00000  53.4%  21.4  120s
 512914 267541   72.00000   88   64   73.00000   34.00000  53.4%  21.5  125s
 536632 281609   60.00000   72  152   73.00000   34.00000  53.4%  21.5  130s
 556716 295055   65.00000   70  133   73.00000   34.00000  53.4%  21.5  135s
 576914 308638     cutoff   80        73.00000   34.00000  53.4%  21.5  140s
*579670 277999             171      72.0000000   34.00000  52.8%  21.5  140s
 602571 289605 infeasible   85        72.00000   34.00000  52.8%  21.4  145s
 623257 304010   47.00000   66  149   72.00000   34.00000  52.8%  21.4  150s
 641396 315026   61.00000   65  133   72.00000   34.00000  52.8%  21.5  155s
 660610 328731   53.00000   46  143   72.00000   34.00000  52.8%  21.4  160s
 685888 344004   34.00000   44  154   72.00000   34.00000  52.8%  21.4  165s
 703004 354967   69.00000   88  132   72.00000   34.00000  52.8%  21.5  170s
 723209 368856 infeasible   83        72.00000   34.00000  52.8%  21.5  175s
 749147 385496   68.00000   76  162   72.00000   34.00000  52.8%  21.5  180s
 763067 394808 infeasible  102        72.00000   34.00000  52.8%  21.6  185s
 782797 409611   71.00000   86   90   72.00000   34.00000  52.8%  21.6  190s
 806494 423053   60.00000   66  119   72.00000   34.00000  52.8%  21.6  195s
 823110 433894 infeasible   83        72.00000   34.00000  52.8%  21.6  200s
 843955 448442   63.00000   69  116   72.00000   34.00000  52.8%  21.6  205s
 866252 462976   69.00000   98  106   72.00000   34.00000  52.8%  21.6  210s
 882392 475849   59.00000   80  178   72.00000   34.00000  52.8%  21.6  215s
 901489 489188   45.00000   62  211   72.00000   34.00000  52.8%  21.7  220s
 916859 503713   68.00000   71  131   72.00000   34.00000  52.8%  21.7  225s
 945112 515111 infeasible  106        72.00000   34.00000  52.8%  21.7  230s
 967322 529782   71.00000   79  136   72.00000   34.00000  52.8%  21.7  235s
 990896 544529   65.00000   81  157   72.00000   34.00000  52.8%  21.7  240s
 1008262 556127   65.00000   72  166   72.00000   34.00000  52.8%  21.7  245s
 1029262 569458   64.00000   90  127   72.00000   34.00000  52.8%  21.7  250s
 1053397 585044 infeasible   73        72.00000   34.00000  52.8%  21.7  255s
 1071708 599253   45.00000   48  160   72.00000   34.00000  52.8%  21.7  260s
 1092269 612082   63.00000   71  147   72.00000   34.00000  52.8%  21.6  265s
 1117282 626622 infeasible   87        72.00000   34.00000  52.8%  21.6  270s
 1130604 638546   71.00000  109   74   72.00000   34.00000  52.8%  21.6  275s
 1151788 651093   70.00000   68  122   72.00000   34.00000  52.8%  21.6  280s
 1167875 667446   71.00000   78   98   72.00000   34.00000  52.8%  21.6  285s
*1182054 579337             121      71.0000000   34.00000  52.1%  21.6  286s
 1196912 591246   66.00000   85  114   71.00000   34.00000  52.1%  21.6  290s
 1216901 601243   63.00000   38  196   71.00000   34.00000  52.1%  21.6  295s
 1236213 613669   65.00000   73  134   71.00000   34.00000  52.1%  21.6  300s
 1256172 626257   59.00000   71  157   71.00000   34.00000  52.1%  21.6  305s
 1272323 639351   47.00000   51  175   71.00000   34.00000  52.1%  21.7  310s
 1288586 654969   61.00000   80   94   71.00000   34.00000  52.1%  21.7  315s
 1313922 664191   70.00000   84   92   71.00000   34.00000  52.1%  21.7  320s
 1333523 679210   66.00000   86   88   71.00000   34.00000  52.1%  21.7  325s
 1352016 696810   64.00000   75  172   71.00000   34.00000  52.1%  21.7  331s
 1373228 704651   69.00000   82   94   71.00000   34.00000  52.1%  21.7  335s
 1398933 718256     cutoff   94        71.00000   34.00000  52.1%  21.7  340s
 1414114 728112 infeasible   71        71.00000   34.00000  52.1%  21.8  345s
 1431426 741041   65.00000  104   70   71.00000   34.00000  52.1%  21.8  350s
 1448386 755634   64.00000   40  138   71.00000   34.00000  52.1%  21.8  355s
 1469761 765903   48.00000   59  193   71.00000   34.00000  52.1%  21.8  360s
 1494119 779495   67.00000   67  137   71.00000   34.00000  52.1%  21.8  365s
 1510975 798887   70.00000   81  110   71.00000   34.00000  52.1%  21.8  371s
 1531718 806855   53.00000   83  161   71.00000   34.00000  52.1%  21.9  375s
 1552160 820449   70.00000   77  149   71.00000   34.00000  52.1%  21.9  380s
 1571956 833622   47.00000   55  192   71.00000   34.00000  52.1%  21.9  385s
 1589667 842767   70.00000   64  113   71.00000   34.00000  52.1%  21.9  390s
 1605277 860711   70.00000   71  128   71.00000   34.00000  52.1%  22.0  395s
 1632860 873439   64.00000   79  118   71.00000   34.00000  52.1%  22.0  400s
 1653333 884241     cutoff  103        71.00000   34.00000  52.1%  22.0  405s
 1670650 900325   70.00000   51  150   71.00000   34.00000  52.1%  22.0  410s
 1689470 907858   65.00000   84  166   71.00000   34.00000  52.1%  22.0  415s
 1713092 923272   34.00000   48  197   71.00000   34.00000  52.1%  22.0  420s
 1730596 934736   65.00000   66  160   71.00000   34.00000  52.1%  22.0  425s
 1747828 948359   70.00000   71  116   71.00000   34.00000  52.1%  22.0  430s
 1769187 961737   65.00000   97  136   71.00000   34.00000  52.1%  22.0  435s
 1788614 974328   51.00000   82  135   71.00000   34.00000  52.1%  22.0  440s
 1811388 987399   66.00000   84  122   71.00000   34.00000  52.1%  22.0  445s
 1827157 1005631   62.00000   55  151   71.00000   34.00000  52.1%  22.0  451s
 1851233 1013219   70.00000   50  109   71.00000   34.00000  52.1%  22.0  455s
 1872480 1026490   61.00000   75  161   71.00000   34.00000  52.1%  22.0  460s
 1891098 1038009 infeasible   86        71.00000   34.00000  52.1%  22.0  465s
 1908165 1051401   48.00000   56  210   71.00000   34.00000  52.1%  22.1  470s
 1929350 1064831   70.00000   95   88   71.00000   34.00000  52.1%  22.1  475s
 1948896 1074687 infeasible   99        71.00000   34.00000  52.1%  22.0  480s
 1968720 1089362   70.00000   78   96   71.00000   34.00000  52.1%  22.0  485s
 1990332 1101371   65.00000   85  164   71.00000   34.00000  52.1%  22.1  490s
 2009928 1114332 infeasible  115        71.00000   34.00000  52.1%  22.1  495s
 2031293 1127778     cutoff   94        71.00000   34.00000  52.1%  22.1  500s
 2044347 1143569   67.00000   97  118   71.00000   34.00000  52.1%  22.1  505s
 2068983 1153897   69.00000  107   70   71.00000   34.00000  52.1%  22.1  510s
 2089104 1164001   70.00000   81  119   71.00000   34.00000  52.1%  22.1  515s
 2109837 1177770   61.00000  117   90   71.00000   34.00000  52.1%  22.1  520s
 2130564 1191099 infeasible   94        71.00000   34.00000  52.1%  22.1  525s
 2150186 1203854   44.00000   40  157   71.00000   34.00000  52.1%  22.1  530s
 2170311 1216857   50.00000   62  152   71.00000   34.00000  52.1%  22.1  535s
 2185384 1228903   56.00000   76  162   71.00000   34.00000  52.1%  22.1  540s
 2209081 1242544   48.00000   46  223   71.00000   34.00000  52.1%  22.1  545s
 2229386 1255822   70.00000   74   84   71.00000   34.00000  52.1%  22.1  550s
 2251743 1270629 infeasible   89        71.00000   34.00000  52.1%  22.1  555s
 2272002 1283185   62.00000   68  133   71.00000   34.00000  52.1%  22.1  560s
 2288150 1301243   34.00000   60  214   71.00000   34.00000  52.1%  22.1  566s
 2311299 1308593   69.00000   78  122   71.00000   34.00000  52.1%  22.1  570s
 2331810 1321836     cutoff  102        71.00000   34.00000  52.1%  22.1  575s
 2347945 1332741   53.00000   90  124   71.00000   34.00000  52.1%  22.1  580s
 2368035 1347759   70.00000   57  167   71.00000   34.00000  52.1%  22.1  585s
 2379228 1361270   61.00000   65  146   71.00000   34.00000  52.1%  22.1  590s
 2408397 1372046   65.00000   91  123   71.00000   34.00000  52.1%  22.1  595s
 2425304 1385126   70.00000   94   62   71.00000   34.00000  52.1%  22.1  600s
 2446073 1399071   56.00000   61  155   71.00000   34.00000  52.1%  22.2  605s
 2465304 1412123   66.00000   89  116   71.00000   34.00000  52.1%  22.2  610s
 2488690 1424913   70.00000   59  182   71.00000   34.00000  52.1%  22.2  615s
 2508593 1437780   62.00000   53  117   71.00000   34.00000  52.1%  22.2  620s
 2527985 1452670   65.00000   69  148   71.00000   34.00000  52.1%  22.2  625s
 2550061 1466474   51.00000   69  151   71.00000   34.00000  52.1%  22.2  630s
 2569992 1480230   70.00000   79  113   71.00000   34.00000  52.1%  22.2  635s
 2589557 1490981   65.00000   55  164   71.00000   34.00000  52.1%  22.2  640s
 2610839 1504121   48.00000   88  174   71.00000   34.00000  52.1%  22.2  645s
 2621525 1519056   69.00000   80   62   71.00000   34.00000  52.1%  22.2  650s
 2647225 1528063 infeasible  112        71.00000   34.00000  52.1%  22.2  655s
 2667286 1543153   70.00000   84  140   71.00000   34.00000  52.1%  22.2  660s
 2686553 1555845   65.00000   64  186   71.00000   34.00000  52.1%  22.2  665s
 2707849 1567309   68.00000   95  140   71.00000   34.00000  52.1%  22.2  670s
 2717990 1582556   70.00000   79  114   71.00000   34.00000  52.1%  22.2  675s
 2744229 1593000   46.00000   53  175   71.00000   34.00000  52.1%  22.2  680s
 2763841 1606234   70.00000   97   98   71.00000   34.00000  52.1%  22.2  685s
 2779773 1621505   58.00000   80  137   71.00000   34.00000  52.1%  22.2  690s
 2803216 1633221   60.00000  107  152   71.00000   34.00000  52.1%  22.2  695s
 2828503 1647903   69.00000  104   94   71.00000   34.00000  52.1%  22.2  700s
 2841759 1663905   47.00000   55  167   71.00000   34.00000  52.1%  22.2  705s
 2867248 1672563   51.00000   66  180   71.00000   34.00000  52.1%  22.2  710s
 2886909 1685649   65.00000   57  134   71.00000   34.00000  52.1%  22.2  715s
 2905795 1700154   65.00000   69  148   71.00000   34.00000  52.1%  22.2  720s
 2924795 1710542   69.00000   69   92   71.00000   34.00000  52.1%  22.2  725s
 2937212 1725937   66.00000   64  128   71.00000   34.00000  52.1%  22.2  730s
 2962749 1734910   65.00000   76  149   71.00000   34.00000  52.1%  22.2  735s
 2982274 1747698   70.00000   52  110   71.00000   34.00000  52.1%  22.2  740s
 3003319 1761411   67.00000   69  128   71.00000   34.00000  52.1%  22.2  745s
 3024231 1774829   50.00000   76  165   71.00000   34.00000  52.1%  22.2  750s
 3044934 1790163   69.00000  115  108   71.00000   34.00000  52.1%  22.2  755s
 3064155 1800459 infeasible  121        71.00000   34.00000  52.1%  22.2  760s
 3085923 1816360   36.00000   57  176   71.00000   34.00000  52.1%  22.2  765s
 3104429 1827070   69.00000   89  122   71.00000   34.00000  52.1%  22.2  770s
 3119445 1836707   64.00000   64  167   71.00000   34.00000  52.1%  22.2  775s
 3138510 1852165   65.00000   99  110   71.00000   34.00000  52.1%  22.2  780s
 3159083 1863142   60.00000   65  159   71.00000   34.00000  52.1%  22.2  785s
 3178294 1877892   67.00000   71  133   71.00000   34.00000  52.1%  22.2  790s
 3194805 1888742   68.00000   72  117   71.00000   34.00000  52.1%  22.3  795s
 3218766 1902059   51.00000   51  172   71.00000   34.00000  52.1%  22.3  800s
 3238179 1915466   47.00000   46  185   71.00000   34.00000  52.1%  22.3  805s
 3258348 1930746   69.00000   92  104   71.00000   34.00000  52.1%  22.3  810s
 3280784 1944315   70.00000   79  134   71.00000   34.00000  52.1%  22.2  815s
 3300247 1956161     cutoff  113        71.00000   34.00000  52.1%  22.2  820s
 3321273 1969651   70.00000   84  112   71.00000   34.00000  52.1%  22.3  825s
 3334550 1985826   60.00000   74  172   71.00000   34.00000  52.1%  22.3  830s
 3357605 1993482   64.00000   71  108   71.00000   34.00000  52.1%  22.3  835s
 3378250 2008781 infeasible   91        71.00000   34.00000  52.1%  22.3  840s
 3398140 2019562   62.00000   62  166   71.00000   34.00000  52.1%  22.2  845s
 3416163 2031311 infeasible   86        71.00000   34.00000  52.1%  22.2  850s
 3435398 2043858 infeasible   87        71.00000   34.00000  52.1%  22.3  855s
 3455074 2058912   66.00000   83  113   71.00000   34.00000  52.1%  22.3  860s
 3471788 2069211   67.00000   88  173   71.00000   34.00000  52.1%  22.2  865s
 3486858 2084039   70.00000  102  150   71.00000   34.00000  52.1%  22.2  870s
 3515375 2095460 infeasible   90        71.00000   34.00000  52.1%  22.2  875s
 3536660 2109590   53.00000   51  226   71.00000   34.00000  52.1%  22.2  880s
 3557931 2122498   34.00000   47  196   71.00000   34.00000  52.1%  22.2  885s
 3575066 2141490   70.00000  102   72   71.00000   34.00000  52.1%  22.2  891s
 3595298 2147110   45.00000   51  146   71.00000   34.00000  52.1%  22.2  895s
 3620042 2163762   68.00000   65  108   71.00000   34.00000  52.1%  22.2  900s
 3636106 2176600   70.00000   78  150   71.00000   34.00000  52.1%  22.2  905s
 3655841 2189447   48.00000   59  143   71.00000   34.00000  52.1%  22.2  910s
 3678687 2202643   34.00000   28  167   71.00000   34.00000  52.1%  22.2  915s
 3696112 2214447 infeasible   83        71.00000   34.00000  52.1%  22.2  920s
 3716935 2228478   48.00000   65  179   71.00000   34.00000  52.1%  22.2  925s
 3741289 2244264 infeasible   99        71.00000   34.00000  52.1%  22.2  930s
 3757477 2255335   51.00000   48  243   71.00000   34.00000  52.1%  22.2  935s
 3776655 2270176   53.00000   78  204   71.00000   34.00000  52.1%  22.2  940s
 3801254 2283792 infeasible   86        71.00000   34.00000  52.1%  22.2  945s
 3817337 2294164 infeasible   86        71.00000   34.00000  52.1%  22.2  950s
 3835795 2308593   65.00000   80  106   71.00000   34.00000  52.1%  22.2  955s
 3851628 2324382   70.00000   99   96   71.00000   34.00000  52.1%  22.2  960s
 3881085 2337894   45.00000   44  191   71.00000   34.00000  52.1%  22.2  965s
 3897153 2348476   70.00000   84   94   71.00000   34.00000  52.1%  22.2  970s
 3917908 2362676   52.00000  118  130   71.00000   34.00000  52.1%  22.2  975s
 3941942 2376243 infeasible   70        71.00000   34.00000  52.1%  22.2  981s
 3958186 2388329   61.00000  110  105   71.00000   34.00000  52.1%  22.3  985s
 3973997 2403480   69.00000   70  122   71.00000   34.00000  52.1%  22.2  990s
 3999877 2414831   69.00000   70  124   71.00000   34.00000  52.1%  22.2  995s
 4018549 2424846   58.00000   69  118   71.00000   34.00000  52.1%  22.2 1000s
 4035208 2443583   34.00000   53  254   71.00000   34.00000  52.1%  22.2 1006s
 4055542 2451712   63.00000   86  136   71.00000   34.00000  52.1%  22.3 1010s
 4077005 2464702   64.00000   73  122   71.00000   34.00000  52.1%  22.3 1015s
 4097982 2484057   39.09302   40  196   71.00000   34.00000  52.1%  22.3 1021s
 4117897 2489014   48.00000   63  174   71.00000   34.00000  52.1%  22.3 1025s
 4139385 2503691   55.00000   70  104   71.00000   34.00000  52.1%  22.3 1030s
 4157373 2514467   59.00000   56  162   71.00000   34.00000  52.1%  22.3 1035s
 4178137 2527881   70.00000   70  100   71.00000   34.00000  52.1%  22.3 1040s
 4199759 2542045   65.00000   67  109   71.00000   34.00000  52.1%  22.3 1045s
 4216473 2554705   59.00000   62  120   71.00000   34.00000  52.1%  22.3 1050s
 4226338 2567862   67.00000  106   94   71.00000   34.00000  52.1%  22.3 1055s
 4252497 2576378   65.00000   82  124   71.00000   34.00000  52.1%  22.3 1060s
 4273634 2589901   40.00000   65  128   71.00000   34.00000  52.1%  22.3 1065s
 4289475 2606162   69.00000   95   84   71.00000   34.00000  52.1%  22.3 1070s
 4310771 2613794   58.00000   53  262   71.00000   34.00000  52.1%  22.3 1075s
 4334091 2629428   69.00000   65  150   71.00000   34.00000  52.1%  22.3 1080s
 4350806 2640952   43.00000   50  210   71.00000   34.00000  52.1%  22.3 1085s
 4370964 2654231   70.00000   73  125   71.00000   34.00000  52.1%  22.3 1090s
 4382388 2669253   53.00000   51  165   71.00000   34.00000  52.1%  22.3 1095s
 4406151 2679595   65.00000   81  121   71.00000   34.00000  52.1%  22.3 1100s
 4429378 2694715   50.00000   87  168   71.00000   34.00000  52.1%  22.3 1105s
 4447283 2707606   70.00000   85  116   71.00000   34.00000  52.1%  22.3 1110s
 4468975 2719212   65.00000   84  120   71.00000   34.00000  52.1%  22.3 1115s
 4485499 2732284   67.00000   52  146   71.00000   34.00000  52.1%  22.3 1120s
 4506438 2743772   69.00000   99   96   71.00000   34.00000  52.1%  22.3 1125s
 4526873 2757928   70.00000   88  126   71.00000   34.00000  52.1%  22.3 1130s
 4545227 2770379   65.00000   68  159   71.00000   34.00000  52.1%  22.3 1135s
 4564652 2788961     cutoff   92        71.00000   34.00000  52.1%  22.3 1141s
 4585076 2796888   66.00000  104   96   71.00000   34.00000  52.1%  22.3 1145s
 4608313 2810674   65.00000   58  112   71.00000   34.00000  52.1%  22.3 1150s
 4626102 2823261   70.00000  103   93   71.00000   34.00000  52.1%  22.3 1155s
 4643688 2836184     cutoff   90        71.00000   34.00000  52.1%  22.3 1160s
 4658845 2851749   67.00000   84  146   71.00000   34.00000  52.1%  22.3 1165s
 4684600 2862904   67.00000   54  160   71.00000   34.00000  52.1%  22.3 1170s
 4706144 2876866   70.00000   53  150   71.00000   34.00000  52.1%  22.3 1175s
 4721808 2892630   70.00000   77   77   71.00000   34.00000  52.1%  22.3 1180s
 4746664 2902892   62.00000   71  171   71.00000   34.00000  52.1%  22.3 1185s
 4766706 2914605     cutoff   74        71.00000   34.00000  52.1%  22.3 1190s
 4781556 2932327   62.00000   56  150   71.00000   34.00000  52.1%  22.3 1196s
 4802450 2940604   62.00000   57  108   71.00000   34.00000  52.1%  22.3 1200s
 4827222 2954467     cutoff   81        71.00000   34.00000  52.1%  22.3 1205s
 4844503 2973087   65.00000   52  140   71.00000   34.00000  52.1%  22.3 1210s
 4867838 2984456   64.00000   83   88   71.00000   34.00000  52.1%  22.3 1215s
 4891240 2997551 infeasible  106        71.00000   34.00000  52.1%  22.3 1220s
 4906449 3010272   60.00000  101  165   71.00000   34.00000  52.1%  22.3 1225s
 4927920 3023472   66.00000   47  146   71.00000   34.00000  52.1%  22.3 1230s
 4950763 3036448   70.00000   62  112   71.00000   34.00000  52.1%  22.3 1235s
 4970609 3050665   70.00000   71  106   71.00000   34.00000  52.1%  22.3 1240s
 4992360 3063109   67.00000   64  140   71.00000   34.00000  52.1%  22.3 1245s
 5012670 3076445   44.00000   41  238   71.00000   34.00000  52.1%  22.3 1250s
 5026652 3093393   59.00000   47  189   71.00000   34.00000  52.1%  22.3 1255s
 5056629 3107050 infeasible   89        71.00000   34.00000  52.1%  22.3 1260s
 5073038 3117802   37.04000   59  212   71.00000   34.00000  52.1%  22.3 1265s
 5097305 3131852 infeasible   74        71.00000   34.00000  52.1%  22.3 1270s
 5114603 3142929   65.00000   67  118   71.00000   34.00000  52.1%  22.3 1275s
 5136968 3156714   65.00000   50  210   71.00000   34.00000  52.1%  22.3 1280s
 5147241 3171947   53.00000   60  174   71.00000   34.00000  52.1%  22.3 1285s
 5171096 3181003   70.00000  111  120   71.00000   34.00000  52.1%  22.3 1290s
 5195513 3194235   61.00000   61  160   71.00000   34.00000  52.1%  22.3 1295s
 5215865 3207496   59.00000   51  166   71.00000   34.00000  52.1%  22.3 1300s
 5235977 3223060   70.00000   76  118   71.00000   34.00000  52.1%  22.3 1305s
 5255788 3236609   65.00000   82  150   71.00000   34.00000  52.1%  22.3 1310s
 5278287 3248673   65.00000   52  142   71.00000   34.00000  52.1%  22.3 1315s
 5298445 3261934   47.00000   63  180   71.00000   34.00000  52.1%  22.3 1320s
 5317830 3276632   63.00000   68  160   71.00000   34.00000  52.1%  22.3 1325s
 5337960 3288026     cutoff   76        71.00000   34.00000  52.1%  22.3 1330s
 5359547 3302149   36.00000   34  299   71.00000   34.00000  52.1%  22.3 1335s
 5380275 3317430   48.00000   53  178   71.00000   34.00000  52.1%  22.3 1340s
 5403635 3329995   62.00000   45  206   71.00000   34.00000  52.1%  22.3 1345s
 5419846 3340610   68.00000   62  177   71.00000   34.00000  52.1%  22.3 1350s
 5440285 3355944   70.00000   70   94   71.00000   34.00000  52.1%  22.3 1355s
 5459766 3366898 infeasible  110        71.00000   34.00000  52.1%  22.3 1360s
 5479902 3380700   61.00000   43  176   71.00000   34.00000  52.1%  22.3 1365s
 5497437 3393875   70.00000   76  112   71.00000   34.00000  52.1%  22.3 1370s
 5521043 3406795     cutoff   79        71.00000   34.00000  52.1%  22.3 1375s
 5540318 3421851   42.00000   63  185   71.00000   34.00000  52.1%  22.3 1380s
 5556878 3433396   64.00000   67  132   71.00000   34.00000  52.1%  22.3 1385s
 5583730 3448433   65.00000   55  126   71.00000   34.00000  52.1%  22.3 1390s
 5601718 3459709   70.00000   76  117   71.00000   34.00000  52.1%  22.3 1395s
 5619997 3471942 infeasible   86        71.00000   34.00000  52.1%  22.3 1400s
 5632825 3486794   55.28571   73  156   71.00000   34.00000  52.1%  22.3 1405s
 5660616 3500520   64.00000   50  128   71.00000   34.00000  52.1%  22.3 1410s
 5681719 3511675   70.00000   71  136   71.00000   34.00000  52.1%  22.3 1415s
 5692452 3526398   65.00000   81  107   71.00000   34.00000  52.1%  22.3 1420s
 5720591 3537100   65.00000   95  123   71.00000   34.00000  52.1%  22.3 1426s
 5737051 3549818   47.00000   40  174   71.00000   34.00000  52.1%  22.3 1430s
 5752561 3565040   68.00000   80  104   71.00000   34.00000  52.1%  22.3 1435s
 5778900 3575711   65.00000   42  157   71.00000   34.00000  52.1%  22.3 1440s
 5799545 3589647   55.00000   86  123   71.00000   34.00000  52.1%  22.3 1445s
 5814371 3604498   70.00000   67  123   71.00000   34.00000  52.1%  22.3 1451s
 5837200 3612264   66.00000   73  135   71.00000   34.00000  52.1%  22.3 1455s
 5858192 3628029   69.00000   94  108   71.00000   34.00000  52.1%  22.3 1460s
 5877853 3638694   67.00000   50  125   71.00000   34.00000  52.1%  22.3 1465s
 5897308 3651729   64.00000   80  149   71.00000   34.00000  52.1%  22.3 1470s
 5917485 3664360   57.00000   54  164   71.00000   34.00000  52.1%  22.3 1475s
 5937197 3678909 infeasible  125        71.00000   34.00000  52.1%  22.3 1480s
 5958106 3691167 infeasible  112        71.00000   34.00000  52.1%  22.2 1485s
 5979912 3705368   70.00000  102  123   71.00000   34.00000  52.1%  22.2 1490s
 5994987 3715393   43.00000   44  188   71.00000   34.00000  52.1%  22.2 1495s
 6015293 3730929   70.00000   89  108   71.00000   34.00000  52.1%  22.2 1500s
 6037681 3743533   70.00000   84   52   71.00000   34.00000  52.1%  22.2 1505s
 6054802 3757062   53.00000  111  154   71.00000   34.00000  52.1%  22.2 1510s
 6075709 3770537   62.00000   52  138   71.00000   34.00000  52.1%  22.2 1515s
 6095338 3783797   69.00000   52  190   71.00000   34.00000  52.1%  22.2 1520s
 6119376 3796632   67.00000   78  118   71.00000   34.00000  52.1%  22.2 1525s
 6138245 3808818   48.00000   39  191   71.00000   34.00000  52.1%  22.2 1530s
 6158274 3822476   68.00000   67  101   71.00000   34.00000  52.1%  22.2 1535s
 6175539 3833107   65.00000   47  150   71.00000   34.00000  52.1%  22.2 1540s
 6196147 3846521   68.00000   50  124   71.00000   34.00000  52.1%  22.2 1545s
 6220371 3864981   63.00000   48  214   71.00000   34.00000  52.1%  22.2 1550s
 6239456 3875974   69.00000   80  142   71.00000   34.00000  52.1%  22.3 1555s
 6256246 3887024   64.00000   50  126   71.00000   34.00000  52.1%  22.3 1560s
 6280469 3902463   59.00000   93  144   71.00000   34.00000  52.1%  22.2 1565s
 6297647 3920470   70.00000   96  114   71.00000   34.00000  52.1%  22.3 1571s
 6318196 3928355   53.00000   69  150   71.00000   34.00000  52.1%  22.2 1575s
 6341782 3941384   70.00000   88   92   71.00000   34.00000  52.1%  22.2 1580s
 6363823 3957808   70.00000   76   74   71.00000   34.00000  52.1%  22.2 1585s
 6384499 3970973   70.00000   77  136   71.00000   34.00000  52.1%  22.2 1590s
 6405411 3984452   69.00000   90  110   71.00000   34.00000  52.1%  22.2 1595s
 6421414 4000996   63.00000   85  113   71.00000   34.00000  52.1%  22.2 1601s
 6443205 4008919   61.00000  108  140   71.00000   34.00000  52.1%  22.2 1605s
 6467318 4023080   59.00000   82  161   71.00000   34.00000  52.1%  22.2 1610s
 6484051 4034189   51.00000   56  159   71.00000   34.00000  52.1%  22.2 1615s
 6505238 4050317   48.00000   67  241   71.00000   34.00000  52.1%  22.2 1620s
 6528477 4063253 infeasible  136        71.00000   34.00000  52.1%  22.2 1625s
 6542531 4074795   50.00000   57  146   71.00000   34.00000  52.1%  22.2 1630s
 6565853 4087471   48.00000   39  137   71.00000   34.00000  52.1%  22.2 1635s
 6588780 4102164   46.00000   59  166   71.00000   34.00000  52.1%  22.2 1640s
 6604349 4114314   69.00000   73   96   71.00000   34.00000  52.1%  22.2 1645s
 6625482 4125398   70.00000  105   82   71.00000   34.02688  52.1%  22.2 1650s
 6639463 4142944   70.00000   93   63   71.00000   34.08527  52.0%  22.2 1656s
 6661002 4150279     cutoff   89        71.00000   34.13793  51.9%  22.2 1660s
 6682249 4163275   66.00000  100  107   71.00000   34.25456  51.8%  22.2 1665s
 6698342 4178513   69.00000   83  139   71.00000   34.34688  51.6%  22.2 1671s
 6722827 4189884   68.00000   69  124   71.00000   34.34884  51.6%  22.2 1675s
 6743574 4202895   56.00000   64  108   71.00000   34.47488  51.4%  22.2 1680s
 6759206 4218315   53.00000   86  199   71.00000   34.55959  51.3%  22.2 1685s
 6785688 4229039   61.00000   55  143   71.00000   34.73109  51.1%  22.2 1690s
 6805842 4239607   70.00000   66  124   71.00000   34.82609  50.9%  22.2 1695s
 6822795 4249594   65.00000   59  136   71.00000   35.00000  50.7%  22.2 1700s
 6844945 4262500   48.00000   59  173   71.00000   35.00000  50.7%  22.2 1705s
 6865920 4276850   70.00000  102   74   71.00000   35.00000  50.7%  22.2 1710s
 6883931 4286301   70.00000   78  167   71.00000   35.00000  50.7%  22.2 1715s
 6906232 4302370   70.00000   72  150   71.00000   35.00000  50.7%  22.2 1720s
 6926600 4315164   68.00000   97   79   71.00000   35.08000  50.6%  22.2 1725s
 6946904 4333054   61.00000  100  135   71.00000   35.26165  50.3%  22.2 1731s
 6967880 4341690   70.00000   85   78   71.00000   35.42149  50.1%  22.2 1735s
 6994620 4355473   68.00000   89  112   71.00000   35.69804  49.7%  22.2 1740s
 7008142 4366106   69.00000   75   88   71.00000   35.88372  49.5%  22.2 1745s
 7031293 4378827   60.00000   87  133   71.00000   36.00000  49.3%  22.2 1750s
 7047348 4391380   69.00000   57   98   71.00000   36.00000  49.3%  22.2 1755s
 7067349 4404701   53.00000   82  177   71.00000   36.00000  49.3%  22.2 1760s
 7087017 4417537   70.00000   79   73   71.00000   36.00000  49.3%  22.2 1765s
 7101747 4432533   64.00000   74   88   71.00000   36.00000  49.3%  22.2 1770s
 7130597 4443663   62.00000   63  152   71.00000   36.00000  49.3%  22.2 1776s
 7145953 4456397   63.00000   77  168   71.00000   36.00000  49.3%  22.2 1780s
 7162700 4472220   69.00000   77  116   71.00000   36.00000  49.3%  22.2 1785s
 7188774 4481196   50.00000   38  170   71.00000   36.00000  49.3%  22.2 1790s
 7205308 4494681   66.00000   79  110   71.00000   36.00000  49.3%  22.2 1795s
 7225709 4513345   69.00000   71   94   71.00000   36.00000  49.3%  22.2 1801s
 7246084 4518664   70.00000   89   92   71.00000   36.00000  49.3%  22.2 1805s
 7270198 4534154   69.00000   56  143   71.00000   36.00000  49.3%  22.2 1810s
 7286586 4544981 infeasible   59        71.00000   36.00000  49.3%  22.2 1815s
 7307413 4560311   36.00000   44  203   71.00000   36.00000  49.3%  22.2 1820s
 7331824 4573085 infeasible   93        71.00000   36.00000  49.3%  22.2 1825s
 7349042 4584470   48.00000   53  194   71.00000   36.00000  49.3%  22.2 1830s
 7365388 4597133   49.00000   84  194   71.00000   36.00000  49.3%  22.2 1835s
 7380459 4612341   48.00000   88  140   71.00000   36.00000  49.3%  22.2 1840s
 7407789 4624472   70.00000   86  114   71.00000   36.00000  49.3%  22.2 1845s
 7429493 4636309   62.00000   59  177   71.00000   36.00000  49.3%  22.2 1850s
 7444632 4649068   43.00000   47  209   71.00000   36.00000  49.3%  22.2 1855s
 7463785 4660041   59.00000   46  172   71.00000   36.00000  49.3%  22.2 1860s
 7483553 4673262   68.00000   68   94   71.00000   36.00000  49.3%  22.2 1865s
 7503569 4688486   50.00000   86  163   71.00000   36.00000  49.3%  22.2 1870s
 7524038 4701981   67.00000   70  136   71.00000   36.00000  49.3%  22.2 1875s
 7544831 4714785   69.00000   76   90   71.00000   36.00000  49.3%  22.2 1880s
 7568607 4728108 infeasible  110        71.00000   36.00000  49.3%  22.2 1885s
 7590901 4744730   70.00000   74   98   71.00000   36.00000  49.3%  22.2 1890s
 7610849 4755868   47.00000   57  218   71.00000   36.00000  49.3%  22.2 1895s
 7627746 4768691   46.00000   55  221   71.00000   36.00000  49.3%  22.2 1900s
 7649270 4780851 infeasible  127        71.00000   36.00000  49.3%  22.2 1905s
 7674076 4796733 infeasible  129        71.00000   36.00000  49.3%  22.2 1910s
 7688772 4809164 infeasible  102        71.00000   36.00000  49.3%  22.2 1915s
 7708924 4821228   70.00000   86  110   71.00000   36.00000  49.3%  22.2 1920s
 7726764 4831386   67.00000   79   82   71.00000   36.00000  49.3%  22.2 1925s
 7746624 4846208   48.00000   71  182   71.00000   36.00000  49.3%  22.2 1930s
 7766786 4859129   61.00000   64  160   71.00000   36.00000  49.3%  22.2 1935s
 7794553 4874962   50.00000   49  187   71.00000   36.00000  49.3%  22.2 1940s
 7808680 4886174   48.00000   45  180   71.00000   36.00000  49.3%  22.2 1945s
 7829301 4897204 infeasible   64        71.00000   36.00000  49.3%  22.2 1950s
 7846061 4915704   60.00000   66  139   71.00000   36.00000  49.3%  22.2 1956s
 7867536 4923273   58.00000   83  121   71.00000   36.00000  49.3%  22.2 1960s
 7892171 4936501   70.00000   81  102   71.00000   36.00000  49.3%  22.2 1965s
 7909175 4955393   44.00000   52  210   71.00000   36.00000  49.3%  22.2 1971s
 7930015 4963201   70.00000   88  124   71.00000   36.00000  49.3%  22.2 1975s
 7955485 4977519 infeasible  110        71.00000   36.00000  49.3%  22.1 1980s
 7970026 4987210     cutoff   98        71.00000   36.00000  49.3%  22.2 1985s
 7994329 5004231     cutoff  116        71.00000   36.00000  49.3%  22.1 1990s
 8013204 5016432   54.00000   93  179   71.00000   36.00000  49.3%  22.1 1995s
 8033036 5035160   70.00000   83   94   71.00000   36.00000  49.3%  22.1 2001s
 8054523 5043557   65.00000   76   84   71.00000   36.00000  49.3%  22.1 2005s
 8078855 5057365 infeasible   80        71.00000   36.00000  49.3%  22.1 2010s
 8094965 5067544 infeasible   80        71.00000   36.00000  49.3%  22.1 2015s
 8116204 5081208   58.00000   58  163   71.00000   36.00000  49.3%  22.1 2020s
 8140543 5096592     cutoff   75        71.00000   36.00000  49.3%  22.1 2025s
 8156763 5109093   65.00000   63  156   71.00000   36.00000  49.3%  22.1 2030s
 8175391 5120648   69.00000   77   90   71.00000   36.00000  49.3%  22.1 2035s
 8191059 5135963   68.00000   78  108   71.00000   36.00000  49.3%  22.1 2041s
 8211986 5143618   68.00000   95  140   71.00000   36.00000  49.3%  22.1 2045s
 8233433 5156913   70.00000   95  118   71.00000   36.00000  49.3%  22.1 2050s
 8260326 5172130   65.00000   49  145   71.00000   36.00000  49.3%  22.1 2055s
 8279318 5186059   67.00000   79   78   71.00000   36.00000  49.3%  22.1 2060s
 8301466 5200280   70.00000   94   37   71.00000   36.00000  49.3%  22.1 2065s
 8315119 5215974   65.00000   71  166   71.00000   36.00000  49.3%  22.1 2070s
 8341455 5224763   66.00000   84  124   71.00000   36.00000  49.3%  22.1 2075s
 8361960 5237885   69.00000   65   88   71.00000   36.00000  49.3%  22.1 2080s
 8379104 5257021   43.04255   49  237   71.00000   36.00000  49.3%  22.1 2086s
 8400224 5264762   48.00000   82  192   71.00000   36.00000  49.3%  22.1 2090s
 8424357 5277989   62.00000   77  112   71.00000   36.00000  49.3%  22.1 2095s
 8438654 5286660   65.00000   93  155   71.00000   36.00000  49.3%  22.1 2100s
 8462392 5301528   56.00000   60  165   71.00000   36.00000  49.3%  22.1 2105s
 8482727 5314503 infeasible   95        71.00000   36.00000  49.3%  22.1 2110s
 8499262 5325183   62.00000   53  185   71.00000   36.00000  49.3%  22.1 2115s
 8519528 5339964   70.00000   83  123   71.00000   36.00000  49.3%  22.1 2120s
 8543169 5353081   66.00000   84  142   71.00000   36.00000  49.3%  22.1 2125s
 8561245 5364302   51.00000   53  174   71.00000   36.00000  49.3%  22.1 2130s
 8583110 5378028   64.00000   64  138   71.00000   36.00000  49.3%  22.1 2135s
 8599818 5390126   49.00000   55  191   71.00000   36.00000  49.3%  22.1 2140s
 8618120 5402461   62.00000   99  110   71.00000   36.00000  49.3%  22.1 2145s
 8639347 5415204   59.00000  107  112   71.00000   36.00000  49.3%  22.1 2150s
 8655203 5432154   58.00000   56  168   71.00000   36.00000  49.3%  22.1 2156s
 8677361 5439803   36.00000   46  201   71.00000   36.00000  49.3%  22.1 2160s
 8697873 5451882   62.00000   93  108   71.00000   36.00000  49.3%  22.1 2165s
 8721022 5464028 infeasible   93        71.00000   36.00000  49.3%  22.1 2170s
 8742460 5476072     cutoff   71        71.00000   36.00000  49.3%  22.1 2175s
 8762225 5487645   69.00000   62  140   71.00000   36.00000  49.3%  22.1 2180s
 8778014 5503488   70.00000   71   76   71.00000   36.00000  49.3%  22.1 2185s
 8795245 5508443   66.00000   90  132   71.00000   36.00000  49.3%  22.1 2190s
 8824032 5521254   67.00000   96  115   71.00000   36.00000  49.3%  22.1 2195s
 8832246 5525969 infeasible  120        71.00000   36.00000  49.3%  22.1 2200s
 8856974 5538865   69.00000   69  136   71.00000   36.00000  49.3%  22.1 2205s
 8870993 5547989   66.00000   78  104   71.00000   36.00000  49.3%  22.1 2211s
 8878661 5556082   70.00000   97   82   71.00000   36.00000  49.3%  22.1 2215s
 8907712 5568137   43.00000   43  226   71.00000   36.00000  49.3%  22.1 2220s
 8929417 5582063 infeasible   90        71.00000   36.00000  49.3%  22.1 2225s
 8949987 5598294   67.00000   88  119   71.00000   36.00000  49.3%  22.1 2230s
 8971108 5612236   70.00000   71  116   71.00000   36.00000  49.3%  22.1 2235s
 8994665 5626607   69.00000   82   87   71.00000   36.00000  49.3%  22.1 2240s
 9016343 5640965   46.00000   43  178   71.00000   36.00000  49.3%  22.1 2245s
 9039091 5654185   67.00000   92  161   71.00000   36.00000  49.3%  22.1 2250s
 9054766 5672291   64.00000   92  116   71.00000   36.00000  49.3%  22.1 2256s
 9080106 5682570   36.00000   43  209   71.00000   36.00000  49.3%  22.1 2260s
 9099832 5693321   65.00000  100  150   71.00000   36.00000  49.3%  22.1 2265s
 9115989 5711994   48.00000   43  157   71.00000   36.00000  49.3%  22.1 2270s
 9141169 5720498   64.00000   51  175   71.00000   36.00000  49.3%  22.1 2275s
 9161959 5734375   70.00000   65  124   71.00000   36.00000  49.3%  22.1 2280s
 9178383 5747703   63.00000   70  132   71.00000   36.00000  49.3%  22.1 2285s
 9201937 5761611   70.00000   80   88   71.00000   36.00000  49.3%  22.1 2290s
 9225613 5774623   69.00000   97  108   71.00000   36.00000  49.3%  22.1 2295s
 9247391 5788613 infeasible  117        71.00000   36.00000  49.3%  22.1 2300s
 9270312 5803505   67.00000  106   82   71.00000   36.00000  49.3%  22.1 2305s
 9290375 5815877   50.00000   95  183   71.00000   36.00000  49.3%  22.1 2310s
 9307209 5826769   48.00000   54  187   71.00000   36.00000  49.3%  22.1 2315s
 9328310 5842252   67.00000   73  110   71.00000   36.00000  49.3%  22.1 2320s
 9349094 5855243   68.00000   83  143   71.00000   36.00000  49.3%  22.1 2325s
 9368964 5874463   69.00000  103   76   71.00000   36.00000  49.3%  22.1 2332s
 9389391 5879408   70.00000   70  102   71.00000   36.00000  49.3%  22.1 2335s
 9407766 5893075   70.00000   71   92   71.00000   36.00000  49.3%  22.1 2340s
 9426682 5903472   70.00000   74  136   71.00000   36.00000  49.3%  22.1 2345s
 9448209 5916886     cutoff   98        71.00000   36.00000  49.3%  22.1 2350s
 9460787 5932573   45.00000   76  202   71.00000   36.00000  49.3%  22.1 2355s
 9486484 5940830   70.00000   57  123   71.00000   36.00000  49.3%  22.1 2360s
 9508952 5956717   68.00000  106   76   71.00000   36.00000  49.3%  22.1 2365s
 9530360 5967393   53.00000   55  133   71.00000   36.00000  49.3%  22.1 2370s
 9553106 5982022   49.00000   66  185   71.00000   36.00000  49.3%  22.1 2375s
 9575151 5995476 infeasible  115        71.00000   36.00000  49.3%  22.0 2380s
 9587595 6005552   53.00000   53  122   71.00000   36.00000  49.3%  22.1 2385s
 9611507 6019626   70.00000  105  104   71.00000   36.00000  49.3%  22.0 2390s
 9635353 6032944   52.00000   77  174   71.00000   36.00000  49.3%  22.0 2395s
 9648449 6043854   70.00000   87   82   71.00000   36.00000  49.3%  22.0 2400s
 9670367 6057383   69.00000   75   98   71.00000   36.00000  49.3%  22.0 2405s
 9685679 6073520   59.00000  107  154   71.00000   36.00000  49.3%  22.0 2411s
 9708421 6081204   48.00000   74  172   71.00000   36.00000  49.3%  22.0 2415s
 9732727 6094329 infeasible  115        71.00000   36.00000  49.3%  22.0 2420s
 9748433 6106756   70.00000   64  116   71.00000   36.00000  49.3%  22.0 2425s
 9769670 6119661   70.00000   76  122   71.00000   36.00000  49.3%  22.0 2430s
 9792063 6131501   69.00000   70   90   71.00000   36.00000  49.3%  22.0 2435s
 9811259 6143966   66.00000   73  169   71.00000   36.00000  49.3%  22.0 2440s
 9832057 6158765   65.00000   49  116   71.00000   36.00000  49.3%  22.0 2445s
 9852444 6171521   65.00000   72  118   71.00000   36.00000  49.3%  22.0 2450s
 9870225 6181907 infeasible   87        71.00000   36.00000  49.3%  22.0 2455s
 9890287 6193357   64.00000   54  153   71.00000   36.00000  49.3%  22.0 2460s
 9910664 6205535 infeasible   74        71.00000   36.00000  49.3%  22.0 2465s
 9930865 6218891   55.00000   61  172   71.00000   36.00000  49.3%  22.0 2470s
 9954057 6233332 infeasible  124        71.00000   36.00000  49.3%  22.0 2475s
 9975066 6246160   68.00000   69  114   71.00000   36.00000  49.3%  22.0 2480s
 9991210 6264418   68.00000   96   94   71.00000   36.00000  49.3%  22.0 2485s
 10016271 6274123   36.00000   51  210   71.00000   36.00000  49.3%  22.0 2490s
 10037803 6285347   57.00000   85  169   71.00000   36.00000  49.3%  22.0 2495s
 10055182 6295818   68.00000   62  118   71.00000   36.00000  49.3%  22.0 2500s
 10075078 6308991   64.00000   81  152   71.00000   36.00000  49.3%  22.0 2505s
 10097605 6322557   68.00000   79  130   71.00000   36.00000  49.3%  22.0 2510s
 10114564 6340473   68.00000   99   84   71.00000   36.00000  49.3%  22.0 2515s
 10139667 6348953   68.00000   63  112   71.00000   36.00000  49.3%  22.0 2520s
 10162844 6363252 infeasible  102        71.00000   36.00000  49.3%  22.0 2525s
 10179432 6381801   50.00000   79  140   71.00000   36.00000  49.3%  22.0 2531s
 10200618 6389353   68.00000   68  102   71.00000   36.00000  49.3%  22.0 2535s
 10223485 6401338   46.00000   85  190   71.00000   36.00000  49.3%  22.0 2540s
 10241392 6419322   68.00000   72  102   71.00000   36.00000  49.3%  22.0 2546s
 10265192 6426460   62.00000   77   77   71.00000   36.00000  49.3%  22.0 2550s
 10286636 6439747   69.00000   89  120   71.00000   36.00000  49.3%  22.0 2555s
 10303181 6458098   47.00000   54  195   71.00000   36.00000  49.3%  22.0 2561s
 10325530 6465780   58.00000   52  190   71.00000   36.00000  49.3%  22.0 2565s
 10350264 6479108 infeasible  156        71.00000   36.00000  49.3%  22.0 2570s
 10367425 6490057 infeasible   99        71.00000   36.00000  49.3%  22.0 2575s
 10388164 6505202   65.00000   95  146   71.00000   36.00000  49.3%  22.0 2580s
 10412584 6517853   64.00000   64  142   71.00000   36.00000  49.3%  22.0 2585s
 10428607 6527859   62.00000   71  144   71.00000   36.00000  49.3%  22.0 2590s
 10447259 6541684   66.00000   54  171   71.00000   36.00000  49.3%  22.0 2595s
 10459812 6555295   70.00000   93   82   71.00000   36.00000  49.3%  22.0 2600s
 10486330 6563221   70.00000   93   98   71.00000   36.00000  49.3%  22.0 2605s
 10506897 6575726     cutoff   69        71.00000   36.00000  49.3%  22.0 2610s
 10519739 6586474   68.00000   94  121   71.00000   36.00000  49.3%  22.0 2615s
 10541304 6600038   50.00000   69  220   71.00000   36.00000  49.3%  22.0 2620s
 10556292 6615029   70.00000  111   64   71.00000   36.00000  49.3%  22.0 2625s
 10582443 6623887   70.00000   82  125   71.00000   36.00000  49.3%  22.0 2630s
 10604665 6637481   50.00000   68  183   71.00000   36.00000  49.3%  22.0 2635s
 10619555 6651942   66.00000   57  144   71.00000   36.00000  49.3%  22.0 2640s
 10642209 6660621 infeasible   99        71.00000   36.00000  49.3%  22.0 2645s
 10659115 6673043   69.00000  105   77   71.00000   36.00000  49.3%  22.0 2650s
 10679509 6691030   59.00000   91  142   71.00000   36.00000  49.3%  22.0 2656s
 10704478 6700313   59.00000   78  132   71.00000   36.00000  49.3%  22.0 2660s
 10724527 6710826   57.00000   81  159   71.00000   36.00000  49.3%  22.0 2665s
 10742529 6721310 infeasible  135        71.00000   36.00000  49.3%  22.0 2670s
 10763736 6734343 infeasible   79        71.00000   36.00000  49.3%  22.0 2675s
 10790269 6750331   64.00000   86  122   71.00000   36.00000  49.3%  22.0 2680s
 10803719 6760853   69.00000   78  152   71.00000   36.00000  49.3%  22.0 2685s
 10821102 6771554   67.00000  110  133   71.00000   36.00000  49.3%  22.0 2690s
 10835629 6786949   70.00000   90   92   71.00000   36.00000  49.3%  22.0 2695s
 10864134 6797807 infeasible   87        71.00000   36.00000  49.3%  22.0 2701s
 10880408 6808021   70.00000   95   66   71.00000   36.00000  49.3%  22.0 2705s
 10895299 6822633   64.00000   86   98   71.00000   36.00000  49.3%  22.0 2710s
 10920005 6830541     cutoff   88        71.00000   36.00000  49.3%  22.0 2715s
 10943584 6844407   67.00000   64  145   71.00000   36.00000  49.3%  22.0 2720s
 10960236 6854781   69.00000  105  131   71.00000   36.00000  49.3%  22.0 2725s
 10979637 6867568 infeasible   87        71.00000   36.00000  49.3%  22.0 2730s
 11000973 6880452   66.00000   82  103   71.00000   36.00000  49.3%  22.0 2735s
 11017169 6898046   70.00000   89   96   71.00000   36.00000  49.3%  22.0 2740s
 11038952 6903447   53.00000   59  183   71.00000   36.00000  49.3%  22.0 2745s
 11056657 6917057   61.00000   82  130   71.00000   36.00000  49.3%  22.0 2750s
 11073601 6928063   66.00000   91  146   71.00000   36.00000  49.3%  22.0 2755s
 11094897 6941256   70.00000   78   68   71.00000   36.00000  49.3%  22.0 2760s
 11109560 6955928   48.00000   65  150   71.00000   36.00000  49.3%  22.0 2765s
 11136234 6968039   64.00000   54  149   71.00000   36.00000  49.3%  22.0 2770s
 11157050 6978612   70.00000   85  118   71.00000   36.00000  49.3%  22.0 2775s
 11174467 6989068   47.00000   64  160   71.00000   36.00000  49.3%  22.0 2780s
 11195753 7002262   68.00000   76  122   71.00000   36.00000  49.3%  22.0 2785s
 11216277 7015598   67.00000   49  156   71.00000   36.00000  49.3%  22.0 2790s
 11232862 7028649   70.00000  107   82   71.00000   36.00000  49.3%  22.0 2795s
 11253004 7040905   68.00000   89  122   71.00000   36.00000  49.3%  22.0 2800s
 11274345 7054105   51.00000   50  147   71.00000   36.00000  49.3%  22.0 2805s
 11295088 7066660   65.00000   91  106   71.00000   36.00000  49.3%  22.0 2810s
 11320574 7080281   70.00000  108  127   71.00000   36.00000  49.3%  22.0 2815s
 11341905 7094395   45.00000   54  174   71.00000   36.00000  49.3%  22.0 2820s
 11351176 7103373   70.00000   82   96   71.00000   36.00000  49.3%  22.0 2825s
 11377902 7116356   70.00000   83   91   71.00000   36.00000  49.3%  22.0 2830s
 11391407 7126642 infeasible   94        71.00000   36.00000  49.3%  22.0 2835s
 11412784 7139528   66.00000   93  130   71.00000   36.00000  49.3%  22.0 2840s
 11436340 7152171   67.00000   75  127   71.00000   36.00000  49.3%  22.0 2845s
 11452665 7162993   47.00000   54  149   71.00000   36.00000  49.3%  22.0 2850s
 11473462 7175779   67.00000   64  106   71.00000   36.00000  49.3%  22.0 2855s
 11497454 7190597   56.00000   53  134   71.00000   36.00000  49.3%  22.0 2860s
 11515653 7204519   43.00000   77  176   71.00000   36.00000  49.3%  22.0 2865s
 11536584 7215411   70.00000   75  133   71.00000   36.00000  49.3%  22.0 2870s
 11558000 7231212   47.00000   53  195   71.00000   36.00000  49.3%  22.0 2875s
 11578402 7245142   53.00000   75  183   71.00000   36.00000  49.3%  22.0 2880s
 11598770 7257640   52.00000   57  170   71.00000   36.00000  49.3%  22.0 2885s
 11623165 7270469   64.00000   88  128   71.00000   36.00000  49.3%  22.0 2890s
 11638959 7280748   69.00000   74   93   71.00000   36.00000  49.3%  22.0 2895s
 11656986 7294946   70.00000   84   96   71.00000   36.00000  49.3%  22.0 2900s
 11673381 7310679   63.00000   69  119   71.00000   36.00000  49.3%  22.0 2905s
 11694659 7318905   69.00000  104  110   71.00000   36.00000  49.3%  22.0 2910s
 11721672 7334017   63.00000   70  189   71.00000   36.00000  49.3%  22.0 2915s
 11737412 7347387   56.00000   92  156   71.00000   36.00000  49.3%  22.0 2920s
 11759829 7360446   68.00000   93  100   71.00000   36.00000  49.3%  22.0 2925s
 11779455 7370904   64.00000   88   96   71.00000   36.00000  49.3%  22.0 2930s
 11801603 7384782   62.00000   78  125   71.00000   36.00000  49.3%  22.0 2935s
 11818643 7397426   70.00000   97  112   71.00000   36.00000  49.3%  22.0 2940s
 11840768 7410023   50.00000   55  199   71.00000   36.00000  49.3%  22.0 2945s
 11858867 7430035   70.00000   96   95   71.00000   36.00000  49.3%  22.0 2951s
 11879178 7434950   63.00000   64  134   71.00000   36.00000  49.3%  22.0 2955s
 11901006 7448503   62.00000   59  150   71.00000   36.00000  49.3%  22.0 2960s
 11921881 7462210 infeasible   94        71.00000   36.00000  49.3%  22.0 2965s
 11941836 7474768 infeasible   86        71.00000   36.00000  49.3%  22.0 2970s
 11954751 7488847   69.00000   82  122   71.00000   36.00000  49.3%  22.0 2975s
 11978212 7499825   69.00000   78   98   71.00000   36.00000  49.3%  22.0 2980s
 12000051 7513194   53.00000   44  148   71.00000   36.00000  49.3%  22.0 2985s
 12017324 7529752   67.00000   57  146   71.00000   36.00000  49.3%  22.0 2991s
 12038040 7537986   63.00000   88  112   71.00000   36.00000  49.3%  22.0 2995s
 12062806 7551775 infeasible  105        71.00000   36.00000  49.3%  22.0 3000s
 12079708 7562739   70.00000   64  104   71.00000   36.00000  49.3%  22.0 3006s
 12096046 7575200   59.00000  102  102   71.00000   36.00000  49.3%  22.0 3010s
 12118126 7589461     cutoff   88        71.00000   36.00000  49.3%  22.0 3015s
 12137854 7602412   70.00000   96  109   71.00000   36.00000  49.3%  22.0 3020s
 12161158 7615568   53.00000   54  157   71.00000   36.00000  49.3%  22.0 3025s
 12182574 7629308   62.00000   67  138   71.00000   36.00000  49.3%  22.0 3030s
 12202566 7641296   55.00000   77  178   71.00000   36.00000  49.3%  22.0 3035s
 12219445 7654485   59.00000   77  112   71.00000   36.00000  49.3%  22.0 3040s
 12240216 7666115   56.00000   52  140   71.00000   36.00000  49.3%  22.0 3045s
 12259842 7678792   69.00000   87  112   71.00000   36.00000  49.3%  22.0 3050s
 12278845 7693440   69.00000  108   94   71.00000   36.00000  49.3%  22.0 3055s
 12298920 7704404     cutoff   60        71.00000   36.00000  49.3%  22.0 3060s
 12318912 7718952   70.00000   94  101   71.00000   36.00000  49.3%  22.0 3065s
 12341813 7733672   60.00000   73  153   71.00000   36.00000  49.3%  22.0 3070s
 12361549 7746516   69.00000   90  109   71.00000   36.00000  49.3%  22.0 3075s
 12379733 7758652   70.00000   84  122   71.00000   36.00000  49.3%  22.0 3080s
 12401629 7770630   58.00000   58  158   71.00000   36.00000  49.3%  22.0 3085s
 12421009 7783549 infeasible   89        71.00000   36.00000  49.3%  22.0 3090s
 12441597 7796626   69.00000  107  166   71.00000   36.00000  49.3%  22.0 3095s
 12461003 7811582   70.00000   84  135   71.00000   36.00000  49.3%  22.0 3100s
 12481226 7828838   64.00000   55  141   71.00000   36.00000  49.3%  22.0 3106s
 12503077 7836840 infeasible  111        71.00000   36.00000  49.3%  22.0 3110s
 12521461 7848639   64.00000   58  130   71.00000   36.00000  49.3%  22.0 3115s
 12539164 7860023   56.00000   72  171   71.00000   36.00000  49.3%  22.0 3120s
 12560319 7873390   62.00000   98  122   71.00000   36.00000  49.3%  22.0 3125s
 12584781 7889291 infeasible   83        71.00000   36.00000  49.3%  22.0 3130s
 12601620 7900210 infeasible  112        71.00000   36.00000  49.3%  22.0 3135s
 12622516 7914130   70.00000   77  120   71.00000   36.00000  49.3%  22.0 3140s
 12636112 7929233   70.00000   99   86   71.00000   36.00000  49.3%  22.0 3145s
 12655840 7938214   69.00000   86  102   71.00000   36.00000  49.3%  22.0 3150s
 12680927 7953393   51.00000   86  161   71.00000   36.00000  49.3%  22.0 3155s
 12695683 7968102   70.00000   94   84   71.00000   36.00000  49.3%  22.0 3160s
 12720322 7979060   70.00000   80  105   71.00000   36.00000  49.3%  22.0 3165s
 12747490 7994454   67.00000   53  152   71.00000   36.00000  49.3%  22.0 3170s
 12770322 8009577   52.64516   98  171   71.00000   36.00000  49.3%  22.0 3175s
 12787982 8020782   68.00000   66  134   71.00000   36.00000  49.3%  22.0 3180s
 12804384 8033272   68.00000   65  158   71.00000   36.00000  49.3%  22.0 3185s
 12826364 8047205   70.00000   73  114   71.00000   36.00000  49.3%  22.0 3190s
 12847530 8059692 infeasible  133        71.00000   36.00000  49.3%  22.0 3195s
 12864652 8071899 infeasible   84        71.00000   36.00000  49.3%  22.0 3200s
 12883779 8084316   62.00000   72  120   71.00000   36.00000  49.3%  22.0 3205s
 12900094 8096789   69.00000   81   98   71.00000   36.00000  49.3%  22.0 3210s
 12923391 8110360   66.00000   79  124   71.00000   36.00000  49.3%  22.0 3215s
 12939056 8122865     cutoff   74        71.00000   36.00000  49.3%  22.0 3220s
 12963221 8135910   70.00000   46  132   71.00000   36.00000  49.3%  22.0 3225s
 12983572 8148717   69.00000   93  141   71.00000   36.00000  49.3%  22.0 3230s
 13001868 8163150   55.00000  105  136   71.00000   36.00000  49.3%  22.0 3235s
 13026040 8176900   69.00000   95   76   71.00000   36.00000  49.3%  22.0 3240s
 13042137 8187660   39.00000   48  222   71.00000   36.00000  49.3%  22.0 3245s
 13062972 8201181   69.00000   86  120   71.00000   36.00000  49.3%  22.0 3250s
 13087138 8216823   65.00000   76  146   71.00000   36.00000  49.3%  22.0 3255s
 13100680 8227682   48.00000   60  160   71.00000   36.00000  49.3%  22.0 3260s
 13123596 8240633 infeasible   86        71.00000   36.00000  49.3%  22.0 3265s
 13140226 8253160   66.00000   81  135   71.00000   36.00000  49.3%  22.0 3270s
 13159359 8266090     cutoff  103        71.00000   36.00000  49.3%  22.0 3275s
 13179335 8276972   62.00000   68  165   71.00000   36.00000  49.3%  22.0 3280s
 13195960 8295805   68.00000   68  138   71.00000   36.00000  49.3%  22.0 3286s
 13217606 8303334   66.00000  103  152   71.00000   36.00000  49.3%  22.0 3290s
 13241235 8316147 infeasible  109        71.00000   36.00000  49.3%  22.0 3295s
 13262282 8329937     cutoff   73        71.00000   36.00000  49.3%  22.0 3300s
 13279126 8340585   70.00000   88  114   71.00000   36.00000  49.3%  22.0 3305s
 13300792 8354313   70.00000  120  110   71.00000   36.00000  49.3%  22.0 3310s
 13320482 8366952   36.00000   48  229   71.00000   36.00000  49.3%  22.0 3315s
 13337158 8379848   67.00000   62  191   71.00000   36.00000  49.3%  22.0 3320s
 13352382 8395176   70.00000   88  120   71.00000   36.00000  49.3%  22.0 3325s
 13372988 8402194   66.00000   80  148   71.00000   36.00000  49.3%  22.0 3330s
 13400059 8416324   68.00000   67  130   71.00000   36.00000  49.3%  22.0 3335s
 13413275 8426625   70.00000   87   78   71.00000   36.00000  49.3%  22.0 3340s
 13430497 8437298   66.00000  102  119   71.00000   36.00000  49.3%  22.0 3345s
 13451440 8447312   69.00000   80  129   71.00000   36.00000  49.3%  22.0 3350s
 13470685 8459948   52.00000   80  162   71.00000   36.00000  49.3%  22.0 3355s
 13482857 8472964   42.00000   83  185   71.00000   36.00000  49.3%  22.0 3360s
 13511438 8484287   64.00000   73  106   71.00000   36.00000  49.3%  22.0 3365s
 13533125 8495637   61.00000   72  194   71.00000   36.00000  49.3%  22.0 3370s
 13555926 8510342   66.00000   64  155   71.00000   36.00000  49.3%  22.0 3375s
 13572496 8521280 infeasible  101        71.00000   36.00000  49.3%  22.0 3380s
 13595612 8537320   69.00000   74   96   71.00000   36.00000  49.3%  22.0 3385s
 13619634 8550641 infeasible   71        71.00000   36.00000  49.3%  22.0 3390s
 13633043 8558662 infeasible   91        71.00000   36.00000  49.3%  22.0 3395s
 13654151 8572205   63.00000   70  156   71.00000   36.00000  49.3%  22.0 3400s
 13671006 8589996   69.00000   77   92   71.00000   36.00000  49.3%  22.0 3405s
 13696490 8598477   58.00000   39  187   71.00000   36.00000  49.3%  22.0 3410s
 13717703 8611344   53.00000   49  154   71.00000   36.00000  49.3%  22.0 3415s
 13733179 8628719   46.00000   38  198   71.00000   36.00000  49.3%  22.0 3420s
 13757508 8639069   48.00000   61  199   71.00000   36.00000  49.3%  22.0 3425s
 13777528 8650289 infeasible   88        71.00000   36.00000  49.3%  22.0 3430s
 13794313 8668500   70.00000   74  126   71.00000   36.00000  49.3%  22.0 3435s
 13818734 8679096   64.00000   84  144   71.00000   36.00000  49.3%  22.0 3440s
 13842416 8692081   61.00000   56  124   71.00000   36.00000  49.3%  22.0 3445s
 13862868 8705076 infeasible  103        71.00000   36.00000  49.3%  22.0 3450s
 13879844 8718031   36.00000   56  236   71.00000   36.00000  49.3%  22.0 3455s
 13898465 8728392   46.00000   42  196   71.00000   36.00000  49.3%  22.0 3460s
 13915277 8747168   68.00000   73  125   71.00000   36.00000  49.3%  22.0 3465s
 13935015 8755077   69.00000   81  110   71.00000   36.00000  49.3%  22.0 3470s
 13960407 8769292 infeasible   93        71.00000   36.00000  49.3%  22.0 3475s
 13979012 8789376   70.00000   77   98   71.00000   36.00000  49.3%  22.0 3481s
 13998852 8794582 infeasible  107        71.00000   36.00000  49.3%  22.0 3485s
 14021908 8809859   70.00000   46  137   71.00000   36.00000  49.3%  22.0 3490s
 14038348 8828663   62.00000   86  154   71.00000   36.00000  49.3%  22.0 3496s
 14058091 8833725 infeasible   62        71.00000   36.00000  49.3%  22.0 3500s
 14082730 8849806 infeasible   86        71.00000   36.00000  49.3%  22.0 3505s
 14098653 8862410   70.00000   92  114   71.00000   36.00000  49.3%  22.0 3510s
 14118027 8873913 infeasible  103        71.00000   36.00000  49.3%  22.0 3515s
 14138094 8888539   62.00000   51  127   71.00000   36.00000  49.3%  22.0 3520s
 14156937 8901834   36.00000   40  212   71.00000   36.00000  49.3%  22.0 3525s
 14177003 8912577 infeasible   96        71.00000   36.00000  49.3%  22.0 3530s
 14193013 8930991   68.00000   73  126   71.00000   36.00000  49.3%  22.0 3535s
 14219133 8941937 infeasible  103        71.00000   36.00000  49.3%  22.0 3540s
 14237754 8952240     cutoff   84        71.00000   36.00000  49.3%  22.0 3545s
 14255570 8963187   67.00000   91  140   71.00000   36.00000  49.3%  22.0 3550s
 14276509 8976908 infeasible   54        71.00000   36.00000  49.3%  22.0 3555s
 14301185 8992143   47.00000   63  147   71.00000   36.00000  49.3%  22.0 3560s
 14318664 9011051   68.00000   86  108   71.00000   36.00000  49.3%  22.0 3566s
 14341837 9018835   36.70454   47  236   71.00000   36.00000  49.3%  22.0 3570s
 14364215 9034924 infeasible   96        71.00000   36.00000  49.3%  22.0 3575s
 14379022 9051267   69.00000   88   78   71.00000   36.00000  49.3%  22.0 3580s
 14405571 9059949 infeasible  120        71.00000   36.00000  49.3%  22.0 3585s
 14424613 9072050   55.00000   47  149   71.00000   36.00000  49.3%  22.0 3590s
 14445491 9085545   36.00000   53  245   71.00000   36.00000  49.3%  22.0 3595s
 14465032 9097954 infeasible   94        71.00000   36.00000  49.3%  22.0 3600s

Explored 14465173 nodes (317948310 simplex iterations) in 3600.07 seconds (807.84 work units)
Thread count was 32 (of 32 available processors)

Solution count 10: 71 72 73 ... 80

Time limit reached
Best objective 7.100000000000e+01, best bound 3.600000000000e+01, gap 49.2958%
