
Gurobi 13.0.0 (linux64) logging started Tue Nov 25 08:59:39 2025

Set parameter LogFile to value "./Results/StripPacking-CutHeur/Logs/SU-111-StripPacking-25-0.log"
Set parameter TimeLimit to value 3600
Set parameter Cuts to value 1
Set parameter Presolve to value 1
Set parameter Heuristics to value 1
Set parameter LogToConsole to value 0
Set parameter LPWarmStart to value 2
Gurobi Optimizer version 13.0.0 build v13.0.0rc1 (linux64 - "Debian GNU/Linux 12 (bookworm)")

CPU model: Intel(R) Xeon(R) CPU E5-2630 v3 @ 2.40GHz, instruction set [SSE2|AVX|AVX2]
Thread count: 16 physical cores, 32 logical processors, using up to 32 threads

Non-default parameters:
TimeLimit  3600
LPWarmStart  2
Heuristics  1
Cuts  1
LogToConsole  0
Presolve  1

Optimize a model with 3925 rows, 1251 columns and 9650 nonzeros (Min)
Model fingerprint: 0xe9f5fa63
Model has 1 linear objective coefficients
Variable types: 51 continuous, 1200 integer (1200 binary)
Coefficient statistics:
  Matrix range     [1e+00, 1e+04]
  Objective range  [1e+00, 1e+00]
  Bounds range     [1e+00, 1e+04]
  RHS range        [1e+00, 1e+04]

Warning: Completing partial solution with 1200 unfixed non-continuous variables out of 1200
User MIP start produced solution with objective 106.2 (0.00s)
Loaded user MIP start with objective 106.2

Presolve removed 600 rows and 0 columns
Presolve time: 0.02s
Presolved: 3325 rows, 1251 columns, 8450 nonzeros
Variable types: 51 continuous, 1200 integer (1200 binary)

Root relaxation: objective 3.400000e+01, 727 iterations, 0.02 seconds (0.02 work units)

    Nodes    |    Current Node    |     Objective Bounds      |     Work
 Expl Unexpl |  Obj  Depth IntInf | Incumbent    BestBd   Gap | It/Node Time

     0     0   34.00000    0   95  106.20000   34.00000  68.0%     -    0s
H    0     0                     103.0000000   34.00000  67.0%     -    0s
H    0     0                      99.0000000   34.00000  65.7%     -    0s
H    0     0                      98.0000000   34.00000  65.3%     -    0s
     0     0   34.00000    0  214   98.00000   34.00000  65.3%     -    0s
H    0     0                      89.0000000   34.00000  61.8%     -    0s
     0     0   34.00000    0  207   89.00000   34.00000  61.8%     -    0s
     0     0   34.00000    0  235   89.00000   34.00000  61.8%     -    0s
     0     0   34.00000    0   84   89.00000   34.00000  61.8%     -    0s
H    0     0                      88.0000000   34.00000  61.4%     -    0s
     0     0   34.00000    0  122   88.00000   34.00000  61.4%     -    0s
     0     0   34.00000    0  243   88.00000   34.00000  61.4%     -    0s
     0     0   34.00000    0   86   88.00000   34.00000  61.4%     -    0s
H    0     0                      87.0000000   34.00000  60.9%     -    1s
     0     0   34.00000    0  119   87.00000   34.00000  60.9%     -    1s
     0     0   34.00000    0  210   87.00000   34.00000  60.9%     -    1s
     0     0   34.00000    0  143   87.00000   34.00000  60.9%     -    1s
H    0     0                      86.0000000   34.00000  60.5%     -    1s
     0     0   34.00000    0  166   86.00000   34.00000  60.5%     -    1s
     0     0   34.00000    0  379   86.00000   34.00000  60.5%     -    1s
     0     0   34.00000    0  109   86.00000   34.00000  60.5%     -    1s
     0     0   34.00000    0  154   86.00000   34.00000  60.5%     -    1s
     0     0   34.00000    0  235   86.00000   34.00000  60.5%     -    1s
     0     0   34.00000    0  122   86.00000   34.00000  60.5%     -    1s
     0     0   34.00000    0  122   86.00000   34.00000  60.5%     -    1s
     0     0   34.00000    0  104   86.00000   34.00000  60.5%     -    1s
H    0     0                      85.0000000   34.00000  60.0%     -    2s
H    0     0                      84.0000000   34.00000  59.5%     -    2s
     0     2   34.00000    0  104   84.00000   34.00000  59.5%     -    2s
H   84   127                      82.0000000   34.00000  58.5%  68.6    2s
H  110   127                      81.0000000   34.00000  58.0%  74.0    2s
H  364   398                      81.0000000   34.00000  58.0%  68.1    3s
   414   430   34.00000   18  198   81.00000   34.00000  58.0%  69.1    5s
H  437   662                      80.0000000   34.00000  57.5%  70.6    6s
H 2835  2642                      80.0000000   34.00000  57.5%  48.4    9s
  2854  2670   65.00000  119  107   80.00000   34.00000  57.5%  48.6   10s
  3398  3084   35.01723   18  193   80.00000   34.00000  57.5%  45.4   15s
  3981  3577   34.00000   43  128   80.00000   34.00000  57.5%  42.6   20s
H 4094  3575                      79.0000000   34.00000  57.0%  52.7   22s
H 4205  3435                      79.0000000   34.00000  57.0%  53.6   22s
H 4356  3374                      78.0000000   34.00000  56.4%  57.0   24s
  4414  3620   34.00000   22  236   78.00000   34.00000  56.4%  57.6   25s
H 4713  3481                      78.0000000   34.00000  56.4%  58.6   27s
  4890  3543   34.00000   24  259   78.00000   34.00000  56.4%  58.4   30s
  4988  3601   49.00000   25  198   78.00000   34.00000  56.4%  59.5   35s
  5075  3757   34.00000   26  252   78.00000   34.00000  56.4%  61.2   40s
* 5372  3728             133      77.0000000   34.00000  55.8%  62.5   43s
  5437  4931   34.00000   27  281   77.00000   34.00000  55.8%  62.2   45s
H 5453  4787                      77.0000000   34.00000  55.8%  62.6   45s
H 6789  4153                      76.0000000   34.00000  55.3%  61.0   47s
H 6817  4748                      76.0000000   34.00000  55.3%  61.2   49s
H 6973  4456                      75.0000000   34.00000  54.7%  61.2   49s
  7682  4182   34.00000   36  285   75.00000   34.00000  54.7%  60.4   51s
H 7773  4064                      75.0000000   34.00000  54.7%  60.7   53s
  7797  4088   34.00000   37  301   75.00000   34.00000  54.7%  60.9   55s
  7894  4149   34.00000   39  291   75.00000   34.00000  54.7%  61.0   60s
H 7918  3959                      74.0000000   34.00000  54.1%  61.0   60s
  9953  5087   34.30042   51  296   74.00000   34.00000  54.1%  58.8   65s
 10169  5177   48.00000   57  240   74.00000   34.00000  54.1%  59.2   70s
H10319  5039                      73.0000000   34.00000  53.4%  59.4   74s
 10370  5531   48.00000   59  238   73.00000   34.00000  53.4%  59.5   76s
 11098  5591   50.00000   70  223   73.00000   34.00000  53.4%  59.5   80s
H11109  5591                      73.0000000   34.00000  53.4%  59.5   80s
 11207  5675   50.00000   71  189   73.00000   34.00000  53.4%  59.7   86s
 11275  5856   67.00000   72  199   73.00000   34.00000  53.4%  59.7   90s
 11694  6166   50.00000   73  176   73.00000   34.00000  53.4%  59.0   95s
 12052  6522   65.00000   79  164   73.00000   34.00000  53.4%  59.1  102s
 12736  7121   65.00000  104  162   73.00000   34.00000  53.4%  58.3  107s
 13202  7243   71.00000  111  108   73.00000   34.00000  53.4%  58.1  110s
 13567  7421   71.00000  112  112   73.00000   34.00000  53.4%  58.2  115s
 13907  7686   71.00000  113  110   73.00000   34.00000  53.4%  58.1  121s
 14002  7731 infeasible  114        73.00000   34.00000  53.4%  58.1  128s
 14048  7900 infeasible  116        73.00000   34.00000  53.4%  58.1  133s
 14289  7926 infeasible  117        73.00000   34.00000  53.4%  58.1  138s
 14327  8249   72.00000  118   90   73.00000   34.00000  53.4%  58.3  143s
 14706  8604   72.00000  118   88   73.00000   34.00000  53.4%  58.4  147s
 15124  8961   72.00000  119   84   73.00000   34.00000  53.4%  58.6  153s
 15555  9075   72.00000  119   90   73.00000   34.00000  53.4%  58.4  159s
 15713  9104   72.00000  120   90   73.00000   34.00000  53.4%  58.4  164s
 15748  9157 infeasible  120        73.00000   34.00000  53.4%  58.3  173s
 15885  9333   34.09219   72  346   73.00000   34.00000  53.4%  58.4  181s
 16090  9689   45.00000   73  255   73.00000   34.00000  53.4%  58.3  186s
 16506  9865   45.00000   74  252   73.00000   34.00000  53.4%  57.9  193s
 16712 10239   45.00000   75  243   73.00000   34.00000  53.4%  57.8  202s
 17170 10576   68.00000   60  182   73.00000   34.00000  53.4%  57.5  210s
 17627 11735 infeasible   82        73.00000   34.00000  53.4%  57.3  216s
 19205 13706   34.00000   28  224   73.00000   34.00000  53.4%  57.0  221s
 21899 13736   40.00000   29  193   73.00000   34.00000  53.4%  56.1  226s
 21933 13946   40.00000   30  191   73.00000   34.00000  53.4%  56.1  231s
 22207 14287   71.00000   66  186   73.00000   34.00000  53.4%  56.1  237s
 22678 14314   70.00000   56   93   73.00000   34.00000  53.4%  56.3  242s
 22715 14734   70.00000   57   87   73.00000   34.00000  53.4%  56.3  249s
 23288 15970   45.00000   45  251   73.00000   34.00000  53.4%  56.4  256s
 24979 17633   45.00000   46  249   73.00000   34.00000  53.4%  56.5  263s
 27508 17650   45.00000   47  230   73.00000   34.00000  53.4%  56.5  272s
 27555 17678   53.00000   48  195   73.00000   34.00000  53.4%  56.5  284s
 27591 17714   53.00000   49  195   73.00000   34.00000  53.4%  56.5  291s
 27637 17735   61.00000   50  181   73.00000   34.00000  53.4%  56.5  299s
 27680 17824   61.00000   51  179   73.00000   34.00000  53.4%  56.5  307s
 27811 17830   61.00000   52  175   73.00000   34.00000  53.4%  56.7  314s
 27871 17861   61.00000   53  169   73.00000   34.00000  53.4%  56.9  321s
 27906 17998   61.00000   54  173   73.00000   34.00000  53.4%  57.0  328s
 28062 18026   61.00000   55  171   73.00000   34.00000  53.4%  56.9  335s
 28100 18052   61.00000   56  169   73.00000   34.00000  53.4%  56.9  343s
 28138 18330   61.00000   57  175   73.00000   34.00000  53.4%  56.9  350s
 28506 19112   61.00000   58  173   73.00000   34.00000  53.4%  56.8  359s
 29529 19389   61.00000   59  173   73.00000   34.00000  53.4%  56.4  377s
 29914 24712   63.00000   60  185   73.00000   34.00000  53.4%  56.5  411s
 37284 24734   68.00000   66  130   73.00000   34.00000  53.4%  55.3  419s
 37326 24760   68.00000   67  128   73.00000   34.00000  53.4%  55.3  427s
 37364 24783   68.00000   68  124   73.00000   34.00000  53.4%  55.3  436s
 37405 24950   68.00000   69  118   73.00000   34.00000  53.4%  55.3  444s
 37648 26156 infeasible   70        73.00000   34.00000  53.4%  55.4  453s
 39242 28955   68.00000   71  122   73.00000   34.00000  53.4%  55.1  461s
 43280 28983   39.00000   48  230   73.00000   34.00000  53.4%  54.6  468s
 43316 29071   46.00000   49  195   73.00000   34.00000  53.4%  54.6  474s
 43426 29378   46.00000   50  199   73.00000   34.00000  53.4%  54.6  481s
 43830 29587   46.00000   51  179   73.00000   34.00000  53.4%  54.6  488s
 44130 31003   46.00000   52  180   73.00000   34.00000  53.4%  54.7  499s
 46029 32978   57.00000   53  167   73.00000   34.00000  53.4%  54.7  511s
 48748 33396   48.00000   26  249   73.00000   34.00000  53.4%  54.2  522s
 49307 33823   59.00000   27  208   73.00000   34.00000  53.4%  54.3  534s
 49885 33843   59.00000   28  199   73.00000   34.00000  53.4%  54.2  547s
 49929 34577   59.00000   29  195   73.00000   34.00000  53.4%  54.2  562s
 50827 38214   59.00000   30  197   73.00000   34.00000  53.4%  54.4  573s
 55276 38788   72.00000   68  108   73.00000   34.00000  53.4%  54.4  586s
 56050 38809   72.00000   71  102   73.00000   34.00000  53.4%  54.3  595s
 56097 40878   72.00000   70  104   73.00000   34.00000  53.4%  54.3  606s
 58915 48040   34.00000   33  255   73.00000   34.00000  53.4%  54.7  620s
 68593 48064   61.00000  117  120   73.00000   34.00000  53.4%  54.9  625s
 68675 48110   61.00000  118  119   73.00000   34.00000  53.4%  55.0  634s
 68715 48135   61.00000  118  116   73.00000   34.00000  53.4%  55.0  638s
 68754 48248   61.00000  119  118   73.00000   34.00000  53.4%  55.0  642s
 68928 48602   61.00000  119  121   73.00000   34.00000  53.4%  55.0  647s
 69409 48852 infeasible  133        73.00000   34.00000  53.4%  54.9  653s
 69767 48879   34.00000   18  281   73.00000   34.00000  53.4%  54.9  658s
 69804 49154   34.00000   19  264   73.00000   34.00000  53.4%  54.9  664s
 70197 49603   34.00000   20  293   73.00000   34.00000  53.4%  54.9  670s
 70832 50827   34.59362   21  313   73.00000   34.00000  53.4%  54.8  676s
 72589 52268   39.00000   22  245   73.00000   34.00000  53.4%  54.6  689s
 74855 52702   51.00000   23  206   73.00000   34.00000  53.4%  54.4  704s
 75411 52803   51.00000   24  182   73.00000   34.00000  53.4%  54.3  717s
 75562 52852   51.00000   25  180   73.00000   34.00000  53.4%  54.3  730s
 75624 52878   51.00000   26  178   73.00000   34.00000  53.4%  54.3  747s
 75672 53456   51.00000   27  178   73.00000   34.00000  53.4%  54.3  760s
 76538 54301   60.00000   28  166   73.00000   34.00000  53.4%  54.3  774s
 77730 56853   60.00000   29  166   73.00000   34.00000  53.4%  54.2  788s
 81218 60382   47.00000   80  175   73.00000   34.00000  53.4%  54.3  800s
 86025 60412   53.00000   45  155   73.00000   34.00000  53.4%  54.0  811s
 86065 60503   53.00000   46  157   73.00000   34.00000  53.4%  54.0  821s
 86192 60558   53.00000   47  155   73.00000   34.00000  53.4%  54.0  832s
 86263 62517   53.00000   49  155   73.00000   34.00000  53.4%  54.0  843s
 88828 79574   53.00000   50  165   73.00000   34.00000  53.4%  54.0  874s
*91630 74193             109      72.0000000   34.00000  52.8%  53.7  874s
 108033 74193   61.00000   90  140   72.00000   34.00000  52.8%  53.1  875s
 113082 71710   70.00000   71  126   72.00000   34.00000  52.8%  52.8  880s
H113085 71707                      72.0000000   34.00000  52.8%  52.8  880s
 113186 71750   70.00000   73  106   72.00000   34.00000  52.8%  52.9  889s
 113224 71776   70.00000   74  106   72.00000   34.00000  52.8%  52.9  893s
 113262 71797   70.00000   75  106   72.00000   34.00000  52.8%  52.9  897s
 113305 71825   70.00000   76  106   72.00000   34.00000  52.8%  52.9  901s
 113341 71869   70.00000   77  106   72.00000   34.00000  52.8%  52.9  906s
 113391 71897   70.00000   78  104   72.00000   34.00000  52.8%  52.9  910s
 113427 72000   70.00000   79  104   72.00000   34.00000  52.8%  52.9  915s
 113580 72097   70.00000   92  107   72.00000   34.00000  52.8%  53.0  922s
 113689 72223 infeasible   93        72.00000   34.00000  52.8%  52.9  927s
 113867 72404   70.00000   94  105   72.00000   34.00000  52.8%  52.9  932s
 114130 72461   70.00000   95  103   72.00000   34.00000  52.8%  52.9  938s
 114208 72685   70.00000   96  101   72.00000   34.00000  52.8%  52.9  945s
 114510 72797 infeasible   97        72.00000   34.00000  52.8%  52.9  962s
 114690 72874   70.00000   98  105   72.00000   34.00000  52.8%  52.9  976s
 114804 73065 infeasible  101        72.00000   34.00000  52.8%  53.0  986s
 115051 73527 infeasible  102        72.00000   34.00000  52.8%  53.0  999s
 115671 73902   70.00000  100  105   72.00000   34.00000  52.8%  53.0 1015s
 116146 73978 infeasible  101        72.00000   34.00000  52.8%  53.0 1031s
 116264 74181   41.00000   43  224   72.00000   34.00000  52.8%  53.0 1048s
 116589 74548   41.00000   44  222   72.00000   34.00000  52.8%  53.0 1065s
 117109 75098   41.00000   45  210   72.00000   34.00000  52.8%  53.0 1082s
 117972 78406   41.00000   46  206   72.00000   34.00000  52.8%  53.1 1108s
 122628 80078   44.00000   63  205   72.00000   34.00000  52.8%  53.1 1126s
 125077 83951   50.00000   64  162   72.00000   34.00000  52.8%  53.1 1145s
 130331 88672   69.00000   96   84   72.00000   34.00000  52.8%  53.2 1162s
 136872 88694   69.00000   97   86   72.00000   34.00000  52.8%  53.7 1175s
 136920 88726   69.00000   98   94   72.00000   34.00000  52.8%  53.7 1187s
 136967 88775   69.00000   99   94   72.00000   34.00000  52.8%  53.7 1199s
 137022 89912   69.00000  100   88   72.00000   34.00000  52.8%  53.7 1211s
 138709 95234     cutoff  101        72.00000   34.00000  52.8%  53.6 1227s
 146582 95261 infeasible  101        72.00000   34.00000  52.8%  53.7 1237s
 146641 95291   69.00000  100   90   72.00000   34.00000  52.8%  53.8 1247s
 146675 95441 infeasible  101        72.00000   34.00000  52.8%  53.8 1256s
 146891 95467   34.00000   31  229   72.00000   34.00000  52.8%  53.8 1279s
 146929 117952   34.00000   32  212   72.00000   34.00000  52.8%  53.8 1374s
 173929 117952   34.28405   40  268   72.00000   34.00000  52.8%  53.9 1375s
 178929 129159   34.00000   48  280   72.00000   34.00000  52.8%  54.0 1396s
 195291 129180   70.00000   66  139   72.00000   34.00000  52.8%  54.3 1402s
 195334 129203   70.00000   67  141   72.00000   34.00000  52.8%  54.3 1408s
 195375 129224   70.00000   68  139   72.00000   34.00000  52.8%  54.3 1414s
 195418 129250   70.00000   69  139   72.00000   34.00000  52.8%  54.3 1419s
 195456 129274 infeasible   70        72.00000   34.00000  52.8%  54.3 1427s
 195496 129302   70.00000   71  135   72.00000   34.00000  52.8%  54.3 1435s
 195532 129333   70.00000   72  126   72.00000   34.00000  52.8%  54.4 1443s
 195565 129364   70.00000   73  124   72.00000   34.00000  52.8%  54.3 1449s
 195598 129392 infeasible   74        72.00000   34.00000  52.8%  54.3 1458s
 195634 129419   70.00000   75  100   72.00000   34.00000  52.8%  54.3 1467s
 195671 129443   70.00000   76   98   72.00000   34.00000  52.8%  54.3 1473s
 195711 129472   70.00000   77  100   72.00000   34.00000  52.8%  54.3 1485s
 195748 129514   70.00000   78  100   72.00000   34.00000  52.8%  54.4 1491s
 195792 129625   70.00000   79   94   72.00000   34.00000  52.8%  54.4 1507s
 195954 130016   70.00000   80   92   72.00000   34.00000  52.8%  54.4 1513s
 196541 130044 infeasible   63        72.00000   34.00000  52.8%  54.4 1520s
 196577 130338   34.00000   39  239   72.00000   34.00000  52.8%  54.4 1530s
 197004 130369   34.00000   40  235   72.00000   34.00000  52.8%  54.3 1540s
 197037 130763   34.00000   41  231   72.00000   34.00000  52.8%  54.3 1548s
 197615 131890   46.00000   42  247   72.00000   34.00000  52.8%  54.3 1559s
 199116 132843   57.00000  112  169   72.00000   34.00000  52.8%  54.5 1577s
 200554 133376   63.00000   53  203   72.00000   34.00000  52.8%  54.4 1594s
 201250 133733   63.00000   54  185   72.00000   34.00000  52.8%  54.4 1611s
 201742 134176   63.00000   55  183   72.00000   34.00000  52.8%  54.4 1630s
 202375 134337   46.00000   48  208   72.00000   34.00000  52.8%  54.4 1652s
 202627 135556   46.00000   50  221   72.00000   34.00000  52.8%  54.4 1672s
 204392 138321   46.00000   49  213   72.00000   34.00000  52.8%  54.4 1690s
 208438 138583   48.00000   52  148   72.00000   34.00000  52.8%  54.4 1711s
 208806 160723   48.00000   53  149   72.00000   34.00000  52.8%  54.4 1775s
 240806 174862   59.00000   81  140   72.00000   34.00000  52.8%  54.8 1798s
 261495 174889   49.00000   59  202   72.00000   34.00000  52.8%  55.1 1803s
 261532 174915   49.00000   60  202   72.00000   34.00000  52.8%  55.1 1808s
 261570 174941   49.00000   61  200   72.00000   34.00000  52.8%  55.1 1813s
 261608 174971   49.00000   62  202   72.00000   34.00000  52.8%  55.1 1818s
 261642 174999   49.00000   63  199   72.00000   34.00000  52.8%  55.1 1823s
 261678 175030   49.00000   63  202   72.00000   34.00000  52.8%  55.1 1827s
 261711 175051   50.00000   64  190   72.00000   34.00000  52.8%  55.1 1836s
H261734 159630                      71.0000000   34.00000  52.1%  55.1 1836s
 261754 159656   49.00000   64  218   71.00000   34.00000  52.1%  55.1 1842s
 261792 159685   50.00000   65  181   71.00000   34.00000  52.1%  55.1 1847s
 261825 159709   63.00000   64  182   71.00000   34.00000  52.1%  55.1 1852s
H261832 159681                      71.0000000   34.00000  52.1%  55.1 1852s
 261864 159710   63.00000   66  171   71.00000   34.00000  52.1%  55.1 1858s
 261899 159733   56.00000   66  173   71.00000   34.00000  52.1%  55.1 1863s
 261939 159759   59.00000   65  159   71.00000   34.00000  52.1%  55.1 1869s
 261977 159789   63.00000   65  198   71.00000   34.00000  52.1%  55.1 1874s
 262011 159816   56.00000   67  165   71.00000   34.00000  52.1%  55.1 1884s
 262048 159847   56.00000   68  167   71.00000   34.00000  52.1%  55.1 1896s
 262081 159876   56.00000   69  174   71.00000   34.00000  52.1%  55.1 1904s
 262114 159904 infeasible   70        71.00000   34.00000  52.1%  55.1 1910s
 262148 159933   56.00000   69  169   71.00000   34.00000  52.1%  55.1 1919s
 262182 159961   56.00000   70  167   71.00000   34.00000  52.1%  55.1 1929s
 262217 159992   56.00000   71  165   71.00000   34.00000  52.1%  55.1 1940s
 262250 160019   56.00000   72  163   71.00000   34.00000  52.1%  55.1 1950s
 262286 160048   56.00000   73  158   71.00000   34.00000  52.1%  55.1 1963s
 262320 160074   56.00000   74  151   71.00000   34.00000  52.1%  55.1 1973s
 262357 160101   56.00000   75  151   71.00000   34.00000  52.1%  55.1 1981s
 262393 160131   56.00000   76  151   71.00000   34.00000  52.1%  55.1 1987s
 262427 160156   56.00000   77  149   71.00000   34.00000  52.1%  55.1 1996s
 262463 160215   56.00000   78  147   71.00000   34.00000  52.1%  55.1 2005s
 262541 160321   56.00000   79  146   71.00000   34.00000  52.1%  55.1 2016s
 262691 160406   56.00000   80  147   71.00000   34.00000  52.1%  55.1 2025s
 262841 160434   56.00000   79  147   71.00000   34.00000  52.1%  55.1 2033s
 262875 160456   70.00000   80  123   71.00000   34.00000  52.1%  55.1 2044s
 262916 160505   56.00000   81  146   71.00000   34.00000  52.1%  55.1 2053s
 263002 160535   56.00000   81  145   71.00000   34.00000  52.1%  55.1 2062s
 263059 160691   56.00000   82  143   71.00000   34.00000  52.1%  55.1 2079s
 263300 160754   56.00000   83  141   71.00000   34.00000  52.1%  55.0 2093s
 263382 160778   56.00000   84  143   71.00000   34.00000  52.1%  55.1 2111s
 263422 160806   56.00000   85  145   71.00000   34.00000  52.1%  55.1 2120s
 263458 160867   56.00000   85  142   71.00000   34.00000  52.1%  55.1 2137s
 263559 160903   56.00000   86  140   71.00000   34.00000  52.1%  55.1 2155s
 263599 160926   65.00000   87  145   71.00000   34.00000  52.1%  55.1 2169s
 263638 160952 infeasible   86        71.00000   34.00000  52.1%  55.1 2186s
 263676 161002   56.00000   86  147   71.00000   34.00000  52.1%  55.1 2204s
H263684 148045                      70.0000000   34.00000  51.4%  55.1 2204s
 263746 150322 infeasible   87        70.00000   34.00000  51.4%  55.1 2212s
H263975 150322                      70.0000000   34.00000  51.4%  55.1 2212s
 267259 150341   42.00000   51  235   70.00000   34.00000  51.4%  55.0 2221s
 267294 150368   42.00000   52  233   70.00000   34.00000  51.4%  55.0 2231s
 267331 150388   42.00000   53  226   70.00000   34.00000  51.4%  55.1 2239s
 267375 150418   53.00000   54  196   70.00000   34.00000  51.4%  55.1 2248s
 267409 150797   53.00000   55  190   70.00000   34.00000  51.4%  55.1 2261s
 267996 151374   53.00000   56  188   70.00000   34.00000  51.4%  55.1 2271s
 268834 151754   66.00000   57  170   70.00000   34.00000  51.4%  55.1 2284s
 269390 153081   66.00000   58  174   70.00000   34.00000  51.4%  55.1 2299s
 271302 153113   66.00000   59  158   70.00000   34.00000  51.4%  55.2 2324s
 271334 174482   66.00000   60  144   70.00000   34.00000  51.4%  55.2 2487s
 303334 180332   68.00000   61  132   70.00000   34.00000  51.4%  55.9 2513s
 312449 180357   47.00000   60  201   70.00000   34.00000  51.4%  56.0 2522s
 312490 180383   47.00000   61  200   70.00000   34.00000  51.4%  56.0 2530s
 312532 180414   47.00000   61  195   70.00000   34.00000  51.4%  56.0 2538s
 312579 180446   47.00000   62  200   70.00000   34.00000  51.4%  56.0 2546s
 312617 180476   47.00000   63  200   70.00000   34.00000  51.4%  56.0 2555s
 312671 180503   47.00000   64  186   70.00000   34.00000  51.4%  56.0 2564s
 312722 180557   47.00000   65  185   70.00000   34.00000  51.4%  56.0 2572s
 312788 180587   51.00000   66  176   70.00000   34.00000  51.4%  56.0 2582s
 312823 180976   60.00000   64  174   70.00000   34.00000  51.4%  56.0 2594s
 313391 182442   51.00000   67  176   70.00000   34.00000  51.4%  56.0 2608s
 315756 184777 infeasible   93        70.00000   34.00000  51.4%  56.0 2619s
 319510 185525 infeasible   93        70.00000   34.00000  51.4%  56.1 2631s
 320649 186758   47.00000   32  269   70.00000   34.00000  51.4%  56.1 2643s
 322463 189235   48.00000   56  162   70.00000   34.00000  51.4%  56.2 2656s
 326558 189479   48.00000   57  163   70.00000   34.00000  51.4%  56.1 2668s
 326910 189504   57.00000   58  140   70.00000   34.00000  51.4%  56.2 2682s
 326949 189915   48.00000   57  174   70.00000   34.00000  51.4%  56.2 2696s
 327509 190351   48.00000   58  161   70.00000   34.00000  51.4%  56.2 2716s
 328090 190674   59.00000   88  146   70.00000   34.00000  51.4%  56.2 2735s
 328545 191345   59.00000   89  146   70.00000   34.00000  51.4%  56.2 2764s
 329538 192061   59.00000   90  146   70.00000   34.00000  51.4%  56.2 2786s
 330554 193591   59.00000   91  151   70.00000   34.00000  51.4%  56.2 2816s
 332844 194195   68.00000   90  115   70.00000   34.00000  51.4%  56.3 2842s
 333675 206066   68.00000  109   97   70.00000   34.00000  51.4%  56.3 2932s
 351577 214941   66.00000   44  162   70.00000   34.00000  51.4%  56.6 2954s
 364922 215043 infeasible   70        70.00000   34.00000  51.4%  56.8 2977s
 365104 235940   56.00000   69  154   70.00000   34.00000  51.4%  56.9 3055s
 397104 235957     cutoff   93        70.00000   34.00000  51.4%  57.4 3079s
 397149 256400     cutoff   93        70.00000   34.00000  51.4%  57.4 3237s
 429149 268293   42.00000   34  211   70.00000   34.00000  51.4%  57.6 3260s
 447773 268320   48.00000   55  193   70.00000   34.00000  51.4%  57.8 3266s
 447810 268348   48.00000   56  182   70.00000   34.00000  51.4%  57.8 3271s
 447846 268375   48.00000   57  186   70.00000   34.00000  51.4%  57.8 3276s
 447883 268399   48.00000   58  186   70.00000   34.00000  51.4%  57.8 3281s
 447923 268420   48.00000   59  186   70.00000   34.00000  51.4%  57.8 3285s
 447966 268447   48.00000   60  186   70.00000   34.00000  51.4%  57.8 3290s
 448003 268471   48.00000   61  187   70.00000   34.00000  51.4%  57.8 3295s
 448043 268495   48.00000   62  175   70.00000   34.00000  51.4%  57.8 3300s
 448082 268522   48.00000   63  182   70.00000   34.00000  51.4%  57.8 3305s
 448157 268587   48.00000   65  184   70.00000   34.00000  51.4%  57.8 3314s
 448206 268615   64.00000   66  159   70.00000   34.00000  51.4%  57.8 3319s
 448260 268637   64.00000   67  146   70.00000   34.00000  51.4%  57.8 3324s
 448314 268656   64.00000   68  152   70.00000   34.00000  51.4%  57.8 3329s
 448359 268707   64.00000   69  149   70.00000   34.00000  51.4%  57.8 3334s
 448442 268927   64.00000   70  147   70.00000   34.00000  51.4%  57.8 3340s
 448803 269520   64.00000   71  142   70.00000   34.00000  51.4%  57.8 3351s
 449721 270364   67.00000   72  149   70.00000   34.00000  51.4%  57.8 3357s
 451012 271437   67.00000   73  135   70.00000   34.00000  51.4%  57.8 3364s
 452604 271577     cutoff   74        70.00000   34.00000  51.4%  57.8 3382s
 452827 271677   67.00000   75  130   70.00000   34.00000  51.4%  57.8 3391s
 453007 271782   68.00000   76  126   70.00000   34.00000  51.4%  57.8 3404s
 453186 271807   68.00000   77  122   70.00000   34.00000  51.4%  57.8 3413s
 453225 272155   68.00000   78  122   70.00000   34.00000  51.4%  57.8 3423s
 453743 272961   59.00000   75  171   70.00000   34.00000  51.4%  57.8 3434s
 455149 273199   59.00000   76  173   70.00000   34.00000  51.4%  57.8 3453s
 455591 274604   68.00000   77  161   70.00000   34.00000  51.4%  57.8 3470s
 457840 274629 infeasible   78        70.00000   34.00000  51.4%  57.8 3496s
 457878 274659   68.00000   79  159   70.00000   34.00000  51.4%  57.8 3517s
 457914 274679   68.00000   80  157   70.00000   34.00000  51.4%  57.8 3535s
 457958 274754   68.00000   81  157   70.00000   34.00000  51.4%  57.8 3558s
 458049 276364   68.00000   82  155   70.00000   34.00000  51.4%  57.8 3585s
 460595 278574   68.00000   83  161   70.00000   34.00000  51.4%  57.8 3600s

Cutting planes:
  Learned: 6829
  Gomory: 22
  Cover: 292
  Implied bound: 2
  MIR: 368
  StrongCG: 4
  Flow cover: 1350
  RLT: 391
  Relax-and-lift: 63

Explored 464098 nodes (26845250 simplex iterations) in 3600.58 seconds (1543.68 work units)
Thread count was 32 (of 32 available processors)

Solution count 10: 70 70 71 ... 75

Time limit reached
Best objective 6.999999998580e+01, best bound 3.400000000000e+01, gap 51.4286%
