
Gurobi 13.0.0 (win64) logging started Wed Nov 19 10:48:53 2025

Set parameter LogFile to value "./Results/StripPacking-CutHeur/Logs/SUspb-111-StripPacking-15.log"
Set parameter TimeLimit to value 3600
Set parameter Cuts to value 1
Set parameter Presolve to value 1
Set parameter Heuristics to value 1
Set parameter LogToConsole to value 0
Set parameter LPWarmStart to value 2
Gurobi Optimizer version 13.0.0 build v13.0.0rc1 (win64 - Windows 11+.0 (26200.2))

CPU model: AMD Ryzen AI 9 365 w/ Radeon 880M, instruction set [SSE2|AVX|AVX2|AVX512]
Thread count: 10 physical cores, 20 logical processors, using up to 20 threads

Non-default parameters:
TimeLimit  3600
LPWarmStart  2
Heuristics  1
Cuts  1
LogToConsole  0
Presolve  1

Optimize a model with 6840 rows, 451 columns and 19770 nonzeros (Min)
Model fingerprint: 0xc164fd0e
Model has 1 linear objective coefficients
Variable types: 31 continuous, 420 integer (420 binary)
Coefficient statistics:
  Matrix range     [1e+00, 1e+04]
  Objective range  [1e+00, 1e+00]
  Bounds range     [1e+00, 1e+04]
  RHS range        [1e+00, 1e+04]
Using branch priorities.

Warning: Completing partial solution with 420 unfixed non-continuous variables out of 420
User MIP start produced solution with objective 72 (0.00s)
User MIP start produced solution with objective 72 (0.00s)
Loaded user MIP start with objective 72

Presolve removed 210 rows and 0 columns
Presolve time: 0.02s
Presolved: 6630 rows, 451 columns, 19934 nonzeros
Variable types: 31 continuous, 420 integer (420 binary)

Root relaxation: objective 3.700000e+01, 535 iterations, 0.03 seconds (0.05 work units)

    Nodes    |    Current Node    |     Objective Bounds      |     Work
 Expl Unexpl |  Obj  Depth IntInf | Incumbent    BestBd   Gap | It/Node Time

     0     0   37.00000    0  205   72.00000   37.00000  48.6%     -    0s

Explored 1 nodes (573 simplex iterations) in 0.05 seconds (0.10 work units)
Thread count was 20 (of 20 available processors)

Solution count 1: 72 

Solve interrupted
Best objective 7.200000000000e+01, best bound 3.700000000000e+01, gap 48.6111%
