
Gurobi 13.0.0 (linux64) logging started Thu Dec 11 13:48:35 2025

Set parameter LogFile to value "./Results/StripPacking-SPFix/Logs/SBspbM-010-StripPacking-20-0.log"
Set parameter TimeLimit to value 3600
Set parameter Cuts to value 0
Set parameter Presolve to value 1
Set parameter Heuristics to value 0
Set parameter LogToConsole to value 0
Set parameter LPWarmStart to value 2
Warning: linear constraint 25 and linear constraint 27 have the same name "LB[0]"
Warning: linear constraint 25 and linear constraint 27 have the same name "LB[0]"
Warning: default constraint names used to write mps file
Gurobi Optimizer version 13.0.0 build v13.0.0rc1 (linux64 - "Debian GNU/Linux 13 (trixie)")

CPU model: Intel(R) Xeon(R) CPU E5-2630 v3 @ 2.40GHz, instruction set [SSE2|AVX|AVX2]
Thread count: 16 physical cores, 32 logical processors, using up to 32 threads

Non-default parameters:
TimeLimit  3600
LPWarmStart  2
Heuristics  0
Cuts  0
LogToConsole  0
Presolve  1

Optimize a model with 14625 rows, 951 columns and 43850 nonzeros (Min)
Model fingerprint: 0x769ea0c1
Model has 1 linear objective coefficients
Variable types: 351 continuous, 600 integer (600 binary)
Coefficient statistics:
  Matrix range     [1e+00, 1e+04]
  Objective range  [1e+00, 1e+00]
  Bounds range     [1e+00, 1e+04]
  RHS range        [1e+00, 1e+04]
Using branch priorities.

Warning: Completing partial solution with 600 unfixed non-continuous variables out of 600
User MIP start produced solution with objective 104.8 (0.04s)
User MIP start produced solution with objective 104.8 (0.04s)
Loaded user MIP start with objective 104.8

Presolve removed 1500 rows and 0 columns
Presolve time: 0.06s
Presolved: 13125 rows, 951 columns, 39950 nonzeros
Variable types: 351 continuous, 600 integer (600 binary)

Root relaxation: objective 3.600000e+01, 916 iterations, 0.08 seconds (0.08 work units)

    Nodes    |    Current Node    |     Objective Bounds      |     Work
 Expl Unexpl |  Obj  Depth IntInf | Incumbent    BestBd   Gap | It/Node Time

     0     0   36.00000    0  105  104.80000   36.00000  65.6%     -    0s
     0     0   36.00000    0  105  104.80000   36.00000  65.6%     -    0s
     0     0   36.00000    0   79  104.80000   36.00000  65.6%     -    0s
     0     2   36.00000    0   79  104.80000   36.00000  65.6%     -    0s
* 1018  1039              74     102.0000000   36.00000  64.7%  51.5    1s
* 1021  1026              74     101.0000000   36.00000  64.4%  51.3    1s
* 1936  1865             102     100.0000000   36.00000  64.0%  38.9    2s
* 1955  1720              98      97.0000000   36.00000  62.9%  38.7    2s
* 2563  1993             112      95.0000000   36.00000  62.1%  36.9    3s
  2925  2244   36.00000   12   72   95.00000   36.00000  62.1%  36.7    5s
* 4302  3023             105      94.0000000   36.00000  61.7%  47.9    8s
* 4635  2989              87      93.0000000   36.00000  61.3%  47.2    8s
* 5404  3234             116      91.0000000   36.00000  60.4%  45.0    9s
* 5587  3029             109      90.0000000   36.00000  60.0%  44.6    9s
* 5737  2888             118      89.0000000   36.00000  59.6%  44.7    9s
* 5874  2750             117      88.0000000   36.00000  59.1%  44.7    9s
  5927  2773   87.00000   92   31   88.00000   36.00000  59.1%  44.6   10s
* 6270  2817             111      87.0000000   36.00000  58.6%  45.5   10s
* 7010  2681              99      86.0000000   36.00000  58.1%  46.8   11s
* 7863  2922             115      85.0000000   36.00000  57.6%  47.7   12s
  9667  4261   76.00000   50   48   85.00000   42.00000  50.6%  50.4   15s
*10223  3979             119      84.0000000   42.00000  50.0%  50.8   15s
*11376  4319             104      83.0000000   42.00000  49.4%  51.4   17s
 13088  5644   82.00000   54   56   83.00000   42.00000  49.4%  52.6   20s
*15827  6730             104      82.0000000   43.00000  47.6%  54.4   23s
 16843  7488   57.00000   33   98   82.00000   43.00000  47.6%  55.0   25s
*17762  7032             116      81.0000000   44.00000  45.7%  55.4   26s
 20257  8983   64.00000   32   85   81.00000   46.00000  43.2%  57.3   30s
 24381 12501   80.00000   49   35   81.00000   46.00000  43.2%  57.7   35s
*26760 11055              91      80.0000000   48.00000  40.0%  57.7   37s
 28769 12636   75.00000   58   57   80.00000   48.00000  40.0%  58.4   41s
 31691 14947   68.00000   39   75   80.00000   48.00000  40.0%  59.1   45s
 36589 17992   79.00000   63   32   80.00000   48.00000  40.0%  60.0   50s
 40611 20637   79.00000   73   41   80.00000   48.00000  40.0%  61.0   55s
 44950 24006   79.00000   81   71   80.00000   48.00000  40.0%  62.3   61s
 48340 26055   79.00000   88   24   80.00000   48.00000  40.0%  62.8   65s
 52977 29177   58.00000   49   91   80.00000   48.00000  40.0%  63.9   70s
 57858 32652   78.00000   66   16   80.00000   48.00000  40.0%  64.6   76s
 61152 34819   67.00000   47   69   80.00000   48.00000  40.0%  64.9   80s
 66033 38190   79.00000   62   75   80.00000   48.00000  40.0%  65.3   86s
 70816 41233 infeasible   74        80.00000   48.00000  40.0%  65.6   91s
 73861 43268 infeasible   78        80.00000   48.00000  40.0%  65.9   95s
*76231 33570             100      79.0000000   48.00000  39.2%  66.1   97s
 78637 35283   77.00000   66   33   79.00000   48.00000  39.2%  66.2  101s
 81545 37163   61.00000   43   78   79.00000   48.00000  39.2%  66.7  105s
 86482 40426 infeasible   68        79.00000   48.00000  39.2%  66.9  110s
 89521 42678     cutoff   64        79.00000   48.00000  39.2%  67.3  115s
 94032 45582   78.00000   62   75   79.00000   48.00000  39.2%  68.1  121s
 97211 47811   78.00000   81   29   79.00000   48.00000  39.2%  68.5  125s
 102098 51033   74.00000   62  142   79.00000   48.00000  39.2%  68.9  131s
 105548 53273   78.00000   75   19   79.00000   48.00000  39.2%  69.1  135s
 110080 55974 infeasible   76        79.00000   48.00000  39.2%  69.5  142s
 112995 58049   67.00000   52   41   79.00000   48.00000  39.2%  69.9  146s
 116327 60205   78.00000   66   68   79.00000   48.00000  39.2%  70.2  150s
 121398 63363   58.00000   35  105   79.00000   48.00000  39.2%  70.4  156s
 124706 65432   72.00000   47   65   79.00000   48.00000  39.2%  70.6  160s
 129449 68566   77.00000   67  117   79.00000   48.00000  39.2%  70.9  166s
*129776 48887             103      78.0000000   48.00000  38.5%  70.9  166s
 132688 50293   74.00000   55   33   78.00000   48.00000  38.5%  71.1  170s
 137252 53427   67.00000   50   79   78.00000   48.00000  38.5%  71.7  176s
 140476 55480     cutoff   69        78.00000   48.00000  38.5%  72.0  180s
 145210 57954   75.00000   54   71   78.00000   48.00000  38.5%  72.3  186s
 148188 59766   77.00000   75   75   78.00000   48.00000  38.5%  72.7  190s
 152957 63018   74.00000   59   41   78.00000   48.00000  38.5%  73.2  197s
 156161 65057   71.00000   58   42   78.00000   48.00000  38.5%  73.5  201s
 159533 67246   75.00000   57   38   78.00000   48.00000  38.5%  73.7  205s
 164864 70396   66.00000   47  158   78.00000   48.00000  38.5%  73.9  211s
 167993 72401   77.00000   73   79   78.00000   48.00000  38.5%  74.1  216s
 170912 74291     cutoff   58        78.00000   48.00000  38.5%  74.4  220s
 176070 77107 infeasible   83        78.00000   48.00000  38.5%  74.7  226s
 179480 79454   68.00000   56   54   78.00000   48.00000  38.5%  74.9  231s
 183046 81588   76.00000   68   36   78.00000   48.00000  38.5%  75.0  235s
 188102 84602   77.00000   70   50   78.00000   48.00000  38.5%  75.3  241s
 192803 87610   65.00000   44   98   78.00000   48.00000  38.5%  75.6  246s
 196128 89500   75.00000   62   57   78.00000   49.00000  37.2%  75.7  250s
 200959 92221   74.00000   57   51   78.00000   49.00000  37.2%  75.9  256s
 204138 94165   76.00000   69   75   78.00000   49.00000  37.2%  76.1  260s
 208703 97040 infeasible   97        78.00000   49.00000  37.2%  76.3  265s
 213279 100154   75.00000   61   81   78.00000   49.00000  37.2%  76.6  271s
 216640 101910   67.00000   52  113   78.00000   49.00000  37.2%  76.7  275s
 221146 104810 infeasible   58        78.00000   49.00000  37.2%  77.0  281s
 224597 107083   72.00000   49   72   78.00000   49.00000  37.2%  77.1  285s
 229247 110134   76.00000   68   40   78.00000   49.00000  37.2%  77.4  291s
 232364 111908   76.00000   54   74   78.00000   49.00000  37.2%  77.7  295s
 237409 115256     cutoff   66        78.00000   49.00000  37.2%  77.9  301s
 240931 117437   77.00000   87   26   78.00000   49.00000  37.2%  77.9  305s
 246266 120357   77.00000   66   71   78.00000   50.00000  35.9%  77.9  310s
 250858 123059   73.00000   54   45   78.00000   50.00000  35.9%  78.0  315s
 255336 126189   65.00000   40   66   78.00000   50.00000  35.9%  78.2  322s
 258953 128362   68.00000   47  108   78.00000   50.00000  35.9%  78.3  326s
 264317 131682   77.00000   81   25   78.00000   50.00000  35.9%  78.3  331s
 267255 133613 infeasible   77        78.00000   50.00000  35.9%  78.5  335s
 271918 136578   57.00000   29   80   78.00000   50.00000  35.9%  78.7  341s
 274973 138290   74.00000   48   61   78.00000   50.00000  35.9%  78.9  345s
 279807 141519   76.00000   72   63   78.00000   50.00000  35.9%  79.0  350s
 284680 144484   77.00000   62   43   78.00000   50.00000  35.9%  79.2  356s
 287845 146674   77.00000   74   32   78.00000   50.00000  35.9%  79.3  360s
 292676 149690   75.00000   65   30   78.00000   50.00000  35.9%  79.4  366s
 295870 151668     cutoff   75        78.00000   50.00000  35.9%  79.6  370s
 300509 154530   77.00000   58   41   78.00000   50.00000  35.9%  79.6  375s
 305316 157418   62.00000   56   98   78.00000   50.00000  35.9%  79.7  381s
 309988 160168   77.00000   68   29   78.00000   50.00000  35.9%  79.9  386s
 312758 162219   77.00000   58   34   78.00000   50.00000  35.9%  80.1  390s
 317675 165160 infeasible   77        78.00000   50.00000  35.9%  80.3  396s
 320798 166817   74.00000   82  114   78.00000   50.00000  35.9%  80.3  400s
 325293 169562   77.00000   67   64   78.00000   50.00000  35.9%  80.5  405s
 330388 172838   77.00000   71   37   78.00000   50.00000  35.9%  80.6  411s
 333718 174702   74.00000   68   47   78.00000   50.00000  35.9%  80.6  415s
 338549 177933   76.00000   55   88   78.00000   50.00000  35.9%  80.7  421s
 343264 180718   76.00000   55   18   78.00000   50.00000  35.9%  80.8  426s
 346321 182746   76.00000   77   31   78.00000   50.00000  35.9%  80.9  430s
 351256 185810   74.00000   65   56   78.00000   50.00000  35.9%  81.0  436s
 354424 187817 infeasible   74        78.00000   50.00000  35.9%  81.1  440s
 359390 190663   50.00000   38  110   78.00000   50.00000  35.9%  81.1  445s
 364072 193867   75.00000   63   90   78.00000   50.00000  35.9%  81.3  451s
 367612 196108   77.00000   67   25   78.00000   50.00000  35.9%  81.3  455s
 372509 198978 infeasible   58        78.00000   50.00000  35.9%  81.4  461s
 375828 201187   77.00000   72   55   78.00000   50.00000  35.9%  81.5  465s
 380692 204207   56.00000   38  158   78.00000   50.00000  35.9%  81.6  471s
 383854 206108 infeasible   65        78.00000   50.00000  35.9%  81.6  475s
 388505 209114   77.00000   93   29   78.00000   50.00000  35.9%  81.8  480s
 393601 212004   77.00000   49   92   78.00000   50.00000  35.9%  81.8  486s
 396591 213916   50.00000   40  115   78.00000   50.00000  35.9%  81.9  490s
 401346 216825   72.00000   46  111   78.00000   50.00000  35.9%  82.1  496s
 404459 218867   77.00000   70   89   78.00000   50.00000  35.9%  82.1  500s
 409326 221681   76.00000   71   76   78.00000   50.00000  35.9%  82.2  505s
 414255 224509   75.00000   66   59   78.00000   50.00000  35.9%  82.3  511s
 417526 226354   76.00000   78  102   78.00000   50.00000  35.9%  82.4  515s
 422248 229054   76.00000   57   65   78.00000   50.00000  35.9%  82.5  521s
 425453 230949   73.00000   36   66   78.00000   50.00000  35.9%  82.5  525s
 430171 233954   50.00000   40  150   78.00000   50.00000  35.9%  82.6  531s
 433240 235826   68.00000   47   97   78.00000   50.00000  35.9%  82.7  535s
 438131 238756 infeasible   58        78.00000   50.00000  35.9%  82.8  541s
 441595 240928   77.00000   85   30   78.00000   50.00000  35.9%  82.8  545s
 446372 243749   68.00000   47   84   78.00000   50.00000  35.9%  82.9  550s
 451615 246702   61.00000   42  105   78.00000   50.00000  35.9%  82.9  556s
 454715 248716   72.00000   56   70   78.00000   50.00000  35.9%  83.0  560s
 459419 251644 infeasible  102        78.00000   50.00000  35.9%  83.0  566s
 462722 253542   68.00000   45   51   78.00000   50.00000  35.9%  83.1  570s
 467553 256285   77.00000   80   32   78.00000   50.00000  35.9%  83.1  575s
 472168 259065   77.00000   95   46   78.00000   50.00000  35.9%  83.2  581s
 476668 262099 infeasible   72        78.00000   50.00000  35.9%  83.3  586s
 480182 264107 infeasible   81        78.00000   50.00000  35.9%  83.4  590s
 484854 266754   53.00000   45  115   78.00000   50.00000  35.9%  83.5  596s
 487998 268458   77.00000   41   49   78.00000   50.00000  35.9%  83.5  600s
 492657 271562   74.00000   50   73   78.00000   50.00000  35.9%  83.7  606s
 497619 274214   76.00000   52   18   78.00000   50.00000  35.9%  83.7  611s
 500861 276247   74.00000   59   64   78.00000   50.00000  35.9%  83.8  615s
 506157 279578 infeasible   66        78.00000   50.00000  35.9%  83.8  621s
 510789 282185   75.00000   78   49   78.00000   50.00000  35.9%  83.9  626s
 513994 284050 infeasible   90        78.00000   50.00000  35.9%  83.9  630s
 518802 286758   74.00000   54  189   78.00000   50.00000  35.9%  84.0  636s
 522027 288801   63.00000   51  138   78.00000   50.00000  35.9%  84.1  640s
 526938 291573   75.00000   74   37   78.00000   50.00000  35.9%  84.1  645s
 531711 294509 infeasible   68        78.00000   50.00000  35.9%  84.2  651s
 536612 297477   50.00000   38  109   78.00000   50.00000  35.9%  84.2  656s
 539903 299433   74.00000   54   48   78.00000   50.00000  35.9%  84.2  660s
 544870 302771   76.00000   64   38   78.00000   50.00000  35.9%  84.3  666s
 549760 305748   75.00000   66   39   78.00000   50.00000  35.9%  84.3  671s
 552725 307509   77.00000   57   26   78.00000   50.00000  35.9%  84.3  675s
 557329 310275 infeasible   78        78.00000   50.00000  35.9%  84.4  680s
 562358 313406   71.00000   45   67   78.00000   50.00000  35.9%  84.4  686s
 567136 316195   76.00000   69   17   78.00000   50.00000  35.9%  84.4  691s
 570315 318049 infeasible   63        78.00000   50.00000  35.9%  84.5  695s
 574938 320918   72.00000   46   69   78.00000   50.00000  35.9%  84.5  700s
 579620 323902 infeasible   74        78.00000   50.00000  35.9%  84.6  706s
 583169 326011 infeasible   68        78.00000   50.00000  35.9%  84.6  710s
 588072 328716   77.00000   61   63   78.00000   50.00000  35.9%  84.7  715s
 592775 331548 infeasible   74        78.00000   50.00000  35.9%  84.7  721s
 597879 334691   76.00000   58   17   78.00000   50.00000  35.9%  84.7  726s
 601017 336679   72.00000   65   65   78.00000   50.00000  35.9%  84.7  730s
 605911 339451   72.00000   50  159   78.00000   50.00000  35.9%  84.8  735s
 611009 342379     cutoff   73        78.00000   50.00000  35.9%  84.8  741s
 614168 344480   75.00000   62   28   78.00000   50.00000  35.9%  84.8  745s
 619298 347492   67.00000   44  120   78.00000   50.00000  35.9%  84.9  750s
 622691 349225 infeasible   72        78.00000   50.00000  35.9%  84.9  755s
 627384 352200   76.00000   54   99   78.00000   50.00000  35.9%  85.0  761s
 630634 354340   59.00000   43  128   78.00000   50.00000  35.9%  85.0  765s
 635386 357170   76.00000   83   18   78.00000   50.00000  35.9%  85.1  771s
 638749 358986   77.00000   42   87   78.00000   50.00000  35.9%  85.1  775s
 643895 362254   72.00000   56   41   78.00000   50.00000  35.9%  85.1  781s
 647459 364293   62.00000   58   90   78.00000   50.00000  35.9%  85.1  785s
 652082 367253   77.00000   62   34   78.00000   50.00000  35.9%  85.1  791s
 656903 370355   72.00000   30  114   78.00000   50.00000  35.9%  85.1  796s
 660063 372146   75.00000   69   34   78.00000   50.00000  35.9%  85.1  800s
 664672 375068   74.00000   57   74   78.00000   50.00000  35.9%  85.2  806s
 667885 377168   74.00000   51   93   78.00000   50.00000  35.9%  85.2  810s
 672783 380114   75.00000   40   54   78.00000   50.00000  35.9%  85.2  816s
 675983 382047   68.00000   50   64   78.00000   50.00000  35.9%  85.2  820s
 681258 385137   67.00000   45   98   78.00000   50.00000  35.9%  85.2  826s
 686035 388039   68.00000   64   45   78.00000   50.00000  35.9%  85.2  831s
 689431 390122     cutoff   42        78.00000   50.00000  35.9%  85.2  835s
 694182 392819   75.00000   79   26   78.00000   50.00000  35.9%  85.3  841s
 697296 394737   53.00000   39  104   78.00000   50.00000  35.9%  85.3  845s
 702338 397591   74.00000   46   75   78.00000   50.00000  35.9%  85.3  851s
 705628 399741   74.00000   63   38   78.00000   50.00000  35.9%  85.3  855s
 710555 402933 infeasible   62        78.00000   50.00000  35.9%  85.4  860s
 715771 406001 infeasible   83        78.00000   50.00000  35.9%  85.4  866s
 719061 407672   74.00000   66   63   78.00000   50.00000  35.9%  85.4  871s
 722660 409950     cutoff   63        78.00000   50.00000  35.9%  85.4  875s
 727634 412872 infeasible   70        78.00000   50.00000  35.9%  85.4  881s
 732438 416022   77.00000   72   33   78.00000   50.00000  35.9%  85.4  886s
 735837 418016   74.00000   52   24   78.00000   50.00000  35.9%  85.4  890s
 740951 421056   77.00000   48   74   78.00000   50.00000  35.9%  85.4  896s
 744038 423042 infeasible   64        78.00000   50.00000  35.9%  85.5  900s
 749108 426154   65.00000   42  107   78.00000   50.00000  35.9%  85.5  906s
 753881 429075     cutoff   87        78.00000   50.00000  35.9%  85.5  911s
 757107 430974   77.00000   80   15   78.00000   50.00000  35.9%  85.5  915s
 762104 434148   72.00000   63   81   78.00000   50.00000  35.9%  85.5  921s
 766941 437165 infeasible   61        78.00000   50.00000  35.9%  85.5  926s
 770066 439068 infeasible  102        78.00000   50.00000  35.9%  85.5  930s
 774786 442029   63.00000   43  105   78.00000   50.00000  35.9%  85.5  935s
 779294 444821   77.00000   70   72   78.00000   50.00000  35.9%  85.5  941s
 782441 446928   72.00000   40   72   78.00000   50.00000  35.9%  85.5  945s
 787308 449835   50.00000   43  168   78.00000   50.00000  35.9%  85.6  950s
 792211 453024   74.00000   49   60   78.00000   50.00000  35.9%  85.6  956s
 795492 454895 infeasible   76        78.00000   50.00000  35.9%  85.6  960s
 800292 457966     cutoff   63        78.00000   50.00000  35.9%  85.6  965s
 805060 460789   74.00000   62   48   78.00000   50.00000  35.9%  85.6  971s
 808708 463022 infeasible   81        78.00000   50.00000  35.9%  85.6  975s
 813451 465847   72.00000   51   87   78.00000   50.00000  35.9%  85.6  980s
 818427 468907   75.00000   75   43   78.00000   50.00000  35.9%  85.6  986s
 821830 471157   73.00000   60   55   78.00000   50.00000  35.9%  85.6  990s
 826690 474131   73.00000   73   50   78.00000   50.00000  35.9%  85.6  996s
 831673 477004   76.00000   82   48   78.00000   50.00000  35.9%  85.6 1001s
 834827 479046   77.00000   67   30   78.00000   50.00000  35.9%  85.7 1005s
 839860 482169   77.00000   79   27   78.00000   50.00000  35.9%  85.7 1011s
 843327 484086   77.00000   56   68   78.00000   50.00000  35.9%  85.7 1015s
 848283 487281   77.00000   70  106   78.00000   50.00000  35.9%  85.7 1021s
 851890 489463   75.00000   61   66   78.00000   50.00000  35.9%  85.7 1025s
 856854 492184   75.00000   65   56   78.00000   50.00000  35.9%  85.7 1030s
 861623 494961   77.00000   72   62   78.00000   50.00000  35.9%  85.7 1036s
 865012 497100   76.00000   79   18   78.00000   50.00000  35.9%  85.7 1040s
 869987 500273     cutoff   50        78.00000   50.00000  35.9%  85.7 1045s
 874799 503096 infeasible   74        78.00000   50.00000  35.9%  85.7 1051s
 879809 506211 infeasible   66        78.00000   50.00000  35.9%  85.7 1056s
 883151 508317 infeasible   71        78.00000   50.00000  35.9%  85.7 1060s
 887918 510919 infeasible   78        78.00000   50.00000  35.9%  85.7 1065s
 892781 513748   76.00000   64   14   78.00000   50.00000  35.9%  85.7 1071s
 895635 515622   74.00000   65   89   78.00000   50.00000  35.9%  85.7 1075s
 900629 518624   77.00000   57   38   78.00000   50.00000  35.9%  85.7 1080s
 905644 521776 infeasible   73        78.00000   50.00000  35.9%  85.7 1086s
 909000 523652   68.00000   47   97   78.00000   50.00000  35.9%  85.7 1090s
 913720 526502   74.00000   52   49   78.00000   50.00000  35.9%  85.8 1095s
 918766 529466 infeasible   84        78.00000   50.00000  35.9%  85.8 1101s
 922011 531317   66.00000   43  123   78.00000   50.00000  35.9%  85.8 1105s
 926979 534474   77.00000   59   35   78.00000   50.00000  35.9%  85.8 1110s
 931622 537165   64.00000   48   84   78.00000   50.00000  35.9%  85.8 1116s
 934684 538902   75.00000   58   37   78.00000   50.00000  35.9%  85.9 1120s
 939722 541908   74.00000   59   51   78.00000   50.00000  35.9%  85.9 1126s
 942716 544027     cutoff   63        78.00000   50.00000  35.9%  85.9 1130s
 948014 547095   70.00000   53   46   78.00000   50.00000  35.9%  85.9 1135s
 953002 549896 infeasible   57        78.00000   50.00000  35.9%  85.9 1141s
 957490 552687   70.00000   48   91   78.00000   50.00000  35.9%  85.9 1146s
 960562 554515   70.00000   57  111   78.00000   50.00000  35.9%  86.0 1150s
 965420 557065   71.00000   56   38   78.00000   50.00000  35.9%  86.0 1155s
 970046 559977   72.00000   52   88   78.00000   50.00000  35.9%  86.0 1161s
 973170 561878   72.00000   56   60   78.00000   50.00000  35.9%  86.0 1165s
 977912 564627   66.00000   47   67   78.00000   50.00000  35.9%  86.0 1170s
 982986 567865   75.00000   50   64   78.00000   50.00000  35.9%  86.1 1176s
 986365 569823   72.00000   60   61   78.00000   50.00000  35.9%  86.1 1180s
 991379 573040   77.00000   67   48   78.00000   50.00000  35.9%  86.1 1186s
 996284 575910   75.00000   74   38   78.00000   50.00000  35.9%  86.1 1191s
 999424 577897   72.00000   62   55   78.00000   50.00000  35.9%  86.1 1195s
 1004333 580779   77.00000   65   50   78.00000   50.00000  35.9%  86.1 1200s
 1008887 583745 infeasible   68        78.00000   50.00000  35.9%  86.2 1206s
 1012264 585767     cutoff   84        78.00000   50.00000  35.9%  86.2 1210s
 1017451 588363   73.00000   42   66   78.00000   50.00000  35.9%  86.2 1215s
 1022060 590988   76.00000   65   33   78.00000   50.00000  35.9%  86.2 1220s
 1026644 593759   77.00000   74   28   78.00000   50.00000  35.9%  86.2 1226s
 1031490 596627   64.00000   28   77   78.00000   50.00000  35.9%  86.2 1231s
 1034936 598313 infeasible   83        78.00000   50.00000  35.9%  86.2 1235s
 1039676 601012   76.00000   70   68   78.00000   50.00000  35.9%  86.2 1241s
 1043232 603380 infeasible   71        78.00000   51.00000  34.6%  86.2 1245s
 1048799 606578   77.00000   68   27   78.00000   51.00000  34.6%  86.2 1250s
 1053742 609583   74.00000   49   62   78.00000   51.00000  34.6%  86.1 1255s
 1058721 612552   76.00000   64   27   78.00000   51.00000  34.6%  86.1 1261s
 1063790 615595   64.00000   47   74   78.00000   51.00000  34.6%  86.1 1266s
 1068788 618571   77.00000   66   43   78.00000   51.00000  34.6%  86.1 1271s
 1073988 621630   77.00000   51   46   78.00000   51.00000  34.6%  86.0 1276s
 1079103 624889   77.00000   76   36   78.00000   51.00000  34.6%  86.0 1281s
 1082511 626732 infeasible   58        78.00000   51.00000  34.6%  85.9 1285s
 1087335 629720   74.00000   68   35   78.00000   51.00000  34.6%  85.9 1290s
 1092071 632646   74.00000   64   39   78.00000   51.00000  34.6%  85.9 1296s
 1096891 635619   74.00000   61   53   78.00000   51.00000  34.6%  85.9 1301s
 1100214 637571   75.00000   51   52   78.00000   51.00000  34.6%  85.9 1305s
 1105462 640916   67.00000   60  104   78.00000   51.00000  34.6%  85.9 1311s
 1108876 643188   65.00000   43   99   78.00000   51.00000  34.6%  85.8 1315s
 1113922 646131   77.00000   85   13   78.00000   51.00000  34.6%  85.8 1320s
 1118690 649229   75.00000   69   21   78.00000   51.00000  34.6%  85.8 1326s
 1122229 651191   75.00000   39   46   78.00000   51.00000  34.6%  85.8 1330s
 1127130 654252   77.00000   65   82   78.00000   51.00000  34.6%  85.8 1336s
 1130598 656080   73.00000   40   86   78.00000   51.00000  34.6%  85.8 1340s
 1135620 659185   77.00000   78   47   78.00000   51.00000  34.6%  85.8 1346s
 1140616 662027   58.00000   38   81   78.00000   51.00000  34.6%  85.8 1351s
 1143716 663794   77.00000   56   25   78.00000   51.00000  34.6%  85.8 1355s
 1148584 666873   75.00000   59   43   78.00000   51.00000  34.6%  85.8 1361s
 1151937 668737   77.00000   81   10   78.00000   51.00000  34.6%  85.8 1365s
 1156758 671587   72.00000   45   37   78.00000   51.00000  34.6%  85.8 1371s
 1161265 674119   72.00000   53   44   78.00000   51.00000  34.6%  85.9 1376s
 1164692 676215   77.00000   67   86   78.00000   51.00000  34.6%  85.9 1380s
 1169302 679046   75.00000   66  121   78.00000   51.00000  34.6%  85.9 1386s
 1172514 680910   74.00000   56   77   78.00000   51.00000  34.6%  85.9 1390s
 1177658 684020   72.00000   41  104   78.00000   51.00000  34.6%  85.9 1396s
 1180883 685755   76.00000   63   30   78.00000   51.00000  34.6%  85.9 1400s
 1185626 688704   68.00000   42  117   78.00000   51.00000  34.6%  86.0 1406s
 1188851 690885 infeasible   62        78.00000   51.00000  34.6%  86.0 1410s
 1194032 693914   51.00000   41   76   78.00000   51.00000  34.6%  86.0 1415s
 1198727 697199   76.00000   46   39   78.00000   51.00000  34.6%  86.0 1421s
 1202152 698911   66.00000   43  138   78.00000   51.00000  34.6%  86.0 1425s
 1207028 701795   77.00000   64   72   78.00000   51.00000  34.6%  86.0 1431s
 1210292 703941   71.00000   59   93   78.00000   51.00000  34.6%  86.0 1435s
 1215578 707049   77.00000   65   41   78.00000   51.00000  34.6%  86.0 1441s
 1218859 709260   70.00000   42  117   78.00000   51.00000  34.6%  86.0 1445s
 1223503 712293   64.00000   41   76   78.00000   51.00000  34.6%  86.0 1451s
 1228423 715081   77.00000   55  107   78.00000   51.00000  34.6%  86.0 1456s
 1231691 717140   55.00000   39   93   78.00000   51.00000  34.6%  86.0 1460s
 1236608 720221     cutoff   79        78.00000   51.00000  34.6%  86.0 1466s
 1239922 722068 infeasible   73        78.00000   51.00000  34.6%  86.1 1470s
 1244572 724936   76.00000   62   34   78.00000   51.00000  34.6%  86.1 1476s
 1248056 726864   76.00000   52   60   78.00000   51.00000  34.6%  86.1 1480s
 1252785 729938 infeasible   73        78.00000   51.00000  34.6%  86.1 1486s
 1257671 732526     cutoff   74        78.00000   51.00000  34.6%  86.1 1491s
 1261253 734345   69.00000   51   56   78.00000   51.00000  34.6%  86.1 1495s
 1266006 737035   74.00000   59   45   78.00000   51.00000  34.6%  86.1 1501s
 1269219 738960   63.00000   49   59   78.00000   51.00000  34.6%  86.1 1505s
 1274186 741788   77.00000   57   70   78.00000   51.00000  34.6%  86.1 1511s
 1277058 743432   66.00000   44   95   78.00000   51.00000  34.6%  86.2 1515s
 1282150 746328   74.00000   69   70   78.00000   51.00000  34.6%  86.2 1521s
 1287280 749590   77.00000   58   42   78.00000   51.00000  34.6%  86.2 1526s
 1290658 751686   77.00000   80   42   78.00000   51.00000  34.6%  86.2 1530s
 1295523 754511   66.00000   49   80   78.00000   51.00000  34.6%  86.2 1536s
 1298741 756368     cutoff   55        78.00000   51.00000  34.6%  86.2 1540s
 1303643 759177 infeasible   81        78.00000   51.00000  34.6%  86.3 1546s
 1306841 761380   56.00000   34  110   78.00000   51.00000  34.6%  86.3 1551s
 1310474 763487   76.00000   71   44   78.00000   51.00000  34.6%  86.3 1555s
 1315043 766307     cutoff   63        78.00000   51.00000  34.6%  86.3 1561s
 1318490 768111   75.00000   56   86   78.00000   51.00000  34.6%  86.3 1565s
 1323509 771009 infeasible   64        78.00000   51.00000  34.6%  86.3 1571s
 1328584 773900   74.00000   54   22   78.00000   51.00000  34.6%  86.4 1577s
 1331973 775824   77.00000   88   43   78.00000   51.00000  34.6%  86.4 1581s
 1336651 778812 infeasible   85        78.00000   51.00000  34.6%  86.4 1586s
 1340081 780983   74.00000   51  108   78.00000   51.00000  34.6%  86.4 1590s
 1344955 784114   77.00000   64   99   78.00000   51.00000  34.6%  86.4 1596s
 1348287 785679 infeasible   74        78.00000   51.00000  34.6%  86.4 1600s
 1353151 788743   77.00000   65   70   78.00000   51.00000  34.6%  86.4 1606s
 1356604 790810   60.00000   41   68   78.00000   51.00000  34.6%  86.4 1610s
 1361270 793623   74.00000   54   82   78.00000   51.00000  34.6%  86.4 1615s
 1366093 796339   77.00000   72   28   78.00000   51.00000  34.6%  86.4 1621s
 1369131 798273 infeasible   68        78.00000   51.00000  34.6%  86.4 1625s
 1373905 801147   77.00000   70   60   78.00000   51.00000  34.6%  86.4 1631s
 1378616 803828   77.00000   67   54   78.00000   51.00000  34.6%  86.5 1636s
 1382170 805566   77.00000   71   96   78.00000   51.00000  34.6%  86.5 1640s
 1386861 808281   68.00000   53  117   78.00000   51.00000  34.6%  86.5 1646s
 1390158 810369 infeasible   90        78.00000   51.00000  34.6%  86.5 1650s
 1395004 813224 infeasible   69        78.00000   51.00000  34.6%  86.5 1655s
 1399568 816106   77.00000   54   68   78.00000   51.00000  34.6%  86.5 1661s
 1403185 818402   74.00000   50   68   78.00000   51.00000  34.6%  86.5 1665s
 1408409 821576   76.00000   82   32   78.00000   51.00000  34.6%  86.5 1671s
 1411787 823531     cutoff   73        78.00000   51.00000  34.6%  86.5 1675s
 1416963 826453   66.00000   49   72   78.00000   51.00000  34.6%  86.5 1680s
 1421763 829475 infeasible   85        78.00000   51.00000  34.6%  86.5 1686s
 1425009 831398   75.00000   72   55   78.00000   51.00000  34.6%  86.5 1690s
 1430125 834352   51.00000   41  116   78.00000   51.00000  34.6%  86.5 1696s
 1434846 837375   75.00000   57   47   78.00000   51.00000  34.6%  86.6 1701s
 1438385 839328   77.00000   63  123   78.00000   51.00000  34.6%  86.6 1705s
 1443108 842014   74.00000   68   76   78.00000   51.00000  34.6%  86.6 1711s
 1446194 843961   67.00000   42  120   78.00000   51.00000  34.6%  86.6 1715s
 1451701 847250   64.00000   47  125   78.00000   51.00000  34.6%  86.6 1721s
 1455124 849088 infeasible   71        78.00000   51.00000  34.6%  86.6 1725s
 1459899 852163   77.00000   59   67   78.00000   51.00000  34.6%  86.6 1731s
 1463330 853928   72.00000   50   55   78.00000   51.00000  34.6%  86.6 1735s
 1468269 856961   77.00000   68   21   78.00000   51.00000  34.6%  86.6 1740s
 1473057 859947   71.00000   63   74   78.00000   51.00000  34.6%  86.6 1746s
 1476299 861890   77.00000   70   57   78.00000   51.00000  34.6%  86.6 1750s
 1481234 864518   77.00000   73   45   78.00000   51.00000  34.6%  86.6 1755s
 1485651 867324   77.00000   56   37   78.00000   51.00000  34.6%  86.6 1761s
 1489228 869283   77.00000   81   23   78.00000   51.00000  34.6%  86.6 1765s
 1494206 872361   77.00000   68   71   78.00000   51.00000  34.6%  86.6 1770s
 1499146 875274   74.00000   61   53   78.00000   51.00000  34.6%  86.6 1776s
 1503868 877962   75.00000   63   22   78.00000   51.00000  34.6%  86.7 1781s
 1506974 879598   77.00000   59   35   78.00000   51.00000  34.6%  86.7 1785s
 1512060 882538 infeasible   69        78.00000   51.00000  34.6%  86.7 1790s
 1516730 885292   77.00000   72   16   78.00000   51.00000  34.6%  86.7 1796s
 1521555 888184   72.00000   63   56   78.00000   51.00000  34.6%  86.7 1801s
 1524600 890043 infeasible   86        78.00000   51.00000  34.6%  86.7 1805s
 1529685 893069   77.00000   66   32   78.00000   51.00000  34.6%  86.7 1811s
 1534712 896142   74.00000   55   80   78.00000   51.00000  34.6%  86.7 1816s
 1537934 898045   58.00000   49  101   78.00000   51.00000  34.6%  86.7 1820s
 1542839 900805   68.00000   61   96   78.00000   51.00000  34.6%  86.7 1825s
 1547701 903714   77.00000   78   14   78.00000   51.00000  34.6%  86.7 1831s
 1550941 905642   77.00000   67   80   78.00000   51.00000  34.6%  86.7 1835s
 1555782 908282   74.00000   74   29   78.00000   51.00000  34.6%  86.7 1840s
 1560222 911051   66.00000   41   85   78.00000   51.00000  34.6%  86.7 1846s
 1565258 913885 infeasible   67        78.00000   51.00000  34.6%  86.7 1851s
 1568529 915617   77.00000   72   16   78.00000   51.00000  34.6%  86.7 1855s
 1573479 918730 infeasible   67        78.00000   51.00000  34.6%  86.8 1861s
 1578198 921381   67.00000   51   86   78.00000   51.00000  34.6%  86.8 1866s
 1581354 923175   63.00000   36   69   78.00000   51.00000  34.6%  86.8 1870s
 1586380 925999   58.00000   50   95   78.00000   51.00000  34.6%  86.8 1875s
 1591188 928811   75.00000   67   52   78.00000   51.00000  34.6%  86.8 1881s
 1594334 930755     cutoff   72        78.00000   51.00000  34.6%  86.8 1885s
 1599064 933322   68.00000   47   76   78.00000   51.00000  34.6%  86.8 1890s
 1603690 936113   76.00000   75   83   78.00000   51.00000  34.6%  86.8 1896s
 1606985 938163   67.00000   44   61   78.00000   51.00000  34.6%  86.9 1900s
 1612093 941084   74.00000   56   98   78.00000   51.00000  34.6%  86.9 1905s
 1616878 943961   75.00000   57   40   78.00000   51.00000  34.6%  86.9 1911s
 1620012 945708 infeasible   72        78.00000   51.00000  34.6%  86.9 1915s
 1624879 948443   70.00000   39   70   78.00000   51.00000  34.6%  86.9 1921s
 1629488 951127   74.00000   68   80   78.00000   51.00000  34.6%  86.9 1926s
 1632695 953057   66.00000   43   83   78.00000   51.00000  34.6%  86.9 1930s
 1637617 955914   76.00000   71   45   78.00000   51.00000  34.6%  87.0 1936s
 1642600 958801   77.00000   78   91   78.00000   51.00000  34.6%  87.0 1941s
 1645814 960493   77.00000   64   25   78.00000   51.00000  34.6%  87.0 1945s
 1650912 963349   71.00000   46   97   78.00000   51.00000  34.6%  87.0 1950s
 1655525 966231   74.00000   48   69   78.00000   51.00000  34.6%  87.0 1956s
 1658999 967985   72.00000   48   92   78.00000   51.00000  34.6%  87.0 1960s
 1664137 970912   74.00000   75   46   78.00000   51.00000  34.6%  87.0 1966s
 1668731 973506   72.00000   45   58   78.00000   51.00000  34.6%  87.0 1971s
 1671895 975514   75.00000   75  130   78.00000   51.00000  34.6%  87.0 1975s
 1676695 978318   52.00000   48  119   78.00000   51.00000  34.6%  87.0 1980s
 1681627 981322 infeasible   69        78.00000   51.00000  34.6%  87.0 1986s
 1686317 984184   77.00000   69   35   78.00000   51.00000  34.6%  87.1 1991s
 1689733 985995   76.00000   50   40   78.00000   51.00000  34.6%  87.1 1995s
 1694195 987895   67.00000   48   53   78.00000   51.00000  34.6%  87.1 2000s
 1699260 991055   75.00000   59   56   78.00000   51.00000  34.6%  87.1 2006s
 1702534 992791     cutoff   52        78.00000   51.00000  34.6%  87.1 2010s
 1707107 995848 infeasible   67        78.00000   51.00000  34.6%  87.2 2016s
 1710603 997750   65.00000   55   94   78.00000   51.00000  34.6%  87.2 2020s
 1715482 1000588   67.00000   50   91   78.00000   51.00000  34.6%  87.2 2025s
 1720179 1003538 infeasible   65        78.00000   51.00000  34.6%  87.2 2031s
 1723410 1005717   74.00000   42   53   78.00000   51.00000  34.6%  87.2 2036s
 1728500 1008557   58.00000   48   96   78.00000   51.00000  34.6%  87.3 2041s
 1731689 1010393   74.00000   58   48   78.00000   51.00000  34.6%  87.3 2045s
 1736367 1013140   77.00000   70   40   78.00000   51.00000  34.6%  87.3 2051s
 1739708 1014970   75.00000   57   46   78.00000   51.00000  34.6%  87.3 2055s
 1744234 1017833   63.00000   42  100   78.00000   51.00000  34.6%  87.4 2061s
 1748588 1020302   75.00000   65   64   78.00000   51.00000  34.6%  87.4 2066s
 1751938 1022098 infeasible   62        78.00000   51.00000  34.6%  87.4 2070s
 1756770 1024690   68.00000   65   98   78.00000   51.00000  34.6%  87.4 2076s
 1759943 1026704   77.00000   67   53   78.00000   51.00000  34.6%  87.4 2080s
 1765595 1029795   76.00000   68   41   78.00000   52.00000  33.3%  87.4 2085s
 1770310 1032419 infeasible   83        78.00000   52.00000  33.3%  87.4 2090s
 1775144 1035411   76.00000   61   31   78.00000   52.00000  33.3%  87.4 2096s
 1780336 1037953   77.00000   48  140   78.00000   52.00000  33.3%  87.4 2101s
 1785005 1040888   67.00000   54  181   78.00000   52.00000  33.3%  87.4 2106s
 1790166 1043798   77.00000   64   21   78.00000   52.00000  33.3%  87.4 2111s
 1793301 1045564   52.00000   47  192   78.00000   52.00000  33.3%  87.4 2115s
 1798003 1048219   77.00000   78   39   78.00000   52.00000  33.3%  87.4 2120s
 1802719 1050956   76.00000   79   33   78.00000   52.00000  33.3%  87.4 2125s
 1807824 1053823   75.00000   53  104   78.00000   52.00000  33.3%  87.3 2130s
 1812789 1056816   77.00000   78  100   78.00000   52.00000  33.3%  87.3 2135s
 1817542 1059538   77.00000   53  144   78.00000   52.00000  33.3%  87.3 2141s
 1822480 1062401 infeasible   80        78.00000   52.00000  33.3%  87.3 2146s
 1827466 1065036   75.00000   91   59   78.00000   52.00000  33.3%  87.3 2151s
 1830638 1066859   72.00000   46   73   78.00000   52.00000  33.3%  87.3 2155s
 1835675 1069617   58.00000   37   68   78.00000   52.00000  33.3%  87.3 2160s
 1839929 1072138   74.00000   73   78   78.00000   52.00000  33.3%  87.3 2165s
 1844883 1074978 infeasible   79        78.00000   52.00000  33.3%  87.3 2170s
 1849651 1077642 infeasible   83        78.00000   52.00000  33.3%  87.3 2175s
 1854625 1080574   77.00000   80   58   78.00000   52.00000  33.3%  87.3 2181s
 1859502 1083325   60.00000   40   67   78.00000   52.00000  33.3%  87.3 2186s
 1862730 1085338   77.00000   68   82   78.00000   52.00000  33.3%  87.3 2190s
 1867420 1087926   77.00000   75   40   78.00000   52.89796  32.2%  87.3 2195s
 1872729 1091284   72.00000   48   61   78.00000   53.00000  32.1%  87.3 2200s
 1877733 1094038   74.00000   57   49   78.00000   53.00000  32.1%  87.2 2205s
 1882523 1096731   68.00000   54   98   78.00000   53.00000  32.1%  87.2 2210s
 1887480 1099549   70.00000   46   86   78.00000   53.00000  32.1%  87.2 2215s
 1892310 1102415 infeasible   70        78.00000   53.00000  32.1%  87.2 2220s
 1897367 1105371   76.00000   61   46   78.00000   53.00000  32.1%  87.2 2225s
 1902261 1108317   53.00000   35   69   78.00000   53.00000  32.1%  87.2 2230s
 1907535 1111804 infeasible   69        78.00000   53.00000  32.1%  87.2 2235s
 1912599 1114371   76.00000   65   73   78.00000   53.00000  32.1%  87.1 2240s
 1917484 1117074   75.00000   73   47   78.00000   53.00000  32.1%  87.1 2245s
 1921986 1119919   77.00000   46   26   78.00000   53.00000  32.1%  87.1 2250s
 1927293 1123196   77.00000   75   68   78.00000   53.00000  32.1%  87.1 2255s
 1931917 1125590   77.00000   64   45   78.00000   53.00000  32.1%  87.1 2260s
 1937001 1128774   67.00000   56  121   78.00000   53.00000  32.1%  87.1 2265s
 1942097 1131739   72.00000   61   57   78.00000   53.00000  32.1%  87.1 2270s
 1946732 1134604 infeasible   51        78.00000   53.00000  32.1%  87.1 2275s
 1951615 1137634   76.00000   69   52   78.00000   53.00000  32.1%  87.1 2280s
 1956538 1140449 infeasible   60        78.00000   53.00000  32.1%  87.1 2285s
 1961329 1143393     cutoff   59        78.00000   53.00000  32.1%  87.1 2291s
 1966012 1146086     cutoff   70        78.00000   53.00000  32.1%  87.1 2296s
 1969288 1148077   75.00000   55   76   78.00000   53.00000  32.1%  87.1 2300s
 1974255 1150939 infeasible   80        78.00000   53.00000  32.1%  87.1 2305s
 1978709 1153761   72.00000   67   41   78.00000   53.00000  32.1%  87.1 2310s
 1983871 1156543 infeasible   77        78.00000   53.00000  32.1%  87.1 2316s
 1988736 1159226 infeasible   64        78.00000   53.00000  32.1%  87.1 2321s
 1992063 1160757   77.00000   64   47   78.00000   53.00000  32.1%  87.1 2325s
 1996568 1163555   77.00000   62   43   78.00000   53.00000  32.1%  87.1 2330s
 2001863 1166526   77.00000   49   50   78.00000   53.00000  32.1%  87.1 2336s
 2006611 1169110   77.00000   69   36   78.00000   53.00000  32.1%  87.1 2341s
 2009938 1171202   74.00000   69   67   78.00000   53.00000  32.1%  87.1 2345s
 2014785 1173795 infeasible   50        78.00000   53.00000  32.1%  87.1 2350s
 2020089 1177012   70.00000   64  139   78.00000   53.00000  32.1%  87.1 2356s
 2023457 1179018   77.00000   61   63   78.00000   53.00000  32.1%  87.1 2360s
 2028259 1181785   53.00000   45  107   78.00000   53.00000  32.1%  87.1 2365s
 2033149 1184100 infeasible   79        78.00000   53.00000  32.1%  87.1 2370s
 2037926 1187038   77.00000   60   68   78.00000   53.00000  32.1%  87.2 2376s
 2041432 1189054   65.00000   50   64   78.00000   53.00000  32.1%  87.2 2380s
 2046690 1191766   77.00000   75   14   78.00000   53.00000  32.1%  87.2 2385s
 2051814 1194766   77.00000   53   32   78.00000   53.00000  32.1%  87.1 2390s
 2056809 1197553   77.00000   56   41   78.00000   53.00000  32.1%  87.1 2396s
 2061418 1200532   75.00000   47  120   78.00000   53.00000  32.1%  87.2 2401s
 2064948 1202590   73.00000   62   32   78.00000   53.00000  32.1%  87.1 2405s
 2069997 1205508   75.00000   56   30   78.00000   53.00000  32.1%  87.1 2410s
 2075033 1208547   68.00000   53   50   78.00000   53.00000  32.1%  87.1 2415s
 2079880 1211502   70.00000   55   66   78.00000   53.00000  32.1%  87.1 2421s
 2083367 1213510 infeasible   69        78.00000   53.00000  32.1%  87.1 2425s
 2088218 1216417 infeasible   57        78.00000   53.00000  32.1%  87.1 2430s
 2093151 1219466     cutoff   60        78.00000   53.00000  32.1%  87.2 2435s
 2098054 1222323   73.00000   52   61   78.00000   53.00000  32.1%  87.2 2441s
 2102828 1225327   71.00000   57   81   78.00000   53.00000  32.1%  87.2 2446s
 2106365 1227507   76.00000   55   68   78.00000   53.00000  32.1%  87.2 2450s
 2111446 1230593 infeasible   70        78.00000   53.00000  32.1%  87.2 2456s
 2116366 1233262   72.00000   53   41   78.00000   53.00000  32.1%  87.2 2461s
 2119467 1235484   67.00000   50  135   78.00000   53.00000  32.1%  87.2 2465s
 2124390 1238516   77.00000   87   21   78.00000   53.00000  32.1%  87.2 2470s
 2129321 1241263     cutoff   67        78.00000   53.00000  32.1%  87.2 2475s
 2134080 1244141   76.00000   61   25   78.00000   53.00000  32.1%  87.2 2480s
 2138778 1246802   73.00000   57   73   78.00000   53.00000  32.1%  87.2 2485s
 2143634 1249561 infeasible   72        78.00000   53.00000  32.1%  87.2 2491s
 2147001 1251647   73.00000   53   34   78.00000   53.00000  32.1%  87.2 2495s
 2151790 1254365   75.00000   54   44   78.00000   53.00000  32.1%  87.2 2500s
 2156796 1257355   74.00000   64   62   78.00000   53.00000  32.1%  87.2 2505s
 2161891 1260323   66.00000   45   85   78.00000   53.00000  32.1%  87.2 2511s
 2165284 1262342 infeasible   63        78.00000   53.00000  32.1%  87.2 2515s
 2170001 1264877     cutoff   84        78.00000   53.00000  32.1%  87.2 2520s
 2174496 1267810   77.00000   64   84   78.00000   53.00000  32.1%  87.2 2525s
 2179477 1270704 infeasible   74        78.00000   53.00000  32.1%  87.2 2531s
 2182973 1272570   76.00000   51   20   78.00000   53.00000  32.1%  87.2 2535s
 2187885 1275396   74.00000   63  123   78.00000   53.00000  32.1%  87.2 2540s
 2192848 1278193   72.00000   52   68   78.00000   53.00000  32.1%  87.2 2545s
 2197578 1281083   53.00000   46  133   78.00000   53.00000  32.1%  87.2 2551s
 2200775 1282878   74.00000   58   88   78.00000   53.00000  32.1%  87.2 2555s
 2205348 1285520   68.00000   46   99   78.00000   53.00000  32.1%  87.2 2560s
 2210339 1288332 infeasible   85        78.00000   53.00000  32.1%  87.2 2566s
 2213556 1290086   71.00000   47   69   78.00000   53.00000  32.1%  87.3 2570s
 2218699 1293272   74.00000   44   42   78.00000   53.00000  32.1%  87.3 2575s
 2223960 1296259   71.00000   59   56   78.00000   53.00000  32.1%  87.3 2581s
 2229186 1299152   77.00000   59  110   78.00000   53.00000  32.1%  87.2 2586s
 2233561 1301936   77.00000   62   77   78.00000   53.00000  32.1%  87.2 2591s
 2238259 1304382   76.00000   53  128   78.00000   53.00000  32.1%  87.2 2596s
 2241650 1306486   77.00000   50  106   78.00000   53.00000  32.1%  87.2 2600s
 2246384 1309380 infeasible   66        78.00000   53.00000  32.1%  87.2 2605s
 2251359 1312224   77.00000   80   39   78.00000   53.00000  32.1%  87.2 2610s
 2256162 1315260   77.00000   79   37   78.00000   53.00000  32.1%  87.2 2616s
 2261479 1318076   76.00000   64   62   78.00000   53.00000  32.1%  87.2 2621s
 2264832 1319968   76.00000   82   47   78.00000   53.00000  32.1%  87.2 2625s
 2269775 1322942   72.00000   64   53   78.00000   53.00000  32.1%  87.2 2630s
 2274520 1325490   77.00000   69   56   78.00000   53.00000  32.1%  87.2 2635s
 2279400 1328174   77.00000   66   55   78.00000   53.00000  32.1%  87.2 2640s
 2283998 1330920   77.00000   70   26   78.00000   53.00000  32.1%  87.2 2645s
 2289118 1334038     cutoff   53        78.00000   53.00000  32.1%  87.2 2651s
 2293864 1336621   76.00000   72   34   78.00000   53.00000  32.1%  87.2 2656s
 2297235 1338507     cutoff   59        78.00000   53.00000  32.1%  87.2 2660s
 2302048 1341580   77.00000   63   40   78.00000   53.00000  32.1%  87.2 2665s
 2306837 1344514   74.00000   67   33   78.00000   53.00000  32.1%  87.2 2670s
 2311591 1347376   74.00000   74   47   78.00000   53.00000  32.1%  87.2 2676s
 2316479 1350180   75.00000   81   52   78.00000   53.00000  32.1%  87.2 2681s
 2319686 1351995   68.00000   53   80   78.00000   53.00000  32.1%  87.2 2685s
 2324787 1354899   74.00000   53   40   78.00000   53.00000  32.1%  87.2 2690s
 2329556 1357398   72.00000   60   50   78.00000   53.00000  32.1%  87.2 2696s
 2334403 1360228   66.00000   49   74   78.00000   53.00000  32.1%  87.2 2701s
 2337683 1362271   77.00000   62   12   78.00000   53.00000  32.1%  87.2 2705s
 2342358 1364612   75.00000   80   89   78.00000   53.00000  32.1%  87.3 2710s
 2347179 1367641   75.00000   58   39   78.00000   53.00000  32.1%  87.3 2715s
 2351811 1370068   74.00000   56   70   78.00000   53.00000  32.1%  87.3 2721s
 2356885 1373192 infeasible   68        78.00000   53.00000  32.1%  87.3 2726s
 2360189 1375138   72.00000   79   42   78.00000   53.00000  32.1%  87.3 2730s
 2365113 1378208   77.00000   70   33   78.00000   53.00000  32.1%  87.3 2735s
 2370003 1381048 infeasible   76        78.00000   53.00000  32.1%  87.3 2741s
 2374544 1383894   77.00000   48   51   78.00000   53.00000  32.1%  87.3 2746s
 2379483 1386359 infeasible   68        78.00000   53.00000  32.1%  87.3 2751s
 2382545 1388230   74.00000   81   25   78.00000   53.00000  32.1%  87.3 2755s
 2387161 1390861   73.00000   53   69   78.00000   53.00000  32.1%  87.3 2760s
 2392021 1393820   69.00000   56   79   78.00000   53.00000  32.1%  87.3 2765s
 2396991 1396461   73.00000   39   45   78.00000   53.00000  32.1%  87.3 2771s
 2401483 1399082   76.00000   63   38   78.00000   53.00000  32.1%  87.3 2776s
 2404852 1401090   66.00000   47   67   78.00000   53.00000  32.1%  87.3 2780s
 2409688 1403773 infeasible   67        78.00000   53.00000  32.1%  87.3 2786s
 2413018 1405761   73.00000   54   38   78.00000   53.00000  32.1%  87.4 2790s
 2417934 1408598   66.00000   41   79   78.00000   53.00000  32.1%  87.4 2795s
 2422925 1411502 infeasible   74        78.00000   53.00000  32.1%  87.4 2801s
 2427808 1414346     cutoff   65        78.00000   53.00000  32.1%  87.4 2806s
 2432563 1416825 infeasible   85        78.00000   53.00000  32.1%  87.4 2811s
 2435815 1418378 infeasible   70        78.00000   53.00000  32.1%  87.4 2815s
 2440540 1421412   70.00000   51   94   78.00000   53.00000  32.1%  87.4 2821s
 2445945 1424068   67.00000   47   99   78.00000   53.00000  32.1%  87.4 2826s
 2449222 1425969   74.00000   62   25   78.00000   53.00000  32.1%  87.4 2830s
 2454119 1428852   74.00000   52  109   78.00000   53.00000  32.1%  87.4 2835s
 2458925 1431452   76.00000   73   28   78.00000   53.00000  32.1%  87.4 2841s
 2463666 1434203   62.00000   44   53   78.00000   53.00000  32.1%  87.4 2846s
 2466938 1436053   55.00000   51   91   78.00000   53.00000  32.1%  87.4 2850s
 2471987 1439139   76.00000   75   28   78.00000   53.00000  32.1%  87.4 2855s
 2476755 1441960   77.00000   70  104   78.00000   53.00000  32.1%  87.4 2861s
 2481919 1444931   77.00000   73   28   78.00000   53.00000  32.1%  87.4 2866s
 2486452 1447483   77.00000   69   24   78.00000   53.00000  32.1%  87.4 2871s
 2489867 1449394   72.00000   72   38   78.00000   53.00000  32.1%  87.4 2875s
 2494328 1451773   74.00000   54   66   78.00000   53.00000  32.1%  87.4 2880s
 2499079 1454453   73.00000   49  153   78.00000   53.00000  32.1%  87.4 2886s
 2504037 1457615   69.00000   51  103   78.00000   53.00000  32.1%  87.4 2891s
 2507494 1459662   77.00000   62   64   78.00000   53.00000  32.1%  87.4 2895s
 2512418 1462449   75.00000   63   42   78.00000   53.00000  32.1%  87.4 2900s
 2517068 1464975   67.00000   54  111   78.00000   53.00000  32.1%  87.5 2906s
 2521886 1467865 infeasible   77        78.00000   53.00000  32.1%  87.5 2911s
 2525060 1469698   75.00000   73   45   78.00000   53.00000  32.1%  87.5 2915s
 2530051 1472784 infeasible   72        78.00000   53.00000  32.1%  87.5 2920s
 2535277 1475513   74.00000   57   85   78.00000   53.00000  32.1%  87.5 2926s
 2538374 1477395   77.00000   69  103   78.00000   53.00000  32.1%  87.5 2930s
 2543096 1480062   74.00000   65   86   78.00000   53.00000  32.1%  87.5 2935s
 2548138 1482978   77.00000   73   46   78.00000   53.00000  32.1%  87.5 2941s
 2553047 1485521   74.00000   51   65   78.00000   53.00000  32.1%  87.5 2946s
 2556018 1487355   72.00000   58   45   78.00000   53.00000  32.1%  87.5 2950s
 2560811 1490292   75.00000   70   69   78.00000   53.00000  32.1%  87.5 2955s
 2565718 1493268   77.00000   65   19   78.00000   53.00000  32.1%  87.5 2961s
 2570874 1496156   66.00000   45  107   78.00000   53.00000  32.1%  87.5 2966s
 2576045 1499139 infeasible   56        78.00000   53.00000  32.1%  87.5 2971s
 2579033 1500839   64.00000   49  142   78.00000   53.00000  32.1%  87.5 2975s
 2583661 1503247     cutoff   64        78.00000   53.00000  32.1%  87.5 2980s
 2588485 1506087   77.00000   61   41   78.00000   53.00000  32.1%  87.5 2986s
 2593491 1508885   74.00000   75  113   78.00000   53.00000  32.1%  87.5 2991s
 2598333 1511697   65.00000   49   66   78.00000   53.00000  32.1%  87.5 2996s
 2601660 1513614   73.00000   65   27   78.00000   53.00000  32.1%  87.5 3000s
 2606399 1516395 infeasible   95        78.00000   53.00000  32.1%  87.5 3005s
 2610941 1519109   74.00000   61   54   78.00000   53.00000  32.1%  87.6 3010s
 2616053 1521937   73.00000   52   61   78.00000   53.00000  32.1%  87.5 3016s
 2620937 1524614   75.00000   64   92   78.00000   53.00000  32.1%  87.6 3021s
 2625509 1527516   77.00000   67   54   78.00000   53.00000  32.1%  87.6 3026s
 2628823 1529553   72.00000   54   84   78.00000   53.00000  32.1%  87.6 3030s
 2633646 1532440 infeasible   74        78.00000   53.00000  32.1%  87.6 3035s
 2638339 1535067   77.00000   83   55   78.00000   53.00000  32.1%  87.6 3040s
 2643616 1538168   75.00000   69   64   78.00000   53.00000  32.1%  87.5 3045s
 2648464 1541173   76.00000   74   31   78.00000   53.00000  32.1%  87.5 3051s
 2653223 1543775     cutoff   85        78.00000   53.00000  32.1%  87.5 3056s
 2656449 1545486   53.00000   39   86   78.00000   53.00000  32.1%  87.6 3060s
 2661564 1548406   69.00000   55   67   78.00000   53.00000  32.1%  87.6 3065s
 2666347 1551113   68.00000   46   63   78.00000   53.00000  32.1%  87.6 3071s
 2669555 1553041   77.00000   74   83   78.00000   53.00000  32.1%  87.6 3075s
 2674520 1556024   77.00000   62   69   78.00000   53.00000  32.1%  87.6 3080s
 2679460 1558822   68.00000   57   55   78.00000   53.00000  32.1%  87.6 3085s
 2684174 1561783   77.00000   65   26   78.00000   53.00000  32.1%  87.6 3090s
 2689161 1564757     cutoff   70        78.00000   53.00000  32.1%  87.6 3096s
 2693850 1567444   68.00000   59  106   78.00000   53.00000  32.1%  87.6 3101s
 2698947 1570271   75.00000   62   26   78.00000   53.00000  32.1%  87.6 3106s
 2702254 1572293   75.00000   63   49   78.00000   53.00000  32.1%  87.6 3110s
 2706908 1575030   72.00000   53   85   78.00000   53.00000  32.1%  87.6 3115s
 2711887 1577953   77.00000   77   95   78.00000   53.00000  32.1%  87.6 3120s
 2716552 1580832 infeasible   74        78.00000   53.00000  32.1%  87.6 3125s
 2721779 1583809   72.00000   50   50   78.00000   53.00000  32.1%  87.6 3131s
 2726745 1586596   77.00000   80   49   78.00000   53.00000  32.1%  87.6 3136s
 2730038 1588615   76.00000   63   26   78.00000   53.00000  32.1%  87.6 3140s
 2735276 1591549   77.00000   74   44   78.00000   53.00000  32.1%  87.6 3145s
 2740231 1594167   77.00000   67    8   78.00000   53.00000  32.1%  87.6 3151s
 2743845 1596150   65.00000   55  124   78.00000   53.00000  32.1%  87.6 3155s
 2748941 1599303   69.00000   51   79   78.00000   53.00000  32.1%  87.6 3160s
 2753667 1601859   77.00000   58   83   78.00000   53.00000  32.1%  87.6 3165s
 2758614 1604939   74.00000   56   81   78.00000   53.00000  32.1%  87.6 3171s
 2763610 1607977   72.00000   53   58   78.00000   53.00000  32.1%  87.6 3176s
 2768477 1611023   65.00000   55   76   78.00000   53.00000  32.1%  87.6 3181s
 2773434 1613935 infeasible   79        78.00000   53.00000  32.1%  87.6 3186s
 2776756 1615995   77.00000   87   46   78.00000   53.00000  32.1%  87.5 3190s
 2781824 1618801   75.00000   73   57   78.00000   53.00000  32.1%  87.5 3195s
 2786693 1621559   67.00000   48   78   78.00000   53.00000  32.1%  87.5 3200s
 2791388 1624185   68.00000   42  123   78.00000   53.00000  32.1%  87.5 3205s
 2796156 1627015   70.00000   54   80   78.00000   53.00000  32.1%  87.5 3211s
 2801118 1630184 infeasible   81        78.00000   53.00000  32.1%  87.5 3216s
 2804608 1632232   74.00000   63   90   78.00000   53.00000  32.1%  87.5 3220s
 2809252 1634665   69.00000   36   67   78.00000   53.00000  32.1%  87.5 3225s
 2813971 1637715 infeasible   62        78.00000   53.00000  32.1%  87.5 3230s
 2819087 1640693 infeasible   82        78.00000   53.00000  32.1%  87.5 3235s
 2823559 1643321     cutoff   53        78.00000   53.00000  32.1%  87.5 3240s
 2828496 1646092 infeasible   66        78.00000   53.00000  32.1%  87.5 3246s
 2833228 1649005   75.00000   68   59   78.00000   53.00000  32.1%  87.5 3251s
 2838112 1652028   74.00000   56   76   78.00000   53.00000  32.1%  87.5 3256s
 2843009 1654687   77.00000   65   63   78.00000   53.00000  32.1%  87.5 3261s
 2845969 1656509   55.00000   37  120   78.00000   53.00000  32.1%  87.5 3265s
 2850708 1659292   75.00000   81   48   78.00000   53.00000  32.1%  87.5 3270s
 2855698 1662338   53.00000   40   89   78.00000   53.00000  32.1%  87.5 3275s
 2861011 1665585   53.00000   35  109   78.00000   53.00000  32.1%  87.5 3281s
 2865977 1668526   77.00000   70   92   78.00000   53.00000  32.1%  87.5 3285s
 2870541 1671137   65.00000   47   60   78.00000   53.00000  32.1%  87.5 3290s
 2875282 1673649   77.00000   67  130   78.00000   53.00000  32.1%  87.5 3296s
 2879941 1676408   72.00000   37   46   78.00000   53.00000  32.1%  87.5 3301s
 2883006 1678274   75.00000   58   40   78.00000   53.00000  32.1%  87.5 3305s
 2888049 1681382 infeasible   67        78.00000   53.00000  32.1%  87.5 3310s
 2893093 1684385 infeasible   70        78.00000   53.00000  32.1%  87.5 3316s
 2898081 1687337   77.00000   71   36   78.00000   53.00000  32.1%  87.5 3321s
 2901177 1689322   72.00000   49   61   78.00000   53.00000  32.1%  87.5 3325s
 2906089 1692273   53.00000   37   92   78.00000   53.00000  32.1%  87.5 3330s
 2910743 1695129 infeasible   72        78.00000   53.00000  32.1%  87.5 3335s
 2915374 1697874 infeasible   49        78.00000   53.00000  32.1%  87.5 3341s
 2920198 1700877     cutoff   90        78.00000   53.00000  32.1%  87.6 3346s
 2923532 1702929   77.00000   75   65   78.00000   53.00000  32.1%  87.6 3350s
 2928295 1705748   60.00000   38  122   78.00000   53.00000  32.1%  87.6 3355s
 2933299 1708532   77.00000   85   36   78.00000   53.00000  32.1%  87.6 3361s
 2936456 1710412   53.00000   40   88   78.00000   53.00000  32.1%  87.6 3365s
 2941369 1713506   74.00000   62   65   78.00000   53.00000  32.1%  87.6 3370s
 2946198 1716300 infeasible   74        78.00000   53.00000  32.1%  87.6 3375s
 2950823 1718874     cutoff   53        78.00000   53.00000  32.1%  87.6 3381s
 2954106 1721242   53.00000   35  141   78.00000   53.00000  32.1%  87.6 3385s
 2959161 1724383   77.00000   48   49   78.00000   53.00000  32.1%  87.6 3390s
 2964479 1727693   53.00000   45   89   78.00000   53.00000  32.1%  87.6 3396s
 2969223 1730433   77.00000   64   55   78.00000   53.00000  32.1%  87.6 3401s
 2973938 1733019 infeasible   91        78.00000   53.00000  32.1%  87.6 3406s
 2977431 1735112   77.00000   66   34   78.00000   53.00000  32.1%  87.6 3410s
 2982122 1738131   77.00000   68   32   78.00000   53.00000  32.1%  87.6 3415s
 2987271 1740940   71.00000   62  123   78.00000   53.00000  32.1%  87.6 3421s
 2991999 1744008   77.00000   61   28   78.00000   53.00000  32.1%  87.6 3426s
 2995302 1745928   72.00000   57  116   78.00000   53.00000  32.1%  87.6 3430s
 3000160 1749235   77.00000   65   30   78.00000   53.00000  32.1%  87.6 3436s
 3003509 1751326   77.00000   56   39   78.00000   53.00000  32.1%  87.6 3440s
 3008587 1753982 infeasible   66        78.00000   53.00000  32.1%  87.6 3445s
 3013619 1757350   75.00000   62   82   78.00000   53.00000  32.1%  87.6 3451s
 3018858 1760028   75.00000   52   25   78.00000   53.00000  32.1%  87.6 3456s
 3023578 1762930   73.00000   44   31   78.00000   53.00000  32.1%  87.6 3461s
 3026849 1764806 infeasible   98        78.00000   53.00000  32.1%  87.6 3465s
 3031779 1767384   76.00000   65   60   78.00000   53.00000  32.1%  87.6 3470s
 3036343 1770164   72.00000   43   50   78.00000   53.00000  32.1%  87.6 3475s
 3041132 1773182 infeasible   92        78.00000   53.00000  32.1%  87.6 3481s
 3045867 1776312   77.00000   61   77   78.00000   53.00000  32.1%  87.6 3486s
 3051069 1779216   76.00000   45   77   78.00000   53.00000  32.1%  87.6 3491s
 3055462 1781985   77.00000   56  105   78.00000   53.00000  32.1%  87.6 3496s
 3058789 1784126     cutoff   69        78.00000   53.00000  32.1%  87.6 3500s
 3063725 1787025 infeasible   72        78.00000   53.00000  32.1%  87.6 3505s
 3068613 1790095   76.00000   66   74   78.00000   53.00000  32.1%  87.6 3511s
 3073333 1792704 infeasible   59        78.00000   53.00000  32.1%  87.6 3516s
 3076698 1794621   59.00000   34  121   78.00000   53.00000  32.1%  87.6 3520s
 3081591 1797701 infeasible   63        78.00000   53.00000  32.1%  87.6 3525s
 3086718 1800701 infeasible   75        78.00000   53.00000  32.1%  87.6 3531s
 3090293 1802958 infeasible   77        78.00000   53.00000  32.1%  87.6 3535s
 3095299 1806064   75.00000   55   52   78.00000   53.00000  32.1%  87.6 3540s
 3100054 1809105   76.00000   61   58   78.00000   53.00000  32.1%  87.6 3545s
 3105101 1812116 infeasible   61        78.00000   53.00000  32.1%  87.6 3550s
 3109754 1815064     cutoff   63        78.00000   53.00000  32.1%  87.6 3555s
 3114619 1818071   71.00000   42   98   78.00000   53.00000  32.1%  87.6 3561s
 3119668 1820843   77.00000   69  130   78.00000   53.00000  32.1%  87.6 3566s
 3124447 1823542   77.00000   54   76   78.00000   53.00000  32.1%  87.6 3571s
 3129178 1826455   77.00000   62   36   78.00000   53.00000  32.1%  87.6 3576s
 3132563 1828353   74.00000   50   46   78.00000   53.00000  32.1%  87.6 3580s
 3137406 1831325   75.00000   58   56   78.00000   53.00000  32.1%  87.6 3585s
 3142054 1834176   76.00000   61   25   78.00000   53.00000  32.1%  87.6 3590s
 3147280 1837329   76.00000   65   68   78.00000   53.00000  32.1%  87.6 3596s
 3152183 1839709   76.00000   64   35   78.00000   53.00000  32.1%  87.6 3600s

Explored 3152730 nodes (276241467 simplex iterations) in 3600.01 seconds (4177.52 work units)
Thread count was 32 (of 32 available processors)

Solution count 10: 78 79 80 ... 87

Time limit reached
Best objective 7.800000000000e+01, best bound 5.300000000000e+01, gap 32.0513%
