
Gurobi 13.0.0 (linux64) logging started Thu Dec 11 20:48:51 2025

Set parameter LogFile to value "./Results/StripPacking-SPFix/Logs/SBspbM-111-StripPacking-50-0.log"
Set parameter TimeLimit to value 3600
Set parameter Cuts to value 1
Set parameter Presolve to value 1
Set parameter Heuristics to value 1
Set parameter LogToConsole to value 0
Set parameter LPWarmStart to value 2
Warning: linear constraint 50 and linear constraint 52 have the same name "LB[0]"
Warning: linear constraint 50 and linear constraint 52 have the same name "LB[0]"
Warning: default constraint names used to write mps file
Gurobi Optimizer version 13.0.0 build v13.0.0rc1 (linux64 - "Debian GNU/Linux 13 (trixie)")

CPU model: Intel(R) Xeon(R) CPU E5-2630 v3 @ 2.40GHz, instruction set [SSE2|AVX|AVX2]
Thread count: 16 physical cores, 32 logical processors, using up to 32 threads

Non-default parameters:
TimeLimit  3600
LPWarmStart  2
Heuristics  1
Cuts  1
LogToConsole  0
Presolve  1

Optimize a model with 100500 rows, 3776 columns and 301450 nonzeros (Min)
Model fingerprint: 0xbdfd5a16
Model has 1 linear objective coefficients
Variable types: 1326 continuous, 2450 integer (2450 binary)
Coefficient statistics:
  Matrix range     [1e+00, 1e+04]
  Objective range  [1e+00, 1e+00]
  Bounds range     [1e+00, 1e+04]
  RHS range        [1e+00, 1e+04]
Using branch priorities.

Warning: Completing partial solution with 2450 unfixed non-continuous variables out of 2450
User MIP start produced solution with objective 191.6 (0.36s)
User MIP start produced solution with objective 191.6 (0.37s)
Loaded user MIP start with objective 191.6

Presolve removed 6125 rows and 0 columns
Presolve time: 0.65s
Presolved: 94375 rows, 3776 columns, 285525 nonzeros
Variable types: 1326 continuous, 2450 integer (2450 binary)
Root relaxation presolved: 3776 rows, 98151 columns, 289301 nonzeros


Root simplex log...

Iteration    Objective       Primal Inf.    Dual Inf.      Time
   20751    4.1234716e+01   0.000000e+00   1.652297e+06      5s
   44370    4.2461261e+01   0.000000e+00   1.215048e+06     10s
   68314    4.3049912e+01   0.000000e+00   8.105151e+04     15s
   95538    4.3277694e+01   0.000000e+00   1.747063e+03     20s
  101507    3.5000000e+01   0.000000e+00   0.000000e+00     21s
  101507    3.5000000e+01   0.000000e+00   0.000000e+00     21s
  101507    3.5000000e+01   0.000000e+00   0.000000e+00     21s

Root relaxation: objective 3.500000e+01, 101507 iterations, 20.01 seconds (14.28 work units)

    Nodes    |    Current Node    |     Objective Bounds      |     Work
 Expl Unexpl |  Obj  Depth IntInf | Incumbent    BestBd   Gap | It/Node Time

     0     0   35.00000    0  733  191.60000   35.00000  81.7%     -   34s
H    0     0                     188.0000000   35.00000  81.4%     -   34s
H    0     0                     187.0000000   35.00000  81.3%     -   35s
H    0     0                     182.0000000   35.00000  80.8%     -   69s
     0     0   35.00000    0  940  182.00000   35.00000  80.8%     -   70s
H    0     0                     181.0000000   35.00000  80.7%     -   88s
H    0     0                     180.0000000   35.00000  80.6%     -   88s
H    0     0                     179.0000000   35.00000  80.4%     -   88s
H    0     0                     178.0000000   35.00000  80.3%     -   88s
     0     0   35.00000    0  888  178.00000   35.00000  80.3%     -   89s
     0     0   35.00000    0  888  178.00000   35.00000  80.3%     -   90s
H    0     0                     171.0000000   35.00000  79.5%     -  123s
     0     0   35.00000    0  872  171.00000   35.00000  79.5%     -  123s
     0     0   35.00000    0  803  171.00000   35.00000  79.5%     -  177s
H    0     0                     170.0000000   35.00000  79.4%     -  214s
H    0     0                     169.0000000   35.00000  79.3%     -  214s
H    0     0                     168.0000000   35.00000  79.2%     -  214s
     0     0   35.00000    0  789  168.00000   35.00000  79.2%     -  215s
H    0     0                     167.0000000   35.00000  79.0%     -  245s
     0     0   35.00000    0  859  167.00000   35.00000  79.0%     -  246s
     0     0   35.00000    0  664  167.00000   35.00000  79.0%     -  285s
     0     0   35.00000    0  778  167.00000   35.00000  79.0%     -  315s
H    0     0                     166.0000000   35.00000  78.9%     -  317s
H    0     0                     166.0000000   35.00000  78.9%     -  362s
H    0     0                     162.0000000   35.00000  78.4%     -  362s
     0     0   35.00000    0  878  162.00000   35.00000  78.4%     -  362s
     0     0   35.00000    0  654  162.00000   35.00000  78.4%     -  393s
H    0     0                     161.0000000   35.00000  78.3%     -  414s
H    0     0                     160.0000000   35.00000  78.1%     -  414s
H    0     0                     160.0000000   35.00000  78.1%     -  414s
     0     0   35.00000    0  704  160.00000   35.00000  78.1%     -  414s
     0     0   35.00000    0  789  160.00000   35.00000  78.1%     -  440s
     0     0   35.00000    0  720  160.00000   35.00000  78.1%     -  465s
H    0     0                     158.0000000   35.00000  77.8%     -  491s
     0     0   35.00000    0  706  158.00000   35.00000  77.8%     -  491s
H    0     0                     158.0000000   35.00000  77.8%     -  516s
     0     0   35.00000    0  849  158.00000   35.00000  77.8%     -  516s
     0     0   35.00000    0  736  158.00000   35.00000  77.8%     -  561s
     0     0   35.00000    0  831  158.00000   35.00000  77.8%     -  621s
     0     0   35.00000    0  907  158.00000   35.00000  77.8%     -  678s
     0     0   35.00000    0  579  158.00000   35.00000  77.8%     -  704s
     0     0   35.00000    0  674  158.00000   35.00000  77.8%     -  731s
     0     0   35.00000    0  777  158.00000   35.00000  77.8%     -  755s
     0     0   35.00000    0  622  158.00000   35.00000  77.8%     -  799s
H    0     0                     156.0000000   35.00000  77.6%     -  820s
H    0     0                     156.0000000   35.00000  77.6%     -  820s
     0     0   35.00000    0  622  156.00000   35.00000  77.6%     -  821s
     0     0   35.00000    0  609  156.00000   35.00000  77.6%     -  829s
     0     2   35.00000    0  523  156.00000   35.00000  77.6%     -  874s
     1     4   35.00000    1  525  156.00000   35.00000  77.6%  3042  893s
     3     8   35.00000    2  568  156.00000   35.00000  77.6%  5372  936s
     7    16   35.00000    3  660  156.00000   35.00000  77.6%  7798  995s
    15    32   35.00000    4 1074  156.00000   35.00000  77.6% 10847 1076s
    31    46   35.02269    5 1383  156.00000   35.00000  77.6% 10342 1152s
H   43    46                     155.0000000   35.00000  77.4%  7822 1152s
    45    62   35.02269    6 1382  155.00000   35.00000  77.4%  7498 1254s
    61    78   35.02287    7 1145  155.00000   35.00000  77.4%  6474 1338s
H   69    78                     155.0000000   35.00000  77.4%  5832 1338s
H   70    78                     154.0000000   35.00000  77.3%  5769 1338s
    77    94   35.02386    8 1116  154.00000   35.00000  77.3%  5612 1435s
    93   109   50.00000    9  437  154.00000   35.00000  77.3%  4824 1546s
   108   125   57.00000    9  537  154.00000   35.00000  77.3%  4340 1640s
   124   141   57.00000   10  468  154.00000   35.00000  77.3%  3890 1752s
H  139   141                     154.0000000   35.00000  77.3%  3527 1752s
   140   161   57.00000   10  455  154.00000   35.00000  77.3%  3535 1861s
H  155   161                     153.0000000   35.00000  77.1%  3259 1861s
   160   239   57.00000   11  446  153.00000   35.00000  77.1%  3170 1922s
H  165   239                     153.0000000   35.00000  77.1%  3090 1922s
H  170   239                     152.0000000   35.00000  77.0%  3030 1922s
   238   319   57.00000   14  434  152.00000   35.00000  77.0%  2330 1934s
H  263   319                     152.0000000   35.00000  77.0%  2158 1934s
   318   339   57.00000   18  371  152.00000   35.00000  77.0%  1905 1955s
   338   355   57.00000   19  357  152.00000   35.00000  77.0%  1837 1982s
   354   371   57.00000   19  370  152.00000   35.00000  77.0%  1776 2016s
   370   387   57.00000   20  342  152.00000   35.00000  77.0%  1728 2047s
   386   403   57.00000   20  350  152.00000   35.00000  77.0%  1677 2085s
   402   419   57.00000   21  346  152.00000   35.00000  77.0%  1625 2120s
   418   435   57.00000   22  348  152.00000   35.00000  77.0%  1584 2159s
   434   451   64.00000   23  348  152.00000   35.00000  77.0%  1544 2206s
   450   467   57.00000   23  497  152.00000   35.00000  77.0%  1507 2243s
   466   483   57.00000   24  465  152.00000   35.00000  77.0%  1464 2285s
   482   500   70.00000   25  364  152.00000   35.00000  77.0%  1432 2339s
   499   516   57.00000   25  417  152.00000   35.00000  77.0%  1402 2387s
   515   532   64.00000   26  434  152.00000   35.00000  77.0%  1376 2437s
   531   548   64.00000   26  407  152.00000   35.00000  77.0%  1349 2506s
   547   564   64.00000   27  378  152.00000   35.00000  77.0%  1319 2568s
   563   580   64.00000   27  391  152.00000   35.00000  77.0%  1289 2618s
H  569   580                     151.0000000   35.00000  76.8%  1278 2618s
   579   596   64.00000   28  373  151.00000   35.00000  76.8%  1263 2658s
   595   612   64.00000   29  371  151.00000   35.00000  76.8%  1239 2697s
H  599   612                     151.0000000   35.00000  76.8%  1231 2697s
   611   628   64.00000   30  370  151.00000   35.00000  76.8%  1218 2744s
   627   644   64.00000   30  400  151.00000   35.00000  76.8%  1197 2785s
H  635   644                     150.0000000   35.00000  76.7%  1187 2785s
   643   660   69.00000   31  335  150.00000   35.00000  76.7%  1179 2835s
   659   676   89.00000   32  331  150.00000   35.00000  76.7%  1160 2882s
H  663   676                     150.0000000   35.00000  76.7%  1155 2882s
   675   692   86.00000   32  326  150.00000   35.00000  76.7%  1143 2936s
   691   708   86.00000   33  326  150.00000   35.00000  76.7%  1127 2983s
   707   724   86.00000   34  325  150.00000   35.00000  76.7%  1109 3041s
   723   740   86.00000   35  324  150.00000   35.00000  76.7%  1090 3098s
   739   756   86.00000   36  320  150.00000   35.00000  76.7%  1073 3167s
   755   772   86.00000   37  351  150.00000   35.00000  76.7%  1057 3236s
   771   788   86.00000   38  386  150.00000   35.00000  76.7%  1042 3306s
   787   804   86.00000   38  339  150.00000   35.00000  76.7%  1028 3400s
   803   820   86.00000   39  347  150.00000   35.00000  76.7%  1013 3485s
   819   836   86.00000   40  348  150.00000   35.00000  76.7%   998 3563s
   835   868   86.00000   40  323  150.00000   35.00000  76.7%   986 3600s

Cutting planes:
  Cover: 25
  MIR: 443
  Flow cover: 973
  RLT: 58
  Relax-and-lift: 1

Explored 867 nodes (1436156 simplex iterations) in 3600.05 seconds (3886.72 work units)
Thread count was 32 (of 32 available processors)

Solution count 10: 150 150 151 ... 154

Time limit reached
Best objective 1.499999999849e+02, best bound 3.500000000000e+01, gap 76.6667%
