
Gurobi 13.0.0 (linux64) logging started Thu Dec 11 14:48:39 2025

Set parameter LogFile to value "./Results/StripPacking-SPFix/Logs/SBspbM-111-StripPacking-20-0.log"
Set parameter TimeLimit to value 3600
Set parameter Cuts to value 1
Set parameter Presolve to value 1
Set parameter Heuristics to value 1
Set parameter LogToConsole to value 0
Set parameter LPWarmStart to value 2
Warning: linear constraint 25 and linear constraint 27 have the same name "LB[0]"
Warning: linear constraint 25 and linear constraint 27 have the same name "LB[0]"
Warning: default constraint names used to write mps file
Gurobi Optimizer version 13.0.0 build v13.0.0rc1 (linux64 - "Debian GNU/Linux 13 (trixie)")

CPU model: Intel(R) Xeon(R) CPU E5-2630 v3 @ 2.40GHz, instruction set [SSE2|AVX|AVX2]
Thread count: 16 physical cores, 32 logical processors, using up to 32 threads

Non-default parameters:
TimeLimit  3600
LPWarmStart  2
Heuristics  1
Cuts  1
LogToConsole  0
Presolve  1

Optimize a model with 14625 rows, 951 columns and 43850 nonzeros (Min)
Model fingerprint: 0x769ea0c1
Model has 1 linear objective coefficients
Variable types: 351 continuous, 600 integer (600 binary)
Coefficient statistics:
  Matrix range     [1e+00, 1e+04]
  Objective range  [1e+00, 1e+00]
  Bounds range     [1e+00, 1e+04]
  RHS range        [1e+00, 1e+04]
Using branch priorities.

Warning: Completing partial solution with 600 unfixed non-continuous variables out of 600
User MIP start produced solution with objective 104.8 (0.05s)
User MIP start produced solution with objective 104.8 (0.05s)
Loaded user MIP start with objective 104.8

Presolve removed 1500 rows and 0 columns
Presolve time: 0.06s
Presolved: 13125 rows, 951 columns, 39950 nonzeros
Variable types: 351 continuous, 600 integer (600 binary)

Root relaxation: objective 3.600000e+01, 916 iterations, 0.08 seconds (0.08 work units)

    Nodes    |    Current Node    |     Objective Bounds      |     Work
 Expl Unexpl |  Obj  Depth IntInf | Incumbent    BestBd   Gap | It/Node Time

     0     0   36.00000    0  105  104.80000   36.00000  65.6%     -    0s
H    0     0                     103.0000000   36.00000  65.0%     -    0s
     0     0   36.00000    0  184  103.00000   36.00000  65.0%     -    0s
H    0     0                      99.0000000   36.00000  63.6%     -    0s
H    0     0                      95.0000000   36.00000  62.1%     -    0s
     0     0   36.00000    0  156   95.00000   36.00000  62.1%     -    0s
     0     0   36.00000    0  182   95.00000   36.00000  62.1%     -    1s
     0     0   36.00000    0  112   95.00000   36.00000  62.1%     -    1s
H    0     0                      94.0000000   36.00000  61.7%     -    1s
H    0     0                      93.0000000   36.00000  61.3%     -    1s
     0     0   36.00000    0  119   93.00000   36.00000  61.3%     -    2s
     0     0   36.00000    0  133   93.00000   36.00000  61.3%     -    2s
     0     0   36.00000    0  106   93.00000   36.00000  61.3%     -    2s
     0     0   36.00000    0  127   93.00000   36.00000  61.3%     -    2s
H    0     0                      92.0000000   36.00000  60.9%     -    3s
     0     0   36.00000    0  163   92.00000   36.00000  60.9%     -    3s
     0     0   36.00000    0  129   92.00000   36.00000  60.9%     -    3s
     0     0   36.00000    0  149   92.00000   36.00000  60.9%     -    3s
     0     0   36.00000    0  209   92.00000   36.00000  60.9%     -    4s
     0     0   36.00000    0  177   92.00000   36.00000  60.9%     -    4s
     0     0   36.00000    0  175   92.00000   36.00000  60.9%     -    5s
     0     0   36.00000    0  199   92.00000   36.00000  60.9%     -    5s
     0     0   36.00000    0  129   92.00000   36.00000  60.9%     -    6s
     0     0   36.00000    0  129   92.00000   36.00000  60.9%     -    6s
     0     0   36.00000    0  113   92.00000   36.00000  60.9%     -    6s
H    0     0                      91.0000000   36.00000  60.4%     -    7s
     0     2   36.00000    0  108   91.00000   36.00000  60.4%     -    7s
    31    48   36.63062    5  198   91.00000   36.00000  60.4%   794   10s
   135   152   43.00000   10  107   91.00000   36.00000  60.4%   328   15s
H  151   168                      91.0000000   36.00000  60.4%   300   16s
H  195   203                      89.0000000   36.00000  59.6%   253   18s
H  222   281                      87.0000000   36.00000  58.6%   233   18s
H  300   344                      86.0000000   36.00000  58.1%   197   19s
H  460   470                      86.0000000   36.00000  58.1%   156   19s
   530   539   57.00000   23   82   86.00000   36.00000  58.1%   142   20s
H  555   555                      85.0000000   36.00000  57.6%   139   20s
H  710   699                      85.0000000   36.00000  57.6%   121   21s
   857   826   66.00000   37   57   85.00000   36.00000  57.6%   108   25s
  1061   997   69.00000   45   56   85.00000   36.00000  57.6%  94.1   30s
  1237  1131   79.00000   71   13   85.00000   36.00000  57.6%  86.7   35s
  1387  1219   83.00000   75   18   85.00000   36.00000  57.6%  81.3   40s
  1487  1291   83.00000   78   39   85.00000   36.00000  57.6%  78.5   45s
  1588  1361   84.00000   83   19   85.00000   36.00000  57.6%  77.8   50s
  1688  1455 infeasible   87        85.00000   36.00000  57.6%  75.2   56s
  1813  1546   37.38793    6  179   85.00000   36.00000  57.6%  72.0   60s
  1933  1608   53.00000    9  139   85.00000   36.00000  57.6%  72.4   65s
  2012  1769   54.00000   12  107   85.00000   36.00000  57.6%  71.5   70s
  2302  1866   75.00000   15   88   85.00000   36.00000  57.6%  68.7   76s
  2507  2026   61.00000   22  113   85.00000   36.00000  57.6%  66.3   84s
  2510  2028   83.00000   27  162   85.00000   36.00000  57.6%  66.2   85s
  2517  2033   50.00000   15  105   85.00000   36.00000  57.6%  66.1   90s
  2523  2037   74.00000   32  111   85.00000   36.00000  57.6%  65.9   95s
H 2527  1936                      84.0000000   36.00000  57.1%  65.8   99s
  2529  1938   61.00000   36  112   84.00000   36.00000  57.1%  65.8  100s
H 2530  1843                      84.0000000   36.00000  57.1%  87.5  101s
  2779  2023   53.00000   21  157   84.00000   36.00000  57.1%   105  105s
  2994  2164   60.00000   30  108   84.00000   36.00000  57.1%   105  110s
  3204  2303   69.00000   35   53   84.00000   36.00000  57.1%   104  115s
  3369  2417   69.00000   40   76   84.00000   36.00000  57.1%   102  120s
  3578  2538   79.00000   43   43   84.00000   36.00000  57.1%  99.2  125s
  3790  2647   81.00000   51   63   84.00000   36.00000  57.1%  96.2  130s
  3879  2681   81.00000   53   36   84.00000   36.00000  57.1%  96.2  135s
  3955  2718   81.00000   55   27   84.00000   36.00000  57.1%  95.8  140s
  4067  2756   81.00000   57   28   84.00000   36.00000  57.1%  95.7  145s
  4299  2867   81.00000   59   23   84.00000   36.00000  57.1%  95.4  151s
* 4355  2611              98      83.0000000   36.00000  56.6%  94.9  151s
H 4507  2591                      83.0000000   36.00000  56.6%  94.2  153s
  4563  2630 infeasible   64        83.00000   36.00000  56.6%  94.6  155s
  4770  2710   57.00000   24  119   83.00000   36.00000  56.6%  94.2  160s
  5406  2923   82.00000   84    5   83.00000   36.00000  56.6%  92.8  166s
  5581  2991   63.00000   30   56   83.00000   36.00263  56.6%  93.4  170s
  5768  3200   63.00000   32   53   83.00000   36.52157  56.0%  93.6  177s
  5946  3193   72.00000   32   51   83.00000   36.74904  55.7%  93.3  180s
  6120  3333   63.00000   33   50   83.00000   36.74904  55.7%  92.1  186s
  6348  3464   63.00000   34   68   83.00000   42.00000  49.4%  91.5  193s
  6571  3425   82.00000   58   50   83.00000   42.00000  49.4%  90.9  196s
  6834  3503   55.00000   36  115   83.00000   42.00000  49.4%  90.2  201s
  7208  3673   79.00000   63   22   83.00000   42.00000  49.4%  89.4  207s
  7692  4023   48.00000   29  174   83.00000   42.00000  49.4%  88.8  212s
  7889  4444   48.00000   30  147   83.00000   42.00000  49.4%  88.5  215s
  8542  4907   59.00000   32  114   83.00000   42.00000  49.4%  87.8  221s
  9125  4937   59.00000   34  129   83.00000   42.00000  49.4%  87.9  227s
  9142  5116   59.00000   35  135   83.00000   42.00000  49.4%  87.9  231s
  9410  5132   81.00000   83   25   83.00000   42.00000  49.4%  87.1  235s
  9444  5258     cutoff   85        83.00000   42.00000  49.4%  87.0  242s
  9608  5402     cutoff   84        83.00000   42.00000  49.4%  87.0  247s
  9785  5648   57.00000   25  120   83.00000   42.00000  49.4%  87.0  251s
 10130  5723   78.00000   60   23   83.00000   42.00000  49.4%  87.0  255s
 10791  6198   82.00000   63   37   83.00000   42.00000  49.4%  86.5  263s
 10884  6604   82.00000   64   34   83.00000   42.00000  49.4%  86.3  267s
 11426  6772   80.00000   55   27   83.00000   42.00000  49.4%  85.9  271s
 11687  7496   61.00000   30   89   83.00000   42.00000  49.4%  85.8  276s
 12653  7815   57.00000   31   92   83.00000   42.00000  49.4%  84.9  280s
 14460  8926   82.00000   75   12   83.00000   43.00000  48.2%  83.9  289s
 14673  9391   82.00000   76   31   83.00000   43.00000  48.2%  83.6  293s
 15344  9676     cutoff   77        83.00000   43.00000  48.2%  83.1  298s
 15831 10612   82.00000   77   19   83.00000   43.00000  48.2%  82.4  303s
*16758  9182              92      82.0000000   43.00000  47.6%  82.2  303s
 17271  9723     cutoff   78        82.00000   44.00000  46.3%  82.0  308s
H17275  8709                      81.0000000   44.00000  45.7%  82.0  308s
 18387  8906   46.00000   28  139   81.00000   46.00000  43.2%  81.2  313s
H18389  8906                      81.0000000   46.00000  43.2%  81.2  313s
 18865  8977   57.00000   29  121   81.00000   46.00000  43.2%  81.5  317s
 18951  9609   57.00000   30  151   81.00000   46.00000  43.2%  81.4  323s
 19943  9953   69.00000   41   72   81.00000   46.00000  43.2%  81.6  329s
 20436 10802   74.00000   36   78   81.00000   46.00000  43.2%  81.5  337s
*20966  9628              75      80.0000000   46.00000  42.5%  81.0  337s
 21703 11315   75.00000   62   28   80.00000   46.00000  42.5%  80.8  342s
H22346 11315                      80.0000000   46.00000  42.5%  80.4  342s
 24352 11327   79.00000   59   38   80.00000   48.00000  40.0%  79.7  345s
 24386 11477 infeasible   58        80.00000   48.00000  40.0%  79.7  351s
*24446  9755              91      79.0000000   48.00000  39.2%  79.7  351s
H24591  9715                      79.0000000   48.00000  39.2%  79.6  354s
 24677  9723   53.00000   40   81   79.00000   48.00000  39.2%  79.7  357s
 24693  9936   53.00000   41   80   79.00000   48.00000  39.2%  79.7  362s
 24988  9978   53.00000   42   77   79.00000   48.00000  39.2%  79.7  365s
 25284 10166   78.00000   44   56   79.00000   48.00000  39.2%  79.7  372s
 25370 10391   78.00000   45   53   79.00000   48.00000  39.2%  79.6  376s
 25734 10408   78.00000   46  108   79.00000   48.00000  39.2%  79.7  383s
 25755 10555   78.00000   46   53   79.00000   48.00000  39.2%  79.7  387s
 25955 10616   78.00000   47   76   79.00000   48.00000  39.2%  79.6  392s
 26050 11389   78.00000   48   74   79.00000   48.00000  39.2%  79.6  398s
 27163 11454   78.00000   49   70   79.00000   48.00000  39.2%  79.3  403s
 27266 12023   78.00000   49   60   79.00000   48.00000  39.2%  79.3  409s
 28109 12564   78.00000   73   89   79.00000   48.00000  39.2%  78.9  415s
 29058 12731   78.00000   47   35   79.00000   48.00000  39.2%  78.7  422s
 29392 13497   78.00000   48   35   79.00000   48.00000  39.2%  78.7  428s
*29820 10750              75      78.0000000   48.00000  38.5%  78.5  428s
 30636 12037     cutoff   76        78.00000   48.00000  38.5%  78.3  434s
 33621 12296   59.00000   36   77   78.00000   48.00000  38.5%  79.0  440s
H33989 12296                      78.0000000   48.00000  38.5%  79.0  440s
 34045 12679   59.00000   37   72   78.00000   48.00000  38.5%  78.9  446s
 34715 13963   59.00000   38   76   78.00000   48.00000  38.5%  79.1  452s
 36701 13978   77.00000   46   60   78.00000   48.00000  38.5%  78.7  459s
 36718 14140   77.00000   47   49   78.00000   48.00000  38.5%  78.8  465s
 37005 14613   77.00000   48   46   78.00000   48.00000  38.5%  78.8  473s
 37768 15082   77.00000   49   36   78.00000   48.00000  38.5%  78.6  480s
 38521 16119   77.00000   50   59   78.00000   48.00000  38.5%  78.9  488s
 40079 16736   77.00000   54   53   78.00000   48.00000  38.5%  79.2  496s
 41044 19444     cutoff   46        78.00000   48.00000  38.5%  79.6  511s
 45361 19608 infeasible   70        78.00000   48.00000  38.5%  80.6  517s
 45630 20040   59.00000   26   84   78.00000   48.00000  38.5%  80.6  524s
 46369 21787 infeasible   64        78.00000   48.00000  38.5%  80.7  531s
 49340 21797   77.00000   64   18   78.00000   48.00000  38.5%  81.8  537s
 49362 21801 infeasible   65        78.00000   48.00000  38.5%  81.8  542s
 49413 21809   62.00000   43   76   78.00000   48.00000  38.5%  81.8  548s
 49437 21822   62.00000   44   84   78.00000   48.00000  38.5%  81.8  553s
 49464 21843   72.00000   45   64   78.00000   48.00000  38.5%  81.8  559s
 49490 21873   72.00000   46   60   78.00000   48.00000  38.5%  81.8  565s
 49522 21892   74.00000   47   58   78.00000   48.00000  38.5%  81.8  574s
 49548 21904   74.00000   48   32   78.00000   48.00000  38.5%  81.8  580s
 49589 21919   74.00000   49   31   78.00000   48.00000  38.5%  81.8  587s
 49606 21952   74.00000   50   58   78.00000   48.00000  38.5%  81.8  598s
 49656 21979   74.00000   53   41   78.00000   48.00000  38.5%  81.9  606s
 49698 22029   74.00000   57   35   78.00000   48.00000  38.5%  81.9  615s
 49797 22044   74.00000   59   33   78.00000   48.00000  38.5%  81.9  622s
 49817 22062   74.00000   60   31   78.00000   48.00000  38.5%  81.9  631s
 49851 22249   74.00000   61   59   78.00000   48.00000  38.5%  81.9  639s
 50159 22273   72.00000   41  107   78.00000   48.00000  38.5%  82.0  646s
 50201 22293   72.00000   42  104   78.00000   48.00000  38.5%  82.0  655s
 50237 22447   72.00000   46   75   78.00000   48.00000  38.5%  82.0  664s
 50517 22457   68.00000   43   85   78.00000   48.00000  38.5%  82.0  672s
 50541 22573   68.00000   44   82   78.00000   48.00000  38.5%  82.0  680s
 50748 22584   50.00000   30  108   78.00000   48.00000  38.5%  82.1  689s
 50777 22658   63.00000   30   85   78.00000   48.00000  38.5%  82.1  697s
 50873 22678   63.00000   33   79   78.00000   48.00000  38.5%  82.1  706s
 50910 22872   63.00000   34   84   78.00000   48.00000  38.5%  82.1  714s
 51228 23182   63.00000   37   83   78.00000   48.00000  38.5%  82.1  724s
 51749 24994   63.00000   38   74   78.00000   48.00000  38.5%  82.1  734s
 54656 26184 infeasible   60        78.00000   48.00000  38.5%  82.5  743s
 56874 26200   64.00000   32  144   78.00000   48.00000  38.5%  82.8  751s
 56890 26355   64.00000   33  123   78.00000   48.00000  38.5%  82.8  759s
 57123 26457   64.00000   34  128   78.00000   48.00000  38.5%  82.8  768s
 57306 26670   66.00000   35  111   78.00000   48.00000  38.5%  82.8  777s
 57691 27086   66.00000   36  111   78.00000   48.00000  38.5%  83.0  787s
 58413 27127   68.00000   38   63   78.00000   48.00000  38.5%  83.1  798s
 58489 27611   74.00000   43   82   78.00000   48.00000  38.5%  83.1  810s
 59230 28608   77.00000   51   52   78.00000   48.00000  38.5%  83.1  821s
 60820 30808   63.00000   38   85   78.00000   48.00000  38.5%  83.6  833s
 64242 33030   55.00000   32  139   78.00000   48.00000  38.5%  84.1  852s
 67584 33360   76.00000   42   71   78.00000   48.00000  38.5%  84.1  861s
 68093 34847   76.00000   43   68   78.00000   48.00000  38.5%  84.0  873s
 70623 36154   75.00000   56   34   78.00000   48.00000  38.5%  83.6  881s
 72735 36166     cutoff   60        78.00000   48.00000  38.5%  83.8  889s
 72754 36452   75.00000   61   48   78.00000   48.00000  38.5%  83.8  896s
 73297 36469   75.00000   62   93   78.00000   48.00000  38.5%  83.8  904s
 73316 36485   75.00000   63   81   78.00000   48.00000  38.5%  83.8  913s
 73342 36509   75.00000   64   80   78.00000   48.00000  38.5%  83.8  923s
 73375 36693   75.00000   65   74   78.00000   48.00000  38.5%  83.8  932s
 73704 36708 infeasible   66        78.00000   48.00000  38.5%  83.9  942s
 73739 37405   75.00000   65   68   78.00000   48.00000  38.5%  83.9  957s
 74832 38245   72.00000   46   71   78.00000   48.00000  38.5%  84.0  968s
 76261 38331   72.00000   47   71   78.00000   48.00000  38.5%  84.1  979s
 76426 39227   77.00000   52   36   78.00000   48.00000  38.5%  84.1  989s
 77999 40591   77.00000   61   32   78.00000   48.00000  38.5%  84.3 1000s
 80158 42174   72.00000   48   76   78.00000   48.00000  38.5%  84.5 1010s
 83007 43485     cutoff   60        78.00000   48.00000  38.5%  84.7 1019s
 85233 47169   72.00000   46   87   78.00000   48.00000  38.5%  85.2 1037s
 91302 47402 infeasible   69        78.00000   48.00000  38.5%  85.8 1042s
 91694 47417   76.00000   54   24   78.00000   48.00000  38.5%  85.9 1047s
 91726 47922     cutoff   56        78.00000   48.00000  38.5%  85.9 1052s
 92609 48343   75.00000   51   32   78.00000   48.00000  38.5%  86.1 1057s
 93261 49774   64.00000   37   93   78.00000   48.00000  38.5%  86.1 1063s
 95477 49787   72.00000   56   79   78.00000   48.00000  38.5%  86.3 1069s
 95496 49915   72.00000   57   66   78.00000   48.00000  38.5%  86.3 1075s
 95709 49926   76.00000   57   70   78.00000   48.00000  38.5%  86.3 1080s
 95730 50097   72.00000   55   68   78.00000   48.00000  38.5%  86.3 1086s
 95978 50305   76.00000   58   67   78.00000   48.00000  38.5%  86.3 1094s
 96292 50338 infeasible   58        78.00000   48.00000  38.5%  86.3 1101s
 96368 50353   72.00000   58   91   78.00000   48.00000  38.5%  86.4 1111s
 96390 50364   76.00000   58   69   78.00000   48.00000  38.5%  86.4 1118s
 96417 50395   76.00000   57   63   78.00000   48.00000  38.5%  86.4 1128s
 96495 50423   48.00000   39  139   78.00000   48.00000  38.5%  86.4 1136s
 96527 50751   63.00000   44  132   78.00000   48.00000  38.5%  86.4 1143s
 97008 51613     cutoff   55        78.00000   48.00000  38.5%  86.4 1154s
 98386 52027   74.00000   57  109   78.00000   48.00000  38.5%  86.4 1164s
 99192 52043   74.00000   58  109   78.00000   48.00000  38.5%  86.3 1172s
 99208 52139   77.00000   59   54   78.00000   48.00000  38.5%  86.3 1180s
 99331 52680   77.00000   62  107   78.00000   48.00000  38.5%  86.3 1189s
 100246 54516   72.00000   48   44   78.00000   48.00000  38.5%  86.4 1198s
 103310 55335   55.00000   38   89   78.00000   48.00000  38.5%  86.7 1206s
 104839 56863   55.00000   39   80   78.00000   48.00000  38.5%  86.8 1214s
 107341 59646   77.00000   55   56   78.00000   48.00000  38.5%  86.9 1230s
 111901 59718 infeasible   67        78.00000   48.00000  38.5%  87.3 1236s
 112052 59738 infeasible   62        78.00000   48.00000  38.5%  87.3 1243s
 112085 60597   58.00000   39   74   78.00000   48.00000  38.5%  87.3 1249s
 113381 61464   75.00000   58   24   78.00000   48.00000  38.5%  87.3 1257s
 114842 61716   75.00000   47  105   78.00000   48.00000  38.5%  87.4 1263s
 115312 62473   77.00000   47   44   78.00000   48.00000  38.5%  87.4 1271s
 116593 62486     cutoff   46        78.00000   48.00000  38.5%  87.4 1278s
 116612 62723   67.00000   47  105   78.00000   48.00000  38.5%  87.4 1285s
 116887 62723   67.00000   48  104   78.00000   48.00000  38.5%  87.4 1295s
 116919 62739   67.00000   47  116   78.00000   48.00000  38.5%  87.4 1302s
 116936 62821   67.00000   49   83   78.00000   48.00000  38.5%  87.4 1313s
 117063 62884   75.00000   50   84   78.00000   48.00000  38.5%  87.4 1323s
 117194 63040   67.00000   49  100   78.00000   48.00000  38.5%  87.4 1333s
 117453 63098   75.00000   51   86   78.00000   48.00000  38.5%  87.4 1343s
 117532 64210   67.00000   50   97   78.00000   48.00000  38.5%  87.4 1352s
 119505 64938   75.00000   67   74   78.00000   48.00000  38.5%  87.4 1362s
 120685 65537   73.00000   56   63   78.00000   48.00000  38.5%  87.5 1372s
 121636 66055   73.00000   57   62   78.00000   48.00000  38.5%  87.5 1382s
 122530 68367   73.00000   58   62   78.00000   48.00000  38.5%  87.6 1393s
 126223 68779 infeasible   66        78.00000   48.00000  38.5%  87.8 1402s
 126938 70535   69.00000   52   54   78.00000   48.00000  38.5%  87.8 1411s
 129802 70639   68.00000   43   92   78.00000   48.00000  38.5%  87.9 1426s
 130011 80174   68.00000   45   97   78.00000   48.00000  38.5%  87.9 1472s
 146011 80180   74.00000   61   35   78.00000   48.00000  38.5%  88.3 1477s
 146037 80357     cutoff   62        78.00000   48.00000  38.5%  88.3 1481s
 146351 80360   74.00000   63   18   78.00000   48.00000  38.5%  88.3 1486s
 146380 80386 infeasible   64        78.00000   48.00000  38.5%  88.3 1492s
 146418 80483 infeasible   60        78.00000   48.00000  38.5%  88.3 1502s
 146541 80536   74.00000   61   33   78.00000   48.00000  38.5%  88.3 1508s
 146642 80593   74.00000   62   32   78.00000   48.00000  38.5%  88.3 1516s
 146746 80687   74.00000   63   51   78.00000   48.00000  38.5%  88.3 1522s
 146908 80900   74.00000   64   40   78.00000   48.00000  38.5%  88.3 1528s
 147330 80943   77.00000   65   37   78.00000   48.00000  38.5%  88.3 1535s
 147422 80956   77.00000   66   29   78.00000   48.00000  38.5%  88.3 1543s
 147443 81237   77.00000   67   37   78.00000   48.00000  38.5%  88.2 1550s
 147930 81456   77.00000   68   35   78.00000   48.00000  38.5%  88.2 1559s
 148276 81650     cutoff   69        78.00000   48.00000  38.5%  88.3 1567s
 148626 82744   77.00000   67   17   78.00000   48.00000  38.5%  88.3 1576s
 150454 83936 infeasible   68        78.00000   48.00000  38.5%  88.2 1591s
 152465 86828   74.00000   64   56   78.00000   48.00000  38.5%  88.2 1606s
 157141 87296   77.00000   50   60   78.00000   49.00000  37.2%  88.0 1612s
 157957 89010     cutoff   51        78.00000   49.00000  37.2%  88.0 1619s
 159574 89010   67.00000   41   93   78.00000   49.00000  37.2%  88.0 1620s
 160654 90014   77.00000   68   28   78.00000   49.00000  37.2%  87.9 1625s
 162335 90754   62.00000   38   92   78.00000   49.00000  37.2%  87.8 1631s
 163589 90850   62.00000   39   87   78.00000   49.00000  37.2%  87.8 1638s
 163740 91221   62.00000   40   88   78.00000   49.00000  37.2%  87.8 1644s
 164380 91824   76.00000   46   53   78.00000   49.00000  37.2%  87.7 1651s
 165349 93614   76.00000   47   55   78.00000   49.00000  37.2%  87.7 1658s
 168488 94122   66.00000   31   92   78.00000   49.00000  37.2%  87.7 1665s
 169298 94970   75.00000   35  101   78.00000   49.00000  37.2%  87.7 1671s
 170681 96562   75.00000   57   69   78.00000   49.00000  37.2%  87.6 1678s
 173399 99872   77.00000   64   60   78.00000   49.00000  37.2%  87.7 1692s
 178811 100219   67.00000   53   51   78.00000   49.00000  37.2%  87.7 1697s
 179431 100233   67.00000   54   45   78.00000   49.00000  37.2%  87.7 1702s
 179449 100656 infeasible   55        78.00000   49.00000  37.2%  87.7 1706s
 180161 101694   75.00000   61   89   78.00000   49.00000  37.2%  87.7 1712s
*181060 78909              97      77.0000000   49.00000  36.4%  87.7 1712s
 181962 78674 infeasible   63        77.00000   49.00000  36.4%  87.7 1717s
H181981 78667                      77.0000000   49.00000  36.4%  87.7 1717s
 181995 78756 infeasible   63        77.00000   49.00000  36.4%  87.7 1722s
 182175 78926   63.00000   39   68   77.00000   49.00000  36.4%  87.7 1727s
 182424 78977   76.00000   71   33   77.00000   49.00000  36.4%  87.7 1735s
 182510 79113 infeasible   55        77.00000   49.00000  36.4%  87.8 1743s
 182737 79242   59.00000   28   99   77.00000   49.00000  36.4%  87.8 1751s
 182939 79322     cutoff   56        77.00000   49.00000  36.4%  87.8 1758s
 183111 79416   60.00000   41   63   77.00000   49.00000  36.4%  87.8 1768s
 183270 79664   72.00000   51   53   77.00000   50.00000  35.1%  87.8 1777s
 183692 80138 infeasible   59        77.00000   50.00000  35.1%  87.8 1786s
 184498 81089   72.00000   28   59   77.00000   50.00000  35.1%  87.8 1796s
 185990 81408   67.00000   41   66   77.00000   50.00000  35.1%  87.8 1804s
 186487 82565   66.00000   41   71   77.00000   50.00000  35.1%  87.8 1813s
 188386 83851   74.00000   59   41   77.00000   50.00000  35.1%  87.8 1822s
 190718 84518   67.00000   41  102   77.00000   50.00000  35.1%  87.9 1831s
 191886 85921   74.00000   65   37   77.00000   50.00000  35.1%  88.0 1839s
 194311 88237   62.00000   36   75   77.00000   50.00000  35.1%  88.0 1853s
 198120 88841   74.00000   52   65   77.00000   50.00000  35.1%  88.2 1859s
 199189 88860   74.00000   53   40   77.00000   50.00000  35.1%  88.2 1866s
 199226 88951 infeasible   54        77.00000   50.00000  35.1%  88.2 1873s
 199390 89198 infeasible   55        77.00000   50.00000  35.1%  88.2 1880s
 199776 89315   58.00000   41   86   77.00000   50.00000  35.1%  88.2 1888s
 200037 89905   62.00000   41   86   77.00000   50.00000  35.1%  88.2 1897s
 201282 91751   62.00000   39   77   77.00000   50.00000  35.1%  88.1 1906s
 204688 92059   62.00000   40   78   77.00000   50.00000  35.1%  88.2 1914s
 205269 92992   62.00000   41   79   77.00000   50.00000  35.1%  88.2 1921s
 206884 93980   74.00000   53   38   77.00000   50.00000  35.1%  88.2 1929s
 208564 95597 infeasible   64        77.00000   50.00000  35.1%  88.2 1937s
 211464 95680   66.00000   42  155   77.00000   50.00000  35.1%  88.4 1944s
 211595 95686   75.00000   48   85   77.00000   50.00000  35.1%  88.4 1950s
 211621 95696   75.00000   49   69   77.00000   50.00000  35.1%  88.4 1956s
 211643 95706 infeasible   50        77.00000   50.00000  35.1%  88.4 1962s
 211665 95718     cutoff   51        77.00000   50.00000  35.1%  88.4 1972s
 211685 95725   75.00000   52   45   77.00000   50.00000  35.1%  88.4 1981s
 211709 95735     cutoff   53        77.00000   50.00000  35.1%  88.4 1989s
 211730 95764 infeasible   54        77.00000   50.00000  35.1%  88.4 1997s
 211794 95863 infeasible   55        77.00000   50.00000  35.1%  88.4 2005s
 211939 96052   58.00000   43  106   77.00000   50.00000  35.1%  88.4 2014s
 212234 96240   74.00000   62   35   77.00000   50.00000  35.1%  88.4 2022s
 212518 96864   75.00000   58   29   77.00000   50.00000  35.1%  88.4 2032s
 213709 97530   74.00000   49   58   77.00000   50.00000  35.1%  88.4 2043s
 214886 99294   72.00000   52   57   77.00000   50.00000  35.1%  88.4 2058s
 217973 100699   67.00000   45   65   77.00000   50.00000  35.1%  88.5 2067s
 220483 100710   75.00000   55   37   77.00000   50.00000  35.1%  88.5 2073s
 220508 101072 infeasible   56        77.00000   50.00000  35.1%  88.5 2079s
 221136 102116   61.00000   40  133   77.00000   50.00000  35.1%  88.5 2086s
 222918 102589   62.00000   39   80   77.00000   50.00000  35.1%  88.7 2093s
 223767 103520   76.00000   56   33   77.00000   50.00000  35.1%  88.7 2101s
 225454 104934   76.00000   56   64   77.00000   50.00000  35.1%  88.8 2109s
 227689 105874   75.00000   42   69   77.00000   50.00000  35.1%  89.0 2116s
 229243 107218   74.00000   45   76   77.00000   50.00000  35.1%  89.0 2123s
 231555 107234   50.00000   30  106   77.00000   50.00000  35.1%  89.1 2130s
 231571 107294   50.00000   31  142   77.00000   50.00000  35.1%  89.1 2136s
 231683 107456   72.00000   47   45   77.00000   50.00000  35.1%  89.1 2142s
 231951 108750   75.00000   69   83   77.00000   50.00000  35.1%  89.1 2149s
 234062 109514   72.00000   48   59   77.00000   50.00000  35.1%  89.1 2156s
 235294 111003   76.00000   57   39   77.00000   50.00000  35.1%  89.2 2170s
 237969 111016   64.00000   38  122   77.00000   50.00000  35.1%  89.3 2177s
 237988 111027   64.00000   39  120   77.00000   50.00000  35.1%  89.3 2186s
 238008 111023   73.00000   40   88   77.00000   50.00000  35.1%  89.3 2196s
 238043 111039   73.00000   41  100   77.00000   50.00000  35.1%  89.3 2207s
 238063 111058   73.00000   42   93   77.00000   50.00000  35.1%  89.3 2219s
 238096 111073   73.00000   43   75   77.00000   50.00000  35.1%  89.3 2230s
 238147 111099   76.00000   44   85   77.00000   50.00000  35.1%  89.3 2241s
 238185 111726   76.00000   45   84   77.00000   50.00000  35.1%  89.3 2252s
 239113 113375   76.00000   60   47   77.00000   50.00000  35.1%  89.3 2265s
 242048 114427   75.00000   55   37   77.00000   50.00000  35.1%  89.4 2275s
 243924 116205   75.00000   66   34   77.00000   50.00000  35.1%  89.5 2285s
 246951 116640   76.00000   55   17   77.00000   50.00000  35.1%  89.7 2293s
 247678 116869 infeasible   54        77.00000   50.00000  35.1%  89.7 2301s
 248088 116966   55.00000   31   99   77.00000   50.00000  35.1%  89.7 2310s
 248223 118470   55.00000   32   97   77.00000   50.00000  35.1%  89.7 2319s
 251133 119412 infeasible   51        77.00000   50.00000  35.1%  89.8 2328s
 252720 120062     cutoff   60        77.00000   50.00000  35.1%  89.9 2335s
 253914 121423   68.00000   43   77   77.00000   50.00000  35.1%  90.0 2344s
 256173 123172 infeasible   70        77.00000   50.00000  35.1%  90.1 2358s
 258924 123186   74.00000   43   56   77.00000   50.00000  35.1%  90.2 2366s
 258941 123189   74.00000   44   51   77.00000   50.00000  35.1%  90.2 2373s
 258972 123200   75.00000   45   53   77.00000   50.00000  35.1%  90.2 2382s
 258995 123213   75.00000   46   48   77.00000   50.00000  35.1%  90.2 2390s
 259014 123231     cutoff   47        77.00000   50.00000  35.1%  90.2 2401s
 259034 123250   75.00000   47   22   77.00000   50.00000  35.1%  90.2 2410s
 259056 123270   74.00000   46   33   77.00000   50.00000  35.1%  90.2 2423s
 259096 123365   74.00000   47   36   77.00000   50.00000  35.1%  90.2 2433s
 259236 123531     cutoff   46        77.00000   50.00000  35.1%  90.2 2444s
 259541 125412   74.00000   49   40   77.00000   50.00000  35.1%  90.2 2458s
 262813 126425   76.00000   74   38   77.00000   50.00000  35.1%  90.3 2467s
 264482 127707 infeasible   61        77.00000   50.00000  35.1%  90.3 2477s
 266517 127716   73.00000   32   77   77.00000   50.00000  35.1%  90.4 2486s
 266540 128359   76.00000   33   75   77.00000   50.00000  35.1%  90.4 2494s
 267657 128743 infeasible   52        77.00000   50.00000  35.1%  90.5 2504s
 268360 130015   76.00000   66   31   77.00000   50.00000  35.1%  90.5 2514s
 270562 131116     cutoff   47        77.00000   50.00000  35.1%  90.6 2524s
 272622 132862   76.00000   52   62   77.00000   50.00000  35.1%  90.6 2533s
 275911 133612 infeasible   66        77.00000   50.00000  35.1%  90.8 2540s
 277441 134318 infeasible   76        77.00000   50.00000  35.1%  90.8 2553s
 278657 134324   71.00000   47   75   77.00000   50.00000  35.1%  90.8 2568s
 278683 134692   71.00000   48   62   77.00000   50.00000  35.1%  90.9 2588s
 279334 137528   71.00000   47   66   77.00000   50.00000  35.1%  90.9 2614s
 284249 139507 infeasible   61        77.00000   50.00000  35.1%  91.0 2625s
 287528 139848   74.00000   56   42   77.00000   50.00000  35.1%  90.9 2635s
 288286 141535   74.00000   57   36   77.00000   50.00000  35.1%  90.9 2644s
 291116 143283   73.00000   49   50   77.00000   50.00000  35.1%  91.0 2653s
 293944 145268 infeasible   50        77.00000   50.00000  35.1%  91.0 2661s
 297328 145282   76.00000   48   35   77.00000   50.00000  35.1%  90.9 2668s
 297358 145535   76.00000   49   36   77.00000   50.00000  35.1%  90.9 2674s
 297778 145777   76.00000   61   16   77.00000   50.00000  35.1%  90.9 2680s
 298213 145783   74.00000   54   36   77.00000   50.00000  35.1%  90.9 2691s
 298239 155249   74.00000   55   40   77.00000   50.00000  35.1%  90.9 2788s
 314239 156218     cutoff   54        77.00000   50.00000  35.1%  90.7 2796s
 315792 156232   72.00000   34   60   77.00000   50.00000  35.1%  90.7 2805s
 315810 156632   72.00000   35   40   77.00000   50.00000  35.1%  90.7 2813s
 316441 157210   50.00000   31   90   77.00000   50.00000  35.1%  90.7 2822s
 317434 159441   74.00000   53   82   77.00000   50.00000  35.1%  90.7 2831s
 321081 159593   50.00000   36   77   77.00000   50.00000  35.1%  90.7 2844s
 321339 169065   74.00000   45   81   77.00000   50.00000  35.1%  90.7 2875s
 337358 169293   73.00000   68   82   77.00000   50.00000  35.1%  90.5 2883s
 337727 169304   73.00000   69   58   77.00000   50.00000  35.1%  90.5 2887s
 337748 169364   76.00000   70   41   77.00000   50.00000  35.1%  90.5 2890s
 337837 169475   76.00000   71   36   77.00000   50.00000  35.1%  90.5 2895s
 338018 169501     cutoff   70        77.00000   50.00000  35.1%  90.5 2905s
 338058 169518   76.00000   74   16   77.00000   50.00000  35.1%  90.5 2914s
 338084 169649   76.00000   74   16   77.00000   50.00000  35.1%  90.5 2918s
 338343 169666   76.00000   63   23   77.00000   50.00000  35.1%  90.5 2925s
 338386 169901   76.00000   71   36   77.00000   50.00000  35.1%  90.5 2931s
 338817 169914     cutoff   78        77.00000   50.00000  35.1%  90.5 2936s
 338844 169931   63.00000   41   57   77.00000   50.00000  35.1%  90.5 2942s
 338877 169987   63.00000   42   57   77.00000   50.00000  35.1%  90.5 2950s
 338960 170378   74.00000   43   34   77.00000   50.00000  35.1%  90.5 2960s
 339635 170392   74.00000   44   68   77.00000   50.00000  35.1%  90.5 2965s
 339655 170422   74.00000   45   61   77.00000   50.00000  35.1%  90.5 2971s
 339687 170438   74.00000   49   38   77.00000   50.00000  35.1%  90.5 2979s
 339710 170846   74.00000   53   52   77.00000   50.00000  35.1%  90.5 2988s
 340359 171121   76.00000   59   43   77.00000   50.00000  35.1%  90.5 2995s
 340922 171272 infeasible   66        77.00000   50.00000  35.1%  90.5 3001s
 341175 171559 infeasible   82        77.00000   50.00000  35.1%  90.5 3013s
 341689 173795   76.00000   70   35   77.00000   50.00000  35.1%  90.5 3026s
 345600 174357   72.00000   50   83   77.00000   50.00000  35.1%  90.5 3032s
 346549 174406   74.00000   59   63   77.00000   50.00000  35.1%  90.5 3039s
 346608 175033 infeasible   66        77.00000   50.00000  35.1%  90.5 3048s
 347681 175452 infeasible   61        77.00000   50.00000  35.1%  90.5 3057s
 348406 177033   72.00000   23  116   77.00000   50.00000  35.1%  90.5 3065s
 350912 178142   65.00000   47   85   77.00000   50.00000  35.1%  90.6 3071s
 352696 178156   76.00000   51   66   77.00000   50.00000  35.1%  90.6 3078s
 352730 178170 infeasible   52        77.00000   50.00000  35.1%  90.6 3085s
 352778 179237   56.00000   43   77   77.00000   50.00000  35.1%  90.6 3092s
 354445 179674   71.00000   37   72   77.00000   50.00000  35.1%  90.7 3098s
 355277 180600   71.00000   38   56   77.00000   50.00000  35.1%  90.7 3105s
 356816 181692 infeasible   61        77.00000   50.00000  35.1%  90.7 3112s
 358539 183031   72.00000   46   42   77.00000   50.00000  35.1%  90.8 3120s
 360871 183655   76.00000   39  136   77.00000   50.00000  35.1%  90.9 3126s
 361816 184330   75.00000   49   45   77.00000   50.00000  35.1%  90.9 3133s
 363015 185211   70.00000   49   55   77.00000   50.00000  35.1%  90.9 3146s
 364399 187362 infeasible   48        77.00000   50.00000  35.1%  90.9 3161s
 367942 188793 infeasible   72        77.00000   50.00000  35.1%  91.1 3169s
 370390 189025   72.00000   46   60   77.00000   50.00000  35.1%  91.2 3176s
 370817 189035   72.00000   47   59   77.00000   50.00000  35.1%  91.2 3183s
 370839 189044   72.00000   48   63   77.00000   50.00000  35.1%  91.2 3192s
 370862 189050   72.00000   49   51   77.00000   50.00000  35.1%  91.2 3201s
 370887 189136   72.00000   50   45   77.00000   50.00000  35.1%  91.2 3212s
 371020 189206   72.00000   51   51   77.00000   50.00000  35.1%  91.2 3225s
 371113 189381   72.00000   52   51   77.00000   50.00000  35.1%  91.2 3235s
 371402 189500   72.00000   53   50   77.00000   50.00000  35.1%  91.2 3244s
 371589 189535   55.00000   39   88   77.00000   50.00000  35.1%  91.2 3254s
 371666 190537   57.00000   42   78   77.00000   50.00000  35.1%  91.2 3267s
 373452 191969   59.00000   37  123   77.00000   50.00000  35.1%  91.2 3277s
 375916 192753   72.00000   29   72   77.00000   50.00000  35.1%  91.3 3287s
 377223 194088   51.00000   38  138   77.00000   50.00000  35.1%  91.3 3298s
 379392 195293 infeasible   71        77.00000   50.00000  35.1%  91.5 3311s
 381422 195748   76.00000   61   47   77.00000   50.00000  35.1%  91.5 3320s
 382291 197578   74.00000   33  102   77.00000   50.00000  35.1%  91.6 3329s
 385387 199754   75.00000   63   78   77.00000   50.00000  35.1%  91.7 3341s
 388974 199752   76.00000   70   45   77.00000   50.00000  35.1%  91.8 3347s
 389028 199772   76.00000   71   46   77.00000   50.00000  35.1%  91.8 3353s
 389058 200916     cutoff   72        77.00000   50.00000  35.1%  91.8 3359s
 389358 200916   66.00000   35  109   77.00000   50.00000  35.1%  91.8 3360s
 391126 201079   68.00000   44   58   77.00000   50.00000  35.1%  91.8 3365s
 391398 201090   68.00000   45   75   77.00000   50.00000  35.1%  91.8 3371s
 391418 201266   68.00000   46   86   77.00000   50.00000  35.1%  91.8 3377s
 391690 201268   74.00000   47   49   77.00000   50.00000  35.1%  91.8 3384s
 391720 201279   74.00000   49   65   77.00000   50.00000  35.1%  91.8 3391s
 391741 201292   74.00000   50   94   77.00000   50.00000  35.1%  91.8 3400s
 391760 201303   74.00000   48   59   77.00000   50.00000  35.1%  91.8 3409s
 391780 201314   74.00000   49   78   77.00000   50.00000  35.1%  91.8 3419s
 391800 201449   74.00000   51   92   77.00000   50.00000  35.1%  91.8 3428s
 392013 201556   74.00000   52   78   77.00000   50.00000  35.1%  91.8 3439s
 392147 201613   74.00000   52   69   77.00000   50.00000  35.1%  91.8 3452s
 392228 202207   74.00000   51   97   77.00000   50.00000  35.1%  91.8 3463s
 393203 202931   74.00000   52   60   77.00000   50.00000  35.1%  91.8 3474s
 394382 203930   74.00000   53   71   77.00000   50.00000  35.1%  91.8 3485s
 396177 204644 infeasible   57        77.00000   50.00000  35.1%  91.8 3495s
 397435 204743   74.00000   66   48   77.00000   50.00000  35.1%  91.8 3504s
 397588 206248   74.00000   67   46   77.00000   50.00000  35.1%  91.8 3515s
 400172 208184   76.00000   58   63   77.00000   50.00000  35.1%  91.8 3525s
 403492 208376 infeasible   71        77.00000   50.00000  35.1%  91.9 3533s
 403875 208620   76.00000   45   41   77.00000   50.00000  35.1%  91.9 3541s
 404266 209888   75.00000   47   29   77.00000   50.00000  35.1%  91.9 3550s
 406450 212517   74.00000   63   24   77.00000   50.00000  35.1%  91.9 3564s
 407005 212517 infeasible   55        77.00000   50.00000  35.1%  91.9 3565s
H411425 185908                      76.0000000   50.00000  34.2%  92.0 3569s
 411491 186375     cutoff   52        76.00000   50.00000  34.2%  92.0 3574s
H411709 186353                      76.0000000   50.00000  34.2%  92.0 3574s
 412365 186547   63.00000   48   75   76.00000   50.00000  34.2%  92.1 3579s
 412799 187472   63.00000   49   68   76.00000   50.00000  34.2%  92.1 3585s
 414512 187913   68.00000   42  119   76.00000   50.00000  34.2%  92.2 3590s
 415271 188247   73.00000   43  104   76.00000   50.00000  34.2%  92.3 3596s
 415807 188310 infeasible   60        76.00000   50.00000  34.2%  92.3 3600s

Cutting planes:
  Gomory: 5
  Lift-and-project: 37
  Cover: 45
  MIR: 268
  Flow cover: 764
  RLT: 166

Explored 415951 nodes (38419047 simplex iterations) in 3600.02 seconds (4117.35 work units)
Thread count was 32 (of 32 available processors)

Solution count 10: 76 76 77 ... 80

Time limit reached
Best objective 7.599999999230e+01, best bound 5.000000000000e+01, gap 34.2105%
