
Gurobi 13.0.0 (linux64) logging started Tue Dec  9 16:26:47 2025

Set parameter LogFile to value "./Results/StripPacking-SPFix/Logs/SBspbL-111-StripPacking-15-0.log"
Set parameter TimeLimit to value 3600
Set parameter Cuts to value 1
Set parameter Presolve to value 1
Set parameter Heuristics to value 1
Set parameter LogToConsole to value 0
Set parameter LPWarmStart to value 2
Warning: linear constraint 15 and linear constraint 17 have the same name "LB[0]"
Warning: linear constraint 15 and linear constraint 17 have the same name "LB[0]"
Warning: default constraint names used to write mps file
Gurobi Optimizer version 13.0.0 build v13.0.0rc1 (linux64 - "Debian GNU/Linux 13 (trixie)")

CPU model: Intel(R) Xeon(R) CPU E5-2630 v3 @ 2.40GHz, instruction set [SSE2|AVX|AVX2]
Thread count: 16 physical cores, 32 logical processors, using up to 32 threads

Non-default parameters:
TimeLimit  3600
LPWarmStart  2
Heuristics  1
Cuts  1
LogToConsole  0
Presolve  1

Optimize a model with 3095 rows, 241 columns and 9690 nonzeros (Min)
Model fingerprint: 0x7810b2d2
Model has 1 linear objective coefficients
Variable types: 31 continuous, 210 integer (210 binary)
Coefficient statistics:
  Matrix range     [1e+00, 1e+04]
  Objective range  [1e+00, 1e+00]
  Bounds range     [1e+00, 1e+04]
  RHS range        [5e-01, 1e+04]
Using branch priorities.

Warning: Completing partial solution with 210 unfixed non-continuous variables out of 210
User MIP start produced solution with objective 62.1 (0.01s)
User MIP start produced solution with objective 62.1 (0.01s)
Loaded user MIP start with objective 62.1

Presolve removed 210 rows and 0 columns
Presolve time: 0.01s
Presolved: 2885 rows, 241 columns, 9060 nonzeros
Variable types: 31 continuous, 210 integer (210 binary)

Root relaxation: objective 3.200000e+01, 207 iterations, 0.01 seconds (0.01 work units)

    Nodes    |    Current Node    |     Objective Bounds      |     Work
 Expl Unexpl |  Obj  Depth IntInf | Incumbent    BestBd   Gap | It/Node Time

     0     0   32.00000    0   16   62.10000   32.00000  48.5%     -    0s
H    0     0                      62.0000000   32.00000  48.4%     -    0s
H    0     0                      61.0000000   32.00000  47.5%     -    0s
     0     0   32.00000    0   35   61.00000   32.00000  47.5%     -    0s
H    0     0                      59.0000000   32.00000  45.8%     -    0s
     0     0   32.00000    0   44   59.00000   32.00000  45.8%     -    0s
H    0     0                      56.0000000   32.00000  42.9%     -    0s
     0     0   32.00000    0   48   56.00000   32.00000  42.9%     -    0s
     0     0   32.00000    0   19   56.00000   32.00000  42.9%     -    0s
H    0     0                      55.0000000   32.00000  41.8%     -    0s
     0     0   32.00000    0   27   55.00000   32.00000  41.8%     -    0s
     0     0   32.00000    0   33   55.00000   32.00000  41.8%     -    0s
     0     0   32.00000    0   21   55.00000   32.00000  41.8%     -    0s
H    0     0                      52.0000000   32.00000  38.5%     -    0s
     0     0   32.00000    0   28   52.00000   32.00000  38.5%     -    0s
     0     0   32.00000    0   31   52.00000   32.00000  38.5%     -    0s
     0     0   32.00000    0   16   52.00000   32.00000  38.5%     -    0s
     0     0   32.00000    0   30   52.00000   32.00000  38.5%     -    0s
     0     0   32.00000    0   27   52.00000   32.00000  38.5%     -    0s
     0     0   32.00000    0   17   52.00000   32.00000  38.5%     -    0s
     0     0   32.00000    0   17   52.00000   32.00000  38.5%     -    0s
     0     0   32.00000    0   12   52.00000   32.00000  38.5%     -    0s
     0     2   32.00000    0   12   52.00000   32.00000  38.5%     -    0s
H   53    64                      51.0000000   32.00000  37.3%  51.2    0s
H  116   122                      50.0000000   32.00000  36.0%  38.7    0s
H  284   271                      49.0000000   32.00000  34.7%  33.0    1s
H  298   297                      48.0000000   32.00000  33.3%  32.4    1s
H  505   410                      46.0000000   32.00000  30.4%  27.9    1s
H 1121   658                      46.0000000   32.00000  30.4%  27.8    2s
  2175  1048 infeasible   19        46.00000   32.00000  30.4%  26.1    5s
H 2606   885                      45.0000000   32.00000  28.9%  25.4    7s
  3465  1105   41.00000   17   44   45.00000   32.00000  28.9%  26.2   10s
H 3590  1128                      45.0000000   32.00000  28.9%  26.3   10s
  3976  1253   38.00000    7   17   45.00000   32.00000  28.9%  26.3   15s
  5370  1284     cutoff   22        45.00000   32.00000  28.9%  36.2   20s
  9840  1048 infeasible   23        45.00000   36.00000  20.0%  40.6   25s
 11697  1193   41.00000   30    9   45.00000   38.00000  15.6%  40.7   30s
 12652  1236   39.00000   25   44   45.00000   38.00000  15.6%  41.1   35s
 13298  1260 infeasible   31        45.00000   39.00000  13.3%  41.2   40s
 14022  1271   39.00000   25   13   45.00000   39.00000  13.3%  41.2   45s
 14679  1298   41.00000   22   21   45.00000   39.00000  13.3%  41.3   52s
 15269  1322   42.00000   23   26   45.00000   39.00000  13.3%  41.5   56s
 16745  1346   40.00000   27   21   45.00000   39.00000  13.3%  41.8   61s
 17072  1357 infeasible   33        45.00000   39.00000  13.3%  41.9   65s
 17442  1413 infeasible   28        45.00000   39.00000  13.3%  41.9   70s
 18162  1387     cutoff   20        45.00000   39.00000  13.3%  42.0   76s
 19006  1354   43.00000   31   15   45.00000   39.00000  13.3%  42.1   80s
 20065  1347   41.00000   21   16   45.00000   39.00000  13.3%  42.1   85s
 21353  1231   42.00000   28   27   45.00000   40.00000  11.1%  42.1   91s
 23718  1169   40.00000   23   29   45.00000   40.00000  11.1%  42.2   95s
 24485  1170   41.00000   26   18   45.00000   40.00000  11.1%  42.1  101s
 25218   972 infeasible   35        45.00000   40.00000  11.1%  42.1  106s
 27377   929   43.00000   29   26   45.00000   40.00000  11.1%  41.8  111s
 28518   771   43.00000   29   23   45.00000   40.00000  11.1%  41.7  115s
 31232   528   42.00000   29   15   45.00000   42.00000  6.67%  41.6  122s
 31594   525   43.00000   31   20   45.00000   42.00000  6.67%  41.6  128s
 31688   500   43.00000   32   10   45.00000   42.00000  6.67%  41.5  132s
 31821   504   43.00000   33   14   45.00000   42.00000  6.67%  41.5  138s
 31902   478   43.00000   34    9   45.00000   42.00000  6.67%  41.5  141s
 33690   103 infeasible   32        45.00000   42.00000  6.67%  41.4  146s
 37196     4   43.00000   25   15   45.00000   43.00000  4.44%  40.8  150s

Cutting planes:
  Learned: 2077
  Gomory: 9
  Lift-and-project: 22
  Cover: 70
  Implied bound: 3
  MIR: 94
  StrongCG: 2
  Flow cover: 267
  RLT: 57
  Relax-and-lift: 4

Explored 37329 nodes (1526999 simplex iterations) in 154.56 seconds (108.22 work units)
Thread count was 32 (of 32 available processors)

Solution count 10: 45 45 45 ... 52

Optimal solution found (tolerance 1.00e-04)
Best objective 4.500000000000e+01, best bound 4.500000000000e+01, gap 0.0000%
