
Gurobi 13.0.0 (linux64) logging started Thu Dec 11 18:48:46 2025

Set parameter LogFile to value "./Results/StripPacking-SPFix/Logs/SBspbM-111-StripPacking-35-0.log"
Set parameter TimeLimit to value 3600
Set parameter Cuts to value 1
Set parameter Presolve to value 1
Set parameter Heuristics to value 1
Set parameter LogToConsole to value 0
Set parameter LPWarmStart to value 2
Warning: linear constraint 35 and linear constraint 37 have the same name "LB[0]"
Warning: linear constraint 35 and linear constraint 37 have the same name "LB[0]"
Warning: default constraint names used to write mps file
Gurobi Optimizer version 13.0.0 build v13.0.0rc1 (linux64 - "Debian GNU/Linux 13 (trixie)")

CPU model: Intel(R) Xeon(R) CPU E5-2630 v3 @ 2.40GHz, instruction set [SSE2|AVX|AVX2]
Thread count: 16 physical cores, 32 logical processors, using up to 32 threads

Non-default parameters:
TimeLimit  3600
LPWarmStart  2
Heuristics  1
Cuts  1
LogToConsole  0
Presolve  1

Optimize a model with 36925 rows, 1856 columns and 110740 nonzeros (Min)
Model fingerprint: 0x112cde3e
Model has 1 linear objective coefficients
Variable types: 666 continuous, 1190 integer (1190 binary)
Coefficient statistics:
  Matrix range     [1e+00, 1e+04]
  Objective range  [1e+00, 1e+00]
  Bounds range     [1e+00, 1e+04]
  RHS range        [1e+00, 1e+04]
Using branch priorities.

Warning: Completing partial solution with 1190 unfixed non-continuous variables out of 1190
User MIP start produced solution with objective 143.9 (0.11s)
User MIP start produced solution with objective 143.9 (0.11s)
Loaded user MIP start with objective 143.9

Presolve removed 2975 rows and 0 columns
Presolve time: 0.17s
Presolved: 33950 rows, 1856 columns, 103005 nonzeros
Variable types: 666 continuous, 1190 integer (1190 binary)
Root relaxation presolved: 20860 rows, 14946 columns, 76825 nonzeros


Root relaxation: objective 4.800000e+01, 1413 iterations, 0.25 seconds (0.23 work units)

    Nodes    |    Current Node    |     Objective Bounds      |     Work
 Expl Unexpl |  Obj  Depth IntInf | Incumbent    BestBd   Gap | It/Node Time

     0     0   48.00000    0  147  143.90000   48.00000  66.6%     -    0s
H    0     0                     142.8000000   48.00000  66.4%     -    1s
H    0     0                     137.0000000   48.00000  65.0%     -    1s
     0     0   48.00000    0  265  137.00000   48.00000  65.0%     -    1s
H    0     0                     129.0000000   48.00000  62.8%     -    1s
H    0     0                     122.0000000   48.00000  60.7%     -    2s
     0     0   48.00000    0  242  122.00000   48.00000  60.7%     -    2s
H    0     0                     116.0000000   48.00000  58.6%     -    3s
H    0     0                     115.0000000   48.00000  58.3%     -    3s
H    0     0                     113.0000000   48.00000  57.5%     -    3s
     0     0   48.00000    0  261  113.00000   48.00000  57.5%     -    3s
     0     0   48.00000    0  160  113.00000   48.00000  57.5%     -    4s
H    0     0                     112.0000000   48.00000  57.1%     -    5s
H    0     0                     110.0000000   48.00000  56.4%     -    5s
H    0     0                     109.0000000   48.00000  56.0%     -    5s
H    0     0                     108.0000000   48.00000  55.6%     -    5s
H    0     0                     106.0000000   48.00000  54.7%     -    5s
     0     0   48.00000    0  132  106.00000   48.00000  54.7%     -    5s
     0     0   48.00000    0  302  106.00000   48.00000  54.7%     -    5s
     0     0   48.00000    0  179  106.00000   48.00000  54.7%     -    6s
H    0     0                     105.0000000   48.00000  54.3%     -    7s
H    0     0                     104.0000000   48.00000  53.8%     -    7s
H    0     0                     103.0000000   48.00000  53.4%     -    7s
     0     0   48.00000    0  157  103.00000   48.00000  53.4%     -    7s
     0     0   48.00000    0  287  103.00000   48.00000  53.4%     -    7s
     0     0   48.00000    0  176  103.00000   48.00000  53.4%     -    9s
H    0     0                     103.0000000   48.00000  53.4%     -    9s
     0     0   48.00000    0  211  103.00000   48.00000  53.4%     -   10s
     0     0   48.00000    0  225  103.00000   48.00000  53.4%     -   10s
     0     0   48.00000    0  139  103.00000   48.00000  53.4%     -   14s
H    0     0                     102.0000000   48.00000  52.9%     -   17s
     0     0   48.00000    0  181  102.00000   48.00000  52.9%     -   17s
     0     0   48.00000    0  291  102.00000   48.00000  52.9%     -   17s
     0     0   48.00000    0  160  102.00000   48.00000  52.9%     -   19s
H    0     0                      99.0000000   48.00000  51.5%     -   19s
     0     0   48.00000    0  160   99.00000   48.00000  51.5%     -   19s
     0     0   48.00000    0  160   99.00000   48.00000  51.5%     -   20s
     0     2   48.00000    0  160   99.00000   48.00000  51.5%     -   21s
    47    64   48.00000    6  204   99.00000   48.00000  51.5%   568   25s
H   86    96                      99.0000000   48.00000  51.5%   393   29s
H   88    96                      98.0000000   48.00000  51.0%   388   29s
    95   153   48.00000    8  192   98.00000   48.00000  51.0%   384   31s
   168   185   48.00000   11  200   98.00000   48.00000  51.0%   305   36s
H  175   185                      98.0000000   48.00000  51.0%   299   36s
   184   201   48.00000   11  195   98.00000   48.00000  51.0%   294   40s
   216   233   48.00000   12  179   98.00000   48.00000  51.0%   276   52s
   232   308   48.00000   13  199   98.00000   48.00000  51.0%   273   59s
   307   675   48.00000   14  194   98.00000   48.00000  51.0%   253   69s
   676  2074   48.00000   38  315   98.00000   48.00000  51.0%   239   82s
  2143  2088   74.00000  107  108   98.00000   48.00000  51.0%   158   89s
  2161  2103   89.00000  108   89   98.00000   48.00000  51.0%   158   94s
  2177  2119   86.00000  108   67   98.00000   48.00000  51.0%   158  103s
  2193  2134   86.00000  109   69   98.00000   48.00000  51.0%   157  112s
  2210  2170 infeasible  110        98.00000   48.00000  51.0%   157  120s
  2256  2186   89.00000  118   54   98.00000   48.00000  51.0%   155  128s
  2272  2385   89.00000  119   41   98.00000   48.00000  51.0%   155  135s
  2501  2399     cutoff  120        98.00000   48.00000  51.0%   147  143s
  2519  2415   92.00000  121   41   98.00000   48.00000  51.0%   146  151s
  2535  2434   97.00000  122   33   98.00000   48.00000  51.0%   146  159s
  2562  2449 infeasible  125        98.00000   48.00000  51.0%   145  169s
H 2569  2415                      97.0000000   48.00000  50.5%   145  169s
  2579  2423     cutoff  126        97.00000   48.00000  50.5%   145  177s
  2601  2436   48.00000    9  172   97.00000   48.00000  50.5%   145  186s
H 2609  2436                      97.0000000   48.00000  50.5%   144  186s
  2617  2452   48.00000   10  179   97.00000   48.00000  50.5%   144  195s
  2633  2562   48.00000   11  181   97.00000   48.00000  50.5%   144  205s
  2771  2690   48.00000   12  172   97.00000   48.00000  50.5%   140  217s
  2914  2868   48.00000   13  194   97.00000   48.00000  50.5%   136  231s
  3126  3029   54.00000   27  139   97.00000   48.00000  50.5%   131  244s
  3319  3044   54.00000   28  151   97.00000   48.00000  50.5%   129  259s
  3337  3045   64.00000   70  160   97.00000   48.00000  50.5%   128  287s
  3341  3048   65.00000   89  209   97.00000   48.00000  50.5%   128  290s
  3345  3050   62.00000   12  176   97.00000   48.00000  50.5%   128  296s
  3347  3052   48.00000   28  188   97.00000   48.00000  50.5%   128  300s
  3350  3054   49.00000   18  170   97.00000   48.00000  50.5%   128  306s
  3352  3055   48.00000   15  153   97.00000   48.00000  50.5%   128  312s
  3353  3056   48.00000   21  179   97.00000   48.00000  50.5%   128  315s
  3356  3058   57.00000   53  144   97.00000   48.00000  50.5%   128  321s
  3358  3059   77.00000   97  156   97.00000   48.00000  50.5%   127  325s
  3360  3060   96.00000  123  140   97.00000   48.00000  50.5%   127  330s
  3391  3098   48.00000   18  338   97.00000   48.00000  50.5%   154  336s
  3438  3140   48.00000   20  239   97.00000   48.00000  50.5%   168  342s
  3465  3160   48.00000   20  331   97.00000   48.00000  50.5%   169  346s
  3494  3201   48.00000   21  340   97.00000   48.00000  50.5%   173  351s
  3544  3203   49.00000   23  271   97.00000   48.00000  50.5%   178  356s
  3563  3224   49.00000   23  303   97.00000   48.00000  50.5%   179  364s
  3590  3239   49.00000   24  300   97.00000   48.00000  50.5%   180  375s
  3614  3247   49.00000   24  259   97.00000   48.00000  50.5%   183  386s
  3630  3266   49.00000   25  289   97.00000   48.00000  50.5%   184  401s
  3655  3309   49.00000   25  300   97.00000   48.00000  50.5%   186  420s
  3706  3335   49.00000   27  296   97.00000   48.00000  50.5%   187  447s
  3749  3407   49.00000   28  310   97.00000   48.00000  50.5%   188  478s
  3835  3473   59.00000   28  274   97.00000   48.00000  50.5%   191  517s
  3930  3481   49.00000   33  269   97.00000   48.00000  50.5%   193  573s
  3970  3575   49.00000   33  271   97.00000   48.00000  50.5%   195  641s
  4077  3637   49.00000   35  266   97.00000   48.00000  50.5%   198  722s
  4175  4717   49.00000   36  273   97.00000   48.00000  50.5%   199  830s
  5292  5439   68.00000   67  177   97.00000   48.00000  50.5%   195  901s
  6527  6683   96.00000  123   46   97.00000   48.00000  50.5%   181  939s
* 7814  6055             140      96.0000000   48.00000  50.0%   179  939s
H 8527  6738                      96.0000000   48.00000  50.0%   179  972s
  9904  6295   94.00000  132   30   96.00000   48.00000  50.0%   175 1001s
  9920  6553   94.00000  132   27   96.00000   48.00000  50.0%   174 1031s
 10238  6857   66.00000   43  198   96.00000   48.00000  50.0%   174 1063s
 10664  6926   70.00000   80  215   96.00000   48.00000  50.0%   176 1099s
H10665  6579                      95.0000000   48.00000  49.5%   176 1099s
 10910  9239   70.00000   81  211   95.00000   48.00000  49.5%   175 1138s
H11313  9133                      95.0000000   48.00000  49.5%   175 1138s
*13935  8949             146      94.0000000   48.00000  48.9%   169 1138s
 14359 11221   68.00000   55   93   94.00000   48.00000  48.9%   169 1164s
H14763 11221                      94.0000000   48.00000  48.9%   169 1164s
 17412 11230   92.00000   68   80   94.00000   48.00000  48.9%   167 1183s
 17428 11410   92.00000   69   65   94.00000   48.00000  48.9%   167 1202s
 17649 11425   92.00000   97   56   94.00000   48.00000  48.9%   167 1223s
 17666 11569   92.00000   98   54   94.00000   48.00000  48.9%   167 1243s
 17848 11710   48.00000   35  353   94.00000   48.00000  48.9%   167 1262s
 18020 12336   62.00000   64  202   94.00000   48.00000  48.9%   168 1286s
 18833 12534   92.00000   91  117   94.00000   48.00000  48.9%   167 1306s
 19141 12547 infeasible   92        94.00000   48.00000  48.9%   166 1325s
 19160 12727   92.00000   93   48   94.00000   48.00000  48.9%   166 1347s
 19346 12739 infeasible   93        94.00000   48.00000  48.9%   166 1376s
 19366 13319   93.00000   94  100   94.00000   48.00000  48.9%   166 1401s
 20151 13483   92.00000   95   67   94.00000   48.00000  48.9%   166 1425s
 20395 14400   92.00000   95   47   94.00000   48.00000  48.9%   166 1450s
 21500 15511   92.00000  111   72   94.00000   48.00000  48.9%   166 1502s
 23057 15525   58.00000   67  185   94.00000   48.00000  48.9%   167 1532s
 23074 16264   58.00000   68  216   94.00000   48.00000  48.9%   167 1561s
 24116 16782   58.00000   69  199   94.00000   48.00000  48.9%   167 1587s
 24753 17578   93.00000  120   50   94.00000   48.00000  48.9%   167 1615s
 25763 17594   67.00000   45  269   94.00000   48.00000  48.9%   169 1643s
 25779 17958   67.00000   46  221   94.00000   48.00000  48.9%   169 1673s
 26195 18032   67.00000   46  187   94.00000   48.00000  48.9%   169 1704s
 26287 18300   67.00000   47  183   94.00000   48.00000  48.9%   169 1741s
 26616 18557   87.00000   70   58   94.00000   48.00000  48.9%   168 1778s
 26985 18962   87.00000   70   64   94.00000   48.00000  48.9%   168 1817s
 27444 20587   87.00000   81   58   94.00000   48.00000  48.9%   168 1861s
 29626 20600 infeasible  117        94.00000   48.00000  48.9%   167 1898s
 29663 20616   92.00000  119   58   94.00000   48.00000  48.9%   167 1933s
 29679 20757   92.00000  120   51   94.00000   48.00000  48.9%   167 1969s
 29846 20795   93.00000  121   35   94.00000   48.00000  48.9%   167 2008s
 29900 21102   93.00000  122   35   94.00000   48.00000  48.9%   167 2053s
H30109 19303                      93.0000000   48.00000  48.4%   167 2053s
 30301 19336   48.00000   49  290   93.00000   48.00000  48.4%   167 2096s
H30308 19336                      93.0000000   48.00000  48.4%   167 2096s
 30434 19408   53.00000   50  419   93.00000   48.00000  48.4%   167 2139s
 30510 19922   48.00000   49  454   93.00000   48.00000  48.4%   167 2182s
 31163 19981   62.00000   57  238   93.00000   48.00000  48.4%   167 2227s
 31240 20071   72.00000   58  246   93.00000   48.00000  48.4%   167 2276s
 31353 20276   83.00000   66  234   93.00000   48.00000  48.4%   167 2325s
 31612 20482   83.00000   71  228   93.00000   48.00000  48.4%   167 2377s
 31878 21011   83.00000   80  176   93.00000   48.00000  48.4%   167 2430s
 32547 21257   92.00000  107   65   93.00000   48.00000  48.4%   167 2487s
 32829 21271   92.00000  109   53   93.00000   48.00000  48.4%   167 2543s
 32847 21761 infeasible  112        93.00000   48.00000  48.4%   166 2602s
 33569 23869 infeasible  113        93.00000   48.00000  48.4%   166 2673s
 36357 26196   73.00000   48  207   93.00000   48.00000  48.4%   166 2735s
*38987 24459             131      92.0000000   48.00000  47.8%   166 2735s
 39609 26723     cutoff   92        92.00000   48.00000  47.8%   166 2790s
H39812 26723                      92.0000000   48.00000  47.8%   167 2790s
 43146 30582   90.00000   97  182   92.00000   48.00000  47.8%   168 2891s
 48463 30594   58.00000   35  247   92.00000   48.00000  47.8%   168 2919s
 48471 30594   89.00000  101  172   92.00000   48.00000  47.8%   168 2920s
 48483 30609   58.00000   36  228   92.00000   48.00000  47.8%   168 2948s
 48500 30625   58.00000   37  241   92.00000   48.00000  47.8%   168 2983s
 48516 31084   58.00000   38  214   92.00000   48.00000  47.8%   168 3017s
 49042 32231   58.00000   39  228   92.00000   48.00000  47.8%   168 3054s
 50693 33377   58.00000   40  229   92.00000   48.00000  47.8%   169 3094s
 52341 34459   66.00000   57  281   92.00000   48.00000  47.8%   169 3133s
 53825 34498   57.00000   41  249   92.00000   48.00000  47.8%   169 3172s
 53872 34879   67.00000   45  254   92.00000   48.00000  47.8%   170 3208s
 54336 34910   84.00000   78  264   92.00000   48.00000  47.8%   169 3247s
 54385 35073   84.00000   79  260   92.00000   48.00000  47.8%   169 3287s
 54591 35088   90.00000  103  116   92.00000   48.00000  47.8%   169 3334s
 54608 35437   90.00000  104  127   92.00000   48.00000  47.8%   169 3378s
 55054 35447   90.00000  105  181   92.00000   48.00000  47.8%   169 3429s
 55076 35700   90.00000  106   83   92.00000   48.00000  47.8%   169 3482s
 55469 36664   90.00000  107   79   92.00000   48.00000  47.8%   169 3529s
 56876 38000   90.00000  108   85   92.00000   48.00000  47.8%   169 3580s
 58533 38796   90.00000  109   81   92.00000   48.00000  47.8%   170 3600s

Cutting planes:
  Gomory: 5
  Lift-and-project: 27
  Cover: 6
  MIR: 142
  Flow cover: 760
  RLT: 127

Explored 59647 nodes (10198944 simplex iterations) in 3600.04 seconds (4198.56 work units)
Thread count was 32 (of 32 available processors)

Solution count 10: 92 92 93 ... 96

Time limit reached
Best objective 9.199999999070e+01, best bound 4.800000000000e+01, gap 47.8261%
