
Gurobi 13.0.0 (linux64) logging started Thu Dec 11 16:48:42 2025

Set parameter LogFile to value "./Results/StripPacking-SPFix/Logs/SBspbM-111-StripPacking-25-0.log"
Set parameter TimeLimit to value 3600
Set parameter Cuts to value 1
Set parameter Presolve to value 1
Set parameter Heuristics to value 1
Set parameter LogToConsole to value 0
Set parameter LPWarmStart to value 2
Warning: linear constraint 25 and linear constraint 27 have the same name "LB[0]"
Warning: linear constraint 25 and linear constraint 27 have the same name "LB[0]"
Warning: default constraint names used to write mps file
Gurobi Optimizer version 13.0.0 build v13.0.0rc1 (linux64 - "Debian GNU/Linux 13 (trixie)")

CPU model: Intel(R) Xeon(R) CPU E5-2630 v3 @ 2.40GHz, instruction set [SSE2|AVX|AVX2]
Thread count: 16 physical cores, 32 logical processors, using up to 32 threads

Non-default parameters:
TimeLimit  3600
LPWarmStart  2
Heuristics  1
Cuts  1
LogToConsole  0
Presolve  1

Optimize a model with 14625 rows, 951 columns and 43850 nonzeros (Min)
Model fingerprint: 0xba194c9f
Model has 1 linear objective coefficients
Variable types: 351 continuous, 600 integer (600 binary)
Coefficient statistics:
  Matrix range     [1e+00, 1e+04]
  Objective range  [1e+00, 1e+00]
  Bounds range     [1e+00, 1e+04]
  RHS range        [1e+00, 1e+04]
Using branch priorities.

Warning: Completing partial solution with 600 unfixed non-continuous variables out of 600
User MIP start produced solution with objective 106.2 (0.05s)
User MIP start produced solution with objective 106.2 (0.05s)
Loaded user MIP start with objective 106.2

Presolve removed 1500 rows and 0 columns
Presolve time: 0.06s
Presolved: 13125 rows, 951 columns, 39950 nonzeros
Variable types: 351 continuous, 600 integer (600 binary)

Root relaxation: objective 3.400000e+01, 696 iterations, 0.06 seconds (0.06 work units)

    Nodes    |    Current Node    |     Objective Bounds      |     Work
 Expl Unexpl |  Obj  Depth IntInf | Incumbent    BestBd   Gap | It/Node Time

     0     0   34.00000    0  139  106.20000   34.00000  68.0%     -    0s
H    0     0                     106.0000000   34.00000  67.9%     -    0s
H    0     0                     104.0000000   34.00000  67.3%     -    0s
H    0     0                     101.0000000   34.00000  66.3%     -    0s
H    0     0                      94.0000000   34.00000  63.8%     -    0s
     0     0   34.00000    0  188   94.00000   34.00000  63.8%     -    0s
H    0     0                      93.0000000   34.00000  63.4%     -    1s
H    0     0                      90.0000000   34.00000  62.2%     -    1s
     0     0   34.00000    0  186   90.00000   34.00000  62.2%     -    1s
     0     0   34.00000    0  105   90.00000   34.00000  62.2%     -    1s
H    0     0                      89.0000000   34.00000  61.8%     -    1s
H    0     0                      87.0000000   34.00000  60.9%     -    1s
     0     0   34.00000    0  104   87.00000   34.00000  60.9%     -    1s
     0     0   34.00000    0  164   87.00000   34.00000  60.9%     -    2s
     0     0   34.00000    0  108   87.00000   34.00000  60.9%     -    2s
H    0     0                      84.0000000   34.00000  59.5%     -    2s
H    0     0                      83.0000000   34.00000  59.0%     -    2s
     0     0   34.00000    0   88   83.00000   34.00000  59.0%     -    2s
H    0     0                      81.0000000   34.00000  58.0%     -    2s
     0     0   34.00000    0  133   81.00000   34.00000  58.0%     -    2s
     0     0   34.00000    0  133   81.00000   34.00000  58.0%     -    2s
     0     0   34.00000    0  134   81.00000   34.00000  58.0%     -    2s
     0     0   34.00000    0  156   81.00000   34.00000  58.0%     -    3s
     0     0   34.00000    0   90   81.00000   34.00000  58.0%     -    3s
     0     0   34.00000    0   88   81.00000   34.00000  58.0%     -    3s
     0     0   34.00000    0  147   81.00000   34.00000  58.0%     -    3s
     0     0   34.00000    0  145   81.00000   34.00000  58.0%     -    3s
     0     0   34.00000    0  141   81.00000   34.00000  58.0%     -    3s
     0     0   34.00000    0  171   81.00000   34.00000  58.0%     -    4s
     0     0   34.00000    0  123   81.00000   34.00000  58.0%     -    4s
     0     0   34.00000    0  118   81.00000   34.00000  58.0%     -    4s
     0     0   34.00000    0  174   81.00000   34.00000  58.0%     -    4s
     0     0   34.00000    0   99   81.00000   34.00000  58.0%     -    5s
     0     0   34.00000    0   99   81.00000   34.00000  58.0%     -    5s
     0     0   34.00000    0   99   81.00000   34.00000  58.0%     -    5s
H    0     0                      80.0000000   34.00000  57.5%     -    6s
     0     2   34.00000    0   99   80.00000   34.00000  57.5%     -    7s
    47    64   34.00000    6  168   80.00000   34.00000  57.5%   540   10s
H   68    80                      80.0000000   34.00000  57.5%   457   11s
H   92    96                      79.0000000   34.00000  57.0%   397   12s
H  101   175                      76.0000000   34.00000  55.3%   385   13s
   174   191   36.00000   13  117   76.00000   34.00000  55.3%   312   15s
   238   255   36.00000   16  124   76.00000   34.00000  55.3%   282   21s
H  243   255                      75.0000000   34.00000  54.7%   280   21s
H  244   255                      74.0000000   34.00000  54.1%   279   21s
H  694   749                      74.0000000   34.00000  54.1%   175   24s
   768   765   55.00000   35   65   74.00000   34.00000  54.1%   164   25s
H  796   778                      73.0000000   34.00000  53.4%   160   26s
  1237  1163   34.00000   13  137   73.00000   34.00000  53.4%   119   31s
H 1238  1163                      73.0000000   34.00000  53.4%   119   31s
  1323  1230   42.00000   17  121   73.00000   34.00000  53.4%   113   35s
H 1347  1222                      72.0000000   34.00000  52.8%   111   37s
  1607  1400   56.00000   31   90   72.00000   34.00000  52.8%   102   40s
  1693  1472   68.00000   36   66   72.00000   34.00000  52.8%   103   45s
H 1725  1486                      72.0000000   34.00000  52.8%   103   47s
  1744  1517   68.00000   39   63   72.00000   34.00000  52.8%   103   50s
  1760  1530   68.00000   40   47   72.00000   34.00000  52.8%   103   55s
  1832  1589   68.00000   44   48   72.00000   34.00000  52.8%   101   61s
  1865  1616   68.00000   46   44   72.00000   34.00000  52.8%   100   65s
  1922  1661   68.00000   49   51   72.00000   34.00000  52.8%   100   72s
  1998  1684   43.00000   13  140   72.00000   34.00000  52.8%   100   76s
  2035  1712   34.00000   14  144   72.00000   34.00000  52.8%   100   80s
H 2066  1679                      71.0000000   34.00000  52.1%   100   84s
  2068  1828   34.00000   16  140   71.00000   34.00000  52.1%   100   86s
H 2305  1843                      71.0000000   34.00000  52.1%  96.8   88s
  2324  1872   43.00000   20  113   71.00000   34.00000  52.1%  96.9   92s
  2359  1901   43.00000   22  108   71.00000   34.00000  52.1%  96.6   98s
  2377  1916   43.00000   23  129   71.00000   34.00000  52.1%  96.5  100s
  2430  1952   54.00000   40   99   71.00000   34.00000  52.1%  96.0  112s
  2437  1957   60.00000   24   80   71.00000   34.00000  52.1%  95.7  115s
  2446  1963   62.00000   45  152   71.00000   34.00000  52.1%  95.3  120s
  2460  1981   34.00000   14  149   71.00000   34.00000  52.1%   112  125s
  2743  2181   36.00000   22  130   71.00000   34.00000  52.1%   132  130s
  2852  2250   36.00000   28  123   71.00000   34.00000  52.1%   134  136s
  2912  2290   36.00000   31  149   71.00000   34.00000  52.1%   135  140s
  3012  2373   36.40125   33  142   71.00000   34.00000  52.1%   135  146s
  3103  2495   48.00000   35  143   71.00000   34.00000  52.1%   135  152s
  3196  2495   54.00000   36  118   71.00000   34.00000  52.1%   135  155s
  3399  2636   39.00000   37  132   71.00000   34.00000  52.1%   133  160s
  3532  2744   55.00000   42  102   71.00000   34.00000  52.1%   133  166s
  3695  2735   55.00000   43   78   71.00000   34.00000  52.1%   132  170s
  3766  2768   60.00000   44   72   71.00000   34.00000  52.1%   132  175s
  3847  2822   56.00000   45   95   71.00000   34.00000  52.1%   133  181s
  3881  2851   63.00000   45   72   71.00000   34.00000  52.1%   133  186s
  3948  2873   68.00000   46   68   71.00000   34.00000  52.1%   133  191s
  4014  2940   63.00000   46   64   71.00000   34.00000  52.1%   133  195s
  4267  3011     cutoff   68        71.00000   34.00000  52.1%   133  202s
  4382  3034 infeasible   68        71.00000   34.00000  52.1%   133  206s
  4465  3088   34.00000   26  203   71.00000   34.00000  52.1%   134  210s
  4556  3134   34.00000   27  223   71.00000   34.00000  52.1%   135  215s
  4646  3134   36.00000   30  172   71.00000   34.00000  52.1%   136  220s
  4791  3330   36.00000   32  168   71.00000   34.00000  52.1%   137  228s
  4998  3541   54.00000   47  122   71.00000   34.00000  52.1%   136  233s
  5392  3421 infeasible   79        71.00000   34.00000  52.1%   139  237s
  5412  3587   65.00000   75   35   71.00000   34.00000  52.1%   139  242s
  5677  3513   52.00000   29  106   71.00000   34.00000  52.1%   139  248s
  5694  3658   52.00000   30  103   71.00000   34.00000  52.1%   139  253s
  5859  3694   52.00000   31   92   71.00000   34.00000  52.1%   138  257s
  5993  3662   52.00000   32   82   71.00000   34.00000  52.1%   137  263s
  6012  3821   52.00000   33   93   71.00000   34.00000  52.1%   138  267s
  6275  3866   52.00000   34   87   71.00000   34.00000  52.1%   139  272s
  6453  4211   52.00000   35   87   71.00000   34.00000  52.1%   139  277s
  7015  4082   60.00000   54   75   71.00000   34.00000  52.1%   138  283s
  7085  4602   60.00000   55   77   71.00000   34.00000  52.1%   138  288s
  7893  4439 infeasible   57        71.00000   34.00000  52.1%   138  292s
  8051  4823 infeasible   57        71.00000   34.00000  52.1%   138  297s
  8639  4738   50.00000   31  116   71.00000   34.00000  52.1%   139  303s
  8655  4984   50.00000   32  115   71.00000   34.00000  52.1%   139  307s
  9005  4999   43.00000   26  130   71.00000   34.00000  52.1%   137  312s
  9022  5108   43.00000   27  127   71.00000   34.00000  52.1%   137  318s
  9197  5230   43.00000   28  120   71.00000   34.00000  52.1%   137  322s
  9333  5406   43.00000   29  116   71.00000   34.00000  52.1%   137  329s
  9603  5455   43.00000   30  118   71.00000   34.00000  52.1%   136  337s
  9689  5999   43.00000   31  101   71.00000   34.00000  52.1%   136  346s
 10428  6057   45.00000   32   98   71.00000   34.00000  52.1%   133  351s
 10524  6656   45.00000   33   97   71.00000   34.00000  52.1%   134  356s
 11336  6689   45.00000   34   94   71.00000   34.00000  52.1%   134  362s
 11377  7223   45.00000   35   92   71.00000   34.00000  52.1%   134  368s
 12168  7267   70.00000   70   43   71.00000   34.00000  52.1%   134  373s
 12237  7278   34.00000   25  180   71.00000   34.00000  52.1%   134  380s
 12258  7410   43.00000   25  169   71.00000   34.00000  52.1%   134  388s
 12442  7426   34.00000   26  186   71.00000   34.00000  52.1%   134  395s
 12458  7870   43.00000   26  139   71.00000   34.00000  52.1%   134  402s
 13075  7962   43.00000   26  135   71.00000   34.00000  52.1%   133  408s
 13211  8531   42.00000   26  131   71.00000   34.00000  52.1%   133  415s
 14016  8637   70.00000   58   52   71.00000   34.00000  52.1%   133  422s
 14193  9207   48.00000   32  120   71.00000   34.00000  52.1%   134  429s
 15008  9373   70.00000   65   86   71.00000   34.00000  52.1%   133  436s
 15312  9402   70.00000   66   77   71.00000   34.00000  52.1%   132  443s
 15352  9461   70.00000   67   48   71.00000   34.00000  52.1%   132  451s
 15429  9625   70.00000   70   55   71.00000   34.00000  52.1%   132  459s
 15663  9638     cutoff   79        71.00000   34.00000  52.1%   132  466s
 15682  9686   34.00000   26  171   71.00000   34.00000  52.1%   132  474s
 15736  9719   34.05707   27  252   71.00000   34.00000  52.1%   132  483s
 15782  9745   34.57367   28  167   71.00000   34.00000  52.1%   132  491s
 15812  9768   34.57367   29  168   71.00000   34.00000  52.1%   132  502s
 15865  9785   34.71847   30  160   71.00000   34.00000  52.1%   132  511s
 15896  9847   34.89620   31  156   71.00000   34.00000  52.1%   132  520s
 15999 10171   50.00000   35   90   71.00000   34.00000  52.1%   132  529s
 16453 10521   68.00000   52   61   71.00000   34.00000  52.1%   132  539s
 16959 12064   69.00000   53   49   71.00000   34.00000  52.1%   133  549s
 19097 12084   66.00000   63   48   71.00000   34.00000  52.1%   131  558s
 19135 13795   66.00000   64   53   71.00000   34.00000  52.1%   131  567s
 21465 13811   68.00000   57   52   71.00000   34.00000  52.1%   130  582s
 21481 16529   68.00000   58   54   71.00000   34.00000  52.1%   130  632s
 25289 16993   67.00000   63   58   71.00000   34.00000  52.1%   130  643s
 26035 17311   42.00000   30  133   71.00000   34.00000  52.1%   130  655s
H26449 15699                      70.0000000   34.00000  51.4%   130  655s
 26529 16652   46.00000   34  125   70.00000   34.00000  51.4%   130  667s
H26976 16651                      70.0000000   34.00000  51.4%   131  667s
 27837 16989   66.00000   53   77   70.00000   34.00000  51.4%   131  679s
 28296 18818   34.00000   24  159   70.00000   34.00000  51.4%   131  693s
 31439 18829   43.00000   35  124   70.00000   34.00000  51.4%   131  703s
 31460 18896   43.00000   36  127   70.00000   34.00000  51.4%   131  716s
 31582 18986   43.00000   37  146   70.00000   34.00000  51.4%   131  728s
 31732 19686   43.00000   38  123   70.00000   34.00000  51.4%   131  741s
 32722 20770   43.00000   39  120   70.00000   34.00000  51.4%   131  754s
 34280 21786   43.00000   40  118   70.00000   34.00000  51.4%   132  768s
 35781 22531   48.00000   27  144   70.00000   34.00000  51.4%   132  781s
 37016 24281   68.00000   55   85   70.00000   34.00000  51.4%   132  794s
 39777 25618   67.00000   58   67   70.00000   34.00000  51.4%   131  807s
 41782 25668   62.00000   43   28   70.00000   34.00000  51.4%   131  819s
 41886 26808   62.00000   47   49   70.00000   34.00000  51.4%   131  845s
 43424 26817   59.00000   41   91   70.00000   34.00000  51.4%   131  871s
 43447 28868   63.00000   42  104   70.00000   34.00000  51.4%   131  899s
 46506 31308   63.00000   43  157   70.00000   34.00000  51.4%   131  919s
 49852 33670   69.00000   70   33   70.00000   34.00000  51.4%   131  933s
 53194 35443   48.00000   30  110   70.00000   34.00000  51.4%   131  945s
 55869 35674 infeasible   67        70.00000   34.00000  51.4%   132  956s
 56220 35687   69.00000   69   34   70.00000   34.00000  51.4%   132  967s
 56239 35809   69.00000   70   32   70.00000   34.00000  51.4%   132  976s
 56403 35861   69.00000   71   26   70.00000   34.00000  51.4%   132  989s
 56457 36078   69.00000   72   24   70.00000   34.00000  51.4%   132 1003s
 56750 36692 infeasible   73        70.00000   34.00000  51.4%   132 1018s
 57591 37094   56.00000   40  126   70.00000   34.00000  51.4%   132 1030s
 58185 38902   37.65699   30  173   70.00000   34.00000  51.4%   132 1044s
 60754 40495     cutoff   67        70.00000   34.00000  51.4%   132 1056s
 62951 42326     cutoff   68        70.00000   34.00000  51.4%   131 1079s
 65669 44438   66.00000   68   41   70.00000   34.00000  51.4%   131 1093s
 68612 44452   67.00000   42   92   70.00000   34.00000  51.4%   131 1102s
 68630 44464     cutoff   43        70.00000   34.00000  51.4%   131 1114s
 68650 44478   67.00000   44   81   70.00000   34.00000  51.4%   131 1125s
 68668 44647   67.00000   45   61   70.00000   34.00000  51.4%   131 1136s
 68927 45343   67.00000   46   54   70.00000   34.00000  51.4%   131 1148s
 69966 47336   67.00000   47   60   70.00000   34.00000  51.4%   131 1160s
 72882 47572   35.00000   25  113   70.00000   34.00000  51.4%   130 1170s
 73212 48509 infeasible   59        70.00000   34.00000  51.4%   130 1180s
 74609 51132   67.00000   65   53   70.00000   34.00000  51.4%   130 1191s
 78410 52440   48.00000   32  128   70.00000   34.00000  51.4%   130 1199s
 80322 54008   62.00000   36  131   70.00000   34.00000  51.4%   129 1208s
 82525 55496   56.00000   29  115   70.00000   34.00000  51.4%   129 1216s
 84673 58442   67.00000   50   38   70.00000   34.00000  51.4%   129 1235s
 89178 58450     cutoff   67        70.00000   34.00000  51.4%   129 1242s
 89202 58450 infeasible   67        70.00000   34.00000  51.4%   129 1250s
 89234 58465   34.00000   31  180   70.00000   34.00000  51.4%   129 1258s
 89251 58478   35.00000   32  183   70.00000   34.00000  51.4%   129 1269s
 89270 58502   35.00000   33  187   70.00000   34.00000  51.4%   129 1279s
 89294 58522   54.00000   34  167   70.00000   34.00000  51.4%   129 1292s
 89315 58569   66.00000   35  103   70.00000   34.00000  51.4%   129 1300s
 89384 58756   66.00000   37  101   70.00000   34.00000  51.4%   129 1309s
 89716 60347   43.00000   35  136   70.00000   34.00000  51.4%   129 1319s
 91994 60493   67.00000   48   65   70.00000   34.00000  51.4%   129 1328s
 92226 61880   67.00000   49   69   70.00000   34.00000  51.4%   129 1337s
 94350 62646   65.00000   66   55   70.00000   34.00000  51.4%   129 1346s
 95506 62816   65.00000   67   49   70.00000   34.00000  51.4%   129 1355s
 95786 64568   61.00000   51   63   70.00000   34.00000  51.4%   129 1365s
 98376 65933   68.00000   62   57   70.00000   34.00000  51.4%   129 1374s
 100439 65955   64.00000   56   70   70.00000   34.00000  51.4%   129 1383s
 100497 65988 infeasible   60        70.00000   34.00000  51.4%   129 1392s
 100558 67173   65.00000   63   71   70.00000   34.00000  51.4%   129 1401s
 102307 68719   65.00000   62   51   70.00000   34.00000  51.4%   129 1409s
 104613 68733   66.00000   48   71   70.00000   34.00000  51.4%   129 1418s
 104631 69044   66.00000   49   71   70.00000   34.00000  51.4%   129 1427s
 105111 69122   60.00000   38  141   70.00000   34.00000  51.4%   129 1445s
 105234 79911   60.00000   39  139   70.00000   34.00000  51.4%   129 1542s
 121234 80133   42.00000   27  114   70.00000   34.00000  51.4%   129 1551s
 121628 80213   62.00000   46   82   70.00000   34.00000  51.4%   129 1561s
 121763 81135   34.00000   27  162   70.00000   34.00000  51.4%   129 1570s
 123058 81149 infeasible   77        70.00000   34.00000  51.4%   129 1579s
 123076 81369 infeasible   78        70.00000   34.00000  51.4%   129 1587s
 123399 81721   34.00000   31  167   70.00000   34.00000  51.4%   129 1599s
 123941 81911   48.00000   30  133   70.00000   34.00000  51.4%   128 1610s
 124238 82275   44.00000   33  138   70.00000   34.00000  51.4%   129 1623s
 124771 83489   51.00000   40  108   70.00000   34.00000  51.4%   129 1634s
 126628 83728   69.00000   68   52   70.00000   34.00000  51.4%   128 1653s
 127105 94578   69.00000   72   44   70.00000   34.00000  51.4%   128 1703s
 143105 94585   68.00000   55   89   70.00000   34.00000  51.4%   128 1708s
 143129 94864   68.00000   56   91   70.00000   34.00000  51.4%   128 1714s
 143555 94875   64.00000   57   54   70.00000   34.00000  51.4%   128 1720s
 143576 94988   64.00000   58   46   70.00000   34.00000  51.4%   128 1725s
 143751 94998   64.00000   59   49   70.00000   34.00000  51.4%   128 1731s
 143775 95008   64.00000   60   44   70.00000   34.00000  51.4%   128 1738s
 143799 95028   64.00000   61   31   70.00000   34.00000  51.4%   128 1746s
 143821 95045   64.00000   62   40   70.00000   34.00000  51.4%   128 1754s
 143843 95068   66.00000   63   38   70.00000   34.00000  51.4%   128 1761s
 143869 95104   66.00000   64   34   70.00000   34.00000  51.4%   128 1769s
 143941 95122 infeasible   65        70.00000   34.00000  51.4%   128 1781s
 143981 95135   34.00000   34  219   70.00000   34.00000  51.4%   128 1787s
 144011 95151   34.00000   35  211   70.00000   34.00000  51.4%   128 1794s
 144040 95535   34.00000   35  215   70.00000   34.00000  51.4%   128 1803s
 144562 95592   34.07309   34  225   70.00000   34.00000  51.4%   128 1810s
 144641 95727   34.08544   35  215   70.00000   34.00000  51.4%   128 1816s
 144862 95904   51.00000   45  161   70.00000   34.00000  51.4%   129 1823s
 145117 97023   51.00000   46  149   70.00000   34.00000  51.4%   128 1830s
 146771 97240   66.00000   57   53   70.00000   34.00000  51.4%   128 1837s
 147068 99498   66.00000   63   40   70.00000   34.00000  51.4%   128 1855s
 150502 100206   67.00000   70   35   70.00000   34.00000  51.4%   128 1864s
 151738 100229   34.00000   34  147   70.00000   34.00000  51.4%   128 1873s
 151779 101167   34.73519   36  132   70.00000   34.00000  51.4%   128 1883s
 153194 103149   62.00000   35  105   70.00000   34.00000  51.4%   128 1893s
 156166 103259   62.00000   36  118   70.00000   34.00000  51.4%   128 1901s
 156324 103268   65.00000   44   68   70.00000   34.00000  51.4%   128 1909s
 156347 103467   65.00000   45   63   70.00000   34.00000  51.4%   128 1918s
 156637 103710   69.00000   53   91   70.00000   34.00000  51.4%   128 1927s
 156995 103796     cutoff   61        70.00000   34.00000  51.4%   128 1939s
 157141 103877   34.60950   27  153   70.00000   34.00000  51.4%   128 1949s
 157242 103954   48.00000   27  117   70.00000   34.00000  51.4%   128 1961s
 157333 104246   48.00000   28   99   70.00000   34.00000  51.4%   128 1971s
 157763 106146   48.00000   28  107   70.00000   34.00000  51.4%   128 1982s
 160313 106744   68.00000   63   30   70.00000   34.00000  51.4%   128 1992s
 161222 106779   67.00000   45   60   70.00000   34.00000  51.4%   128 2002s
 161283 107884   60.00000   43   89   70.00000   34.00000  51.4%   128 2012s
 162906 109805   45.00000   41   80   70.00000   34.00000  51.4%   128 2022s
 165723 111614   40.00000   34  118   70.00000   34.00000  51.4%   128 2031s
 168332 114292   48.00000   30  111   70.00000   34.00000  51.4%   128 2048s
 172158 114299   65.00000   56   92   70.00000   34.00000  51.4%   128 2056s
 172183 114380   65.00000   57   93   70.00000   34.00000  51.4%   128 2064s
 172287 114552   65.00000   58   84   70.00000   34.00000  51.4%   128 2072s
 172525 114608   65.00000   59   86   70.00000   34.00000  51.4%   128 2084s
 172629 114911   65.00000   60   90   70.00000   34.00000  51.4%   128 2096s
 173058 114950 infeasible   61        70.00000   34.00000  51.4%   128 2107s
 173103 115554   69.00000   65   41   70.00000   34.00000  51.4%   128 2118s
 173960 117418   60.00000   38   63   70.00000   34.00000  51.4%   128 2133s
 176710 118098   69.00000   80   54   70.00000   34.00000  51.4%   128 2144s
 177776 119024   63.00000   55   72   70.00000   34.00000  51.4%   128 2155s
 179115 119828   41.00000   30  148   70.00000   34.00000  51.4%   128 2167s
 180158 121917   62.00000   46   70   70.00000   34.00000  51.4%   128 2179s
 183205 123598   50.00000   38   80   70.00000   34.00000  51.4%   128 2189s
 185666 123613   64.00000   61   45   70.00000   34.00000  51.4%   128 2198s
 185683 123805 infeasible   62        70.00000   34.00000  51.4%   128 2208s
 185970 123817   45.00000   30  118   70.00000   34.00000  51.4%   128 2221s
 185990 123830   45.00000   31  118   70.00000   34.00000  51.4%   128 2234s
 186009 123845   45.00000   32  107   70.00000   34.00000  51.4%   128 2246s
 186025 123878   45.00000   32  122   70.00000   34.00000  51.4%   128 2257s
 186081 124021   45.00000   33  121   70.00000   34.00000  51.4%   128 2267s
 186279 124266   45.00000   35   96   70.00000   34.00000  51.4%   128 2278s
 186616 126241   45.00000   36   93   70.00000   34.00000  51.4%   128 2290s
 189622 128419   64.00000   45   63   70.00000   34.00000  51.4%   128 2308s
 192828 129734   61.00000   41  109   70.00000   34.00000  51.4%   128 2317s
 194748 129840   42.00000   26  116   70.00000   34.00000  51.4%   128 2326s
 194876 130648   42.00000   26  102   70.00000   34.00000  51.4%   128 2335s
 196119 130760   42.00000   27  107   70.00000   34.00000  51.4%   128 2345s
 196283 130776   42.00000   27  102   70.00000   34.00000  51.4%   128 2355s
 196299 130784   45.00000   28  105   70.00000   34.00000  51.4%   128 2364s
 196323 130800   42.00000   28  123   70.00000   34.00000  51.4%   128 2377s
 196339 130815     cutoff   29        70.00000   34.00000  51.4%   128 2391s
 196356 130841   48.00000   29  111   70.00000   34.00000  51.4%   128 2404s
 196382 130891   48.00000   30  100   70.00000   34.00000  51.4%   128 2415s
 196438 131937   48.00000   32   90   70.00000   34.00000  51.4%   128 2426s
 197969 133371   60.00000   33  118   70.00000   34.00000  51.4%   128 2438s
 200104 134200   63.00000   52  104   70.00000   34.00000  51.4%   128 2448s
 201445 136129   34.43340   28  159   70.00000   34.00000  51.4%   128 2460s
 204143 136835   51.00000   31   92   70.00000   34.00000  51.4%   128 2469s
 205250 138136   51.00000   32   90   70.00000   34.00000  51.4%   128 2479s
 207228 140196   43.00000   34  150   70.00000   34.00000  51.4%   128 2489s
 210243 140415   69.00000   71   42   70.00000   34.00000  51.4%   128 2507s
 210645 145538   69.00000   73   51   70.00000   34.00000  51.4%   128 2573s
 217933 147257   34.00000   23  171   70.00000   34.00000  51.4%   128 2590s
 220365 147315   69.00000   59   54   70.00000   34.00000  51.4%   128 2605s
 220447 149360   69.00000   61   49   70.00000   34.00000  51.4%   128 2620s
 223534 150827   42.00000   32  166   70.00000   34.00000  51.4%   128 2633s
 225525 150899   59.00000   34   67   70.00000   34.00000  51.4%   128 2646s
 225629 151023   59.00000   36   57   70.00000   34.00000  51.4%   128 2659s
 225814 151199   59.00000   37   59   70.00000   34.00000  51.4%   128 2675s
 226062 151966   59.00000   38   69   70.00000   34.00000  51.4%   128 2691s
 227287 153502   59.00000   39   67   70.00000   34.00000  51.4%   128 2706s
 229595 153677   67.00000   38   92   70.00000   34.00000  51.4%   128 2720s
 229888 155266     cutoff   39        70.00000   34.00000  51.4%   128 2735s
 232208 158168   65.00000   48   62   70.00000   34.00000  51.4%   128 2752s
 236600 158975     cutoff   67        70.00000   34.00000  51.4%   128 2759s
 237826 160353 infeasible   68        70.00000   34.00000  51.4%   128 2765s
 240121 160363   60.00000   43   83   70.00000   34.00000  51.4%   128 2772s
 240151 161033   60.00000   44   80   70.00000   34.00000  51.4%   128 2778s
 241120 161099   60.00000   45   70   70.00000   34.00000  51.4%   128 2786s
 241240 161109   60.00000   46   81   70.00000   34.00000  51.4%   128 2794s
 241262 161506   60.00000   47   81   70.00000   34.00000  51.4%   128 2801s
 241833 161522   55.00000   45  107   70.00000   34.00000  51.4%   128 2808s
 241849 161542   58.00000   46  104   70.00000   34.00000  51.4%   128 2816s
 241869 161572   66.00000   49   86   70.00000   34.00000  51.4%   128 2825s
 241899 161950   66.00000   53   84   70.00000   34.00000  51.4%   128 2836s
 242377 162029   67.00000   62   58   70.00000   34.00000  51.4%   128 2844s
 242513 162254 infeasible   63        70.00000   34.00000  51.4%   128 2852s
 242875 163615 infeasible   62        70.00000   34.00000  51.4%   128 2862s
 244795 163698   65.00000   51   66   70.00000   34.00000  51.4%   128 2871s
 244933 165247   65.00000   53   96   70.00000   34.00000  51.4%   128 2880s
 247216 167000   65.00000   45   83   70.00000   34.00000  51.4%   128 2889s
 249859 167946   34.05047   29  268   70.00000   34.00000  51.4%   128 2897s
 251313 168242   63.00000   65   52   70.00000   34.00000  51.4%   128 2905s
 251731 169898     cutoff   65        70.00000   34.00000  51.4%   128 2914s
 254134 172685   68.00000   53   83   70.00000   34.00000  51.4%   128 2931s
 258600 172700 infeasible   64        70.00000   34.00000  51.4%   128 2939s
 258617 172715   68.00000   63   31   70.00000   34.00000  51.4%   128 2945s
 258634 172729   68.00000   64   29   70.00000   34.00000  51.4%   128 2952s
 258652 172734 infeasible   65        70.00000   34.00000  51.4%   128 2960s
 258679 172748   47.00000   29  109   70.00000   34.00000  51.4%   128 2969s
 258697 172764   48.00000   30  103   70.00000   34.00000  51.4%   128 2978s
 258714 172779   59.00000   31   89   70.00000   34.00000  51.4%   128 2988s
 258733 172807   59.00000   32   84   70.00000   34.00000  51.4%   128 2997s
 258769 172830   59.00000   33   77   70.00000   34.00000  51.4%   128 3006s
 258796 173099   59.00000   34   84   70.00000   34.00000  51.4%   128 3015s
 259242 174576   59.00000   40   78   70.00000   34.00000  51.4%   128 3024s
 261592 174587   50.00000   41   98   70.00000   34.00000  51.4%   128 3032s
 261645 174609   50.00000   42  113   70.00000   34.00000  51.4%   128 3040s
 261669 175523   50.00000   44  106   70.00000   34.00000  51.4%   128 3048s
 263042 175742   54.00000   40   91   70.00000   34.00000  51.4%   128 3057s
 263365 176376   69.00000   43   44   70.00000   34.00000  51.4%   128 3065s
 264394 176859   48.00000   37   93   70.00000   34.00000  51.4%   128 3075s
 265154 178068 infeasible   59        70.00000   34.00000  51.4%   128 3085s
 266969 179914   69.00000   60   40   70.00000   34.00000  51.4%   128 3095s
 269661 180122   42.00000   34  153   70.00000   34.00000  51.4%   128 3103s
 269938 181109   42.00000   35  108   70.00000   34.00000  51.4%   128 3112s
 271477 181929   42.00000   36  134   70.00000   34.00000  51.4%   128 3122s
 272677 181973   42.00000   37  129   70.00000   34.00000  51.4%   128 3131s
 272771 183201   42.00000   39   97   70.00000   34.00000  51.4%   128 3140s
 274550 183214   42.00000   35  179   70.00000   34.00000  51.4%   128 3156s
 274569 193861   43.00000   36  163   70.00000   34.00000  51.4%   128 3252s
 290569 193903   69.00000   73   40   70.00000   34.00000  51.4%   128 3261s
 290649 194002   69.00000   74   31   70.00000   34.00000  51.4%   128 3271s
 290834 194041   60.00000   35   94   70.00000   34.00000  51.4%   128 3280s
 290909 196013   60.00000   36   92   70.00000   34.00000  51.4%   128 3291s
 293823 197474   69.00000   60   25   70.00000   34.00000  51.4%   128 3300s
 296006 197489   58.00000   51  115   70.00000   34.00000  51.4%   128 3318s
 296023 208293   58.00000   52  119   70.00000   34.00000  51.4%   128 3396s
 312023 208656   69.00000   66   23   70.00000   34.00000  51.4%   127 3405s
 312564 208689   34.00000   27  159   70.00000   34.00000  51.4%   127 3413s
 312601 210136   34.00000   28  181   70.00000   34.00000  51.4%   127 3421s
 314790 211241   60.00000   40   82   70.00000   34.00000  51.4%   127 3429s
 316264 211595   58.00000   42   92   70.00000   34.00000  51.4%   127 3436s
 316782 214210   68.00000   68   39   70.00000   34.00000  51.4%   127 3452s
 320651 214221   47.00000   38  152   70.00000   34.00000  51.4%   127 3459s
 320672 214236   47.00000   39   93   70.00000   34.00000  51.4%   127 3467s
 320695 214254   47.00000   40   71   70.00000   34.00000  51.4%   127 3475s
 320720 214325   51.00000   41   82   70.00000   34.00000  51.4%   127 3484s
 320841 214446   51.00000   42  105   70.00000   34.00000  51.4%   127 3492s
 320996 214477   51.00000   43  105   70.00000   34.00000  51.4%   127 3502s
 321031 215238   51.00000   44   90   70.00000   34.00000  51.4%   127 3514s
 322108 215255   51.00000   45   88   70.00000   34.00000  51.4%   127 3526s
 322145 215717   56.00000   47   74   70.00000   34.00000  51.4%   127 3536s
 322888 217436   48.00000   43  103   70.00000   34.00000  51.4%   127 3548s
 325450 219421   62.00000   39   91   70.00000   34.00000  51.4%   127 3557s
 328413 220977     cutoff   54        70.00000   34.00000  51.4%   127 3566s
 330782 221048   43.00000   38  153   70.00000   34.00000  51.4%   127 3574s
 330878 221187   63.00000   44   75   70.00000   34.00000  51.4%   127 3582s
 331108 222268   63.00000   45   74   70.00000   34.00000  51.4%   127 3590s
 332658 223605   68.00000   69   33   70.00000   34.00000  51.4%   127 3600s

Cutting planes:
  Gomory: 13
  Lift-and-project: 45
  Cover: 49
  MIR: 476
  Flow cover: 1575
  RLT: 163

Explored 334639 nodes (42583601 simplex iterations) in 3600.09 seconds (4254.30 work units)
Thread count was 32 (of 32 available processors)

Solution count 10: 70 70 71 ... 74

Time limit reached
Best objective 6.999999999289e+01, best bound 3.400000000000e+01, gap 51.4286%
