
Gurobi 13.0.0 (linux64) logging started Thu Dec 11 13:44:27 2025

Set parameter LogFile to value "./Results/StripPacking-SPFix/Logs/SBspbM-111-StripPacking-15-0.log"
Set parameter TimeLimit to value 3600
Set parameter Cuts to value 1
Set parameter Presolve to value 1
Set parameter Heuristics to value 1
Set parameter LogToConsole to value 0
Set parameter LPWarmStart to value 2
Warning: linear constraint 15 and linear constraint 17 have the same name "LB[0]"
Warning: linear constraint 15 and linear constraint 17 have the same name "LB[0]"
Warning: default constraint names used to write mps file
Gurobi Optimizer version 13.0.0 build v13.0.0rc1 (linux64 - "Debian GNU/Linux 13 (trixie)")

CPU model: Intel(R) Xeon(R) CPU E5-2630 v3 @ 2.40GHz, instruction set [SSE2|AVX|AVX2]
Thread count: 16 physical cores, 32 logical processors, using up to 32 threads

Non-default parameters:
TimeLimit  3600
LPWarmStart  2
Heuristics  1
Cuts  1
LogToConsole  0
Presolve  1

Optimize a model with 3725 rows, 346 columns and 11160 nonzeros (Min)
Model fingerprint: 0xb92bc42d
Model has 1 linear objective coefficients
Variable types: 136 continuous, 210 integer (210 binary)
Coefficient statistics:
  Matrix range     [1e+00, 1e+04]
  Objective range  [1e+00, 1e+00]
  Bounds range     [1e+00, 1e+04]
  RHS range        [1e+00, 1e+04]
Using branch priorities.

Warning: Completing partial solution with 210 unfixed non-continuous variables out of 210
User MIP start produced solution with objective 62.1 (0.01s)
User MIP start produced solution with objective 62.1 (0.01s)
Loaded user MIP start with objective 62.1

Presolve removed 525 rows and 0 columns
Presolve time: 0.01s
Presolved: 3200 rows, 346 columns, 9795 nonzeros
Variable types: 136 continuous, 210 integer (210 binary)

Root relaxation: objective 3.200000e+01, 226 iterations, 0.01 seconds (0.01 work units)

    Nodes    |    Current Node    |     Objective Bounds      |     Work
 Expl Unexpl |  Obj  Depth IntInf | Incumbent    BestBd   Gap | It/Node Time

     0     0   32.00000    0   27   62.10000   32.00000  48.5%     -    0s
H    0     0                      61.0000000   32.00000  47.5%     -    0s
     0     0   32.00000    0   54   61.00000   32.00000  47.5%     -    0s
H    0     0                      59.0000000   32.00000  45.8%     -    0s
     0     0   32.00000    0   53   59.00000   32.00000  45.8%     -    0s
     0     0   32.00000    0   68   59.00000   32.00000  45.8%     -    0s
     0     0   32.00000    0   27   59.00000   32.00000  45.8%     -    0s
H    0     0                      58.0000000   32.00000  44.8%     -    0s
     0     0   32.00000    0   27   58.00000   32.00000  44.8%     -    0s
H    0     0                      57.0000000   32.00000  43.9%     -    0s
     0     0   32.00000    0   40   57.00000   32.00000  43.9%     -    0s
     0     0   32.00000    0   14   57.00000   32.00000  43.9%     -    0s
     0     0   32.00000    0   18   57.00000   32.00000  43.9%     -    0s
     0     0   32.00000    0   36   57.00000   32.00000  43.9%     -    0s
     0     0   32.00000    0   18   57.00000   32.00000  43.9%     -    0s
     0     0   32.00000    0   40   57.00000   32.00000  43.9%     -    0s
     0     0   32.00000    0   46   57.00000   32.00000  43.9%     -    0s
     0     0   32.00000    0   28   57.00000   32.00000  43.9%     -    0s
H    0     0                      55.0000000   32.00000  41.8%     -    0s
     0     0   32.00000    0   38   55.00000   32.00000  41.8%     -    0s
     0     0   32.00000    0   49   55.00000   32.00000  41.8%     -    0s
     0     0   32.00000    0   21   55.00000   32.00000  41.8%     -    0s
     0     0   32.00000    0   21   55.00000   32.00000  41.8%     -    0s
     0     0   32.00000    0   20   55.00000   32.00000  41.8%     -    0s
     0     2   32.00000    0   20   55.00000   32.00000  41.8%     -    0s
H    4     8                      52.0000000   32.00000  38.5%  48.5    0s
H  123   129                      52.0000000   32.00000  38.5%  60.9    1s
H  139   144                      51.0000000   32.00000  37.3%  63.5    1s
H  154   162                      49.0000000   32.00000  34.7%  62.1    1s
H  380   331                      49.0000000   32.00000  34.7%  47.6    2s
H  481   400                      48.0000000   32.00000  33.3%  42.7    2s
H  828   597                      47.0000000   32.00000  31.9%  40.1    3s
  1287   848   45.00000   16   15   47.00000   32.00000  31.9%  38.4    5s
  2330  1251   39.00000   15   33   47.00000   32.00000  31.9%  34.7   10s
  3361  1659   34.00000   15   35   47.00000   32.00000  31.9%  34.2   15s
  3974  1922   43.00000   22   27   47.00000   32.00000  31.9%  45.9   20s
H 4618  1878                      46.0000000   32.00000  30.4%  47.2   23s
  5639  1819   40.00000   22   37   46.00000   32.00000  30.4%  50.7   25s
H 5881  1731                      46.0000000   32.00000  30.4%  51.5   26s
  6497  1735   45.00000   19   33   46.00000   32.00000  30.4%  52.0   30s
  7107  1699   45.00000   28   16   46.00000   32.00000  30.4%  52.3   35s
  7930  1742 infeasible   27        46.00000   32.00000  30.4%  52.0   40s
H 8607  1766                      45.0000000   32.00000  28.9%  51.4   44s
  9758  1710   38.00000   22   24   45.00000   34.00000  24.4%  51.7   45s
 10359  1729 infeasible   28        45.00000   36.00000  20.0%  51.7   50s
H10840  1723                      45.0000000   36.00000  20.0%  51.9   54s
 10967  1733   39.00000   27   44   45.00000   36.00000  20.0%  52.0   56s
 11700  1725     cutoff   25        45.00000   36.00000  20.0%  51.6   60s
 12748  1713   40.00000   28   28   45.00000   38.00000  15.6%  51.0   67s
 13896  1783     cutoff   34        45.00000   38.00000  15.6%  50.4   70s
 16554  1902     cutoff   29        45.00000   38.00000  15.6%  49.6   76s
 19975  2201   42.00000   29   46   45.00000   38.00000  15.6%  48.9   80s
 21624  2252   43.00000   31   18   45.00000   38.00000  15.6%  48.6   86s
 24638  2354 infeasible   34        45.00000   38.00000  15.6%  47.9   91s
 24756  2370   39.00000   27   27   45.00000   38.00000  15.6%  47.9   95s
 25020  2393 infeasible   29        45.00000   38.00000  15.6%  47.8  101s
 25145  2382   39.00000   28   22   45.00000   38.00000  15.6%  47.8  105s
 26170  2399   43.00000   32   11   45.00000   38.00000  15.6%  47.7  110s
 26777  2385   41.00000   32   24   45.00000   39.00000  13.3%  47.5  115s
 28370  2463   39.00000   22   27   45.00000   39.00000  13.3%  47.2  121s
 28498  2471     cutoff   24        45.00000   39.00000  13.3%  47.3  125s
 33846  2553     cutoff   27        45.00000   39.00000  13.3%  46.6  131s
 39413  2493   42.00000   27   26   45.00000   40.00000  11.1%  46.0  135s
 40044  2482   43.00000   30   26   45.00000   40.00000  11.1%  46.0  140s
 40843  2460   43.00000   31   25   45.00000   40.00000  11.1%  45.9  147s
 41687  2414 infeasible   32        45.00000   40.00000  11.1%  45.8  150s
 43303  2390     cutoff   26        45.00000   41.00000  8.89%  45.7  155s
 44512  2317   42.00000   26   18   45.00000   41.00000  8.89%  45.8  161s
 48690  2184   42.00000   36   25   45.00000   41.00000  8.89%  45.7  166s
 49398  2085   42.00000   38   26   45.00000   41.00000  8.89%  45.8  173s
 50020  2018   42.00000   39   22   45.00000   41.00000  8.89%  45.7  176s
 50994  1691   42.00000   40   12   45.00000   41.00000  8.89%  45.6  180s
 54697  1683 infeasible   31        45.00000   41.00000  8.89%  45.1  187s
 54771  1544   42.00000   29   31   45.00000   41.00000  8.89%  45.1  190s
 56182  1467     cutoff   33        45.00000   41.00000  8.89%  45.0  198s
 56861  1393   43.00000   34   18   45.00000   41.00000  8.89%  45.0  203s
 58124  1193 infeasible   35        45.00000   41.00000  8.89%  44.9  208s
 62841  1182 infeasible   27        45.00000   41.00000  8.89%  44.4  212s
 62909  1165   44.00000   28   11   45.00000   41.00000  8.89%  44.4  216s
 63061   811 infeasible   29        45.00000   41.00000  8.89%  44.4  220s
 71851   536   43.00000   27   30   45.00000   43.00000  4.44%  44.0  227s
 73711   529 infeasible   35        45.00000   43.00000  4.44%  43.9  230s
 74246   467   43.00000   34   19   45.00000   43.00000  4.44%  43.9  237s
 75205   204 infeasible   31        45.00000   43.00000  4.44%  43.7  241s
 77914    41   43.00000   31   13   45.00000   43.00000  4.44%  43.4  245s

Cutting planes:
  Learned: 139
  Gomory: 11
  Lift-and-project: 21
  Cover: 36
  Implied bound: 1
  MIR: 256
  Flow cover: 665
  RLT: 66
  Relax-and-lift: 3

Explored 79724 nodes (3451139 simplex iterations) in 248.17 seconds (175.67 work units)
Thread count was 32 (of 32 available processors)

Solution count 10: 45 45 46 ... 52

Optimal solution found (tolerance 1.00e-04)
Best objective 4.500000000000e+01, best bound 4.500000000000e+01, gap 0.0000%
