
Gurobi 13.0.0 (linux64) logging started Fri Dec 12 09:31:28 2025

Set parameter LogFile to value "./Results/StripPacking-SCIPBnB/Logs/HU-111-StripPacking-25-2.log"
Set parameter TimeLimit to value 5
Set parameter Cuts to value 1
Set parameter Presolve to value 1
Set parameter Heuristics to value 1
Set parameter LogToConsole to value 0
Set parameter LPWarmStart to value 2
Warning: linear constraint 25 and linear constraint 27 have the same name "LB[0]"
Warning: linear constraint 25 and linear constraint 27 have the same name "LB[0]"
Warning: default constraint names used to write mps file
Gurobi Optimizer version 13.0.0 build v13.0.0rc1 (linux64 - "Debian GNU/Linux 13 (trixie)")

CPU model: Intel(R) Xeon(R) CPU E5-2630 v3 @ 2.40GHz, instruction set [SSE2|AVX|AVX2]
Thread count: 16 physical cores, 32 logical processors, using up to 32 threads

Non-default parameters:
TimeLimit  5
LPWarmStart  2
Heuristics  1
Cuts  1
LogToConsole  0
Presolve  1

Optimize a model with 5725 rows, 1251 columns and 15650 nonzeros (Min)
Model fingerprint: 0xa0698f7d
Model has 1 linear objective coefficients
Variable types: 51 continuous, 1200 integer (1200 binary)
Coefficient statistics:
  Matrix range     [1e+00, 1e+04]
  Objective range  [1e+00, 1e+00]
  Bounds range     [1e+00, 1e+04]
  RHS range        [1e+00, 1e+04]

Warning: Completing partial solution with 1200 unfixed non-continuous variables out of 1200
User MIP start produced solution with objective 97.9 (0.00s)
Loaded user MIP start with objective 97.9

Presolve removed 600 rows and 0 columns
Presolve time: 0.03s
Presolved: 5125 rows, 1251 columns, 14450 nonzeros
Variable types: 51 continuous, 1200 integer (1200 binary)

Root relaxation: objective 4.100000e+01, 685 iterations, 0.02 seconds (0.02 work units)

    Nodes    |    Current Node    |     Objective Bounds      |     Work
 Expl Unexpl |  Obj  Depth IntInf | Incumbent    BestBd   Gap | It/Node Time

     0     0   41.00000    0  107   97.90000   41.00000  58.1%     -    0s
H    0     0                      96.0000000   41.00000  57.3%     -    0s
     0     0   41.00000    0  193   96.00000   41.00000  57.3%     -    0s
     0     0   41.00000    0  144   96.00000   41.00000  57.3%     -    0s
     0     0   41.00000    0  143   96.00000   41.00000  57.3%     -    0s
     0     0   41.00000    0   91   96.00000   41.00000  57.3%     -    0s
     0     0   41.00000    0   99   96.00000   41.00000  57.3%     -    0s
     0     0   41.00000    0  142   96.00000   41.00000  57.3%     -    0s
     0     0   41.00000    0  102   96.00000   41.00000  57.3%     -    0s
     0     0   41.00000    0  110   96.00000   41.00000  57.3%     -    0s
     0     0   41.00000    0  143   96.00000   41.00000  57.3%     -    0s
     0     0   41.00000    0  139   96.00000   41.00000  57.3%     -    0s
H    0     0                      95.0000000   41.00000  56.8%     -    0s
     0     0   41.00000    0  132   95.00000   41.00000  56.8%     -    1s
     0     0   41.00000    0  114   95.00000   41.00000  56.8%     -    1s
     0     0   41.00000    0   99   95.00000   41.00000  56.8%     -    1s
H    0     0                      94.0000000   41.00000  56.4%     -    1s
     0     0   41.00000    0  141   94.00000   41.00000  56.4%     -    1s
     0     0   41.00000    0  198   94.00000   41.00000  56.4%     -    1s
     0     0   41.00000    0   96   94.00000   41.00000  56.4%     -    1s
     0     0   41.00000    0   95   94.00000   41.00000  56.4%     -    1s
     0     0   41.00000    0   83   94.00000   41.00000  56.4%     -    1s
     0     2   41.00000    0   83   94.00000   41.00000  56.4%     -    1s
H   20    32                      94.0000000   41.00000  56.4%   136    2s
H   47    80                      90.0000000   41.00000  54.4%   116    2s
H   50    80                      89.0000000   41.00000  53.9%   113    2s
H   77    80                      87.0000000   41.00000  52.9%  88.1    2s
H   86    96                      84.0000000   41.00000  51.2%  89.6    2s
H  259   273                      83.0000000   41.00000  50.6%  84.1    4s
   437   466   41.00000   17  110   83.00000   41.00000  50.6%  75.4    5s

Cutting planes:
  Learned: 107
  Gomory: 1
  Cover: 5
  MIR: 189
  RLT: 39
  Relax-and-lift: 43
  BQP: 6

Explored 467 nodes (45767 simplex iterations) in 5.00 seconds (4.23 work units)
Thread count was 32 (of 32 available processors)

Solution count 10: 83 84 87 ... 97.9

Time limit reached
Best objective 8.300000000000e+01, best bound 4.100000000000e+01, gap 50.6024%
