
Gurobi 13.0.0 (linux64) logging started Fri Dec 12 09:31:01 2025

Set parameter LogFile to value "./Results/StripPacking-SCIPBnB/Logs/HU-111-StripPacking-15-0.log"
Set parameter TimeLimit to value 5
Set parameter Cuts to value 1
Set parameter Presolve to value 1
Set parameter Heuristics to value 1
Set parameter LogToConsole to value 0
Set parameter LPWarmStart to value 2
Warning: linear constraint 15 and linear constraint 17 have the same name "LB[0]"
Warning: linear constraint 15 and linear constraint 17 have the same name "LB[0]"
Warning: default constraint names used to write mps file
Gurobi Optimizer version 13.0.0 build v13.0.0rc1 (linux64 - "Debian GNU/Linux 13 (trixie)")

CPU model: Intel(R) Xeon(R) CPU E5-2630 v3 @ 2.40GHz, instruction set [SSE2|AVX|AVX2]
Thread count: 16 physical cores, 32 logical processors, using up to 32 threads

Non-default parameters:
TimeLimit  5
LPWarmStart  2
Heuristics  1
Cuts  1
LogToConsole  0
Presolve  1

Optimize a model with 2010 rows, 451 columns and 5490 nonzeros (Min)
Model fingerprint: 0xdd29dc9e
Model has 1 linear objective coefficients
Variable types: 31 continuous, 420 integer (420 binary)
Coefficient statistics:
  Matrix range     [1e+00, 1e+04]
  Objective range  [1e+00, 1e+00]
  Bounds range     [1e+00, 1e+04]
  RHS range        [1e+00, 1e+04]

Warning: Completing partial solution with 420 unfixed non-continuous variables out of 420
User MIP start produced solution with objective 62.1 (0.00s)
User MIP start produced solution with objective 62.1 (0.00s)
Loaded user MIP start with objective 62.1

Presolve removed 210 rows and 0 columns
Presolve time: 0.01s
Presolved: 1800 rows, 451 columns, 5653 nonzeros
Variable types: 31 continuous, 420 integer (420 binary)

Root relaxation: objective 3.200000e+01, 265 iterations, 0.01 seconds (0.00 work units)

    Nodes    |    Current Node    |     Objective Bounds      |     Work
 Expl Unexpl |  Obj  Depth IntInf | Incumbent    BestBd   Gap | It/Node Time

     0     0   32.00000    0   36   62.10000   32.00000  48.5%     -    0s
H    0     0                      61.0000000   32.00000  47.5%     -    0s
     0     0   32.00000    0   54   61.00000   32.00000  47.5%     -    0s
     0     0   32.00000    0   33   61.00000   32.00000  47.5%     -    0s
     0     0   32.00000    0   60   61.00000   32.00000  47.5%     -    0s
     0     0   32.00000    0   49   61.00000   32.00000  47.5%     -    0s
     0     0   32.00000    0   57   61.00000   32.00000  47.5%     -    0s
H    0     0                      60.0000000   32.00000  46.7%     -    0s
     0     0   32.00000    0   75   60.00000   32.00000  46.7%     -    0s
     0     0   32.00000    0   49   60.00000   32.00000  46.7%     -    0s
     0     0   32.00000    0   58   60.00000   32.00000  46.7%     -    0s
H    0     0                      59.0000000   32.00000  45.8%     -    0s
     0     0   32.00000    0   69   59.00000   32.00000  45.8%     -    0s
     0     0   32.00000    0   39   59.00000   32.00000  45.8%     -    0s
     0     0   32.00000    0   39   59.00000   32.00000  45.8%     -    0s
     0     0   32.00000    0   39   59.00000   32.00000  45.8%     -    0s
     0     2   32.00000    0   39   59.00000   32.00000  45.8%     -    0s
H   16    32                      58.0000000   32.00000  44.8%  40.7    0s
H   19    32                      56.0000000   32.00000  42.9%  36.4    0s
H  165   168                      55.0000000   32.00000  41.8%  40.0    0s
H  174   243                      53.0000000   32.00000  39.6%  40.2    1s
H  183   243                      48.0000000   32.00000  33.3%  40.0    1s

Explored 3694 nodes (97552 simplex iterations) in 5.00 seconds (4.03 work units)
Thread count was 32 (of 32 available processors)

Solution count 9: 48 53 55 ... 62.1

Time limit reached
Best objective 4.800000000000e+01, best bound 3.200000000000e+01, gap 33.3333%
