
Gurobi 13.0.0 (win64) logging started Tue Dec  9 16:13:27 2025

Set parameter LogFile to value "./Results/StripPacking-SCIPBnB/Logs/HU-111-StripPacking-15-2.log"
Set parameter TimeLimit to value 5
Set parameter Cuts to value 1
Set parameter Presolve to value 1
Set parameter Heuristics to value 1
Set parameter LogToConsole to value 0
Set parameter LPWarmStart to value 2
Warning: linear constraint 855 and linear constraint 1275 have the same name "PM[B0,B1,0]"
Warning: linear constraint 855 and linear constraint 1275 have the same name "PM[B0,B1,0]"
Warning: default constraint names used to write mps file
Gurobi Optimizer version 13.0.0 build v13.0.0rc1 (win64 - Windows 11+.0 (26200.2))

CPU model: AMD Ryzen AI 9 365 w/ Radeon 880M, instruction set [SSE2|AVX|AVX2|AVX512]
Thread count: 10 physical cores, 20 logical processors, using up to 20 threads

Non-default parameters:
TimeLimit  5
LPWarmStart  2
Heuristics  1
Cuts  1
LogToConsole  0
Presolve  1

Optimize a model with 2010 rows, 451 columns and 5490 nonzeros (Min)
Model fingerprint: 0x5accd5b5
Model has 1 linear objective coefficients
Variable types: 31 continuous, 420 integer (420 binary)
Coefficient statistics:
  Matrix range     [1e+00, 1e+04]
  Objective range  [1e+00, 1e+00]
  Bounds range     [1e+00, 1e+04]
  RHS range        [1e+00, 1e+04]

Warning: Completing partial solution with 420 unfixed non-continuous variables out of 420
User MIP start produced solution with objective 78.1 (0.00s)
Loaded user MIP start with objective 78.1

Presolve removed 210 rows and 0 columns
Presolve time: 0.00s
Presolved: 1800 rows, 451 columns, 5654 nonzeros
Variable types: 31 continuous, 420 integer (420 binary)

Root relaxation: objective 4.500000e+01, 284 iterations, 0.00 seconds (0.01 work units)

    Nodes    |    Current Node    |     Objective Bounds      |     Work
 Expl Unexpl |  Obj  Depth IntInf | Incumbent    BestBd   Gap | It/Node Time

     0     0   45.00000    0   21   78.10000   45.00000  42.4%     -    0s
H    0     0                      78.0000000   45.00000  42.3%     -    0s
H    0     0                      76.0000000   45.00000  40.8%     -    0s
H    0     0                      67.0000000   45.00000  32.8%     -    0s
H    0     0                      64.0000000   45.00000  29.7%     -    0s
     0     0   45.00000    0   21   64.00000   45.00000  29.7%     -    0s
H    0     0                      63.0000000   45.00000  28.6%     -    0s
     0     0   45.00000    0   21   63.00000   45.00000  28.6%     -    0s
     0     0   45.00000    0   46   63.00000   45.00000  28.6%     -    0s
     0     0   45.00000    0   11   63.00000   45.00000  28.6%     -    0s
H    0     0                      62.0000000   45.00000  27.4%     -    0s
     0     0   45.00000    0   11   62.00000   45.00000  27.4%     -    0s
     0     0   45.00000    0   23   62.00000   45.00000  27.4%     -    0s
     0     0   45.00000    0   11   62.00000   45.00000  27.4%     -    0s
     0     0   45.00000    0   11   62.00000   45.00000  27.4%     -    0s
     0     0   45.00000    0   18   62.00000   45.00000  27.4%     -    0s
     0     0   45.00000    0    6   62.00000   45.00000  27.4%     -    0s
     0     0   45.00000    0    6   62.00000   45.00000  27.4%     -    0s
     0     0   45.00000    0   11   62.00000   45.00000  27.4%     -    0s
     0     0   45.00000    0   11   62.00000   45.00000  27.4%     -    0s
H    0     0                      61.0000000   45.00000  26.2%     -    0s
H    0     0                      60.0000000   45.00000  25.0%     -    0s
     0     0   45.00000    0   11   60.00000   45.00000  25.0%     -    0s
     0     0   45.00000    0   16   60.00000   45.00000  25.0%     -    0s
     0     0   45.00000    0   11   60.00000   45.00000  25.0%     -    0s
     0     0   45.00000    0   11   60.00000   45.00000  25.0%     -    0s
     0     0   45.00000    0   16   60.00000   45.00000  25.0%     -    0s
     0     0   45.00000    0    6   60.00000   45.00000  25.0%     -    0s
     0     0   45.00000    0    6   60.00000   45.00000  25.0%     -    0s
     0     2   45.00000    0    6   60.00000   45.00000  25.0%     -    0s
H    4     8                      59.0000000   45.00000  23.7%   9.0    0s
H   15    26                      56.0000000   45.00000  19.6%  30.1    0s
H  383   328                      53.0000000   45.00000  15.1%  24.0    0s
H  390   522                      52.0000000   45.00000  13.5%  24.4    0s
H 1953   900                      51.0000000   45.00000  11.8%  19.0    1s
  4195  1617   45.00000   22   27   51.00000   45.00000  11.8%  24.1    5s

Cutting planes:
  Learned: 55
  Gomory: 2
  Cover: 46
  Implied bound: 1
  Clique: 10
  MIR: 26
  StrongCG: 3
  Flow cover: 53
  GUB cover: 2
  Network: 1
  RLT: 7
  Relax-and-lift: 5

Explored 4292 nodes (108797 simplex iterations) in 5.01 seconds (4.88 work units)
Thread count was 20 (of 20 available processors)

Solution count 10: 51 52 53 ... 64

Time limit reached
Best objective 5.100000000000e+01, best bound 4.500000000000e+01, gap 11.7647%
