
Gurobi 13.0.0 (win64) logging started Tue Dec  9 16:13:37 2025

Set parameter LogFile to value "./Results/StripPacking-SCIPBnB/Logs/HU-111-StripPacking-25-0.log"
Set parameter TimeLimit to value 5
Set parameter Cuts to value 1
Set parameter Presolve to value 1
Set parameter Heuristics to value 1
Set parameter LogToConsole to value 0
Set parameter LPWarmStart to value 2
Warning: linear constraint 2425 and linear constraint 3625 have the same name "PM[B0,B1,0]"
Warning: linear constraint 2425 and linear constraint 3625 have the same name "PM[B0,B1,0]"
Warning: default constraint names used to write mps file
Gurobi Optimizer version 13.0.0 build v13.0.0rc1 (win64 - Windows 11+.0 (26200.2))

CPU model: AMD Ryzen AI 9 365 w/ Radeon 880M, instruction set [SSE2|AVX|AVX2|AVX512]
Thread count: 10 physical cores, 20 logical processors, using up to 20 threads

Non-default parameters:
TimeLimit  5
LPWarmStart  2
Heuristics  1
Cuts  1
LogToConsole  0
Presolve  1

Optimize a model with 5725 rows, 1251 columns and 15650 nonzeros (Min)
Model fingerprint: 0x0c015e7d
Model has 1 linear objective coefficients
Variable types: 51 continuous, 1200 integer (1200 binary)
Coefficient statistics:
  Matrix range     [1e+00, 1e+04]
  Objective range  [1e+00, 1e+00]
  Bounds range     [1e+00, 1e+04]
  RHS range        [1e+00, 1e+04]

Warning: Completing partial solution with 1200 unfixed non-continuous variables out of 1200
User MIP start produced solution with objective 106.2 (0.00s)
Loaded user MIP start with objective 106.2

Presolve removed 600 rows and 0 columns
Presolve time: 0.00s
Presolved: 5125 rows, 1251 columns, 14450 nonzeros
Variable types: 51 continuous, 1200 integer (1200 binary)

Root relaxation: objective 3.400000e+01, 755 iterations, 0.02 seconds (0.02 work units)

    Nodes    |    Current Node    |     Objective Bounds      |     Work
 Expl Unexpl |  Obj  Depth IntInf | Incumbent    BestBd   Gap | It/Node Time

     0     0   34.00000    0  125  106.20000   34.00000  68.0%     -    0s
H    0     0                     101.0000000   34.00000  66.3%     -    0s
     0     0   34.00000    0  207  101.00000   34.00000  66.3%     -    0s
     0     0   34.00000    0  148  101.00000   34.00000  66.3%     -    0s
     0     0   34.00000    0  228  101.00000   34.00000  66.3%     -    0s
     0     0   34.00000    0  129  101.00000   34.00000  66.3%     -    0s
H    0     0                     100.0000000   34.00000  66.0%     -    0s
     0     0   34.00000    0  137  100.00000   34.00000  66.0%     -    0s
     0     0   34.00000    0  202  100.00000   34.00000  66.0%     -    0s
     0     0   34.00000    0  138  100.00000   34.00000  66.0%     -    0s
H    0     0                      99.0000000   34.00000  65.7%     -    0s
     0     0   34.00000    0  209   99.00000   34.00000  65.7%     -    0s
H    0     0                      98.0000000   34.00000  65.3%     -    0s
H    0     0                      97.0000000   34.00000  64.9%     -    0s
H    0     0                      96.0000000   34.00000  64.6%     -    0s
H    0     0                      94.0000000   34.00000  63.8%     -    0s
H    0     0                      92.0000000   34.00000  63.0%     -    0s
     0     0   34.00000    0  230   92.00000   34.00000  63.0%     -    0s
     0     0   34.00000    0  139   92.00000   34.00000  63.0%     -    0s
     0     0   34.00000    0  146   92.00000   34.00000  63.0%     -    0s
     0     0   34.00000    0  238   92.00000   34.00000  63.0%     -    1s
     0     0   34.00000    0  106   92.00000   34.00000  63.0%     -    1s
H    0     0                      91.0000000   34.00000  62.6%     -    1s
     0     0   34.00000    0  158   91.00000   34.00000  62.6%     -    1s
     0     0   34.00000    0  187   91.00000   34.00000  62.6%     -    1s
     0     0   34.00000    0  122   91.00000   34.00000  62.6%     -    1s
     0     0   34.00000    0  122   91.00000   34.00000  62.6%     -    1s
     0     0   34.00000    0  122   91.00000   34.00000  62.6%     -    1s
     0     2   34.00000    0  122   91.00000   34.00000  62.6%     -    1s
H  113   205                      88.0000000   34.00000  61.4%   167    2s
H  208   450                      87.0000000   34.00000  60.9%   136    2s
H  401   450                      85.0000000   34.00000  60.0%   128    2s
H  735   718                      85.0000000   34.00000  60.0%   110    3s
H  746   780                      84.0000000   34.00000  59.5%   110    3s
   906   906   50.00000   31  156   84.00000   34.00000  59.5%   105    5s

Cutting planes:
  Learned: 162
  Gomory: 1
  Cover: 32
  Implied bound: 1
  MIR: 176
  Zero half: 3
  RLT: 42
  Relax-and-lift: 18
  BQP: 1

Explored 928 nodes (116811 simplex iterations) in 5.04 seconds (6.28 work units)
Thread count was 20 (of 20 available processors)

Solution count 10: 84 85 85 ... 97

Time limit reached
Best objective 8.400000000000e+01, best bound 3.400000000000e+01, gap 59.5238%
