
Gurobi 13.0.0 (win64) logging started Tue Dec  9 16:13:26 2025

Set parameter LogFile to value "./Results/StripPacking-SCIPBnB/Logs/HU-111-StripPacking-15-1.log"
Set parameter TimeLimit to value 5
Set parameter Cuts to value 1
Set parameter Presolve to value 1
Set parameter Heuristics to value 1
Set parameter LogToConsole to value 0
Set parameter LPWarmStart to value 2
Warning: linear constraint 855 and linear constraint 1275 have the same name "PM[B0,B1,0]"
Warning: linear constraint 855 and linear constraint 1275 have the same name "PM[B0,B1,0]"
Warning: default constraint names used to write mps file
Gurobi Optimizer version 13.0.0 build v13.0.0rc1 (win64 - Windows 11+.0 (26200.2))

CPU model: AMD Ryzen AI 9 365 w/ Radeon 880M, instruction set [SSE2|AVX|AVX2|AVX512]
Thread count: 10 physical cores, 20 logical processors, using up to 20 threads

Non-default parameters:
TimeLimit  5
LPWarmStart  2
Heuristics  1
Cuts  1
LogToConsole  0
Presolve  1

Optimize a model with 2010 rows, 451 columns and 5490 nonzeros (Min)
Model fingerprint: 0x1f8b246b
Model has 1 linear objective coefficients
Variable types: 31 continuous, 420 integer (420 binary)
Coefficient statistics:
  Matrix range     [1e+00, 1e+04]
  Objective range  [1e+00, 1e+00]
  Bounds range     [1e+00, 1e+04]
  RHS range        [1e+00, 1e+04]

Warning: Completing partial solution with 420 unfixed non-continuous variables out of 420
User MIP start produced solution with objective 77 (0.00s)
Loaded user MIP start with objective 77

Presolve removed 213 rows and 1 columns
Presolve time: 0.00s
Presolved: 1797 rows, 450 columns, 5640 nonzeros
Variable types: 31 continuous, 419 integer (419 binary)

Root relaxation: objective 5.000000e+01, 274 iterations, 0.00 seconds (0.01 work units)

    Nodes    |    Current Node    |     Objective Bounds      |     Work
 Expl Unexpl |  Obj  Depth IntInf | Incumbent    BestBd   Gap | It/Node Time

     0     0   50.00000    0   15   77.00000   50.00000  35.1%     -    0s
H    0     0                      75.0000000   50.00000  33.3%     -    0s
H    0     0                      74.0000000   50.00000  32.4%     -    0s
H    0     0                      71.0000000   50.00000  29.6%     -    0s
H    0     0                      69.0000000   50.00000  27.5%     -    0s
     0     0   50.00000    0   16   69.00000   50.00000  27.5%     -    0s
H    0     0                      60.0000000   50.00000  16.7%     -    0s
     0     0   50.00000    0   15   60.00000   50.00000  16.7%     -    0s
     0     0   50.00000    0    8   60.00000   50.00000  16.7%     -    0s
H    0     0                      57.0000000   50.00000  12.3%     -    0s
     0     0   50.00000    0    8   57.00000   50.00000  12.3%     -    0s
     0     0   50.00000    0    8   57.00000   50.00000  12.3%     -    0s
H    0     0                      56.0000000   50.00000  10.7%     -    0s
     0     0   50.00000    0    8   56.00000   50.00000  10.7%     -    0s
     0     0   50.00000    0    8   56.00000   50.00000  10.7%     -    0s
     0     0   50.00000    0    8   56.00000   50.00000  10.7%     -    0s
     0     0   50.00000    0   12   56.00000   50.00000  10.7%     -    0s
     0     0   50.00000    0    4   56.00000   50.00000  10.7%     -    0s
H    0     0                      52.0000000   50.00000  3.85%     -    0s
     0     0   50.00000    0    4   52.00000   50.00000  3.85%     -    0s
     0     0   50.00000    0    8   52.00000   50.00000  3.85%     -    0s
     0     0   50.00000    0    8   52.00000   50.00000  3.85%     -    0s
     0     0   50.00000    0    8   52.00000   50.00000  3.85%     -    0s
     0     2   50.00000    0    8   52.00000   50.00000  3.85%     -    0s
H   28    64                      50.0000000   50.00000  0.00%  26.0    0s

Cutting planes:
  Learned: 3
  Gomory: 2
  Cover: 6
  Implied bound: 1
  Clique: 1
  MIR: 25
  Zero half: 1
  RLT: 1
  Relax-and-lift: 1

Explored 66 nodes (2559 simplex iterations) in 0.33 seconds (0.25 work units)
Thread count was 20 (of 20 available processors)

Solution count 10: 50 52 56 ... 77

Optimal solution found (tolerance 1.00e-04)
Best objective 5.000000000000e+01, best bound 5.000000000000e+01, gap 0.0000%
