
Gurobi 13.0.0 (linux64) logging started Fri Dec 12 09:31:12 2025

Set parameter LogFile to value "./Results/StripPacking-SCIPBnB/Logs/HU-111-StripPacking-15-3.log"
Set parameter TimeLimit to value 5
Set parameter Cuts to value 1
Set parameter Presolve to value 1
Set parameter Heuristics to value 1
Set parameter LogToConsole to value 0
Set parameter LPWarmStart to value 2
Warning: linear constraint 15 and linear constraint 17 have the same name "LB[0]"
Warning: linear constraint 15 and linear constraint 17 have the same name "LB[0]"
Warning: default constraint names used to write mps file
Gurobi Optimizer version 13.0.0 build v13.0.0rc1 (linux64 - "Debian GNU/Linux 13 (trixie)")

CPU model: Intel(R) Xeon(R) CPU E5-2630 v3 @ 2.40GHz, instruction set [SSE2|AVX|AVX2]
Thread count: 16 physical cores, 32 logical processors, using up to 32 threads

Non-default parameters:
TimeLimit  5
LPWarmStart  2
Heuristics  1
Cuts  1
LogToConsole  0
Presolve  1

Optimize a model with 2010 rows, 451 columns and 5490 nonzeros (Min)
Model fingerprint: 0xe51efc0b
Model has 1 linear objective coefficients
Variable types: 31 continuous, 420 integer (420 binary)
Coefficient statistics:
  Matrix range     [1e+00, 1e+04]
  Objective range  [1e+00, 1e+00]
  Bounds range     [1e+00, 1e+04]
  RHS range        [1e+00, 1e+04]

Warning: Completing partial solution with 420 unfixed non-continuous variables out of 420
User MIP start produced solution with objective 62.1 (0.00s)
User MIP start produced solution with objective 62.1 (0.00s)
Loaded user MIP start with objective 62.1

Presolve removed 210 rows and 0 columns
Presolve time: 0.01s
Presolved: 1800 rows, 451 columns, 5654 nonzeros
Variable types: 31 continuous, 420 integer (420 binary)

Root relaxation: objective 3.000000e+01, 303 iterations, 0.01 seconds (0.01 work units)

    Nodes    |    Current Node    |     Objective Bounds      |     Work
 Expl Unexpl |  Obj  Depth IntInf | Incumbent    BestBd   Gap | It/Node Time

     0     0   30.00000    0   39   62.10000   30.00000  51.7%     -    0s
H    0     0                      61.0000000   30.00000  50.8%     -    0s
     0     0   30.00000    0   63   61.00000   30.00000  50.8%     -    0s
     0     0   30.00000    0   60   61.00000   30.00000  50.8%     -    0s
H    0     0                      57.0000000   30.00000  47.4%     -    0s
     0     0   30.00000    0   65   57.00000   30.00000  47.4%     -    0s
     0     0   30.00000    0   31   57.00000   30.00000  47.4%     -    0s
     0     0   30.00000    0   38   57.00000   30.00000  47.4%     -    0s
H    0     0                      56.0000000   30.00000  46.4%     -    0s
     0     0   30.00000    0   63   56.00000   30.00000  46.4%     -    0s
     0     0   30.00000    0   32   56.00000   30.00000  46.4%     -    0s
H    0     0                      54.0000000   30.00000  44.4%     -    0s
     0     0   30.00000    0   36   54.00000   30.00000  44.4%     -    0s
     0     0   30.00000    0   79   54.00000   30.00000  44.4%     -    0s
     0     0   30.00000    0   40   54.00000   30.00000  44.4%     -    0s
     0     0   30.00000    0   61   54.00000   30.00000  44.4%     -    0s
     0     0   30.00000    0   50   54.00000   30.00000  44.4%     -    0s
     0     0   30.00000    0   29   54.00000   30.00000  44.4%     -    0s
     0     0   30.00000    0   29   54.00000   30.00000  44.4%     -    0s
     0     0   30.00000    0   25   54.00000   30.00000  44.4%     -    0s
     0     2   30.00000    0   25   54.00000   30.00000  44.4%     -    0s
H   38    48                      53.0000000   30.00000  43.4%  88.5    0s
H   67    94                      52.0000000   30.00000  42.3%  69.4    0s
H  116   126                      51.0000000   30.00000  41.2%  55.9    0s
H  214   222                      50.0000000   30.00000  40.0%  44.5    0s
H  691   642                      49.0000000   30.00000  38.8%  33.9    2s
H 1333  1035                      49.0000000   30.00000  38.8%  26.5    2s
H 2126  1420                      47.0000000   30.00000  36.2%  25.5    3s
H 2240  1473                      47.0000000   30.00000  36.2%  25.3    3s
H 2342  1385                      46.0000000   30.00000  34.8%  25.6    3s
  2728  1615   42.00000   21   41   46.00000   30.00000  34.8%  25.7    5s

Cutting planes:
  Learned: 218
  Gomory: 3
  Cover: 21
  Implied bound: 2
  MIR: 157
  StrongCG: 1
  Zero half: 1
  RLT: 26
  Relax-and-lift: 28

Explored 2749 nodes (74662 simplex iterations) in 5.00 seconds (4.21 work units)
Thread count was 32 (of 32 available processors)

Solution count 10: 46 47 49 ... 56

Time limit reached
Best objective 4.600000000000e+01, best bound 3.000000000000e+01, gap 34.7826%
