
Gurobi 13.0.0 (win64) logging started Tue Dec  9 16:13:53 2025

Set parameter LogFile to value "./Results/StripPacking-SCIPBnB/Logs/HU-111-StripPacking-25-3.log"
Set parameter TimeLimit to value 5
Set parameter Cuts to value 1
Set parameter Presolve to value 1
Set parameter Heuristics to value 1
Set parameter LogToConsole to value 0
Set parameter LPWarmStart to value 2
Warning: linear constraint 2425 and linear constraint 3625 have the same name "PM[B0,B1,0]"
Warning: linear constraint 2425 and linear constraint 3625 have the same name "PM[B0,B1,0]"
Warning: default constraint names used to write mps file
Gurobi Optimizer version 13.0.0 build v13.0.0rc1 (win64 - Windows 11+.0 (26200.2))

CPU model: AMD Ryzen AI 9 365 w/ Radeon 880M, instruction set [SSE2|AVX|AVX2|AVX512]
Thread count: 10 physical cores, 20 logical processors, using up to 20 threads

Non-default parameters:
TimeLimit  5
LPWarmStart  2
Heuristics  1
Cuts  1
LogToConsole  0
Presolve  1

Optimize a model with 5725 rows, 1251 columns and 15650 nonzeros (Min)
Model fingerprint: 0x85a1e2f0
Model has 1 linear objective coefficients
Variable types: 51 continuous, 1200 integer (1200 binary)
Coefficient statistics:
  Matrix range     [1e+00, 1e+04]
  Objective range  [1e+00, 1e+00]
  Bounds range     [1e+00, 1e+04]
  RHS range        [1e+00, 1e+04]

Warning: Completing partial solution with 1200 unfixed non-continuous variables out of 1200
User MIP start produced solution with objective 93.4 (0.00s)
Loaded user MIP start with objective 93.4

Presolve removed 600 rows and 0 columns
Presolve time: 0.02s
Presolved: 5125 rows, 1251 columns, 14450 nonzeros
Variable types: 51 continuous, 1200 integer (1200 binary)

Root relaxation: objective 3.600000e+01, 751 iterations, 0.00 seconds (0.02 work units)

    Nodes    |    Current Node    |     Objective Bounds      |     Work
 Expl Unexpl |  Obj  Depth IntInf | Incumbent    BestBd   Gap | It/Node Time

     0     0   36.00000    0  120   93.40000   36.00000  61.5%     -    0s
H    0     0                      91.0000000   36.00000  60.4%     -    0s
     0     0   36.00000    0  214   91.00000   36.00000  60.4%     -    0s
     0     0   36.00000    0  169   91.00000   36.00000  60.4%     -    0s
     0     0   36.00000    0  195   91.00000   36.00000  60.4%     -    0s
     0     0   36.00000    0  108   91.00000   36.00000  60.4%     -    0s
     0     0   36.00000    0  125   91.00000   36.00000  60.4%     -    0s
     0     0   36.00000    0  193   91.00000   36.00000  60.4%     -    0s
     0     0   36.00000    0  124   91.00000   36.00000  60.4%     -    0s
H    0     0                      90.0000000   36.00000  60.0%     -    0s
     0     0   36.00000    0  151   90.00000   36.00000  60.0%     -    0s
     0     0   36.00000    0  246   90.00000   36.00000  60.0%     -    0s
     0     0   36.00000    0  128   90.00000   36.00000  60.0%     -    0s
     0     0   36.00000    0  134   90.00000   36.00000  60.0%     -    0s
     0     0   36.00000    0  188   90.00000   36.00000  60.0%     -    0s
     0     0   36.00000    0  136   90.00000   36.00000  60.0%     -    0s
     0     0   36.00000    0  136   90.00000   36.00000  60.0%     -    0s
     0     0   36.00000    0  104   90.00000   36.00000  60.0%     -    0s
H    0     0                      89.0000000   36.00000  59.6%     -    1s
     0     2   36.00000    0  104   89.00000   36.00000  59.6%     -    1s
H   22    26                      88.0000000   36.00000  59.1%   252    1s
H   30    43                      88.0000000   36.00000  59.1%   256    1s
H   50    85                      87.0000000   36.00000  58.6%   239    1s
H  474   686                      87.0000000   36.00000  58.6%   155    2s
H  474   686                      83.0000000   36.00000  56.6%   155    2s
H  871   931                      82.0000000   36.00000  56.1%   115    3s
H 1042   976                      82.0000000   36.00000  56.1%   108    3s
H 1139  1023                      81.0000000   36.00000  55.6%   108    4s
  1142  1120   49.00000   71  162   81.00000   36.00000  55.6%   108    5s
H 1192  1120                      81.0000000   36.00000  55.6%   106    5s

Cutting planes:
  Learned: 229
  Gomory: 4
  Cover: 64
  Implied bound: 2
  MIR: 147
  RLT: 35
  Relax-and-lift: 23

Explored 1253 nodes (145009 simplex iterations) in 5.02 seconds (6.46 work units)
Thread count was 20 (of 20 available processors)

Solution count 10: 81 81 82 ... 89

Time limit reached
Best objective 8.099999999180e+01, best bound 3.600000000000e+01, gap 55.5556%
