
Gurobi 13.0.0 (linux64) logging started Fri Dec 12 09:29:43 2025

Set parameter LogFile to value "./Results/StripPacking-SCIPBnB/Logs/NU-111-StripPacking-25-3.log"
Set parameter TimeLimit to value 5
Set parameter Cuts to value 1
Set parameter Presolve to value 1
Set parameter Heuristics to value 1
Set parameter LogToConsole to value 0
Set parameter LPWarmStart to value 2
Warning: linear constraint 25 and linear constraint 27 have the same name "PM[0]"
Warning: linear constraint 25 and linear constraint 27 have the same name "PM[0]"
Warning: default constraint names used to write mps file
Gurobi Optimizer version 13.0.0 build v13.0.0rc1 (linux64 - "Debian GNU/Linux 13 (trixie)")

CPU model: Intel(R) Xeon(R) CPU E5-2630 v3 @ 2.40GHz, instruction set [SSE2|AVX|AVX2]
Thread count: 16 physical cores, 32 logical processors, using up to 32 threads

Non-default parameters:
TimeLimit  5
LPWarmStart  2
Heuristics  1
Cuts  1
LogToConsole  0
Presolve  1

Optimize a model with 1525 rows, 1251 columns and 4850 nonzeros (Min)
Model fingerprint: 0x9e015615
Model has 1 linear objective coefficients
Variable types: 51 continuous, 1200 integer (1200 binary)
Coefficient statistics:
  Matrix range     [1e+00, 1e+04]
  Objective range  [1e+00, 1e+00]
  Bounds range     [1e+00, 1e+04]
  RHS range        [1e+00, 1e+04]

Warning: Completing partial solution with 1200 unfixed non-continuous variables out of 1200
User MIP start produced solution with objective 93.4 (0.00s)
Loaded user MIP start with objective 93.4

Presolve time: 0.01s
Presolved: 1525 rows, 1251 columns, 4850 nonzeros
Variable types: 51 continuous, 1200 integer (1200 binary)

Root relaxation: objective 3.600000e+01, 554 iterations, 0.01 seconds (0.00 work units)

    Nodes    |    Current Node    |     Objective Bounds      |     Work
 Expl Unexpl |  Obj  Depth IntInf | Incumbent    BestBd   Gap | It/Node Time

     0     0   36.00000    0  102   93.40000   36.00000  61.5%     -    0s
H    0     0                      92.0000000   36.00000  60.9%     -    0s
H    0     0                      89.0000000   36.00000  59.6%     -    0s
     0     0   36.00000    0  201   89.00000   36.00000  59.6%     -    0s
H    0     0                      88.0000000   36.00000  59.1%     -    0s
     0     0   36.00000    0  193   88.00000   36.00000  59.1%     -    0s
     0     0   36.00000    0  238   88.00000   36.00000  59.1%     -    0s
     0     0   36.00000    0   76   88.00000   36.00000  59.1%     -    0s
     0     0   36.00000    0  206   88.00000   36.00000  59.1%     -    0s
     0     0   36.00000    0  258   88.00000   36.00000  59.1%     -    0s
     0     0   36.00000    0   65   88.00000   36.00000  59.1%     -    0s
H    0     0                      86.0000000   36.00000  58.1%     -    0s
     0     0   36.00000    0  141   86.00000   36.00000  58.1%     -    0s
     0     0   36.00000    0  202   86.00000   36.00000  58.1%     -    0s
     0     0   36.00000    0  104   86.00000   36.00000  58.1%     -    0s
     0     0   36.00000    0  170   86.00000   36.00000  58.1%     -    0s
     0     0   36.00000    0  244   86.00000   36.00000  58.1%     -    0s
     0     0   36.00000    0  108   86.00000   36.00000  58.1%     -    0s
     0     0   36.00000    0  108   86.00000   36.00000  58.1%     -    0s
     0     0   36.00000    0   88   86.00000   36.00000  58.1%     -    0s
     0     2   36.00000    0   88   86.00000   36.00000  58.1%     -    0s
H   15    32                      86.0000000   36.00000  58.1%   140    0s
H   34    48                      84.0000000   36.00000  57.1%   163    0s
H   41    48                      83.0000000   36.00000  56.6%   150    0s
H  201   211                      82.0000000   36.00000  56.1%  51.5    1s
H  225   347                      81.0000000   36.00000  55.6%  48.7    1s
H  588   598                      79.0000000   36.00000  54.4%  33.2    2s
H 2126  2057                      78.0000000   36.00000  53.8%  20.8    2s
H 2232  2225                      78.0000000   36.00000  53.8%  20.5    3s
H 2717  2497                      77.0000000   36.00000  53.2%  19.3    3s
  3348  3030   63.00000  136  185   77.00000   36.00000  53.2%  17.9    5s

Cutting planes:
  Gomory: 14
  Cover: 52
  Implied bound: 61
  Clique: 1
  MIR: 543
  RLT: 96
  Relax-and-lift: 97
  BQP: 4
  PSD: 60

Explored 3364 nodes (68705 simplex iterations) in 5.00 seconds (4.19 work units)
Thread count was 32 (of 32 available processors)

Solution count 10: 77 78 78 ... 86

Time limit reached
Best objective 7.700000000000e+01, best bound 3.600000000000e+01, gap 53.2468%
