
Gurobi 13.0.0 (linux64) logging started Fri Dec 12 09:29:17 2025

Set parameter LogFile to value "./Results/StripPacking-SCIPBnB/Logs/NU-111-StripPacking-15-1.log"
Set parameter TimeLimit to value 5
Set parameter Cuts to value 1
Set parameter Presolve to value 1
Set parameter Heuristics to value 1
Set parameter LogToConsole to value 0
Set parameter LPWarmStart to value 2
Warning: linear constraint 15 and linear constraint 17 have the same name "PM[0]"
Warning: linear constraint 15 and linear constraint 17 have the same name "PM[0]"
Warning: default constraint names used to write mps file
Gurobi Optimizer version 13.0.0 build v13.0.0rc1 (linux64 - "Debian GNU/Linux 13 (trixie)")

CPU model: Intel(R) Xeon(R) CPU E5-2630 v3 @ 2.40GHz, instruction set [SSE2|AVX|AVX2]
Thread count: 16 physical cores, 32 logical processors, using up to 32 threads

Non-default parameters:
TimeLimit  5
LPWarmStart  2
Heuristics  1
Cuts  1
LogToConsole  0
Presolve  1

Optimize a model with 540 rows, 451 columns and 1710 nonzeros (Min)
Model fingerprint: 0x4551c7ca
Model has 1 linear objective coefficients
Variable types: 31 continuous, 420 integer (420 binary)
Coefficient statistics:
  Matrix range     [1e+00, 1e+04]
  Objective range  [1e+00, 1e+00]
  Bounds range     [1e+00, 1e+04]
  RHS range        [1e+00, 1e+04]

Warning: Completing partial solution with 420 unfixed non-continuous variables out of 420
User MIP start produced solution with objective 77 (0.00s)
Loaded user MIP start with objective 77

Presolve removed 1 rows and 1 columns
Presolve time: 0.00s
Presolved: 539 rows, 450 columns, 1706 nonzeros
Variable types: 31 continuous, 419 integer (419 binary)

Root relaxation: objective 5.000000e+01, 203 iterations, 0.00 seconds (0.00 work units)

    Nodes    |    Current Node    |     Objective Bounds      |     Work
 Expl Unexpl |  Obj  Depth IntInf | Incumbent    BestBd   Gap | It/Node Time

     0     0   50.00000    0    6   77.00000   50.00000  35.1%     -    0s
H    0     0                      63.0000000   50.00000  20.6%     -    0s
     0     0   50.00000    0   10   63.00000   50.00000  20.6%     -    0s
H    0     0                      60.0000000   50.00000  16.7%     -    0s
H    0     0                      59.0000000   50.00000  15.3%     -    0s
H    0     0                      55.0000000   50.00000  9.09%     -    0s
     0     0   50.00000    0   42   55.00000   50.00000  9.09%     -    0s
     0     0   50.00000    0    4   55.00000   50.00000  9.09%     -    0s
H    0     0                      54.0000000   50.00000  7.41%     -    0s
     0     0   50.00000    0   12   54.00000   50.00000  7.41%     -    0s
     0     0   50.00000    0    4   54.00000   50.00000  7.41%     -    0s
     0     0   50.00000    0    4   54.00000   50.00000  7.41%     -    0s
     0     0   50.00000    0    8   54.00000   50.00000  7.41%     -    0s
     0     0   50.00000    0    8   54.00000   50.00000  7.41%     -    0s
     0     0   50.00000    0    8   54.00000   50.00000  7.41%     -    0s
     0     0   50.00000    0   24   54.00000   50.00000  7.41%     -    0s
     0     0   50.00000    0    4   54.00000   50.00000  7.41%     -    0s
     0     0   50.00000    0    4   54.00000   50.00000  7.41%     -    0s
     0     0   50.00000    0    8   54.00000   50.00000  7.41%     -    0s
     0     0   50.00000    0    8   54.00000   50.00000  7.41%     -    0s
     0     0   50.00000    0    4   54.00000   50.00000  7.41%     -    0s
     0     0   50.00000    0    5   54.00000   50.00000  7.41%     -    0s
H    0     0                      53.0000000   50.00000  5.66%     -    0s
H    0     0                      52.0000000   50.00000  3.85%     -    0s
     0     0   50.00000    0   14   52.00000   50.00000  3.85%     -    0s
     0     0   50.00000    0    1   52.00000   50.00000  3.85%     -    0s
H    0     0                      50.0000000   50.00000  0.00%     -    0s
     0     0   50.00000    0    1   50.00000   50.00000  0.00%     -    0s

Cutting planes:
  Cover: 4
  Implied bound: 2
  MIR: 1
  PSD: 1

Explored 1 nodes (1548 simplex iterations) in 0.19 seconds (0.06 work units)
Thread count was 32 (of 32 available processors)

Solution count 9: 50 52 53 ... 77

Optimal solution found (tolerance 1.00e-04)
Best objective 5.000000000000e+01, best bound 5.000000000000e+01, gap 0.0000%
