
Gurobi 13.0.0 (linux64) logging started Fri Dec 12 09:29:22 2025

Set parameter LogFile to value "./Results/StripPacking-SCIPBnB/Logs/NU-111-StripPacking-15-3.log"
Set parameter TimeLimit to value 5
Set parameter Cuts to value 1
Set parameter Presolve to value 1
Set parameter Heuristics to value 1
Set parameter LogToConsole to value 0
Set parameter LPWarmStart to value 2
Warning: linear constraint 15 and linear constraint 17 have the same name "PM[0]"
Warning: linear constraint 15 and linear constraint 17 have the same name "PM[0]"
Warning: default constraint names used to write mps file
Gurobi Optimizer version 13.0.0 build v13.0.0rc1 (linux64 - "Debian GNU/Linux 13 (trixie)")

CPU model: Intel(R) Xeon(R) CPU E5-2630 v3 @ 2.40GHz, instruction set [SSE2|AVX|AVX2]
Thread count: 16 physical cores, 32 logical processors, using up to 32 threads

Non-default parameters:
TimeLimit  5
LPWarmStart  2
Heuristics  1
Cuts  1
LogToConsole  0
Presolve  1

Optimize a model with 540 rows, 451 columns and 1710 nonzeros (Min)
Model fingerprint: 0x03e8c17e
Model has 1 linear objective coefficients
Variable types: 31 continuous, 420 integer (420 binary)
Coefficient statistics:
  Matrix range     [1e+00, 1e+04]
  Objective range  [1e+00, 1e+00]
  Bounds range     [1e+00, 1e+04]
  RHS range        [1e+00, 1e+04]

Warning: Completing partial solution with 420 unfixed non-continuous variables out of 420
User MIP start produced solution with objective 62.1 (0.00s)
User MIP start produced solution with objective 62.1 (0.00s)
Loaded user MIP start with objective 62.1

Presolve time: 0.00s
Presolved: 540 rows, 451 columns, 1710 nonzeros
Variable types: 31 continuous, 420 integer (420 binary)

Root relaxation: objective 3.000000e+01, 212 iterations, 0.00 seconds (0.00 work units)

    Nodes    |    Current Node    |     Objective Bounds      |     Work
 Expl Unexpl |  Obj  Depth IntInf | Incumbent    BestBd   Gap | It/Node Time

     0     0   30.00000    0   34   62.10000   30.00000  51.7%     -    0s
H    0     0                      61.0000000   30.00000  50.8%     -    0s
H    0     0                      58.0000000   30.00000  48.3%     -    0s
H    0     0                      57.0000000   30.00000  47.4%     -    0s
     0     0   30.00000    0   80   57.00000   30.00000  47.4%     -    0s
H    0     0                      56.0000000   30.00000  46.4%     -    0s
H    0     0                      55.0000000   30.00000  45.5%     -    0s
     0     0   30.00000    0   86   55.00000   30.00000  45.5%     -    0s
H    0     0                      53.0000000   30.00000  43.4%     -    0s
     0     0   30.00000    0   61   53.00000   30.00000  43.4%     -    0s
     0     0   30.00000    0   25   53.00000   30.00000  43.4%     -    0s
     0     0   30.00000    0   26   53.00000   30.00000  43.4%     -    0s
H    0     0                      52.0000000   30.00000  42.3%     -    0s
     0     0   30.00000    0   66   52.00000   30.00000  42.3%     -    0s
     0     0   30.00000    0   38   52.00000   30.00000  42.3%     -    0s
     0     0   30.00000    0   50   52.00000   30.00000  42.3%     -    0s
     0     0   30.00000    0   65   52.00000   30.00000  42.3%     -    0s
     0     0   30.00000    0   29   52.00000   30.00000  42.3%     -    0s
     0     0   30.00000    0   29   52.00000   30.00000  42.3%     -    0s
     0     0   30.00000    0   29   52.00000   30.00000  42.3%     -    0s
     0     2   30.00000    0   26   52.00000   30.00000  42.3%     -    0s
H  113   120                      49.0000000   30.00000  38.8%  12.6    0s
H  270   278                      48.0000000   30.00000  37.5%  11.7    0s
H  499   471                      47.0000000   30.00000  36.2%  10.1    0s
H  500   489                      45.0000000   30.00000  33.3%  10.1    0s
H 1128   955                      45.0000000   30.00000  33.3%   9.6    0s
H 2292  1295                      44.0000000   30.00000  31.8%   9.8    1s
H 3389  1776                      44.0000000   30.00000  31.8%  13.5    3s

Cutting planes:
  Gomory: 33
  Cover: 35
  Implied bound: 64
  Clique: 1
  MIR: 163
  Flow cover: 316
  RLT: 153
  Relax-and-lift: 132
  BQP: 10
  PSD: 51

Explored 5500 nodes (128561 simplex iterations) in 5.01 seconds (2.89 work units)
Thread count was 32 (of 32 available processors)

Solution count 10: 44 44 45 ... 55

Time limit reached
Best objective 4.399999999550e+01, best bound 3.000000000000e+01, gap 31.8182%
