
Gurobi 13.0.0 (linux64) logging started Fri Dec 12 09:29:38 2025

Set parameter LogFile to value "./Results/StripPacking-SCIPBnB/Logs/NU-111-StripPacking-25-2.log"
Set parameter TimeLimit to value 5
Set parameter Cuts to value 1
Set parameter Presolve to value 1
Set parameter Heuristics to value 1
Set parameter LogToConsole to value 0
Set parameter LPWarmStart to value 2
Warning: linear constraint 25 and linear constraint 27 have the same name "PM[0]"
Warning: linear constraint 25 and linear constraint 27 have the same name "PM[0]"
Warning: default constraint names used to write mps file
Gurobi Optimizer version 13.0.0 build v13.0.0rc1 (linux64 - "Debian GNU/Linux 13 (trixie)")

CPU model: Intel(R) Xeon(R) CPU E5-2630 v3 @ 2.40GHz, instruction set [SSE2|AVX|AVX2]
Thread count: 16 physical cores, 32 logical processors, using up to 32 threads

Non-default parameters:
TimeLimit  5
LPWarmStart  2
Heuristics  1
Cuts  1
LogToConsole  0
Presolve  1

Optimize a model with 1525 rows, 1251 columns and 4850 nonzeros (Min)
Model fingerprint: 0x6c61b1a7
Model has 1 linear objective coefficients
Variable types: 51 continuous, 1200 integer (1200 binary)
Coefficient statistics:
  Matrix range     [1e+00, 1e+04]
  Objective range  [1e+00, 1e+00]
  Bounds range     [1e+00, 1e+04]
  RHS range        [1e+00, 1e+04]

Warning: Completing partial solution with 1200 unfixed non-continuous variables out of 1200
User MIP start produced solution with objective 97.9 (0.00s)
Loaded user MIP start with objective 97.9

Presolve time: 0.01s
Presolved: 1525 rows, 1251 columns, 4850 nonzeros
Variable types: 51 continuous, 1200 integer (1200 binary)

Root relaxation: objective 4.100000e+01, 546 iterations, 0.00 seconds (0.00 work units)

    Nodes    |    Current Node    |     Objective Bounds      |     Work
 Expl Unexpl |  Obj  Depth IntInf | Incumbent    BestBd   Gap | It/Node Time

     0     0   41.00000    0   82   97.90000   41.00000  58.1%     -    0s
H    0     0                      90.0000000   41.00000  54.4%     -    0s
     0     0   41.00000    0  165   90.00000   41.00000  54.4%     -    0s
H    0     0                      89.0000000   41.00000  53.9%     -    0s
     0     0   41.00000    0  160   89.00000   41.00000  53.9%     -    0s
     0     0   41.00000    0  177   89.00000   41.00000  53.9%     -    0s
     0     0   41.00000    0   58   89.00000   41.00000  53.9%     -    0s
H    0     0                      88.0000000   41.00000  53.4%     -    0s
     0     0   41.00000    0   72   88.00000   41.00000  53.4%     -    0s
     0     0   41.00000    0  132   88.00000   41.00000  53.4%     -    0s
     0     0   41.00000    0   64   88.00000   41.00000  53.4%     -    0s
     0     0   41.00000    0   94   88.00000   41.00000  53.4%     -    0s
     0     0   41.00000    0  157   88.00000   41.00000  53.4%     -    0s
     0     0   41.00000    0   63   88.00000   41.00000  53.4%     -    0s
H    0     0                      86.0000000   41.00000  52.3%     -    0s
     0     0   41.00000    0   89   86.00000   41.00000  52.3%     -    0s
     0     0   41.00000    0  122   86.00000   41.00000  52.3%     -    0s
     0     0   41.00000    0   70   86.00000   41.00000  52.3%     -    0s
     0     0   41.00000    0   70   86.00000   41.00000  52.3%     -    0s
     0     0   41.00000    0   56   86.00000   41.00000  52.3%     -    0s
     0     2   41.00000    0   56   86.00000   41.00000  52.3%     -    0s
H   20    32                      85.0000000   41.00000  51.8%  20.1    0s
H   41    45                      85.0000000   41.00000  51.8%  21.2    0s
H  144   154                      83.0000000   41.00000  50.6%  16.3    0s
H  607   737                      82.0000000   41.00000  50.0%  15.7    1s
H  750   778                      81.0000000   41.00000  49.4%  15.5    1s
H 1430  1364                      78.0000000   41.00000  47.4%  14.3    1s
H 2608  2385                      78.0000000   41.00000  47.4%  12.9    2s
H 4259  3760                      77.0000000   41.00000  46.8%  11.9    4s

Cutting planes:
  Gomory: 4
  Cover: 9
  Implied bound: 29
  MIR: 38
  Flow cover: 135
  RLT: 39
  Relax-and-lift: 19
  BQP: 3
  PSD: 6

Explored 4391 nodes (63093 simplex iterations) in 5.01 seconds (4.06 work units)
Thread count was 32 (of 32 available processors)

Solution count 10: 77 78 78 ... 88

Time limit reached
Best objective 7.700000000000e+01, best bound 4.100000000000e+01, gap 46.7532%
