
Gurobi 13.0.0 (linux64) logging started Fri Dec 12 09:29:12 2025

Set parameter LogFile to value "./Results/StripPacking-SCIPBnB/Logs/NU-111-StripPacking-15-0.log"
Set parameter TimeLimit to value 5
Set parameter Cuts to value 1
Set parameter Presolve to value 1
Set parameter Heuristics to value 1
Set parameter LogToConsole to value 0
Set parameter LPWarmStart to value 2
Warning: linear constraint 15 and linear constraint 17 have the same name "PM[0]"
Warning: linear constraint 15 and linear constraint 17 have the same name "PM[0]"
Warning: default constraint names used to write mps file
Gurobi Optimizer version 13.0.0 build v13.0.0rc1 (linux64 - "Debian GNU/Linux 13 (trixie)")

CPU model: Intel(R) Xeon(R) CPU E5-2630 v3 @ 2.40GHz, instruction set [SSE2|AVX|AVX2]
Thread count: 16 physical cores, 32 logical processors, using up to 32 threads

Non-default parameters:
TimeLimit  5
LPWarmStart  2
Heuristics  1
Cuts  1
LogToConsole  0
Presolve  1

Optimize a model with 540 rows, 451 columns and 1710 nonzeros (Min)
Model fingerprint: 0xa9e4eb23
Model has 1 linear objective coefficients
Variable types: 31 continuous, 420 integer (420 binary)
Coefficient statistics:
  Matrix range     [1e+00, 1e+04]
  Objective range  [1e+00, 1e+00]
  Bounds range     [1e+00, 1e+04]
  RHS range        [1e+00, 1e+04]

Warning: Completing partial solution with 420 unfixed non-continuous variables out of 420
User MIP start produced solution with objective 62.1 (0.00s)
User MIP start produced solution with objective 62.1 (0.00s)
Loaded user MIP start with objective 62.1

Presolve time: 0.00s
Presolved: 540 rows, 451 columns, 1710 nonzeros
Variable types: 31 continuous, 420 integer (420 binary)

Root relaxation: objective 3.200000e+01, 198 iterations, 0.00 seconds (0.00 work units)

    Nodes    |    Current Node    |     Objective Bounds      |     Work
 Expl Unexpl |  Obj  Depth IntInf | Incumbent    BestBd   Gap | It/Node Time

     0     0   32.00000    0   42   62.10000   32.00000  48.5%     -    0s
H    0     0                      62.0000000   32.00000  48.4%     -    0s
H    0     0                      59.0000000   32.00000  45.8%     -    0s
     0     0   32.00000    0   52   59.00000   32.00000  45.8%     -    0s
H    0     0                      57.0000000   32.00000  43.9%     -    0s
     0     0   32.00000    0   52   57.00000   32.00000  43.9%     -    0s
H    0     0                      55.0000000   32.00000  41.8%     -    0s
     0     0   32.00000    0   62   55.00000   32.00000  41.8%     -    0s
     0     0   32.00000    0   18   55.00000   32.00000  41.8%     -    0s
H    0     0                      54.0000000   32.00000  40.7%     -    0s
     0     0   32.00000    0   24   54.00000   32.00000  40.7%     -    0s
     0     0   32.00000    0   54   54.00000   32.00000  40.7%     -    0s
     0     0   32.00000    0   28   54.00000   32.00000  40.7%     -    0s
     0     0   32.00000    0   42   54.00000   32.00000  40.7%     -    0s
     0     0   32.00000    0   59   54.00000   32.00000  40.7%     -    0s
     0     0   32.00000    0   24   54.00000   32.00000  40.7%     -    0s
H    0     0                      53.0000000   32.00000  39.6%     -    0s
     0     0   32.00000    0   59   53.00000   32.00000  39.6%     -    0s
     0     0   32.00000    0   58   53.00000   32.00000  39.6%     -    0s
     0     0   32.00000    0   26   53.00000   32.00000  39.6%     -    0s
     0     0   32.00000    0   26   53.00000   32.00000  39.6%     -    0s
     0     0   32.00000    0   26   53.00000   32.00000  39.6%     -    0s
     0     2   32.00000    0   25   53.00000   32.00000  39.6%     -    0s
H   17    28                      52.0000000   32.00000  38.5%  18.0    0s
H   39    41                      51.0000000   32.00000  37.3%  22.3    0s
H  355   393                      49.0000000   32.00000  34.7%  15.3    0s
H  690   597                      48.0000000   32.00000  33.3%  13.8    0s
H 1379   890                      47.0000000   32.00000  31.9%  13.2    0s
* 4217  1984              46      46.0000000   32.00000  30.4%  23.5    4s
H 4789  2037                      46.0000000   32.00000  30.4%  25.2    4s
  6023  1982   45.00000   43   43   46.00000   32.00000  30.4%  28.5    5s

Cutting planes:
  Gomory: 23
  Cover: 56
  Implied bound: 71
  Clique: 4
  MIR: 258
  Knapsack: 2
  StrongCG: 1
  Flow cover: 347
  RLT: 161
  Relax-and-lift: 134
  BQP: 8
  PSD: 69

Explored 6062 nodes (175768 simplex iterations) in 5.01 seconds (3.35 work units)
Thread count was 32 (of 32 available processors)

Solution count 10: 46 47 48 ... 57

Time limit reached
Best objective 4.599999999530e+01, best bound 3.200000000000e+01, gap 30.4348%
