
Gurobi 13.0.0 (win64) logging started Tue Dec  9 16:11:52 2025

Set parameter LogFile to value "./Results/StripPacking-SCIPBnB/Logs/NU-111-StripPacking-25-1.log"
Set parameter TimeLimit to value 5
Set parameter Cuts to value 1
Set parameter Presolve to value 1
Set parameter Heuristics to value 1
Set parameter LogToConsole to value 0
Set parameter LPWarmStart to value 2
Gurobi Optimizer version 13.0.0 build v13.0.0rc1 (win64 - Windows 11+.0 (26200.2))

CPU model: AMD Ryzen AI 9 365 w/ Radeon 880M, instruction set [SSE2|AVX|AVX2|AVX512]
Thread count: 10 physical cores, 20 logical processors, using up to 20 threads

Non-default parameters:
TimeLimit  5
LPWarmStart  2
Heuristics  1
Cuts  1
LogToConsole  0
Presolve  1

Optimize a model with 1525 rows, 1251 columns and 4850 nonzeros (Min)
Model fingerprint: 0x06e2677e
Model has 1 linear objective coefficients
Variable types: 51 continuous, 1200 integer (1200 binary)
Coefficient statistics:
  Matrix range     [1e+00, 1e+04]
  Objective range  [1e+00, 1e+00]
  Bounds range     [1e+00, 1e+04]
  RHS range        [1e+00, 1e+04]

Warning: Completing partial solution with 1200 unfixed non-continuous variables out of 1200
User MIP start produced solution with objective 99.2 (0.00s)
Loaded user MIP start with objective 99.2

Presolve time: 0.00s
Presolved: 1525 rows, 1251 columns, 4850 nonzeros
Variable types: 51 continuous, 1200 integer (1200 binary)

Root relaxation: objective 4.300000e+01, 569 iterations, 0.00 seconds (0.01 work units)

    Nodes    |    Current Node    |     Objective Bounds      |     Work
 Expl Unexpl |  Obj  Depth IntInf | Incumbent    BestBd   Gap | It/Node Time

     0     0   43.00000    0   56   99.20000   43.00000  56.7%     -    0s
H    0     0                      94.0000000   43.00000  54.3%     -    0s
H    0     0                      93.0000000   43.00000  53.8%     -    0s
H    0     0                      88.0000000   43.00000  51.1%     -    0s
H    0     0                      87.0000000   43.00000  50.6%     -    0s
H    0     0                      82.0000000   43.00000  47.6%     -    0s
     0     0   43.00000    0  106   82.00000   43.00000  47.6%     -    0s
     0     0   43.00000    0  106   82.00000   43.00000  47.6%     -    0s
     0     0   43.00000    0  125   82.00000   43.00000  47.6%     -    0s
     0     0   43.00000    0   56   82.00000   43.00000  47.6%     -    0s
     0     0   43.00000    0   56   82.00000   43.00000  47.6%     -    0s
     0     0   43.00000    0  114   82.00000   43.00000  47.6%     -    0s
     0     0   43.00000    0   52   82.00000   43.00000  47.6%     -    0s
H    0     0                      80.0000000   43.00000  46.3%     -    0s
H    0     0                      79.0000000   43.00000  45.6%     -    0s
     0     0   43.00000    0   64   79.00000   43.00000  45.6%     -    0s
     0     0   43.00000    0  105   79.00000   43.00000  45.6%     -    0s
     0     0   43.00000    0   52   79.00000   43.00000  45.6%     -    0s
     0     0   43.00000    0   52   79.00000   43.00000  45.6%     -    0s
     0     0   43.00000    0   42   79.00000   43.00000  45.6%     -    0s
H    0     0                      78.0000000   43.00000  44.9%     -    0s
H    0     2                      77.0000000   43.00000  44.2%     -    0s
     0     2   43.00000    0   42   77.00000   43.00000  44.2%     -    0s
H   25    66                      75.0000000   43.00000  42.7%  29.3    0s
H   30    66                      74.0000000   43.00000  41.9%  25.9    0s
H   52    66                      72.0000000   43.00000  40.3%  18.0    0s
H  115   151                      71.0000000   43.00000  39.4%  13.3    0s
H  150   151                      70.0000000   43.00000  38.6%  14.2    0s
  3150  2658   43.00000   27   81   70.00000   43.00000  38.6%  14.9    5s

Cutting planes:
  Gomory: 8
  Implied bound: 22
  MIR: 10
  Flow cover: 97
  RLT: 59
  Relax-and-lift: 34
  BQP: 5
  PSD: 9

Explored 3170 nodes (52454 simplex iterations) in 5.01 seconds (5.16 work units)
Thread count was 20 (of 20 available processors)

Solution count 10: 70 71 72 ... 82

Time limit reached
Best objective 7.000000000000e+01, best bound 4.300000000000e+01, gap 38.5714%
