
Gurobi 13.0.0 (linux64) logging started Fri Dec 12 09:30:30 2025

Set parameter LogFile to value "./Results/StripPacking-SCIPBnB/Logs/RU-111-StripPacking-15-2.log"
Set parameter TimeLimit to value 5
Set parameter Cuts to value 1
Set parameter Presolve to value 1
Set parameter Heuristics to value 1
Set parameter LogToConsole to value 0
Set parameter LPWarmStart to value 2
Warning: linear constraint 15 and linear constraint 17 have the same name "LB[0]"
Warning: linear constraint 15 and linear constraint 17 have the same name "LB[0]"
Warning: default constraint names used to write mps file
Gurobi Optimizer version 13.0.0 build v13.0.0rc1 (linux64 - "Debian GNU/Linux 13 (trixie)")

CPU model: Intel(R) Xeon(R) CPU E5-2630 v3 @ 2.40GHz, instruction set [SSE2|AVX|AVX2]
Thread count: 16 physical cores, 32 logical processors, using up to 32 threads

Non-default parameters:
TimeLimit  5
LPWarmStart  2
Heuristics  1
Cuts  1
LogToConsole  0
Presolve  1

Optimize a model with 1590 rows, 451 columns and 4230 nonzeros (Min)
Model fingerprint: 0x234328c8
Model has 1 linear objective coefficients
Variable types: 31 continuous, 420 integer (420 binary)
Coefficient statistics:
  Matrix range     [1e+00, 1e+04]
  Objective range  [1e+00, 1e+00]
  Bounds range     [1e+00, 1e+04]
  RHS range        [1e+00, 1e+04]

Warning: Completing partial solution with 420 unfixed non-continuous variables out of 420
User MIP start produced solution with objective 78.1 (0.00s)
Loaded user MIP start with objective 78.1

Presolve removed 210 rows and 0 columns
Presolve time: 0.01s
Presolved: 1380 rows, 451 columns, 4394 nonzeros
Variable types: 31 continuous, 420 integer (420 binary)

Root relaxation: objective 4.500000e+01, 276 iterations, 0.01 seconds (0.01 work units)

    Nodes    |    Current Node    |     Objective Bounds      |     Work
 Expl Unexpl |  Obj  Depth IntInf | Incumbent    BestBd   Gap | It/Node Time

     0     0   45.00000    0   15   78.10000   45.00000  42.4%     -    0s
H    0     0                      77.6000000   45.00000  42.0%     -    0s
H    0     0                      77.0000000   45.00000  41.6%     -    0s
     0     0   45.00000    0   38   77.00000   45.00000  41.6%     -    0s
H    0     0                      72.0000000   45.00000  37.5%     -    0s
     0     0   45.00000    0   38   72.00000   45.00000  37.5%     -    0s
H    0     0                      71.0000000   45.00000  36.6%     -    0s
     0     0   45.00000    0   44   71.00000   45.00000  36.6%     -    0s
     0     0   45.00000    0   10   71.00000   45.00000  36.6%     -    0s
H    0     0                      69.0000000   45.00000  34.8%     -    0s
     0     0   45.00000    0   13   69.00000   45.00000  34.8%     -    0s
     0     0   45.00000    0   12   69.00000   45.00000  34.8%     -    0s
     0     0   45.00000    0   10   69.00000   45.00000  34.8%     -    0s
     0     0   45.00000    0   10   69.00000   45.00000  34.8%     -    0s
     0     0   45.00000    0   12   69.00000   45.00000  34.8%     -    0s
     0     0   45.00000    0    6   69.00000   45.00000  34.8%     -    0s
H    0     0                      64.0000000   45.00000  29.7%     -    0s
     0     0   45.00000    0    6   64.00000   45.00000  29.7%     -    0s
     0     0   45.00000    0   10   64.00000   45.00000  29.7%     -    0s
     0     0   45.00000    0    8   64.00000   45.00000  29.7%     -    0s
     0     0   45.00000    0    8   64.00000   45.00000  29.7%     -    0s
     0     0   45.00000    0   10   64.00000   45.00000  29.7%     -    0s
     0     0   45.00000    0    8   64.00000   45.00000  29.7%     -    0s
     0     0   45.00000    0    8   64.00000   45.00000  29.7%     -    0s
     0     0   45.00000    0   10   64.00000   45.00000  29.7%     -    0s
     0     0   45.00000    0    8   64.00000   45.00000  29.7%     -    0s
     0     0   45.00000    0    8   64.00000   45.00000  29.7%     -    0s
     0     2   45.00000    0    8   64.00000   45.00000  29.7%     -    0s
H   71   127                      63.0000000   45.00000  28.6%  12.8    0s
H  176   356                      62.0000000   45.00000  27.4%  14.6    0s
H  376   446                      61.0000000   45.00000  26.2%  15.5    0s
H  391   446                      60.0000000   45.00000  25.0%  15.5    0s
H  400   446                      59.0000000   45.00000  23.7%  15.6    0s
H  444   446                      57.0000000   45.00000  21.1%  15.9    0s
H  635   788                      56.0000000   45.00000  19.6%  15.1    0s
H  643   788                      54.0000000   45.00000  16.7%  15.1    0s
H 2313  1418                      53.0000000   45.00000  15.1%  12.0    0s
H 3234  1682                      52.0000000   45.00000  13.5%  11.4    2s
H 3238  1600                      51.0000000   45.00000  11.8%  11.4    2s
  4291  2057   45.00000   28   18   51.00000   45.00000  11.8%  16.3    5s

Cutting planes:
  Learned: 39
  Cover: 17
  Implied bound: 6
  Clique: 9
  MIR: 5
  Flow cover: 30
  GUB cover: 1
  RLT: 1
  Relax-and-lift: 7

Explored 4328 nodes (74020 simplex iterations) in 5.01 seconds (2.72 work units)
Thread count was 32 (of 32 available processors)

Solution count 10: 51 52 53 ... 62

Time limit reached
Best objective 5.100000000000e+01, best bound 4.500000000000e+01, gap 11.7647%
