
Gurobi 13.0.0 (linux64) logging started Fri Dec 12 09:30:56 2025

Set parameter LogFile to value "./Results/StripPacking-SCIPBnB/Logs/RU-111-StripPacking-25-3.log"
Set parameter TimeLimit to value 5
Set parameter Cuts to value 1
Set parameter Presolve to value 1
Set parameter Heuristics to value 1
Set parameter LogToConsole to value 0
Set parameter LPWarmStart to value 2
Warning: linear constraint 25 and linear constraint 27 have the same name "LB[0]"
Warning: linear constraint 25 and linear constraint 27 have the same name "LB[0]"
Warning: default constraint names used to write mps file
Gurobi Optimizer version 13.0.0 build v13.0.0rc1 (linux64 - "Debian GNU/Linux 13 (trixie)")

CPU model: Intel(R) Xeon(R) CPU E5-2630 v3 @ 2.40GHz, instruction set [SSE2|AVX|AVX2]
Thread count: 16 physical cores, 32 logical processors, using up to 32 threads

Non-default parameters:
TimeLimit  5
LPWarmStart  2
Heuristics  1
Cuts  1
LogToConsole  0
Presolve  1

Optimize a model with 4525 rows, 1251 columns and 12050 nonzeros (Min)
Model fingerprint: 0x6cae1619
Model has 1 linear objective coefficients
Variable types: 51 continuous, 1200 integer (1200 binary)
Coefficient statistics:
  Matrix range     [1e+00, 1e+04]
  Objective range  [1e+00, 1e+00]
  Bounds range     [1e+00, 1e+04]
  RHS range        [1e+00, 1e+04]

Warning: Completing partial solution with 1200 unfixed non-continuous variables out of 1200
User MIP start produced solution with objective 93.4 (0.00s)
Loaded user MIP start with objective 93.4

Presolve removed 600 rows and 0 columns
Presolve time: 0.02s
Presolved: 3925 rows, 1251 columns, 10850 nonzeros
Variable types: 51 continuous, 1200 integer (1200 binary)

Root relaxation: objective 3.600000e+01, 737 iterations, 0.02 seconds (0.02 work units)

    Nodes    |    Current Node    |     Objective Bounds      |     Work
 Expl Unexpl |  Obj  Depth IntInf | Incumbent    BestBd   Gap | It/Node Time

     0     0   36.00000    0  147   93.40000   36.00000  61.5%     -    0s
H    0     0                      92.0000000   36.00000  60.9%     -    0s
     0     0   36.00000    0  184   92.00000   36.00000  60.9%     -    0s
     0     0   36.00000    0  171   92.00000   36.00000  60.9%     -    0s
H    0     0                      91.0000000   36.00000  60.4%     -    0s
     0     0   36.00000    0  263   91.00000   36.00000  60.4%     -    0s
     0     0   36.00000    0  118   91.00000   36.00000  60.4%     -    0s
     0     0   36.00000    0  120   91.00000   36.00000  60.4%     -    0s
     0     0   36.00000    0  202   91.00000   36.00000  60.4%     -    0s
     0     0   36.00000    0  105   91.00000   36.00000  60.4%     -    0s
     0     0   36.00000    0  108   91.00000   36.00000  60.4%     -    0s
     0     0   36.00000    0  160   91.00000   36.00000  60.4%     -    0s
     0     0   36.00000    0   88   91.00000   36.00000  60.4%     -    0s
     0     0   36.00000    0  107   91.00000   36.00000  60.4%     -    0s
     0     0   36.00000    0  157   91.00000   36.00000  60.4%     -    0s
     0     0   36.00000    0   84   91.00000   36.00000  60.4%     -    0s
H    0     0                      87.0000000   36.00000  58.6%     -    1s
     0     0   36.00000    0  103   87.00000   36.00000  58.6%     -    1s
     0     0   36.00000    0  181   87.00000   36.00000  58.6%     -    1s
     0     0   36.00000    0   81   87.00000   36.00000  58.6%     -    1s
     0     0   36.00000    0  125   87.00000   36.00000  58.6%     -    1s
     0     0   36.00000    0  146   87.00000   36.00000  58.6%     -    1s
     0     0   36.00000    0   78   87.00000   36.00000  58.6%     -    1s
     0     0   36.00000    0  123   87.00000   36.00000  58.6%     -    1s
     0     0   36.00000    0  151   87.00000   36.00000  58.6%     -    1s
     0     0   36.00000    0   84   87.00000   36.00000  58.6%     -    1s
     0     0   36.00000    0   84   87.00000   36.00000  58.6%     -    1s
     0     0   36.00000    0   84   87.00000   36.00000  58.6%     -    1s
     0     2   36.00000    0   84   87.00000   36.00000  58.6%     -    1s
H  120   135                      86.0000000   36.00000  58.1%   123    3s
H  150   202                      85.0000000   36.00000  57.6%   113    3s
   364   383   49.00000   18  297   85.00000   36.00000  57.6%  98.4    5s

Cutting planes:
  Learned: 147
  Cover: 113
  Implied bound: 1
  MIR: 159
  GUB cover: 16
  Zero half: 5
  RLT: 11
  Relax-and-lift: 33

Explored 383 nodes (51495 simplex iterations) in 5.01 seconds (3.96 work units)
Thread count was 32 (of 32 available processors)

Solution count 6: 85 86 87 ... 93.4

Time limit reached
Best objective 8.500000000000e+01, best bound 3.600000000000e+01, gap 57.6471%
