
Gurobi 13.0.0 (win64) logging started Tue Dec  9 16:13:11 2025

Set parameter LogFile to value "./Results/StripPacking-SCIPBnB/Logs/RU-111-StripPacking-25-2.log"
Set parameter TimeLimit to value 5
Set parameter Cuts to value 1
Set parameter Presolve to value 1
Set parameter Heuristics to value 1
Set parameter LogToConsole to value 0
Set parameter LPWarmStart to value 2
Gurobi Optimizer version 13.0.0 build v13.0.0rc1 (win64 - Windows 11+.0 (26200.2))

CPU model: AMD Ryzen AI 9 365 w/ Radeon 880M, instruction set [SSE2|AVX|AVX2|AVX512]
Thread count: 10 physical cores, 20 logical processors, using up to 20 threads

Non-default parameters:
TimeLimit  5
LPWarmStart  2
Heuristics  1
Cuts  1
LogToConsole  0
Presolve  1

Optimize a model with 4525 rows, 1251 columns and 12050 nonzeros (Min)
Model fingerprint: 0x4cb624d8
Model has 1 linear objective coefficients
Variable types: 51 continuous, 1200 integer (1200 binary)
Coefficient statistics:
  Matrix range     [1e+00, 1e+04]
  Objective range  [1e+00, 1e+00]
  Bounds range     [1e+00, 1e+04]
  RHS range        [1e+00, 1e+04]

Warning: Completing partial solution with 1200 unfixed non-continuous variables out of 1200
User MIP start produced solution with objective 97.9 (0.00s)
Loaded user MIP start with objective 97.9

Presolve removed 600 rows and 0 columns
Presolve time: 0.00s
Presolved: 3925 rows, 1251 columns, 10850 nonzeros
Variable types: 51 continuous, 1200 integer (1200 binary)

Root relaxation: objective 4.100000e+01, 737 iterations, 0.01 seconds (0.02 work units)

    Nodes    |    Current Node    |     Objective Bounds      |     Work
 Expl Unexpl |  Obj  Depth IntInf | Incumbent    BestBd   Gap | It/Node Time

     0     0   41.00000    0   84   97.90000   41.00000  58.1%     -    0s
H    0     0                      96.0000000   41.00000  57.3%     -    0s
     0     0   41.00000    0  121   96.00000   41.00000  57.3%     -    0s
     0     0   41.00000    0   92   96.00000   41.00000  57.3%     -    0s
H    0     0                      91.0000000   41.00000  54.9%     -    0s
     0     0   41.00000    0  176   91.00000   41.00000  54.9%     -    0s
     0     0   41.00000    0   81   91.00000   41.00000  54.9%     -    0s
     0     0   41.00000    0   87   91.00000   41.00000  54.9%     -    0s
     0     0   41.00000    0  128   91.00000   41.00000  54.9%     -    0s
     0     0   41.00000    0   71   91.00000   41.00000  54.9%     -    0s
     0     0   41.00000    0   75   91.00000   41.00000  54.9%     -    0s
     0     0   41.00000    0  129   91.00000   41.00000  54.9%     -    0s
     0     0   41.00000    0   62   91.00000   41.00000  54.9%     -    0s
     0     0   41.00000    0   71   91.00000   41.00000  54.9%     -    0s
     0     0   41.00000    0  170   91.00000   41.00000  54.9%     -    0s
     0     0   41.00000    0   74   91.00000   41.00000  54.9%     -    0s
     0     0   41.00000    0  100   91.00000   41.00000  54.9%     -    0s
     0     0   41.00000    0  108   91.00000   41.00000  54.9%     -    0s
     0     0   41.00000    0   72   91.00000   41.00000  54.9%     -    0s
     0     0   41.00000    0   77   91.00000   41.00000  54.9%     -    0s
     0     0   41.00000    0  110   91.00000   41.00000  54.9%     -    0s
     0     0   41.00000    0   81   91.00000   41.00000  54.9%     -    0s
     0     0   41.00000    0   81   91.00000   41.00000  54.9%     -    0s
     0     0   41.00000    0   73   91.00000   41.00000  54.9%     -    0s
     0     2   41.00000    0   73   91.00000   41.00000  54.9%     -    0s
H   26    41                      90.0000000   41.00000  54.4%  69.3    1s
H   70    76                      89.0000000   41.00000  53.9%  46.5    1s
H  175   230                      88.0000000   41.00000  53.4%  40.2    1s
H  213   230                      87.0000000   41.00000  52.9%  41.1    1s
H  247   317                      86.0000000   41.00000  52.3%  39.8    1s
H  301   317                      85.0000000   41.00000  51.8%  43.0    1s
H  319   577                      83.0000000   41.00000  50.6%  43.8    2s
H  807   777                      83.0000000   41.00000  50.6%  40.1    4s
   809   890   53.00000   70  127   83.00000   41.00000  50.6%  40.2    5s

Cutting planes:
  Learned: 83
  Gomory: 1
  MIR: 45

Explored 958 nodes (49021 simplex iterations) in 5.02 seconds (6.35 work units)
Thread count was 20 (of 20 available processors)

Solution count 10: 83 83 85 ... 96

Time limit reached
Best objective 8.299999999160e+01, best bound 4.100000000000e+01, gap 50.6024%
