
Gurobi 13.0.0 (win64) logging started Tue Dec  9 16:12:55 2025

Set parameter LogFile to value "./Results/StripPacking-SCIPBnB/Logs/RU-111-StripPacking-15-3.log"
Set parameter TimeLimit to value 5
Set parameter Cuts to value 1
Set parameter Presolve to value 1
Set parameter Heuristics to value 1
Set parameter LogToConsole to value 0
Set parameter LPWarmStart to value 2
Gurobi Optimizer version 13.0.0 build v13.0.0rc1 (win64 - Windows 11+.0 (26200.2))

CPU model: AMD Ryzen AI 9 365 w/ Radeon 880M, instruction set [SSE2|AVX|AVX2|AVX512]
Thread count: 10 physical cores, 20 logical processors, using up to 20 threads

Non-default parameters:
TimeLimit  5
LPWarmStart  2
Heuristics  1
Cuts  1
LogToConsole  0
Presolve  1

Optimize a model with 1590 rows, 451 columns and 4230 nonzeros (Min)
Model fingerprint: 0x31c45883
Model has 1 linear objective coefficients
Variable types: 31 continuous, 420 integer (420 binary)
Coefficient statistics:
  Matrix range     [1e+00, 1e+04]
  Objective range  [1e+00, 1e+00]
  Bounds range     [1e+00, 1e+04]
  RHS range        [1e+00, 1e+04]

Warning: Completing partial solution with 420 unfixed non-continuous variables out of 420
User MIP start produced solution with objective 62.1 (0.00s)
User MIP start produced solution with objective 62.1 (0.00s)
Loaded user MIP start with objective 62.1

Presolve removed 210 rows and 0 columns
Presolve time: 0.01s
Presolved: 1380 rows, 451 columns, 4394 nonzeros
Variable types: 31 continuous, 420 integer (420 binary)

Root relaxation: objective 3.000000e+01, 366 iterations, 0.00 seconds (0.01 work units)

    Nodes    |    Current Node    |     Objective Bounds      |     Work
 Expl Unexpl |  Obj  Depth IntInf | Incumbent    BestBd   Gap | It/Node Time

     0     0   30.00000    0   32   62.10000   30.00000  51.7%     -    0s
H    0     0                      61.0000000   30.00000  50.8%     -    0s
H    0     0                      55.0000000   30.00000  45.5%     -    0s
     0     0   30.00000    0   60   55.00000   30.00000  45.5%     -    0s
     0     0   30.00000    0   48   55.00000   30.00000  45.5%     -    0s
     0     0   30.00000    0   68   55.00000   30.00000  45.5%     -    0s
     0     0   30.00000    0   35   55.00000   30.00000  45.5%     -    0s
     0     0   30.00000    0   45   55.00000   30.00000  45.5%     -    0s
     0     0   30.00000    0   41   55.00000   30.00000  45.5%     -    0s
     0     0   30.00000    0   39   55.00000   30.00000  45.5%     -    0s
     0     0   30.00000    0   36   55.00000   30.00000  45.5%     -    0s
     0     0   30.00000    0   49   55.00000   30.00000  45.5%     -    0s
     0     0   30.00000    0   28   55.00000   30.00000  45.5%     -    0s
     0     0   30.00000    0   38   55.00000   30.00000  45.5%     -    0s
     0     0   30.00000    0   71   55.00000   30.00000  45.5%     -    0s
     0     0   30.00000    0   40   55.00000   30.00000  45.5%     -    0s
     0     0   30.00000    0   40   55.00000   30.00000  45.5%     -    0s
     0     0   30.00000    0   36   55.00000   30.00000  45.5%     -    0s
     0     2   30.00000    0   36   55.00000   30.00000  45.5%     -    0s
H   70    90                      54.0000000   30.00000  44.4%  29.7    0s
H  427   385                      54.0000000   30.00000  44.4%  22.2    0s
H  583   513                      52.0000000   30.00000  42.3%  23.4    0s
* 1203   910              57      51.0000000   30.00000  41.2%  19.9    1s
H 1469  1061                      51.0000000   30.00000  41.2%  19.8    1s
H 1479  1033                      50.0000000   30.00000  40.0%  19.8    1s
H 1702  1139                      50.0000000   30.00000  40.0%  19.2    1s
H 1816  1148                      49.0000000   30.00000  38.8%  19.0    2s
H 2508  1489                      49.0000000   30.00000  38.8%  22.4    2s
H 2623  1493                      47.0000000   30.00000  36.2%  22.6    2s
H 3007  1569                      46.0000000   30.00000  34.8%  24.2    3s
H 3209  1562                      46.0000000   30.00000  34.8%  25.2    3s
  3808  1711   30.00000   21   67   46.00000   30.00000  34.8%  27.1    5s

Cutting planes:
  Learned: 142
  Gomory: 4
  Cover: 11
  Implied bound: 6
  Clique: 2
  MIR: 58
  Flow cover: 63
  GUB cover: 6
  Zero half: 2
  Relax-and-lift: 37

Explored 3850 nodes (109322 simplex iterations) in 5.03 seconds (5.07 work units)
Thread count was 20 (of 20 available processors)

Solution count 10: 46 46 47 ... 52

Time limit reached
Best objective 4.599999999530e+01, best bound 3.000000000000e+01, gap 34.7826%
