
Gurobi 13.0.0 (win64) logging started Tue Dec  9 16:13:01 2025

Set parameter LogFile to value "./Results/StripPacking-SCIPBnB/Logs/RU-111-StripPacking-25-0.log"
Set parameter TimeLimit to value 5
Set parameter Cuts to value 1
Set parameter Presolve to value 1
Set parameter Heuristics to value 1
Set parameter LogToConsole to value 0
Set parameter LPWarmStart to value 2
Gurobi Optimizer version 13.0.0 build v13.0.0rc1 (win64 - Windows 11+.0 (26200.2))

CPU model: AMD Ryzen AI 9 365 w/ Radeon 880M, instruction set [SSE2|AVX|AVX2|AVX512]
Thread count: 10 physical cores, 20 logical processors, using up to 20 threads

Non-default parameters:
TimeLimit  5
LPWarmStart  2
Heuristics  1
Cuts  1
LogToConsole  0
Presolve  1

Optimize a model with 4525 rows, 1251 columns and 12050 nonzeros (Min)
Model fingerprint: 0x59a3b7cc
Model has 1 linear objective coefficients
Variable types: 51 continuous, 1200 integer (1200 binary)
Coefficient statistics:
  Matrix range     [1e+00, 1e+04]
  Objective range  [1e+00, 1e+00]
  Bounds range     [1e+00, 1e+04]
  RHS range        [1e+00, 1e+04]

Warning: Completing partial solution with 1200 unfixed non-continuous variables out of 1200
User MIP start produced solution with objective 106.2 (0.00s)
Loaded user MIP start with objective 106.2

Presolve removed 600 rows and 0 columns
Presolve time: 0.02s
Presolved: 3925 rows, 1251 columns, 10850 nonzeros
Variable types: 51 continuous, 1200 integer (1200 binary)

Root relaxation: objective 3.400000e+01, 684 iterations, 0.02 seconds (0.02 work units)

    Nodes    |    Current Node    |     Objective Bounds      |     Work
 Expl Unexpl |  Obj  Depth IntInf | Incumbent    BestBd   Gap | It/Node Time

     0     0   34.00000    0  115  106.20000   34.00000  68.0%     -    0s
H    0     0                     101.0000000   34.00000  66.3%     -    0s
     0     0   34.00000    0  192  101.00000   34.00000  66.3%     -    0s
     0     0   34.00000    0  155  101.00000   34.00000  66.3%     -    0s
     0     0   34.00000    0  178  101.00000   34.00000  66.3%     -    0s
     0     0   34.00000    0   99  101.00000   34.00000  66.3%     -    0s
     0     0   34.00000    0   94  101.00000   34.00000  66.3%     -    0s
     0     0   34.00000    0  186  101.00000   34.00000  66.3%     -    0s
     0     0   34.00000    0  136  101.00000   34.00000  66.3%     -    0s
     0     0   34.00000    0  135  101.00000   34.00000  66.3%     -    0s
     0     0   34.00000    0  173  101.00000   34.00000  66.3%     -    0s
     0     0   34.00000    0  173  101.00000   34.00000  66.3%     -    0s
     0     0   34.00000    0  163  101.00000   34.00000  66.3%     -    0s
     0     0   34.00000    0  196  101.00000   34.00000  66.3%     -    0s
     0     0   34.00000    0  139  101.00000   34.00000  66.3%     -    0s
     0     0   34.00000    0  139  101.00000   34.00000  66.3%     -    0s
     0     0   34.00000    0  121  101.00000   34.00000  66.3%     -    0s
     0     2   34.00000    0  121  101.00000   34.00000  66.3%     -    0s
H   34    39                     100.0000000   34.00000  66.0%   147    1s
H  210   297                      99.0000000   34.00000  65.7%  74.7    1s
H  616   941                      97.0000000   34.00000  64.9%  62.3    2s
H  999  1016                      96.0000000   34.00000  64.6%  54.9    3s
H 1002  1016                      94.0000000   34.00000  63.8%  54.9    3s
H 1100  1178                      92.0000000   34.00000  63.0%  55.0    3s
H 1139  1177                      91.0000000   34.00000  62.6%  54.8    3s
H 1330  1352                      89.0000000   34.00000  61.8%  56.2    4s
H 1386  1352                      88.0000000   34.00000  61.4%  58.3    4s
  1483  2197   34.72727   52  236   88.00000   34.00000  61.4%  56.9    5s
H 1809  2193                      86.0000000   34.00000  60.5%  56.6    5s

Cutting planes:
  Learned: 158
  Gomory: 6
  Cover: 72
  MIR: 290
  StrongCG: 1
  GUB cover: 7
  Zero half: 1
  RLT: 20
  Relax-and-lift: 19

Explored 2540 nodes (147174 simplex iterations) in 5.06 seconds (6.18 work units)
Thread count was 20 (of 20 available processors)

Solution count 10: 86 88 89 ... 100

Time limit reached
Best objective 8.600000000000e+01, best bound 3.400000000000e+01, gap 60.4651%
