
Gurobi 13.0.0 (linux64) logging started Fri Dec 12 09:30:25 2025

Set parameter LogFile to value "./Results/StripPacking-SCIPBnB/Logs/RU-111-StripPacking-15-0.log"
Set parameter TimeLimit to value 5
Set parameter Cuts to value 1
Set parameter Presolve to value 1
Set parameter Heuristics to value 1
Set parameter LogToConsole to value 0
Set parameter LPWarmStart to value 2
Warning: linear constraint 15 and linear constraint 17 have the same name "LB[0]"
Warning: linear constraint 15 and linear constraint 17 have the same name "LB[0]"
Warning: default constraint names used to write mps file
Gurobi Optimizer version 13.0.0 build v13.0.0rc1 (linux64 - "Debian GNU/Linux 13 (trixie)")

CPU model: Intel(R) Xeon(R) CPU E5-2630 v3 @ 2.40GHz, instruction set [SSE2|AVX|AVX2]
Thread count: 16 physical cores, 32 logical processors, using up to 32 threads

Non-default parameters:
TimeLimit  5
LPWarmStart  2
Heuristics  1
Cuts  1
LogToConsole  0
Presolve  1

Optimize a model with 1590 rows, 451 columns and 4230 nonzeros (Min)
Model fingerprint: 0xda35ff6a
Model has 1 linear objective coefficients
Variable types: 31 continuous, 420 integer (420 binary)
Coefficient statistics:
  Matrix range     [1e+00, 1e+04]
  Objective range  [1e+00, 1e+00]
  Bounds range     [1e+00, 1e+04]
  RHS range        [1e+00, 1e+04]

Warning: Completing partial solution with 420 unfixed non-continuous variables out of 420
User MIP start produced solution with objective 62.1 (0.00s)
User MIP start produced solution with objective 62.1 (0.00s)
Loaded user MIP start with objective 62.1

Presolve removed 210 rows and 0 columns
Presolve time: 0.01s
Presolved: 1380 rows, 451 columns, 4393 nonzeros
Variable types: 31 continuous, 420 integer (420 binary)

Root relaxation: objective 3.200000e+01, 406 iterations, 0.01 seconds (0.01 work units)

    Nodes    |    Current Node    |     Objective Bounds      |     Work
 Expl Unexpl |  Obj  Depth IntInf | Incumbent    BestBd   Gap | It/Node Time

     0     0   32.00000    0   41   62.10000   32.00000  48.5%     -    0s
H    0     0                      61.0000000   32.00000  47.5%     -    0s
     0     0   32.00000    0   53   61.00000   32.00000  47.5%     -    0s
     0     0   32.00000    0   40   61.00000   32.00000  47.5%     -    0s
     0     0   32.00000    0   75   61.00000   32.00000  47.5%     -    0s
     0     0   32.00000    0   27   61.00000   32.00000  47.5%     -    0s
     0     0   32.00000    0   28   61.00000   32.00000  47.5%     -    0s
     0     0   32.00000    0   42   61.00000   32.00000  47.5%     -    0s
     0     0   32.00000    0   30   61.00000   32.00000  47.5%     -    0s
H    0     0                      60.0000000   32.00000  46.7%     -    0s
     0     0   32.00000    0   49   60.00000   32.00000  46.7%     -    0s
     0     0   32.00000    0   46   60.00000   32.00000  46.7%     -    0s
     0     0   32.00000    0   39   60.00000   32.00000  46.7%     -    0s
     0     0   32.00000    0   39   60.00000   32.00000  46.7%     -    0s
     0     0   32.00000    0   39   60.00000   32.00000  46.7%     -    0s
H    0     0                      59.0000000   32.00000  45.8%     -    0s
     0     2   32.00000    0   39   59.00000   32.00000  45.8%     -    0s
H   47   106                      58.0000000   32.00000  44.8%  37.1    0s
H  171   186                      57.0000000   32.00000  43.9%  27.2    0s
H  185   257                      56.0000000   32.00000  42.9%  26.6    0s
H  258   334                      55.0000000   32.00000  41.8%  26.9    0s
H  580   578                      52.0000000   32.00000  38.5%  26.1    0s
H 1076   904                      52.0000000   32.00000  38.5%  25.6    1s
H 2340  1553                      51.0000000   32.00000  37.3%  21.7    3s
H 2647  1702                      51.0000000   32.00000  37.3%  21.4    4s
H 2670  1382                      48.0000000   32.00000  33.3%  21.4    4s

Cutting planes:
  Learned: 9
  Gomory: 11
  Cover: 7
  Implied bound: 3
  Clique: 1
  MIR: 21
  Flow cover: 86
  GUB cover: 9
  Relax-and-lift: 12

Explored 2945 nodes (66889 simplex iterations) in 5.03 seconds (4.35 work units)
Thread count was 32 (of 32 available processors)

Solution count 10: 48 51 51 ... 60

Time limit reached
Best objective 4.800000000000e+01, best bound 3.200000000000e+01, gap 33.3333%
