
Gurobi 13.0.0 (win64) logging started Tue Dec  9 16:13:58 2025

Set parameter LogFile to value "./Results/StripPacking-SCIPBnB/Logs/SBL-111-StripPacking-15-0.log"
Set parameter TimeLimit to value 5
Set parameter Cuts to value 1
Set parameter Presolve to value 1
Set parameter Heuristics to value 1
Set parameter LogToConsole to value 0
Set parameter LPWarmStart to value 2
Gurobi Optimizer version 13.0.0 build v13.0.0rc1 (win64 - Windows 11+.0 (26200.2))

CPU model: AMD Ryzen AI 9 365 w/ Radeon 880M, instruction set [SSE2|AVX|AVX2|AVX512]
Thread count: 10 physical cores, 20 logical processors, using up to 20 threads

Non-default parameters:
TimeLimit  5
LPWarmStart  2
Heuristics  1
Cuts  1
LogToConsole  0
Presolve  1

Optimize a model with 1275 rows, 241 columns and 4230 nonzeros (Min)
Model fingerprint: 0xaf25fd54
Model has 1 linear objective coefficients
Variable types: 31 continuous, 210 integer (210 binary)
Coefficient statistics:
  Matrix range     [1e+00, 1e+04]
  Objective range  [1e+00, 1e+00]
  Bounds range     [1e+00, 1e+04]
  RHS range        [5e-01, 1e+04]

Warning: Completing partial solution with 210 unfixed non-continuous variables out of 210
User MIP start produced solution with objective 62.1 (0.00s)
User MIP start produced solution with objective 62.1 (0.00s)
Loaded user MIP start with objective 62.1

Presolve removed 210 rows and 0 columns
Presolve time: 0.00s
Presolved: 1065 rows, 241 columns, 3600 nonzeros
Variable types: 31 continuous, 210 integer (210 binary)

Root relaxation: objective 3.200000e+01, 129 iterations, 0.00 seconds (0.00 work units)

    Nodes    |    Current Node    |     Objective Bounds      |     Work
 Expl Unexpl |  Obj  Depth IntInf | Incumbent    BestBd   Gap | It/Node Time

     0     0   32.00000    0   24   62.10000   32.00000  48.5%     -    0s
H    0     0                      62.0000000   32.00000  48.4%     -    0s
     0     0   32.00000    0   35   62.00000   32.00000  48.4%     -    0s
H    0     0                      61.0000000   32.00000  47.5%     -    0s
     0     0   32.00000    0   32   61.00000   32.00000  47.5%     -    0s
     0     0   32.00000    0   38   61.00000   32.00000  47.5%     -    0s
     0     0   32.00000    0   16   61.00000   32.00000  47.5%     -    0s
H    0     0                      60.0000000   32.00000  46.7%     -    0s
     0     0   32.00000    0   20   60.00000   32.00000  46.7%     -    0s
     0     0   32.00000    0   39   60.00000   32.00000  46.7%     -    0s
     0     0   32.00000    0   22   60.00000   32.00000  46.7%     -    0s
H    0     0                      58.0000000   32.00000  44.8%     -    0s
     0     0   32.00000    0   36   58.00000   32.00000  44.8%     -    0s
     0     0   32.00000    0   38   58.00000   32.00000  44.8%     -    0s
     0     0   32.00000    0   19   58.00000   32.00000  44.8%     -    0s
     0     0   32.00000    0   28   58.00000   32.00000  44.8%     -    0s
     0     0   32.00000    0   34   58.00000   32.00000  44.8%     -    0s
     0     0   32.00000    0   15   58.00000   32.00000  44.8%     -    0s
     0     0   32.00000    0   15   58.00000   32.00000  44.8%     -    0s
     0     0   32.00000    0   15   58.00000   32.00000  44.8%     -    0s
H    0     0                      57.0000000   32.00000  43.9%     -    0s
H    0     2                      55.0000000   32.00000  41.8%     -    0s
     0     2   32.00000    0   11   55.00000   32.00000  41.8%     -    0s
H   91   101                      49.0000000   32.00000  34.7%  35.4    0s
H  163   335                      49.0000000   32.00000  34.7%  30.5    0s
H  917   810                      48.0000000   32.00000  33.3%  21.4    0s
H 1469  1023                      47.0000000   32.00000  31.9%  21.2    0s
  5471  1994 infeasible   26        47.00000   32.00000  31.9%  28.6    5s

Cutting planes:
  Learned: 506
  Gomory: 4
  Cover: 17
  Implied bound: 2
  MIR: 30
  StrongCG: 1
  Flow cover: 61
  RLT: 15
  Relax-and-lift: 2

Explored 5472 nodes (159931 simplex iterations) in 5.01 seconds (4.35 work units)
Thread count was 20 (of 20 available processors)

Solution count 10: 47 48 49 ... 62

Time limit reached
Best objective 4.700000000000e+01, best bound 3.200000000000e+01, gap 31.9149%
