
Gurobi 13.0.0 (linux64) logging started Fri Dec 12 09:32:05 2025

Set parameter LogFile to value "./Results/StripPacking-SCIPBnB/Logs/SBL-111-StripPacking-25-2.log"
Set parameter TimeLimit to value 5
Set parameter Cuts to value 1
Set parameter Presolve to value 1
Set parameter Heuristics to value 1
Set parameter LogToConsole to value 0
Set parameter LPWarmStart to value 2
Warning: linear constraint 25 and linear constraint 27 have the same name "LB[0]"
Warning: linear constraint 25 and linear constraint 27 have the same name "LB[0]"
Warning: default constraint names used to write mps file
Gurobi Optimizer version 13.0.0 build v13.0.0rc1 (linux64 - "Debian GNU/Linux 13 (trixie)")

CPU model: Intel(R) Xeon(R) CPU E5-2630 v3 @ 2.40GHz, instruction set [SSE2|AVX|AVX2]
Thread count: 16 physical cores, 32 logical processors, using up to 32 threads

Non-default parameters:
TimeLimit  5
LPWarmStart  2
Heuristics  1
Cuts  1
LogToConsole  0
Presolve  1

Optimize a model with 3625 rows, 651 columns and 12050 nonzeros (Min)
Model fingerprint: 0x5b4186ee
Model has 1 linear objective coefficients
Variable types: 51 continuous, 600 integer (600 binary)
Coefficient statistics:
  Matrix range     [1e+00, 1e+04]
  Objective range  [1e+00, 1e+00]
  Bounds range     [1e+00, 1e+04]
  RHS range        [1e+00, 1e+04]

Warning: Completing partial solution with 600 unfixed non-continuous variables out of 600
User MIP start produced solution with objective 97.9 (0.00s)
Loaded user MIP start with objective 97.9

Presolve removed 600 rows and 0 columns
Presolve time: 0.01s
Presolved: 3025 rows, 651 columns, 10250 nonzeros
Variable types: 51 continuous, 600 integer (600 binary)

Root relaxation: objective 4.100000e+01, 275 iterations, 0.01 seconds (0.01 work units)

    Nodes    |    Current Node    |     Objective Bounds      |     Work
 Expl Unexpl |  Obj  Depth IntInf | Incumbent    BestBd   Gap | It/Node Time

     0     0   41.00000    0   46   97.90000   41.00000  58.1%     -    0s
H    0     0                      92.0000000   41.00000  55.4%     -    0s
     0     0   41.00000    0  111   92.00000   41.00000  55.4%     -    0s
     0     0   41.00000    0   99   92.00000   41.00000  55.4%     -    0s
     0     0   41.00000    0  108   92.00000   41.00000  55.4%     -    0s
     0     0   41.00000    0   52   92.00000   41.00000  55.4%     -    0s
H    0     0                      86.0000000   41.00000  52.3%     -    0s
     0     0   41.00000    0   67   86.00000   41.00000  52.3%     -    0s
     0     0   41.00000    0   88   86.00000   41.00000  52.3%     -    0s
     0     0   41.00000    0   42   86.00000   41.00000  52.3%     -    0s
     0     0   41.00000    0   54   86.00000   41.00000  52.3%     -    0s
     0     0   41.00000    0   86   86.00000   41.00000  52.3%     -    0s
     0     0   41.00000    0   44   86.00000   41.00000  52.3%     -    0s
     0     0   41.00000    0   45   86.00000   41.00000  52.3%     -    0s
     0     0   41.00000    0   63   86.00000   41.00000  52.3%     -    0s
     0     0   41.00000    0   47   86.00000   41.00000  52.3%     -    0s
     0     0   41.00000    0   47   86.00000   41.00000  52.3%     -    0s
     0     0   41.00000    0   47   86.00000   41.00000  52.3%     -    0s
     0     2   41.00000    0   47   86.00000   41.00000  52.3%     -    0s
H  798  2213                      83.0000000   41.00000  50.6%  28.7    3s
H 2370  2173                      82.0000000   41.00000  50.0%  22.0    3s
H 2379  2114                      81.0000000   41.00000  49.4%  22.1    3s
H 3650  2966                      80.0000000   41.00000  48.8%  21.6    4s

Cutting planes:
  Learned: 89
  Cover: 1
  MIR: 37
  Flow cover: 99
  RLT: 12

Explored 3652 nodes (92356 simplex iterations) in 5.02 seconds (3.59 work units)
Thread count was 32 (of 32 available processors)

Solution count 7: 80 81 82 ... 97.9

Time limit reached
Best objective 8.000000000000e+01, best bound 4.100000000000e+01, gap 48.7500%
