
Gurobi 13.0.0 (win64) logging started Tue Dec  9 16:14:29 2025

Set parameter LogFile to value "./Results/StripPacking-SCIPBnB/Logs/SBL-111-StripPacking-25-3.log"
Set parameter TimeLimit to value 5
Set parameter Cuts to value 1
Set parameter Presolve to value 1
Set parameter Heuristics to value 1
Set parameter LogToConsole to value 0
Set parameter LPWarmStart to value 2
Gurobi Optimizer version 13.0.0 build v13.0.0rc1 (win64 - Windows 11+.0 (26200.2))

CPU model: AMD Ryzen AI 9 365 w/ Radeon 880M, instruction set [SSE2|AVX|AVX2|AVX512]
Thread count: 10 physical cores, 20 logical processors, using up to 20 threads

Non-default parameters:
TimeLimit  5
LPWarmStart  2
Heuristics  1
Cuts  1
LogToConsole  0
Presolve  1

Optimize a model with 3625 rows, 651 columns and 12050 nonzeros (Min)
Model fingerprint: 0x38760fb9
Model has 1 linear objective coefficients
Variable types: 51 continuous, 600 integer (600 binary)
Coefficient statistics:
  Matrix range     [1e+00, 1e+04]
  Objective range  [1e+00, 1e+00]
  Bounds range     [1e+00, 1e+04]
  RHS range        [5e-01, 1e+04]

Warning: Completing partial solution with 600 unfixed non-continuous variables out of 600
User MIP start produced solution with objective 93.4 (0.00s)
Loaded user MIP start with objective 93.4

Presolve removed 600 rows and 0 columns
Presolve time: 0.00s
Presolved: 3025 rows, 651 columns, 10250 nonzeros
Variable types: 51 continuous, 600 integer (600 binary)

Root relaxation: objective 3.600000e+01, 372 iterations, 0.02 seconds (0.02 work units)

    Nodes    |    Current Node    |     Objective Bounds      |     Work
 Expl Unexpl |  Obj  Depth IntInf | Incumbent    BestBd   Gap | It/Node Time

     0     0   36.00000    0   58   93.40000   36.00000  61.5%     -    0s
H    0     0                      93.0000000   36.00000  61.3%     -    0s
H    0     0                      92.0000000   36.00000  60.9%     -    0s
H    0     0                      90.0000000   36.00000  60.0%     -    0s
H    0     0                      89.0000000   36.00000  59.6%     -    0s
     0     0   36.00000    0  100   89.00000   36.00000  59.6%     -    0s
H    0     0                      86.0000000   36.00000  58.1%     -    0s
     0     0   36.00000    0   94   86.00000   36.00000  58.1%     -    0s
     0     0   36.00000    0  106   86.00000   36.00000  58.1%     -    0s
     0     0   36.00000    0   55   86.00000   36.00000  58.1%     -    0s
     0     0   36.00000    0   71   86.00000   36.00000  58.1%     -    0s
     0     0   36.00000    0  113   86.00000   36.00000  58.1%     -    0s
     0     0   36.00000    0   53   86.00000   36.00000  58.1%     -    0s
     0     0   36.00000    0   71   86.00000   36.00000  58.1%     -    0s
     0     0   36.00000    0   91   86.00000   36.00000  58.1%     -    0s
     0     0   36.00000    0   53   86.00000   36.00000  58.1%     -    0s
H    0     0                      83.0000000   36.00000  56.6%     -    0s
H    0     0                      82.0000000   36.00000  56.1%     -    0s
     0     0   36.00000    0   71   82.00000   36.00000  56.1%     -    0s
     0     0   36.00000    0   85   82.00000   36.00000  56.1%     -    0s
     0     0   36.00000    0   63   82.00000   36.00000  56.1%     -    0s
     0     0   36.00000    0   63   82.00000   36.00000  56.1%     -    0s
     0     0   36.00000    0   55   82.00000   36.00000  56.1%     -    0s
     0     2   36.00000    0   55   82.00000   36.00000  56.1%     -    0s
H    8    16                      81.0000000   36.00000  55.6%   120    0s
H   33    40                      80.0000000   36.00000  55.0%   111    0s
H   78   114                      78.0000000   36.00000  53.8%  77.3    1s
H  124   134                      76.0000000   36.00000  52.6%  71.9    1s
H  595   571                      76.0000000   36.00000  52.6%  39.4    2s
  1238  1138   47.00000   53   65   76.00000   36.00000  52.6%  30.6    5s

Cutting planes:
  Learned: 162
  Gomory: 3
  Cover: 6
  MIR: 61
  RLT: 24

Explored 1275 nodes (46577 simplex iterations) in 5.02 seconds (5.41 work units)
Thread count was 20 (of 20 available processors)

Solution count 10: 76 76 78 ... 90

Time limit reached
Best objective 7.599999999230e+01, best bound 3.600000000000e+01, gap 52.6316%
