
Gurobi 13.0.0 (win64) logging started Tue Dec  9 16:14:09 2025

Set parameter LogFile to value "./Results/StripPacking-SCIPBnB/Logs/SBL-111-StripPacking-15-3.log"
Set parameter TimeLimit to value 5
Set parameter Cuts to value 1
Set parameter Presolve to value 1
Set parameter Heuristics to value 1
Set parameter LogToConsole to value 0
Set parameter LPWarmStart to value 2
Gurobi Optimizer version 13.0.0 build v13.0.0rc1 (win64 - Windows 11+.0 (26200.2))

CPU model: AMD Ryzen AI 9 365 w/ Radeon 880M, instruction set [SSE2|AVX|AVX2|AVX512]
Thread count: 10 physical cores, 20 logical processors, using up to 20 threads

Non-default parameters:
TimeLimit  5
LPWarmStart  2
Heuristics  1
Cuts  1
LogToConsole  0
Presolve  1

Optimize a model with 1275 rows, 241 columns and 4230 nonzeros (Min)
Model fingerprint: 0x5d7884c0
Model has 1 linear objective coefficients
Variable types: 31 continuous, 210 integer (210 binary)
Coefficient statistics:
  Matrix range     [1e+00, 1e+04]
  Objective range  [1e+00, 1e+00]
  Bounds range     [1e+00, 1e+04]
  RHS range        [5e-01, 1e+04]

Warning: Completing partial solution with 210 unfixed non-continuous variables out of 210
User MIP start produced solution with objective 62.1 (0.00s)
User MIP start produced solution with objective 62.1 (0.00s)
Loaded user MIP start with objective 62.1

Presolve removed 210 rows and 0 columns
Presolve time: 0.00s
Presolved: 1065 rows, 241 columns, 3600 nonzeros
Variable types: 31 continuous, 210 integer (210 binary)

Root relaxation: objective 3.000000e+01, 132 iterations, 0.00 seconds (0.00 work units)

    Nodes    |    Current Node    |     Objective Bounds      |     Work
 Expl Unexpl |  Obj  Depth IntInf | Incumbent    BestBd   Gap | It/Node Time

     0     0   30.00000    0   14   62.10000   30.00000  51.7%     -    0s
H    0     0                      60.0000000   30.00000  50.0%     -    0s
H    0     0                      56.0000000   30.00000  46.4%     -    0s
H    0     0                      54.0000000   30.00000  44.4%     -    0s
     0     0   30.00000    0   34   54.00000   30.00000  44.4%     -    0s
     0     0   30.00000    0   37   54.00000   30.00000  44.4%     -    0s
     0     0   30.00000    0   41   54.00000   30.00000  44.4%     -    0s
     0     0   30.00000    0   24   54.00000   30.00000  44.4%     -    0s
     0     0   30.00000    0   36   54.00000   30.00000  44.4%     -    0s
     0     0   30.00000    0   34   54.00000   30.00000  44.4%     -    0s
     0     0   30.00000    0   18   54.00000   30.00000  44.4%     -    0s
     0     0   30.00000    0   27   54.00000   30.00000  44.4%     -    0s
     0     0   30.00000    0   28   54.00000   30.00000  44.4%     -    0s
     0     0   30.00000    0   15   54.00000   30.00000  44.4%     -    0s
H    0     0                      53.0000000   30.00000  43.4%     -    0s
     0     0   30.00000    0   25   53.00000   30.00000  43.4%     -    0s
     0     0   30.00000    0   33   53.00000   30.00000  43.4%     -    0s
     0     0   30.00000    0   26   53.00000   30.00000  43.4%     -    0s
     0     0   30.00000    0   26   53.00000   30.00000  43.4%     -    0s
     0     0   30.00000    0   21   53.00000   30.00000  43.4%     -    0s
     0     2   30.00000    0   20   53.00000   30.00000  43.4%     -    0s
H   17    26                      52.0000000   30.00000  42.3%  46.5    0s
H   71   109                      49.0000000   30.00000  38.8%  33.4    0s
H  689   575                      49.0000000   30.00000  38.8%  17.9    0s
H 2227  1407                      48.0000000   30.00000  37.5%  15.0    2s
H 2485  1523                      46.0000000   30.00000  34.8%  20.7    3s
H 2712  1620                      45.0000000   30.00000  33.3%  21.1    3s
H 2728  1550                      44.0000000   30.00000  31.8%  21.2    3s
  3896  1698   40.00000   24   29   44.00000   30.00000  31.8%  25.8    5s

Cutting planes:
  Learned: 405
  Gomory: 2
  Cover: 7
  MIR: 24
  Flow cover: 68
  RLT: 17

Explored 3921 nodes (103806 simplex iterations) in 5.02 seconds (4.14 work units)
Thread count was 20 (of 20 available processors)

Solution count 10: 44 45 46 ... 56

Time limit reached
Best objective 4.400000000000e+01, best bound 3.000000000000e+01, gap 31.8182%
