
Gurobi 13.0.0 (linux64) logging started Fri Dec 12 09:31:44 2025

Set parameter LogFile to value "./Results/StripPacking-SCIPBnB/Logs/SBL-111-StripPacking-15-2.log"
Set parameter TimeLimit to value 5
Set parameter Cuts to value 1
Set parameter Presolve to value 1
Set parameter Heuristics to value 1
Set parameter LogToConsole to value 0
Set parameter LPWarmStart to value 2
Warning: linear constraint 15 and linear constraint 17 have the same name "LB[0]"
Warning: linear constraint 15 and linear constraint 17 have the same name "LB[0]"
Warning: default constraint names used to write mps file
Gurobi Optimizer version 13.0.0 build v13.0.0rc1 (linux64 - "Debian GNU/Linux 13 (trixie)")

CPU model: Intel(R) Xeon(R) CPU E5-2630 v3 @ 2.40GHz, instruction set [SSE2|AVX|AVX2]
Thread count: 16 physical cores, 32 logical processors, using up to 32 threads

Non-default parameters:
TimeLimit  5
LPWarmStart  2
Heuristics  1
Cuts  1
LogToConsole  0
Presolve  1

Optimize a model with 1275 rows, 241 columns and 4230 nonzeros (Min)
Model fingerprint: 0x52b43a7c
Model has 1 linear objective coefficients
Variable types: 31 continuous, 210 integer (210 binary)
Coefficient statistics:
  Matrix range     [1e+00, 1e+04]
  Objective range  [1e+00, 1e+00]
  Bounds range     [1e+00, 1e+04]
  RHS range        [5e-01, 1e+04]

Warning: Completing partial solution with 210 unfixed non-continuous variables out of 210
User MIP start produced solution with objective 78.1 (0.00s)
Loaded user MIP start with objective 78.1

Presolve removed 210 rows and 0 columns
Presolve time: 0.00s
Presolved: 1065 rows, 241 columns, 3600 nonzeros
Variable types: 31 continuous, 210 integer (210 binary)

Root relaxation: objective 4.500000e+01, 106 iterations, 0.00 seconds (0.00 work units)

    Nodes    |    Current Node    |     Objective Bounds      |     Work
 Expl Unexpl |  Obj  Depth IntInf | Incumbent    BestBd   Gap | It/Node Time

     0     0   45.00000    0    8   78.10000   45.00000  42.4%     -    0s
H    0     0                      78.0000000   45.00000  42.3%     -    0s
H    0     0                      77.0000000   45.00000  41.6%     -    0s
H    0     0                      68.0000000   45.00000  33.8%     -    0s
H    0     0                      61.0000000   45.00000  26.2%     -    0s
     0     0   45.00000    0   14   61.00000   45.00000  26.2%     -    0s
     0     0   45.00000    0   12   61.00000   45.00000  26.2%     -    0s
     0     0   45.00000    0    9   61.00000   45.00000  26.2%     -    0s
H    0     0                      58.0000000   45.00000  22.4%     -    0s
H    0     0                      56.0000000   45.00000  19.6%     -    0s
     0     0   45.00000    0   14   56.00000   45.00000  19.6%     -    0s
     0     0   45.00000    0   26   56.00000   45.00000  19.6%     -    0s
     0     0   45.00000    0    4   56.00000   45.00000  19.6%     -    0s
     0     0   45.00000    0    4   56.00000   45.00000  19.6%     -    0s
H    0     0                      54.0000000   45.00000  16.7%     -    0s
     0     0   45.00000    0    8   54.00000   45.00000  16.7%     -    0s
     0     0   45.00000    0    9   54.00000   45.00000  16.7%     -    0s
     0     0   45.00000    0   17   54.00000   45.00000  16.7%     -    0s
     0     0   45.00000    0    7   54.00000   45.00000  16.7%     -    0s
     0     0   45.00000    0    8   54.00000   45.00000  16.7%     -    0s
     0     0   45.00000    0   13   54.00000   45.00000  16.7%     -    0s
     0     0   45.00000    0    4   54.00000   45.00000  16.7%     -    0s
     0     0   45.00000    0    4   54.00000   45.00000  16.7%     -    0s
     0     2   45.00000    0    4   54.00000   45.00000  16.7%     -    0s
H  195   296                      52.0000000   45.00000  13.5%  10.8    0s
H 2185  1268                      51.0000000   45.00000  11.8%   9.3    0s
H 4954  2172                      51.0000000   45.00000  11.8%  13.4    2s
* 5134  2141              43      50.0000000   45.00000  10.0%  13.7    3s
H 5924  2373                      50.0000000   45.00000  10.0%  14.8    3s
  8049  1912     cutoff   44        50.00000   45.00000  10.0%  16.9    5s

Cutting planes:
  Learned: 317
  Gomory: 2
  Cover: 20
  Implied bound: 1
  MIR: 23
  StrongCG: 1
  Flow cover: 79
  RLT: 3

Explored 8110 nodes (138548 simplex iterations) in 5.01 seconds (2.60 work units)
Thread count was 32 (of 32 available processors)

Solution count 10: 50 50 51 ... 68

Time limit reached
Best objective 4.999999999490e+01, best bound 4.500000000000e+01, gap 10.0000%
