
Gurobi 13.0.0 (win64) logging started Tue Dec  9 16:14:51 2025

Set parameter LogFile to value "./Results/StripPacking-SCIPBnB/Logs/SBM-111-StripPacking-25-0.log"
Set parameter TimeLimit to value 5
Set parameter Cuts to value 1
Set parameter Presolve to value 1
Set parameter Heuristics to value 1
Set parameter LogToConsole to value 0
Set parameter LPWarmStart to value 2
Gurobi Optimizer version 13.0.0 build v13.0.0rc1 (win64 - Windows 11+.0 (26200.2))

CPU model: AMD Ryzen AI 9 365 w/ Radeon 880M, instruction set [SSE2|AVX|AVX2|AVX512]
Thread count: 10 physical cores, 20 logical processors, using up to 20 threads

Non-default parameters:
TimeLimit  5
LPWarmStart  2
Heuristics  1
Cuts  1
LogToConsole  0
Presolve  1

Optimize a model with 5425 rows, 951 columns and 16250 nonzeros (Min)
Model fingerprint: 0x2251ab3b
Model has 1 linear objective coefficients
Variable types: 351 continuous, 600 integer (600 binary)
Coefficient statistics:
  Matrix range     [1e+00, 1e+04]
  Objective range  [1e+00, 1e+00]
  Bounds range     [1e+00, 1e+04]
  RHS range        [1e+00, 1e+04]

Warning: Completing partial solution with 600 unfixed non-continuous variables out of 600
User MIP start produced solution with objective 106.2 (0.02s)
User MIP start produced solution with objective 106.2 (0.02s)
Loaded user MIP start with objective 106.2

Presolve removed 1500 rows and 0 columns
Presolve time: 0.03s
Presolved: 3925 rows, 951 columns, 12350 nonzeros
Variable types: 351 continuous, 600 integer (600 binary)

Root relaxation: objective 3.400000e+01, 493 iterations, 0.02 seconds (0.02 work units)

    Nodes    |    Current Node    |     Objective Bounds      |     Work
 Expl Unexpl |  Obj  Depth IntInf | Incumbent    BestBd   Gap | It/Node Time

     0     0   34.00000    0   74  106.20000   34.00000  68.0%     -    0s
H    0     0                     104.0000000   34.00000  67.3%     -    0s
     0     0   34.00000    0  147  104.00000   34.00000  67.3%     -    0s
H    0     0                     103.0000000   34.00000  67.0%     -    0s
     0     0   34.00000    0  119  103.00000   34.00000  67.0%     -    0s
     0     0   34.00000    0  149  103.00000   34.00000  67.0%     -    0s
     0     0   34.00000    0   79  103.00000   34.00000  67.0%     -    0s
H    0     0                     101.0000000   34.00000  66.3%     -    0s
     0     0   34.00000    0   80  101.00000   34.00000  66.3%     -    0s
     0     0   34.00000    0  105  101.00000   34.00000  66.3%     -    0s
     0     0   34.00000    0   79  101.00000   34.00000  66.3%     -    0s
H    0     0                      99.0000000   34.00000  65.7%     -    0s
     0     0   34.00000    0   95   99.00000   34.00000  65.7%     -    0s
H    0     0                      95.0000000   34.00000  64.2%     -    0s
     0     0   34.00000    0  121   95.00000   34.00000  64.2%     -    0s
     0     0   34.00000    0   73   95.00000   34.00000  64.2%     -    0s
H    0     0                      94.0000000   34.00000  63.8%     -    1s
H    0     0                      91.0000000   34.00000  62.6%     -    1s
H    0     0                      90.0000000   34.00000  62.2%     -    1s
H    0     0                      89.0000000   34.00000  61.8%     -    1s
     0     0   34.00000    0  101   89.00000   34.00000  61.8%     -    1s
     0     0   34.00000    0  127   89.00000   34.00000  61.8%     -    1s
     0     0   34.00000    0   78   89.00000   34.00000  61.8%     -    1s
H    0     0                      88.0000000   34.00000  61.4%     -    1s
     0     0   34.00000    0   78   88.00000   34.00000  61.4%     -    1s
     0     0   34.00000    0   78   88.00000   34.00000  61.4%     -    1s
     0     2   34.00000    0   78   88.00000   34.00000  61.4%     -    1s
H    8    16                      87.0000000   34.00000  60.9%   152    1s
H   39    46                      86.0000000   34.00000  60.5%   139    2s
H  120   202                      85.0000000   34.00000  60.0%   100    3s
H  155   202                      84.0000000   34.00000  59.5%  90.8    3s
H  167   202                      81.0000000   34.00000  58.0%  91.3    3s
H  241   491                      80.0000000   34.00000  57.5%  85.0    4s
   502   706   34.69364   23  128   80.00000   34.00000  57.5%  68.3    5s
H  572   706                      80.0000000   34.00000  57.5%  63.1    5s
H  579   706                      79.0000000   34.00000  57.0%  63.5    5s

Cutting planes:
  Gomory: 2
  Cover: 1
  MIR: 78
  Flow cover: 221
  RLT: 17

Explored 753 nodes (50926 simplex iterations) in 5.05 seconds (3.58 work units)
Thread count was 20 (of 20 available processors)

Solution count 10: 79 80 80 ... 89

Time limit reached
Best objective 7.900000000000e+01, best bound 3.400000000000e+01, gap 56.9620%
