
Gurobi 13.0.0 (win64) logging started Tue Dec  9 16:12:13 2025

Set parameter LogFile to value "./Results/StripPacking-SCIPBnB/Logs/SU-111-StripPacking-15-2.log"
Set parameter TimeLimit to value 5
Set parameter Cuts to value 1
Set parameter Presolve to value 1
Set parameter Heuristics to value 1
Set parameter LogToConsole to value 0
Set parameter LPWarmStart to value 2
Gurobi Optimizer version 13.0.0 build v13.0.0rc1 (win64 - Windows 11+.0 (26200.2))

CPU model: AMD Ryzen AI 9 365 w/ Radeon 880M, instruction set [SSE2|AVX|AVX2|AVX512]
Thread count: 10 physical cores, 20 logical processors, using up to 20 threads

Non-default parameters:
TimeLimit  5
LPWarmStart  2
Heuristics  1
Cuts  1
LogToConsole  0
Presolve  1

Optimize a model with 1380 rows, 451 columns and 3390 nonzeros (Min)
Model fingerprint: 0x9a09ce97
Model has 1 linear objective coefficients
Variable types: 31 continuous, 420 integer (420 binary)
Coefficient statistics:
  Matrix range     [1e+00, 1e+04]
  Objective range  [1e+00, 1e+00]
  Bounds range     [1e+00, 1e+04]
  RHS range        [1e+00, 1e+04]

Warning: Completing partial solution with 420 unfixed non-continuous variables out of 420
User MIP start produced solution with objective 78.1 (0.00s)
Loaded user MIP start with objective 78.1

Presolve removed 210 rows and 0 columns
Presolve time: 0.00s
Presolved: 1170 rows, 451 columns, 3554 nonzeros
Variable types: 31 continuous, 420 integer (420 binary)

Root relaxation: objective 4.500000e+01, 258 iterations, 0.02 seconds (0.00 work units)

    Nodes    |    Current Node    |     Objective Bounds      |     Work
 Expl Unexpl |  Obj  Depth IntInf | Incumbent    BestBd   Gap | It/Node Time

     0     0   45.00000    0   10   78.10000   45.00000  42.4%     -    0s
H    0     0                      75.0000000   45.00000  40.0%     -    0s
H    0     0                      70.0000000   45.00000  35.7%     -    0s
     0     0   45.00000    0   46   70.00000   45.00000  35.7%     -    0s
H    0     0                      67.0000000   45.00000  32.8%     -    0s
H    0     0                      65.0000000   45.00000  30.8%     -    0s
     0     0   45.00000    0   46   65.00000   45.00000  30.8%     -    0s
H    0     0                      64.0000000   45.00000  29.7%     -    0s
H    0     0                      61.0000000   45.00000  26.2%     -    0s
     0     0   45.00000    0   72   61.00000   45.00000  26.2%     -    0s
     0     0   45.00000    0   12   61.00000   45.00000  26.2%     -    0s
H    0     0                      57.0000000   45.00000  21.1%     -    0s
     0     0   45.00000    0   10   57.00000   45.00000  21.1%     -    0s
     0     0   45.00000    0   48   57.00000   45.00000  21.1%     -    0s
     0     0   45.00000    0    8   57.00000   45.00000  21.1%     -    0s
     0     0   45.00000    0    6   57.00000   45.00000  21.1%     -    0s
     0     0   45.00000    0   24   57.00000   45.00000  21.1%     -    0s
     0     0   45.00000    0    9   57.00000   45.00000  21.1%     -    0s
H    0     0                      56.0000000   45.00000  19.6%     -    0s
     0     0   45.00000    0   11   56.00000   45.00000  19.6%     -    0s
     0     0   45.00000    0   16   56.00000   45.00000  19.6%     -    0s
     0     0   45.00000    0   14   56.00000   45.00000  19.6%     -    0s
     0     0   45.00000    0   14   56.00000   45.00000  19.6%     -    0s
     0     0   45.00000    0   36   56.00000   45.00000  19.6%     -    0s
     0     0   45.00000    0   20   56.00000   45.00000  19.6%     -    0s
     0     0   45.00000    0   20   56.00000   45.00000  19.6%     -    0s
H    0     0                      55.0000000   45.00000  18.2%     -    0s
     0     0   45.00000    0   42   55.00000   45.00000  18.2%     -    0s
     0     0   45.00000    0   12   55.00000   45.00000  18.2%     -    0s
     0     0   45.00000    0   12   55.00000   45.00000  18.2%     -    0s
     0     0   45.00000    0   10   55.00000   45.00000  18.2%     -    0s
     0     0   45.00000    0    7   55.00000   45.00000  18.2%     -    0s
     0     0   45.00000    0   26   55.00000   45.00000  18.2%     -    0s
     0     0   45.00000    0   26   55.00000   45.00000  18.2%     -    0s
     0     0   45.00000    0   56   55.00000   45.00000  18.2%     -    0s
     0     0   45.00000    0   13   55.00000   45.00000  18.2%     -    0s
     0     0   45.00000    0   13   55.00000   45.00000  18.2%     -    0s
     0     0   45.00000    0   35   55.00000   45.00000  18.2%     -    0s
     0     0   45.00000    0    5   55.00000   45.00000  18.2%     -    0s
     0     0   45.00000    0   10   55.00000   45.00000  18.2%     -    0s
     0     0   45.00000    0   32   55.00000   45.00000  18.2%     -    0s
     0     0   45.00000    0    5   55.00000   45.00000  18.2%     -    0s
     0     0   45.00000    0    5   55.00000   45.00000  18.2%     -    0s
     0     0   45.00000    0   25   55.00000   45.00000  18.2%     -    0s
     0     0   45.00000    0   10   55.00000   45.00000  18.2%     -    0s
     0     0   45.00000    0   10   55.00000   45.00000  18.2%     -    0s
     0     0   45.00000    0   38   55.00000   45.00000  18.2%     -    0s
     0     0   45.00000    0    8   55.00000   45.00000  18.2%     -    0s
     0     0   45.00000    0    8   55.00000   45.00000  18.2%     -    0s
     0     0   45.00000    0   22   55.00000   45.00000  18.2%     -    0s
     0     0   45.00000    0    7   55.00000   45.00000  18.2%     -    0s
     0     0   45.00000    0    7   55.00000   45.00000  18.2%     -    0s
     0     2   45.00000    0    7   55.00000   45.00000  18.2%     -    0s
H   90   119                      54.0000000   45.00000  16.7%  14.6    0s
H  240   381                      53.0000000   45.00000  15.1%  13.8    0s
H  453   553                      52.0000000   45.00000  13.5%  12.5    0s
*  624   553              62      51.0000000   45.00000  11.8%  11.5    0s
H 1760  1273                      51.0000000   45.00000  11.8%  10.2    0s
* 4437  2055              88      50.0000000   45.00000  10.0%  17.4    3s
H 4787  2248                      49.0000000   45.00000  8.16%  18.3    3s
H 6158  1621                      49.0000000   45.00000  8.16%  21.2    3s
  7506  1916   45.00000   38   57   49.00000   45.00000  8.16%  23.8    5s

Cutting planes:
  Learned: 448
  Gomory: 4
  Cover: 42
  Implied bound: 2
  Clique: 13
  MIR: 30
  Knapsack: 1
  StrongCG: 3
  Flow cover: 78
  RLT: 17
  Relax-and-lift: 14

Explored 7692 nodes (190852 simplex iterations) in 5.06 seconds (4.03 work units)
Thread count was 20 (of 20 available processors)

Solution count 10: 49 49 50 ... 56

Time limit reached
Best objective 4.899999999500e+01, best bound 4.500000000000e+01, gap 8.1633%
