
Gurobi 13.0.0 (win64) logging started Tue Dec  9 16:12:39 2025

Set parameter LogFile to value "./Results/StripPacking-SCIPBnB/Logs/SU-111-StripPacking-25-3.log"
Set parameter TimeLimit to value 5
Set parameter Cuts to value 1
Set parameter Presolve to value 1
Set parameter Heuristics to value 1
Set parameter LogToConsole to value 0
Set parameter LPWarmStart to value 2
Gurobi Optimizer version 13.0.0 build v13.0.0rc1 (win64 - Windows 11+.0 (26200.2))

CPU model: AMD Ryzen AI 9 365 w/ Radeon 880M, instruction set [SSE2|AVX|AVX2|AVX512]
Thread count: 10 physical cores, 20 logical processors, using up to 20 threads

Non-default parameters:
TimeLimit  5
LPWarmStart  2
Heuristics  1
Cuts  1
LogToConsole  0
Presolve  1

Optimize a model with 3925 rows, 1251 columns and 9650 nonzeros (Min)
Model fingerprint: 0x64b75400
Model has 1 linear objective coefficients
Variable types: 51 continuous, 1200 integer (1200 binary)
Coefficient statistics:
  Matrix range     [1e+00, 1e+04]
  Objective range  [1e+00, 1e+00]
  Bounds range     [1e+00, 1e+04]
  RHS range        [1e+00, 1e+04]

Warning: Completing partial solution with 1200 unfixed non-continuous variables out of 1200
User MIP start produced solution with objective 93.4 (0.00s)
Loaded user MIP start with objective 93.4

Presolve removed 600 rows and 0 columns
Presolve time: 0.01s
Presolved: 3325 rows, 1251 columns, 8450 nonzeros
Variable types: 51 continuous, 1200 integer (1200 binary)

Root relaxation: objective 3.600000e+01, 713 iterations, 0.00 seconds (0.02 work units)

    Nodes    |    Current Node    |     Objective Bounds      |     Work
 Expl Unexpl |  Obj  Depth IntInf | Incumbent    BestBd   Gap | It/Node Time

     0     0   36.00000    0  111   93.40000   36.00000  61.5%     -    0s
H    0     0                      92.0000000   36.00000  60.9%     -    0s
     0     0   36.00000    0  212   92.00000   36.00000  60.9%     -    0s
H    0     0                      91.0000000   36.00000  60.4%     -    0s
     0     0   36.00000    0  168   91.00000   36.00000  60.4%     -    0s
     0     0   36.00000    0  206   91.00000   36.00000  60.4%     -    0s
     0     0   36.00000    0  107   91.00000   36.00000  60.4%     -    0s
     0     0   36.00000    0  174   91.00000   36.00000  60.4%     -    0s
     0     0   36.00000    0  195   91.00000   36.00000  60.4%     -    0s
     0     0   36.00000    0   90   91.00000   36.00000  60.4%     -    0s
     0     0   36.00000    0  168   91.00000   36.00000  60.4%     -    0s
     0     0   36.00000    0  242   91.00000   36.00000  60.4%     -    0s
     0     0   36.00000    0   87   91.00000   36.00000  60.4%     -    0s
     0     0   36.00000    0  118   91.00000   36.00000  60.4%     -    0s
     0     0   36.00000    0  206   91.00000   36.00000  60.4%     -    0s
     0     0   36.00000    0   97   91.00000   36.00000  60.4%     -    0s
     0     0   36.00000    0   97   91.00000   36.00000  60.4%     -    0s
     0     0   36.00000    0   83   91.00000   36.00000  60.4%     -    0s
     0     2   36.00000    0   83   91.00000   36.00000  60.4%     -    0s
H   20    26                      87.0000000   36.00000  58.6%   270    0s
H   28    53                      86.0000000   36.00000  58.1%   254    0s
H   63    85                      85.0000000   36.00000  57.6%   170    1s
H   84   115                      83.0000000   36.00000  56.6%   159    1s
H   92   115                      81.0000000   36.00000  55.6%   150    1s
H  113   115                      79.0000000   36.00000  54.4%   132    1s
H  116   194                      78.0000000   36.00000  53.8%   137    1s
H  285   321                      78.0000000   36.00000  53.8%  85.9    1s
H  839   815                      77.0000000   36.00000  53.2%  48.6    3s
H 1005   946                      76.0000000   36.00000  52.6%  46.0    3s
  1239  1101   36.05795   17  283   76.00000   36.00000  52.6%  45.5    5s

Cutting planes:
  Learned: 290
  Gomory: 8
  Cover: 79
  MIR: 150
  StrongCG: 3
  RLT: 67
  Relax-and-lift: 19

Explored 1251 nodes (66374 simplex iterations) in 5.02 seconds (6.12 work units)
Thread count was 20 (of 20 available processors)

Solution count 10: 76 77 78 ... 87

Time limit reached
Best objective 7.600000000000e+01, best bound 3.600000000000e+01, gap 52.6316%
