
Gurobi 13.0.0 (linux64) logging started Fri Dec 12 09:29:49 2025

Set parameter LogFile to value "./Results/StripPacking-SCIPBnB/Logs/SU-111-StripPacking-15-0.log"
Set parameter TimeLimit to value 5
Set parameter Cuts to value 1
Set parameter Presolve to value 1
Set parameter Heuristics to value 1
Set parameter LogToConsole to value 0
Set parameter LPWarmStart to value 2
Warning: linear constraint 15 and linear constraint 17 have the same name "LB[0]"
Warning: linear constraint 15 and linear constraint 17 have the same name "LB[0]"
Warning: default constraint names used to write mps file
Gurobi Optimizer version 13.0.0 build v13.0.0rc1 (linux64 - "Debian GNU/Linux 13 (trixie)")

CPU model: Intel(R) Xeon(R) CPU E5-2630 v3 @ 2.40GHz, instruction set [SSE2|AVX|AVX2]
Thread count: 16 physical cores, 32 logical processors, using up to 32 threads

Non-default parameters:
TimeLimit  5
LPWarmStart  2
Heuristics  1
Cuts  1
LogToConsole  0
Presolve  1

Optimize a model with 1380 rows, 451 columns and 3390 nonzeros (Min)
Model fingerprint: 0xef64b321
Model has 1 linear objective coefficients
Variable types: 31 continuous, 420 integer (420 binary)
Coefficient statistics:
  Matrix range     [1e+00, 1e+04]
  Objective range  [1e+00, 1e+00]
  Bounds range     [1e+00, 1e+04]
  RHS range        [1e+00, 1e+04]

Warning: Completing partial solution with 420 unfixed non-continuous variables out of 420
User MIP start produced solution with objective 62.1 (0.00s)
User MIP start produced solution with objective 62.1 (0.00s)
Loaded user MIP start with objective 62.1

Presolve removed 210 rows and 0 columns
Presolve time: 0.01s
Presolved: 1170 rows, 451 columns, 3553 nonzeros
Variable types: 31 continuous, 420 integer (420 binary)

Root relaxation: objective 3.200000e+01, 232 iterations, 0.00 seconds (0.00 work units)

    Nodes    |    Current Node    |     Objective Bounds      |     Work
 Expl Unexpl |  Obj  Depth IntInf | Incumbent    BestBd   Gap | It/Node Time

     0     0   32.00000    0   24   62.10000   32.00000  48.5%     -    0s
H    0     0                      56.0000000   32.00000  42.9%     -    0s
     0     0   32.00000    0   65   56.00000   32.00000  42.9%     -    0s
H    0     0                      52.0000000   32.00000  38.5%     -    0s
     0     0   32.00000    0   61   52.00000   32.00000  38.5%     -    0s
     0     0   32.00000    0   62   52.00000   32.00000  38.5%     -    0s
     0     0   32.00000    0   28   52.00000   32.00000  38.5%     -    0s
     0     0   32.00000    0   46   52.00000   32.00000  38.5%     -    0s
     0     0   32.00000    0   57   52.00000   32.00000  38.5%     -    0s
     0     0   32.00000    0   34   52.00000   32.00000  38.5%     -    0s
     0     0   32.00000    0   62   52.00000   32.00000  38.5%     -    0s
     0     0   32.00000    0   71   52.00000   32.00000  38.5%     -    0s
     0     0   32.00000    0   37   52.00000   32.00000  38.5%     -    0s
     0     0   32.00000    0   37   52.00000   32.00000  38.5%     -    0s
     0     0   32.00000    0   33   52.00000   32.00000  38.5%     -    0s
     0     2   32.00000    0   33   52.00000   32.00000  38.5%     -    0s
H   31    48                      50.0000000   32.00000  36.0%  23.2    0s
H   33    48                      49.0000000   32.00000  34.7%  21.9    0s
H  287   334                      48.0000000   32.00000  33.3%  20.6    0s
H  463   456                      47.0000000   32.00000  31.9%  19.8    0s
H 1571   884                      46.0000000   32.00000  30.4%  19.4    1s
  3375  1618   45.00000   30   34   46.00000   32.00000  30.4%  18.6    5s

Cutting planes:
  Learned: 222
  Gomory: 2
  Cover: 22
  Implied bound: 3
  MIR: 120
  RLT: 32
  Relax-and-lift: 11

Explored 3391 nodes (65911 simplex iterations) in 5.00 seconds (4.12 work units)
Thread count was 32 (of 32 available processors)

Solution count 8: 46 47 48 ... 62.1

Time limit reached
Best objective 4.600000000000e+01, best bound 3.200000000000e+01, gap 30.4348%
