
Gurobi 13.0.0 (linux64) logging started Fri Dec 12 09:30:14 2025

Set parameter LogFile to value "./Results/StripPacking-SCIPBnB/Logs/SU-111-StripPacking-25-2.log"
Set parameter TimeLimit to value 5
Set parameter Cuts to value 1
Set parameter Presolve to value 1
Set parameter Heuristics to value 1
Set parameter LogToConsole to value 0
Set parameter LPWarmStart to value 2
Warning: linear constraint 25 and linear constraint 27 have the same name "LB[0]"
Warning: linear constraint 25 and linear constraint 27 have the same name "LB[0]"
Warning: default constraint names used to write mps file
Gurobi Optimizer version 13.0.0 build v13.0.0rc1 (linux64 - "Debian GNU/Linux 13 (trixie)")

CPU model: Intel(R) Xeon(R) CPU E5-2630 v3 @ 2.40GHz, instruction set [SSE2|AVX|AVX2]
Thread count: 16 physical cores, 32 logical processors, using up to 32 threads

Non-default parameters:
TimeLimit  5
LPWarmStart  2
Heuristics  1
Cuts  1
LogToConsole  0
Presolve  1

Optimize a model with 3925 rows, 1251 columns and 9650 nonzeros (Min)
Model fingerprint: 0x27e52fcf
Model has 1 linear objective coefficients
Variable types: 51 continuous, 1200 integer (1200 binary)
Coefficient statistics:
  Matrix range     [1e+00, 1e+04]
  Objective range  [1e+00, 1e+00]
  Bounds range     [1e+00, 1e+04]
  RHS range        [1e+00, 1e+04]

Warning: Completing partial solution with 1200 unfixed non-continuous variables out of 1200
User MIP start produced solution with objective 97.9 (0.00s)
Loaded user MIP start with objective 97.9

Presolve removed 600 rows and 0 columns
Presolve time: 0.01s
Presolved: 3325 rows, 1251 columns, 8450 nonzeros
Variable types: 51 continuous, 1200 integer (1200 binary)

Root relaxation: objective 4.100000e+01, 692 iterations, 0.02 seconds (0.02 work units)

    Nodes    |    Current Node    |     Objective Bounds      |     Work
 Expl Unexpl |  Obj  Depth IntInf | Incumbent    BestBd   Gap | It/Node Time

     0     0   41.00000    0   96   97.90000   41.00000  58.1%     -    0s
H    0     0                      96.0000000   41.00000  57.3%     -    0s
     0     0   41.00000    0  154   96.00000   41.00000  57.3%     -    0s
H    0     0                      91.0000000   41.00000  54.9%     -    0s
     0     0   41.00000    0  140   91.00000   41.00000  54.9%     -    0s
     0     0   41.00000    0  151   91.00000   41.00000  54.9%     -    0s
     0     0   41.00000    0   80   91.00000   41.00000  54.9%     -    0s
     0     0   41.00000    0  109   91.00000   41.00000  54.9%     -    0s
     0     0   41.00000    0  245   91.00000   41.00000  54.9%     -    0s
     0     0   41.00000    0   67   91.00000   41.00000  54.9%     -    0s
     0     0   41.00000    0   94   91.00000   41.00000  54.9%     -    0s
     0     0   41.00000    0  112   91.00000   41.00000  54.9%     -    0s
     0     0   41.00000    0   60   91.00000   41.00000  54.9%     -    0s
H    0     0                      87.0000000   41.00000  52.9%     -    0s
     0     0   41.00000    0   94   87.00000   41.00000  52.9%     -    0s
     0     0   41.00000    0  137   87.00000   41.00000  52.9%     -    0s
     0     0   41.00000    0   76   87.00000   41.00000  52.9%     -    0s
     0     0   41.00000    0  102   87.00000   41.00000  52.9%     -    0s
     0     0   41.00000    0  137   87.00000   41.00000  52.9%     -    0s
     0     0   41.00000    0   69   87.00000   41.00000  52.9%     -    0s
     0     0   41.00000    0   85   87.00000   41.00000  52.9%     -    0s
     0     0   41.00000    0  174   87.00000   41.00000  52.9%     -    0s
     0     0   41.00000    0   65   87.00000   41.00000  52.9%     -    0s
     0     0   41.00000    0   65   87.00000   41.00000  52.9%     -    1s
     0     0   41.00000    0   60   87.00000   41.00000  52.9%     -    1s
H    0     0                      83.0000000   41.00000  50.6%     -    1s
     0     2   41.00000    0   59   83.00000   41.00000  50.6%     -    1s
H   16    32                      80.0000000   41.00000  48.8%  44.6    1s
H   99   113                      80.0000000   41.00000  48.7%  34.8    1s
H  177   184                      78.0000000   41.00000  47.4%  31.1    1s
H  183   202                      77.0000000   41.00000  46.8%  30.8    1s
H  481   861                      76.0000000   41.00000  46.1%  33.1    4s
H  544   861                      75.0000000   41.00000  45.3%  33.8    4s
  2303  2279   41.00000   89  181   75.00000   41.00000  45.3%  29.1    5s

Cutting planes:
  Learned: 140
  Gomory: 4
  MIR: 121
  RLT: 40
  Relax-and-lift: 17

Explored 2553 nodes (82538 simplex iterations) in 5.01 seconds (3.63 work units)
Thread count was 32 (of 32 available processors)

Solution count 10: 75 76 77 ... 96

Time limit reached
Best objective 7.500000000000e+01, best bound 4.100000000000e+01, gap 45.3333%
