
Gurobi 13.0.0 (win64) logging started Tue Dec  9 16:12:29 2025

Set parameter LogFile to value "./Results/StripPacking-SCIPBnB/Logs/SU-111-StripPacking-25-1.log"
Set parameter TimeLimit to value 5
Set parameter Cuts to value 1
Set parameter Presolve to value 1
Set parameter Heuristics to value 1
Set parameter LogToConsole to value 0
Set parameter LPWarmStart to value 2
Gurobi Optimizer version 13.0.0 build v13.0.0rc1 (win64 - Windows 11+.0 (26200.2))

CPU model: AMD Ryzen AI 9 365 w/ Radeon 880M, instruction set [SSE2|AVX|AVX2|AVX512]
Thread count: 10 physical cores, 20 logical processors, using up to 20 threads

Non-default parameters:
TimeLimit  5
LPWarmStart  2
Heuristics  1
Cuts  1
LogToConsole  0
Presolve  1

Optimize a model with 3925 rows, 1251 columns and 9650 nonzeros (Min)
Model fingerprint: 0xac8a8777
Model has 1 linear objective coefficients
Variable types: 51 continuous, 1200 integer (1200 binary)
Coefficient statistics:
  Matrix range     [1e+00, 1e+04]
  Objective range  [1e+00, 1e+00]
  Bounds range     [1e+00, 1e+04]
  RHS range        [1e+00, 1e+04]

Warning: Completing partial solution with 1200 unfixed non-continuous variables out of 1200
User MIP start produced solution with objective 99.2 (0.00s)
Loaded user MIP start with objective 99.2

Presolve removed 600 rows and 0 columns
Presolve time: 0.01s
Presolved: 3325 rows, 1251 columns, 8450 nonzeros
Variable types: 51 continuous, 1200 integer (1200 binary)

Root relaxation: objective 4.300000e+01, 725 iterations, 0.02 seconds (0.02 work units)

    Nodes    |    Current Node    |     Objective Bounds      |     Work
 Expl Unexpl |  Obj  Depth IntInf | Incumbent    BestBd   Gap | It/Node Time

     0     0   43.00000    0   64   99.20000   43.00000  56.7%     -    0s
H    0     0                      89.0000000   43.00000  51.7%     -    0s
H    0     0                      82.0000000   43.00000  47.6%     -    0s
     0     0   43.00000    0  155   82.00000   43.00000  47.6%     -    0s
     0     0   43.00000    0  109   82.00000   43.00000  47.6%     -    0s
     0     0   43.00000    0  187   82.00000   43.00000  47.6%     -    0s
     0     0   43.00000    0   62   82.00000   43.00000  47.6%     -    0s
H    0     0                      81.0000000   43.00000  46.9%     -    0s
     0     0   43.00000    0  113   81.00000   43.00000  46.9%     -    0s
     0     0   43.00000    0  146   81.00000   43.00000  46.9%     -    0s
     0     0   43.00000    0   50   81.00000   43.00000  46.9%     -    0s
     0     0   43.00000    0  298   81.00000   43.00000  46.9%     -    0s
     0     0   43.00000    0  134   81.00000   43.00000  46.9%     -    0s
     0     0   43.00000    0   42   81.00000   43.00000  46.9%     -    0s
     0     0   43.00000    0  102   81.00000   43.00000  46.9%     -    0s
H    0     0                      80.0000000   43.00000  46.2%     -    0s
     0     0   43.00000    0  134   80.00000   43.00000  46.2%     -    0s
     0     0   43.00000    0   52   80.00000   43.00000  46.2%     -    0s
     0     0   43.00000    0   61   80.00000   43.00000  46.2%     -    0s
     0     0   43.00000    0  139   80.00000   43.00000  46.2%     -    0s
     0     0   43.00000    0   57   80.00000   43.00000  46.2%     -    0s
     0     0   43.00000    0   92   80.00000   43.00000  46.2%     -    0s
     0     0   43.00000    0  139   80.00000   43.00000  46.2%     -    0s
     0     0   43.00000    0   61   80.00000   43.00000  46.2%     -    0s
     0     0   43.00000    0   61   80.00000   43.00000  46.2%     -    0s
     0     0   43.00000    0   53   80.00000   43.00000  46.2%     -    0s
H    0     0                      79.0000000   43.00000  45.6%     -    0s
H    0     0                      78.0000000   43.00000  44.9%     -    0s
H    0     0                      76.0000000   43.00000  43.4%     -    0s
H    0     2                      75.0000000   43.00000  42.7%     -    0s
     0     2   43.00000    0   48   75.00000   43.00000  42.7%     -    0s
H   38    46                      72.0000000   43.00000  40.3%  53.3    0s
H   61    70                      70.0000000   43.00000  38.6%  46.9    0s
H   71    88                      67.0000000   43.00000  35.8%  43.5    1s
H  169   172                      67.0000000   43.00000  35.8%  33.6    1s
H  558   539                      66.0000000   43.00000  34.8%  32.4    2s
   906   814   52.00000   60  117   66.00000   43.00000  34.8%  29.1    5s

Cutting planes:
  Learned: 72
  Gomory: 2
  Implied bound: 1
  MIR: 70
  RLT: 25
  Relax-and-lift: 4

Explored 917 nodes (38504 simplex iterations) in 5.04 seconds (6.53 work units)
Thread count was 20 (of 20 available processors)

Solution count 10: 66 67 67 ... 80

Time limit reached
Best objective 6.599999999320e+01, best bound 4.300000000000e+01, gap 34.8485%
