
Gurobi 13.0.0 (linux64) logging started Thu Nov 27 15:53:26 2025

Set parameter LogFile to value "./Results/StripPacking-BranchSP/Logs/HUspb-010-StripPacking-15-0.log"
Set parameter TimeLimit to value 3600
Set parameter Cuts to value 0
Set parameter Presolve to value 1
Set parameter Heuristics to value 0
Set parameter LogToConsole to value 0
Set parameter LPWarmStart to value 2
Warning: linear constraint 855 and linear constraint 1275 have the same name "PM[B0,B1,0]"
Warning: linear constraint 855 and linear constraint 1275 have the same name "PM[B0,B1,0]"
Warning: default constraint names used to write mps file
Gurobi Optimizer version 13.0.0 build v13.0.0rc1 (linux64 - "Debian GNU/Linux 12 (bookworm)")

CPU model: Intel(R) Xeon(R) CPU E5-2630 v3 @ 2.40GHz, instruction set [SSE2|AVX|AVX2]
Thread count: 16 physical cores, 32 logical processors, using up to 32 threads

Non-default parameters:
TimeLimit  3600
LPWarmStart  2
Heuristics  0
Cuts  0
LogToConsole  0
Presolve  1

Optimize a model with 7470 rows, 451 columns and 21870 nonzeros (Min)
Model fingerprint: 0x76dcb4f0
Model has 1 linear objective coefficients
Variable types: 31 continuous, 420 integer (420 binary)
Coefficient statistics:
  Matrix range     [1e+00, 1e+04]
  Objective range  [1e+00, 1e+00]
  Bounds range     [1e+00, 1e+04]
  RHS range        [1e+00, 1e+04]
Using branch priorities.

Warning: Completing partial solution with 420 unfixed non-continuous variables out of 420
User MIP start produced solution with objective 62.1 (0.01s)
User MIP start produced solution with objective 62.1 (0.01s)
Loaded user MIP start with objective 62.1

Presolve removed 210 rows and 0 columns
Presolve time: 0.08s
Presolved: 7260 rows, 451 columns, 22033 nonzeros
Variable types: 31 continuous, 420 integer (420 binary)

Root relaxation: objective 3.200000e+01, 232 iterations, 0.04 seconds (0.02 work units)

    Nodes    |    Current Node    |     Objective Bounds      |     Work
 Expl Unexpl |  Obj  Depth IntInf | Incumbent    BestBd   Gap | It/Node Time

     0     0   32.00000    0   40   62.10000   32.00000  48.5%     -    0s
     0     0   32.00000    0   40   62.10000   32.00000  48.5%     -    0s
     0     0   32.00000    0   40   62.10000   32.00000  48.5%     -    0s
     0     2   32.00000    0   40   62.10000   32.00000  48.5%     -    0s
*  853   921              55      60.0000000   32.00000  46.7%  40.3    1s
* 1048   983              54      55.0000000   32.00000  41.8%  38.2    1s
* 1352  1160              55      54.0000000   32.00000  40.7%  37.6    1s
* 2013  1576              54      51.0000000   32.00000  37.3%  36.6    1s
* 3661  2230              35      49.0000000   32.00000  34.7%  41.2    4s
  3757  2219   47.00000   41   49   49.00000   32.00000  34.7%  41.6    5s
* 3963  2131              36      48.0000000   32.00000  33.3%  43.8    5s
* 3998  2040              40      47.0000000   32.00000  31.9%  44.2    5s
  6021  1813 infeasible   41        47.00000   32.00000  31.9%  64.4   10s
  8669  1704   46.00000   36   29   47.00000   32.00000  31.9%  78.0   15s
* 9643  1469              53      46.0000000   32.00000  30.4%  81.5   16s
 11349  1607 infeasible   33        46.00000   34.00000  26.1%  85.9   20s
 13910  1931   45.00000   37   50   46.00000   38.00000  17.4%  91.8   25s
 17020  2235   45.00000   30   72   46.00000   38.00000  17.4%  96.3   30s
 19369  2348   45.00000   38   27   46.00000   38.00000  17.4%  99.4   35s
 22134  2551   45.00000   56   49   46.00000   38.00000  17.4%   102   40s
 25399  2774   43.00000   44   56   46.00000   38.00000  17.4%   104   46s
 28391  2968   42.00000   32   52   46.00000   38.00000  17.4%   104   51s
 30435  3115 infeasible   42        46.00000   38.00000  17.4%   105   55s
 34563  3677   43.00000   34   31   46.00000   38.00000  17.4%   104   61s
 37219  3951   43.00000   42   57   46.00000   38.00000  17.4%   104   65s
 40207  4316   45.00000   33   47   46.00000   38.00000  17.4%   104   70s
 42379  4437   39.00000   47   43   46.00000   38.00000  17.4%   105   75s
 44398  4301   39.00000   51   58   46.00000   38.00000  17.4%   105   80s
*46390  3415              72      45.0000000   38.00000  15.6%   106   84s
 46677  3261 infeasible   53        45.00000   38.00000  15.6%   106   85s
 49580  2331 infeasible   47        45.00000   38.00000  15.6%   107   90s
 52889  1463 infeasible   56        45.00000   38.00000  15.6%   107   95s
 56035  1263 infeasible   45        45.00000   38.00000  15.6%   106  100s
 59891  1234     cutoff   46        45.00000   39.00000  13.3%   106  105s
 63292  1353 infeasible   59        45.00000   39.00000  13.3%   106  110s
 66195  1340   39.00000   57   47   45.00000   39.00000  13.3%   106  115s
 69375  1264     cutoff   61        45.00000   39.00000  13.3%   106  120s
 72876  1204   41.00000   47   55   45.00000   39.00000  13.3%   106  125s
 76776  1377 infeasible   50        45.00000   40.00000  11.1%   106  131s
 79504  1359   43.00000   57   71   45.00000   40.00000  11.1%   107  136s
 82572  1345   40.00000   48   64   45.00000   40.00000  11.1%   107  141s
 85573  1230   40.00000   52   49   45.00000   40.00000  11.1%   108  146s
 88746  1136   43.00000   51   26   45.00000   40.00000  11.1%   108  151s
 92171   954   41.00000   53   60   45.00000   41.00000  8.89%   108  156s
 95710   484   44.00000   48   31   45.00000   41.00000  8.89%   108  161s
 99479   105   43.00000   52   52   45.00000   43.00000  4.44%   108  166s

Explored 101354 nodes (10939991 simplex iterations) in 167.42 seconds (120.15 work units)
Thread count was 32 (of 32 available processors)

Solution count 10: 45 46 47 ... 62.1

Optimal solution found (tolerance 1.00e-04)
Best objective 4.500000000000e+01, best bound 4.500000000000e+01, gap 0.0000%
