
Gurobi 13.0.0 (linux64) logging started Thu Nov 27 15:53:21 2025

Set parameter LogFile to value "./Results/StripPacking-BranchSP/Logs/HUspb-010-StripPacking-10-0.log"
Set parameter TimeLimit to value 3600
Set parameter Cuts to value 0
Set parameter Presolve to value 1
Set parameter Heuristics to value 0
Set parameter LogToConsole to value 0
Set parameter LPWarmStart to value 2
Warning: linear constraint 370 and linear constraint 550 have the same name "PM[B0,B1,0]"
Warning: linear constraint 370 and linear constraint 550 have the same name "PM[B0,B1,0]"
Warning: default constraint names used to write mps file
Gurobi Optimizer version 13.0.0 build v13.0.0rc1 (linux64 - "Debian GNU/Linux 12 (bookworm)")

CPU model: Intel(R) Xeon(R) CPU E5-2630 v3 @ 2.40GHz, instruction set [SSE2|AVX|AVX2]
Thread count: 16 physical cores, 32 logical processors, using up to 32 threads

Non-default parameters:
TimeLimit  3600
LPWarmStart  2
Heuristics  0
Cuts  0
LogToConsole  0
Presolve  1

Optimize a model with 2305 rows, 201 columns and 6680 nonzeros (Min)
Model fingerprint: 0x78d24e95
Model has 1 linear objective coefficients
Variable types: 21 continuous, 180 integer (180 binary)
Coefficient statistics:
  Matrix range     [1e+00, 1e+04]
  Objective range  [1e+00, 1e+00]
  Bounds range     [1e+00, 1e+04]
  RHS range        [1e+00, 1e+04]
Using branch priorities.

Warning: Completing partial solution with 180 unfixed non-continuous variables out of 180
User MIP start produced solution with objective 50 (0.00s)
Loaded user MIP start with objective 50

Presolve removed 393 rows and 22 columns
Presolve time: 0.04s
Presolved: 1912 rows, 179 columns, 5709 nonzeros
Variable types: 21 continuous, 158 integer (158 binary)

Root relaxation: objective 3.500000e+01, 259 iterations, 0.03 seconds (0.02 work units)

    Nodes    |    Current Node    |     Objective Bounds      |     Work
 Expl Unexpl |  Obj  Depth IntInf | Incumbent    BestBd   Gap | It/Node Time

     0     0   35.00000    0   14   50.00000   35.00000  30.0%     -    0s
     0     0   35.00000    0   14   50.00000   35.00000  30.0%     -    0s
     0     0   35.00000    0    9   50.00000   35.00000  30.0%     -    0s
     0     2   35.00000    0    9   50.00000   35.00000  30.0%     -    0s
*  230   233              19      46.0000000   35.00000  23.9%  21.2    0s
*  315   238              19      44.0000000   35.00000  20.5%  18.9    0s
*  464   315              18      43.0000000   35.00000  18.6%  18.2    0s
*  555   358              13      41.0000000   35.00000  14.6%  18.2    0s
* 1583   486              22      40.0000000   35.00000  12.5%  14.8    0s
* 2172   410              25      39.0000000   37.00000  5.13%  14.4    0s

Explored 4904 nodes (55726 simplex iterations) in 0.63 seconds (0.38 work units)
Thread count was 32 (of 32 available processors)

Solution count 7: 39 40 41 ... 50

Optimal solution found (tolerance 1.00e-04)
Best objective 3.900000000000e+01, best bound 3.900000000000e+01, gap 0.0000%
