
Gurobi 13.0.0 (linux64) logging started Thu Nov 27 15:56:14 2025

Set parameter LogFile to value "./Results/StripPacking-BranchSP/Logs/HUspb-111-StripPacking-15-0.log"
Set parameter TimeLimit to value 3600
Set parameter Cuts to value 1
Set parameter Presolve to value 1
Set parameter Heuristics to value 1
Set parameter LogToConsole to value 0
Set parameter LPWarmStart to value 2
Warning: linear constraint 855 and linear constraint 1275 have the same name "PM[B0,B1,0]"
Warning: linear constraint 855 and linear constraint 1275 have the same name "PM[B0,B1,0]"
Warning: default constraint names used to write mps file
Gurobi Optimizer version 13.0.0 build v13.0.0rc1 (linux64 - "Debian GNU/Linux 12 (bookworm)")

CPU model: Intel(R) Xeon(R) CPU E5-2630 v3 @ 2.40GHz, instruction set [SSE2|AVX|AVX2]
Thread count: 16 physical cores, 32 logical processors, using up to 32 threads

Non-default parameters:
TimeLimit  3600
LPWarmStart  2
Heuristics  1
Cuts  1
LogToConsole  0
Presolve  1

Optimize a model with 7470 rows, 451 columns and 21870 nonzeros (Min)
Model fingerprint: 0x76dcb4f0
Model has 1 linear objective coefficients
Variable types: 31 continuous, 420 integer (420 binary)
Coefficient statistics:
  Matrix range     [1e+00, 1e+04]
  Objective range  [1e+00, 1e+00]
  Bounds range     [1e+00, 1e+04]
  RHS range        [1e+00, 1e+04]
Using branch priorities.

Warning: Completing partial solution with 420 unfixed non-continuous variables out of 420
User MIP start produced solution with objective 62.1 (0.01s)
User MIP start produced solution with objective 62.1 (0.01s)
Loaded user MIP start with objective 62.1

Presolve removed 210 rows and 0 columns
Presolve time: 0.05s
Presolved: 7260 rows, 451 columns, 22033 nonzeros
Variable types: 31 continuous, 420 integer (420 binary)

Root relaxation: objective 3.200000e+01, 232 iterations, 0.03 seconds (0.02 work units)

    Nodes    |    Current Node    |     Objective Bounds      |     Work
 Expl Unexpl |  Obj  Depth IntInf | Incumbent    BestBd   Gap | It/Node Time

     0     0   32.00000    0   40   62.10000   32.00000  48.5%     -    0s
H    0     0                      61.0000000   32.00000  47.5%     -    0s
H    0     0                      59.0000000   32.00000  45.8%     -    0s
     0     0   32.00000    0   94   59.00000   32.00000  45.8%     -    0s
H    0     0                      56.0000000   32.00000  42.9%     -    0s
     0     0   32.00000    0   88   56.00000   32.00000  42.9%     -    0s
     0     0   32.00000    0   87   56.00000   32.00000  42.9%     -    0s
     0     0   32.00000    0   40   56.00000   32.00000  42.9%     -    0s
     0     0   32.00000    0   52   56.00000   32.00000  42.9%     -    1s
     0     0   32.00000    0   57   56.00000   32.00000  42.9%     -    1s
     0     0   32.00000    0   54   56.00000   32.00000  42.9%     -    1s
     0     0   32.00000    0   46   56.00000   32.00000  42.9%     -    1s
     0     0   32.00000    0   50   56.00000   32.00000  42.9%     -    1s
     0     0   32.00000    0   50   56.00000   32.00000  42.9%     -    1s
     0     0   32.00000    0   50   56.00000   32.00000  42.9%     -    1s
     0     0   32.00000    0   62   56.00000   32.00000  42.9%     -    1s
     0     0   32.00000    0   41   56.00000   32.00000  42.9%     -    2s
     0     0   32.00000    0   41   56.00000   32.00000  42.9%     -    2s
     0     0   32.00000    0   41   56.00000   32.00000  42.9%     -    2s
H    0     0                      55.0000000   32.00000  41.8%     -    2s
     0     2   32.00000    0   41   55.00000   32.00000  41.8%     -    2s
H    7    16                      54.0000000   32.00000  40.7%  98.3    2s
H   17    32                      51.0000000   32.00000  37.3%   117    2s
H   31    48                      50.0000000   32.00000  36.0%   123    3s
   315   328   48.00000   16   40   50.00000   32.00000  36.0%  68.3    5s
H  922   815                      50.0000000   32.00000  36.0%  52.3    8s
  1320   964   38.00000   11   57   50.00000   32.00000  36.0%  48.7   10s
  1671  1169   34.00000    9   72   50.00000   32.00000  36.0%  48.0   15s
  1914  1312   46.00000   20   52   50.00000   32.00000  36.0%  46.6   20s
  2167  1409   36.63158   13   50   50.00000   32.00000  36.0%  44.9   25s
  2588  1742   36.63158   14   52   50.00000   32.00000  36.0%  44.8   30s
  2894  1831   47.00000   14   72   50.00000   32.23313  35.5%  43.9   35s
  3039  1961   38.00000   21   38   50.00000   32.23313  35.5%  51.3   40s
H 3324  2014                      49.0000000   32.23313  34.2%  53.9   41s
* 3370  1939              33      48.0000000   32.23313  32.8%  54.0   41s
  3649  1955   38.00000   23   47   48.00000   32.23313  32.8%  56.6   45s
* 3661  1868              36      47.0000000   32.23313  31.4%  56.7   45s
  3921  1884   38.00000   28   52   47.00000   32.23313  31.4%  58.2   50s
* 3924  1805              29      46.0000000   32.23313  29.9%  58.2   50s
  4472  1715   38.00000   23   68   46.00000   32.23313  29.9%  65.3   55s
* 4600  1629              43      45.0000000   32.23313  28.4%  66.2   57s
  5179  1509   36.00000   28   84   45.00000   36.00000  20.0%  69.6   60s
  5532  1408 infeasible   28        45.00000   36.00000  20.0%  70.8   65s
  5692  1353 infeasible   24        45.00000   36.00000  20.0%  71.4   70s
  6074  1210   40.00000   28   43   45.00000   36.00000  20.0%  72.9   75s
  6381  1098   44.00000   30   40   45.00000   38.00000  15.6%  74.2   80s
  6530  1051 infeasible   33        45.00000   38.00000  15.6%  74.7   85s
  6674  1001   39.00000   25   42   45.00000   38.00000  15.6%  75.0   91s
  6793   957   38.00000   27   35   45.00000   38.00000  15.6%  75.2   95s
  6969   897 infeasible   30        45.00000   38.00000  15.6%  75.5  100s
  7088   865   38.00000   25   57   45.00000   38.00000  15.6%  75.6  105s
  7240   831   44.00000   28   25   45.00000   38.00000  15.6%  75.6  111s
  7316   831 infeasible   30        45.00000   38.00000  15.6%  75.6  115s
  7610   849 infeasible   37        45.00000   38.00000  15.6%  76.2  121s
  8049   848   38.00000   22   32   45.00000   38.00000  15.6%  76.8  126s
  8442   835   38.00000   24   46   45.00000   38.00000  15.6%  77.1  132s
  8820   825   38.00000   29   56   45.00000   38.00000  15.6%  77.6  135s
  9171   830     cutoff   31        45.00000   38.00000  15.6%  78.3  140s
  9288   821   44.00000   33   50   45.00000   38.00000  15.6%  78.5  146s
  9558   817 infeasible   35        45.00000   38.00000  15.6%  78.8  155s
 10327   891   39.00000   24   56   45.00000   38.00000  15.6%  79.7  162s
 10821   874   42.00000   30   46   45.00000   38.00000  15.6%  81.3  165s
 11244   824   39.00000   34   42   45.00000   39.00000  13.3%  82.4  172s
 11322   794     cutoff   27        45.00000   39.00000  13.3%  82.4  176s
 11605   788   41.00000   28   42   45.00000   39.00000  13.3%  82.7  180s
 12596   741   41.00000   27   37   45.00000   39.00000  13.3%  83.8  188s
 12948   742 infeasible   28        45.00000   39.00000  13.3%  84.4  192s
 12977   736   43.00000   29   22   45.00000   39.00000  13.3%  84.5  197s
 13225   731   39.00000   25   32   45.00000   39.00000  13.3%  84.6  201s
 13262   684 infeasible   26        45.00000   39.00000  13.3%  84.7  206s
 13756   654 infeasible   27        45.00000   39.00000  13.3%  84.8  211s
 14361   680 infeasible   39        45.00000   39.00000  13.3%  85.1  216s
 14895   667   41.00000   23   51   45.00000   39.00000  13.3%  86.0  220s
 14940   675 infeasible   24        45.00000   39.00000  13.3%  86.0  226s
 15124   662 infeasible   25        45.00000   39.00000  13.3%  86.1  232s
 15523   590   40.00000   24   45   45.00000   39.00000  13.3%  86.3  237s
 16130   559   40.00000   25   41   45.00000   39.00000  13.3%  86.1  242s
 16357   426   44.00000   35   50   45.00000   40.00000  11.1%  86.4  248s
 16830   148 infeasible   29        45.00000   40.00000  11.1%  86.3  254s
 17595    28   41.00000   30   62   45.00000   40.00000  11.1%  85.5  259s
 17926    28 infeasible   41        45.00000   41.00000  8.89%  85.5  260s
 17948    23   41.00000   25   40   45.00000   41.00000  8.89%  85.5  265s
 17970    15   41.00000   26   40   45.00000   41.00000  8.89%  85.5  272s
 17992     7 infeasible   27        45.00000   41.00000  8.89%  85.4  277s
 18007     4 infeasible   28        45.00000   41.00000  8.89%  85.4  281s
 18014     3 infeasible   42        45.00000   42.00000  6.67%  85.4  286s
 18018     2   43.00000   34   35   45.00000   43.00000  4.44%  85.4  291s

Cutting planes:
  Learned: 934
  Gomory: 8
  Lift-and-project: 12
  Cover: 113
  Implied bound: 2
  Clique: 8
  MIR: 216
  StrongCG: 1
  Flow cover: 365
  GUB cover: 1
  Zero half: 8
  RLT: 134
  Relax-and-lift: 148
  BQP: 10

Explored 18025 nodes (1546244 simplex iterations) in 294.84 seconds (205.03 work units)
Thread count was 32 (of 32 available processors)

Solution count 10: 45 46 47 ... 55

Optimal solution found (tolerance 1.00e-04)
Best objective 4.500000000000e+01, best bound 4.500000000000e+01, gap 0.0000%
