
Gurobi 13.0.0 (linux64) logging started Thu Nov 27 15:53:22 2025

Set parameter LogFile to value "./Results/StripPacking-BranchSP/Logs/HUspb-111-StripPacking-10-0.log"
Set parameter TimeLimit to value 3600
Set parameter Cuts to value 1
Set parameter Presolve to value 1
Set parameter Heuristics to value 1
Set parameter LogToConsole to value 0
Set parameter LPWarmStart to value 2
Warning: linear constraint 370 and linear constraint 550 have the same name "PM[B0,B1,0]"
Warning: linear constraint 370 and linear constraint 550 have the same name "PM[B0,B1,0]"
Warning: default constraint names used to write mps file
Gurobi Optimizer version 13.0.0 build v13.0.0rc1 (linux64 - "Debian GNU/Linux 12 (bookworm)")

CPU model: Intel(R) Xeon(R) CPU E5-2630 v3 @ 2.40GHz, instruction set [SSE2|AVX|AVX2]
Thread count: 16 physical cores, 32 logical processors, using up to 32 threads

Non-default parameters:
TimeLimit  3600
LPWarmStart  2
Heuristics  1
Cuts  1
LogToConsole  0
Presolve  1

Optimize a model with 2305 rows, 201 columns and 6680 nonzeros (Min)
Model fingerprint: 0x78d24e95
Model has 1 linear objective coefficients
Variable types: 21 continuous, 180 integer (180 binary)
Coefficient statistics:
  Matrix range     [1e+00, 1e+04]
  Objective range  [1e+00, 1e+00]
  Bounds range     [1e+00, 1e+04]
  RHS range        [1e+00, 1e+04]
Using branch priorities.

Warning: Completing partial solution with 180 unfixed non-continuous variables out of 180
User MIP start produced solution with objective 50 (0.00s)
Loaded user MIP start with objective 50

Presolve removed 393 rows and 22 columns
Presolve time: 0.04s
Presolved: 1912 rows, 179 columns, 5709 nonzeros
Variable types: 21 continuous, 158 integer (158 binary)

Root relaxation: objective 3.500000e+01, 259 iterations, 0.03 seconds (0.02 work units)

    Nodes    |    Current Node    |     Objective Bounds      |     Work
 Expl Unexpl |  Obj  Depth IntInf | Incumbent    BestBd   Gap | It/Node Time

     0     0   35.00000    0   14   50.00000   35.00000  30.0%     -    0s
H    0     0                      48.0000000   35.00000  27.1%     -    0s
H    0     0                      47.0000000   35.00000  25.5%     -    0s
     0     0   35.00000    0   16   47.00000   35.00000  25.5%     -    0s
H    0     0                      46.0000000   35.00000  23.9%     -    0s
     0     0   35.00000    0   13   46.00000   35.00000  23.9%     -    0s
H    0     0                      44.0000000   35.00000  20.5%     -    0s
     0     0   35.00000    0   20   44.00000   35.00000  20.5%     -    0s
     0     0   35.00000    0   16   44.00000   35.00000  20.5%     -    0s
     0     0   35.00000    0   18   44.00000   35.00000  20.5%     -    0s
     0     0   35.00000    0   27   44.00000   35.00000  20.5%     -    0s
     0     0   35.00000    0    3   44.00000   35.00000  20.5%     -    0s
     0     0   35.00000    0    3   44.00000   35.00000  20.5%     -    0s
     0     0   35.00000    0   11   44.00000   35.00000  20.5%     -    0s
     0     0   35.00000    0    4   44.00000   35.00000  20.5%     -    0s
     0     0   35.00000    0    4   44.00000   35.00000  20.5%     -    0s
H    0     0                      42.0000000   35.00000  16.7%     -    0s
     0     0   35.00000    0    9   42.00000   35.00000  16.7%     -    0s
     0     0   35.00000    0    8   42.00000   35.00000  16.7%     -    0s
     0     0   35.00000    0    8   42.00000   35.00000  16.7%     -    0s
     0     0   35.00000    0    8   42.00000   35.00000  16.7%     -    0s
     0     0   35.00000    0   14   42.00000   35.00000  16.7%     -    0s
     0     0   35.00000    0   17   42.00000   35.00000  16.7%     -    0s
H    0     0                      41.0000000   35.00000  14.6%     -    0s
     0     0   35.00000    0   15   41.00000   35.00000  14.6%     -    0s
     0     0   35.00000    0    8   41.00000   35.00000  14.6%     -    0s
     0     0   35.00000    0    8   41.00000   35.00000  14.6%     -    0s
     0     0   35.00000    0   28   41.00000   35.00000  14.6%     -    0s
     0     0   35.00000    0    7   41.00000   35.00000  14.6%     -    0s
     0     0   35.00000    0    7   41.00000   35.00000  14.6%     -    0s
     0     0   35.00000    0   28   41.00000   35.00000  14.6%     -    0s
     0     0   35.00000    0    3   41.00000   35.00000  14.6%     -    0s
     0     0   35.00000    0    3   41.00000   35.00000  14.6%     -    0s
     0     0   35.00000    0    4   41.00000   35.00000  14.6%     -    0s
     0     0   35.00000    0    4   41.00000   35.00000  14.6%     -    0s
     0     0   35.00000    0    6   41.00000   35.00000  14.6%     -    0s
     0     0   35.00000    0   10   41.00000   35.00000  14.6%     -    0s
     0     0   35.00000    0   19   41.00000   35.00000  14.6%     -    1s
     0     0   35.00000    0    2   41.00000   35.00000  14.6%     -    1s
     0     0   35.00000    0    2   41.00000   35.00000  14.6%     -    1s
     0     0   35.00000    0    8   41.00000   35.00000  14.6%     -    1s
     0     0   35.00000    0    7   41.00000   35.00000  14.6%     -    1s
     0     0   35.00000    0   21   41.00000   35.00000  14.6%     -    1s
     0     0   35.00000    0    2   41.00000   35.00000  14.6%     -    1s
     0     0   35.00000    0    2   41.00000   35.00000  14.6%     -    1s
     0     2   35.00000    0    2   41.00000   35.00000  14.6%     -    1s
H   26    25                      40.0000000   35.00000  12.5%  32.2    1s
H   58    74                      39.0000000   35.00000  10.3%  35.0    1s
H  472   177                      39.0000000   35.00000  10.3%  21.1    1s

Cutting planes:
  Learned: 114
  Gomory: 1
  Lift-and-project: 6
  Cover: 27
  Implied bound: 3
  Clique: 2
  MIR: 82
  StrongCG: 2
  Zero half: 1
  RLT: 5
  Relax-and-lift: 10

Explored 2579 nodes (38117 simplex iterations) in 3.69 seconds (1.67 work units)
Thread count was 32 (of 32 available processors)

Solution count 9: 39 40 41 ... 50

Optimal solution found (tolerance 1.00e-04)
Best objective 3.899999999600e+01, best bound 3.899999999600e+01, gap 0.0000%
