
Gurobi 13.0.0 (linux64) logging started Wed Nov 26 16:28:16 2025

Set parameter LogFile to value "./Results/StripPacking-BranchSP/Logs/NUspb-111-StripPacking-20-0.log"
Set parameter TimeLimit to value 3600
Set parameter Cuts to value 1
Set parameter Presolve to value 1
Set parameter Heuristics to value 1
Set parameter LogToConsole to value 0
Set parameter LPWarmStart to value 2
Gurobi Optimizer version 13.0.0 build v13.0.0rc1 (linux64 - "Debian GNU/Linux 12 (bookworm)")

CPU model: Intel(R) Xeon(R) CPU E5-2630 v3 @ 2.40GHz, instruction set [SSE2|AVX|AVX2]
Thread count: 16 physical cores, 32 logical processors, using up to 32 threads

Non-default parameters:
TimeLimit  3600
LPWarmStart  2
Heuristics  1
Cuts  1
LogToConsole  0
Presolve  1

Optimize a model with 29125 rows, 1251 columns and 87650 nonzeros (Min)
Model fingerprint: 0x43b84631
Model has 1 linear objective coefficients
Variable types: 51 continuous, 1200 integer (1200 binary)
Coefficient statistics:
  Matrix range     [1e+00, 1e+04]
  Objective range  [1e+00, 1e+00]
  Bounds range     [1e+00, 1e+04]
  RHS range        [1e+00, 1e+04]
Using branch priorities.

Warning: Completing partial solution with 1200 unfixed non-continuous variables out of 1200
User MIP start produced solution with objective 104.8 (0.04s)
Loaded user MIP start with objective 104.8

Presolve time: 0.11s
Presolved: 29125 rows, 1251 columns, 87650 nonzeros
Variable types: 51 continuous, 1200 integer (1200 binary)
Root relaxation presolved: 1251 rows, 30376 columns, 88901 nonzeros


Root relaxation: objective 3.600000e+01, 665 iterations, 0.11 seconds (0.08 work units)

    Nodes    |    Current Node    |     Objective Bounds      |     Work
 Expl Unexpl |  Obj  Depth IntInf | Incumbent    BestBd   Gap | It/Node Time

     0     0   36.00000    0  132  104.80000   36.00000  65.6%     -    0s
H    0     0                     104.0000000   36.00000  65.4%     -    0s
H    0     0                     103.0000000   36.00000  65.0%     -    0s
H    0     0                     102.0000000   36.00000  64.7%     -    1s
H    0     0                     100.0000000   36.00000  64.0%     -    1s
     0     0   36.00000    0  270  100.00000   36.00000  64.0%     -    1s
H    0     0                      98.0000000   36.00000  63.3%     -    1s
     0     0   36.00000    0  261   98.00000   36.00000  63.3%     -    1s
     0     0   36.00000    0  260   98.00000   36.00000  63.3%     -    3s
     0     0   36.00000    0  130   98.00000   36.00000  63.3%     -    9s
H    0     0                      96.0000000   36.00000  62.5%     -   13s
H    0     0                      95.0000000   36.00000  62.1%     -   13s
H    0     0                      94.0000000   36.00000  61.7%     -   13s
H    0     0                      91.0000000   36.00000  60.4%     -   13s
H    0     0                      90.0000000   36.00000  60.0%     -   13s
     0     0   36.00000    0  157   90.00000   36.00000  60.0%     -   13s
     0     0   36.00000    0  210   90.00000   36.00000  60.0%     -   14s
     0     0   36.00000    0  142   90.00000   36.00000  60.0%     -   15s
     0     0   36.00000    0  213   90.00000   36.00000  60.0%     -   16s
H    0     0                      90.0000000   36.00000  60.0%     -   17s
     0     0   36.00000    0  232   90.00000   36.00000  60.0%     -   17s
     0     0   36.00000    0  205   90.00000   36.00000  60.0%     -   22s
H    0     0                      89.0000000   36.00000  59.6%     -   28s
H    0     0                      88.0000000   36.00000  59.1%     -   28s
H    0     0                      87.0000000   36.00000  58.6%     -   28s
H    0     0                      86.0000000   36.00000  58.1%     -   28s
H    0     0                      85.0000000   36.00000  57.6%     -   28s
     0     0   36.00000    0  268   85.00000   36.00000  57.6%     -   28s
     0     0   36.00000    0  307   85.00000   36.00000  57.6%     -   30s
     0     0   36.00000    0  159   85.00000   36.00000  57.6%     -   36s
     0     0   36.00000    0  282   85.00000   36.00000  57.6%     -   40s
H    0     0                      85.0000000   36.00000  57.6%     -   41s
     0     0   36.00000    0  330   85.00000   36.00000  57.6%     -   42s
     0     0   36.00000    0  192   85.00000   36.00000  57.6%     -   45s
     0     0   36.00000    0  192   85.00000   36.00000  57.6%     -   47s
     0     0   36.00000    0  172   85.00000   36.00000  57.6%     -   47s
     0     2   36.00000    0  170   85.00000   36.00000  57.6%     -   49s
     3     8   36.00000    2  365   85.00000   36.00000  57.6%   756   51s
    31    48   36.06387    5  473   85.00000   36.00000  57.6%  1328   60s
H   43    48                      83.0000000   36.00000  56.6%  1604   60s
   125   185   42.00000   12  300   83.00000   36.00000  56.6%   691   66s
   282   299   42.00000   18  273   83.00000   36.00000  56.6%   402   71s
   314   331   42.00000   20  258   83.00000   36.00000  56.6%   378   76s
   346   363   42.00000   21  279   83.00000   36.00000  56.6%   362   84s
   362   377   42.00000   22  217   83.00000   36.00000  56.6%   355   88s
   380   393   42.00000   23  219   83.00000   36.00000  56.6%   345   92s
   396   409   57.00000   24  226   83.00000   36.00000  56.6%   337   97s
   412   425   57.00000   25  183   83.00000   36.00000  56.6%   335  101s
   428   441   66.00000   25  249   83.00000   36.00000  56.6%   327  105s
   466   483   57.00000   27  232   83.00000   36.00000  56.6%   310  114s
   486   503   57.00000   28  214   83.00000   36.00000  56.6%   306  118s
   506   533   57.00000   28  181   83.00000   36.00000  56.6%   299  122s
   540   573   57.00000   32  212   83.00000   36.00000  56.6%   291  125s
   627   639   75.00000   43  148   83.00000   36.00000  56.6%   268  133s
   652   668   75.00000   48  223   83.00000   36.00000  56.6%   265  136s
   681   700   75.00000   49  179   83.00000   36.00000  56.6%   262  140s
   751   764   75.00000   51  166   83.00000   36.00000  56.6%   245  148s
   777   781   75.00000   52  164   83.00000   36.00000  56.6%   239  151s
H  789   781                      83.0000000   36.00000  56.6%   237  151s
   798   800   75.00000   53  154   83.00000   36.00000  56.6%   235  155s
   834   830   75.00000   55  121   83.00000   36.00000  56.6%   229  162s
   851   845 infeasible   56        83.00000   36.00000  56.6%   226  165s
   886   875   75.00000   57  142   83.00000   36.00000  56.6%   222  172s
   902   890   75.00000   57  124   83.00000   36.00000  56.6%   221  176s
   919   906   75.00000   58  115   83.00000   36.00000  56.6%   219  181s
   957   936   75.00000   59  131   83.00000   36.00000  56.6%   213  189s
   977   955   75.00000   60  157   83.00000   36.00000  56.6%   211  195s
  1046  1006   75.00000   61  108   83.00000   36.00000  56.6%   202  205s
  1062  1027   75.00000   62  126   83.00000   36.00000  56.6%   200  212s
  1091  1051   75.00000   63  126   83.00000   36.00000  56.6%   198  218s
  1117  1066   75.00000   65   92   83.00000   36.00000  56.6%   196  224s
  1134  1082   75.00000   66   97   83.00000   36.00000  56.6%   195  231s
  1150  1130   75.00000   66  128   83.00000   36.00000  56.6%   193  236s
  1208  1252   82.00000   67  100   83.00000   36.00000  56.6%   188  241s
  1368  1307   75.00000   68  138   83.00000   36.00000  56.6%   175  247s
  1440  1322   80.00000   69  205   83.00000   36.00000  56.6%   170  252s
  1457  1336   75.00000   69  140   83.00000   36.00000  56.6%   169  257s
  1475  1351   75.00000   70  150   83.00000   36.00000  56.6%   168  266s
  1492  1366   80.00000   70  200   83.00000   36.00000  56.6%   167  272s
  1509  1377   80.00000   71  148   83.00000   36.00000  56.6%   166  281s
  1530  1393   75.00000   71  177   83.00000   36.00000  56.6%   165  288s
  1546  1409   75.00000   72  172   83.00000   36.00000  56.6%   164  296s
  1562  1435   75.00000   73  180   83.00000   36.00000  56.6%   163  305s
  1608  1454   75.00000   74  170   83.00000   36.00000  56.6%   160  314s
  1652  1476   81.00000   74  154   83.00000   36.00000  56.6%   158  323s
  1696  1492   78.00000   80  159   83.00000   36.00000  56.6%   159  333s
  1712  1508   78.00000   80   77   83.00000   36.00000  56.6%   159  344s
  1728  1604   78.00000   81  158   83.00000   36.00000  56.6%   159  353s
  1828  1615     cutoff   82        83.00000   36.00000  56.6%   155  371s
  1849  1650   78.00000   83  144   83.00000   36.00000  56.6%   155  380s
  1920  1706   78.00000   84  163   83.00000   36.00000  56.6%   151  393s
  2002  1859 infeasible   85        83.00000   36.00000  56.6%   150  401s
  2213  1983 infeasible   86        83.00000   36.00000  56.6%   144  411s
  2376  2086   49.44000    6  260   83.00000   36.00000  56.6%   140  420s
  2512  2088   82.00000   70  309   83.00000   36.00000  56.6%   137  428s
  2513  2089   59.00000   14  491   83.00000   36.00000  56.6%   137  432s
  2514  2090   78.00000   16  466   83.00000   36.00000  56.6%   137  468s
  2515  2090   73.00000   33  118   83.00000   36.00000  56.6%   137  476s
  2516  2091   72.00000   20  185   83.00000   36.00000  56.6%   137  480s
  2518  2092   77.00000   32  194   83.00000   36.00000  56.6%   137  485s
  2520  2094   77.00000   22  252   83.00000   36.00000  56.6%   137  498s
  2521  2094   66.00000   43  180   83.00000   36.00000  56.6%   137  505s
  2522  2095   81.00000   46  289   83.00000   36.00000  56.6%   137  520s
  2523  2096   59.00000   32  138   83.00000   36.00000  56.6%   137  527s
  2524  2096   78.00000   26  168   83.00000   36.00000  56.6%   136  533s
  2525  2097   78.00000   60  185   83.00000   36.00000  56.6%   136  538s
  2526  2098   78.00000   28  217   83.00000   36.00000  56.6%   136  543s
  2527  2098   50.00000   16  145   83.00000   36.00000  56.6%   136  549s
  2528  2099   82.00000   68  244   83.00000   36.00000  56.6%   136  555s
  2530  2100   65.00000   27  205   83.00000   36.00000  56.6%   136  563s
  2531  2101   75.00000   26  195   83.00000   36.00000  56.6%   136  566s
  2540  2116   36.00000   17  264   83.00000   36.00000  56.6%   175  571s
  2564  2140   36.51283   19  482   83.00000   36.00000  56.6%   187  576s
  2634  2224   36.61420   22  419   83.00000   36.00000  56.6%   194  580s
  2822  2321   61.00000   26  213   83.00000   36.00000  56.6%   193  585s
  2976  2405   54.00000   29  206   83.00000   36.00000  56.6%   190  590s
  3069  2476   79.00000   31  205   83.00000   36.00000  56.6%   188  595s
  3156  2522   73.00000   33  178   83.00000   36.00000  56.6%   185  600s
  3220  2568   54.00000   35  197   83.00000   36.00000  56.6%   184  606s
  3294  2613   54.00000   37  178   83.00000   36.00000  56.6%   181  611s
  3337  2654   54.00000   38  172   83.00000   36.00000  56.6%   180  615s
  3399  2687   55.00000   39  158   83.00000   36.00000  56.6%   178  621s
  3425  2693   55.00000   40  156   83.00000   36.00000  56.6%   178  625s
  3460  2714   55.00000   41  155   83.00000   36.00000  56.6%   177  632s
  3479  2724   72.00000   41  162   83.00000   36.00000  56.6%   176  636s
  3521  2763   68.00000   42  177   83.00000   36.00000  56.6%   175  643s
  3554  2778   55.00000   43  247   83.00000   36.00000  56.6%   175  648s
  3592  2790   72.00000   43  179   83.00000   36.00000  56.6%   175  652s
  3621  2796   72.00000   44  161   83.00000   36.00000  56.6%   174  658s
  3638  2806   72.00000   44  166   83.00000   36.00000  56.6%   174  662s
  3654  2811   72.00000   45  160   83.00000   36.00000  56.6%   174  666s
  3676  2818   72.00000   45  166   83.00000   36.00000  56.6%   174  670s
  3692  2828   72.00000   46  164   83.00000   36.00000  56.6%   174  675s
  3709  2838   72.00000   46  144   83.00000   36.00000  56.6%   173  680s
  3725  2849   72.00000   47  181   83.00000   36.00000  56.6%   173  686s
  3741  2860   72.00000   47  134   83.00000   36.00000  56.6%   173  690s
  3757  2870   72.00000   48  123   83.00000   36.00000  56.6%   173  695s
  3773  2881   82.00000   48  140   83.00000   36.00000  56.6%   172  700s
  3789  2890   72.00000   49  118   83.00000   36.00000  56.6%   172  705s
  3807  2900   72.00000   49  164   83.00000   36.00000  56.6%   172  711s
  3823  2910   72.00000   50  114   83.00000   36.00000  56.6%   171  716s
  3839  2921   72.00000   50  126   83.00000   36.00000  56.6%   171  721s
  3855  2931   72.00000   51  108   83.00000   36.00000  56.6%   171  726s
  3872  2940   72.00000   51  130   83.00000   36.00000  56.6%   170  732s
  3889  2950   72.00000   52  126   83.00000   36.00000  56.6%   170  738s
  3905  2961   72.00000   52  144   83.00000   36.00000  56.6%   169  745s
  3921  2972   72.00000   53  126   83.00000   36.00000  56.6%   169  751s
  3937  2982   72.00000   53  114   83.00000   36.00000  56.6%   169  757s
  3953  2992   79.00000   54  112   83.00000   36.00000  56.6%   168  762s
  3970  3001   72.00000   54  114   83.00000   36.00000  56.6%   168  768s
  3987  3010   72.00000   55  116   83.00000   36.00000  56.6%   168  774s
  4004  3019   72.00000   55  116   83.00000   36.00000  56.6%   167  780s
  4021  3027   72.00000   56  113   83.00000   36.00000  56.6%   167  786s
  4039  3037   72.00000   56  123   83.00000   36.00000  56.6%   166  794s
  4055  3044   72.00000   57  113   83.00000   36.00000  56.6%   166  801s
  4075  3047   72.00000   57  135   83.00000   36.00000  56.6%   166  809s
  4097  3053   79.00000   58  111   83.00000   36.00000  56.6%   165  816s
  4116  3063   72.00000   58  137   83.00000   36.00000  56.6%   165  824s
  4132  3070   79.00000   59  182   83.00000   36.00000  56.6%   165  840s
  4151  3076   72.00000   59  153   83.00000   36.00000  56.6%   164  852s
  4171  3105 infeasible   60        83.00000   36.00000  56.6%   164  862s
  4213  3111   79.00000   61  122   83.00000   36.00000  56.6%   163  871s
  4233  3121   79.00000   61  118   83.00000   36.00000  56.6%   163  880s
  4249  3131   79.00000   62  120   83.00000   36.00000  56.6%   163  888s
  4265  3142   79.00000   62  116   83.00000   36.00000  56.6%   162  897s
  4281  3151     cutoff   63        83.00000   36.00000  56.6%   162  907s
  4299  3161   79.00000   63  168   83.00000   36.00000  56.6%   162  915s
  4315  3171   79.00000   64  118   83.00000   36.00000  56.6%   161  925s
  4334  3192   79.00000   65  116   83.00000   36.00000  56.6%   161  934s
  4363  3202   79.00000   72  124   83.00000   36.00000  56.6%   160  942s
  4387  3216   79.00000   72  129   83.00000   36.00000  56.6%   160  954s
  4429  3218   79.00000   73  111   83.00000   36.00000  56.6%   159  964s
  4451  3234   79.00000   73  114   83.00000   36.00000  56.6%   159  988s
  4476  3270   79.00000   74  120   83.00000   36.00000  56.6%   158  998s
  4540  3286   79.00000   74  103   83.00000   36.00000  56.6%   157 1010s
  4582  3294   79.00000   75  101   83.00000   36.00000  56.6%   156 1024s
  4626  3352   79.00000   75   91   83.00000   36.00000  56.6%   156 1037s
  4730  3391     cutoff   76        83.00000   36.00000  56.6%   155 1047s
  4810  3420     cutoff   77        83.00000   36.86141  55.6%   154 1070s
  4895  3449   79.00000   78  111   83.00000   36.86141  55.6%   152 1094s
  4968  3482   79.00000   78  151   83.00000   42.00000  49.4%   151 1110s
  5057  3557   43.55502   33  295   83.00000   42.00000  49.4%   150 1124s
* 5097  3278              97      82.0000000   42.00000  48.8%   150 1124s
  5229  3543     cutoff   65        82.00000   42.00000  48.8%   148 1137s
H 5233  3441                      82.0000000   42.00000  48.8%   148 1137s
  5647  3588   74.00000   61  158   82.00000   42.00000  48.8%   144 1151s
  6020  3560   81.00000   78  107   82.00000   42.00000  48.8%   142 1163s
* 6043  3288              99      81.0000000   42.00000  48.1%   141 1163s
  6196  3255     cutoff   79        81.00000   42.00000  48.1%   140 1174s
  6276  3280   68.00000   31  248   81.00000   42.00000  48.1%   139 1187s
H 6278  3188                      81.0000000   42.00000  48.1%   139 1187s
  6340  3179   68.00000   32  232   81.00000   42.00000  48.1%   139 1202s
  6360  3313   68.00000   33  230   81.00000   42.00000  48.1%   139 1218s
  6536  3305   68.00000   34  215   81.00000   42.00000  48.1%   138 1231s
  6603  3448   68.00000   35  228   81.00000   42.00000  48.1%   137 1244s
  6824  3520   68.00000   36  208   81.00000   42.00000  48.1%   136 1258s
  7016  3912   68.00000   37  209   81.00000   42.00000  48.1%   135 1274s
* 7413  3531             104      80.0000000   42.00000  47.5%   133 1274s
  7615  3592   68.00000   38  208   80.00000   42.00000  47.5%   132 1291s
H 7682  3592                      80.0000000   42.00000  47.5%   131 1291s
  7758  3708   77.00000   53  195   80.00000   42.00000  47.5%   131 1305s
  7939  3833   46.00000   32  231   80.00000   42.00000  47.5%   130 1321s
  8090  4045   57.00000   32  262   80.00000   42.00000  47.5%   129 1338s
  8412  4143   68.00000   67  172   80.00000   43.00000  46.2%   128 1358s
  8562  4396   79.00000   79  108   80.00000   43.00000  46.2%   127 1381s
  8906  4408   75.00000   80  190   80.00000   43.00000  46.2%   126 1399s
  8926  4424   75.00000   80  180   80.00000   43.00000  46.2%   126 1423s
  8942  4439   75.00000   81  187   80.00000   43.00000  46.2%   126 1444s
  8958  4454   75.00000   81  113   80.00000   43.00000  46.2%   126 1461s
  8975  4707   79.00000   82  139   80.00000   43.00000  46.2%   126 1480s
  9328  4929 infeasible   84        80.00000   43.00000  46.2%   125 1501s
  9656  5391   79.00000   83  137   80.00000   43.00000  46.2%   124 1522s
 10369  5823   63.00000   40  190   80.00000   43.00000  46.2%   122 1542s
 11004  6623   64.00000   41  170   80.00000   43.00000  46.2%   120 1563s
 12111  7797     cutoff   48        80.00000   46.00000  42.5%   117 1583s
 13689  8488   78.00000   70  171   80.00000   46.00000  42.5%   114 1603s
*13752  7234              89      79.0000000   46.00000  41.8%   114 1603s
 14618  7808   65.00000   47  189   79.00000   46.00000  41.8%   112 1622s
 15488  8078     cutoff   75        79.00000   46.00000  41.8%   111 1640s
H15489  8078                      79.0000000   46.00000  41.8%   111 1640s
 15906  8092   78.00000   74   77   79.00000   48.00000  39.2%   111 1662s
 15924  8369 infeasible   75        79.00000   48.00000  39.2%   111 1688s
 16385  8949   64.00000   42  238   79.00000   48.00000  39.2%   110 1711s
 17267  9226   64.00000   43  218   79.00000   48.00000  39.2%   110 1738s
 17640  9590   64.00000   44  202   79.00000   48.00000  39.2%   109 1763s
 18217  9730   64.00000   45  211   79.00000   48.00000  39.2%   109 1788s
 18421 10221   64.00000   46  208   79.00000   48.00000  39.2%   108 1817s
 19208 11340   64.00000   47  167   79.00000   48.00000  39.2%   107 1843s
 20746 12990   65.00000   48  157   79.00000   48.00000  39.2%   106 1883s
 23261 13461   65.00000   49  161   79.00000   48.00000  39.2%   106 1898s
 23875 13682   65.00000   50  175   79.00000   48.00000  39.2%   105 1914s
 24227 13895   65.00000   51  200   79.00000   48.00000  39.2%   105 1930s
 24557 13918 infeasible   94        79.00000   48.00000  39.2%   105 1947s
 24608 14129 infeasible   93        79.00000   48.00000  39.2%   105 1972s
 24983 15334 infeasible   74        79.00000   48.00000  39.2%   105 1993s
 26950 16422   78.00000   71  132   79.00000   48.00000  39.2%   104 2011s
 28545 16551 infeasible   72        79.00000   48.00000  39.2%   104 2030s
 28759 16558 infeasible   73        79.00000   48.00000  39.2%   104 2047s
 28799 16588   48.00000   47  223   79.00000   48.00000  39.2%   104 2063s
 28843 16603   63.00000   50  238   79.00000   48.00000  39.2%   104 2082s
 28860 16626   62.00000   50  205   79.00000   48.00000  39.2%   104 2100s
 28891 16661   62.00000   50  214   79.00000   48.00000  39.2%   104 2119s
 28938 16682   68.00000   55  198   79.00000   48.00000  39.2%   104 2138s
 28968 16698   68.00000   57  194   79.00000   48.00000  39.2%   104 2159s
 28984 16709   68.00000   57  188   79.00000   48.00000  39.2%   104 2177s
 29004 16760   68.00000   58  199   79.00000   48.00000  39.2%   104 2196s
 29075 16776   68.00000   59  195   79.00000   48.00000  39.2%   104 2215s
 29091 16836   76.00000   58  174   79.00000   48.00000  39.2%   104 2234s
 29163 16852   76.00000   60  164   79.00000   48.00000  39.2%   104 2254s
 29179 16875   72.00000   60  167   79.00000   48.00000  39.2%   104 2277s
 29221 16893   68.00000   58  192   79.00000   48.00000  39.2%   104 2301s
 29239 16974   76.00000   61  169   79.00000   48.00000  39.2%   104 2326s
 29357 17003   78.00000   61  194   79.00000   48.00000  39.2%   104 2355s
 29396 17412     cutoff   62        79.00000   48.00000  39.2%   104 2381s
 30068 18449   78.00000   63  185   79.00000   48.00000  39.2%   103 2409s
 31595 18917   78.00000   64  172   79.00000   48.00000  39.2%   102 2437s
 32254 19697   78.00000   65  170   79.00000   48.00000  39.2%   102 2466s
 33564 22250   78.00000   65  179   79.00000   48.00000  39.2%   102 2500s
*35713 17799              83      78.0000000   48.00000  38.5%   101 2500s
 37280 17250     cutoff   66        78.00000   48.00000  38.5%   101 2524s
H37288 17250                      78.0000000   48.00000  38.5%   101 2524s
 37324 17299   59.00000   39  178   78.00000   48.00000  38.5%   101 2546s
 37426 17307   60.00000   40  155   78.00000   48.00000  38.5%   101 2570s
 37448 17472   60.00000   41  153   78.00000   48.00000  38.5%   101 2597s
 37682 17657   60.00000   42  164   78.00000   48.00000  38.5%   101 2625s
 37981 17809   60.00000   43  149   78.00000   48.00000  38.5%   101 2659s
 38226 18102   60.00000   44  143   78.00000   48.00000  38.5%   100 2691s
*38455 15801              94      77.0000000   48.00000  37.7%   100 2691s
 38712 17030   60.00000   45  186   77.00000   48.00000  37.7%   100 2727s
H39211 17030                      77.0000000   48.00000  37.7%   100 2728s
 40778 17424   64.00000   64  177   77.00000   48.00000  37.7%   100 2757s
 41433 21438   67.00000   65  156   77.00000   48.00000  37.7%   100 2825s
 47885 22851     cutoff   73        77.00000   48.00000  37.7%   101 2844s
 50283 23387 infeasible   91        77.00000   48.00000  37.7%   101 2862s
 51089 23397 infeasible   89        77.00000   48.00000  37.7%   101 2879s
 51111 23407 infeasible   90        77.00000   48.00000  37.7%   101 2896s
 51133 23606   65.00000   65  175   77.00000   48.00000  37.7%   101 2915s
 51518 23619   76.00000   70  121   77.00000   48.00000  37.7%   101 2933s
 51537 23621   76.00000   71  122   77.00000   48.00000  37.7%   101 2951s
 51565 23629   76.00000   72  102   77.00000   48.00000  37.7%   101 2969s
 51589 23639   76.00000   73   72   77.00000   48.00000  37.7%   101 2987s
 51611 23655   76.00000   74   70   77.00000   48.00000  37.7%   101 3007s
 51627 23670   76.00000   75   74   77.00000   48.00000  37.7%   101 3025s
 51643 23684   76.00000   76  122   77.00000   48.00000  37.7%   101 3056s
 51659 23698   76.00000   77  116   77.00000   48.00000  37.7%   101 3081s
 51676 23745   76.00000   78  114   77.00000   48.00000  37.7%   101 3101s
 51731 23786   76.00000   79  123   77.00000   48.00000  37.7%   101 3133s
 51791 23821 infeasible   80        77.00000   48.00000  37.7%   101 3163s
 51880 23882 infeasible   81        77.00000   48.00000  37.7%   101 3185s
 51972 23925   76.00000   82   58   77.00000   48.00000  37.7%   101 3213s
 52030 23968   76.00000   83  116   77.00000   48.00000  37.7%   101 3249s
 52119 23987 infeasible   84        77.00000   48.00000  37.7%   101 3278s
 52144 24003   76.00000   85   79   77.00000   48.00000  37.7%   101 3308s
 52164 24050 infeasible   86        77.00000   48.00000  37.7%   101 3340s
 52245 24112   76.00000   87   86   77.00000   48.00000  37.7%   101 3378s
 52352 24128   76.00000   88   83   77.00000   48.00000  37.7%   101 3413s
 52375 24152   76.00000   89   70   77.00000   48.00000  37.7%   101 3455s
 52422 24180   76.00000   91   42   77.00000   48.00000  37.7%   101 3478s
 52476 25069 infeasible   91        77.00000   48.00000  37.7%   101 3524s
 53881 26720   71.00000   59  178   77.00000   48.00000  37.7%   101 3556s
 56565 26724 infeasible   74        77.00000   48.00000  37.7%   100 3579s
 56593 26916 infeasible   74        77.00000   48.00000  37.7%   100 3600s

Cutting planes:
  Gomory: 40
  Lift-and-project: 62
  Cover: 392
  Implied bound: 194
  MIR: 505
  Flow cover: 1006
  GUB cover: 3
  Zero half: 6
  Network: 1
  RLT: 625
  Relax-and-lift: 198
  BQP: 170
  PSD: 48

Explored 56923 nodes (5771245 simplex iterations) in 3600.08 seconds (2640.38 work units)
Thread count was 32 (of 32 available processors)

Solution count 10: 77 77 78 ... 81

Time limit reached
Best objective 7.699999999220e+01, best bound 4.800000000000e+01, gap 37.6623%
