
Gurobi 13.0.0 (linux64) logging started Wed Nov 26 21:28:32 2025

Set parameter LogFile to value "./Results/StripPacking-BranchSP/Logs/NUspb-010-StripPacking-50-0.log"
Set parameter TimeLimit to value 3600
Set parameter Cuts to value 0
Set parameter Presolve to value 1
Set parameter Heuristics to value 0
Set parameter LogToConsole to value 0
Set parameter LPWarmStart to value 2
Gurobi Optimizer version 13.0.0 build v13.0.0rc1 (linux64 - "Debian GNU/Linux 12 (bookworm)")

CPU model: Intel(R) Xeon(R) CPU E5-2630 v3 @ 2.40GHz, instruction set [SSE2|AVX|AVX2]
Thread count: 16 physical cores, 32 logical processors, using up to 32 threads

Non-default parameters:
TimeLimit  3600
LPWarmStart  2
Heuristics  0
Cuts  0
LogToConsole  0
Presolve  1

Optimize a model with 241375 rows, 5001 columns and 725300 nonzeros (Min)
Model fingerprint: 0xbb024d67
Model has 1 linear objective coefficients
Variable types: 101 continuous, 4900 integer (4900 binary)
Coefficient statistics:
  Matrix range     [1e+00, 1e+04]
  Objective range  [1e+00, 1e+00]
  Bounds range     [1e+00, 1e+04]
  RHS range        [1e+00, 1e+04]
Using branch priorities.

Warning: Completing partial solution with 4900 unfixed non-continuous variables out of 4900
User MIP start produced solution with objective 191.6 (0.41s)
Loaded user MIP start with objective 191.6

Presolve time: 1.73s
Presolved: 241375 rows, 5001 columns, 725300 nonzeros
Variable types: 101 continuous, 4900 integer (4900 binary)
Root relaxation presolved: 5001 rows, 246376 columns, 730301 nonzeros


Root simplex log...

Iteration    Objective       Primal Inf.    Dual Inf.      Time
   21139    3.5067901e+01   0.000000e+00   1.120560e+02      5s
   25778    3.5000000e+01   0.000000e+00   0.000000e+00      6s
   25778    3.5000000e+01   0.000000e+00   0.000000e+00      6s
   25778    3.5000000e+01   0.000000e+00   0.000000e+00      6s

Root relaxation: objective 3.500000e+01, 25778 iterations, 3.39 seconds (2.48 work units)

    Nodes    |    Current Node    |     Objective Bounds      |     Work
 Expl Unexpl |  Obj  Depth IntInf | Incumbent    BestBd   Gap | It/Node Time

     0     0   35.00000    0  947  191.60000   35.00000  81.7%     -   27s
     0     0   35.00000    0  947  191.60000   35.00000  81.7%     -   28s
     0     0   35.00000    0  947  191.60000   35.00000  81.7%     -   45s
     0     2   35.00000    0  947  191.60000   35.00000  81.7%     -   66s
     3     8   35.00000    2  762  191.60000   35.00000  81.7%   458   84s
     7    15   35.00000    3  761  191.60000   35.00000  81.7%  1693  112s
    14    29   35.00000    4  761  191.60000   35.00000  81.7%  1521  140s
    28    43   35.00000    5  761  191.60000   35.00000  81.7%  1422  165s
    42   115   35.00000    6  760  191.60000   35.00000  81.7%  1126  204s
   114   174   35.00000    9  825  191.60000   35.00000  81.7%   998  263s
   173   225   68.00000   12  734  191.60000   35.00000  81.7%  1096  336s
   224   316   68.00000   15  733  191.60000   35.00000  81.7%  1096  440s
   315   531   68.00000   24  698  191.60000   35.00000  81.7%  1335  587s
   530   763   68.00000   30  953  191.60000   35.00000  81.7%  1313  767s
   762  1135  124.00000   32  680  191.60000   35.00000  81.7%  1219  968s
  1134  1674  124.00000   67  751  191.60000   35.00000  81.7%  1154 1187s
  1685  2344  190.00000  136  450  191.60000   35.00000  81.7%  1034 1389s
  2419  2888   35.00000   27  970  191.60000   35.00000  81.7%   886 1566s
  3085  3639   55.00000   34  980  191.60000   35.00000  81.7%   807 1735s
  3918  4328   64.00000   41  933  191.60000   35.00000  81.7%   733 1877s
  4645  4892   65.00000   49  937  191.60000   35.00000  81.7%   683 2035s
* 5134  4723             332     189.0000000   35.00000  81.5%   663 2035s
  5259  5251   65.00000   58  926  189.00000   35.00000  81.5%   668 2212s
  5896  5835   83.00000   92 1067  189.00000   35.00000  81.5%   649 2373s
  6521  5836  146.00000  294  947  189.00000   35.00000  81.5%   638 2384s
  6523  5837   79.00000   71  921  189.00000   35.00000  81.5%   638 2424s
  6524  5838  161.00000  234  812  189.00000   35.00000  81.5%   638 2450s
  6526  5842   35.00000   13  758  189.00000   35.00000  81.5%   645 2465s
  6528  5846   50.00000   14  608  189.00000   35.00000  81.5%   645 2472s
  6532  5852   50.00000   15  608  189.00000   35.00000  81.5%   645 2483s
  6540  5866   56.00000   16  606  189.00000   35.00000  81.5%   645 2505s
  6556  5874   56.00000   17  614  189.00000   35.00000  81.5%   646 2534s
  6570  5908   56.00000   18  607  189.00000   35.00000  81.5%   645 2550s
  6608  5924   56.00000   20  622  189.00000   35.00000  81.5%   644 2562s
  6637  5942   56.00000   21  590  189.00000   35.00000  81.5%   643 2575s
  6665  5965   56.00000   22  591  189.00000   35.00000  81.5%   642 2590s
  6697  5985   56.00000   23  656  189.00000   35.00000  81.5%   641 2603s
  6728  6005   56.00000   24  661  189.00000   35.00000  81.5%   640 2620s
  6758  6023   56.00000   25  677  189.00000   35.00000  81.5%   639 2634s
  6786  6046   73.00000   27  597  189.00000   35.00000  81.5%   639 2643s
  6818  6068   73.00000   28  682  189.00000   35.00000  81.5%   637 2655s
  6851  6089   73.00000   29  661  189.00000   35.00000  81.5%   636 2673s
  6883  6108   73.00000   30  651  189.00000   35.00000  81.5%   635 2688s
  6913  6131   73.00000   31  649  189.00000   35.00000  81.5%   634 2698s
  6946  6148   85.00000   32  596  189.00000   35.00000  81.5%   632 2713s
  6974  6172   73.00000   33  808  189.00000   35.00000  81.5%   632 2726s
  7007  6195   73.00000   34  804  189.00000   35.00000  81.5%   630 2740s
  7041  6220   73.00000   35  711  189.00000   35.00000  81.5%   629 2752s
  7077  6245   73.00000   36  724  189.00000   35.00000  81.5%   627 2770s
  7114  6272   82.00000   37  730  189.00000   35.00000  81.5%   625 2784s
  7154  6302   73.00000   38  753  189.00000   35.00000  81.5%   624 2806s
  7197  6334   73.00000   40  739  189.00000   35.00000  81.5%   623 2821s
  7243  6367   73.00000   42  698  189.00000   35.00000  81.5%   621 2836s
  7292  6395   73.00000   44  659  189.00000   35.00000  81.5%   619 2851s
  7336  6433   73.00000   46  581  189.00000   35.00000  81.5%   617 2866s
  7389  6468   73.00000   47  682  189.00000   35.00000  81.5%   615 2882s
  7441  6507   73.00000   48  585  189.00000   35.00000  81.5%   613 2915s
  7498  6553   73.00000   50  651  189.00000   35.00000  81.5%   610 2937s
  7563  6601   73.00000   52  605  189.00000   35.00000  81.5%   606 2955s
  7632  6642   73.00000   54  657  189.00000   35.00000  81.5%   603 2973s
  7696  6693   73.00000   57  673  189.00000   35.00000  81.5%   601 2991s
  7769  6744   73.00000   59  676  189.00000   35.00000  81.5%   597 3011s
  7844  6800   73.00000   61  677  189.00000   35.00000  81.5%   594 3040s
  7925  6856   87.00000   63  737  189.00000   35.00000  81.5%   591 3060s
  8008  6915   78.00000   65  823  189.00000   35.00000  81.5%   587 3082s
  8095  6985   85.00000   67  844  189.00000   35.00000  81.5%   584 3105s
  8194  7070   85.00000   69  715  189.00000   35.00000  81.5%   579 3129s
  8312  7140   85.00000   71  718  189.00000   35.00000  81.5%   574 3151s
  8421  7225  100.00000   73  691  189.00000   35.00000  81.5%   569 3182s
  8542  7313   87.00000   76  681  189.00000   35.00000  81.5%   564 3216s
  8671  7414   87.00000   78  649  189.00000   35.00000  81.5%   558 3240s
  8815  7522  100.00000   81  597  189.00000   35.00000  81.5%   552 3267s
  8971  7657  107.00000   86  622  189.00000   35.00000  81.5%   545 3300s
  9158  7856  111.00000   90  627  189.00000   35.00000  81.5%   537 3329s
  9419  8092  111.00000   94  542  189.00000   35.00000  81.5%   525 3363s
  9742  8394  115.00000  107  466  189.00000   35.00000  81.5%   511 3393s
 10182  8691  124.00000  127  384  189.00000   35.00000  81.5%   493 3426s
 10633  9085  128.00000  143  439  189.00000   35.00000  81.5%   477 3459s
 11190  9473  146.00000  169  111  189.00000   35.00000  81.5%   457 3491s
 11835  9732  155.00000  199   80  189.00000   35.00000  81.5%   436 3522s
*12210  9309             395     188.0000000   35.00000  81.4%   424 3522s
 12455  9639  177.00000  231   80  188.00000   35.00000  81.4%   418 3549s
*12507  9055             258     181.0000000   35.00000  80.7%   417 3549s
 13034  9016     cutoff  268       181.00000   35.00000  80.7%   403 3591s
*13048  8652             294     180.0000000   35.00000  80.6%   403 3591s
 13456  8588   45.00000   20  857  180.00000   35.00000  80.6%   396 3600s

Explored 13561 nodes (5390521 simplex iterations) in 3600.15 seconds (2268.44 work units)
Thread count was 32 (of 32 available processors)

Solution count 5: 180 181 188 ... 191.6

Time limit reached
Best objective 1.800000000000e+02, best bound 3.500000000000e+01, gap 80.5556%
