
Gurobi 13.0.0 (linux64) logging started Wed Nov 26 15:28:14 2025

Set parameter LogFile to value "./Results/StripPacking-BranchSP/Logs/NUspb-010-StripPacking-20-0.log"
Set parameter TimeLimit to value 3600
Set parameter Cuts to value 0
Set parameter Presolve to value 1
Set parameter Heuristics to value 0
Set parameter LogToConsole to value 0
Set parameter LPWarmStart to value 2
Gurobi Optimizer version 13.0.0 build v13.0.0rc1 (linux64 - "Debian GNU/Linux 12 (bookworm)")

CPU model: Intel(R) Xeon(R) CPU E5-2630 v3 @ 2.40GHz, instruction set [SSE2|AVX|AVX2]
Thread count: 16 physical cores, 32 logical processors, using up to 32 threads

Non-default parameters:
TimeLimit  3600
LPWarmStart  2
Heuristics  0
Cuts  0
LogToConsole  0
Presolve  1

Optimize a model with 29125 rows, 1251 columns and 87650 nonzeros (Min)
Model fingerprint: 0x43b84631
Model has 1 linear objective coefficients
Variable types: 51 continuous, 1200 integer (1200 binary)
Coefficient statistics:
  Matrix range     [1e+00, 1e+04]
  Objective range  [1e+00, 1e+00]
  Bounds range     [1e+00, 1e+04]
  RHS range        [1e+00, 1e+04]
Using branch priorities.

Warning: Completing partial solution with 1200 unfixed non-continuous variables out of 1200
User MIP start produced solution with objective 104.8 (0.04s)
Loaded user MIP start with objective 104.8

Presolve time: 0.11s
Presolved: 29125 rows, 1251 columns, 87650 nonzeros
Variable types: 51 continuous, 1200 integer (1200 binary)
Root relaxation presolved: 1251 rows, 30376 columns, 88901 nonzeros


Root relaxation: objective 3.600000e+01, 665 iterations, 0.11 seconds (0.08 work units)

    Nodes    |    Current Node    |     Objective Bounds      |     Work
 Expl Unexpl |  Obj  Depth IntInf | Incumbent    BestBd   Gap | It/Node Time

     0     0   36.00000    0  132  104.80000   36.00000  65.6%     -    0s
     0     0   36.00000    0  132  104.80000   36.00000  65.6%     -    0s
     0     0   36.00000    0  132  104.80000   36.00000  65.6%     -    0s
     0     2   36.00000    0  132  104.80000   36.00000  65.6%     -    1s
   220   253   36.00000   11  260  104.80000   36.00000  65.6%   128    5s
   868   938   69.00000   31  176  104.80000   36.00000  65.6%   110   10s
* 1183  1251              86     101.0000000   36.00000  64.4%  96.5   11s
* 1481  1347             103      97.0000000   36.00000  62.9%  88.1   12s
* 1785  1529             121      95.0000000   36.00000  62.1%  80.4   12s
* 1868  1519             116      93.0000000   36.00000  61.3%  79.3   13s
  2369  1883   60.00000    9  245   93.00000   36.00000  61.3%  80.3   15s
* 2818  2158             125      92.0000000   36.00000  60.9%  81.9   16s
  3087  2367   36.00000   22  167   92.00000   36.00000  60.9%  81.2   20s
  3675  2770   44.00000   36  196   92.00000   36.00000  60.9%  75.7   25s
  4774  3542   79.00000   67  182   92.00000   36.00000  60.9%  69.9   30s
* 5188  3558             111      91.0000000   36.00000  60.4%  67.2   31s
* 5190  3345             112      90.0000000   36.00000  60.0%  67.2   31s
* 6073  3424             111      89.0000000   36.00000  59.6%  63.1   33s
* 6082  3218             114      88.0000000   36.00000  59.1%  63.0   33s
* 6509  3073             109      87.0000000   36.00000  58.6%  61.8   34s
  6622  3170   77.00000   64  125   87.00000   36.00000  58.6%  61.6   35s
* 7583  3332             101      86.0000000   36.00000  58.1%  59.6   37s
* 7800  3206              99      85.0000000   36.00000  57.6%  59.4   38s
  8342  3590   77.00000   54  182   85.00000   36.00000  57.6%  59.7   40s
* 9019  3656             103      84.0000000   36.00000  57.1%  59.9   42s
  9720  4237   64.00000   37  207   84.00000   42.00000  50.0%  59.7   45s
 10934  5179     cutoff   91        84.00000   42.00000  50.0%  59.6   50s
*12188  5285             108      83.0000000   42.00000  49.4%  59.8   54s
 12378  5519   79.00000   69  152   83.00000   42.00000  49.4%  59.9   55s
*13141  5451             120      82.0000000   42.00000  48.8%  59.9   58s
 13427  5741   72.00000   57  182   82.00000   42.00000  48.8%  59.9   60s
*14358  5848             111      81.0000000   42.00000  48.1%  60.5   63s
 14711  6118   74.00000   67  168   81.00000   42.00000  48.1%  60.5   65s
 15935  6912   77.00000   82   88   81.00000   42.00000  48.1%  62.5   71s
 17042  7696   71.00000   62  158   81.00000   42.00000  48.1%  64.6   76s
 18035  8355   79.00000   78   63   81.00000   42.00000  48.1%  65.8   81s
 19001  9161   64.00000   49  134   81.00000   42.00000  48.1%  67.2   85s
 20157  9953   79.00000   65  211   81.00000   42.00000  48.1%  68.3   91s
 21285 10913   72.00000   57  141   81.00000   42.00000  48.1%  69.5   97s
 22168 11730   78.00000   66  115   81.00000   43.00000  46.9%  70.5  101s
 23213 12659   78.00000   50  107   81.00000   43.00000  46.9%  70.4  105s
 25349 14139   80.00000   76   68   81.00000   43.00000  46.9%  70.9  111s
 26232 14835   55.00000   38  202   81.00000   43.00000  46.9%  71.7  115s
 27874 15972   80.00000   68  139   81.00000   43.00000  46.9%  72.3  123s
 28950 16761 infeasible   79        81.00000   43.00000  46.9%  72.8  127s
 30010 17526   78.00000   62  154   81.00000   43.00000  46.9%  73.6  131s
 31063 18405   80.00000   74  117   81.00000   43.00000  46.9%  74.3  135s
 32239 19118   75.00000   65  159   81.00000   43.00000  46.9%  74.9  140s
 33354 19635   72.00000   55  168   81.00000   43.00000  46.9%  75.7  145s
 34137 20472   69.00000   51  167   81.00000   43.00000  46.9%  75.9  150s
*34788 18160             101      80.0000000   43.00000  46.3%  76.0  150s
 35407 18914     cutoff   82        80.00000   43.00000  46.3%  76.1  155s
 36680 19643 infeasible   77        80.00000   44.00000  45.0%  77.1  161s
 37830 20585   79.00000   75  128   80.00000   44.00000  45.0%  77.8  167s
 39262 21553   73.00000   61  153   80.00000   44.00000  45.0%  78.7  172s
 40737 22462   77.00000   36  145   80.00000   45.00000  43.7%  79.4  179s
 41983 23519   79.00000   66  133   80.00000   46.00000  42.5%  79.4  185s
*43411 20168              97      79.0000000   46.00000  41.8%  79.7  185s
 43491 21215     cutoff   88        79.00000   46.00000  41.8%  79.7  192s
 45152 22314   72.00000   55  139   79.00000   46.00000  41.8%  80.4  200s
 46625 23136 infeasible   79        79.00000   46.00000  41.8%  80.9  207s
 47997 23974     cutoff   82        79.00000   46.00000  41.8%  82.4  214s
 49246 24824   74.00000   82  173   79.00000   46.00000  41.8%  83.5  222s
 50706 25848 infeasible   70        79.00000   46.00000  41.8%  85.0  230s
 52314 26800   59.00000   52  174   79.00000   47.00000  40.5%  86.1  239s
 53742 27731   75.00000   57  157   79.00000   48.00000  39.2%  86.6  247s
 55278 28790   76.00000   76   61   79.00000   48.00000  39.2%  88.0  255s
 56885 30021   70.00000   63  217   79.00000   48.00000  39.2%  88.4  263s
*57837 25077             103      78.0000000   48.00000  38.5%  88.7  263s
 58715 25770 infeasible   70        78.00000   48.00000  38.5%  89.1  272s
 60369 26611   70.00000   47  166   78.00000   48.00000  38.5%  90.0  280s
 61975 27739   77.00000   73   85   78.00000   48.00000  38.5%  90.4  287s
 63720 28712   77.00000   67  139   78.00000   48.00000  38.5%  90.9  294s
 65261 29459   76.00000   68   92   78.00000   48.00000  38.5%  91.4  301s
 66567 30258   72.00000   59  149   78.00000   48.00000  38.5%  92.3  309s
 68073 31147     cutoff   64        78.00000   48.00000  38.5%  92.8  317s
 69737 32176 infeasible   81        78.00000   48.00000  38.5%  93.6  325s
 71388 33093   65.00000   62  192   78.00000   48.00000  38.5%  94.5  334s
 73000 34430   60.00000   45  205   78.00000   48.00000  38.5%  94.8  341s
 75036 35628   77.00000  102   86   78.00000   48.00000  38.5%  94.9  349s
 76948 36927   77.00000   64  119   78.00000   48.00000  38.5%  95.2  357s
 78837 37988   76.00000   67  127   78.00000   48.00000  38.5%  95.3  364s
 80483 39019   65.00000   48  107   78.00000   48.00000  38.5%  95.6  371s
 82203 40126   60.00000   53  206   78.00000   48.00000  38.5%  95.9  378s
 83870 40980   71.00000   71   97   78.00000   48.00000  38.5%  96.2  385s
 85477 42077   74.00000   63  174   78.00000   48.00000  38.5%  96.6  392s
*86420 36031             112      77.0000000   48.00000  37.7%  96.6  392s
 87196 36602     cutoff   72        77.00000   48.00000  37.7%  96.7  398s
 88641 37462   74.00000   68  111   77.00000   48.00000  37.7%  97.0  405s
 90158 38467   72.00000   71  158   77.00000   48.00000  37.7%  97.4  412s
 91797 39347   76.00000   63  148   77.00000   48.00000  37.7%  97.7  419s
 93266 40106 infeasible   71        77.00000   48.00000  37.7%  98.1  426s
 94710 41058   76.00000   64  168   77.00000   48.00000  37.7%  98.7  433s
 96230 41907   76.00000   80   61   77.00000   48.00000  37.7%  98.9  440s
 97856 42799 infeasible   69        77.00000   48.00000  37.7%  99.3  447s
 99318 43831   48.00000   52  151   77.00000   48.00000  37.7%   100  454s
 100955 44589 infeasible   69        77.00000   48.00000  37.7%   100  462s
 102452 45397   73.00000   70  168   77.00000   48.00000  37.7%   101  469s
 104005 46431   66.00000   59  172   77.00000   48.00000  37.7%   101  476s
 105615 47354 infeasible   73        77.00000   48.00000  37.7%   101  484s
 107179 48119   50.00000   56  176   77.00000   48.00000  37.7%   101  491s
 108552 48951 infeasible   71        77.00000   48.00000  37.7%   102  499s
 109890 50050   73.00000   76  131   77.00000   48.00000  37.7%   102  507s
 111749 51075   76.00000   70  128   77.00000   48.00000  37.7%   103  516s
 113498 52117   76.00000   62   88   77.00000   48.00000  37.7%   103  525s
 115278 53203   61.00000   52  149   77.00000   48.00000  37.7%   104  533s
 117048 54134     cutoff   58        77.00000   48.00000  37.7%   104  541s
 118729 54987   74.00000   51  159   77.00000   48.00000  37.7%   104  549s
 120489 56092 infeasible   71        77.00000   48.00000  37.7%   105  557s
 122254 56969   76.00000   69   79   77.00000   48.00000  37.7%   105  565s
 123768 58002   75.00000   69  113   77.00000   48.00000  37.7%   105  572s
 125455 58913   67.00000   60  168   77.00000   48.00000  37.7%   106  580s
 126953 59887     cutoff   62        77.00000   48.00000  37.7%   106  588s
 128595 60708   67.00000   57  177   77.00000   48.00000  37.7%   106  595s
 130049 61649   58.00000   43  155   77.00000   48.00000  37.7%   106  603s
 131671 62420   74.00000   58  196   77.00000   48.00000  37.7%   107  611s
 133389 63209   67.00000   58  114   77.00000   48.00000  37.7%   107  620s
 134896 64188   75.00000   59  168   77.00000   48.00000  37.7%   107  629s
 136408 65065     cutoff   80        77.00000   48.00000  37.7%   107  637s
 137968 65916   48.00000   47  250   77.00000   48.00000  37.7%   108  645s
 139580 66894   68.00000   46  206   77.00000   48.00000  37.7%   108  653s
 141267 67976     cutoff   60        77.00000   48.00000  37.7%   108  661s
 143022 69143   75.00000   59  128   77.00000   48.00000  37.7%   109  670s
 144677 70065 infeasible   58        77.00000   48.00000  37.7%   109  678s
 146384 71031   73.00000   61  136   77.00000   48.00000  37.7%   109  686s
 148308 71926   73.00000   57   86   77.00000   48.00000  37.7%   109  693s
 149888 72919   76.00000   73  108   77.00000   48.00000  37.7%   109  701s
 151450 73994 infeasible   78        77.00000   48.00000  37.7%   109  708s
 153071 74987   75.00000   75   50   77.00000   48.00000  37.7%   109  716s
 154737 75862   73.00000   56  102   77.00000   48.00000  37.7%   109  724s
 156364 76691   76.00000   67  110   77.00000   48.00000  37.7%   110  731s
 157920 77761 infeasible   78        77.00000   48.00000  37.7%   110  739s
 159658 78696   76.00000   65   89   77.00000   48.00000  37.7%   110  747s
 161210 79737   75.00000   65  177   77.00000   48.00000  37.7%   110  755s
 162836 80679   50.00000   47  141   77.00000   48.00000  37.7%   110  763s
 164353 81552   48.00000   42  145   77.00000   48.00000  37.7%   110  770s
 166050 82475   74.00000   82  106   77.00000   48.00000  37.7%   110  777s
 167593 83499     cutoff   80        77.00000   48.00000  37.7%   110  785s
 169279 84515   74.00000   84  119   77.00000   48.00000  37.7%   110  793s
 171039 85257   74.00000   81  122   77.00000   48.00000  37.7%   110  801s
 172526 86375   60.00000   52  132   77.00000   48.00000  37.7%   111  809s
 174260 87388   76.00000   76  138   77.00000   48.00000  37.7%   111  817s
 175880 88441 infeasible   60        77.00000   48.00000  37.7%   111  825s
 177609 89596   74.00000   54  132   77.00000   48.00000  37.7%   111  832s
 179291 90569     cutoff   76        77.00000   48.00000  37.7%   111  839s
 180941 91426   75.00000   67   94   77.00000   48.00000  37.7%   111  846s
 182525 92449   70.00000   59  121   77.00000   48.00000  37.7%   111  855s
 184189 93492   76.00000   75   65   77.00000   48.00000  37.7%   111  862s
 185919 94413   75.00000   69  101   77.00000   48.00000  37.7%   111  869s
 187633 95446   76.00000   68  125   77.00000   48.00000  37.7%   111  877s
 189250 96391   73.00000   60  181   77.00000   48.00000  37.7%   111  886s
 190798 97379   70.00000   50  164   77.00000   48.00000  37.7%   111  894s
 192430 98232   69.00000   57  133   77.00000   48.00000  37.7%   112  902s
 193740 99464   59.00000   55  154   77.00000   48.00000  37.7%   112  911s
 195707 100502   75.00000   72  154   77.00000   48.00000  37.7%   112  918s
 197343 101434 infeasible   82        77.00000   48.00000  37.7%   112  926s
 198952 102481 infeasible   73        77.00000   48.00000  37.7%   112  934s
 200686 103442   63.00000   39  227   77.00000   48.00000  37.7%   112  942s
 202284 104352   76.00000   73  106   77.00000   48.00000  37.7%   112  950s
 203944 105460   72.00000   54  162   77.00000   48.00000  37.7%   113  959s
 205560 106550   73.00000   62   82   77.00000   48.00000  37.7%   112  968s
 207402 107612   73.00000   63  136   77.00000   48.00000  37.7%   113  976s
 209171 108583   59.00000   53  207   77.00000   48.00000  37.7%   113  984s
 210754 109464   75.00000   77  115   77.00000   48.00000  37.7%   113  991s
 212352 110418   68.00000   56  183   77.00000   48.00000  37.7%   113  999s
 213999 111161   76.00000   76  117   77.00000   48.00000  37.7%   113 1006s
 215427 112182   72.00000   55  169   77.00000   48.00000  37.7%   113 1014s
 217228 113123     cutoff   79        77.00000   48.00000  37.7%   113 1021s
 218881 114117 infeasible   68        77.00000   48.00000  37.7%   113 1029s
 220491 114808   72.00000   69   87   77.00000   48.00000  37.7%   113 1037s
 222073 115700   75.00000   62  165   77.00000   48.00000  37.7%   114 1045s
 223680 116633   72.00000   63  196   77.00000   48.00000  37.7%   114 1053s
 225322 117510   74.00000   65  168   77.00000   48.00000  37.7%   114 1060s
 226873 118326   49.00000   54  192   77.00000   48.00000  37.7%   114 1069s
 228269 119189 infeasible   70        77.00000   48.00000  37.7%   114 1077s
 229851 120103 infeasible   82        77.00000   48.00000  37.7%   114 1086s
 231465 121092   74.00000   58  191   77.00000   48.00000  37.7%   114 1094s
 233177 121926     cutoff   68        77.00000   48.00000  37.7%   114 1103s
 234708 122646   72.00000   68  206   77.00000   48.00000  37.7%   115 1111s
 236069 123410   75.00000   81  118   77.00000   48.00000  37.7%   115 1120s
 237867 124253   65.00000   50  190   77.00000   48.00000  37.7%   115 1129s
 239415 125242 infeasible   72        77.00000   48.00000  37.7%   115 1137s
 241161 126196   76.00000   75   82   77.00000   48.00000  37.7%   115 1146s
 242847 126931   67.00000   57  161   77.00000   48.00000  37.7%   115 1154s
 244349 127800   70.00000   72  223   77.00000   48.00000  37.7%   116 1163s
 245924 128800   75.00000   53  137   77.00000   48.00000  37.7%   116 1172s
 247636 129875 infeasible   77        77.00000   48.00000  37.7%   116 1180s
 249497 131122 infeasible   74        77.00000   48.00000  37.7%   116 1188s
 251410 132320   75.00000   77   92   77.00000   48.00000  37.7%   116 1196s
 253209 133433   76.00000   68  146   77.00000   48.00000  37.7%   116 1204s
 254980 134401   73.00000   52   95   77.00000   48.00000  37.7%   116 1211s
 256659 135427   66.00000   61  159   77.00000   48.00000  37.7%   116 1219s
 258350 136424 infeasible   67        77.00000   48.00000  37.7%   116 1227s
 259902 137506   73.00000   60  201   77.00000   48.00000  37.7%   116 1235s
 261485 138491   75.00000   81  109   77.00000   48.00000  37.7%   116 1242s
 263114 139266   58.00000   52  117   77.00000   48.00000  37.7%   116 1250s
 264539 140234   72.00000   64  122   77.00000   48.00000  37.7%   116 1258s
 266192 141115   67.00000   56  191   77.00000   48.00000  37.7%   116 1266s
 267740 141920   75.00000   76   91   77.00000   48.00000  37.7%   116 1273s
 269223 142923   61.00000   46  120   77.00000   48.00000  37.7%   117 1281s
 270909 143896 infeasible   71        77.00000   48.00000  37.7%   117 1289s
 272505 144862   67.00000   46  157   77.00000   48.00000  37.7%   117 1296s
 274100 145630   74.00000   61  112   77.00000   48.00000  37.7%   117 1305s
 275639 146545   74.00000   70  130   77.00000   48.00000  37.7%   117 1313s
 277178 147452     cutoff   61        77.00000   48.00000  37.7%   117 1321s
 278682 148662   75.00000   65  193   77.00000   48.00000  37.7%   117 1329s
 280578 149910   73.00000   59  133   77.00000   48.00000  37.7%   117 1337s
 282438 150588   71.00000   63  167   77.00000   48.00000  37.7%   117 1345s
 283887 151446   72.00000   67  151   77.00000   48.00000  37.7%   117 1352s
 285404 152557   74.00000   75  107   77.00000   48.00000  37.7%   117 1360s
 287162 153492   76.00000   68  169   77.00000   48.00000  37.7%   117 1368s
 288749 154438 infeasible   75        77.00000   48.00000  37.7%   117 1375s
 290408 155346 infeasible   78        77.00000   48.00000  37.7%   117 1382s
 291909 156188   66.00000   52  221   77.00000   48.00000  37.7%   117 1389s
 293378 156945 infeasible   67        77.00000   48.00000  37.7%   117 1397s
 294847 157895   69.00000   58  137   77.00000   48.00000  37.7%   117 1404s
 296481 158803 infeasible   75        77.00000   48.00000  37.7%   117 1412s
 297994 159859   71.00000   59  193   77.00000   48.00000  37.7%   117 1420s
 299647 160772   71.00000   62  136   77.00000   48.00000  37.7%   117 1428s
 301141 161460   72.00000   47  118   77.00000   48.00000  37.7%   117 1436s
 302642 162398     cutoff   59        77.00000   48.00000  37.7%   118 1444s
 304215 163330   75.00000   80  110   77.00000   48.00000  37.7%   118 1453s
 305746 164403   76.00000   66  134   77.00000   48.00000  37.7%   118 1461s
 307497 165633   71.00000   57  169   77.00000   48.00000  37.7%   118 1469s
 309322 166685   67.00000   50  172   77.00000   48.00000  37.7%   118 1477s
 311025 167609   76.00000   57   62   77.00000   48.00000  37.7%   118 1485s
 312813 168642     cutoff   65        77.00000   48.00000  37.7%   118 1493s
 314524 169534   76.00000   80   70   77.00000   48.00000  37.7%   118 1500s
 316132 170244   74.00000   59  133   77.00000   48.00000  37.7%   118 1507s
 317770 171062   75.00000   68   54   77.00000   48.00000  37.7%   118 1515s
 319318 171729   72.00000   79  112   77.00000   48.00000  37.7%   118 1522s
 320656 172740   76.00000   78  118   77.00000   48.00000  37.7%   118 1531s
 322586 173642   61.00000   49  142   77.00000   48.00000  37.7%   118 1539s
 324451 174552   75.00000   91   69   77.00000   48.00000  37.7%   118 1547s
 326156 175450   74.00000   79  149   77.00000   48.00000  37.7%   118 1555s
 327757 176388   71.00000   80  127   77.00000   48.00000  37.7%   118 1563s
 329399 177424 infeasible   73        77.00000   48.00000  37.7%   118 1570s
 331181 178418 infeasible   81        77.00000   48.00000  37.7%   118 1578s
 332889 179355 infeasible   83        77.00000   48.00000  37.7%   118 1586s
 334423 180284   72.00000   73  111   77.00000   48.00000  37.7%   118 1594s
 336040 181379   67.00000   61  120   77.00000   48.00000  37.7%   118 1601s
 337760 182236     cutoff   79        77.00000   48.00000  37.7%   118 1609s
 339307 183319   76.00000   70  117   77.00000   48.00000  37.7%   118 1617s
 341049 184242   76.00000   84   48   77.00000   48.00000  37.7%   118 1624s
 342620 185157   75.00000   62  122   77.00000   48.00000  37.7%   118 1632s
 344345 185980 infeasible   63        77.00000   48.00000  37.7%   118 1639s
 345866 186897   50.00000   51  210   77.00000   48.00000  37.7%   118 1647s
 347462 187733   74.00000   70  148   77.00000   48.00000  37.7%   119 1654s
 348935 188786   49.00000   50  157   77.00000   48.00000  37.7%   119 1662s
 350611 190030   75.00000   67  144   77.00000   48.00000  37.7%   119 1669s
 352394 190819   76.00000   64  185   77.00000   48.00000  37.7%   119 1677s
 353999 191762   76.00000   75   81   77.00000   48.00000  37.7%   119 1685s
 355657 192619   73.00000   53  179   77.00000   48.00000  37.7%   119 1693s
 357310 193451   74.00000   60  164   77.00000   48.00000  37.7%   119 1701s
 358864 194379   73.00000   59  120   77.00000   48.00000  37.7%   119 1709s
 360468 195070   72.00000   64  163   77.00000   48.00000  37.7%   119 1716s
 361931 195869   73.00000   79  109   77.00000   48.00000  37.7%   119 1723s
 363578 196877   76.00000   69  114   77.00000   48.00000  37.7%   119 1731s
 365286 197643   76.00000   69  106   77.00000   48.00000  37.7%   119 1739s
 366864 198605     cutoff   54        77.00000   48.00000  37.7%   119 1746s
 368541 199568   76.00000   58  181   77.00000   48.00000  37.7%   119 1754s
 370179 200548   76.00000   66  174   77.00000   48.00000  37.7%   119 1762s
 371798 201429   71.00000   60  156   77.00000   48.00000  37.7%   119 1769s
 373380 202271   67.00000   47  201   77.00000   48.00000  37.7%   119 1776s
 374969 203158   76.00000   89   54   77.00000   48.00000  37.7%   119 1783s
 376521 204038   76.00000   82   53   77.00000   48.00000  37.7%   119 1791s
 378010 204934   50.00000   54  190   77.00000   48.00000  37.7%   119 1799s
 379596 205886 infeasible   72        77.00000   48.00000  37.7%   119 1806s
 381230 206813   63.00000   51  154   77.00000   48.00000  37.7%   119 1815s
 382903 207872 infeasible   89        77.00000   48.00000  37.7%   119 1823s
 384593 208982   76.00000   84  106   77.00000   48.00000  37.7%   119 1831s
 386331 209835   75.00000   70  324   77.00000   48.00000  37.7%   119 1838s
 387787 210593     cutoff   60        77.00000   48.00000  37.7%   119 1846s
 389249 211411   71.00000   65  179   77.00000   48.00000  37.7%   119 1854s
 390876 212236   73.00000   89  103   77.00000   48.00000  37.7%   119 1862s
 392340 213077   75.00000   80   94   77.00000   48.00000  37.7%   119 1870s
 393958 214151   60.00000   52  116   77.00000   48.00000  37.7%   119 1878s
 395678 215124   76.00000   70   80   77.00000   48.00000  37.7%   119 1885s
 397315 215992   76.00000   88   67   77.00000   48.00000  37.7%   119 1893s
 398810 216894   54.00000   41  127   77.00000   48.00000  37.7%   119 1900s
 400412 217688     cutoff   77        77.00000   48.00000  37.7%   119 1908s
 401921 218671     cutoff   84        77.00000   48.00000  37.7%   119 1915s
 403598 219781 infeasible   72        77.00000   48.00000  37.7%   119 1923s
 405388 220596   74.00000   67  166   77.00000   48.00000  37.7%   119 1930s
 406800 221594   75.00000   78   87   77.00000   48.00000  37.7%   119 1936s
 408458 222476 infeasible   78        77.00000   48.00000  37.7%   119 1943s
 410143 223336   74.00000   71  172   77.00000   48.00000  37.7%   119 1950s
 411693 224297   72.00000   76  103   77.00000   48.00000  37.7%   119 1957s
 413251 225317 infeasible   98        77.00000   48.00000  37.7%   119 1965s
 414816 226240   64.00000   62  223   77.00000   48.00000  37.7%   119 1972s
 416429 227391   75.00000   68  109   77.00000   48.00000  37.7%   119 1981s
 418147 228172   74.00000   67   92   77.00000   48.00000  37.7%   119 1990s
 419745 228945   74.00000   75   72   77.00000   48.00000  37.7%   119 1997s
 421222 229804     cutoff   74        77.00000   48.00000  37.7%   119 2005s
 422698 230707   74.00000   75   85   77.00000   48.00000  37.7%   119 2012s
 424322 231521     cutoff   81        77.00000   48.00000  37.7%   119 2020s
 425985 232464 infeasible   81        77.00000   48.00000  37.7%   119 2027s
 427601 233466 infeasible   84        77.00000   48.00000  37.7%   119 2035s
 429309 234522   56.00000   52  132   77.00000   48.00000  37.7%   119 2042s
 431039 235557   76.00000   78   72   77.00000   48.00000  37.7%   119 2049s
 432824 236391   72.00000   84  115   77.00000   48.00000  37.7%   119 2056s
 434466 237169   75.00000   83  114   77.00000   48.00000  37.7%   119 2063s
 435928 237908 infeasible   97        77.00000   48.00000  37.7%   119 2070s
 437382 238661 infeasible   78        77.00000   48.00000  37.7%   119 2078s
 438859 239542   73.00000   69  136   77.00000   48.00000  37.7%   119 2085s
 440395 240419 infeasible   59        77.00000   48.00000  37.7%   119 2093s
 441956 241174 infeasible   69        77.00000   49.00000  36.4%   119 2101s
 443418 242227   74.00000   61  169   77.00000   49.00000  36.4%   119 2108s
 445047 243177   73.00000   75  111   77.00000   49.00000  36.4%   119 2117s
 446644 243922   74.00000   55   98   77.00000   49.00000  36.4%   119 2124s
 448188 244713   76.00000   52  199   77.00000   49.00000  36.4%   120 2132s
 449775 245680   75.00000   57  139   77.00000   49.00000  36.4%   120 2140s
 451477 246603   65.00000   56  146   77.00000   49.00000  36.4%   120 2148s
 453148 247308   73.00000   62  210   77.00000   49.00000  36.4%   120 2156s
 454569 248198   73.00000   61   97   77.00000   49.00000  36.4%   120 2163s
 456160 249101   75.00000   67  183   77.00000   49.00000  36.4%   120 2172s
 457790 249889   74.00000   59  173   77.00000   49.00000  36.4%   120 2180s
 459312 250688   49.00000   57  179   77.00000   49.00000  36.4%   120 2188s
 460849 251599   74.00000   59  133   77.00000   49.00000  36.4%   120 2196s
 462491 252382   73.00000   69  328   77.00000   49.00000  36.4%   120 2204s
 463940 253213   71.00000   67  160   77.00000   49.00000  36.4%   120 2212s
 465602 253910 infeasible   68        77.00000   49.00000  36.4%   120 2220s
 467039 254791   75.00000   59  110   77.00000   49.00000  36.4%   120 2228s
 468631 255958   72.00000   61  242   77.00000   49.00000  36.4%   120 2238s
 470608 256964 infeasible   63        77.00000   49.00000  36.4%   120 2246s
 472389 258034 infeasible   79        77.00000   49.00000  36.4%   120 2255s
 474148 258982   76.00000   61  151   77.00000   49.00000  36.4%   120 2262s
 475877 259998   76.00000   60  145   77.00000   49.00000  36.4%   120 2270s
 477543 260889   76.00000   50  136   77.00000   49.00000  36.4%   120 2278s
 479064 261957   75.00000   67  116   77.00000   49.00000  36.4%   120 2287s
 480740 263145   61.00000   47  139   77.00000   49.00000  36.4%   120 2294s
 480844 263145 infeasible   71        77.00000   49.00000  36.4%   120 2295s
 482517 264175   76.00000   67  118   77.00000   49.00000  36.4%   120 2302s
 484206 265303   72.00000   47  199   77.00000   49.00000  36.4%   120 2310s
 485939 266349 infeasible   77        77.00000   49.00000  36.4%   120 2318s
 487612 267424   71.00000   53  126   77.00000   49.00000  36.4%   120 2325s
 489276 268412     cutoff   63        77.00000   49.00000  36.4%   120 2332s
 490875 269215   65.00000   66  131   77.00000   49.00000  36.4%   120 2340s
 492292 270197   74.00000   70   66   77.00000   49.00000  36.4%   120 2348s
 493934 271169   50.00000   57  166   77.00000   49.00000  36.4%   120 2356s
 495638 272661   74.00000   60  175   77.00000   49.00000  36.4%   120 2364s
 497587 273482   75.00000   73   90   77.00000   49.00000  36.4%   120 2371s
 499304 274485   74.00000   66  130   77.00000   49.00000  36.4%   120 2378s
 500904 275460   75.00000   69  148   77.00000   49.00000  36.4%   120 2386s
 502515 276596   75.00000   58  122   77.00000   49.00000  36.4%   120 2394s
 504179 277476   68.00000   62  288   77.00000   49.00000  36.4%   120 2402s
 505671 278433 infeasible   66        77.00000   49.00000  36.4%   120 2409s
 507306 279407 infeasible   75        77.00000   49.00000  36.4%   120 2417s
 509006 280302   60.00000   45  135   77.00000   49.00000  36.4%   120 2426s
 510647 281257     cutoff   73        77.00000   49.00000  36.4%   120 2433s
 512263 282259   75.00000   69  135   77.00000   49.00000  36.4%   120 2442s
 513940 283236   65.00000   62  123   77.00000   49.00000  36.4%   120 2449s
 515626 284159   75.00000   72  123   77.00000   49.00000  36.4%   120 2456s
 517145 284979   76.00000   78  111   77.00000   49.00000  36.4%   120 2464s
 518629 285874   67.00000   69  213   77.00000   49.00000  36.4%   120 2473s
 520276 286896   75.00000   77   90   77.00000   49.00000  36.4%   120 2482s
 521957 287772   76.00000   74   67   77.00000   49.00000  36.4%   120 2490s
 523539 288793   74.00000   75  164   77.00000   49.00000  36.4%   120 2498s
 525131 289930   73.00000   75  132   77.00000   49.00000  36.4%   120 2506s
 526881 291071   75.00000   53  133   77.00000   49.00000  36.4%   120 2514s
 528563 292135   75.00000   61  109   77.00000   49.00000  36.4%   120 2522s
 530223 293220   76.00000   75   88   77.00000   49.00000  36.4%   120 2530s
 531971 294201   58.00000   51  146   77.00000   49.00000  36.4%   120 2538s
 533502 295117   73.00000   59  135   77.00000   49.00000  36.4%   120 2545s
 535154 295948   70.00000   67  120   77.00000   49.00000  36.4%   120 2553s
 536561 296792   68.00000   63  212   77.00000   49.00000  36.4%   120 2560s
 538049 297787   73.00000   59  103   77.00000   49.00000  36.4%   120 2568s
 539749 298740     cutoff   78        77.00000   49.00000  36.4%   120 2575s
 541314 299417   74.00000   61  101   77.00000   49.00000  36.4%   120 2583s
 542824 300340     cutoff   95        77.00000   49.00000  36.4%   120 2590s
 544437 301460   75.00000   74  109   77.00000   49.00000  36.4%   120 2598s
 546239 302740   75.00000   89  114   77.00000   49.00000  36.4%   120 2606s
 548169 303773   76.00000   88   90   77.00000   49.00000  36.4%   120 2613s
 549835 304862 infeasible   76        77.00000   49.00000  36.4%   120 2620s
 551549 305836   61.00000   45  157   77.00000   49.00000  36.4%   120 2628s
 553085 306811   72.00000   67  240   77.00000   49.00000  36.4%   120 2636s
 554823 308170   65.00000   66  186   77.00000   49.00000  36.4%   120 2645s
 556760 309137   67.00000   55  208   77.00000   49.00000  36.4%   120 2653s
 558508 310169 infeasible   70        77.00000   49.00000  36.4%   120 2660s
 560066 311274   61.00000   70  150   77.00000   49.00000  36.4%   120 2667s
 561737 312214   64.00000   53  181   77.00000   49.00000  36.4%   120 2675s
 563312 313192   64.00000   46  144   77.00000   49.00000  36.4%   120 2682s
 564930 314085   69.00000   48  116   77.00000   49.00000  36.4%   120 2689s
 566480 315208 infeasible   85        77.00000   49.00000  36.4%   120 2696s
 568178 316106   76.00000   71   79   77.00000   49.00000  36.4%   120 2704s
 569693 317218   61.00000   49  138   77.00000   49.00000  36.4%   120 2711s
 571446 318091   72.00000   54  193   77.00000   49.00000  36.4%   120 2719s
 573027 319147   72.00000   51  190   77.00000   49.00000  36.4%   120 2727s
 574722 320108   76.00000   75   84   77.00000   49.00000  36.4%   120 2734s
 576308 321062   61.00000   50  252   77.00000   49.00000  36.4%   120 2741s
 577925 321982   76.00000   81   60   77.00000   49.00000  36.4%   120 2748s
 579500 323025 infeasible   79        77.00000   49.00000  36.4%   120 2756s
 581198 323970   75.00000   91   69   77.00000   49.00000  36.4%   120 2763s
 582748 324847 infeasible   77        77.00000   49.00000  36.4%   120 2771s
 584184 325749   72.00000   63  104   77.00000   49.00000  36.4%   120 2778s
 585782 326774 infeasible   67        77.00000   49.00000  36.4%   120 2785s
 587468 327761   63.00000   53  125   77.00000   49.00000  36.4%   120 2793s
 589091 328745   74.00000   80  154   77.00000   49.00000  36.4%   120 2800s
 590725 329581   73.00000   65  175   77.00000   49.00000  36.4%   120 2808s
 592214 330273     cutoff   73        77.00000   49.00000  36.4%   120 2815s
 593680 331267   72.00000   59  170   77.00000   49.00000  36.4%   120 2823s
 595293 332293   72.00000   67  151   77.00000   49.00000  36.4%   120 2830s
 596901 333159   76.00000   67  117   77.00000   49.00000  36.4%   120 2838s
 598421 334175   50.00000   51  153   77.00000   49.00000  36.4%   120 2846s
 600134 335017 infeasible   81        77.00000   49.00000  36.4%   120 2854s
 601725 335706   72.00000   66  109   77.00000   49.00000  36.4%   120 2861s
 603229 336586   62.00000   63  181   77.00000   49.00000  36.4%   120 2869s
 604766 337303   76.00000   69   66   77.00000   49.00000  36.4%   120 2878s
 606327 338129   75.00000   71  106   77.00000   49.00000  36.4%   120 2886s
 607879 338990   72.00000   67  172   77.00000   49.00000  36.4%   120 2894s
 609418 339881   61.00000   64  188   77.00000   49.00000  36.4%   121 2902s
 610951 340943   76.00000   75  138   77.00000   49.00000  36.4%   121 2911s
 612722 341884   72.00000   71  154   77.00000   49.00000  36.4%   121 2920s
 614414 342955   76.00000   56  111   77.00000   49.00000  36.4%   121 2928s
*615140 291917             119      76.0000000   49.00000  35.5%   121 2928s
 616171 292585 infeasible   69        76.00000   49.00000  35.5%   121 2936s
 617698 293397   73.00000   71  130   76.00000   49.00000  35.5%   121 2943s
 619131 294263 infeasible   84        76.00000   49.00000  35.5%   121 2951s
 620484 295267   73.00000   58  194   76.00000   49.00000  35.5%   121 2958s
 622168 296211   74.00000   73  155   76.00000   49.00000  35.5%   121 2966s
 623849 297197     cutoff   75        76.00000   49.00000  35.5%   121 2973s
 625369 298155   69.00000   54  128   76.00000   49.00000  35.5%   121 2982s
 626963 299037   73.00000   68  122   76.00000   49.00000  35.5%   121 2989s
 628471 299869   68.00000   64   99   76.00000   49.00000  35.5%   121 2999s
 630009 300762   74.00000   64  117   76.00000   49.00000  35.5%   121 3006s
 631580 301708   50.00000   60  182   76.00000   49.00000  35.5%   121 3014s
 633168 302594   66.00000   59  180   76.00000   49.00000  35.5%   121 3021s
 634668 303493   69.00000   55  197   76.00000   49.00000  35.5%   121 3029s
 636219 304549     cutoff   58        76.00000   49.00000  35.5%   121 3038s
 637736 304990   73.00000   71   84   76.00000   49.00000  35.5%   121 3046s
 639100 305893   50.00000   43  227   76.00000   49.00000  35.5%   121 3055s
 640734 306722   63.00000   59  110   76.00000   49.00000  35.5%   121 3064s
 642276 307567 infeasible   57        76.00000   49.00000  35.5%   121 3073s
 643873 308483   62.00000   52  171   76.00000   49.00000  35.5%   121 3081s
 645467 309482 infeasible   68        76.00000   49.00000  35.5%   121 3091s
 647164 310314 infeasible   81        76.00000   49.00000  35.5%   121 3100s
 648893 311305   64.00000   71  170   76.00000   49.00000  35.5%   121 3108s
 650656 312067   74.00000   74   92   76.00000   49.00000  35.5%   121 3117s
 652181 312914   72.00000   70  154   76.00000   49.00000  35.5%   122 3126s
 653771 313833 infeasible   69        76.00000   49.00000  35.5%   122 3135s
 655495 314648   75.00000   86   81   76.00000   49.00000  35.5%   122 3144s
 657195 315360   70.00000   71  166   76.00000   49.00000  35.5%   122 3152s
 658511 316461     cutoff   56        76.00000   49.00000  35.5%   122 3161s
 660352 317388     cutoff   66        76.00000   49.00000  35.5%   122 3170s
 662007 318259 infeasible   77        76.00000   49.00000  35.5%   122 3178s
 663573 319253   74.00000   73  119   76.00000   49.00000  35.5%   122 3187s
 665283 320084   74.00000   93   60   76.00000   49.00000  35.5%   122 3196s
 666927 320897   73.00000   75   87   76.00000   49.00000  35.5%   122 3205s
 668513 321755   74.00000   55  111   76.00000   49.00000  35.5%   122 3214s
 670160 322495 infeasible   77        76.00000   49.00000  35.5%   122 3223s
 671658 323405   72.00000   72  158   76.00000   49.00000  35.5%   122 3232s
 673279 324298   61.00000   71  161   76.00000   49.00000  35.5%   122 3240s
 675061 325211   74.00000   83  153   76.00000   49.00000  35.5%   122 3249s
 676824 326039 infeasible   80        76.00000   49.00000  35.5%   122 3258s
 678475 326913   65.00000   74   83   76.00000   49.00000  35.5%   122 3265s
 679993 327864     cutoff   74        76.00000   49.00000  35.5%   122 3273s
 681664 328758 infeasible   71        76.00000   50.00000  34.2%   122 3280s
 683313 329783   55.00000   49  106   76.00000   50.00000  34.2%   122 3288s
 685013 330899   72.00000   69  128   76.00000   50.00000  34.2%   122 3295s
 686719 331857   68.00000   57  145   76.00000   50.00000  34.2%   122 3303s
 688446 332820   75.00000   60  146   76.00000   50.00000  34.2%   122 3310s
 690007 333714   75.00000   62  153   76.00000   50.00000  34.2%   122 3319s
 691614 334671   67.00000   76  103   76.00000   50.00000  34.2%   122 3327s
 693244 335501   73.00000   72  112   76.00000   50.00000  34.2%   122 3335s
 694660 336444   75.00000   92  112   76.00000   50.00000  34.2%   123 3343s
 696277 337404   75.00000   75  111   76.00000   50.00000  34.2%   123 3352s
 698008 338510   63.00000   62  165   76.00000   50.00000  34.2%   123 3360s
 699781 339534   72.00000   61  128   76.00000   50.00000  34.2%   123 3368s
 701525 340459   73.00000   77  112   76.00000   50.00000  34.2%   123 3375s
 703139 341479     cutoff  105        76.00000   50.00000  34.2%   122 3382s
 704745 342266   73.00000   78  119   76.00000   50.00000  34.2%   122 3389s
 706207 343093   74.00000   78  138   76.00000   50.00000  34.2%   123 3396s
 707694 343914 infeasible   77        76.00000   50.00000  34.2%   123 3403s
 709105 345007   65.00000   61  155   76.00000   50.00000  34.2%   123 3410s
 710863 345981   73.00000   78   79   76.00000   50.00000  34.2%   123 3417s
 712525 347026   74.00000   86   68   76.00000   50.00000  34.2%   123 3424s
 714157 347843   72.00000   59  108   76.00000   50.00000  34.2%   123 3432s
 715649 348734   71.00000   65  143   76.00000   50.00000  34.2%   123 3439s
 717238 349700 infeasible   88        76.00000   50.00000  34.2%   123 3446s
 718846 350741 infeasible   67        76.00000   50.00000  34.2%   123 3453s
 720570 351325     cutoff   69        76.00000   50.00000  34.2%   123 3460s
 721943 352386   75.00000   72   76   76.00000   50.00000  34.2%   123 3469s
 723758 353451   73.00000   73  131   76.00000   50.00000  34.2%   123 3477s
 725533 354227   68.00000   47  127   76.00000   50.00000  34.2%   123 3485s
 727109 355272   74.00000   52  213   76.00000   50.00000  34.2%   123 3494s
 728900 356435   72.00000   65   71   76.00000   50.00000  34.2%   123 3502s
 730795 357456   72.00000   67  124   76.00000   50.00000  34.2%   123 3510s
 732520 358322   72.00000   80  138   76.00000   50.00000  34.2%   123 3519s
 734155 359236   67.00000   69  114   76.00000   50.00000  34.2%   123 3527s
 735748 360335   62.00000   52  179   76.00000   50.00000  34.2%   123 3535s
 737477 361198 infeasible   64        76.00000   50.00000  34.2%   123 3542s
 739017 362065   70.00000   64  142   76.00000   50.00000  34.2%   123 3550s
 740558 362911 infeasible   67        76.00000   50.00000  34.2%   123 3559s
 742103 363979   74.00000   65  129   76.00000   50.00000  34.2%   123 3566s
 743814 364912   75.00000   97   50   76.00000   50.00000  34.2%   123 3574s
 745355 365830   50.00000   60  243   76.00000   50.00000  34.2%   123 3581s
 746946 366841   62.00000   56  164   76.00000   50.00000  34.2%   123 3589s
 748573 367739   74.00000   88   97   76.00000   50.00000  34.2%   123 3596s
 750075 368226 infeasible   80        76.00000   50.00000  34.2%   123 3600s

Explored 750990 nodes (92224252 simplex iterations) in 3600.04 seconds (2215.30 work units)
Thread count was 32 (of 32 available processors)

Solution count 10: 76 77 78 ... 85

Time limit reached
Best objective 7.600000000000e+01, best bound 5.000000000000e+01, gap 34.2105%
