
Gurobi 13.0.0 (linux64) logging started Thu Nov 27 10:52:53 2025

Set parameter LogFile to value "./Results/StripPacking-BranchSP/Logs/RUspb-111-StripPacking-25-0.log"
Set parameter TimeLimit to value 3600
Set parameter Cuts to value 1
Set parameter Presolve to value 1
Set parameter Heuristics to value 1
Set parameter LogToConsole to value 0
Set parameter LPWarmStart to value 2
Gurobi Optimizer version 13.0.0 build v13.0.0rc1 (linux64 - "Debian GNU/Linux 12 (bookworm)")

CPU model: Intel(R) Xeon(R) CPU E5-2630 v3 @ 2.40GHz, instruction set [SSE2|AVX|AVX2]
Thread count: 16 physical cores, 32 logical processors, using up to 32 threads

Non-default parameters:
TimeLimit  3600
LPWarmStart  2
Heuristics  1
Cuts  1
LogToConsole  0
Presolve  1

Optimize a model with 32125 rows, 1251 columns and 94850 nonzeros (Min)
Model fingerprint: 0xa6ec2801
Model has 1 linear objective coefficients
Variable types: 51 continuous, 1200 integer (1200 binary)
Coefficient statistics:
  Matrix range     [1e+00, 1e+04]
  Objective range  [1e+00, 1e+00]
  Bounds range     [1e+00, 1e+04]
  RHS range        [1e+00, 1e+04]
Using branch priorities.

Warning: Completing partial solution with 1200 unfixed non-continuous variables out of 1200
User MIP start produced solution with objective 106.2 (0.05s)
Loaded user MIP start with objective 106.2

Presolve removed 600 rows and 0 columns
Presolve time: 0.24s
Presolved: 31525 rows, 1251 columns, 93650 nonzeros
Variable types: 51 continuous, 1200 integer (1200 binary)
Root relaxation presolved: 1251 rows, 32776 columns, 94901 nonzeros


Root relaxation: objective 3.400000e+01, 2293 iterations, 0.35 seconds (0.24 work units)

    Nodes    |    Current Node    |     Objective Bounds      |     Work
 Expl Unexpl |  Obj  Depth IntInf | Incumbent    BestBd   Gap | It/Node Time

     0     0   34.00000    0  361  106.20000   34.00000  68.0%     -    2s
H    0     0                     104.0000000   34.00000  67.3%     -    2s
H    0     0                     102.0000000   34.00000  66.7%     -    5s
H    0     0                     101.0000000   34.00000  66.3%     -    5s
     0     0   34.00000    0  276  101.00000   34.00000  66.3%     -    6s
     0     0   34.00000    0  219  101.00000   34.00000  66.3%     -    7s
H    0     0                     100.0000000   34.00000  66.0%     -   10s
     0     0   34.00000    0  367  100.00000   34.00000  66.0%     -   10s
     0     0   34.00000    0  237  100.00000   34.00000  66.0%     -   13s
     0     0   34.00000    0  221  100.00000   34.00000  66.0%     -   13s
H    0     0                      99.0000000   34.00000  65.7%     -   16s
     0     0   34.00000    0  294   99.00000   34.00000  65.7%     -   16s
     0     0   34.00000    0  261   99.00000   34.00000  65.7%     -   20s
H    0     0                      96.0000000   34.00000  64.6%     -   20s
H    0     0                      95.0000000   34.00000  64.2%     -   20s
     0     0   34.00000    0  189   95.00000   34.00000  64.2%     -   20s
H    0     0                      94.0000000   34.00000  63.8%     -   22s
     0     0   34.00000    0  231   94.00000   34.00000  63.8%     -   22s
     0     0   34.00000    0  231   94.00000   34.00000  63.8%     -   23s
H    0     0                      93.0000000   34.00000  63.4%     -   24s
     0     0   34.00000    0  234   93.00000   34.00000  63.4%     -   24s
H    0     0                      91.0000000   34.00000  62.6%     -   26s
H    0     0                      90.0000000   34.00000  62.2%     -   26s
H    0     0                      88.0000000   34.00000  61.4%     -   26s
     0     0   34.00000    0  305   88.00000   34.00000  61.4%     -   26s
     0     0   34.00000    0  294   88.00000   34.00000  61.4%     -   30s
     0     0   34.00000    0  250   88.00000   34.00000  61.4%     -   31s
H    0     0                      86.0000000   34.00000  60.5%     -   33s
     0     0   34.00000    0  269   86.00000   34.00000  60.5%     -   34s
     0     0   34.00000    0  267   86.00000   34.00000  60.5%     -   35s
     0     0   34.00000    0  233   86.00000   34.00000  60.5%     -   36s
     0     0   34.00000    0  234   86.00000   34.00000  60.5%     -   38s
     0     0   34.00000    0  234   86.00000   34.00000  60.5%     -   40s
     0     0   34.00000    0  234   86.00000   34.00000  60.5%     -   40s
     0     0   34.00000    0  234   86.00000   34.00000  60.5%     -   41s
     0     2   34.00000    0  234   86.00000   34.00000  60.5%     -   44s
     1     4   34.00000    1  231   86.00000   34.00000  60.5%   256   45s
H   15    30                      84.0000000   34.00000  59.5%   640   49s
    31    46   34.00000    5  253   84.00000   34.00000  59.5%   772   51s
    93   123   34.00000    7  244   84.00000   34.00000  59.5%   653   56s
   126   160   34.00000    9  239   84.00000   34.00000  59.5%   603   61s
   165   175   34.00000   10  270   84.00000   34.00000  59.5%   562   67s
   182   191   34.00000   10  263   84.00000   34.00000  59.5%   535   74s
   198   207   34.00000   11  247   84.00000   34.00000  59.5%   528   82s
   214   222   34.00000   11  303   84.00000   34.00000  59.5%   517   94s
H  225   222                      84.0000000   34.00000  59.5%   515   94s
   231   329   34.00000   12  292   84.00000   34.00000  59.5%   509  107s
H  332   329                      83.0000000   34.00000  59.0%   449  107s
   340   938   34.00000   13  262   83.00000   34.00000  59.0%   443  117s
H  420   938                      81.0000000   34.00000  58.0%   413  117s
   980  1831   42.08696   38  317   81.00000   34.00000  58.0%   321  126s
  1966  1847   42.08696   42  239   81.00000   34.00000  58.0%   232  131s
H 1981  1847                      81.0000000   34.00000  58.0%   232  131s
  1982  1863   47.00000   43  278   81.00000   34.00000  58.0%   232  135s
  2014  1892   47.00000   44  263   81.00000   34.00000  58.0%   231  143s
  2033  1901 infeasible   45        81.00000   34.00000  58.0%   230  148s
  2056  1914   47.00000   45  266   81.00000   34.00000  58.0%   229  154s
  2075  1927   47.00000   46  244   81.00000   34.00000  58.0%   228  159s
  2094  1942   47.00000   46  250   81.00000   34.00000  58.0%   227  165s
  2111  1957   47.00000   47  243   81.00000   34.00000  58.0%   226  171s
  2128  1970   47.00000   48  248   81.00000   34.00000  58.0%   226  177s
  2146  1985   47.00000   48  257   81.00000   34.00000  58.0%   226  183s
  2163  2000   47.00000   49  252   81.00000   34.00000  58.0%   225  189s
  2179  2015   47.00000   49  218   81.00000   34.00000  58.0%   225  195s
  2196  2031   47.00000   50  301   81.00000   34.00000  58.0%   224  201s
  2218  2046   47.00000   50  245   81.00000   34.00000  58.0%   223  207s
  2235  2058   47.00000   51  232   81.00000   34.00000  58.0%   223  213s
  2254  2073   47.00000   51  248   81.00000   34.00000  58.0%   222  219s
  2271  2087   47.00000   52  223   81.00000   34.00000  58.0%   221  226s
  2289  2100   47.00000   53  193   81.00000   34.00000  58.0%   220  232s
  2308  2116   47.00000   54  191   81.00000   34.00000  58.0%   219  238s
  2324  2132   47.00000   55  192   81.00000   34.00000  58.0%   218  244s
  2340  2148   47.00000   55  189   81.00000   34.00000  58.0%   218  250s
  2356  2162   47.00000   56  189   81.00000   34.00000  58.0%   217  258s
  2374  2178   47.00000   56  224   81.00000   34.00000  58.0%   217  264s
  2390  2194   53.00000   57  199   81.00000   34.00000  58.0%   216  272s
  2406  2209 infeasible   58        81.00000   34.00000  58.0%   215  279s
  2423  2225   53.00000   59  186   81.00000   34.00000  58.0%   214  286s
  2439  2240   53.00000   59  177   81.00000   34.00000  58.0%   214  297s
  2456  2252   53.00000   60  201   81.00000   34.00000  58.0%   213  308s
H 2468  2252                      80.0000000   34.00000  57.5%   213  308s
  2476  2851   53.00000   60  151   80.00000   34.00000  57.5%   213  317s
H 2477  2851                      80.0000000   34.00000  57.5%   213  317s
  3237  3245   53.00000   61  201   80.00000   34.00000  57.5%   199  325s
H 3328  3242                      79.0000000   34.00000  57.0%   199  325s
  3704  3685   65.00000   61  196   79.00000   34.00000  57.0%   194  333s
H 3790  3685                      79.0000000   34.00000  57.0%   193  333s
  4306  3687   41.31429   25  295   79.00000   34.00000  57.0%   189  339s
  4307  3688   46.51064   38  273   79.00000   34.00000  57.0%   189  342s
  4309  3689   37.07692   12  193   79.00000   34.00000  57.0%   189  348s
  4310  3690   35.00000   17  223   79.00000   34.00000  57.0%   189  353s
H 4310  3505                      78.0000000   34.00000  56.4%   189  354s
  4311  3506   73.00000  124  226   78.00000   34.00000  56.4%   189  357s
  4313  3507   47.00000   49  189   78.00000   34.00000  56.4%   189  361s
  4315  3508   38.50000   27  232   78.00000   34.00000  56.4%   189  366s
  4318  3510   38.22000   21  183   78.00000   34.00000  56.4%   189  371s
  4320  3512   68.00000   99  197   78.00000   34.00000  56.4%   189  375s
  4323  3514   46.21277   59  207   78.00000   34.00000  56.4%   189  382s
  4325  3515   43.00000   23  201   78.00000   34.00000  56.4%   189  396s
  4328  3520   34.00000   13  107   78.00000   34.00000  56.4%   204  400s
  4358  3554   34.00000   17  190   78.00000   34.00000  56.4%   209  408s
  4374  3603   34.00000   18  188   78.00000   34.00000  56.4%   218  412s
  4428  3613   34.00000   20  264   78.00000   34.00000  56.4%   221  415s
  4487  3672   34.00000   21  223   78.00000   34.00000  56.4%   228  423s
  4535  3689   34.00000   23  272   78.00000   34.00000  56.4%   231  429s
H 4564  3503                      77.0000000   34.00000  55.8%   232  429s
  4568  3539   34.00000   23  214   77.00000   34.00000  55.8%   233  436s
  4605  3549   34.00000   25  237   77.00000   34.00000  55.8%   238  445s
  4627  3560   34.17373   25  341   77.00000   34.00000  55.8%   241  459s
H 4639  3388                      77.0000000   34.00000  55.8%   242  459s
  4646  3404   34.18979   26  307   77.00000   34.00000  55.8%   242  474s
  4664  3416   36.00000   26  254   77.00000   34.00000  55.8%   243  491s
  4682  3484   34.28708   27  273   77.00000   34.00000  55.8%   243  513s
  4756  3889   45.00000   27  234   77.00000   34.00000  55.8%   245  541s
  5198  3954   43.00000   39  181   77.00000   34.00000  55.8%   240  564s
  5419  4135   45.00000   48  191   77.00000   34.00000  55.8%   241  590s
  5737  4045   48.00000   48  196   77.00000   34.00000  55.8%   236  616s
  5753  4445   45.00000   49  164   77.00000   34.00000  55.8%   235  642s
  6295  4455   45.00000   49  194   77.00000   34.00000  55.8%   228  669s
  6495  4818   45.00000   50  158   77.00000   34.00000  55.8%   226  695s
  7014  4835   60.00000   50  153   77.00000   34.00000  55.8%   219  716s
  7258  5121   56.00000   69  187   77.00000   34.00000  55.8%   218  740s
  7748  5116   34.00000   31  220   77.00000   34.00000  55.8%   215  766s
  7964  5098   43.00000   32  199   77.00000   34.00000  55.8%   215  790s
  8040  5301   46.00000   34  244   77.00000   34.00000  55.8%   215  816s
  8316  5461   57.00000   65  243   77.00000   34.00000  55.8%   213  843s
  8647  5414   58.00000   66  237   77.00000   34.00000  55.8%   211  870s
  8730  5781   73.00000   72  243   77.00000   34.00000  55.8%   212  900s
* 8858  5338             112      76.0000000   34.00000  55.3%   212  900s
H 9211  5038                      76.0000000   34.00000  55.3%   209  929s
  9244  5061 infeasible   55        76.00000   34.00000  55.3%   210  960s
  9304  5105   73.00000   56  179   76.00000   34.00000  55.3%   209  999s
  9370  5308   75.00000   57  181   76.00000   34.00000  55.3%   209 1037s
  9665  5375 infeasible   84        76.00000   34.00000  55.3%   209 1082s
  9876  6480   59.00000   47  207   76.00000   34.00000  55.3%   208 1120s
 11380  6051   75.00000   77   69   76.00000   34.00000  55.3%   206 1147s
 11473  6558   75.00000   78   48   76.00000   34.00000  55.3%   205 1177s
 12224  6905   74.00000   63   96   76.00000   34.00000  55.3%   204 1207s
 13039  7919 infeasible   69        76.00000   34.00000  55.3%   203 1237s
 14789  8801   74.00000   85   91   76.00000   34.00000  55.3%   201 1266s
 16014  9750   42.00000   43  309   76.00000   34.00000  55.3%   199 1293s
 17254  9764   42.00000   44  301   76.00000   34.00000  55.3%   199 1318s
 17272  9775   46.00000   45  279   76.00000   34.00000  55.3%   199 1343s
 17293  9931   54.00000   46  266   76.00000   34.00000  55.3%   199 1367s
 17494  9945   54.00000   47  242   76.00000   34.00000  55.3%   199 1398s
 17512 10136   54.00000   48  203   76.00000   34.00000  55.3%   199 1430s
*17543  9225              77      75.0000000   34.00000  54.7%   198 1430s
 17754  9968   34.00000   23  238   75.00000   34.00000  54.7%   199 1460s
H18338  9968                      75.0000000   34.00000  54.7%   198 1460s
 18735 10185 infeasible   65        75.00000   34.00000  54.7%   200 1493s
 19016 10235 infeasible   88        75.00000   34.00000  54.7%   200 1523s
 19086 10533   47.00000   43  213   75.00000   34.00000  54.7%   200 1556s
 19414 10897   73.00000   67  126   75.00000   34.00000  54.7%   199 1589s
 19897 11574   55.00000   77  108   75.00000   34.00000  54.7%   199 1621s
 20864 13100   36.00000   28  261   75.00000   34.00000  54.7%   199 1678s
*22450 12213              94      74.0000000   34.00000  54.1%   199 1679s
H22985 11817                      73.0000000   34.00000  53.4%   198 1701s
 23540 12471   37.43750   28  316   73.00000   34.00000  53.4%   199 1724s
H24490 12556                      73.0000000   34.00000  53.4%   200 1745s
 24652 12570   48.00000   34  194   73.00000   34.00000  53.4%   200 1771s
 24670 12584   48.00000   35  191   73.00000   34.00000  53.4%   200 1797s
 24688 12594   48.00000   36  188   73.00000   34.00000  53.4%   200 1827s
 24710 12657   48.00000   37  205   73.00000   34.00000  53.4%   200 1855s
 24805 12737   48.00000   38  204   73.00000   34.00000  53.4%   200 1893s
 24947 13086   60.00000   39  164   73.00000   34.00000  53.4%   200 1923s
 25445 13741   60.00000   40  238   73.00000   34.00000  53.4%   201 1955s
 26329 13756   72.00000   77   22   73.00000   34.00000  53.4%   201 1987s
 26346 14008     cutoff   78        73.00000   34.00000  53.4%   201 2019s
 26732 14631 infeasible   68        73.00000   34.00000  53.4%   201 2056s
 27645 16245   34.68956   26  339   73.00000   34.00000  53.4%   202 2090s
 29816 16751   34.70860   27  312   73.00000   34.00000  53.4%   202 2124s
 30520 16881   36.00000   28  249   73.00000   34.00000  53.4%   202 2160s
 30744 17240   48.00000   34  172   73.00000   34.00000  53.4%   203 2197s
 31289 17256   48.00000   35  159   73.00000   34.00000  53.4%   203 2235s
 31305 17520   48.00000   36  158   73.00000   34.00000  53.4%   203 2275s
 31665 18098   72.00000   52   80   73.00000   34.00000  53.4%   202 2337s
 32478 18691   46.00000   34  220   73.00000   34.00000  53.4%   202 2409s
 33273 19129   71.00000   50  158   73.00000   34.00000  53.4%   202 2470s
 33919 19425   71.00000   51  147   73.00000   34.00000  53.4%   202 2537s
 34337 19796   72.00000   51  149   73.00000   34.00000  53.4%   202 2602s
 34879 19836   65.00000   58  132   73.00000   34.00000  53.4%   203 2664s
 34955 21091   65.00000   59  134   73.00000   34.00000  53.4%   203 2725s
 36686 24107     cutoff   54        73.00000   34.00000  53.4%   202 2782s
 40853 24184   43.00000   38  290   73.00000   34.00000  53.4%   202 2829s
 40960 24201   46.00000   39  278   73.00000   34.00000  53.4%   203 2878s
 40979 24242   46.00000   40  265   73.00000   34.00000  53.4%   203 2924s
 41026 24257   47.00000   44  233   73.00000   34.00000  53.4%   203 2972s
 41043 24282 infeasible   45        73.00000   34.00000  53.4%   203 3020s
 41074 24298   47.00000   46  214   73.00000   34.00000  53.4%   203 3071s
 41090 24314   48.00000   47  206   73.00000   34.00000  53.4%   203 3130s
 41108 24328   48.00000   48  206   73.00000   34.00000  53.4%   203 3200s
 41126 24341   48.00000   49  200   73.00000   34.00000  53.4%   203 3277s
 41145 24359   48.00000   50  211   73.00000   34.00000  53.4%   203 3356s
 41165 24408   48.00000   51  211   73.00000   34.00000  53.4%   203 3437s
 41220 24418   55.00000   67  205   73.00000   34.00000  53.4%   202 3507s
 41252 24430   55.00000   68  203   73.00000   34.00000  53.4%   202 3559s
 41278 24448   55.00000   69  212   73.00000   34.00000  53.4%   202 3600s

Cutting planes:
  Learned: 5401
  Gomory: 26
  Lift-and-project: 41
  Cover: 204
  MIR: 318
  Flow cover: 785
  GUB cover: 56
  Zero half: 7
  RLT: 4
  Relax-and-lift: 123

Explored 41302 nodes (8409439 simplex iterations) in 3600.10 seconds (2542.24 work units)
Thread count was 32 (of 32 available processors)

Solution count 10: 73 73 74 ... 78

Time limit reached
Best objective 7.299999999260e+01, best bound 3.400000000000e+01, gap 53.4247%
