
Gurobi 13.0.0 (linux64) logging started Thu Nov 27 13:53:02 2025

Set parameter LogFile to value "./Results/StripPacking-BranchSP/Logs/RUspb-010-StripPacking-50-0.log"
Set parameter TimeLimit to value 3600
Set parameter Cuts to value 0
Set parameter Presolve to value 1
Set parameter Heuristics to value 0
Set parameter LogToConsole to value 0
Set parameter LPWarmStart to value 2
Gurobi Optimizer version 13.0.0 build v13.0.0rc1 (linux64 - "Debian GNU/Linux 12 (bookworm)")

CPU model: Intel(R) Xeon(R) CPU E5-2630 v3 @ 2.40GHz, instruction set [SSE2|AVX|AVX2]
Thread count: 16 physical cores, 32 logical processors, using up to 32 threads

Non-default parameters:
TimeLimit  3600
LPWarmStart  2
Heuristics  0
Cuts  0
LogToConsole  0
Presolve  1

Optimize a model with 253625 rows, 5001 columns and 754700 nonzeros (Min)
Model fingerprint: 0x1463df4d
Model has 1 linear objective coefficients
Variable types: 101 continuous, 4900 integer (4900 binary)
Coefficient statistics:
  Matrix range     [1e+00, 1e+04]
  Objective range  [1e+00, 1e+00]
  Bounds range     [1e+00, 1e+04]
  RHS range        [1e+00, 1e+04]
Using branch priorities.

Warning: Completing partial solution with 4900 unfixed non-continuous variables out of 4900
User MIP start produced solution with objective 191.6 (0.40s)
Loaded user MIP start with objective 191.6

Presolve removed 2450 rows and 0 columns
Presolve time: 3.01s
Presolved: 251175 rows, 5001 columns, 749800 nonzeros
Variable types: 101 continuous, 4900 integer (4900 binary)
Root relaxation presolved: 5001 rows, 256176 columns, 754801 nonzeros


Root simplex log...

Iteration    Objective       Primal Inf.    Dual Inf.      Time
    4794    3.7511395e+01   0.000000e+00   1.351262e+06      5s
   22647    3.8154114e+01   0.000000e+00   6.339093e+05     10s
   39426    3.8397014e+01   0.000000e+00   1.438151e+06     15s
   55406    3.8558476e+01   0.000000e+00   1.632132e+06     20s
   71386    3.8698671e+01   0.000000e+00   6.670597e+05     25s
   88165    3.8820700e+01   0.000000e+00   2.527724e+05     30s
  104145    3.8910713e+01   0.000000e+00   3.679273e+05     35s
  120924    3.8997083e+01   0.000000e+00   5.764361e+05     40s
  136904    3.9071492e+01   0.000000e+00   2.067587e+05     45s
  153683    3.9133889e+01   0.000000e+00   1.210110e+05     50s
  170462    3.9189792e+01   0.000000e+00   6.773420e+05     55s
  187241    3.9239804e+01   0.000000e+00   1.255454e+05     60s
  204819    3.9280679e+01   0.000000e+00   3.345490e+05     65s
  222397    3.9313897e+01   0.000000e+00   3.609640e+04     70s
  240774    3.9341403e+01   0.000000e+00   1.508838e+04     75s
  259151    3.9361117e+01   0.000000e+00   1.313374e+04     80s
  278327    3.9374501e+01   0.000000e+00   2.449908e+04     85s
  296704    3.9380359e+01   0.000000e+00   6.564153e+02     90s
  303762    3.5000000e+01   0.000000e+00   0.000000e+00     92s
  303762    3.5000000e+01   0.000000e+00   0.000000e+00     92s
  303762    3.5000000e+01   0.000000e+00   0.000000e+00     92s

Root relaxation: objective 3.500000e+01, 303762 iterations, 88.48 seconds (65.28 work units)

    Nodes    |    Current Node    |     Objective Bounds      |     Work
 Expl Unexpl |  Obj  Depth IntInf | Incumbent    BestBd   Gap | It/Node Time

     0     0   35.00000    0 1914  191.60000   35.00000  81.7%     -  190s
     0     0   35.00000    0 1914  191.60000   35.00000  81.7%     -  196s
     0     0   35.00000    0 1773  191.60000   35.00000  81.7%     -  296s
     0     2   35.00000    0 1773  191.60000   35.00000  81.7%     -  373s
     1     4   35.00000    1 1460  191.60000   35.00000  81.7%  9135  522s
     3     8   38.78000    2 1511  191.60000   35.00000  81.7%  9060  560s
     7    16   38.78000    3 1494  191.60000   35.00000  81.7%  8563  607s
    15    32   47.37500    4 1423  191.60000   35.00000  81.7%  7542  744s
    31    48   47.37500    5 1444  191.60000   35.00000  81.7%  7163  920s
    47    68   47.37500    6 1396  191.60000   35.00000  81.7%  6478 1014s
    67   104   47.37500    8 1208  191.60000   35.00000  81.7%  5794 1093s
   103   146   47.37500    8 1423  191.60000   35.00000  81.7%  5059 1159s
   145   181   51.34615   12 1325  191.60000   35.00000  81.7%  4271 1211s
   180   192   73.00000   24 1081  191.60000   35.00000  81.7%  3659 1273s
   193   218   47.37500   11 1443  191.60000   35.00000  81.7%  3679 1343s
   219   248   53.75000   22 1282  191.60000   35.00000  81.7%  3405 1398s
   249   284   56.00000   24 1189  191.60000   35.00000  81.7%  3270 1469s
   285   322   56.00000   27 1335  191.60000   35.00000  81.7%  3133 1530s
   323   359   56.00000   29 1366  191.60000   35.00000  81.7%  3023 1584s
   362   386   81.00000   31 1505  191.60000   35.00000  81.7%  2917 1646s
   393   420   81.00000   33 1457  191.60000   35.00000  81.7%  2842 1705s
   429   462   81.00000   35 1346  191.60000   35.00000  81.7%  2772 1764s
   475   510   81.00000   37 1288  191.60000   35.00000  81.7%  2642 1813s
   527   562   81.00000   40 1207  191.60000   35.00000  81.7%  2552 1860s
   589   635   81.00000   44 1126  191.60000   35.00000  81.7%  2423 1909s
   676   727   81.00000   52  969  191.60000   35.00000  81.7%  2224 1951s
   774   812   89.44737   59  992  191.60000   35.00000  81.7%  2054 2008s
   881   913  131.00000   69 1014  191.60000   35.00000  81.7%  1919 2049s
  1002  1017  144.00000   75  828  191.60000   35.00000  81.7%  1798 2099s
  1114  1140  144.00000   87  915  191.60000   35.00000  81.7%  1708 2143s
  1256  1281  144.00000  101  861  191.60000   35.00000  81.7%  1604 2187s
  1411  1425  154.00000  113  836  191.60000   35.00000  81.7%  1501 2232s
  1568  1567  157.00000  131  751  191.60000   35.00000  81.7%  1420 2281s
  1734  1737  185.00000  147  763  191.60000   35.00000  81.7%  1352 2333s
  1927  1909  185.00000  160  749  191.60000   35.00000  81.7%  1283 2373s
  2131  2082  185.00000  174  704  191.60000   35.00000  81.7%  1222 2432s
  2339  2083   98.00000   66 1773  191.60000   35.00000  81.7%  1171 2441s
  2341  2084  185.00000  179 1625  191.60000   35.00000  81.7%  1170 2676s
  2342  2085   89.00000   85 1425  191.60000   35.00000  81.7%  1170 2833s
  2344  2088   35.00000   14 1119  191.60000   35.00000  81.7%  1287 3001s
  2345  2091   35.00000   15 1428  191.60000   35.00000  81.7%  1290 3033s
  2348  2096   51.00000   16 1127  191.60000   35.00000  81.7%  1290 3086s
  2354  2105   51.00000   17 1122  191.60000   35.00000  81.7%  1304 3218s
  2365  2116   51.00000   18 1120  191.60000   35.00000  81.7%  1321 3328s
  2380  2147   51.00000   19  886  191.60000   35.00000  81.7%  1330 3403s
  2416  2184   51.00000   22  847  191.60000   35.00000  81.7%  1350 3459s
  2465  2198   51.00000   23  793  191.60000   35.00000  81.7%  1372 3507s
  2495  2226   51.00000   24  772  191.60000   35.00000  81.7%  1386 3550s
  2533  2248   51.00000   26  759  191.60000   35.00000  81.7%  1400 3596s
  2568  2243   51.00000   29  862  191.60000   35.00000  81.7%  1412 3600s

Explored 2574 nodes (3991498 simplex iterations) in 3600.18 seconds (2687.16 work units)
Thread count was 32 (of 32 available processors)

Solution count 1: 191.6 

Time limit reached
Best objective 1.916000000000e+02, best bound 3.500000000000e+01, gap 81.7328%
