
Gurobi 13.0.0 (linux64) logging started Thu Dec 11 19:48:47 2025

Set parameter LogFile to value "./Results/StripPacking-SPFix/Logs/SBspbM-010-StripPacking-50-0.log"
Set parameter TimeLimit to value 3600
Set parameter Cuts to value 0
Set parameter Presolve to value 1
Set parameter Heuristics to value 0
Set parameter LogToConsole to value 0
Set parameter LPWarmStart to value 2
Warning: linear constraint 50 and linear constraint 52 have the same name "LB[0]"
Warning: linear constraint 50 and linear constraint 52 have the same name "LB[0]"
Warning: default constraint names used to write mps file
Gurobi Optimizer version 13.0.0 build v13.0.0rc1 (linux64 - "Debian GNU/Linux 13 (trixie)")

CPU model: Intel(R) Xeon(R) CPU E5-2630 v3 @ 2.40GHz, instruction set [SSE2|AVX|AVX2]
Thread count: 16 physical cores, 32 logical processors, using up to 32 threads

Non-default parameters:
TimeLimit  3600
LPWarmStart  2
Heuristics  0
Cuts  0
LogToConsole  0
Presolve  1

Optimize a model with 100500 rows, 3776 columns and 301450 nonzeros (Min)
Model fingerprint: 0xbdfd5a16
Model has 1 linear objective coefficients
Variable types: 1326 continuous, 2450 integer (2450 binary)
Coefficient statistics:
  Matrix range     [1e+00, 1e+04]
  Objective range  [1e+00, 1e+00]
  Bounds range     [1e+00, 1e+04]
  RHS range        [1e+00, 1e+04]
Using branch priorities.

Warning: Completing partial solution with 2450 unfixed non-continuous variables out of 2450
User MIP start produced solution with objective 191.6 (0.31s)
User MIP start produced solution with objective 191.6 (0.31s)
Loaded user MIP start with objective 191.6

Presolve removed 6125 rows and 0 columns
Presolve time: 0.62s
Presolved: 94375 rows, 3776 columns, 285525 nonzeros
Variable types: 1326 continuous, 2450 integer (2450 binary)
Root relaxation presolved: 3776 rows, 98151 columns, 289301 nonzeros


Root simplex log...

Iteration    Objective       Primal Inf.    Dual Inf.      Time
   21409    4.1278511e+01   0.000000e+00   9.938804e+05      5s
   44698    4.2468461e+01   0.000000e+00   9.035949e+05     10s
   68642    4.3053742e+01   0.000000e+00   1.670191e+05     15s
   96194    4.3278977e+01   0.000000e+00   1.155189e+03     20s
  101507    3.5000000e+01   0.000000e+00   0.000000e+00     21s
  101507    3.5000000e+01   0.000000e+00   0.000000e+00     21s
  101507    3.5000000e+01   0.000000e+00   0.000000e+00     21s

Root relaxation: objective 3.500000e+01, 101507 iterations, 20.00 seconds (14.28 work units)

    Nodes    |    Current Node    |     Objective Bounds      |     Work
 Expl Unexpl |  Obj  Depth IntInf | Incumbent    BestBd   Gap | It/Node Time

     0     0   35.00000    0  733  191.60000   35.00000  81.7%     -   34s
     0     0   35.00000    0  733  191.60000   35.00000  81.7%     -   36s
     0     0   35.00000    0  599  191.60000   35.00000  81.7%     -   55s
     0     2   35.00000    0  599  191.60000   35.00000  81.7%     -   61s
     7    16   35.00000    3  635  191.60000   35.00000  81.7%  2105   66s
    31    46   50.00000    5  395  191.60000   35.00000  81.7%  1416   78s
    45   100   35.66053    6  682  191.60000   35.00000  81.7%  1667   82s
    99   142   51.00000    8  515  191.60000   35.00000  81.7%  1138   87s
   141   180   63.00000   10  445  191.60000   35.00000  81.7%  1016   90s
   213   253   63.00000   12  402  191.60000   35.00000  81.7%   941   95s
   252   279   63.00000   14  422  191.60000   35.00000  81.7%   888  104s
   278   315   81.00000   17  321  191.60000   35.00000  81.7%   933  106s
   354   399   81.00000   22  282  191.60000   35.00000  81.7%   853  110s
   442   488  105.00000   30  254  191.60000   35.00000  81.7%   779  115s
   611   679  132.00000   50  192  191.60000   35.00000  81.7%   667  121s
   751   832  157.00000   63  264  191.60000   35.00000  81.7%   601  125s
  1035  1152  169.00000   91  154  191.60000   35.00000  81.7%   494  132s
  1275  1397  169.00000  119  148  191.60000   35.00000  81.7%   435  136s
  1562  1698  190.00000  153  121  191.60000   35.00000  81.7%   382  140s
  1900  2049  191.00000  192   27  191.60000   35.00000  81.7%   338  145s
  2296  2422   59.00000   14  448  191.60000   35.00000  81.7%   299  150s
  2842  2866   64.00000   26  361  191.60000   35.00000  81.7%   264  155s
* 3068  3056             254     189.0000000   35.00000  81.5%   251  157s
  3229  3328   64.00000   29  454  189.00000   35.00000  81.5%   244  160s
  3871  4029   95.00000   40  363  189.00000   35.00000  81.5%   216  165s
* 4383  4369             271     184.0000000   35.00000  81.0%   197  167s
* 4394  4336             279     182.0000000   35.00000  80.8%   196  167s
  4708  4474  106.00000   55  303  182.00000   35.00000  80.8%   187  171s
  5005  4820  106.00000   63  289  182.00000   35.00000  80.8%   183  177s
* 5041  4756             284     180.0000000   35.00000  80.6%   182  177s
  5378  5043  124.00000   75  265  180.00000   35.00000  80.6%   177  180s
* 6013  5189             304     177.0000000   35.00000  80.2%   169  184s
  6019  5393  139.00000   86  281  177.00000   35.00000  80.2%   169  188s
  6275  5394  169.00000  201  599  177.00000   35.00000  80.2%   169  194s
  6277  5395  170.00000  246  994  177.00000   35.00000  80.2%   169  233s
  6278  5396   82.00000   32  577  177.00000   35.00000  80.2%   169  297s
  6280  5400   35.00000   15  614  177.00000   35.00000  80.2%   197  303s
  6282  5404   35.00000   16  594  177.00000   35.00000  80.2%   198  305s
  6294  5424   35.00000   18  669  177.00000   35.00000  80.2%   201  311s
  6310  5433   35.00000   19  687  177.00000   35.00000  80.2%   202  321s
  6325  5463   35.00000   20  759  177.00000   35.00000  80.2%   208  328s
  6360  5487   35.00000   21  740  177.00000   35.00000  80.2%   212  333s
  6395  5512   51.00000   21  601  177.00000   35.00000  80.2%   215  345s
  6432  5533   58.00000   22  579  177.00000   35.00000  80.2%   217  350s
  6465  5553   42.00000   22  641  177.00000   35.00000  80.2%   220  355s
  6496  5574   42.00000   23  602  177.00000   35.00000  80.2%   222  362s
  6528  5594   42.00000   24  620  177.00000   35.00000  80.2%   225  366s
  6558  5616   48.00000   24  552  177.00000   35.00000  80.2%   227  371s
  6590  5639   42.00000   25  659  177.00000   35.00000  80.2%   229  377s
  6624  5654   42.00000   25  626  177.00000   35.00000  80.2%   231  384s
  6650  5671   55.00000   26  529  177.00000   35.00000  80.2%   234  390s
  6676  5693   55.00000   27  550  177.00000   35.00000  80.2%   236  395s
  6707  5721   55.00000   27  525  177.00000   35.00000  80.2%   239  400s
  6745  5745   55.00000   28  520  177.00000   35.00000  80.2%   240  405s
  6782  5776   55.00000   29  536  177.00000   35.00000  80.2%   241  411s
  6825  5811   55.00000   30  499  177.00000   35.00000  80.2%   242  417s
  6874  5844   55.00000   31  488  177.00000   35.00000  80.2%   243  422s
  6924  5878   64.00000   32  552  177.00000   35.00000  80.2%   244  428s
  6974  5912   60.00000   32  527  177.00000   35.00000  80.2%   245  434s
  7025  5957   60.00000   34  483  177.00000   35.00000  80.2%   246  441s
  7087  6005   70.00000   35  484  177.00000   35.00000  80.2%   247  448s
  7156  6045   64.00000   36  473  177.00000   35.00000  80.2%   248  454s
  7220  6097   70.00000   38  415  177.00000   35.00000  80.2%   249  461s
  7293  6159   70.00000   39  441  177.00000   35.00000  80.2%   249  467s
  7379  6226   80.00000   41  403  177.00000   35.00000  80.2%   249  474s
  7475  6292   84.00000   43  378  177.00000   35.00000  80.2%   249  480s
  7573  6401   84.00000   44  353  177.00000   35.00000  80.2%   248  487s
  7715  6558   84.00000   46  396  177.00000   35.00000  80.2%   247  493s
  7919  6736   87.00000   49  291  177.00000   35.00000  80.2%   245  498s
  8169  6949  106.00000   60  194  177.00000   35.00000  80.2%   241  504s
  8467  7197  121.00000   72  240  177.00000   35.00000  80.2%   237  509s
  8815  7492  152.00000   82  172  177.00000   35.00000  80.2%   232  513s
  9236  7779  152.00000   97  140  177.00000   35.00000  80.2%   225  519s
* 9362  7420             272     176.0000000   35.00000  80.1%   223  519s
  9684  7703  163.00000  114  156  176.00000   35.00000  80.1%   219  523s
 10130  8031  172.00000  134   96  176.00000   35.00000  80.1%   212  528s
 10611  8404  174.00000  154   81  176.00000   35.00000  80.1%   206  533s
 11153  8820  175.00000  176   63  176.00000   35.00000  80.1%   198  537s
 11757  9212  175.00000  198   27  176.00000   35.00000  80.1%   191  542s
 12384  9615  175.00000  218    4  176.00000   35.00000  80.1%   183  546s
*12396  9160             224     175.0000000   35.00000  80.0%   183  546s
 13041  9366     cutoff  233       175.00000   35.00000  80.0%   176  552s
*13502  8640             265     173.0000000   35.00000  79.8%   172  552s
 13580  8939   35.00000   20  630  173.00000   35.00000  79.8%   171  559s
*13611  8567             280     171.0000000   35.00000  79.5%   171  559s
*14052  8061             252     170.0000000   35.00000  79.4%   167  559s
 14148  8220   42.00000   23  583  170.00000   35.00000  79.4%   167  565s
*14276  7715             268     168.0000000   35.00000  79.2%   167  565s
 14589  7658   52.00000   24  489  168.00000   35.00000  79.2%   165  572s
 14870  7685   52.00000   26  536  168.00000   35.00000  79.2%   164  578s
 15021  7849   52.00000   31  512  168.00000   35.00000  79.2%   166  585s
 15247  7947   67.00000   37  399  168.00000   35.00000  79.2%   167  592s
*15398  6997             302     165.0000000   35.00000  78.8%   167  592s
 15455  7194   67.00000   43  351  165.00000   35.00000  78.8%   168  599s
 15699  7425  111.00000   67  277  165.00000   35.00000  78.8%   169  606s
 16023  7480  136.00000   89  206  165.00000   35.00000  78.8%   169  614s
 16204  7816  143.00000  100  203  165.00000   35.00000  78.8%   168  621s
 16681  8099  164.00000  147  136  165.00000   35.00000  78.8%   167  629s
*16954  7593             252     164.0000000   35.00000  78.7%   166  629s
*16965  7357             256     163.0000000   35.00000  78.5%   166  629s
 17205  7590     cutoff  200       163.00000   35.00000  78.5%   166  638s
 17609  7916   50.00000   21  508  163.00000   35.00000  78.5%   166  647s
 17968  8345   56.00000   22  435  163.00000   35.00000  78.5%   166  657s
 18447  8799   50.00000   24  481  163.00000   35.00000  78.5%   165  666s
 18970  9291   62.00000   27  368  163.00000   35.00000  78.5%   164  674s
 19576  9777   62.00000   34  364  163.00000   35.00000  78.5%   163  684s
*20225  9255             227     162.0000000   35.00000  78.4%   162  684s
 20332  9591   75.00000   39  393  162.00000   35.00000  78.4%   161  694s
 20847 10455   82.00000   44  298  162.00000   35.00000  78.4%   161  710s
 21813 10938  142.00000   61  267  162.00000   35.00000  78.4%   160  719s
 22420 11538  154.00000   84  169  162.00000   35.00000  78.4%   159  729s
 23108 12163  154.00000  118  148  162.00000   35.00000  78.4%   158  739s
 23904 12685   48.00000   27  486  162.00000   35.00000  78.4%   156  751s
 24722 13236   55.00000   34  520  162.00000   35.00000  78.4%   155  762s
*24872 11807             248     161.0000000   35.00000  78.3%   154  762s
 25430 12261   90.00000   50  380  161.00000   35.00000  78.3%   154  773s
 26073 12731  147.00000   83  196  161.00000   35.00000  78.3%   155  785s
 26712 12996  159.00000  141  110  161.00000   35.00000  78.3%   155  799s
 27087 13612   54.00000   22  389  161.00000   35.00000  78.3%   155  812s
 27736 14606  101.00000   46  244  161.00000   35.00000  78.3%   156  826s
 28812 15395  159.00000  137  121  161.00000   35.00000  78.3%   155  840s
 29775 16310  160.00000  242   60  161.00000   35.00000  78.3%   154  854s
*29839 15207             291     160.0000000   35.00000  78.1%   154  854s
 30899 15470   48.00000   26  516  160.00000   35.00000  78.1%   153  868s
 31733 15996   55.00000   29  469  160.00000   35.00000  78.1%   153  882s
 32445 16823   86.00000   47  335  160.00000   42.00000  73.8%   154  899s
 33358 17878  120.00000   62  259  160.00000   42.00000  73.8%   155  917s
 34622 18912  144.00000   90  243  160.00000   42.00000  73.8%   154  934s
 35895 19968  155.00000  115  194  160.00000   42.00000  73.8%   153  952s
 37209 21035  158.00000  148   85  160.00000   42.00000  73.8%   152  969s
*38284 19339             249     159.0000000   42.00000  73.6%   152  969s
 38553 19260     cutoff  190       159.00000   42.00000  73.6%   152  988s
 39041 20497   55.00000   31  416  159.00000   42.00000  73.6%   152 1008s
 40403 21829  105.00000   55  271  159.00000   42.00000  73.6%   153 1028s
 42403 23016  157.00000  164  116  159.00000   42.00000  73.6%   150 1057s
 43841 24585  105.00000   63  277  159.00000   42.00000  73.6%   150 1087s
 45995 25410   55.00000   29  526  159.00000   45.00000  71.7%   149 1112s
 47073 26968   72.00000   38  360  159.00000   45.00000  71.7%   151 1140s
 48781 28773  146.00000   66  188  159.00000   45.00000  71.7%   151 1168s
 50806 30311  158.00000   97  213  159.00000   45.00000  71.7%   150 1195s
 52827 31484  158.00000  147  100  159.00000   45.00000  71.7%   148 1219s
 54321 32521   59.00000   38  411  159.00000   45.00000  71.7%   148 1245s
 55734 33827  146.00000   88  292  159.00000   45.00000  71.7%   148 1270s
 57337 35082   63.00000   33  486  159.00000   45.00000  71.7%   148 1295s
 58964 36961  153.00000   93  247  159.00000   45.00000  71.7%   148 1320s
 61147 38487   57.00000   38  367  159.00000   45.00000  71.7%   147 1344s
 63040 39796  158.00000  149   84  159.00000   45.00000  71.7%   146 1371s
*63310 33902             245     158.0000000   45.00000  71.5%   146 1371s
 64722 35536  139.00000   60  156  158.00000   45.00000  71.5%   146 1397s
 67002 36903   66.00000   37  396  158.00000   45.00000  71.5%   145 1419s
 68860 37771  154.00000  120  117  158.00000   45.00000  71.5%   144 1442s
 70110 39141 infeasible  200       158.00000   46.00000  70.9%   144 1464s
 71699 40132  123.00000   70  187  158.00000   46.00000  70.9%   144 1485s
 73066 41378   48.00000   34  430  158.00000   46.00000  70.9%   144 1505s
 74486 43026  116.00000   76  248  158.00000   46.00000  70.9%   144 1527s
 76493 44113 infeasible  225       158.00000   46.00000  70.9%   143 1547s
 77786 45559   77.00000   47  343  158.00000   46.00000  70.9%   144 1568s
 79556 46618  157.00000  124  130  158.00000   46.00000  70.9%   143 1589s
 81014 48011   57.00000   37  352  158.00000   46.00000  70.9%   144 1610s
*81438 42271             269     157.0000000   46.00000  70.7%   144 1610s
 82742 43439  151.00000   84  156  157.00000   46.00000  70.7%   144 1632s
 84333 44560 infeasible  144       157.00000   46.00000  70.7%   144 1660s
 85920 45791   90.00000   39  339  157.00000   46.00000  70.7%   143 1688s
 87401 47225  155.00000  162  101  157.00000   46.00000  70.7%   144 1714s
 89395 49077   59.00000   40  437  157.00000   46.00000  70.7%   143 1739s
 91463 50386  154.00000  142  107  157.00000   46.00000  70.7%   143 1762s
*93063 45905             224     156.0000000   46.00000  70.5%   143 1762s
 93276 46948  148.00000   62  202  156.00000   46.00000  70.5%   143 1784s
 95022 48204  155.00000  156  125  156.00000   46.00000  70.5%   143 1808s
 96733 49669  112.00000   61  272  156.00000   46.00000  70.5%   142 1830s
 98449 50705  155.00000  211   29  156.00000   46.00000  70.5%   142 1855s
 99879 51936  104.00000   70  298  156.00000   46.00000  70.5%   142 1880s
 101494 52920 infeasible  181       156.00000   46.00000  70.5%   142 1906s
 102723 53532   69.00000   37  412  156.00000   46.00000  70.5%   143 1934s
 103655 54848   69.00000   42  389  156.00000   46.00000  70.5%   143 1963s
 105003 56787  104.00000   61  270  156.00000   46.00000  70.5%   144 1993s
 107323 57794  155.00000  115  179  156.00000   46.00000  70.5%   143 2013s
 108664 58728  155.00000  141  105  156.00000   46.00000  70.5%   143 2034s
 110121 59435   73.00000   39  439  156.00000   47.00000  69.9%   143 2057s
 111018 60951  119.00000   75  209  156.00000   47.00000  69.9%   143 2083s
 112601 62783  155.00000  121  157  156.00000   47.00000  69.9%   143 2108s
 114723 64051   55.00000   33  413  156.00000   47.00000  69.9%   142 2131s
 116479 65074  148.00000   83  220  156.00000   47.00000  69.9%   142 2155s
 117961 66537   85.00000   50  301  156.00000   47.00000  69.9%   142 2179s
 119686 67640     cutoff  176       156.00000   47.00000  69.9%   142 2198s
 121207 68994  105.00000   54  319  156.00000   47.00000  69.9%   142 2218s
 122610 70730  143.00000  101  213  156.00000   47.00000  69.9%   142 2239s
 124708 71383  155.00000  157   48  156.00000   47.00000  69.9%   141 2260s
 125742 72962   51.00000   37  400  156.00000   47.00000  69.9%   141 2287s
 127689 73888  155.00000  183   71  156.00000   47.00000  69.9%   141 2309s
 128987 75367  142.00000   85  132  156.00000   47.00000  69.9%   141 2332s
 130870 76543   70.00000   44  354  156.00000   48.00000  69.2%   141 2354s
 132328 77977  155.00000  149  210  156.00000   48.00000  69.2%   141 2377s
 134242 79349  116.00000   67  191  156.00000   48.00000  69.2%   141 2400s
 135941 80596   61.00000   42  348  156.00000   48.00000  69.2%   141 2422s
 137601 81924  133.00000  103  166  156.00000   48.00000  69.2%   140 2444s
 139292 83104   90.00000   42  315  156.00000   48.00000  69.2%   140 2468s
 140762 84461  155.00000  167   86  156.00000   48.00000  69.2%   140 2492s
 142566 85584  127.00000   75  210  156.00000   48.00000  69.2%   140 2515s
 143998 86797     cutoff  194       156.00000   48.00000  69.2%   140 2540s
 145539 88001  127.00000   87  212  156.00000   48.00000  69.2%   140 2564s
 147317 89327  155.00000  195   56  156.00000   48.00000  69.2%   140 2594s
 148817 91253  134.00000   86  237  156.00000   48.00000  69.2%   140 2623s
 151154 92709   94.00000   51  259  156.00000   48.00000  69.2%   140 2648s
 152873 94177  153.00000  127   86  156.00000   48.00000  69.2%   140 2670s
 154748 95336  155.00000  155   51  156.00000   48.00000  69.2%   140 2690s
 156526 96151  113.00000   58  209  156.00000   48.00000  69.2%   139 2711s
 157680 97616  144.00000   91  300  156.00000   48.00000  69.2%   140 2736s
 159219 99089  155.00000  117  112  156.00000   48.00000  69.2%   140 2760s
 160981 100630  155.00000  147  120  156.00000   48.00000  69.2%   139 2783s
 162831 101789  155.00000  172   72  156.00000   48.00000  69.2%   139 2805s
 164518 102966  137.00000   65  211  156.00000   48.00000  69.2%   139 2829s
 166013 104180   82.00000   44  305  156.00000   48.00000  69.2%   139 2853s
 167527 105473  154.00000  153  142  156.00000   48.00000  69.2%   139 2878s
 169166 107111   82.00000   44  404  156.00000   48.00000  69.2%   139 2906s
 171180 108104  153.00000  129  210  156.00000   48.00000  69.2%   138 2927s
 172407 109562   87.00000   49  249  156.00000   48.00000  69.2%   139 2950s
 174091 110944  155.00000  167   70  156.00000   48.00000  69.2%   139 2975s
 175775 112275   83.00000   55  351  156.00000   48.00000  69.2%   138 2999s
 177516 113659  155.00000  171   83  156.00000   48.00000  69.2%   138 3021s
 179203 114812  126.00000   69  186  156.00000   48.00000  69.2%   138 3044s
 180754 115764  155.00000  170   71  156.00000   48.00000  69.2%   138 3065s
 182119 116895  129.00000   81   97  156.00000   48.00000  69.2%   138 3088s
 183593 118080   76.00000   41  408  156.00000   48.00000  69.2%   138 3113s
 185077 119269  153.00000  101  167  156.00000   48.00000  69.2%   138 3137s
 186761 120496  116.00000   52  235  156.00000   48.00000  69.2%   138 3162s
 188079 122329  155.00000  137  117  156.00000   48.00000  69.2%   138 3187s
 190310 123442  109.00000   77  250  156.00000   48.00000  69.2%   138 3213s
 192011 124670   61.00000   42  394  156.00000   48.00000  69.2%   138 3238s
 193334 126432   98.00000   76  332  156.00000   48.00000  69.2%   138 3268s
 195291 127894  148.00000  131  195  156.00000   48.00000  69.2%   138 3292s
 197167 129351  155.00000  204   60  156.00000   48.00000  69.2%   138 3318s
 199073 130788  142.00000   93  228  156.00000   48.00000  69.2%   138 3344s
 200989 131876   57.00000   33  426  156.00000   48.00000  69.2%   138 3368s
 202451 133414  155.00000  118   97  156.00000   48.00000  69.2%   138 3391s
 204347 134634  109.00000   50  280  156.00000   48.00000  69.2%   138 3414s
*205617 113535             290     155.0000000   48.00000  69.0%   137 3414s
 206086 114474  154.00000  138  181  155.00000   48.00000  69.0%   137 3437s
 207605 115568  134.00000   63  200  155.00000   48.00000  69.0%   137 3460s
 209092 116958   87.00000   54  296  155.00000   48.00000  69.0%   137 3482s
 210781 117989  146.00000  123   94  155.00000   48.00000  69.0%   137 3508s
 212303 119312   85.00000   47  305  155.00000   48.00000  69.0%   137 3532s
 213892 120531  154.00000  139  175  155.00000   48.00000  69.0%   138 3557s
 215477 122298   99.00000   49  314  155.00000   48.00000  69.0%   138 3582s
 217777 123291  154.00000  145   88  155.00000   48.00000  69.0%   137 3600s

Explored 218984 nodes (30261434 simplex iterations) in 3600.08 seconds (2717.34 work units)
Thread count was 32 (of 32 available processors)

Solution count 10: 155 156 157 ... 164

Time limit reached
Best objective 1.550000000000e+02, best bound 4.800000000000e+01, gap 69.0323%
