
Gurobi 13.0.0 (linux64) logging started Wed Dec 10 13:02:23 2025

Set parameter LogFile to value "./Results/StripPacking-SPFix/Logs/SBspbL-010-StripPacking-35-0.log"
Set parameter TimeLimit to value 3600
Set parameter Cuts to value 0
Set parameter Presolve to value 1
Set parameter Heuristics to value 0
Set parameter LogToConsole to value 0
Set parameter LPWarmStart to value 2
Warning: linear constraint 35 and linear constraint 37 have the same name "LB[0]"
Warning: linear constraint 35 and linear constraint 37 have the same name "LB[0]"
Warning: default constraint names used to write mps file
Gurobi Optimizer version 13.0.0 build v13.0.0rc1 (linux64 - "Debian GNU/Linux 13 (trixie)")

CPU model: Intel(R) Xeon(R) CPU E5-2630 v3 @ 2.40GHz, instruction set [SSE2|AVX|AVX2]
Thread count: 16 physical cores, 32 logical processors, using up to 32 threads

Non-default parameters:
TimeLimit  3600
LPWarmStart  2
Heuristics  0
Cuts  0
LogToConsole  0
Presolve  1

Optimize a model with 33355 rows, 1261 columns and 102410 nonzeros (Min)
Model fingerprint: 0x67e8f2cf
Model has 1 linear objective coefficients
Variable types: 71 continuous, 1190 integer (1190 binary)
Coefficient statistics:
  Matrix range     [1e+00, 1e+04]
  Objective range  [1e+00, 1e+00]
  Bounds range     [1e+00, 1e+04]
  RHS range        [5e-01, 1e+04]
Using branch priorities.

Warning: Completing partial solution with 1190 unfixed non-continuous variables out of 1190
User MIP start produced solution with objective 143.9 (0.08s)
User MIP start produced solution with objective 143.9 (0.08s)
Loaded user MIP start with objective 143.9

Presolve removed 1190 rows and 0 columns
Presolve time: 0.11s
Presolved: 32165 rows, 1261 columns, 98840 nonzeros
Variable types: 71 continuous, 1190 integer (1190 binary)
Root relaxation presolved: 17758 rows, 15668 columns, 69397 nonzeros


Root relaxation: objective 4.800000e+01, 1643 iterations, 0.32 seconds (0.26 work units)

    Nodes    |    Current Node    |     Objective Bounds      |     Work
 Expl Unexpl |  Obj  Depth IntInf | Incumbent    BestBd   Gap | It/Node Time

     0     0   48.00000    0  121  143.90000   48.00000  66.6%     -    0s
     0     0   48.00000    0  121  143.90000   48.00000  66.6%     -    0s
     0     0   48.00000    0   98  143.90000   48.00000  66.6%     -    1s
     0     2   48.00000    0   97  143.90000   48.00000  66.6%     -    1s
   273   534   48.00000   13  183  143.90000   48.00000  66.6%   147    5s
  1200  2550   72.00000   67   97  143.90000   48.00000  66.6%   112   11s
* 1508  2550             147     125.0000000   48.00000  61.6%  94.6   11s
* 2013  2550             161     122.0000000   48.00000  60.7%  80.9   11s
* 2794  3282             171     119.0000000   48.00000  59.7%  74.4   12s
* 3814  3966             176     118.0000000   48.00000  59.3%  65.8   14s
* 4323  3917             160     115.0000000   48.00000  58.3%  62.6   14s
  4503  4691   62.00000   48  147  115.00000   48.00000  58.3%  61.9   16s
* 5317  4564             165     114.0000000   48.00000  57.9%  57.9   16s
* 5320  4343             165     110.0000000   48.00000  56.4%  57.9   16s
* 6242  4779             159     107.0000000   48.00000  55.1%  55.0   17s
  6562  4572   48.00000   15   83  107.00000   48.00000  55.1%  55.2   20s
  6781  4782   60.00000   27   78  107.00000   48.00000  55.1%  57.4   25s
  6992  5171   48.00000   34  164  107.00000   48.00000  55.1%  60.7   30s
  7306  6868   48.00000   41  138  107.00000   48.00000  55.1%  62.9   35s
 10575  7358  106.00000  157    2  107.00000   48.00000  55.1%  59.5   40s
*10592  7092             161     106.0000000   48.00000  54.7%  59.5   40s
*11547  6990             181     102.0000000   48.00000  52.9%  58.9   42s
 12950  7841 infeasible  119       102.00000   48.00000  52.9%  58.2   46s
*13941  7043             185     100.0000000   48.00000  52.0%  57.8   46s
 15046  8211   80.00000   75   54  100.00000   48.00000  52.0%  57.8   51s
 16973  9021 infeasible  116       100.00000   48.00000  52.0%  57.4   55s
 19328 10543   70.00000   56  110  100.00000   48.00000  52.0%  57.8   61s
 21095 12029   48.00000   40  143  100.00000   48.00000  52.0%  57.7   66s
 23031 13414   87.00000   95   59  100.00000   48.00000  52.0%  57.6   70s
 25461 15258   56.00000   40  116  100.00000   48.00000  52.0%  57.7   76s
 26989 16625   98.00000  144   64  100.00000   48.00000  52.0%  57.4   80s
*27756 14956             166      99.0000000   48.00000  51.5%  57.3   80s
 29541 17150   52.00000   60  130   99.00000   48.00000  51.5%  57.5   86s
 31384 18799   61.00000   69  108   99.00000   48.00000  51.5%  57.7   90s
*32732 18137             168      98.0000000   48.00000  51.0%  57.4   92s
 33572 18736   70.00000   84   65   98.00000   48.00000  51.0%  57.6   95s
 35522 20739   85.00000   73   93   98.00000   48.00000  51.0%  58.0  100s
*37525 20633             156      97.0000000   48.00000  50.5%  57.8  103s
 38134 21519   48.00000   32  165   97.00000   48.00000  50.5%  57.8  105s
 40598 23782   51.00000   45  142   97.00000   48.00000  50.5%  58.0  112s
 42044 24993   69.00000   73  138   97.00000   48.00000  50.5%  58.0  116s
 43580 26018   96.00000  102  106   97.00000   48.00000  50.5%  58.1  120s
 46624 28510   95.00000  129   22   97.00000   48.00000  50.5%  58.0  128s
 48320 29706   89.00000   81   46   97.00000   48.00000  50.5%  58.0  132s
 49898 31013   63.00000   71  143   97.00000   48.00000  50.5%  58.3  136s
 51608 32145   66.00000   68  104   97.00000   48.00000  50.5%  58.3  140s
 54920 34664   48.00000   48  157   97.00000   48.00000  50.5%  58.2  148s
 56413 36053   85.00000   98   80   97.00000   48.00000  50.5%  58.2  152s
 58272 37320   95.00000   95   92   97.00000   48.00000  50.5%  58.1  156s
 60026 38548   92.00000  119   41   97.00000   48.00000  50.5%  58.1  160s
 63271 41110   96.00000  128   33   97.00000   48.00000  50.5%  58.3  169s
 65003 42416   96.00000   79   65   97.00000   48.00000  50.5%  58.3  173s
 66463 43631   96.00000  108   32   97.00000   48.00000  50.5%  58.3  177s
 68156 44817   57.00000   58  166   97.00000   48.00000  50.5%  58.2  181s
 69724 45922   48.00000   46  149   97.00000   48.00000  50.5%  58.3  185s
 71177 47408   93.00000  131   37   97.00000   48.00000  50.5%  58.5  190s
 74692 50092   96.00000  118   59   97.00000   48.00000  50.5%  58.6  198s
 76571 51353   49.00000   39  122   97.00000   48.00000  50.5%  58.5  202s
 78347 52471   95.00000  117   91   97.00000   48.00000  50.5%  58.4  206s
 79818 53754   87.00000   88   79   97.00000   48.00000  50.5%  58.3  210s
 83166 56650   58.00000   58  106   97.00000   48.00000  50.5%  58.4  217s
 85073 58015   91.00000  131   25   97.00000   48.00000  50.5%  58.2  222s
*85168 52452             169      96.0000000   48.00000  50.0%  58.1  222s
 86970 53325   86.00000   78   73   96.00000   48.00000  50.0%  58.0  225s
 89860 55760   57.00000   55   96   96.00000   48.00000  50.0%  58.1  233s
 91320 57017   92.00000   89   95   96.00000   48.00000  50.0%  58.0  237s
 92974 58137   48.00000   40  133   96.00000   48.00000  50.0%  58.0  241s
 94534 59628   95.00000  143   33   96.00000   48.00000  50.0%  58.1  245s
 98188 62312   95.00000  143   33   96.00000   48.00000  50.0%  57.9  252s
 99909 63526   95.00000  124   37   96.00000   48.00000  50.0%  57.8  256s
 101551 64762 infeasible  121        96.00000   48.00000  50.0%  57.8  260s
 104731 67037   61.00000   49  129   96.00000   48.00000  50.0%  57.8  267s
 106287 68166   92.00000  131   23   96.00000   48.00000  50.0%  57.8  271s
 107867 69567     cutoff  118        96.00000   48.00000  50.0%  57.9  275s
 111383 72299   93.00000  128   18   96.00000   48.00000  50.0%  58.0  283s
 113023 73615   93.00000   98   67   96.00000   48.00000  50.0%  58.0  287s
 114752 74903   92.00000  106   51   96.00000   48.00000  50.0%  57.9  290s
 117857 76997   56.00000   50  161   96.00000   48.00000  50.0%  58.0  298s
 119458 78292 infeasible  133        96.00000   48.00000  50.0%  58.1  301s
 121204 79493   94.00000  116   61   96.00000   48.00000  50.0%  58.0  305s
*124241 72232             170      95.0000000   48.00000  49.5%  58.0  309s
 124391 73211     cutoff   91        95.00000   48.00000  49.5%  58.0  312s
 125924 74497   91.00000   96   71   95.00000   48.00000  49.5%  58.1  316s
 127509 76038   63.00000   77  121   95.00000   48.00000  49.5%  58.1  320s
 130811 78102   71.00000   80   92   95.00000   48.00000  49.5%  58.1  328s
 132334 79301   89.00000   75   71   95.00000   48.00000  49.5%  58.1  331s
 133880 80644   82.00000   86  110   95.00000   48.00000  49.5%  58.2  336s
 135333 81916   93.00000  115   28   95.00000   48.00000  49.5%  58.3  340s
 138583 84404   49.00000   48  151   95.00000   48.00000  49.5%  58.3  348s
 140073 85660   75.00000   91   73   95.00000   48.00000  49.5%  58.3  352s
 141759 86832   77.00000   75   74   95.00000   48.00000  49.5%  58.3  355s
 144812 89102   93.00000  114   82   95.00000   48.00000  49.5%  58.4  363s
 146462 90281   48.00000   43  149   95.00000   48.00000  49.5%  58.5  367s
 147943 91716   93.00000  122   67   95.00000   48.00000  49.5%  58.6  371s
 149629 92849   94.00000  111   47   95.00000   48.00000  49.5%  58.6  375s
 152750 95251   93.00000  106   72   95.00000   48.00000  49.5%  58.7  382s
 154400 96325     cutoff   96        95.00000   48.00000  49.5%  58.7  386s
 155716 97873   48.00000   56  177   95.00000   48.00000  49.5%  58.8  391s
 157443 99086   94.00000  114   45   95.00000   48.00000  49.5%  58.8  395s
 160844 101645   94.00000  128   23   95.00000   48.00000  49.5%  58.9  403s
 162490 102880   94.00000  121   25   95.00000   48.00000  49.5%  58.9  408s
 164144 104305   74.00000   72   97   95.00000   48.00000  49.5%  58.9  413s
 165740 105512 infeasible  113        95.00000   48.00000  49.5%  58.9  417s
 167329 106591   48.00000   43  153   95.00000   48.00000  49.5%  58.9  421s
 168775 107766   93.00000  114   67   95.00000   48.00000  49.5%  59.0  425s
 170336 108867   88.00000   81   98   95.00000   48.00000  49.5%  59.0  430s
 173547 111374   69.00000   81   96   95.00000   48.00000  49.5%  59.2  438s
 175256 112669   85.00000   85   93   95.00000   48.00000  49.5%  59.2  443s
 177005 113888   94.00000  102   65   95.00000   48.00000  49.5%  59.2  447s
 178689 115275   93.00000  119   42   95.00000   48.00000  49.5%  59.2  452s
 180425 116670   87.00000   87   90   95.00000   48.00000  49.5%  59.2  456s
 182207 117846   83.00000   83   73   95.00000   48.00000  49.5%  59.2  461s
 183844 119132   93.00000  101   61   95.00000   48.00000  49.5%  59.2  465s
 186996 121922   70.00000   71   77   95.00000   48.00000  49.5%  59.2  474s
 188913 123292 infeasible  129        95.00000   48.00000  49.5%  59.1  478s
 190647 124793 infeasible   95        95.00000   48.00000  49.5%  59.1  482s
 192369 125977   78.00000   68   90   95.00000   48.00000  49.5%  59.1  486s
 193990 127101   76.00000   64   83   95.00000   48.00000  49.5%  59.1  490s
 196999 129358   75.00000   86   90   95.00000   48.00000  49.5%  59.2  498s
 198528 130544   60.00000   47  107   95.00000   48.00000  49.5%  59.2  501s
 200133 131792   66.00000   57   90   95.00000   48.00000  49.5%  59.3  505s
 203248 134203   71.00000   58  120   95.00000   48.00000  49.5%  59.3  514s
 204956 135386   85.00000   94   68   95.00000   48.00000  49.5%  59.3  518s
 206479 136767   78.00000   51   63   95.00000   48.00000  49.5%  59.3  522s
 208051 137983   89.00000   88   81   95.00000   48.00000  49.5%  59.4  526s
 209671 139244   68.00000   51   91   95.00000   48.00000  49.5%  59.3  530s
 213140 141710   73.00000   54   64   95.00000   48.00000  49.5%  59.3  537s
 214609 143141 infeasible  142        95.00000   48.00000  49.5%  59.4  541s
 216254 144172   58.00000   44  148   95.00000   48.00000  49.5%  59.3  545s
 219331 146532   70.00000   65  116   95.00000   48.00000  49.5%  59.4  552s
 220771 147701   93.00000  131   38   95.00000   48.00000  49.5%  59.4  556s
 223762 150020   85.00000   87   98   95.00000   48.00000  49.5%  59.5  563s
 225481 151307   81.00000   99   48   95.00000   48.00000  49.5%  59.5  567s
 227139 152336   89.00000   95   53   95.00000   48.00000  49.5%  59.5  571s
 228676 153573   94.00000   92   91   95.00000   48.00000  49.5%  59.5  575s
 231973 156222   92.00000  107   68   95.00000   48.00000  49.5%  59.6  583s
 233639 157312   72.00000   84   91   95.00000   48.00000  49.5%  59.6  587s
 235153 158694   81.00000   58  102   95.00000   48.00000  49.5%  59.6  591s
 236646 159927   94.00000   94   66   95.00000   48.00000  49.5%  59.6  596s
 238298 161052   52.00000   59  216   95.00000   48.00000  49.5%  59.6  600s
 241570 163531   48.00000   52  154   95.00000   48.00000  49.5%  59.7  608s
 243209 164926   48.00000   38  152   95.00000   48.00000  49.5%  59.7  613s
 245043 166516   93.00000  117   33   95.00000   48.00000  49.5%  59.7  617s
 247014 167779   91.00000  120   57   95.00000   48.00000  49.5%  59.6  621s
 248561 169340   90.00000   71   70   95.00000   48.00000  49.5%  59.7  626s
 250345 170607   48.00000   36  110   95.00000   48.00000  49.5%  59.6  630s
 251922 171752   83.00000  117   39   95.00000   48.00000  49.5%  59.6  635s
 255251 174211 infeasible  138        95.00000   48.00000  49.5%  59.6  643s
 256775 175136   94.00000  134   45   95.00000   48.00000  49.5%  59.6  647s
 258249 176528   82.00000   67  101   95.00000   48.00000  49.5%  59.7  652s
 259828 177707   94.00000  106   43   95.00000   48.00000  49.5%  59.7  656s
 261415 178870   89.00000   97   82   95.00000   48.00000  49.5%  59.7  661s
 263054 179988   94.00000   90   35   95.00000   48.00000  49.5%  59.7  665s
 266177 182403 infeasible  134        95.00000   48.00000  49.5%  59.7  673s
 267738 183853   93.00000  101  104   95.00000   48.00000  49.5%  59.8  677s
 269643 185053   68.00000   85   74   95.00000   48.00000  49.5%  59.7  681s
 271258 186340   92.00000   73   42   95.00000   48.00000  49.5%  59.7  685s
 272882 187919   58.00000   64  105   95.00000   48.00000  49.5%  59.7  690s
 276312 190203   89.00000   85   43   95.00000   48.00000  49.5%  59.7  698s
 277787 191479   94.00000  116   43   95.00000   48.00000  49.5%  59.8  702s
 279488 192744     cutoff   99        95.00000   48.00000  49.5%  59.8  706s
 281151 194218   69.00000   52  104   95.00000   48.00000  49.5%  59.8  711s
 282844 195517   90.00000  103   70   95.00000   48.00000  49.5%  59.8  715s
 286209 197898   81.00000   79   82   95.00000   48.00000  49.5%  59.7  723s
 287753 199090   66.00000   55   84   95.00000   48.00000  49.5%  59.8  727s
 289290 200225   88.00000   84   67   95.00000   48.00000  49.5%  59.8  731s
 290887 201398   78.00000   67   71   95.00000   48.00000  49.5%  59.8  735s
 294038 204138   94.00000  102   31   95.00000   48.00000  49.5%  59.8  744s
 295677 205360   55.00000   52  101   95.00000   48.00000  49.5%  59.8  748s
 297241 206483   90.00000   94   77   95.00000   48.00000  49.5%  59.9  752s
 298873 207384   91.00000  103   69   95.00000   48.00000  49.5%  59.9  756s
 300492 208655   54.00000   57  132   95.00000   48.00000  49.5%  59.9  760s
 303907 210908   55.00000   52  150   95.00000   48.00000  49.5%  59.9  768s
 305331 212184   71.00000   60  121   95.00000   48.00000  49.5%  59.9  772s
 306970 213317   71.00000   58  100   95.00000   48.00000  49.5%  60.0  776s
 310107 216043   54.00000   50  111   95.00000   48.00000  49.5%  60.0  783s
 311756 217298   88.00000  110   38   95.00000   48.00000  49.5%  60.1  787s
 313443 218513   94.00000  122   62   95.00000   48.00000  49.5%  60.1  791s
 316601 220927   92.00000  106   55   95.00000   48.00000  49.5%  60.1  798s
 318276 221944   93.00000  112   52   95.00000   48.00000  49.5%  60.1  801s
 319695 223035   94.00000   92   63   95.00000   48.00000  49.5%  60.1  805s
 322915 225668   91.00000  101   79   95.00000   48.00000  49.5%  60.2  813s
 324604 226870   48.00000   52  192   95.00000   48.00000  49.5%  60.2  816s
 326148 228195   94.00000  126   58   95.00000   48.00000  49.5%  60.2  820s
 329605 230600   48.00000   56  148   95.00000   48.00000  49.5%  60.2  827s
 331197 231902   48.00000   35  160   95.00000   48.00000  49.5%  60.2  831s
 332838 233451   93.00000  114   36   95.00000   48.00000  49.5%  60.2  835s
 336174 235872   92.00000  107   54   95.00000   48.00000  49.5%  60.2  842s
 337913 237472   80.00000   49  110   95.00000   48.00000  49.5%  60.2  846s
 341307 239686   89.00000   96   99   95.00000   48.00000  49.5%  60.1  852s
 342720 240657   92.00000  113   83   95.00000   48.00000  49.5%  60.1  855s
 345909 243465   87.00000  129   40   95.00000   48.00000  49.5%  60.1  862s
 347471 244584   63.00000   64  108   95.00000   48.00000  49.5%  60.1  866s
 350550 246894   56.00000   46   93   95.00000   48.00000  49.5%  60.2  872s
 352117 248110   77.00000   70   73   95.00000   48.00000  49.5%  60.2  876s
 355313 250635   83.00000   62   89   95.00000   48.00000  49.5%  60.1  883s
 356862 252036   63.00000   52  112   95.00000   48.00000  49.5%  60.1  886s
 358515 253175   72.00000  104   54   95.00000   48.00000  49.5%  60.1  890s
 361739 255967   74.00000   59   53   95.00000   48.00000  49.5%  60.2  898s
 363543 257328   92.00000  131   29   95.00000   48.00000  49.5%  60.2  901s
 365243 258596 infeasible  123        95.00000   48.00000  49.5%  60.1  905s
 368501 261064   56.00000   52   90   95.00000   48.00000  49.5%  60.1  911s
 370066 262034   58.00000   52  120   95.00000   48.00000  49.5%  60.2  915s
 372984 264469   62.00000   69   91   95.00000   48.00000  49.5%  60.2  922s
 374625 265584   80.00000   82   76   95.00000   48.00000  49.5%  60.2  925s
 377705 268283   48.00000   41  105   95.00000   48.00000  49.5%  60.3  933s
 379400 269623   58.00000   68  129   95.00000   48.00000  49.5%  60.3  936s
 381149 271012 infeasible  117        95.00000   48.00000  49.5%  60.3  940s
 384221 273093   89.00000   76   77   95.00000   48.00000  49.5%  60.3  946s
 387136 275403   94.00000  118   24   95.00000   48.00000  49.5%  60.3  953s
 388751 276708   69.00000   53  126   95.00000   48.00000  49.5%  60.3  956s
 390225 277838     cutoff   98        95.00000   48.00000  49.5%  60.3  960s
 393561 280156   94.00000  114   63   95.00000   48.00000  49.5%  60.3  967s
 395109 281236   83.00000   88  104   95.00000   48.00000  49.5%  60.3  970s
 398169 283867   87.00000   77   73   95.00000   48.00000  49.5%  60.4  977s
 399981 285162   92.00000   95   72   95.00000   48.00000  49.5%  60.4  981s
 403232 287790   76.00000   73   61   95.00000   48.00000  49.5%  60.4  987s
 404836 288975   94.00000  133   20   95.00000   48.00000  49.5%  60.4  991s
 408016 291337   69.00000   69  118   95.00000   48.00000  49.5%  60.4  998s
 409673 292698   80.00000   62   86   95.00000   48.00000  49.5%  60.4 1001s
 411380 294051   52.00000   44  167   95.00000   48.00000  49.5%  60.4 1005s
 414566 296819   94.00000  123   13   95.00000   48.00000  49.5%  60.5 1012s
 416432 297969   94.00000  122   30   95.00000   48.00000  49.5%  60.4 1016s
 419429 300333   93.00000  107   43   95.00000   48.00000  49.5%  60.5 1023s
 421057 301673   86.00000   77   44   95.00000   48.00000  49.5%  60.5 1027s
 422632 302886   71.00000   57  122   95.00000   48.00000  49.5%  60.5 1031s
 425701 305551   71.00000   54   96   95.00000   48.00000  49.5%  60.5 1038s
 427471 306724   94.00000   98   68   95.00000   48.00000  49.5%  60.5 1042s
 429120 307985 infeasible  122        95.00000   48.00000  49.5%  60.5 1046s
 432452 310281   56.00000   64  129   95.00000   48.00000  49.5%  60.5 1053s
 433851 311744   48.00000   48  162   95.00000   48.00000  49.5%  60.6 1056s
 435498 312845   89.00000   94   69   95.00000   48.00000  49.5%  60.6 1060s
 438909 315172   94.00000  117   19   95.00000   48.00000  49.5%  60.6 1067s
 440410 316304   94.00000  119   72   95.00000   48.00000  49.5%  60.6 1071s
 441966 317559   93.00000  128   43   95.00000   48.00000  49.5%  60.6 1075s
 445265 319857   88.00000  100   78   95.00000   48.00000  49.5%  60.6 1082s
 446813 321181   63.00000   64  130   95.00000   48.00000  49.5%  60.6 1085s
 450080 323786   87.00000   90   88   95.00000   48.00000  49.5%  60.6 1092s
 451738 325151   56.00000   63  154   95.00000   48.00000  49.5%  60.6 1095s
 454906 327698   75.00000   78   84   95.00000   48.00000  49.5%  60.6 1103s
 456546 328596   94.00000  116   48   95.00000   48.00000  49.5%  60.6 1106s
 459495 330814   93.00000   98   44   95.00000   48.00000  49.5%  60.6 1113s
 461053 332011     cutoff   95        95.00000   48.00000  49.5%  60.6 1116s
 462641 333391   61.00000   50   72   95.00000   48.00000  49.5%  60.7 1120s
 465837 335598   94.00000   88   79   95.00000   48.00000  49.5%  60.7 1126s
 467372 336747   94.00000  134   52   95.00000   48.00000  49.5%  60.7 1130s
 470526 339465   94.00000  130   28   95.00000   48.00000  49.5%  60.7 1137s
 472212 340609 infeasible  127        95.00000   48.00000  49.5%  60.7 1140s
 475191 342797   94.00000  120   42   95.00000   48.00000  49.5%  60.7 1147s
 476731 343997   87.00000   67   59   95.00000   48.00000  49.5%  60.7 1150s
 479936 346396   91.00000  110   54   95.00000   48.00000  49.5%  60.7 1157s
 481547 347796   61.00000   54  137   95.00000   48.00000  49.5%  60.7 1161s
 485057 350237   58.00000   47   95   95.00000   48.00000  49.5%  60.7 1167s
 486481 351625   57.00000   53  100   95.00000   48.00000  49.5%  60.7 1171s
 487902 353143   72.00000   70   43   95.00000   48.00000  49.5%  60.8 1175s
 490992 355326 infeasible  111        95.00000   48.00000  49.5%  60.8 1182s
 492683 356333   93.00000   96   76   95.00000   48.00000  49.5%  60.8 1186s
 496134 359101   90.00000  134   49   95.00000   48.00000  49.5%  60.8 1193s
 497839 360309   93.00000  116   52   95.00000   48.00000  49.5%  60.8 1196s
 499397 361841   71.00000   85  111   95.00000   48.00000  49.5%  60.8 1200s
 502671 364070   53.00000   63  126   95.00000   48.00000  49.5%  60.8 1207s
 504301 365152   56.00000   48  111   95.00000   48.00000  49.5%  60.8 1210s
 507465 367568   66.00000   63  103   95.00000   48.00000  49.5%  60.8 1217s
 509007 368815   71.00000   62   85   95.00000   48.00000  49.5%  60.8 1221s
 510716 370023   94.00000  105   72   95.00000   48.00000  49.5%  60.8 1225s
 514119 372768   89.00000   95   58   95.00000   48.00000  49.5%  60.8 1232s
 515747 374200   94.00000  105   62   95.00000   48.00000  49.5%  60.9 1236s
 519263 376729   92.00000   84   58   95.00000   48.00000  49.5%  60.9 1242s
 521178 377918   93.00000  134   38   95.00000   48.00000  49.5%  60.8 1246s
 524338 380160   93.00000  130   46   95.00000   48.00000  49.5%  60.8 1252s
 525945 381303   92.00000  101   73   95.00000   48.00000  49.5%  60.9 1256s
 527471 382796   73.00000   80   94   95.00000   48.00000  49.5%  60.9 1260s
 530820 385038   77.00000   77  104   95.00000   48.00000  49.5%  60.9 1266s
 532553 386249   94.00000  101   55   95.00000   48.00000  49.5%  60.9 1270s
 535518 388502   94.00000  107   38   95.00000   48.00000  49.5%  60.9 1277s
 537039 389667   93.00000  105   39   95.00000   48.00000  49.5%  60.9 1280s
 540302 392015 infeasible  103        95.00000   48.00000  49.5%  60.9 1287s
 541940 393219   62.00000   59  131   95.00000   48.00000  49.5%  61.0 1290s
 545418 396015   93.00000  129   36   95.00000   48.00000  49.5%  60.9 1297s
 547129 397193   94.00000  127   71   95.00000   48.00000  49.5%  60.9 1300s
 550296 399561   94.00000  105   70   95.00000   48.00000  49.5%  61.0 1307s
 551980 401184   82.00000   86   59   95.00000   48.00000  49.5%  61.0 1310s
 555397 403706   60.00000   58  101   95.00000   48.00000  49.5%  61.0 1317s
 557137 404883     cutoff  144        95.00000   48.00000  49.5%  60.9 1320s
 560162 406983   94.00000  122   41   95.00000   48.00000  49.5%  61.0 1327s
 561518 408289 infeasible  119        95.00000   48.00000  49.5%  61.0 1330s
 564936 410699   86.00000   84   57   95.00000   48.00000  49.5%  61.0 1337s
 566530 411855 infeasible  115        95.00000   48.00000  49.5%  61.0 1340s
 569642 414155     cutoff  117        95.00000   48.00000  49.5%  61.0 1347s
 571188 415696   94.00000   98   54   95.00000   48.00000  49.5%  61.0 1351s
 572946 416903   94.00000  126   82   95.00000   48.00000  49.5%  61.0 1355s
 576134 419390   94.00000  125   25   95.00000   48.00000  49.5%  61.0 1362s
 577755 420556   94.00000  148   18   95.00000   48.00000  49.5%  61.0 1365s
 581113 423164   87.00000  106   76   95.00000   48.00000  49.5%  61.0 1373s
 582621 424681   58.00000   59   82   95.00000   48.00000  49.5%  61.1 1376s
 584329 426211   87.00000  127   32   95.00000   48.00000  49.5%  61.1 1380s
 587910 428406     cutoff  118        95.00000   48.00000  49.5%  61.0 1387s
 589375 429456   93.00000  104   44   95.00000   48.00000  49.5%  61.1 1390s
 592563 431974   89.00000  113   55   95.00000   48.00000  49.5%  61.1 1397s
 594238 433244   94.00000  133   36   95.00000   48.00000  49.5%  61.1 1401s
 597863 435938     cutoff  104        95.00000   48.00000  49.5%  61.1 1408s
 599436 437385   81.00000   89   58   95.00000   48.00000  49.5%  61.1 1411s
 601120 438661   70.00000   91  130   95.00000   48.00000  49.5%  61.1 1415s
 604544 441577   88.00000  101   64   95.00000   48.00000  49.5%  61.1 1422s
 606293 442548   94.00000  109   66   95.00000   48.00000  49.5%  61.1 1425s
 609408 444800   59.00000   49  120   95.00000   48.00000  49.5%  61.1 1431s
 610968 446043   90.00000   99   70   95.00000   48.00000  49.5%  61.1 1435s
 614333 448848   51.00000   64  131   95.00000   48.00000  49.5%  61.1 1442s
 616032 449885   92.00000  112   45   95.00000   48.00000  49.5%  61.0 1445s
 619308 452462   89.00000  117   40   95.00000   48.00000  49.5%  61.0 1451s
 622465 454939   67.00000   75   85   95.00000   48.00000  49.5%  61.0 1457s
 624059 456013   92.00000  132   32   95.00000   48.00000  49.5%  61.0 1460s
 626954 458211   93.00000   96  138   95.00000   48.00000  49.5%  61.0 1467s
 628560 459307   85.00000   93   72   95.00000   48.00000  49.5%  61.0 1470s
 631521 461618   87.00000   85   94   95.00000   48.00000  49.5%  61.0 1477s
 633068 462826   93.00000  105   37   95.00000   48.00000  49.5%  61.0 1481s
 636302 465439   76.00000   82   86   95.00000   48.00000  49.5%  61.1 1488s
 637995 466695   92.00000   92   91   95.00000   48.00000  49.5%  61.1 1491s
 639581 468127   92.00000  106   76   95.00000   48.00000  49.5%  61.1 1495s
 643172 470657   67.00000   62   68   95.00000   48.00000  49.5%  61.1 1502s
 644739 471672   94.00000  130   48   95.00000   48.00000  49.5%  61.1 1505s
 647663 473956     cutoff  111        95.00000   48.00000  49.5%  61.1 1512s
 649267 475136   58.00000   61  116   95.00000   48.00000  49.5%  61.1 1515s
 652503 477523   94.00000  144   35   95.00000   48.00000  49.5%  61.2 1522s
 654119 479048   91.00000  101   45   95.00000   48.00000  49.5%  61.2 1525s
 657518 481695   58.00000   60  102   95.00000   48.00000  49.5%  61.2 1532s
 659129 482874   87.00000  129   58   95.00000   48.00000  49.5%  61.2 1535s
 662175 485262   91.00000  124   24   95.00000   48.00000  49.5%  61.2 1541s
 665531 487915   80.00000   68   70   95.00000   48.00000  49.5%  61.2 1547s
 667149 489058   92.00000  103   43   95.00000   48.00000  49.5%  61.1 1550s
 670321 491437   89.00000   65   54   95.00000   48.00000  49.5%  61.1 1557s
 672009 492896   53.00000   54  138   95.00000   48.00000  49.5%  61.1 1560s
 675319 495272   94.00000  149   25   95.00000   48.00000  49.5%  61.1 1567s
 676935 496450   94.00000  132   59   95.00000   48.00000  49.5%  61.1 1570s
 680208 498824   57.00000   51  156   95.00000   48.00000  49.5%  61.1 1576s
 683368 501244   91.00000  113   68   95.00000   48.00000  49.5%  61.1 1583s
 685043 502336   94.00000  121   28   95.00000   48.00000  49.5%  61.1 1586s
 688094 504499   90.00000  120   69   95.00000   48.00000  49.5%  61.2 1593s
 689826 505981   51.00000   45  122   95.00000   48.00000  49.5%  61.2 1596s
 693128 508305   69.00000   59  147   95.00000   48.00000  49.5%  61.2 1603s
 694731 509338   60.00000   77  150   95.00000   48.00000  49.5%  61.2 1606s
 696106 510634   65.00000   68  148   95.00000   48.00000  49.5%  61.2 1610s
 699862 513380   90.00000   98   76   95.00000   48.00000  49.5%  61.2 1616s
 701520 514697   78.00000   93   74   95.00000   48.00000  49.5%  61.2 1620s
 704808 516983     cutoff   97        95.00000   48.00000  49.5%  61.2 1626s
 708068 519666   93.00000  102   29   95.00000   48.00000  49.5%  61.2 1632s
 709888 520704 infeasible  130        95.00000   48.00000  49.5%  61.2 1636s
 712877 523313   88.00000   71  128   95.00000   48.00000  49.5%  61.2 1643s
 714456 524606   93.00000   99   78   95.00000   48.00000  49.5%  61.2 1646s
 716239 525774   93.00000  123   44   95.00000   48.00000  49.5%  61.2 1650s
 719609 528589   93.00000   66   71   95.00000   48.00000  49.5%  61.2 1656s
 723083 531171   93.00000  136   40   95.00000   48.00000  49.5%  61.2 1663s
 724703 532236   48.00000   49  136   95.00000   48.00000  49.5%  61.2 1666s
 727682 534519   60.00000   44  105   95.00000   48.00000  49.5%  61.1 1672s
 729200 535599   48.00000   52  148   95.00000   48.00000  49.5%  61.2 1675s
 732154 538254   88.00000   89   70   95.00000   48.00000  49.5%  61.2 1682s
 733879 539503   94.00000  125   49   95.00000   48.00000  49.5%  61.2 1685s
 737358 542075   93.00000  118   31   95.00000   48.00000  49.5%  61.1 1692s
 738861 543282   94.00000  125   62   95.00000   48.00000  49.5%  61.2 1695s
 742213 545982   94.00000  111   53   95.00000   48.00000  49.5%  61.2 1702s
 743832 547200   94.00000  119   39   95.00000   48.00000  49.5%  61.2 1705s
 747170 549507   64.00000   68  107   95.00000   48.00000  49.5%  61.2 1712s
 748746 550786   52.00000   49  125   95.00000   48.00000  49.5%  61.2 1716s
 752161 553491   89.00000  109   53   95.00000   48.00000  49.5%  61.2 1722s
 753844 555015   73.00000   62   96   95.00000   48.00000  49.5%  61.2 1726s
 757455 557512   94.00000   89   56   95.00000   48.00000  49.5%  61.2 1732s
 759015 558746   92.00000   95   53   95.00000   48.00000  49.5%  61.2 1735s
 762267 561018   94.00000  101   52   95.00000   48.00000  49.5%  61.2 1742s
 763700 562697   56.00000   59  128   95.00000   48.00000  49.5%  61.2 1745s
 767468 565294   94.00000  138   23   95.00000   48.00000  49.5%  61.2 1752s
 769192 566460   58.00000   57  192   95.00000   48.00000  49.5%  61.2 1755s
 772474 569120   54.00000   51   97   95.00000   48.00000  49.5%  61.2 1761s
 775744 571560   71.00000   56  108   95.00000   48.00000  49.5%  61.1 1767s
 777476 572696   48.00000   32  103   95.00000   48.00000  49.5%  61.1 1770s
 780642 575035   77.00000   68   97   95.00000   48.00000  49.5%  61.1 1777s
 782166 576303   83.00000   72   69   95.00000   48.00000  49.5%  61.1 1780s
 785531 578877   89.00000  116   46   95.00000   48.00000  49.5%  61.1 1787s
 787354 580153   92.00000  122   59   95.00000   48.00000  49.5%  61.1 1790s
 790735 582821     cutoff  123        95.00000   48.00000  49.5%  61.1 1796s
 792287 584056 infeasible  124        95.00000   48.00000  49.5%  61.1 1800s
 795608 586692     cutoff  149        95.00000   48.00000  49.5%  61.1 1806s
 798799 589184   82.00000   87   42   95.00000   48.00000  49.5%  61.1 1812s
 800458 590359   93.00000  119   23   95.00000   48.00000  49.5%  61.1 1815s
 803728 592747   94.00000  114   31   95.00000   48.00000  49.5%  61.1 1822s
 805159 593774   88.00000   89   99   95.00000   48.00000  49.5%  61.1 1825s
 808289 596211   84.00000   92   50   95.00000   48.00000  49.5%  61.1 1831s
 809844 597425   85.00000   90   89   95.00000   48.00000  49.5%  61.1 1835s
 813051 599689   92.00000  116   52   95.00000   48.00000  49.5%  61.1 1841s
 814406 600961   94.00000   98   51   95.00000   48.00000  49.5%  61.2 1845s
 817888 603682     cutoff  136        95.00000   48.00000  49.5%  61.2 1852s
*817934 533940             158      94.0000000   48.00000  48.9%  61.2 1852s
 819501 535362   65.00000   91  121   94.00000   48.00000  48.9%  61.2 1855s
 822920 537608   48.00000   48  176   94.00000   48.00000  48.9%  61.2 1862s
 824511 538900   48.00000   65  169   94.00000   48.00000  48.9%  61.2 1865s
 827948 541494   54.00000   51  117   94.00000   48.00000  48.9%  61.2 1872s
 829538 542645   49.00000   51  131   94.00000   48.00000  48.9%  61.2 1875s
 832635 545012   48.00000   39  141   94.00000   48.00000  48.9%  61.2 1882s
 834197 546128   65.00000   76  119   94.00000   48.00000  48.9%  61.2 1885s
 837459 548470   87.00000   80   64   94.00000   48.00000  48.9%  61.2 1892s
 838952 549546   89.00000   86   83   94.00000   48.00000  48.9%  61.2 1895s
 841908 551802   75.00000   62  114   94.00000   48.00000  48.9%  61.2 1901s
 843512 552999   48.00000   44  195   94.00000   48.00000  48.9%  61.2 1905s
 846678 555559   48.00000   43  138   94.00000   48.00000  48.9%  61.2 1912s
 848167 556650   48.00000   35  112   94.00000   48.00000  48.9%  61.3 1916s
 851537 559102 infeasible  139        94.00000   48.00000  48.9%  61.3 1922s
 853264 560373     cutoff  127        94.00000   48.00000  48.9%  61.3 1926s
 856463 562830   66.00000   64  107   94.00000   48.00000  48.9%  61.3 1932s
 858201 563926   69.00000   61  114   94.00000   48.00000  48.9%  61.3 1936s
 861742 566813   85.00000  113   71   94.00000   48.00000  48.9%  61.3 1942s
 863368 567906   72.00000   88  148   94.00000   48.00000  48.9%  61.3 1945s
 866477 570134   51.00000   61  141   94.00000   48.00000  48.9%  61.3 1952s
 868032 571264   68.00000   69  120   94.00000   48.00000  48.9%  61.3 1955s
 871194 573749   92.00000  121   75   94.00000   48.00000  48.9%  61.3 1961s
 872910 574741   67.00000   68   93   94.00000   48.00000  48.9%  61.3 1965s
 876142 577055   59.00000   60  139   94.00000   48.00000  48.9%  61.3 1971s
 879320 579350   91.00000   71   91   94.00000   48.00000  48.9%  61.3 1978s
 880803 580551   70.00000   51  109   94.00000   48.00000  48.9%  61.3 1981s
 883902 582818   83.00000   61  135   94.00000   48.00000  48.9%  61.4 1988s
 885500 583934   63.00000   58  106   94.00000   48.00000  48.9%  61.4 1991s
 887020 585107   63.00000   47  151   94.00000   48.00000  48.9%  61.4 1995s
 890272 587317 infeasible  117        94.00000   48.00000  48.9%  61.4 2001s
 891820 588642   48.00000   50  167   94.00000   48.00000  48.9%  61.4 2005s
 895176 590836   86.00000   98   46   94.00000   48.00000  48.9%  61.4 2012s
 896662 592041   73.00000   82   82   94.00000   48.00000  48.9%  61.4 2015s
 899960 594680   70.00000   95  102   94.00000   48.00000  48.9%  61.5 2022s
 901746 595854   91.00000   99   53   94.00000   48.00000  48.9%  61.5 2026s
 905126 598367   77.00000   84   86   94.00000   48.00000  48.9%  61.5 2033s
 906735 599656   78.00000   70   88   94.00000   48.00000  48.9%  61.5 2036s
 908309 600725   90.00000   87  108   94.00000   48.00000  48.9%  61.5 2040s
 911405 603079   75.00000   93   86   94.00000   48.00000  48.9%  61.5 2046s
 912828 604428   57.00000   55  130   94.00000   48.00000  48.9%  61.5 2050s
 916166 606894   63.00000   68  158   94.00000   48.00000  48.9%  61.5 2057s
 917936 608086   69.00000   62   92   94.00000   48.00000  48.9%  61.5 2061s
 919521 609312   93.00000   86  102   94.00000   48.00000  48.9%  61.5 2065s
 922871 611863   93.00000  147   45   94.00000   48.00000  48.9%  61.6 2073s
 924527 613122   48.00000   46  137   94.00000   48.00000  48.9%  61.6 2077s
 926169 614256   48.00000   37  139   94.00000   48.00000  48.9%  61.6 2081s
 927538 615386   93.00000  102   56   94.00000   48.00000  48.9%  61.6 2085s
 930741 618044     cutoff   92        94.00000   48.00000  48.9%  61.6 2093s
 932516 619175   93.00000  104   23   94.00000   48.00000  48.9%  61.6 2097s
 934018 620352   93.00000  103   67   94.00000   48.00000  48.9%  61.6 2101s
 935611 621739   57.00000   56  122   94.00000   48.00000  48.9%  61.6 2105s
 938870 624039   90.00000   90   74   94.00000   48.00000  48.9%  61.6 2113s
 940372 625370   84.00000   95   72   94.00000   48.00000  48.9%  61.6 2116s
 942108 626684   87.00000  109  113   94.00000   48.00000  48.9%  61.7 2120s
 945753 629518   91.00000  135   14   94.00000   48.00000  48.9%  61.6 2128s
 947453 630799   48.00000   54  189   94.00000   48.00000  48.9%  61.7 2132s
 949046 632013   54.00000   56  121   94.00000   48.00000  48.9%  61.7 2137s
 950589 633343   92.00000  116   24   94.00000   48.00000  48.9%  61.7 2141s
 952194 634586   57.00000   63  118   94.00000   48.00000  48.9%  61.7 2146s
 953872 635784   63.00000   61  153   94.00000   48.00000  48.9%  61.7 2150s
 957100 638094 infeasible  130        94.00000   48.00000  48.9%  61.7 2157s
 958781 639294   48.00000   49  187   94.00000   48.00000  48.9%  61.7 2162s
 960368 640514 infeasible  135        94.00000   48.00000  48.9%  61.7 2166s
 962016 641491   89.00000  106   93   94.00000   48.00000  48.9%  61.7 2170s
 965024 643815   93.00000   87   69   94.00000   48.00000  48.9%  61.7 2178s
 966555 645092   91.00000   95   75   94.00000   48.00000  48.9%  61.7 2182s
 968224 646444   90.00000  117   36   94.00000   48.00000  48.9%  61.7 2187s
 969955 647711   66.00000   76  106   94.00000   48.00000  48.9%  61.7 2191s
 971512 648873 infeasible  122        94.00000   48.00000  48.9%  61.7 2195s
 973074 650191   78.00000   74  155   94.00000   48.00000  48.9%  61.7 2200s
 976386 652898   93.00000   89   45   94.00000   48.00000  48.9%  61.7 2208s
 978047 654143   61.00000   48  126   94.00000   48.00000  48.9%  61.7 2212s
 979899 655363   92.00000  110   44   94.00000   48.00000  48.9%  61.7 2216s
 981573 656592   62.00000   56  118   94.00000   48.00000  48.9%  61.7 2220s
 983169 658134   51.00000   51  132   94.00000   48.00000  48.9%  61.7 2225s
 986837 660640   93.00000  123   23   94.00000   48.00000  48.9%  61.7 2232s
 988392 661837   92.00000  113   57   94.00000   48.00000  48.9%  61.7 2236s
 990041 663130   93.00000  136   28   94.00000   48.00000  48.9%  61.7 2240s
 993258 665601 infeasible  115        94.00000   48.00000  48.9%  61.7 2248s
 994775 666605   91.00000  111   87   94.00000   48.00000  48.9%  61.7 2252s
 996128 667680   93.00000  107   94   94.00000   48.00000  48.9%  61.7 2256s
 997650 668986   92.00000  123   54   94.00000   48.00000  48.9%  61.7 2260s
 1000989 671360   69.00000   62  119   94.00000   48.00000  48.9%  61.7 2268s
 1002619 672607   54.00000   48  124   94.00000   48.00000  48.9%  61.7 2273s
 1004326 673631 infeasible  124        94.00000   48.00000  48.9%  61.7 2276s
 1005784 674857   60.00000   60  201   94.00000   48.00000  48.9%  61.7 2280s
 1007472 676008   87.00000  100   61   94.00000   48.00000  48.9%  61.7 2285s
 1010884 678451   87.00000   76  112   94.00000   48.00000  48.9%  61.8 2293s
 1012532 679631   90.00000  108   70   94.00000   48.00000  48.9%  61.8 2297s
 1014195 680819   75.00000   70  105   94.00000   48.00000  48.9%  61.8 2301s
 1015775 682054   57.00000   43  140   94.00000   48.00000  48.9%  61.8 2305s
 1019113 684295   93.00000  104   50   94.00000   48.00000  48.9%  61.8 2312s
 1020618 685386   90.00000  101   69   94.00000   48.00000  48.9%  61.8 2316s
 1022041 686503   84.00000   81   88   94.00000   48.00000  48.9%  61.8 2320s
 1025144 688895   54.00000   48  122   94.00000   48.00000  48.9%  61.8 2328s
 1026812 690397   70.00000   52   69   94.00000   48.00000  48.9%  61.8 2332s
 1028485 691491 infeasible  103        94.00000   48.00000  48.9%  61.8 2336s
 1030134 692852   81.00000   64  108   94.00000   48.00000  48.9%  61.8 2341s
 1031831 694000 infeasible  104        94.00000   48.00000  48.9%  61.8 2345s
 1035115 696506   93.00000  100   30   94.00000   48.00000  48.9%  61.8 2352s
 1036723 697577   85.00000   97  127   94.00000   48.00000  48.9%  61.8 2356s
 1038168 698737   89.00000   92   65   94.00000   48.00000  48.9%  61.8 2360s
 1041348 700990   92.00000   93   48   94.00000   48.00000  48.9%  61.8 2367s
 1042978 702255   93.00000  109   45   94.00000   48.00000  48.9%  61.8 2372s
 1044567 703369   93.00000  106   55   94.00000   48.00000  48.9%  61.8 2376s
 1046042 704670   72.00000   74  104   94.00000   48.00000  48.9%  61.8 2380s
 1049347 707354   89.00000  129   43   94.00000   48.00000  48.9%  61.8 2388s
 1051014 708763   77.00000   75   61   94.00000   48.00000  48.9%  61.8 2392s
 1052729 709916 infeasible  134        94.00000   48.00000  48.9%  61.8 2396s
 1056050 712726   91.00000   90   74   94.00000   48.00000  48.9%  61.8 2403s
 1057597 713580   93.00000  127   27   94.00000   48.00000  48.9%  61.8 2406s
 1060335 715571   59.00000   61   79   94.00000   48.00000  48.9%  61.8 2413s
 1061823 716743   84.00000   80  119   94.00000   48.00000  48.9%  61.9 2416s
 1063320 717898   67.00000   84   55   94.00000   48.00000  48.9%  61.9 2420s
 1066227 720604   78.00000   80  128   94.00000   48.00000  48.9%  61.9 2428s
 1067955 721681   91.00000  110   43   94.00000   48.00000  48.9%  61.9 2431s
 1069578 722974 infeasible  114        94.00000   48.00000  48.9%  61.9 2435s
 1072923 725208   90.00000  116   67   94.00000   48.00000  48.9%  61.9 2443s
 1074649 726453   85.00000  106   47   94.00000   48.00000  48.9%  61.9 2447s
 1076205 727826   89.00000   69   75   94.00000   48.00000  48.9%  61.9 2451s
 1079472 730063 infeasible  127        94.00000   48.00000  48.9%  61.9 2458s
 1080968 731278 infeasible  109        94.00000   48.00000  48.9%  61.9 2462s
 1082672 732490   93.00000   99   78   94.00000   48.00000  48.9%  61.9 2465s
 1086001 735004   93.00000  118   36   94.00000   48.00000  48.9%  61.9 2472s
 1087677 736084 infeasible  137        94.00000   48.00000  48.9%  61.9 2476s
 1090876 738458 infeasible  127        94.00000   48.00000  48.9%  61.9 2483s
 1092557 739624   72.00000   60   63   94.00000   48.00000  48.9%  61.9 2486s
 1094167 740647   81.00000   89   83   94.00000   48.00000  48.9%  61.9 2490s
 1097228 743408   93.00000  115   32   94.00000   48.00000  48.9%  61.9 2497s
 1098943 744565   48.00000   50  153   94.00000   48.00000  48.9%  61.9 2500s
 1102013 747141   92.00000  129   32   94.00000   48.00000  48.9%  61.9 2508s
 1103679 748367   88.00000  132   39   94.00000   48.00000  48.9%  61.9 2511s
 1105323 749678   91.00000   98   56   94.00000   48.00000  48.9%  61.9 2515s
 1108472 752156   92.00000  106   62   94.00000   48.00000  48.9%  61.9 2521s
 1110193 753537   88.00000   98   73   94.00000   48.00000  48.9%  61.9 2525s
 1113383 755820   67.00000   75  102   94.00000   48.00000  48.9%  61.9 2531s
 1114973 757044   72.00000  101   88   94.00000   48.00000  48.9%  61.9 2535s
 1118158 759399   91.00000  100   68   94.00000   48.00000  48.9%  61.9 2542s
 1119694 761081   71.00000   47  106   94.00000   48.00000  48.9%  61.9 2546s
 1121435 762681   90.00000   75  100   94.00000   48.00000  48.9%  61.9 2550s
 1124794 764958   93.00000  114   35   94.00000   48.00000  48.9%  61.9 2557s
 1126456 766172   57.00000   57  126   94.00000   48.00000  48.9%  61.9 2561s
 1128119 767460   92.00000  119   32   94.00000   48.00000  48.9%  61.9 2565s
 1131395 770017   93.00000  131   44   94.00000   48.00000  48.9%  61.9 2572s
 1133053 771176 infeasible  109        94.00000   48.00000  48.9%  61.9 2575s
 1136055 773359   92.00000  113   65   94.00000   48.00000  48.9%  61.9 2582s
 1137516 774352   89.00000   86  112   94.00000   48.00000  48.9%  61.9 2586s
 1139008 775714   67.00000   58  112   94.00000   48.00000  48.9%  61.9 2590s
 1142357 777957   62.00000   59  113   94.00000   48.00000  48.9%  61.9 2597s
 1143874 779196   93.00000  131   36   94.00000   48.00000  48.9%  61.9 2600s
 1147305 781979   92.00000   82   77   94.00000   48.00000  48.9%  61.9 2608s
 1148937 783240   93.00000  109   33   94.00000   48.00000  48.9%  61.9 2612s
 1150708 784538 infeasible  114        94.00000   48.00000  48.9%  61.9 2616s
 1154060 786946   84.00000  108   78   94.00000   48.00000  48.9%  61.9 2623s
 1155710 788084   93.00000  103   82   94.00000   48.00000  48.9%  61.9 2627s
 1157283 789398   90.00000  115  101   94.00000   48.00000  48.9%  61.9 2630s
 1160638 791777     cutoff  141        94.00000   48.00000  48.9%  61.9 2637s
 1162073 793059   92.00000  107   49   94.00000   48.00000  48.9%  61.9 2641s
 1165332 795624   72.00000   70  109   94.00000   48.00000  48.9%  62.0 2648s
 1166958 796755   93.00000   77   99   94.00000   48.00000  48.9%  62.0 2651s
 1168514 797757   64.00000   67  144   94.00000   48.00000  48.9%  62.0 2655s
 1171646 800234   50.00000   52  133   94.00000   48.00000  48.9%  62.0 2662s
 1173355 801340   86.00000  110   99   94.00000   48.00000  48.9%  62.0 2666s
 1176607 804005   90.00000  127   55   94.00000   48.00000  48.9%  62.0 2673s
 1178303 805129   92.00000  125   31   94.00000   48.00000  48.9%  62.0 2677s
 1179819 806662   73.00000   71  103   94.00000   48.00000  48.9%  62.0 2681s
 1182987 808928   61.00000   69  109   94.00000   48.00000  48.9%  62.0 2688s
 1184578 810067   89.00000   72  108   94.00000   48.00000  48.9%  62.0 2692s
 1186182 811303   67.00000   79  118   94.00000   48.00000  48.9%  62.0 2695s
 1189398 813689   58.00000   69  120   94.00000   48.00000  48.9%  62.0 2702s
 1191039 815345   79.00000   69  102   94.00000   48.00000  48.9%  62.0 2706s
 1192893 816325   92.00000  110   55   94.00000   48.00000  48.9%  62.0 2710s
 1195905 818557 infeasible   95        94.00000   48.00000  48.9%  62.0 2717s
 1197304 819784   67.00000   76  113   94.00000   48.00000  48.9%  62.0 2720s
 1200627 822390   82.00000   95   71   94.00000   48.00000  48.9%  62.0 2727s
 1202293 823647   53.00000   64  139   94.00000   48.00000  48.9%  62.0 2731s
 1205358 825845   93.00000   90   75   94.00000   48.00000  48.9%  62.0 2738s
 1206808 827391   81.00000   75   63   94.00000   48.00000  48.9%  62.0 2742s
 1208456 828462   92.00000  113   58   94.00000   48.00000  48.9%  62.1 2745s
 1211361 830564   58.00000   65  150   94.00000   48.00000  48.9%  62.1 2753s
 1212944 832096   68.00000   82  104   94.00000   48.00000  48.9%  62.1 2757s
 1214641 833261   91.00000  124   87   94.00000   48.00000  48.9%  62.1 2761s
 1217861 835700   90.00000   95  105   94.00000   48.00000  48.9%  62.1 2768s
 1219531 836791   91.00000  100   59   94.00000   48.00000  48.9%  62.1 2772s
 1221185 838167 infeasible  103        94.00000   48.00000  48.9%  62.1 2776s
 1224631 840605 infeasible  133        94.00000   48.00000  48.9%  62.1 2782s
 1226066 841993   74.00000   79   70   94.00000   48.00000  48.9%  62.1 2785s
 1229271 844329   58.00000   59  123   94.00000   48.00000  48.9%  62.1 2792s
 1230612 845706   56.00000   61  112   94.00000   48.00000  48.9%  62.1 2796s
 1233602 847945 infeasible  120        94.00000   48.00000  48.9%  62.1 2803s
 1235206 849399   89.00000  112   56   94.00000   48.00000  48.9%  62.1 2807s
 1236915 850470   93.00000  115   47   94.00000   48.00000  48.9%  62.1 2810s
 1239867 852526   60.00000   79   98   94.00000   48.00000  48.9%  62.1 2817s
 1241369 853776   75.00000   75  118   94.00000   48.00000  48.9%  62.1 2820s
 1244522 856249   75.00000   74   80   94.00000   48.00000  48.9%  62.1 2827s
 1246285 857590   65.00000   64  114   94.00000   48.00000  48.9%  62.1 2831s
 1249683 860080   93.00000  133   16   94.00000   48.00000  48.9%  62.1 2837s
 1251320 861122 infeasible  133        94.00000   48.00000  48.9%  62.1 2841s
 1254291 863787   92.00000  109   39   94.00000   48.00000  48.9%  62.1 2848s
 1255914 864919   93.00000   96   90   94.00000   48.00000  48.9%  62.1 2851s
 1259062 867650   72.00000   77   90   94.00000   48.00000  48.9%  62.1 2858s
 1260698 868849   89.00000  123   38   94.00000   48.00000  48.9%  62.1 2861s
 1262365 869979   93.00000  127   50   94.00000   48.00000  48.9%  62.1 2865s
 1265538 872448   58.00000   63   91   94.00000   48.00000  48.9%  62.1 2873s
 1267357 873637   92.00000  104   64   94.00000   48.00000  48.9%  62.1 2876s
 1268991 874826   91.00000  100   63   94.00000   48.00000  48.9%  62.1 2880s
 1272296 877213   93.00000  113   31   94.00000   48.00000  48.9%  62.1 2886s
 1273871 878547   93.00000  112   98   94.00000   48.00000  48.9%  62.1 2890s
 1277240 880999 infeasible  134        94.00000   48.00000  48.9%  62.1 2897s
 1278847 882281   69.00000   52   93   94.00000   48.00000  48.9%  62.1 2900s
 1282316 884557   93.00000  122   56   94.00000   48.00000  48.9%  62.1 2907s
 1283939 885712   84.00000   87  102   94.00000   48.00000  48.9%  62.1 2910s
 1287082 888256   93.00000   98   57   94.00000   48.00000  48.9%  62.1 2917s
 1288684 889397   68.00000   67  121   94.00000   48.00000  48.9%  62.1 2920s
 1291694 891553   73.00000   62  105   94.00000   48.00000  48.9%  62.1 2927s
 1293130 892874   56.00000   52  138   94.00000   48.00000  48.9%  62.1 2930s
 1296545 895493 infeasible  122        94.00000   48.00000  48.9%  62.1 2938s
 1298261 896944   69.00000   72   93   94.00000   48.00000  48.9%  62.2 2941s
 1300126 898508   74.00000   63   57   94.00000   48.00000  48.9%  62.1 2945s
 1303698 900998   48.00000   56  127   94.00000   48.00000  48.9%  62.1 2952s
 1305365 902082   60.00000   57  149   94.00000   48.00000  48.9%  62.1 2955s
 1308543 904641   88.00000  123   44   94.00000   48.00000  48.9%  62.1 2962s
 1310029 905787   87.00000  101   79   94.00000   48.00000  48.9%  62.1 2965s
 1313213 908630   93.00000  116   25   94.00000   48.00000  48.9%  62.1 2972s
 1314850 909660   58.00000   58  145   94.00000   48.00000  48.9%  62.1 2975s
 1317915 912103   48.00000   39  116   94.00000   48.00000  48.9%  62.1 2982s
 1319377 913205   88.00000   77   71   94.00000   48.00000  48.9%  62.1 2985s
 1322512 915687 infeasible  124        94.00000   48.00000  48.9%  62.1 2992s
 1324153 917144   77.00000   82   95   94.00000   48.00000  48.9%  62.1 2995s
 1327562 919251   89.00000  113   34   94.00000   48.00000  48.9%  62.1 3002s
 1329059 921021   74.00000   70  110   94.00000   48.00000  48.9%  62.1 3005s
 1332552 923260   66.00000   72  105   94.00000   48.00000  48.9%  62.1 3012s
 1334188 924481   82.00000   85  108   94.00000   48.00000  48.9%  62.1 3015s
 1337329 926942   92.00000   97  108   94.00000   48.00000  48.9%  62.1 3022s
 1338885 928187   56.00000   43  156   94.00000   48.00000  48.9%  62.1 3025s
 1342052 930575   92.00000  105   49   94.00000   48.00000  48.9%  62.1 3032s
 1343606 931963   92.00000  129   55   94.00000   48.00000  48.9%  62.1 3036s
 1345273 933176   91.00000   95   63   94.00000   48.00000  48.9%  62.1 3040s
 1348494 935488   93.00000  142   29   94.00000   48.00000  48.9%  62.1 3047s
 1349962 937094 infeasible  132        94.00000   48.00000  48.9%  62.2 3051s
 1353464 939241   78.00000   81   65   94.00000   48.00000  48.9%  62.1 3057s
 1354986 940364   85.00000  108   75   94.00000   48.00000  48.9%  62.1 3061s
 1358359 942607 infeasible   96        94.00000   48.00000  48.9%  62.1 3068s
 1359902 944020   58.00000   48  105   94.00000   48.00000  48.9%  62.1 3072s
 1361644 945222   85.00000  109  109   94.00000   48.00000  48.9%  62.1 3075s
 1364849 947670 infeasible  119        94.00000   48.00000  48.9%  62.1 3082s
 1366499 948917   93.00000  121   51   94.00000   48.00000  48.9%  62.1 3086s
 1369612 951181   86.00000   61   92   94.00000   48.00000  48.9%  62.2 3093s
 1371139 952691   56.00000   50  116   94.00000   48.00000  48.9%  62.2 3097s
 1372908 953714   80.00000   92   73   94.00000   48.00000  48.9%  62.2 3101s
 1375918 956222   75.00000   81   76   94.00000   48.00000  48.9%  62.2 3108s
 1377519 957526   91.00000   77   84   94.00000   48.00000  48.9%  62.2 3112s
 1379251 958638   86.00000   87   74   94.00000   48.00000  48.9%  62.2 3116s
 1380807 960315   73.00000   59   99   94.00000   48.00000  48.9%  62.2 3120s
 1384314 963061   91.00000  126   54   94.00000   48.00000  48.9%  62.2 3127s
 1385982 964355   90.00000  104   46   94.00000   48.00000  48.9%  62.2 3131s
 1389096 966575   80.00000  100   78   94.00000   48.00000  48.9%  62.2 3138s
 1390771 967725   90.00000   93   68   94.00000   48.00000  48.9%  62.2 3142s
 1392388 968851   89.00000   94   54   94.00000   48.00000  48.9%  62.2 3145s
 1395585 971262   58.00000   62  123   94.00000   48.00000  48.9%  62.2 3152s
 1397230 972484   71.00000   56   99   94.00000   48.00000  48.9%  62.2 3156s
 1398888 973908   85.00000   59  114   94.00000   48.00000  48.9%  62.2 3160s
 1402471 976576   86.00000  108   46   94.00000   48.00000  48.9%  62.2 3167s
 1404108 977646   58.00000   55  181   94.00000   48.00000  48.9%  62.2 3170s
 1407182 980416   70.00000   64  102   94.00000   48.00000  48.9%  62.2 3177s
 1408986 981785   93.00000  129   50   94.00000   48.00000  48.9%  62.2 3181s
 1412347 984466   71.00000   56  110   94.00000   48.00000  48.9%  62.2 3188s
 1414003 985861   81.00000   64   93   94.00000   48.00000  48.9%  62.2 3191s
 1415639 987048 infeasible  133        94.00000   48.00000  48.9%  62.2 3195s
 1418866 989519 infeasible  129        94.00000   48.00000  48.9%  62.2 3202s
 1420395 990632   63.00000   54  113   94.00000   48.00000  48.9%  62.2 3205s
 1423412 992984   55.00000   64  149   94.00000   48.00000  48.9%  62.2 3212s
 1425095 994171   68.00000   56  149   94.00000   48.00000  48.9%  62.2 3216s
 1426679 995429   68.00000   58   88   94.00000   48.00000  48.9%  62.2 3220s
 1430117 998129   91.00000  125   48   94.00000   48.00000  48.9%  62.2 3227s
 1431719 999563   86.00000   83  104   94.00000   48.00000  48.9%  62.2 3231s
 1434895 1001835   92.00000  116   33   94.00000   48.00000  48.9%  62.2 3238s
 1436555 1002900   93.00000  112   36   94.00000   48.00000  48.9%  62.2 3241s
 1438010 1004041 infeasible  135        94.00000   48.00000  48.9%  62.2 3245s
 1441197 1006452   67.00000   69   64   94.00000   48.00000  48.9%  62.2 3253s
 1442972 1007791   71.00000   85  114   94.00000   48.00000  48.9%  62.2 3256s
 1444693 1008981   73.00000   76   93   94.00000   48.00000  48.9%  62.2 3260s
 1447953 1011659   80.00000   88  127   94.00000   48.00000  48.9%  62.2 3268s
 1449631 1012874   48.00000   46   98   94.00000   48.00000  48.9%  62.2 3271s
 1451182 1014000   61.00000   63  122   94.00000   48.00000  48.9%  62.2 3275s
 1454366 1016370   85.00000   94  106   94.00000   48.00000  48.9%  62.2 3282s
 1455973 1017564   71.00000   88   82   94.00000   48.00000  48.9%  62.2 3286s
 1457553 1018736   93.00000  101   41   94.00000   48.00000  48.9%  62.2 3290s
 1460760 1021065   52.00000   48  109   94.00000   48.00000  48.9%  62.3 3297s
 1462411 1022216   81.00000   79  103   94.00000   48.00000  48.9%  62.3 3300s
 1465621 1024487 infeasible   97        94.00000   48.00000  48.9%  62.3 3308s
 1467109 1026036   74.00000   73   63   94.00000   48.00000  48.9%  62.3 3312s
 1468947 1027277   82.00000   97   72   94.00000   48.00000  48.9%  62.3 3315s
 1471968 1029145   73.00000   90  102   94.00000   48.00000  48.9%  62.3 3322s
 1473583 1030317   91.00000   96   53   94.00000   48.00000  48.9%  62.3 3326s
 1476850 1032601     cutoff  132        94.00000   48.00000  48.9%  62.3 3333s
 1478343 1033802   53.00000   40  137   94.00000   48.00000  48.9%  62.3 3336s
 1481616 1036163   62.00000   69  151   94.00000   48.00000  48.9%  62.3 3343s
 1483195 1037476   62.00000   52  140   94.00000   48.00000  48.9%  62.3 3347s
 1484655 1038775   89.00000   88   81   94.00000   48.00000  48.9%  62.3 3350s
 1487993 1041052   77.00000   52   71   94.00000   48.00000  48.9%  62.3 3357s
 1489477 1042253   80.00000   84   62   94.00000   48.00000  48.9%  62.3 3361s
 1492701 1045065   82.00000   81   71   94.00000   48.00000  48.9%  62.3 3368s
 1494593 1046236   93.00000  133   18   94.00000   48.00000  48.9%  62.3 3371s
 1496234 1047612   58.00000   44  119   94.00000   48.00000  48.9%  62.3 3375s
 1499571 1050304   85.00000  106   55   94.00000   48.00000  48.9%  62.3 3382s
 1501318 1051418     cutoff  146        94.00000   48.00000  48.9%  62.3 3385s
 1504503 1053577 infeasible  122        94.00000   48.00000  48.9%  62.3 3392s
 1505978 1054750   93.00000  110   47   94.00000   48.00000  48.9%  62.3 3396s
 1508998 1057263   93.00000  111   14   94.00000   48.00000  48.9%  62.3 3402s
 1510619 1058438   65.00000   77  100   94.00000   48.00000  48.9%  62.3 3406s
 1513863 1061227   61.00000   60  124   94.00000   48.00000  48.9%  62.3 3413s
 1515575 1062473   87.00000  103   59   94.00000   48.00000  48.9%  62.3 3416s
 1517118 1063821   64.00000   51   96   94.00000   48.00000  48.9%  62.3 3420s
 1520339 1066334   93.00000   98   56   94.00000   48.00000  48.9%  62.3 3427s
 1522013 1067415     cutoff  133        94.00000   48.00000  48.9%  62.3 3430s
 1525000 1069807   93.00000  110   21   94.00000   48.00000  48.9%  62.3 3437s
 1526561 1071128   88.00000   67   59   94.00000   48.00000  48.9%  62.3 3440s
 1529726 1073402   77.00000   83   95   94.00000   48.00000  48.9%  62.3 3447s
 1531340 1074660   93.00000  128   18   94.00000   48.00000  48.9%  62.3 3451s
 1534658 1077245   65.00000   60  199   94.00000   48.00000  48.9%  62.3 3458s
 1536218 1078282   93.00000  102   65   94.00000   48.00000  48.9%  62.3 3461s
 1539227 1080516     cutoff  131        94.00000   48.00000  48.9%  62.3 3468s
 1540974 1081874   48.00000   46  156   94.00000   48.00000  48.9%  62.3 3472s
 1542711 1083238   51.00000   49  182   94.00000   48.00000  48.9%  62.3 3476s
 1545959 1085706   58.00000   63  123   94.00000   48.00000  48.9%  62.3 3483s
 1547799 1086921   68.00000   58  123   94.00000   48.00000  48.9%  62.3 3487s
 1549359 1088533   49.00000   41  163   94.00000   48.00000  48.9%  62.3 3490s
 1552871 1090722   61.00000   63  166   94.00000   48.00000  48.9%  62.3 3497s
 1554346 1091959 infeasible  137        94.00000   48.00000  48.9%  62.3 3500s
 1557606 1094711   53.00000   57  155   94.00000   48.00000  48.9%  62.3 3507s
 1559484 1095916 infeasible  132        94.00000   48.00000  48.9%  62.3 3510s
 1562830 1098372   91.00000   91   79   94.00000   48.00000  48.9%  62.3 3517s
 1564372 1099872   71.00000   63   66   94.00000   48.00000  48.9%  62.3 3520s
 1567678 1102264   57.00000   61   91   94.00000   48.00000  48.9%  62.3 3527s
 1569316 1103373   88.00000   63  104   94.00000   48.00000  48.9%  62.3 3530s
 1572668 1105981   81.00000   82   84   94.00000   48.00000  48.9%  62.3 3536s
 1574232 1107076   64.00000   72  142   94.00000   48.00000  48.9%  62.3 3540s
 1577445 1109390     cutoff   85        94.00000   48.00000  48.9%  62.3 3546s
 1579075 1110554   84.00000   85   84   94.00000   48.00000  48.9%  62.3 3550s
 1582308 1113110   48.00000   50  156   94.00000   48.00000  48.9%  62.3 3556s
 1583884 1114303   78.00000   78  108   94.00000   48.00000  48.9%  62.3 3560s
 1587186 1116561   92.00000  100   45   94.00000   48.00000  48.9%  62.3 3566s
 1590435 1119404   48.00000   54  122   94.00000   48.00000  48.9%  62.3 3573s
 1592195 1120532   91.00000  106   73   94.00000   48.00000  48.9%  62.3 3576s
 1595410 1123434   53.00000   55  133   94.00000   48.00000  48.9%  62.3 3583s
 1597222 1124559   92.00000  104   44   94.00000   48.00000  48.9%  62.3 3586s
 1600501 1127335   87.00000   72   61   94.00000   48.00000  48.9%  62.3 3593s
 1602161 1128457   93.00000  117   29   94.00000   48.00000  48.9%  62.3 3597s
 1603730 1129827   63.00000   67  112   94.00000   48.00000  48.9%  62.3 3600s

Explored 1605390 nodes (99970539 simplex iterations) in 3600.03 seconds (3450.48 work units)
Thread count was 32 (of 32 available processors)

Solution count 10: 94 95 96 ... 107

Time limit reached
Best objective 9.400000000000e+01, best bound 4.800000000000e+01, gap 48.9362%
