
Gurobi 13.0.0 (linux64) logging started Thu Dec 11 13:42:25 2025

Set parameter LogFile to value "./Results/StripPacking-SPFix/Logs/SBspbM-010-StripPacking-15-0.log"
Set parameter TimeLimit to value 3600
Set parameter Cuts to value 0
Set parameter Presolve to value 1
Set parameter Heuristics to value 0
Set parameter LogToConsole to value 0
Set parameter LPWarmStart to value 2
Warning: linear constraint 15 and linear constraint 17 have the same name "LB[0]"
Warning: linear constraint 15 and linear constraint 17 have the same name "LB[0]"
Warning: default constraint names used to write mps file
Gurobi Optimizer version 13.0.0 build v13.0.0rc1 (linux64 - "Debian GNU/Linux 13 (trixie)")

CPU model: Intel(R) Xeon(R) CPU E5-2630 v3 @ 2.40GHz, instruction set [SSE2|AVX|AVX2]
Thread count: 16 physical cores, 32 logical processors, using up to 32 threads

Non-default parameters:
TimeLimit  3600
LPWarmStart  2
Heuristics  0
Cuts  0
LogToConsole  0
Presolve  1

Optimize a model with 3725 rows, 346 columns and 11160 nonzeros (Min)
Model fingerprint: 0xb92bc42d
Model has 1 linear objective coefficients
Variable types: 136 continuous, 210 integer (210 binary)
Coefficient statistics:
  Matrix range     [1e+00, 1e+04]
  Objective range  [1e+00, 1e+00]
  Bounds range     [1e+00, 1e+04]
  RHS range        [1e+00, 1e+04]
Using branch priorities.

Warning: Completing partial solution with 210 unfixed non-continuous variables out of 210
User MIP start produced solution with objective 62.1 (0.01s)
User MIP start produced solution with objective 62.1 (0.01s)
Loaded user MIP start with objective 62.1

Presolve removed 525 rows and 0 columns
Presolve time: 0.01s
Presolved: 3200 rows, 346 columns, 9795 nonzeros
Variable types: 136 continuous, 210 integer (210 binary)

Root relaxation: objective 3.200000e+01, 226 iterations, 0.01 seconds (0.01 work units)

    Nodes    |    Current Node    |     Objective Bounds      |     Work
 Expl Unexpl |  Obj  Depth IntInf | Incumbent    BestBd   Gap | It/Node Time

     0     0   32.00000    0   27   62.10000   32.00000  48.5%     -    0s
     0     0   32.00000    0   27   62.10000   32.00000  48.5%     -    0s
     0     0   32.00000    0   17   62.10000   32.00000  48.5%     -    0s
     0     2   32.00000    0   17   62.10000   32.00000  48.5%     -    0s
*  623   603              36      60.0000000   32.00000  46.7%  26.3    0s
*  751   693              37      59.0000000   32.00000  45.8%  25.2    0s
*  790   788              44      54.0000000   32.00000  40.7%  24.9    0s
* 1182   999              56      50.0000000   32.00000  36.0%  23.0    0s
* 2339  1182              52      48.0000000   32.00000  33.3%  23.6    0s
* 4112  1703              43      47.0000000   32.00000  31.9%  32.1    1s
*14033  1827              43      45.0000000   36.00000  20.0%  48.4    4s
 15289  1751     cutoff   30        45.00000   38.00000  15.6%  49.2    5s
 33749  3074   39.00000   34   39   45.00000   39.00000  13.3%  57.1   10s
 53091  4178   43.00000   38   49   45.00000   39.00000  13.3%  60.9   15s
 71740  5850   41.00000   31   37   45.00000   40.00000  11.1%  63.2   20s
 91002  5775     cutoff   36        45.00000   41.00000  8.89%  63.1   25s
 111005  5653   42.00000   32   28   45.00000   41.00000  8.89%  63.3   30s
 130505  4570   42.00000   39   27   45.00000   42.00000  6.67%  64.1   35s
 151771  3908 infeasible   37        45.00000   43.00000  4.44%  63.3   40s
 175018  3336 infeasible   36        45.00000   43.00000  4.44%  62.6   45s
 195291  3138   44.00000   39   37   45.00000   43.00000  4.44%  62.1   50s
 213625  3165   43.00000   40   41   45.00000   43.00000  4.44%  62.3   55s
 229510  2921   43.00000   50   40   45.00000   43.00000  4.44%  63.1   60s
 246574  4230 infeasible   43        45.00000   43.00000  4.44%  63.9   65s
 262274  5065   44.00000   55   36   45.00000   43.00000  4.44%  65.0   70s
 278865  5515     cutoff   53        45.00000   43.00000  4.44%  66.0   75s
 297111  6688   43.00000   46   79   45.00000   43.00000  4.44%  67.1   80s
 312318  7006   43.00000   53   41   45.00000   43.00000  4.44%  68.0   85s
 328686  6384 infeasible   51        45.00000   43.00000  4.44%  69.0   90s
 345159  6035 infeasible   56        45.00000   43.00000  4.44%  69.9   95s
 365592  4503     cutoff   50        45.00000   43.00000  4.44%  70.5  100s
 385979  3505 infeasible   48        45.00000   43.00000  4.44%  70.7  105s
 405086  2523 infeasible   48        45.00000   43.00000  4.44%  71.1  110s
 424463  2265     cutoff   56        45.00000   43.00000  4.44%  71.6  115s
 444803   242 infeasible   53        45.00000   43.00000  4.44%  72.2  120s

Explored 449129 nodes (32467003 simplex iterations) in 121.47 seconds (91.25 work units)
Thread count was 32 (of 32 available processors)

Solution count 9: 45 45 47 ... 62.1

Optimal solution found (tolerance 1.00e-04)
Best objective 4.500000000000e+01, best bound 4.500000000000e+01, gap 0.0000%
