
Gurobi 13.0.0 (linux64) logging started Thu Dec 11 17:48:43 2025

Set parameter LogFile to value "./Results/StripPacking-SPFix/Logs/SBspbM-010-StripPacking-35-0.log"
Set parameter TimeLimit to value 3600
Set parameter Cuts to value 0
Set parameter Presolve to value 1
Set parameter Heuristics to value 0
Set parameter LogToConsole to value 0
Set parameter LPWarmStart to value 2
Warning: linear constraint 35 and linear constraint 37 have the same name "LB[0]"
Warning: linear constraint 35 and linear constraint 37 have the same name "LB[0]"
Warning: default constraint names used to write mps file
Gurobi Optimizer version 13.0.0 build v13.0.0rc1 (linux64 - "Debian GNU/Linux 13 (trixie)")

CPU model: Intel(R) Xeon(R) CPU E5-2630 v3 @ 2.40GHz, instruction set [SSE2|AVX|AVX2]
Thread count: 16 physical cores, 32 logical processors, using up to 32 threads

Non-default parameters:
TimeLimit  3600
LPWarmStart  2
Heuristics  0
Cuts  0
LogToConsole  0
Presolve  1

Optimize a model with 36925 rows, 1856 columns and 110740 nonzeros (Min)
Model fingerprint: 0x112cde3e
Model has 1 linear objective coefficients
Variable types: 666 continuous, 1190 integer (1190 binary)
Coefficient statistics:
  Matrix range     [1e+00, 1e+04]
  Objective range  [1e+00, 1e+00]
  Bounds range     [1e+00, 1e+04]
  RHS range        [1e+00, 1e+04]
Using branch priorities.

Warning: Completing partial solution with 1190 unfixed non-continuous variables out of 1190
User MIP start produced solution with objective 143.9 (0.11s)
User MIP start produced solution with objective 143.9 (0.11s)
Loaded user MIP start with objective 143.9

Presolve removed 2975 rows and 0 columns
Presolve time: 0.18s
Presolved: 33950 rows, 1856 columns, 103005 nonzeros
Variable types: 666 continuous, 1190 integer (1190 binary)
Root relaxation presolved: 20860 rows, 14946 columns, 76825 nonzeros


Root relaxation: objective 4.800000e+01, 1413 iterations, 0.26 seconds (0.23 work units)

    Nodes    |    Current Node    |     Objective Bounds      |     Work
 Expl Unexpl |  Obj  Depth IntInf | Incumbent    BestBd   Gap | It/Node Time

     0     0   48.00000    0  147  143.90000   48.00000  66.6%     -    0s
     0     0   48.00000    0  145  143.90000   48.00000  66.6%     -    1s
     0     0   48.00000    0  140  143.90000   48.00000  66.6%     -    1s
     0     2   48.00000    0  140  143.90000   48.00000  66.6%     -    1s
   383   645   48.00000   11  216  143.90000   48.00000  66.6%   152    5s
*  990  1209             122     127.0000000   48.00000  62.2%   133    8s
  1216  2310   48.00000   43  204  127.00000   48.00000  62.2%   139   10s
* 2638  3559             183     125.0000000   48.00000  61.6%  97.5   12s
* 2703  3521             174     116.0000000   48.00000  58.6%  95.7   12s
* 2704  3507             174     115.0000000   48.00000  58.3%  95.6   12s
* 4307  3817             168     109.0000000   48.00000  56.0%  76.6   14s
  4656  4161   48.00000   29  205  109.00000   48.00000  56.0%  74.9   16s
  5365  4166   48.00000   14  109  109.00000   48.00000  56.0%  75.7   20s
  5592  4422   48.00000   25  151  109.00000   48.00000  56.0%  80.2   26s
  5815  4690   53.00000   33  138  109.00000   48.00000  56.0%  86.2   33s
  6041  5672   71.00000   43  143  109.00000   48.00000  56.0%  89.3   38s
  7100  5936   94.00000   88   71  109.00000   48.00000  56.0%  93.0   42s
  7733  6585  104.00000  121   13  109.00000   48.00000  56.0%  90.9   45s
* 7865  6305             148     108.0000000   48.00000  55.6%  89.9   45s
* 7985  6059             155     107.0000000   48.00000  55.1%  88.9   45s
* 7987  5844             156     106.0000000   48.00000  54.7%  88.9   45s
* 9949  5882             176     105.0000000   48.00000  54.3%  84.7   49s
  9996  6160  103.00000  118   35  105.00000   48.00000  54.3%  84.4   51s
*10437  5740             150     104.0000000   48.00000  53.8%  84.8   51s
*10802  5645             172     103.0000000   48.00000  53.4%  84.7   53s
 11056  5938  101.00000   74  105  103.00000   48.00000  53.4%  84.8   55s
*11936  5908             145     102.0000000   48.00000  52.9%  85.2   57s
 12817  6591   61.00000   57  207  102.00000   48.00000  52.9%  86.2   62s
*13348  5846             164     101.0000000   48.00000  52.5%  85.8   62s
 13619  6342   97.00000   89   64  101.00000   48.00000  52.5%  86.6   65s
 15035  7397  100.00000  131    9  101.00000   48.00000  52.5%  86.8   73s
*15069  7057             140     100.0000000   48.00000  52.0%  86.7   73s
 15848  7560   48.00000   32  244  100.00000   48.00000  52.0%  88.2   76s
 16588  8488   60.00000   35  232  100.00000   48.00000  52.0%  89.5   80s
*18154  8797             180      99.0000000   48.00000  51.5%  89.5   83s
 18736  9339   94.00000   75   87   99.00000   48.00000  51.5%  89.4   87s
 20540 10298     cutoff  123        99.00000   48.00000  51.5%  89.6   93s
 21035 11563   48.00000   42  240   99.00000   48.00000  51.5%  90.1   99s
 22660 12484 infeasible  147        99.00000   48.00000  51.5%  90.4  102s
 23729 13024   70.00000   52  153   99.00000   48.00000  51.5%  90.1  105s
 25321 14353 infeasible  134        99.00000   48.00000  51.5%  90.6  112s
 26267 15005   97.00000  110   30   99.00000   48.00000  51.5%  90.6  115s
 27956 16032   98.00000  128   43   99.00000   48.00000  51.5%  91.3  122s
 28471 16829   70.00000   47  146   99.00000   48.00000  51.5%  92.2  126s
 29385 17759   98.00000   98  169   99.00000   48.00000  51.5%  92.8  130s
 31633 19790   88.00000   65  113   99.00000   48.00000  51.5%  93.4  139s
 32951 20667   92.00000  111   69   99.00000   48.00000  51.5%  92.9  143s
 34078 21950   83.00000   73   96   99.00000   48.00000  51.5%  93.5  148s
 35561 22970   98.00000  120   33   99.00000   48.00000  51.5%  93.3  153s
 36986 23670     cutoff  106        99.00000   48.00000  51.5%  92.9  158s
 37847 24507     cutoff  144        99.00000   48.00000  51.5%  93.2  163s
*38723 21654             161      98.0000000   48.00000  51.0%  93.6  163s
 39050 22307   96.00000  102  124   98.00000   48.00000  51.0%  93.5  167s
 40127 23131   85.00000   60  113   98.00000   48.00000  51.0%  94.2  172s
 41304 24167   59.00000   54  154   98.00000   48.00000  51.0%  94.9  177s
 42723 25032   63.00000   43  213   98.00000   48.00000  51.0%  95.3  183s
 43846 26244 infeasible  139        98.00000   48.00000  51.0%  96.4  189s
*43866 23544             146      97.0000000   48.00000  50.5%  96.4  189s
 45397 24586   63.00000   51  104   97.00000   48.00000  50.5%  96.8  196s
 47030 26054   57.00000   47  172   97.00000   48.00000  50.5%  97.4  203s
 48912 27324   54.00000   60  218   97.00000   48.00000  50.5%  97.7  210s
 50807 28633     cutoff  137        97.00000   48.00000  50.5%  97.9  216s
 52533 30085   94.00000  123   71   97.00000   48.00000  50.5%  98.3  223s
 54343 31177   87.00000   69  214   97.00000   48.00000  50.5%  98.2  229s
 55945 32423   48.00000   30  140   97.00000   48.00000  50.5%  98.7  235s
 57613 33550   63.00000   59  236   97.00000   48.00000  50.5%  98.9  241s
 59063 34797   95.00000  112   42   97.00000   48.00000  50.5%   100  248s
 60741 36303   48.00000   42  205   97.00000   48.00000  50.5%   100  254s
 62791 37309   95.00000   77   96   97.00000   48.00000  50.5%   100  261s
 64098 39104   59.00000   57  192   97.00000   48.00000  50.5%   100  269s
 66320 40302   48.00000   52  233   97.00000   48.00000  50.5%   100  275s
 67938 41701   96.00000   73   77   97.00000   48.00000  50.5%   100  282s
*69205 36781             147      96.0000000   48.00000  50.0%   100  282s
 69818 37864   72.00000   66  141   96.00000   48.00000  50.0%   100  288s
 71553 39005 infeasible  138        96.00000   48.00000  50.0%   100  294s
 73133 40301   75.00000   56  142   96.00000   48.00000  50.0%   100  300s
 74941 41667   91.00000   82  146   96.00000   48.00000  50.0%   100  306s
 76710 43002   58.00000   58  195   96.00000   48.00000  50.0%   101  312s
 78079 44542   85.00000   80   87   96.00000   48.00000  50.0%   101  318s
 79730 45960   95.00000  100   57   96.00000   48.00000  50.0%   101  325s
 81467 47071   92.00000  100   60   96.00000   48.00000  50.0%   101  332s
 83141 48412   57.00000   64  203   96.00000   48.00000  50.0%   102  339s
 84926 49983   95.00000   82  107   96.00000   48.00000  50.0%   102  346s
 86939 50918   68.00000   60  211   96.00000   48.00000  50.0%   101  351s
 88209 52148   48.00000   53  293   96.00000   48.00000  50.0%   102  357s
 89651 53237   89.00000   83  111   96.00000   48.00000  50.0%   102  362s
 91122 54414   93.00000  123   58   96.00000   48.00000  50.0%   102  368s
 92815 55443   93.00000   99   98   96.00000   48.00000  50.0%   102  374s
 94159 56762   84.00000   68  200   96.00000   48.00000  50.0%   103  379s
 95967 58002   88.00000   78   70   96.00000   48.00000  50.0%   102  386s
 97558 59260   82.00000   71  105   96.00000   48.00000  50.0%   103  391s
 99148 60270   63.00000   50  172   96.00000   48.00000  50.0%   103  397s
 100504 61286 infeasible  127        96.00000   48.00000  50.0%   103  403s
 101973 62373   69.00000   53  278   96.00000   48.00000  50.0%   103  409s
 103495 63636   76.00000   52  126   96.00000   48.00000  50.0%   103  414s
 105155 65007   58.00000   57  178   96.00000   48.00000  50.0%   104  421s
 106843 66216 infeasible  150        96.00000   48.00000  50.0%   104  427s
 108447 67245   49.77165   48  345   96.00000   48.00000  50.0%   104  432s
 109802 68398   95.00000  127   72   96.00000   48.00000  50.0%   104  440s
 111358 69741   94.00000  103   65   96.00000   48.00000  50.0%   104  446s
 113193 71064   95.00000  124  209   96.00000   48.00000  50.0%   104  453s
 114958 72512   95.00000  127   62   96.00000   48.00000  50.0%   105  459s
 116839 73673   94.00000  118   74   96.00000   48.00000  50.0%   104  465s
 118483 74895   95.00000  117  135   96.00000   48.00000  50.0%   104  471s
 120054 76423   93.00000   89   53   96.00000   48.00000  50.0%   105  478s
 121881 77529     cutoff  120        96.00000   48.00000  50.0%   105  485s
 123490 78771   93.00000   84  115   96.00000   48.00000  50.0%   105  493s
 125169 80082   88.00000   83   91   96.00000   48.00000  50.0%   105  499s
 126890 81785   94.00000   93  123   96.00000   48.00000  50.0%   105  506s
 129004 83016   93.00000   91  113   96.00000   48.00000  50.0%   105  512s
 130614 84200   94.00000  102  135   96.00000   48.00000  50.0%   105  519s
 132266 85265   95.00000  115   85   96.00000   48.00000  50.0%   105  525s
 133795 86466   94.00000   67  194   96.00000   48.00000  50.0%   105  531s
 135340 87718   48.00000   37  216   96.00000   48.00000  50.0%   106  537s
 137013 88820   71.00000   62  254   96.00000   48.00000  50.0%   106  544s
 138473 90087   94.00000  137   44   96.00000   48.00000  50.0%   106  551s
 140129 91269   67.00000   54  280   96.00000   48.00000  50.0%   106  557s
 141586 92726 infeasible   95        96.00000   48.00000  50.0%   106  564s
 143489 94039   93.00000  111  140   96.00000   48.00000  50.0%   106  570s
 145292 95205   95.00000  121   57   96.00000   48.00000  50.0%   106  577s
 146891 96670     cutoff  130        96.00000   48.00000  50.0%   106  583s
 148753 98113 infeasible  150        96.00000   48.00000  50.0%   106  590s
 150691 99239   60.00000   44  297   96.00000   48.00000  50.0%   106  597s
 152291 100304   75.00000   61  128   96.00000   48.00000  50.0%   106  604s
 153863 101671   55.00000   57  253   96.00000   48.00000  50.0%   106  612s
 155646 102789   69.00000   74   96   96.00000   48.00000  50.0%   106  618s
 157177 103900   59.00000   61  167   96.00000   48.00000  50.0%   106  625s
 158609 105143   63.00000   62  332   96.00000   48.00000  50.0%   106  633s
 160223 106577   61.00000   60  181   96.00000   48.00000  50.0%   107  640s
 161964 107992   95.00000   91  188   96.00000   48.00000  50.0%   107  648s
 163639 109125   95.00000  114   39   96.00000   48.00000  50.0%   107  655s
 165189 110560   91.00000   91   95   96.00000   48.00000  50.0%   107  662s
 166850 111881     cutoff  104        96.00000   48.00000  50.0%   107  669s
 168619 112993   48.00000   54  213   96.00000   48.00000  50.0%   107  678s
 170230 114194   61.00000   64  294   96.00000   48.00000  50.0%   107  685s
 171895 115266   94.00000  135  100   96.00000   48.00000  50.0%   107  692s
 173411 116382 infeasible  116        96.00000   48.00000  50.0%   107  698s
 174966 117663   58.00000   61  149   96.00000   48.00000  50.0%   107  706s
 176759 119261   90.00000   96  118   96.00000   48.00000  50.0%   107  713s
 178814 120548   94.00000   89  104   96.00000   48.00000  50.0%   107  720s
 180526 121862   91.00000   77  120   96.00000   48.00000  50.0%   107  727s
 182309 123021   56.00000   53  197   96.00000   48.00000  50.0%   107  733s
 183990 123978   83.00000   59  173   96.00000   48.00000  50.0%   107  740s
 185319 125245   63.00000   52  208   96.00000   48.00000  50.0%   107  747s
 187023 126591 infeasible  120        96.00000   48.00000  50.0%   107  753s
 188830 127905   49.00000   42  256   96.00000   48.00000  50.0%   107  760s
 190583 128911   53.00000   60  167   96.00000   48.00000  50.0%   107  767s
 191984 130164   95.00000  130  126   96.00000   48.00000  50.0%   107  773s
 193639 131246   60.00000   34  141   96.00000   48.00000  50.0%   107  779s
 195165 132320   87.00000   83  123   96.00000   48.00000  50.0%   107  785s
 196703 133963 infeasible  108        96.00000   48.00000  50.0%   107  791s
 198870 135022   95.00000  104  105   96.00000   48.00000  50.0%   107  797s
 200392 136273   95.00000   94   98   96.00000   48.00000  50.0%   107  803s
 202086 137738 infeasible  130        96.00000   48.00000  50.0%   107  809s
 203997 139062   95.00000  143   64   96.00000   48.00000  50.0%   107  815s
 205750 140260   66.00000   57  191   96.00000   48.00000  50.0%   107  820s
 207316 141567   81.00000   84  130   96.00000   48.00000  50.0%   107  826s
 209066 143010   94.00000  130  116   96.00000   48.00000  50.0%   107  832s
 210714 144291   95.00000  104   36   96.00000   48.00000  50.0%   107  838s
 212407 145347   63.00000   66  239   96.00000   48.00000  50.0%   107  843s
 213869 146339   63.00000   60  157   96.00000   48.00000  50.0%   107  849s
 215256 147595   50.25000   54  170   96.00000   48.00000  50.0%   107  855s
 217010 148732   95.00000  133   91   96.00000   48.00000  50.0%   107  861s
 218436 150513   65.00000   68  175   96.00000   48.00000  50.0%   107  868s
 220392 152003   89.00000   90  139   96.00000   48.00000  50.0%   107  874s
 222133 153129   92.00000  112   48   96.00000   48.00000  50.0%   107  879s
 223826 154244 infeasible  134        96.00000   48.00000  50.0%   107  885s
 225398 155623   79.00000   85  125   96.00000   48.00000  50.0%   107  890s
 227148 156514   73.00000   84  119   96.00000   48.00000  50.0%   107  895s
 228366 157634   79.00000   65  250   96.00000   48.00000  50.0%   107  901s
 229936 158888   56.00000   58  181   96.00000   48.00000  50.0%   107  906s
 231662 159932   48.00000   60  262   96.00000   48.00000  50.0%   107  911s
 233216 161067   59.00000   57  244   96.00000   48.00000  50.0%   107  919s
 234765 162312 infeasible  131        96.00000   48.00000  50.0%   107  924s
 236463 163544   95.00000  121   49   96.00000   48.00000  50.0%   107  930s
 238013 165087   70.00000   80   95   96.00000   48.00000  50.0%   107  936s
 239989 166331   59.00000   61  177   96.00000   48.00000  50.0%   107  942s
 241614 167378   69.00000   69  178   96.00000   48.00000  50.0%   107  947s
 242948 168876   62.00000   68  220   96.00000   48.00000  50.0%   107  953s
 244731 170049   94.00000   97  101   96.00000   48.00000  50.0%   107  958s
 246359 171296   95.00000   88   97   96.00000   48.00000  50.0%   107  964s
 248026 172263   62.00000   62  220   96.00000   48.00000  50.0%   107  969s
 249353 173467   94.00000  147   62   96.00000   48.00000  50.0%   107  974s
 251003 174843   63.00000   51  252   96.00000   48.00000  50.0%   107  980s
 252728 176243   61.00000   47  226   96.00000   48.00000  50.0%   107  985s
 254415 177272   95.00000   84  179   96.00000   48.00000  50.0%   107  991s
 255871 178260   95.00000  107  114   96.00000   48.00000  50.0%   107  996s
 257327 179362   86.00000   83   85   96.00000   48.00000  50.0%   107 1002s
 258807 181088   58.00000   65  220   96.00000   48.00000  50.0%   107 1009s
 260858 182266   94.00000  127   63   96.00000   48.00000  50.0%   107 1014s
 262500 183470   87.00000   89  128   96.00000   48.00000  50.0%   107 1020s
 264050 184895   94.00000   71   99   96.00000   48.00000  50.0%   108 1026s
 265675 185933   74.00000   63  125   96.00000   48.00000  50.0%   108 1032s
 267160 186989   92.00000   94   58   96.00000   48.00000  50.0%   108 1037s
 268681 188350   75.00000   55   69   96.00000   48.00000  50.0%   108 1043s
 270492 189634   62.00000   78  159   96.00000   48.00000  50.0%   108 1049s
 272229 190844   94.00000  124   44   96.00000   48.00000  50.0%   108 1054s
 273858 191868   56.00000   54  148   96.00000   48.00000  50.0%   108 1059s
 275303 193208   48.00000   39  203   96.00000   48.00000  50.0%   108 1065s
 276903 194624 infeasible  120        96.00000   48.00000  50.0%   108 1071s
 278707 196005   95.00000  121   95   96.00000   48.00000  50.0%   108 1077s
 280590 196924   95.00000  156    6   96.00000   48.00000  50.0%   108 1081s
*280620 162329             166      95.0000000   48.00000  49.5%   108 1081s
 281902 163218   48.00000   54  305   95.00000   48.00000  49.5%   108 1086s
 283417 164372   94.00000  128  134   95.00000   48.00000  49.5%   108 1091s
 285187 165517   94.00000  121   53   95.00000   48.00000  49.5%   108 1096s
 286673 166782   93.00000   96   84   95.00000   48.00000  49.5%   108 1102s
 288391 167959   72.00000   70  173   95.00000   48.00000  49.5%   108 1107s
 290005 169008 infeasible  119        95.00000   48.00000  49.5%   108 1112s
 291527 170294   72.00000   73  129   95.00000   48.00000  49.5%   108 1117s
 293071 171515   93.00000  107   35   95.00000   48.00000  49.5%   108 1122s
 294876 172678   92.00000  122   50   95.00000   48.00000  49.5%   108 1128s
 296485 173590   48.00000   60  269   95.00000   48.00000  49.5%   108 1132s
 297846 174785   94.00000  131   28   95.00000   48.00000  49.5%   108 1138s
 299423 175887   94.00000  123   56   95.00000   48.00000  49.5%   108 1143s
 300852 177316   94.00000  135   69   95.00000   48.00000  49.5%   108 1150s
 302648 178532   88.00000   95  154   95.00000   48.00000  49.5%   108 1156s
 304163 179598   93.00000  130  109   95.00000   48.00000  49.5%   108 1162s
 305742 180870 infeasible  137        95.00000   48.00000  49.5%   108 1168s
 307518 182119   91.00000   97   58   95.00000   48.00000  49.5%   108 1174s
 309252 183355 infeasible  137        95.00000   48.00000  49.5%   108 1179s
 311028 184871   92.00000  119   65   95.00000   48.00000  49.5%   108 1185s
 313024 185974 infeasible  144        95.00000   48.00000  49.5%   108 1191s
 314658 187136   94.00000  108   51   95.00000   48.00000  49.5%   108 1196s
 316209 188342   54.00000   53  268   95.00000   48.00000  49.5%   108 1203s
 317874 189477   80.00000   69   86   95.00000   48.00000  49.5%   108 1209s
 319375 190997   70.00000   61  203   95.00000   48.00000  49.5%   108 1215s
 321170 192163   94.00000  101   69   95.00000   48.00000  49.5%   108 1221s
 322824 193259   75.00000   77  149   95.00000   48.00000  49.5%   108 1226s
 324403 194427 infeasible  146        95.00000   48.00000  49.5%   108 1231s
 326096 195699   94.00000  128   90   95.00000   48.00000  49.5%   108 1236s
 327761 196785   83.00000   70   77   95.00000   48.00000  49.5%   108 1242s
 329316 197874   91.00000   94   90   95.00000   48.00000  49.5%   108 1247s
 330852 199000   92.00000   90  133   95.00000   48.00000  49.5%   108 1252s
 332415 200245   94.00000   86   79   95.00000   48.00000  49.5%   108 1258s
 334070 201475   56.00000   72  214   95.00000   48.00000  49.5%   108 1263s
 335838 202620 infeasible  136        95.00000   48.00000  49.5%   108 1268s
 337506 203738   83.00000   80  106   95.00000   48.00000  49.5%   108 1274s
 339094 205008   55.00000   66  183   95.00000   48.00000  49.5%   108 1279s
 340812 206081   56.00000   64  232   95.00000   48.00000  49.5%   108 1285s
 342234 207423   75.00000   66  186   95.00000   48.00000  49.5%   108 1291s
 343898 208706   90.00000   90  188   95.00000   48.00000  49.5%   108 1296s
 345489 209797   92.00000  109  151   95.00000   48.00000  49.5%   108 1301s
 347091 210908   94.00000  112   62   95.00000   48.00000  49.5%   108 1307s
 348636 212039   94.00000   97  135   95.00000   48.00000  49.5%   108 1312s
 350226 213177   89.00000   95  150   95.00000   48.00000  49.5%   108 1317s
 351757 214409   94.00000  122   56   95.00000   48.00000  49.5%   108 1323s
 353398 215440   93.00000  127   82   95.00000   48.00000  49.5%   108 1328s
 354943 216565   94.00000  125  112   95.00000   48.00000  49.5%   108 1333s
 356528 217609   94.00000  123  150   95.00000   48.00000  49.5%   109 1339s
 358099 218793   93.00000  122   35   95.00000   48.00000  49.5%   109 1345s
 359853 220110   94.00000  103   71   95.00000   48.00000  49.5%   109 1350s
 361541 221291   53.00000   48  155   95.00000   48.00000  49.5%   109 1355s
 363248 222451   60.00000   55  191   95.00000   48.00000  49.5%   109 1361s
 364784 223845   57.00000   52  198   95.00000   48.00000  49.5%   109 1366s
 366889 224880   94.00000  111   83   95.00000   48.00000  49.5%   108 1371s
 368477 226009   53.00000   60  169   95.00000   48.00000  49.5%   108 1376s
 369970 227093     cutoff  141        95.00000   48.00000  49.5%   108 1381s
 371646 228213   92.00000  109  115   95.00000   48.00000  49.5%   108 1386s
 373185 229468   93.00000  101  155   95.00000   48.00000  49.5%   108 1391s
 374824 230667     cutoff  128        95.00000   48.00000  49.5%   108 1396s
 376455 231866   93.00000  101   84   95.00000   48.00000  49.5%   108 1401s
 378060 233042   94.00000  121   89   95.00000   48.00000  49.5%   108 1407s
 379747 234338   93.00000  142   42   95.00000   48.00000  49.5%   108 1412s
 381409 235508   57.00000   71  195   95.00000   48.00000  49.5%   108 1417s
 383106 236619   86.00000   95  150   95.00000   48.00000  49.5%   108 1422s
 384675 237750   61.00000   48  133   95.00000   48.00000  49.5%   108 1427s
 386192 238982   64.00000   51  125   95.00000   48.00000  49.5%   108 1433s
 387878 240286   81.00000   58  120   95.00000   48.00000  49.5%   108 1438s
 389668 241608   94.00000  103   90   95.00000   48.00000  49.5%   108 1443s
 391472 242670   93.00000   88   75   95.00000   48.00000  49.5%   108 1449s
 392914 243755   92.00000  113  100   95.00000   48.00000  49.5%   108 1454s
 394488 245088   76.00000   94  100   95.00000   48.00000  49.5%   108 1459s
 396292 246203 infeasible  136        95.00000   48.00000  49.5%   108 1464s
 397805 247404   92.00000  106   73   95.00000   48.00000  49.5%   108 1469s
 399421 248707   92.00000  108  125   95.00000   48.00000  49.5%   108 1475s
 401204 249891   91.00000   87  148   95.00000   48.00000  49.5%   108 1480s
 402945 251090   94.00000   93   99   95.00000   48.00000  49.5%   108 1485s
 404525 252300   59.00000   55  198   95.00000   48.00000  49.5%   108 1490s
 406200 253714   94.00000   94  124   95.00000   48.00000  49.5%   108 1496s
 408015 254857   93.00000   82   71   95.00000   48.00000  49.5%   108 1501s
 409476 256206   78.00000   76   97   95.00000   48.00000  49.5%   108 1507s
 411235 257305   94.00000  134   58   95.00000   48.00000  49.5%   108 1512s
 412512 258631 infeasible  106        95.00000   48.00000  49.5%   108 1517s
 414212 259832   94.00000  141  109   95.00000   48.00000  49.5%   108 1523s
 415926 260954   94.00000  132  103   95.00000   48.00000  49.5%   108 1528s
 417531 262099   48.00000   56  239   95.00000   48.00000  49.5%   108 1533s
 419118 263160   70.00000   87  106   95.00000   48.00000  49.5%   108 1539s
 420520 264520   90.00000   98  116   95.00000   48.00000  49.5%   108 1544s
 422292 265906   94.00000   89   48   95.00000   48.00000  49.5%   108 1550s
 424196 266989   61.00000   52  146   95.00000   48.00000  49.5%   108 1555s
 425604 268317   57.00000   59  190   95.00000   48.00000  49.5%   108 1560s
 427282 269374   56.00000   51  178   95.00000   48.00000  49.5%   108 1565s
 428674 270463   89.00000  118  114   95.00000   48.00000  49.5%   108 1571s
 430325 271785   86.00000   65  148   95.00000   48.00000  49.5%   108 1577s
 432195 272963   92.00000   89  125   95.00000   48.00000  49.5%   108 1583s
 433754 274094   89.00000  108  168   95.00000   48.00000  49.5%   108 1589s
 435395 275349   93.00000  107   22   95.00000   48.00000  49.5%   108 1596s
 437142 276834   93.00000  135   41   95.00000   48.00000  49.5%   108 1602s
 439144 278058   68.00000   83  177   95.00000   48.00000  49.5%   108 1607s
 440842 279493   85.00000   70   52   95.00000   48.00000  49.5%   108 1613s
 442720 280672   89.00000   85   88   95.00000   48.00000  49.5%   108 1618s
 444353 281936 infeasible  124        95.00000   48.00000  49.5%   108 1624s
 446032 283213   87.00000   66   42   95.00000   48.00000  49.5%   108 1630s
 447766 284410   87.00000  104   72   95.00000   48.00000  49.5%   108 1636s
 449435 285516   94.00000  126   80   95.00000   48.00000  49.5%   108 1641s
 450930 286926     cutoff   96        95.00000   48.00000  49.5%   108 1646s
 452730 288069   58.00000   57  196   95.00000   48.00000  49.5%   108 1652s
 454185 289464   69.00000   65  129   95.00000   48.00000  49.5%   109 1657s
 455766 290572   94.00000  111   38   95.00000   48.00000  49.5%   109 1662s
 457329 291957   93.00000  118   67   95.00000   48.00000  49.5%   109 1668s
 459066 293315   94.00000   98   80   95.00000   48.00000  49.5%   109 1674s
*460235 246683             147      94.0000000   48.00000  48.9%   109 1674s
 460845 247476   73.00000   78  133   94.00000   48.00000  48.9%   109 1679s
 462437 248645   67.00000   76  161   94.00000   48.00000  48.9%   109 1684s
 463994 249661   92.00000  128   70   94.00000   48.00000  48.9%   109 1690s
 465525 250815   93.00000  100   61   94.00000   48.00000  48.9%   109 1695s
 467097 252022   76.00000   82  157   94.00000   48.00000  48.9%   109 1700s
 468762 253100   92.00000   94   75   94.00000   48.00000  48.9%   109 1706s
 470212 254709   87.00000   86  132   94.00000   48.00000  48.9%   109 1712s
 472120 255547 infeasible  130        94.00000   48.00000  48.9%   109 1718s
 473582 256834   90.00000   82   85   94.00000   48.00000  48.9%   109 1723s
 475358 258028   90.00000  107  105   94.00000   48.00000  48.9%   109 1729s
 477092 259296 infeasible  129        94.00000   48.00000  48.9%   109 1734s
 478905 260486   91.00000  103  119   94.00000   48.00000  48.9%   109 1740s
 480575 261815   86.00000   91  123   94.00000   48.00000  48.9%   109 1745s
 482301 262979   93.00000  122  157   94.00000   48.00000  48.9%   109 1751s
 484073 264173   48.00000   61  217   94.00000   48.00000  48.9%   109 1756s
 485681 265334   74.00000   61  116   94.00000   48.00000  48.9%   109 1761s
 487244 266421   48.00000   64  243   94.00000   48.00000  48.9%   109 1767s
 488855 267750   62.00000   60  134   94.00000   48.00000  48.9%   109 1773s
 490574 269054   72.00000   70  119   94.00000   48.00000  48.9%   109 1779s
 492122 270208   93.00000  100   97   94.00000   48.00000  48.9%   109 1785s
 493890 271307   55.00000   59  155   94.00000   48.00000  48.9%   109 1790s
 495530 272301   61.00000   66  189   94.00000   48.00000  48.9%   109 1796s
 497046 273403   93.00000  129   51   94.00000   48.00000  48.9%   109 1802s
 498620 274444   92.00000  127   87   94.00000   48.00000  48.9%   109 1807s
 500171 275459   48.00000   61  225   94.00000   48.00000  48.9%   109 1813s
 501722 276571   76.00000   59  126   94.00000   48.00000  48.9%   109 1819s
 503321 277724   49.00000   50  300   94.00000   48.00000  48.9%   109 1825s
 504916 279043   93.00000  122   67   94.00000   48.00000  48.9%   109 1831s
 506733 279935 infeasible  125        94.00000   48.00000  48.9%   109 1837s
 508063 280988   90.00000  103  166   94.00000   48.00000  48.9%   109 1843s
 509527 282090   93.00000   90   46   94.00000   48.00000  48.9%   109 1849s
 511140 283144   93.00000  116   88   94.00000   48.00000  48.9%   109 1855s
 512619 284238   61.00000   74  279   94.00000   48.00000  48.9%   109 1861s
 514206 285550   90.00000  111  116   94.00000   48.00000  48.9%   109 1868s
 515973 286775   92.00000  130  163   94.00000   48.00000  48.9%   109 1874s
 517648 287906   93.00000   91   62   94.00000   48.00000  48.9%   109 1880s
 519283 289205 infeasible   99        94.00000   48.00000  48.9%   109 1886s
 521132 290493   93.00000  115   77   94.00000   48.00000  48.9%   109 1892s
 522863 291607   93.00000  124  101   94.00000   48.00000  48.9%   109 1897s
 524563 292620   59.00000   63  172   94.00000   48.00000  48.9%   109 1903s
 525927 293730   93.00000  127  191   94.00000   48.00000  48.9%   109 1909s
 527459 294740 infeasible  122        94.00000   48.00000  48.9%   109 1915s
 528827 296033   86.00000  102  175   94.00000   48.00000  48.9%   109 1921s
 530648 297344   88.00000   91  114   94.00000   48.00000  48.9%   109 1927s
 532543 298400   61.00000   53  249   94.00000   48.00000  48.9%   109 1934s
 534049 299735   90.00000   89   63   94.00000   48.00000  48.9%   109 1940s
 535905 300877   88.00000   94   85   94.00000   48.00000  48.9%   109 1945s
 537446 302038 infeasible   96        94.00000   48.00000  48.9%   109 1950s
 539086 303155   93.00000  144   46   94.00000   48.00000  48.9%   109 1956s
 540641 304420   56.00000   43  177   94.00000   48.00000  48.9%   110 1962s
 542338 305580   79.00000   77  141   94.00000   48.00000  48.9%   110 1968s
 543796 306738   48.00000   52  326   94.00000   48.00000  48.9%   110 1975s
 545213 307771   58.00000   62  274   94.00000   48.00000  48.9%   110 1981s
 546579 308920     cutoff   94        94.00000   48.00000  48.9%   110 1987s
 548241 310249   48.00000   54  230   94.00000   48.00000  48.9%   110 1994s
 550025 311569   92.00000  138  109   94.00000   48.00000  48.9%   110 2000s
 551909 312643   91.00000  106   54   94.00000   48.00000  48.9%   110 2006s
 553722 313793   64.00000   68  163   94.00000   48.00000  48.9%   110 2012s
 555435 314946   93.00000  123   46   94.00000   48.00000  48.9%   110 2017s
 557020 316149   87.00000   87   46   94.00000   48.00000  48.9%   110 2023s
 558627 317171   87.00000   92   83   94.00000   48.00000  48.9%   110 2028s
 560055 318214   91.00000  108   69   94.00000   48.00000  48.9%   110 2034s
 561599 319423   48.00000   43  303   94.00000   48.00000  48.9%   110 2040s
 563246 320403     cutoff   95        94.00000   48.00000  48.9%   110 2045s
 564589 321701   57.00000   56  155   94.00000   48.00000  48.9%   110 2052s
 566299 323101 infeasible  128        94.00000   48.00000  48.9%   110 2058s
 568124 324235   92.00000   83   74   94.00000   48.00000  48.9%   110 2063s
 569658 325421   83.00000   86  151   94.00000   48.00000  48.9%   110 2069s
 571293 326714   76.00000   64  256   94.00000   48.00000  48.9%   110 2075s
 573068 327963   93.00000  112   71   94.00000   48.00000  48.9%   110 2081s
 574864 328963   88.00000   80   45   94.00000   48.00000  48.9%   110 2087s
 576301 330225   93.00000  113   31   94.00000   48.00000  48.9%   110 2093s
 578052 331484     cutoff   76        94.00000   48.00000  48.9%   110 2100s
 579885 332896   48.00000   54  220   94.00000   48.00000  48.9%   110 2106s
 581644 334200   78.00000   79   67   94.00000   48.00000  48.9%   110 2113s
 583415 335262   76.00000   74  136   94.00000   48.00000  48.9%   110 2119s
 584934 336501   93.00000   86   81   94.00000   48.00000  48.9%   110 2125s
 586682 337697   48.00000   44  260   94.00000   48.00000  48.9%   110 2130s
 588314 338704   93.00000  109   46   94.00000   48.00000  48.9%   110 2136s
 589754 339801   76.00000   69  185   94.00000   48.00000  48.9%   110 2142s
 591259 340888   88.00000   93  236   94.00000   48.00000  48.9%   110 2148s
 592663 342332   71.00000   72   96   94.00000   48.00000  48.9%   110 2154s
 594440 343553   48.00000   50  261   94.00000   48.00000  48.9%   110 2160s
 596292 344905   89.00000   80  137   94.00000   48.00000  48.9%   110 2166s
 597996 346089   93.00000   87   70   94.00000   48.00000  48.9%   110 2172s
 599725 347052   86.00000   96   85   94.00000   48.00000  48.9%   110 2177s
 601047 348118   93.00000  117   86   94.00000   48.00000  48.9%   110 2184s
 602612 349307   58.00000   83  138   94.00000   48.00000  48.9%   110 2191s
 604307 350726   92.00000  113   62   94.00000   48.00000  48.9%   110 2197s
 606112 351994   56.00000   64  197   94.00000   48.00000  48.9%   110 2204s
 607726 353296   54.00000   68  198   94.00000   48.00000  48.9%   110 2210s
 609351 354228   48.00000   45  253   94.00000   48.00000  48.9%   110 2215s
 610836 355384   48.00000   51  201   94.00000   48.00000  48.9%   110 2220s
 612361 356537   93.00000  152   43   94.00000   48.00000  48.9%   110 2226s
 614015 357718 infeasible  121        94.00000   48.00000  48.9%   110 2232s
 615672 358766   93.00000  102   95   94.00000   48.00000  48.9%   110 2237s
 617128 359896   93.00000  124   43   94.00000   48.00000  48.9%   111 2243s
 618744 360867   58.00000   67  182   94.00000   48.00000  48.9%   111 2248s
 620130 361999 infeasible  126        94.00000   48.00000  48.9%   111 2254s
 621643 363425   84.00000   82  118   94.00000   48.00000  48.9%   111 2261s
 623409 364583   88.00000  100  140   94.00000   48.00000  48.9%   111 2268s
 625050 365787   48.00000   48  281   94.00000   48.00000  48.9%   111 2274s
 626794 367101   76.00000   74  142   94.00000   48.00000  48.9%   111 2281s
 628653 368345   93.00000   97   36   94.00000   48.00000  48.9%   111 2287s
 630236 369284   93.00000  108  165   94.00000   48.00000  48.9%   111 2294s
 631651 370363   48.00000   54  336   94.00000   48.00000  48.9%   111 2302s
 633137 371691   82.00000   97  102   94.00000   48.00000  48.9%   111 2308s
 634953 372919   89.00000   83   75   94.00000   48.00000  48.9%   111 2315s
 636574 374051   92.00000  116   50   94.00000   48.00000  48.9%   111 2321s
 638175 375028   68.00000   74  145   94.00000   48.00000  48.9%   111 2327s
 639559 376167 infeasible  128        94.00000   48.00000  48.9%   111 2334s
 641274 377490   48.00000   64  220   94.00000   48.00000  48.9%   111 2341s
 643017 378532   90.00000   97   80   94.00000   48.00000  48.9%   111 2348s
 644487 379795   89.00000   94  102   94.00000   48.00000  48.9%   111 2355s
 646328 380963   60.00000   61  262   94.00000   48.00000  48.9%   111 2363s
 648004 382038   92.00000  116  106   94.00000   48.00000  48.9%   111 2370s
 649590 383129   93.00000  109   51   94.00000   48.00000  48.9%   111 2377s
 651123 384421   93.00000  105  130   94.00000   48.00000  48.9%   111 2384s
 652908 385820   92.00000  107   59   94.00000   48.00000  48.9%   111 2391s
 654742 387011   92.00000  117   84   94.00000   48.00000  48.9%   111 2398s
 656597 388575     cutoff  123        94.00000   48.00000  48.9%   111 2405s
 658588 389832   88.00000   93  135   94.00000   48.00000  48.9%   111 2412s
 660211 391221   69.00000   76  136   94.00000   48.00000  48.9%   111 2418s
 662059 392460   58.00000   62  226   94.00000   48.00000  48.9%   111 2424s
 663668 393635   61.00000   65  134   94.00000   48.00000  48.9%   111 2430s
 665306 394706   69.00000   62  188   94.00000   48.00000  48.9%   111 2436s
 666848 395740   69.00000   64  164   94.00000   48.00000  48.9%   111 2443s
 668348 396770   59.00000   71  225   94.00000   48.00000  48.9%   111 2448s
 669987 397718 infeasible  149        94.00000   48.00000  48.9%   111 2454s
 671269 398791   55.00000   69  212   94.00000   48.00000  48.9%   111 2461s
 672862 399899   93.00000  128   31   94.00000   48.00000  48.9%   111 2467s
 674386 401043   90.00000  127  128   94.00000   48.00000  48.9%   111 2473s
 676063 402117   84.00000   95  141   94.00000   48.00000  48.9%   111 2479s
 677466 403321   60.00000   64  192   94.00000   48.00000  48.9%   111 2486s
 678994 404572   93.00000  123  149   94.00000   48.00000  48.9%   111 2493s
 680667 405613   48.00000   44  166   94.00000   48.00000  48.9%   111 2499s
 682234 406744   75.00000   69  146   94.00000   48.00000  48.9%   111 2505s
 683838 407886   90.00000   96  119   94.00000   48.00000  48.9%   111 2512s
 685545 409007   86.00000   89   65   94.00000   48.00000  48.9%   111 2518s
 687130 410097   83.00000   67  132   94.00000   48.00000  48.9%   111 2524s
 688646 411165   86.00000   75   96   94.00000   48.00000  48.9%   111 2530s
 690158 412189   65.00000   74  286   94.00000   48.00000  48.9%   111 2536s
 691575 413390   65.00000   77  178   94.00000   48.00000  48.9%   111 2543s
 693226 414548   91.00000   89  122   94.00000   48.00000  48.9%   111 2549s
 694854 415762   85.00000   61  202   94.00000   48.00000  48.9%   111 2556s
 696487 416688   61.00000   64  175   94.00000   48.00000  48.9%   111 2562s
 698222 417652   58.00000   68  225   94.00000   48.00000  48.9%   111 2569s
 699652 419004   58.00000   63  247   94.00000   48.00000  48.9%   111 2576s
 701427 420097   84.00000   87   59   94.00000   48.00000  48.9%   111 2582s
 702962 421025   48.00000   53  279   94.00000   48.00000  48.9%   111 2589s
 704423 422226   90.00000   99  103   94.00000   48.00000  48.9%   111 2596s
 706058 423149     cutoff  131        94.00000   48.00000  48.9%   111 2602s
 707566 424084   92.00000  103  195   94.00000   48.00000  48.9%   111 2609s
 709093 425124   92.00000  131  312   94.00000   48.00000  48.9%   111 2615s
 710537 426230   69.00000   73  155   94.00000   48.00000  48.9%   111 2622s
 712173 427191   86.00000   89   72   94.00000   48.00000  48.9%   111 2629s
 713828 428331   93.00000  148   44   94.00000   48.00000  48.9%   111 2635s
 715407 429267 infeasible  130        94.00000   48.00000  48.9%   111 2641s
 716927 430286   93.00000  122   51   94.00000   48.00000  48.9%   111 2648s
 718497 431324   92.00000  116   62   94.00000   48.00000  48.9%   112 2655s
 719905 432734   93.00000   91   94   94.00000   48.00000  48.9%   112 2662s
 721740 433774   86.00000   71  165   94.00000   48.00000  48.9%   112 2669s
 723254 434938   74.00000   80  176   94.00000   48.00000  48.9%   112 2676s
 724959 435952   65.00000   53  169   94.00000   48.00000  48.9%   112 2682s
 726534 437069   75.00000   67   96   94.00000   48.00000  48.9%   112 2689s
 728068 438423   83.00000   75  189   94.00000   48.00000  48.9%   112 2696s
 729774 439590   91.00000   84  160   94.00000   48.00000  48.9%   112 2703s
 731537 440878   86.00000   88  124   94.00000   48.00000  48.9%   112 2710s
 733126 441999   80.00000   82  125   94.00000   48.00000  48.9%   112 2716s
 734604 443039 infeasible  130        94.00000   48.00000  48.9%   112 2723s
 736312 444099   92.00000  123   77   94.00000   48.00000  48.9%   112 2729s
 737889 445346   91.00000  110  103   94.00000   48.00000  48.9%   112 2735s
 739525 446481   88.00000  121   90   94.00000   48.00000  48.9%   112 2742s
 741195 447390   90.00000  117  190   94.00000   48.00000  48.9%   112 2749s
 742424 448568   93.00000  106  219   94.00000   48.00000  48.9%   112 2756s
 744119 449787   91.00000  112   26   94.00000   48.00000  48.9%   112 2762s
 745785 450831     cutoff   94        94.00000   48.00000  48.9%   112 2768s
 747255 451905   93.00000  119   60   94.00000   48.00000  48.9%   112 2774s
 748808 452936   93.00000  112  158   94.00000   48.00000  48.9%   112 2780s
 750181 454298   88.00000   81   82   94.00000   48.00000  48.9%   112 2787s
 751815 455433   92.00000  120  129   94.00000   48.00000  48.9%   112 2793s
 753399 456575   92.00000  117  100   94.00000   48.00000  48.9%   112 2800s
 755102 457832   91.00000  115   99   94.00000   48.00000  48.9%   112 2806s
 756766 459045   89.00000  100   74   94.00000   48.00000  48.9%   112 2813s
 758480 460266   91.00000  111   72   94.00000   48.00000  48.9%   112 2819s
 760149 461405   93.00000  133   74   94.00000   48.00000  48.9%   112 2826s
 761931 462588   48.00000   48  252   94.00000   48.00000  48.9%   112 2832s
 763485 463844 infeasible  124        94.00000   48.00000  48.9%   112 2839s
 765176 464912   93.00000   86  126   94.00000   48.00000  48.9%   112 2845s
 766722 465844   93.00000  113   75   94.00000   48.00000  48.9%   112 2851s
 768091 466788   82.00000   96  136   94.00000   48.00000  48.9%   112 2858s
 769441 467986   60.00000   85  189   94.00000   48.00000  48.9%   112 2864s
 771181 469296   76.00000   77  139   94.00000   48.00000  48.9%   112 2871s
 772944 470785   92.00000   96  141   94.00000   48.00000  48.9%   112 2878s
 774797 471929   84.00000   91  122   94.00000   48.00000  48.9%   112 2884s
 776445 473001   53.00000   60  204   94.00000   48.00000  48.9%   112 2890s
 778007 474191   58.00000   69  166   94.00000   48.00000  48.9%   112 2896s
 779713 475300   71.00000   70  182   94.00000   48.00000  48.9%   112 2903s
 781304 476391   80.00000   86   53   94.00000   48.00000  48.9%   112 2909s
 782913 477668   92.00000   93   62   94.00000   48.00000  48.9%   112 2915s
 784669 478821     cutoff  133        94.00000   48.00000  48.9%   112 2921s
 786266 479860     cutoff  140        94.00000   48.00000  48.9%   112 2927s
 787893 480924   48.00000   64  208   94.00000   48.00000  48.9%   112 2934s
 789420 481878 infeasible  137        94.00000   48.00000  48.9%   112 2940s
 791012 483002   55.00000   65  237   94.00000   48.00000  48.9%   112 2947s
 792686 484229   76.00000   68  138   94.00000   48.00000  48.9%   112 2953s
 794245 485552   78.00000   96  113   94.00000   48.00000  48.9%   112 2960s
 795868 486639     cutoff  129        94.00000   48.00000  48.9%   112 2967s
 797510 487865   79.00000   97  156   94.00000   48.00000  48.9%   112 2973s
 799211 488930   91.00000  112   94   94.00000   48.00000  48.9%   112 2979s
 800744 490487   90.00000  149  119   94.00000   48.00000  48.9%   112 2985s
 802825 491757   93.00000  109   58   94.00000   48.00000  48.9%   112 2992s
 804653 492908   68.00000   65  201   94.00000   48.00000  48.9%   112 2997s
 806288 493854   61.00000   63  174   94.00000   48.00000  48.9%   112 3003s
 807595 495203   93.00000  138   53   94.00000   48.00000  48.9%   112 3011s
 809506 496353   86.00000  108  211   94.00000   48.00000  48.9%   112 3018s
 810986 497800   88.00000   73   93   94.00000   48.00000  48.9%   112 3025s
 812810 499119   64.00000   48  133   94.00000   48.00000  48.9%   112 3032s
 814578 500269   83.00000   67  103   94.00000   48.00000  48.9%   112 3038s
 816205 501647   87.00000   84  189   94.00000   48.00000  48.9%   112 3045s
 818029 502691   90.00000   85  107   94.00000   48.00000  48.9%   112 3051s
 819702 503859   83.00000   87  109   94.00000   48.00000  48.9%   112 3057s
 821343 505135   91.00000  102  153   94.00000   48.00000  48.9%   112 3064s
 823040 506322 infeasible  130        94.00000   48.00000  48.9%   112 3070s
 824694 507612   92.00000   86   74   94.00000   48.00000  48.9%   112 3077s
 826579 508842   93.00000   84  157   94.00000   48.00000  48.9%   112 3083s
 828275 510212   93.00000  113   86   94.00000   48.00000  48.9%   112 3090s
 830001 511439   63.00000   67  240   94.00000   48.00000  48.9%   112 3096s
 831611 512266   89.00000  107  197   94.00000   48.00000  48.9%   112 3101s
 832816 513629   93.00000  106   71   94.00000   48.00000  48.9%   112 3107s
 834630 514599   93.00000  114   88   94.00000   48.00000  48.9%   112 3113s
 836101 515806   73.00000   69  156   94.00000   48.00000  48.9%   112 3119s
 837676 516927   89.00000   92   39   94.00000   48.00000  48.9%   113 3125s
 839201 517933   90.00000   72  126   94.00000   48.00000  48.9%   113 3131s
 840623 519066   61.00000   56  227   94.00000   48.00000  48.9%   113 3137s
 842050 520326   92.00000  132   75   94.00000   48.00000  48.9%   113 3144s
 843868 521625 infeasible  135        94.00000   48.00000  48.9%   113 3150s
 845629 522909   71.00000   57  170   94.00000   48.00000  48.9%   113 3156s
 847300 524002   87.00000  100   85   94.00000   48.00000  48.9%   113 3162s
 848906 525090 infeasible  130        94.00000   48.00000  48.9%   113 3168s
 850401 526283 infeasible  119        94.00000   48.00000  48.9%   113 3174s
 852069 527461   48.00000   60  299   94.00000   48.00000  48.9%   113 3180s
 853710 528693   77.00000   70  140   94.00000   48.00000  48.9%   113 3187s
 855456 529725   48.00000   34  238   94.00000   48.00000  48.9%   113 3192s
 856981 530955 infeasible  123        94.00000   48.00000  48.9%   113 3199s
 858657 532099   58.00000   47  147   94.00000   48.00000  48.9%   113 3206s
 860231 533355 infeasible  111        94.00000   48.00000  48.9%   113 3212s
 862019 534450   48.00000   54  235   94.00000   48.00000  48.9%   113 3218s
 863469 535671   89.00000   94   41   94.00000   48.00000  48.9%   113 3225s
 865337 536868   48.00000   51  228   94.00000   48.00000  48.9%   113 3232s
 867088 538003 infeasible  133        94.00000   48.00000  48.9%   113 3239s
 868551 539498   89.00000  100   75   94.00000   48.00000  48.9%   113 3245s
 870327 540503   91.00000  109   44   94.00000   48.00000  48.9%   113 3251s
 871790 541889   91.00000   96   99   94.00000   48.00000  48.9%   113 3259s
 873702 542937   93.00000   89   83   94.00000   48.00000  48.9%   113 3265s
 875240 544211   68.00000   60  235   94.00000   48.00000  48.9%   113 3272s
 877021 545717   48.00000   48  196   94.00000   48.00000  48.9%   113 3279s
 878947 546882   93.00000  114  109   94.00000   48.00000  48.9%   113 3285s
 880575 547899   81.00000   75   97   94.00000   48.00000  48.9%   113 3291s
 882083 549087   69.00000   78  111   94.00000   48.00000  48.9%   113 3297s
 883618 550416   90.00000   99  159   94.00000   48.00000  48.9%   113 3303s
 885368 551553   92.00000   83   78   94.00000   48.00000  48.9%   113 3309s
 886875 552660   92.00000   99  141   94.00000   48.00000  48.9%   113 3315s
 888513 553801   57.00000   65  151   94.00000   48.00000  48.9%   113 3322s
 890141 554998   55.00000   77  173   94.00000   48.00000  48.9%   113 3328s
 891782 556276   88.00000   90  134   94.00000   48.00000  48.9%   113 3334s
 893537 557392   67.00000   69  184   94.00000   48.00000  48.9%   113 3340s
 895024 558472 infeasible  136        94.00000   48.00000  48.9%   113 3346s
 896589 559590   83.00000   80  111   94.00000   48.00000  48.9%   113 3351s
 898093 560684     cutoff  134        94.00000   48.00000  48.9%   113 3357s
 899664 561807   61.00000   81  255   94.00000   48.00000  48.9%   113 3364s
 901285 562863   67.00000   74  189   94.00000   48.00000  48.9%   113 3370s
 902831 564308   93.00000  128  100   94.00000   48.00000  48.9%   113 3377s
 904653 565463   66.00000   65  200   94.00000   48.00000  48.9%   113 3383s
 906297 566442   87.00000   86  115   94.00000   48.00000  48.9%   113 3390s
 907953 567663   73.00000   79   81   94.00000   48.00000  48.9%   113 3397s
 909802 568781   58.00000   59  218   94.00000   48.00000  48.9%   113 3404s
 911275 570018   58.00000   58  158   94.00000   48.00000  48.9%   113 3410s
 913065 571000   59.00000   54  264   94.00000   48.00000  48.9%   113 3417s
 914515 572220 infeasible  133        94.00000   48.00000  48.9%   113 3425s
 916164 573425   91.00000  109   67   94.00000   48.00000  48.9%   113 3432s
 917813 574648   92.00000   82   86   94.00000   48.00000  48.9%   113 3440s
 919518 576041   79.00000   80  107   94.00000   48.00000  48.9%   113 3447s
 921437 577198 infeasible   94        94.00000   48.00000  48.9%   113 3455s
 923135 578262   93.00000  109  287   94.00000   48.00000  48.9%   113 3461s
 924607 579465   93.00000  131   92   94.00000   48.00000  48.9%   113 3469s
 926263 580607   91.00000   82  115   94.00000   48.00000  48.9%   113 3477s
 927889 581764     cutoff  116        94.00000   48.00000  48.9%   113 3484s
 929515 583055   93.00000  105   43   94.00000   48.00000  48.9%   113 3492s
 931288 584130   93.00000  139   57   94.00000   48.00000  48.9%   113 3498s
 932850 585095   48.00000   68  191   94.00000   48.00000  48.9%   113 3505s
 934235 586255 infeasible  115        94.00000   48.00000  48.9%   113 3511s
 935893 587477   93.00000  129   36   94.00000   48.00000  48.9%   113 3517s
 937530 588637   92.00000   94  127   94.00000   48.00000  48.9%   113 3523s
 939161 589628 infeasible  129        94.00000   48.00000  48.9%   113 3529s
 940547 590905   93.00000  112   40   94.00000   48.00000  48.9%   113 3535s
 942312 591986   93.00000  113   23   94.00000   48.00000  48.9%   113 3541s
 943816 593349   88.00000   66  183   94.00000   48.00000  48.9%   113 3547s
 945452 594590   93.00000   96  104   94.00000   48.00000  48.9%   113 3553s
 947217 595728   93.00000  125   49   94.00000   48.00000  48.9%   113 3558s
 948751 596845   83.00000  108   84   94.00000   48.00000  48.9%   113 3565s
 950302 597995   68.00000   54  262   94.00000   48.00000  48.9%   113 3571s
 951992 599157   48.00000   57  262   94.00000   48.00000  48.9%   113 3577s
 953601 600286   57.00000   55  277   94.00000   48.00000  48.9%   113 3584s
 955215 601512   66.00000   94  115   94.00000   48.00000  48.9%   113 3590s
 956861 602567   74.00000   71  138   94.00000   48.00000  48.9%   113 3597s
 958332 603252   88.00000   88  108   94.00000   48.00000  48.9%   113 3600s

Explored 959261 nodes (108578335 simplex iterations) in 3600.03 seconds (3638.59 work units)
Thread count was 32 (of 32 available processors)

Solution count 10: 94 95 96 ... 103

Time limit reached
Best objective 9.400000000000e+01, best bound 4.800000000000e+01, gap 48.9362%
