
Gurobi 13.0.0 (linux64) logging started Thu Nov 27 04:45:21 2025

Set parameter LogFile to value "./Results/StripPacking-BranchSP/Logs/SUspb-111-StripPacking-35-0.log"
Set parameter TimeLimit to value 3600
Set parameter Cuts to value 1
Set parameter Presolve to value 1
Set parameter Heuristics to value 1
Set parameter LogToConsole to value 0
Set parameter LPWarmStart to value 2
Gurobi Optimizer version 13.0.0 build v13.0.0rc1 (linux64 - "Debian GNU/Linux 12 (bookworm)")

CPU model: Intel(R) Xeon(R) CPU E5-2630 v3 @ 2.40GHz, instruction set [SSE2|AVX|AVX2]
Thread count: 16 physical cores, 32 logical processors, using up to 32 threads

Non-default parameters:
TimeLimit  3600
LPWarmStart  2
Heuristics  1
Cuts  1
LogToConsole  0
Presolve  1

Optimize a model with 86310 rows, 2451 columns and 254730 nonzeros (Min)
Model fingerprint: 0xa526bac9
Model has 1 linear objective coefficients
Variable types: 71 continuous, 2380 integer (2380 binary)
Coefficient statistics:
  Matrix range     [1e+00, 1e+04]
  Objective range  [1e+00, 1e+00]
  Bounds range     [1e+00, 1e+04]
  RHS range        [1e+00, 1e+04]
Using branch priorities.

Warning: Completing partial solution with 2380 unfixed non-continuous variables out of 2380
User MIP start produced solution with objective 143.9 (0.19s)
Loaded user MIP start with objective 143.9

Presolve removed 1190 rows and 0 columns
Presolve time: 0.72s
Presolved: 85120 rows, 2451 columns, 252350 nonzeros
Variable types: 71 continuous, 2380 integer (2380 binary)
Root relaxation presolved: 2451 rows, 87571 columns, 254801 nonzeros


Root relaxation: objective 4.800000e+01, 9125 iterations, 0.95 seconds (0.61 work units)

    Nodes    |    Current Node    |     Objective Bounds      |     Work
 Expl Unexpl |  Obj  Depth IntInf | Incumbent    BestBd   Gap | It/Node Time

     0     0   48.00000    0  698  143.90000   48.00000  66.6%     -    8s
H    0     0                     142.0000000   48.00000  66.2%     -    8s
H    0     0                     140.0000000   48.00000  65.7%     -    8s
H    0     0                     139.0000000   48.00000  65.5%     -    8s
H    0     0                     136.0000000   48.00000  64.7%     -    8s
H    0     0                     132.0000000   48.00000  63.6%     -    8s
H    0     0                     128.0000000   48.00000  62.5%     -    8s
H    0     0                     127.0000000   48.00000  62.2%     -    8s
H    0     0                     126.0000000   48.00000  61.9%     -    8s
H    0     0                     124.0000000   48.00000  61.3%     -    8s
H    0     0                     122.0000000   48.00000  60.7%     -   31s
H    0     0                     121.0000000   48.00000  60.3%     -   31s
H    0     0                     117.0000000   48.00000  59.0%     -   31s
H    0     0                     115.0000000   48.00000  58.3%     -   31s
H    0     0                     112.0000000   48.00000  57.1%     -   31s
H    0     0                     109.0000000   48.00000  56.0%     -   31s
H    0     0                     108.0000000   48.00000  55.6%     -   31s
H    0     0                     107.0000000   48.00000  55.1%     -   31s
H    0     0                     106.0000000   48.00000  54.7%     -   31s
     0     0   48.00000    0  724  106.00000   48.00000  54.7%     -   32s
     0     0   48.00000    0  682  106.00000   48.00000  54.7%     -   35s
H    0     0                     105.0000000   48.00000  54.3%     -   51s
H    0     0                     104.0000000   48.00000  53.8%     -   51s
H    0     0                     103.0000000   48.00000  53.4%     -   51s
     0     0   48.00000    0  763  103.00000   48.00000  53.4%     -   51s
     0     0   48.00000    0  498  103.00000   48.00000  53.4%     -   71s
H    0     0                     102.0000000   48.00000  52.9%     -   94s
H    0     0                     102.0000000   48.00000  52.9%     -   94s
     0     0   48.00000    0  434  102.00000   48.00000  52.9%     -   94s
H    0     0                     101.0000000   48.00000  52.5%     -   97s
H    0     0                     100.0000000   48.00000  52.0%     -   97s
     0     0   48.00000    0  615  100.00000   48.00000  52.0%     -  106s
     0     0   48.00000    0  394  100.00000   48.00000  52.0%     -  128s
H    0     0                     100.0000000   48.00000  52.0%     -  134s
     0     0   48.00000    0  324  100.00000   48.00000  52.0%     -  134s
     0     0   48.00000    0  478  100.00000   48.00000  52.0%     -  141s
H    0     0                      98.0000000   48.00000  51.0%     -  141s
     0     0   48.00000    0  464   98.00000   48.00000  51.0%     -  143s
H    0     0                      98.0000000   48.00000  51.0%     -  147s
     0     0   48.00000    0  503   98.00000   48.00000  51.0%     -  147s
     0     0   48.00000    0  429   98.00000   48.00000  51.0%     -  148s
     0     0   48.00000    0  458   98.00000   48.00000  51.0%     -  153s
     0     0   48.00000    0  413   98.00000   48.00000  51.0%     -  154s
     0     0   48.00000    0  506   98.00000   48.00000  51.0%     -  161s
     0     0   48.00000    0  423   98.00000   48.00000  51.0%     -  163s
     0     0   48.00000    0  532   98.00000   48.00000  51.0%     -  170s
     0     0   48.00000    0  532   98.00000   48.00000  51.0%     -  171s
     0     2   48.00000    0  532   98.00000   48.00000  51.0%     -  182s
     1     4   48.00000    1  462   98.00000   48.00000  51.0%   107  185s
     3     8   48.00000    2  423   98.00000   48.00000  51.0%  1070  190s
     7    16   48.00000    3  781   98.00000   48.00000  51.0%  1952  200s
H   13    16                      97.0000000   48.00000  50.5%  1458  200s
    15    32   48.00000    4  711   97.00000   48.00000  50.5%  1713  213s
    31    48   48.00000    5  714   97.00000   48.00000  50.5%  1850  219s
    47    74   48.00000    6  724   97.00000   48.00000  50.5%  1383  242s
H   55    74                      97.0000000   48.00000  50.5%  1241  242s
    73    90   48.00000    7  658   97.00000   48.00000  50.5%  1020  250s
    89   107   48.00000    7  627   97.00000   48.00000  50.5%  1027  261s
   106   123   48.00000    8  643   97.00000   48.00000  50.5%   976  272s
   122   143   48.00000    8  647   97.00000   48.00000  50.5%   990  290s
   142   158   48.00000    9  643   97.00000   48.00000  50.5%  1000  324s
   157   179   48.00000   10  641   97.00000   48.00000  50.5%   930  354s
H  174   179                      96.0000000   48.00000  50.0%   934  354s
   178   207   48.00000   11  662   96.00000   48.00000  50.0%   919  414s
H  188   207                      96.0000000   48.00000  50.0%   880  414s
   206   260   48.00000   12  659   96.00000   48.00000  50.0%   937  474s
H  254   260                      95.0000000   48.00000  49.5%   876  474s
   259   430   48.00000   15  661   95.00000   48.00000  49.5%   873  566s
H  292   430                      95.0000000   48.00000  49.5%   846  566s
H  415   430                      93.0000000   48.00000  48.4%   753  566s
   431  1455   48.00000   25  575   93.00000   48.00000  48.4%   739  691s
H  731  1455                      93.0000000   48.00000  48.4%   577  691s
  1484  1745   74.00000   77  257   93.00000   48.00000  48.4%   548  789s
  1829  2097     cutoff   77        93.00000   48.00000  48.4%   488  912s
  2261  2399   74.00000   78  253   93.00000   48.00000  48.4%   427 1052s
  2630  3186   74.00000   79  251   93.00000   48.00000  48.4%   389 1216s
  3609  4824   48.00000    9  684   93.00000   48.00000  48.4%   356 1375s
  5709  4959   74.00000   25  470   93.00000   48.00000  48.4%   308 1488s
  5922  4960   48.00000    9  532   93.00000   48.00000  48.4%   305 1493s
  5924  4961   58.00000   38  375   93.00000   48.00000  48.4%   305 1526s
  5925  4962   91.00000  106  517   93.00000   48.00000  48.4%   305 1537s
  5926  4963   92.00000   76  557   93.00000   48.00000  48.4%   305 1586s
  5927  4963   80.00000   63  434   93.00000   48.00000  48.4%   304 1617s
  5928  4964   80.00000   76  374   93.00000   48.00000  48.4%   304 1637s
  5929  4965   86.00000   74  421   93.00000   48.00000  48.4%   304 1668s
  5930  4965   77.00000   26  353   93.00000   48.00000  48.4%   304 1692s
  5931  4966   48.00000   24  425   93.00000   48.00000  48.4%   304 1696s
  5932  4967   48.00000   67  438   93.00000   48.00000  48.4%   304 1711s
  5933  4967   89.00000  117  503   93.00000   48.00000  48.4%   304 1716s
  5934  4968   65.00000   71  441   93.00000   48.00000  48.4%   304 1733s
  5935  4969   48.00000   37  470   93.00000   48.00000  48.4%   304 1736s
  5936  4969   48.00000   36  414   93.00000   48.00000  48.4%   304 1751s
  5938  4971   56.00000   38  402   93.00000   48.00000  48.4%   304 1767s
  5939  4971   48.36799   43  429   93.00000   48.00000  48.4%   304 1771s
  5940  4972   58.00000   27  420   93.00000   48.00000  48.4%   304 1788s
  5941  4973   92.00000   79  485   93.00000   48.00000  48.4%   304 1794s
  5942  4973   56.00000   39  477   93.00000   48.00000  48.4%   304 1815s
  5944  4975   48.00000   13  460   93.00000   48.00000  48.4%   304 1820s
  5945  4975   58.00000   54  460   93.00000   48.00000  48.4%   304 1826s
  5948  4982   48.00000   12  445   93.00000   48.00000  48.4%   317 1831s
  5952  4989   48.00000   13  432   93.00000   48.00000  48.4%   317 1835s
  5960  5002   48.00000   14  395   93.00000   48.00000  48.4%   318 1841s
  5976  5012   48.00000   15  401   93.00000   48.00000  48.4%   320 1855s
  5991  5069   48.00000   16  408   93.00000   48.00000  48.4%   320 1865s
  6053  5064   48.00000   18  468   93.00000   48.00000  48.4%   320 1880s
  6069  5078   48.00000   18  456   93.00000   48.00000  48.4%   321 1886s
  6088  5100   48.00000   19  453   93.00000   48.00000  48.4%   322 1893s
  6116  5132   48.00000   20  434   93.00000   48.00000  48.4%   323 1901s
  6158  5178   48.00000   21  446   93.00000   48.00000  48.4%   324 1912s
  6218  5321   48.00000   23  495   93.00000   48.00000  48.4%   325 1933s
  6381  5580   48.00000   25  455   93.00000   48.00000  48.4%   325 1971s
  6698  5829   48.00000   32  381   93.00000   48.00000  48.4%   324 2025s
  7053  6131   64.00000   44  469   93.00000   48.00000  48.4%   325 2102s
  7505  6705   59.00000   57  425   93.00000   48.00000  48.4%   322 2202s
  8317  7345   66.00000   87  352   93.00000   48.00000  48.4%   306 2310s
  9447  7728   48.00000   30  373   93.00000   48.00000  48.4%   287 2398s
 10417  8050   56.00000   45  346   93.00000   48.00000  48.4%   278 2486s
 11229  8619   56.00000   46  333   93.00000   48.00000  48.4%   268 2575s
 12380  8413   56.00000   47  328   93.00000   48.00000  48.4%   256 2662s
 12596  8796   56.00000   48  412   93.00000   48.00000  48.4%   254 2753s
 13171  9637   56.00000   49  364   93.00000   48.00000  48.4%   252 2843s
 14417  9273   90.00000   90  272   93.00000   48.00000  48.4%   245 2935s
 14495  9276   92.00000   93  235   93.00000   48.00000  48.4%   244 3026s
 14530  9383   92.00000   94  230   93.00000   48.00000  48.4%   244 3125s
 14652  9368   92.00000   95  159   93.00000   48.00000  48.4%   244 3216s
H14654  9117                      93.0000000   48.00000  48.4%   244 3216s
 14680 10277   92.00000   96  132   93.00000   48.00000  48.4%   243 3322s
 16203 10684   92.00000  109  156   93.00000   48.00000  48.4%   235 3409s
 17324 11002   92.00000  114  182   93.00000   48.00000  48.4%   230 3494s
 18230 11430   74.00000   47  375   93.00000   48.00000  48.4%   226 3582s
 19190 11123   87.00000   75  265   93.00000   48.00000  48.4%   223 3600s

Cutting planes:
  Learned: 1174
  Gomory: 2
  Lift-and-project: 48
  Cover: 90
  MIR: 178
  StrongCG: 5
  Flow cover: 793
  GUB cover: 2
  Zero half: 23
  RLT: 276
  Relax-and-lift: 22

Explored 19209 nodes (4347062 simplex iterations) in 3600.13 seconds (2308.05 work units)
Thread count was 32 (of 32 available processors)

Solution count 10: 93 93 93 ... 98

Time limit reached
Best objective 9.299999998120e+01, best bound 4.800000000000e+01, gap 48.3871%
