
Gurobi 13.0.0 (linux64) logging started Wed Nov 26 23:28:49 2025

Set parameter LogFile to value "./Results/StripPacking-BranchSP/Logs/SUspb-010-StripPacking-10-0.log"
Set parameter TimeLimit to value 3600
Set parameter Cuts to value 0
Set parameter Presolve to value 1
Set parameter Heuristics to value 0
Set parameter LogToConsole to value 0
Set parameter LPWarmStart to value 2
Gurobi Optimizer version 13.0.0 build v13.0.0rc1 (linux64 - "Debian GNU/Linux 12 (bookworm)")

CPU model: Intel(R) Xeon(R) CPU E5-2630 v3 @ 2.40GHz, instruction set [SSE2|AVX|AVX2]
Thread count: 16 physical cores, 32 logical processors, using up to 32 threads

Non-default parameters:
TimeLimit  3600
LPWarmStart  2
Heuristics  0
Cuts  0
LogToConsole  0
Presolve  1

Optimize a model with 2035 rows, 201 columns and 5780 nonzeros (Min)
Model fingerprint: 0x81da82df
Model has 1 linear objective coefficients
Variable types: 21 continuous, 180 integer (180 binary)
Coefficient statistics:
  Matrix range     [1e+00, 1e+04]
  Objective range  [1e+00, 1e+00]
  Bounds range     [1e+00, 1e+04]
  RHS range        [1e+00, 1e+04]
Using branch priorities.

Warning: Completing partial solution with 180 unfixed non-continuous variables out of 180
User MIP start produced solution with objective 50 (0.00s)
Loaded user MIP start with objective 50

Presolve removed 365 rows and 22 columns
Presolve time: 0.02s
Presolved: 1670 rows, 179 columns, 4921 nonzeros
Variable types: 21 continuous, 158 integer (158 binary)

Root relaxation: objective 3.500000e+01, 220 iterations, 0.01 seconds (0.01 work units)

    Nodes    |    Current Node    |     Objective Bounds      |     Work
 Expl Unexpl |  Obj  Depth IntInf | Incumbent    BestBd   Gap | It/Node Time

     0     0   35.00000    0    6   50.00000   35.00000  30.0%     -    0s
     0     0   35.00000    0    6   50.00000   35.00000  30.0%     -    0s
     0     2   35.00000    0    6   50.00000   35.00000  30.0%     -    0s
*  159   192              12      48.0000000   35.00000  27.1%  12.4    0s
*  279   250              16      45.0000000   35.00000  22.2%  11.8    0s
*  318   270              19      44.0000000   35.00000  20.5%  11.3    0s
*  510   322              26      43.0000000   35.00000  18.6%  10.5    0s
*  512   322              26      42.0000000   35.00000  16.7%  10.4    0s
*  663   370              23      41.0000000   35.00000  14.6%  10.8    0s
* 5507   555              23      40.0000000   37.00000  7.50%   9.7    0s
* 8848   591              25      39.0000000   38.00000  2.56%   9.1    0s

Explored 16070 nodes (126318 simplex iterations) in 1.13 seconds (0.67 work units)
Thread count was 32 (of 32 available processors)

Solution count 9: 39 40 41 ... 50

Optimal solution found (tolerance 1.00e-04)
Best objective 3.900000000000e+01, best bound 3.900000000000e+01, gap 0.0000%
