
Gurobi 13.0.0 (linux64) logging started Thu Nov 27 05:45:25 2025

Set parameter LogFile to value "./Results/StripPacking-BranchSP/Logs/SUspb-010-StripPacking-50-0.log"
Set parameter TimeLimit to value 3600
Set parameter Cuts to value 0
Set parameter Presolve to value 1
Set parameter Heuristics to value 0
Set parameter LogToConsole to value 0
Set parameter LPWarmStart to value 2
Gurobi Optimizer version 13.0.0 build v13.0.0rc1 (linux64 - "Debian GNU/Linux 12 (bookworm)")

CPU model: Intel(R) Xeon(R) CPU E5-2630 v3 @ 2.40GHz, instruction set [SSE2|AVX|AVX2]
Thread count: 16 physical cores, 32 logical processors, using up to 32 threads

Non-default parameters:
TimeLimit  3600
LPWarmStart  2
Heuristics  0
Cuts  0
LogToConsole  0
Presolve  1

Optimize a model with 251175 rows, 5001 columns and 744900 nonzeros (Min)
Model fingerprint: 0x45fb5c8b
Model has 1 linear objective coefficients
Variable types: 101 continuous, 4900 integer (4900 binary)
Coefficient statistics:
  Matrix range     [1e+00, 1e+04]
  Objective range  [1e+00, 1e+00]
  Bounds range     [1e+00, 1e+04]
  RHS range        [1e+00, 1e+04]
Using branch priorities.

Warning: Completing partial solution with 4900 unfixed non-continuous variables out of 4900
User MIP start produced solution with objective 191.6 (0.46s)
Loaded user MIP start with objective 191.6

Presolve removed 2450 rows and 0 columns
Presolve time: 1.97s
Presolved: 248725 rows, 5001 columns, 740000 nonzeros
Variable types: 101 continuous, 4900 integer (4900 binary)
Root relaxation presolved: 5001 rows, 253726 columns, 745001 nonzeros


Root simplex log...

Iteration    Objective       Primal Inf.    Dual Inf.      Time
    8913    3.5693037e+01   0.000000e+00   1.079229e+06      5s
   36080    3.6323649e+01   0.000000e+00   1.769147e+05     10s
   64844    3.6443801e+01   0.000000e+00   5.354105e+03     15s
   70178    3.5000000e+01   0.000000e+00   0.000000e+00     16s
   70178    3.5000000e+01   0.000000e+00   0.000000e+00     16s
   70178    3.5000000e+01   0.000000e+00   0.000000e+00     16s

Root relaxation: objective 3.500000e+01, 70178 iterations, 13.37 seconds (9.60 work units)

    Nodes    |    Current Node    |     Objective Bounds      |     Work
 Expl Unexpl |  Obj  Depth IntInf | Incumbent    BestBd   Gap | It/Node Time

     0     0   35.00000    0 2712  191.60000   35.00000  81.7%     -  117s
     0     0   35.00000    0 2712  191.60000   35.00000  81.7%     -  118s
     0     0   35.00000    0 1571  191.60000   35.00000  81.7%     -  247s
     0     2   35.00000    0 1571  191.60000   35.00000  81.7%     -  248s
     1     3   35.00000    1 1450  191.60000   35.00000  81.7%  7631  483s
     2     6   35.00000    2 1530  191.60000   35.00000  81.7%  8746  572s
     5    12   35.00000    3 1392  191.60000   35.00000  81.7%  8760  622s
    11    24   40.55769    4 1325  191.60000   35.00000  81.7%  6704  698s
    23    40   40.55769    5 1324  191.60000   35.00000  81.7%  5328 1138s
    39    89   41.82353    6 1101  191.60000   35.00000  81.7%  6361 1208s
    88   144   44.64912   11 1215  191.60000   35.00000  81.7%  3853 1248s
   143   217   44.64912   16 1195  191.60000   35.00000  81.7%  2744 1287s
   216   275   44.64912   21 1312  191.60000   35.00000  81.7%  2009 1319s
   274   325   44.64912   23 1285  191.60000   35.00000  81.7%  1726 1348s
   324   377   44.64912   26 1356  191.60000   35.00000  81.7%  1559 1377s
   376   408   44.64912   31 1380  191.60000   35.00000  81.7%  1401 1405s
   407   462   77.31991   33 1486  191.60000   35.00000  81.7%  1367 1428s
   461   502   77.31991   35 1432  191.60000   35.00000  81.7%  1284 1459s
   501   536   77.31991   38 1408  191.60000   35.00000  81.7%  1236 1493s
   535   598   89.31991   43 1306  191.60000   35.00000  81.7%  1203 1521s
   597   663   89.31991   49 1324  191.60000   35.00000  81.7%  1121 1550s
   662   754   89.31991   56 1321  191.60000   35.00000  81.7%  1071 1575s
   756   842   90.02844   64 1309  191.60000   35.00000  81.7%   982 1599s
   844   939  120.30213   67 1359  191.60000   35.00000  81.7%   925 1626s
   941  1065  120.30213   69 1337  191.60000   35.00000  81.7%   872 1659s
  1077  1220  120.30213   81 1306  191.60000   35.00000  81.7%   794 1689s
  1232  1358  120.30213   89 1338  191.60000   35.00000  81.7%   726 1714s
  1370  1486  135.04739  105 1279  191.60000   35.00000  81.7%   682 1744s
  1498  1608  135.04739  123 1272  191.60000   35.00000  81.7%   653 1772s
  1620  1728  155.00000  128 1126  191.60000   35.00000  81.7%   637 1803s
  1740  1853  155.00000  138 1158  191.60000   35.00000  81.7%   627 1828s
  1867  2030  155.00000  143 1098  191.60000   35.00000  81.7%   619 1856s
  2046  2221  164.00000  163 1058  191.60000   35.00000  81.7%   596 1896s
  2240  2222   44.64912   13 1571  191.60000   35.00000  81.7%   573 1911s
  2242  2223  103.00000  151 2909  191.60000   35.00000  81.7%   572 2085s
  2243  2224   87.00000   68 1705  191.60000   35.00000  81.7%   572 2279s
  2245  2227   35.00000   16 1537  191.60000   35.00000  81.7%   655 2307s
  2246  2228   35.00000   16 1276  191.60000   35.00000  81.7%   658 2339s
  2247  2232   35.00000   17 1192  191.60000   35.00000  81.7%   660 2373s
  2251  2238   35.00000   18 1141  191.60000   35.00000  81.7%   665 2407s
  2259  2251   52.00000   19 1093  191.60000   35.00000  81.7%   676 2462s
  2274  2261   52.00000   20 1083  191.60000   35.00000  81.7%   688 2491s
  2289  2304   52.00000   21 1052  191.60000   35.00000  81.7%   688 2540s
  2337  2320   58.00000   23 1037  191.60000   35.00000  81.7%   700 2585s
  2369  2341   52.00000   24 1071  191.60000   35.00000  81.7%   702 2618s
  2401  2368   52.00000   25  903  191.60000   35.00000  81.7%   709 2649s
  2439  2393   52.00000   26  957  191.60000   35.00000  81.7%   721 2682s
  2476  2424   52.00000   27  918  191.60000   35.00000  81.7%   729 2710s
  2520  2444   52.00000   28 1075  191.60000   35.00000  81.7%   738 2744s
  2554  2470   52.00000   29  959  191.60000   35.00000  81.7%   747 2781s
  2592  2502   52.00000   30  980  191.60000   35.00000  81.7%   753 2811s
  2636  2524   52.00000   31  911  191.60000   35.00000  81.7%   758 2839s
  2673  2566   52.00000   32  884  191.60000   35.00000  81.7%   766 2868s
  2727  2600   52.00000   33  902  191.60000   35.00000  81.7%   767 2895s
  2779  2628   52.00000   34  869  191.60000   35.00000  81.7%   771 2926s
  2825  2661   65.00000   35  742  191.60000   35.00000  81.7%   778 2954s
  2873  2706   78.00000   36  694  191.60000   35.00000  81.7%   782 2984s
  2934  2756   78.00000   38  681  191.60000   35.00000  81.7%   784 3015s
  3004  2807   99.00000   40  619  191.60000   35.00000  81.7%   784 3048s
  3079  2865   99.00000   45  550  191.60000   35.00000  81.7%   785 3089s
  3162  2917   99.00000   48  543  191.60000   35.00000  81.7%   785 3118s
  3241  2983   99.00000   51  865  191.60000   35.00000  81.7%   786 3159s
  3334  3066   99.00000   51  542  191.60000   35.00000  81.7%   783 3198s
  3448  3152   99.00000   54  516  191.60000   35.00000  81.7%   775 3233s
  3572  3213  112.00000   59  619  191.60000   35.00000  81.7%   769 3277s
  3674  3325  112.00000   63  541  191.60000   35.00000  81.7%   766 3318s
  3820  3439  112.00000   70  688  191.60000   35.00000  81.7%   754 3360s
  3985  3571  112.00000   71  550  191.60000   35.00000  81.7%   743 3399s
  4174  3708  112.00000   77  502  191.60000   35.00000  81.7%   728 3449s
  4374  3863  112.00000   81  584  191.60000   35.00000  81.7%   712 3490s
  4595  3957  112.00000   88  449  191.60000   35.00000  81.7%   694 3545s
* 4738  3626             317     191.0000000   35.00000  81.7%   688 3545s
  4779  3762  112.00000   91  441  191.00000   35.00000  81.7%   685 3580s
  4988  3853  112.00000   92  438  191.00000   35.00000  81.7%   673 3600s

Explored 5150 nodes (3541148 simplex iterations) in 3600.16 seconds (2643.37 work units)
Thread count was 32 (of 32 available processors)

Solution count 2: 191 191.6 

Time limit reached
Best objective 1.910000000000e+02, best bound 3.500000000000e+01, gap 81.6754%
