
Gurobi 13.0.0 (linux64) logging started Mon Nov 24 12:01:33 2025

Set parameter LogFile to value "./Results/StripPacking-CutHeur/Logs/HU-010-StripPacking-15-0.log"
Set parameter TimeLimit to value 3600
Set parameter Cuts to value 0
Set parameter Presolve to value 1
Set parameter Heuristics to value 0
Set parameter LogToConsole to value 0
Set parameter LPWarmStart to value 2
Warning: linear constraint 855 and linear constraint 1275 have the same name "PM[B0,B1,0]"
Warning: linear constraint 855 and linear constraint 1275 have the same name "PM[B0,B1,0]"
Warning: default constraint names used to write mps file
Gurobi Optimizer version 13.0.0 build v13.0.0rc1 (linux64 - "Debian GNU/Linux 12 (bookworm)")

CPU model: Intel(R) Xeon(R) CPU E5-2630 v3 @ 2.40GHz, instruction set [SSE2|AVX|AVX2]
Thread count: 16 physical cores, 32 logical processors, using up to 32 threads

Non-default parameters:
TimeLimit  3600
LPWarmStart  2
Heuristics  0
Cuts  0
LogToConsole  0
Presolve  1

Optimize a model with 2010 rows, 451 columns and 5490 nonzeros (Min)
Model fingerprint: 0xdd29dc9e
Model has 1 linear objective coefficients
Variable types: 31 continuous, 420 integer (420 binary)
Coefficient statistics:
  Matrix range     [1e+00, 1e+04]
  Objective range  [1e+00, 1e+00]
  Bounds range     [1e+00, 1e+04]
  RHS range        [1e+00, 1e+04]

Warning: Completing partial solution with 420 unfixed non-continuous variables out of 420
User MIP start produced solution with objective 62.1 (0.00s)
User MIP start produced solution with objective 62.1 (0.00s)
Loaded user MIP start with objective 62.1

Presolve removed 210 rows and 0 columns
Presolve time: 0.02s
Presolved: 1800 rows, 451 columns, 5653 nonzeros
Variable types: 31 continuous, 420 integer (420 binary)

Root relaxation: objective 3.200000e+01, 265 iterations, 0.01 seconds (0.00 work units)

    Nodes    |    Current Node    |     Objective Bounds      |     Work
 Expl Unexpl |  Obj  Depth IntInf | Incumbent    BestBd   Gap | It/Node Time

     0     0   32.00000    0   36   62.10000   32.00000  48.5%     -    0s
     0     0   32.00000    0   36   62.10000   32.00000  48.5%     -    0s
     0     0   32.00000    0   36   62.10000   32.00000  48.5%     -    0s
     0     2   32.00000    0   35   62.10000   32.00000  48.5%     -    0s
*  755   886              54      61.0000000   32.00000  47.5%  25.1    0s
*  805   886              47      57.0000000   32.00000  43.9%  24.6    0s
* 1249  1050              49      55.0000000   32.00000  41.8%  22.0    0s
* 1826  1192              45      54.0000000   32.00000  40.7%  20.1    0s
* 2300  1386              59      52.0000000   32.00000  38.5%  19.5    0s
* 3956  2030              48      51.0000000   32.00000  37.3%  21.3    1s
* 4237  2089              38      50.0000000   32.00000  36.0%  23.0    1s
* 4577  2060              47      49.0000000   32.00000  34.7%  24.8    1s
* 4756  1997              48      48.0000000   32.00000  33.3%  25.8    2s
* 4931  1994              48      47.0000000   32.00000  31.9%  26.5    2s
* 7993  2158              43      46.0000000   32.00000  30.4%  34.4    4s
  9462  2512   41.00000   37   36   46.00000   32.00000  30.4%  33.9    5s
 14469  3602   45.00000   38   34   46.00000   32.00000  30.4%  42.5   10s
 19117  4311 infeasible   40        46.00000   32.00000  30.4%  49.5   15s
*26846  3955              39      45.0000000   34.00000  24.4%  50.9   19s
 27036  3950 infeasible   37        45.00000   34.00000  24.4%  51.0   20s
 31983  4265     cutoff   47        45.00000   34.00000  24.4%  52.2   25s
 37039  3267 infeasible   50        45.00000   34.00000  24.4%  54.6   30s
 42421  2654   43.00000   47   69   45.00000   37.00000  17.8%  56.3   35s
 48709  3272   38.00000   48   36   45.00000   38.00000  15.6%  57.7   40s
 55285  3781   43.00000   51   42   45.00000   38.00000  15.6%  59.0   45s
 61340  3955 infeasible   43        45.00000   38.00000  15.6%  59.9   50s
 68881  3987 infeasible   44        45.00000   39.00000  13.3%  60.7   55s
 75479  3739   39.00000   48   55   45.00000   39.00000  13.3%  61.7   60s
 81096  3440     cutoff   38        45.00000   39.00000  13.3%  62.4   65s
 90089  3062 infeasible   47        45.00000   39.00000  13.3%  63.2   71s
 95521  2920     cutoff   56        45.00000   40.00000  11.1%  63.4   75s
 104023  2596   43.00000   42   54   45.00000   40.00000  11.1%  64.0   81s
 110704  2688 infeasible   40        45.00000   41.00000  8.89%  64.4   85s
 120455  2834     cutoff   48        45.00000   41.00000  8.89%  64.9   91s
 127277  2747 infeasible   56        45.00000   41.00000  8.89%  65.1   96s
 133870  2351 infeasible   57        45.00000   41.00000  8.89%  65.3  100s
 144369  2407 infeasible   50        45.00000   42.00000  6.67%  65.2  106s
 151067  2343   43.00000   53   34   45.00000   42.00000  6.67%  65.1  110s
 160474  2011   43.00000   41   28   45.00000   43.00000  4.44%  65.5  116s
 167223  1723 infeasible   42        45.00000   43.00000  4.44%  65.6  121s
 176864  1483   43.00000   52   22   45.00000   43.00000  4.44%  65.8  126s
 183226  1204   43.00000   51   41   45.00000   43.00000  4.44%  65.9  130s
 193571   591   43.00000   44   34   45.00000   43.00000  4.44%  65.8  136s
 199480     8   44.00000   55   20   45.00000   44.00000  2.22%  65.8  140s

Explored 200756 nodes (13198870 simplex iterations) in 140.05 seconds (33.74 work units)
Thread count was 32 (of 32 available processors)

Solution count 10: 45 45 46 ... 54

Optimal solution found (tolerance 1.00e-04)
Best objective 4.500000000000e+01, best bound 4.499999999540e+01, gap 0.0000%
