
Gurobi 13.0.0 (linux64) logging started Mon Nov 24 16:57:06 2025

Set parameter LogFile to value "./Results/StripPacking-CutHeur/Logs/HU-010-StripPacking-20-0.log"
Set parameter TimeLimit to value 3600
Set parameter Cuts to value 0
Set parameter Presolve to value 1
Set parameter Heuristics to value 0
Set parameter LogToConsole to value 0
Set parameter LPWarmStart to value 2
Warning: linear constraint 2425 and linear constraint 3625 have the same name "PM[B0,B1,0]"
Warning: linear constraint 2425 and linear constraint 3625 have the same name "PM[B0,B1,0]"
Warning: default constraint names used to write mps file
Gurobi Optimizer version 13.0.0 build v13.0.0rc1 (linux64 - "Debian GNU/Linux 12 (bookworm)")

CPU model: Intel(R) Xeon(R) CPU E5-2630 v3 @ 2.40GHz, instruction set [SSE2|AVX|AVX2]
Thread count: 16 physical cores, 32 logical processors, using up to 32 threads

Non-default parameters:
TimeLimit  3600
LPWarmStart  2
Heuristics  0
Cuts  0
LogToConsole  0
Presolve  1

Optimize a model with 5725 rows, 1251 columns and 15650 nonzeros (Min)
Model fingerprint: 0x01599eb6
Model has 1 linear objective coefficients
Variable types: 51 continuous, 1200 integer (1200 binary)
Coefficient statistics:
  Matrix range     [1e+00, 1e+04]
  Objective range  [1e+00, 1e+00]
  Bounds range     [1e+00, 1e+04]
  RHS range        [1e+00, 1e+04]

Warning: Completing partial solution with 1200 unfixed non-continuous variables out of 1200
User MIP start produced solution with objective 104.8 (0.01s)
Loaded user MIP start with objective 104.8

Presolve removed 600 rows and 0 columns
Presolve time: 0.03s
Presolved: 5125 rows, 1251 columns, 14450 nonzeros
Variable types: 51 continuous, 1200 integer (1200 binary)

Root relaxation: objective 3.600000e+01, 797 iterations, 0.03 seconds (0.03 work units)

    Nodes    |    Current Node    |     Objective Bounds      |     Work
 Expl Unexpl |  Obj  Depth IntInf | Incumbent    BestBd   Gap | It/Node Time

     0     0   36.00000    0  157  104.80000   36.00000  65.6%     -    0s
     0     0   36.00000    0  150  104.80000   36.00000  65.6%     -    0s
     0     0   36.00000    0  122  104.80000   36.00000  65.6%     -    0s
     0     2   36.00000    0  121  104.80000   36.00000  65.6%     -    0s
* 1552  1528              93     100.0000000   36.00000  64.0%  74.9    1s
  3348  2844   57.00000   23  131  100.00000   36.00000  64.0%  65.8    5s
* 5560  3945             120      99.0000000   36.00000  63.6%  70.7    9s
  5759  4138   50.00000   50  171   99.00000   36.00000  63.6%  71.3   10s
* 7374  4693             117      96.0000000   36.00000  62.5%  69.4   12s
* 7537  4452              91      95.0000000   36.00000  62.1%  69.3   12s
* 8378  4581              87      94.0000000   36.00000  61.7%  68.9   14s
  9003  4853 infeasible   80        94.00000   36.00000  61.7%  68.5   15s
* 9762  5244              72      93.0000000   36.00000  61.3%  67.2   15s
*10352  5433              83      92.0000000   36.00000  60.9%  67.0   16s
*12194  6871              77      91.0000000   36.00000  60.4%  66.3   19s
 13138  7626   74.00000   47  164   91.00000   36.00000  60.4%  65.3   20s
*13762  8083             106      90.0000000   36.00000  60.0%  65.1   20s
*14613  7868              97      87.0000000   36.00000  58.6%  64.5   22s
*16629  8881              78      86.0000000   36.00000  58.1%  65.0   24s
 16717  9118   78.00000   47  161   86.00000   36.00000  58.1%  65.1   25s
 20363 11811   82.00000   50  138   86.00000   36.00000  58.1%  64.8   30s
 23558 14576   65.00000   54  155   86.00000   36.00000  58.1%  65.4   35s
*23955 13862              83      85.0000000   36.00000  57.6%  65.0   35s
 28174 16110   61.00000   46  178   85.00000   36.00000  57.6%  65.1   41s
 29981 19327   58.00000   54  126   85.00000   36.00000  57.6%  67.8   46s
 34376 20426   64.00000   56  133   85.00000   36.00000  57.6%  67.9   50s
 36780 23165   61.00000   52  224   85.00000   36.00000  57.6%  69.4   55s
 41027 25577   83.00000   84   79   85.00000   36.00000  57.6%  69.4   60s
 44869 27852   36.00000   43  226   85.00000   36.00000  57.6%  70.3   66s
 49771 30926   41.00000   39  170   85.00000   36.00000  57.6%  68.7   70s
*51921 29535             102      84.0000000   36.00000  57.1%  69.3   72s
 55882 31924   61.00000   52  128   84.00000   36.00000  57.1%  68.0   76s
 58392 34024   82.00000   59   91   84.00000   36.00000  57.1%  69.1   81s
 66000 38681   51.00000   33  195   84.00000   36.00000  57.1%  67.8   86s
 68422 40283   66.00000   62  155   84.00000   36.00000  57.1%  68.7   91s
*70041 38788              64      83.0000000   36.00000  56.6%  69.6   94s
 71517 41756   79.00000   55  122   83.00000   36.00000  56.6%  70.1   97s
*77346 38855              79      81.0000000   36.00000  55.6%  69.0   99s
 78152 39825   53.00000   36  195   81.00000   36.00000  55.6%  69.5  102s
 79853 41034     cutoff   56        81.00000   36.00000  55.6%  70.1  106s
 87585 46055 infeasible   55        81.00000   36.00000  55.6%  69.3  112s
 89586 48132   65.00000   51  166   81.00000   36.00000  55.6%  70.3  118s
 93007 53951   36.00000   27  211   81.00000   36.00000  55.6%  71.4  122s
 101887 55200   61.00000   51  107   81.00000   36.00000  55.6%  70.4  126s
 105747 57703   76.00000   60  123   81.00000   36.00000  55.6%  71.4  133s
 107826 59009   54.00000   38  160   81.00000   36.00000  55.6%  71.9  136s
*107978 55227              77      80.0000000   36.00000  55.0%  71.9  136s
 110003 56355   57.00000   43  135   80.00000   36.00000  55.0%  72.5  141s
 112143 58049   36.00000   38  216   80.00000   36.00000  55.0%  73.3  145s
 122307 64037   36.66146   38  228   80.00000   36.00000  55.0%  72.9  152s
 124305 65974     cutoff   47        80.00000   36.00000  55.0%  73.4  158s
 127633 67905 infeasible   71        80.00000   36.00000  55.0%  74.2  163s
 130773 69945   70.00000   71  105   80.00000   36.00000  55.0%  74.9  169s
 133887 76229   72.00000   52  160   80.00000   36.00000  55.0%  76.1  174s
 144134 77426 infeasible   86        80.00000   36.00000  55.0%  74.4  177s
 145861 78685   77.00000   58  162   80.00000   36.00000  55.0%  75.0  181s
 149953 81342   72.00000   58  124   80.00000   36.00000  55.0%  76.1  189s
 152351 82564   72.00000   62  123   80.00000   36.00000  55.0%  76.6  193s
 154445 85339   79.00000   58   73   80.00000   36.00000  55.0%  77.1  199s
 158627 86999   55.00000   46  177   80.00000   36.00000  55.0%  78.0  204s
 161433 88711   61.00000   42  172   80.00000   36.00000  55.0%  78.5  209s
 164452 93730   79.00000   62  112   80.00000   36.00000  55.0%  79.0  213s
 172670 94851   60.00000   38  143   80.00000   36.00000  55.0%  78.4  217s
 174598 95804   64.00000   46  178   80.00000   36.00000  55.0%  78.8  221s
 176620 97079 infeasible   59        80.00000   36.00000  55.0%  79.2  225s
 181249 99727   78.00000   61   71   80.00000   36.00000  55.0%  80.0  234s
*182470 91829              73      79.0000000   36.00000  54.4%  80.1  234s
 183429 93556   59.00000   54  177   79.00000   36.00000  54.4%  80.3  239s
 186605 99312   78.00000   65   93   79.00000   36.00000  54.4%  80.8  244s
 196151 100255   72.00000   47  112   79.00000   36.00000  54.4%  79.6  247s
 197804 101122   51.00000   39  198   79.00000   36.00000  54.4%  79.9  251s
 199516 102268 infeasible   56        79.00000   36.00000  54.4%  80.2  255s
 203640 104536   39.00000   17  187   79.00000   36.00000  54.4%  80.9  263s
 205937 106171 infeasible   64        79.00000   36.00000  54.4%  81.2  267s
 208355 107483 infeasible   48        79.00000   36.00000  54.4%  81.7  272s
 210797 108842   75.00000   78   47   79.00000   36.00000  54.4%  82.2  276s
 212891 114512   77.00000   56  111   79.00000   36.00000  54.4%  82.6  281s
 224032 116097   59.00000   40  202   79.00000   36.00000  54.4%  81.6  287s
 225451 117044   61.00000   58  132   79.00000   36.00000  54.4%  81.9  290s
 228862 119227   71.00000   53  109   79.00000   36.00000  54.4%  82.5  298s
 230894 120415   77.00000   56  113   79.00000   36.00000  54.4%  82.8  302s
 233038 121830   76.00000   61   74   79.00000   36.00000  54.4%  83.2  306s
 235493 123115   61.00000   43  190   79.00000   36.00000  54.4%  83.5  311s
 237899 125199   62.00000   50  141   79.00000   36.00000  54.4%  83.9  316s
 241415 126551   39.30168   49  195   79.00000   36.00000  54.4%  84.1  321s
 243624 131418   73.00000   71   87   79.00000   36.00000  54.4%  84.4  326s
 253331 133226 infeasible   66        79.00000   36.00000  54.4%  84.1  332s
 255098 134406   77.00000   43  103   79.00000   36.00000  54.4%  84.3  336s
 256941 135473   63.00000   66  114   79.00000   36.00000  54.4%  84.6  340s
 261140 138095   73.00000   55  122   79.00000   36.00000  54.4%  85.2  348s
 263461 139313   67.00000   50  215   79.00000   36.00000  54.4%  85.6  354s
 265764 140696   61.00000   40  150   79.00000   36.00000  54.4%  86.0  359s
 268365 141998   77.00000   69  102   79.00000   36.00000  54.4%  86.4  364s
 271239 145702   71.00000   47  140   79.00000   36.00000  54.4%  86.8  368s
 277732 146356   61.00000   59  136   79.00000   36.00000  54.4%  86.3  370s
 279999 147737   65.00000   44  135   79.00000   36.00000  54.4%  86.6  376s
 283119 149594   61.00000   61  165   79.00000   36.00000  54.4%  87.1  383s
 284817 150654   76.00000   58  105   79.00000   36.00000  54.4%  87.3  387s
 286813 151829 infeasible   55        79.00000   36.00000  54.4%  87.6  391s
 288949 152814   61.00000   53  168   79.00000   36.00000  54.4%  87.8  396s
 291113 154159   72.00000   52  154   79.00000   36.00000  54.4%  88.2  400s
 293623 155500   78.00000   53  103   79.00000   36.00000  54.4%  88.5  406s
 296174 160446   77.00000   42  139   79.00000   36.00000  54.4%  88.9  410s
 305176 161625   73.00000   68  147   79.00000   36.00000  54.4%  87.9  415s
 307389 162901   78.00000   56  118   79.00000   36.00000  54.4%  88.2  421s
 310644 164414   71.00000   56  132   79.00000   36.00000  54.4%  88.6  427s
 313554 166327 infeasible   61        79.00000   36.00000  54.4%  89.0  433s
 317059 168224   78.00000   61   69   79.00000   36.82475  53.4%  89.3  439s
 320510 170397   64.00000   40  163   79.00000   37.00000  53.2%  89.5  445s
 323996 175659   76.00000   90   37   79.00000   37.00000  53.2%  89.7  450s
 334852 178334 infeasible   57        79.00000   37.00000  53.2%  89.1  459s
 337174 180241   57.00000   44  207   79.00000   37.00000  53.2%  89.2  465s
 340480 182098     cutoff   72        79.00000   37.00000  53.2%  89.5  470s
 343633 184030   62.00000   45  180   79.00000   37.00000  53.2%  89.8  476s
 347010 189550   60.00000   41  214   79.00000   37.00000  53.2%  90.0  481s
 356985 190430 infeasible   49        79.00000   37.11988  53.0%  89.2  485s
 360600 192587   75.00000   45  221   79.00000   38.00000  51.9%  89.6  493s
 362806 194156   72.00000   57  102   79.00000   38.72522  51.0%  89.7  497s
 365420 195782 infeasible   56        79.00000   39.00000  50.6%  89.8  502s
 368083 197733   74.00000   47  120   79.00000   39.00000  50.6%  89.9  507s
 371200 203407   78.00000   52  139   79.00000   39.00000  50.6%  90.0  511s
 382104 205588   73.00000   51  123   79.00000   39.00000  50.6%  89.2  518s
 383878 206871   53.00000   53  125   79.00000   39.00000  50.6%  89.3  521s
 385861 207954   70.00000   47  137   79.00000   39.00000  50.6%  89.5  525s
 390341 210564   72.00000   49   82   79.00000   39.00000  50.6%  89.7  534s
 392861 211981   57.00000   46  175   79.00000   39.00000  50.6%  89.8  538s
 395328 216428   78.00000   66   62   79.00000   39.83038  49.6%  90.0  542s
 403689 217702 infeasible   53        79.00000   40.00000  49.4%  89.3  547s
 404946 218444   76.00000   41  133   79.00000   40.00000  49.4%  89.4  550s
 407906 220345   57.00000   43  154   79.00000   40.00000  49.4%  89.7  556s
 409701 221451   74.00000   64  109   79.00000   40.00000  49.4%  89.8  560s
 413750 226574   78.00000   68   52   79.00000   40.00000  49.4%  90.0  568s
 421539 227383 infeasible   74        79.00000   40.00000  49.4%  89.2  570s
 424569 229448     cutoff   62        79.00000   40.00000  49.4%  89.5  578s
 427073 230923   50.00000   62  177   79.00000   40.00000  49.4%  89.7  584s
 430214 232637   63.00000   43  152   79.00000   40.00000  49.4%  89.8  589s
 433301 234204   69.00000   53  167   79.00000   40.00000  49.4%  90.0  595s
 436487 235879   69.00000   46  136   79.00000   40.00000  49.4%  90.2  601s
 439694 241555   60.00000   47  187   79.00000   40.00000  49.4%  90.4  606s
 451692 243794   61.00000   51  142   79.00000   40.00000  49.4%  89.7  613s
 453625 244969 infeasible   65        79.00000   40.00000  49.4%  89.8  618s
 455852 246798   67.00000   52  153   79.00000   40.57054  48.6%  90.0  624s
 459173 248440 infeasible   44        79.00000   41.00000  48.1%  90.2  630s
 462641 250309   78.00000   47  112   79.00000   41.00000  48.1%  90.4  636s
 466034 256152   48.00000   41  137   79.00000   41.00000  48.1%  90.5  641s
 478192 258603   48.00000   39  198   79.00000   41.00000  48.1%  89.8  648s
 480221 260045   78.00000   63   45   79.00000   41.00000  48.1%  90.0  652s
 482510 261521   71.00000   54  125   79.00000   41.00000  48.1%  90.1  657s
 484997 263160   74.00000   66   61   79.00000   41.00000  48.1%  90.2  662s
 488063 264798   50.00000   39  144   79.00000   41.00000  48.1%  90.3  668s
 491221 267721   74.00000   49  136   79.00000   42.00000  46.8%  90.5  674s
 496379 269016   75.00000   51  142   79.00000   42.00000  46.8%  90.4  679s
 498922 270353   68.00000   52  203   79.00000   42.00000  46.8%  90.6  684s
 501727 272135   58.00000   41  140   79.00000   42.00000  46.8%  90.8  689s
 504602 277905   76.00000   58  105   79.00000   42.00000  46.8%  91.0  694s
 514750 279553     cutoff   56        79.00000   42.00000  46.8%  90.2  698s
 517200 280759   66.00000   61  113   79.00000   42.00000  46.8%  90.3  704s
 520242 282675   78.00000   67   95   79.00000   42.00000  46.8%  90.5  710s
 523664 284551   61.00000   60  147   79.00000   42.00000  46.8%  90.6  716s
 527004 286430   78.00000   54  158   79.00000   42.00000  46.8%  90.7  721s
 530198 288406   77.00000   43  137   79.00000   42.00000  46.8%  90.9  727s
 533428 294494   57.00000   27  169   79.00000   42.00000  46.8%  91.0  732s
 543635 295984   74.00000   59  137   79.00000   42.00000  46.8%  90.4  736s
 546287 297536     cutoff   61        79.00000   42.00000  46.8%  90.4  741s
 549429 299310   76.00000   74   65   79.00000   42.00000  46.8%  90.5  747s
 552509 301042   78.00000   67  145   79.00000   42.00000  46.8%  90.7  752s
 555498 302897   61.00000   53  161   79.00000   42.00000  46.8%  90.8  758s
 558783 306324   44.84906   35  203   79.00000   42.00000  46.8%  90.9  763s
 564559 308087     cutoff   65        79.00000   42.00000  46.8%  90.7  767s
 567235 309811   71.00000   53  195   79.00000   42.00000  46.8%  90.8  772s
 569963 315036   61.00000   47  199   79.00000   42.00000  46.8%  90.9  776s
 579423 316540   75.00000   50  115   79.00000   42.00000  46.8%  90.2  781s
 581966 318271   78.00000   52   69   79.00000   42.00000  46.8%  90.4  787s
 585180 319707   48.00000   23  172   79.00000   42.00000  46.8%  90.5  792s
 588315 321344   78.00000   52  145   79.00000   42.00000  46.8%  90.6  798s
 591332 323376 infeasible   52        79.00000   42.00000  46.8%  90.7  803s
 594804 325349   74.00000   66  117   79.00000   43.00000  45.6%  90.8  809s
 597989 331049   45.00000   34  186   79.00000   43.00000  45.6%  90.9  814s
 608005 332043   78.00000   77   76   79.00000   43.00000  45.6%  90.3  817s
 609784 333321   73.00000   56   95   79.00000   43.00000  45.6%  90.3  822s
 612180 334878   74.00000   68   78   79.00000   43.00000  45.6%  90.4  827s
 615487 336405     cutoff   51        79.00000   43.00000  45.6%  90.5  833s
 618643 338146 infeasible   61        79.00000   43.00000  45.6%  90.6  839s
 621701 339580     cutoff   53        79.00000   43.00000  45.6%  90.8  845s
 629047 345607   76.00000   51  119   79.00000   43.00000  45.6%  90.7  850s
 637120 347830   70.00000   58  121   79.00000   44.00000  44.3%  90.4  857s
 639109 349336 infeasible   58        79.00000   44.00000  44.3%  90.5  862s
 641557 351376   77.00000   75   53   79.00000   44.00000  44.3%  90.5  867s
 644826 353185   76.00000   52  141   79.00000   44.00000  44.3%  90.7  873s
 647975 355255   78.00000   50   79   79.00000   44.00000  44.3%  90.8  879s
 651314 361189   71.00000   58  123   79.00000   44.00000  44.3%  90.9  884s
 661713 362038 infeasible   96        79.00000   44.00000  44.3%  90.3  887s
 663447 362896   66.00000   64  146   79.00000   44.00000  44.3%  90.4  891s
 665372 364015   77.00000   43  154   79.00000   44.00000  44.3%  90.5  895s
 669783 366058   58.00000   40  140   79.00000   44.00000  44.3%  90.6  904s
 672108 367692   77.00000   56   65   79.00000   44.00000  44.3%  90.7  910s
 675421 369329 infeasible   44        79.00000   44.00000  44.3%  90.9  916s
 678625 371095   53.00000   46  176   79.00000   44.00000  44.3%  91.0  922s
 681863 376753   71.00000   47  221   79.00000   44.00000  44.3%  91.1  927s
 692353 377881   60.00000   49  140   79.00000   44.00000  44.3%  90.5  930s
 696558 380538   59.00000   54  171   79.00000   44.00000  44.3%  90.6  938s
 698792 382047   72.00000   48  149   79.00000   44.00000  44.3%  90.7  942s
 701084 383881   78.00000   62  136   79.00000   44.84906  43.2%  90.8  948s
 704601 385796   72.00000   64  122   79.00000   44.84906  43.2%  90.9  954s
 707893 387802   72.00000   48  141   79.00000   45.00000  43.0%  90.9  960s
 711046 394199   69.00000   34  132   79.00000   45.00000  43.0%  91.0  965s
 723761 396443 infeasible   46        79.00000   45.00000  43.0%  90.5  972s
 726003 397770   53.00000   36  147   79.00000   45.00000  43.0%  90.5  976s
 728319 399358   78.00000   63   45   79.00000   45.00000  43.0%  90.6  980s
 731052 401061   77.00000   69  106   79.00000   45.00000  43.0%  90.6  986s
 734020 402786   76.00000   51   99   79.00000   45.00000  43.0%  90.7  991s
 737123 408485   77.00000   49  166   79.00000   45.00000  43.0%  90.7  996s
 748792 410503   76.00000   47   93   79.00000   45.00000  43.0%  90.3 1003s
*749747 365281              83      78.0000000   45.00000  42.3%  90.3 1003s
 750760 366254   46.00000   39  145   78.00000   45.00000  42.3%  90.4 1006s
 752757 367394   54.00000   41  168   78.00000   45.00000  42.3%  90.4 1011s
 754987 368628   75.00000   41  132   78.00000   45.00000  42.3%  90.5 1015s
 757373 369736 infeasible   49        78.00000   45.00000  42.3%  90.5 1020s
 759787 371284   65.00000   52  142   78.00000   45.00000  42.3%  90.6 1025s
 763002 375011   54.00000   46  189   78.00000   45.00000  42.3%  90.7 1031s
 769652 376324   72.00000   61   70   78.00000   45.00000  42.3%  90.5 1035s
 774300 379128   75.00000   62   99   78.00000   45.00000  42.3%  90.7 1044s
 776754 380558   61.00000   51  175   78.00000   45.00000  42.3%  90.8 1049s
 779359 385398   77.00000   79   56   78.00000   45.00000  42.3%  90.9 1053s
 788399 386601   74.00000   46  129   78.00000   45.00000  42.3%  90.4 1057s
 790563 388419   73.00000   51  141   78.00000   45.00000  42.3%  90.5 1063s
 793943 390229   75.00000   53   66   78.00000   45.00000  42.3%  90.7 1070s
 797339 392026   57.00000   53  182   78.00000   45.00000  42.3%  90.8 1076s
 800529 393937   76.00000   51   70   78.00000   45.00000  42.3%  90.9 1082s
 804019 399998   77.00000   54   86   78.00000   45.00000  42.3%  91.0 1087s
 814765 401150 infeasible   59        78.00000   45.00000  42.3%  90.5 1091s
 816673 402344   46.00000   43  183   78.00000   45.00000  42.3%  90.5 1095s
 821225 405534   72.00000   46  136   78.00000   45.00000  42.3%  90.7 1105s
 824426 407046 infeasible   68        78.00000   45.00000  42.3%  90.8 1110s
 827592 408626   46.00000   44  170   78.00000   45.00000  42.3%  90.9 1116s
 830743 410622   76.00000   63  141   78.00000   46.00000  41.0%  91.0 1122s
 833949 416765   74.00000   63  100   78.00000   46.00000  41.0%  91.1 1127s
 844166 417970   68.00000   45  134   78.00000   46.00000  41.0%  90.6 1130s
 848124 420510   61.00000   43  224   78.00000   46.00000  41.0%  90.7 1138s
 850493 422514   77.00000   47  203   78.00000   46.00000  41.0%  90.8 1144s
 853767 424432 infeasible   76        78.00000   46.00000  41.0%  90.9 1150s
 857183 430191   73.00000   47  115   78.00000   46.00000  41.0%  91.0 1155s
 869028 432260   59.00000   53  164   78.00000   46.00000  41.0%  90.6 1162s
 871029 433397     cutoff   79        78.00000   46.00000  41.0%  90.6 1166s
 873128 434387   76.00000   51  126   78.00000   46.00000  41.0%  90.7 1170s
 875410 435575 infeasible   50        78.00000   46.00000  41.0%  90.8 1175s
 880320 438780   73.00000   67   45   78.00000   46.00000  41.0%  90.9 1185s
 883353 440452   76.00000   41  136   78.00000   46.00000  41.0%  91.0 1190s
 886513 446727   72.00000   50  155   78.00000   46.00000  41.0%  91.1 1195s
 899193 448553   66.00000   51  153   78.00000   46.00000  41.0%  90.6 1202s
 900903 449714 infeasible   54        78.00000   46.00000  41.0%  90.7 1205s
 905102 452223   49.00000   34  144   78.00000   46.00000  41.0%  90.8 1214s
 907453 453420   53.00000   39  165   78.00000   46.00000  41.0%  90.9 1218s
 909776 455233 infeasible   69        78.00000   46.00000  41.0%  91.0 1224s
 913178 456851   72.00000   44  117   78.00000   46.00000  41.0%  91.1 1230s
 916506 463005   64.00000   46  182   78.00000   46.00000  41.0%  91.1 1235s
 929125 465295   53.00000   33  148   78.00000   46.00000  41.0%  90.7 1242s
 931127 466513   54.00000   54  141   78.00000   46.00000  41.0%  90.7 1246s
 933060 467695   72.00000   36  170   78.00000   46.00000  41.0%  90.8 1250s
 937607 470425   77.00000   53   85   78.00000   46.00000  41.0%  90.9 1259s
 940135 473078   60.00000   40  173   78.00000   46.00000  41.0%  91.0 1264s
 945356 474159   73.00000   45  120   78.00000   46.00000  41.0%  90.9 1268s
 947710 475766   75.00000   67   94   78.00000   46.00000  41.0%  90.9 1273s
 950275 480791   77.00000   56  125   78.00000   46.00000  41.0%  91.0 1277s
 959107 481690   62.00000   47  171   78.00000   46.00000  41.0%  90.6 1280s
 962464 483735     cutoff   45        78.00000   46.00000  41.0%  90.7 1287s
 964416 485020   77.00000   51   73   78.00000   46.00000  41.0%  90.7 1291s
 966466 486278 infeasible   82        78.00000   46.00000  41.0%  90.8 1296s
 968762 488311   65.00000   52  136   78.00000   46.00000  41.0%  90.9 1302s
 972333 493979   74.00000   65  128   78.00000   46.00000  41.0%  91.0 1307s
 982874 494803   64.00000   59  191   78.00000   46.00000  41.0%  90.5 1310s
 986096 496782 infeasible   46        78.00000   46.00000  41.0%  90.6 1316s
 988014 497861   55.00000   44  162   78.00000   46.00000  41.0%  90.6 1320s
 992108 500155   77.00000   44  105   78.00000   46.00000  41.0%  90.8 1328s
 994307 501567 infeasible   56        78.00000   46.00000  41.0%  90.9 1333s
 996844 502874   66.00000   59  130   78.00000   46.00000  41.0%  90.9 1338s
 999212 504647   75.00000   56  119   78.00000   46.00000  41.0%  91.0 1343s
 1002674 507459   77.00000   48   96   78.00000   46.00000  41.0%  91.1 1349s
 1007965 508849   65.00000   35  144   78.00000   46.00000  41.0%  91.0 1353s
 1010362 509921   70.00000   50  187   78.00000   46.00000  41.0%  91.1 1358s
 1013117 511021   75.00000   37  179   78.00000   46.00000  41.0%  91.2 1363s
 1015737 512552   66.00000   53  166   78.00000   46.00000  41.0%  91.3 1368s
 1018561 518073   75.00000   51  146   78.00000   46.00000  41.0%  91.4 1373s
 1028652 519347   77.00000   62   93   78.00000   46.00000  41.0%  91.0 1377s
 1031104 521092   65.00000   60  138   78.00000   46.00000  41.0%  91.0 1383s
 1034232 522623   66.00000   43  174   78.00000   46.00000  41.0%  91.1 1389s
 1037345 524571   72.00000   39  140   78.00000   46.00000  41.0%  91.2 1394s
 1040638 526457   77.00000   58  116   78.00000   46.00000  41.0%  91.3 1400s
 1043887 532846   53.00000   52  173   78.00000   46.00000  41.0%  91.4 1405s
 1056772 534804   72.00000   41  118   78.00000   46.00000  41.0%  91.0 1412s
 1058665 536113   72.00000   46  164   78.00000   46.00000  41.0%  91.0 1416s
 1061060 537801   46.00000   36  153   78.00000   46.00000  41.0%  91.0 1422s
 1064235 539654 infeasible   61        78.00000   46.00000  41.0%  91.1 1428s
 1067583 541318   66.00000   33  177   78.00000   46.00000  41.0%  91.2 1434s
 1070818 543208   77.00000   60   81   78.00000   46.00000  41.0%  91.3 1439s
 1073976 549334   71.00000   61  153   78.00000   46.00000  41.0%  91.4 1444s
 1084592 550310   61.43243   55  186   78.00000   46.00000  41.0%  91.0 1448s
 1086455 551297     cutoff   60        78.00000   46.00000  41.0%  91.0 1451s
 1088379 552462   61.00000   48  162   78.00000   46.00000  41.0%  91.1 1456s
 1090737 554118 infeasible   61        78.00000   46.00000  41.0%  91.1 1462s
 1093988 555951   71.00000   55  135   78.00000   46.00000  41.0%  91.2 1468s
 1097296 557695   75.00000   50  128   78.00000   46.00000  41.0%  91.2 1474s
 1100519 563381   68.00000   43  159   78.00000   46.00000  41.0%  91.3 1479s
 1111701 564208     cutoff   68        78.00000   46.00000  41.0%  90.9 1482s
 1113387 565185   66.00000   53  101   78.00000   46.00000  41.0%  91.0 1486s
 1115315 566119     cutoff   62        78.00000   46.00000  41.0%  91.0 1490s
 1117345 566963     cutoff   78        78.00000   46.00000  41.0%  91.0 1495s
 1119571 568649   64.00000   49  182   78.00000   46.00000  41.0%  91.1 1501s
 1122874 570395   53.00000   34  167   78.00000   46.00000  41.0%  91.2 1507s
 1126256 572087 infeasible   62        78.00000   46.00000  41.0%  91.3 1513s
 1129546 574114   70.00000   47  189   78.00000   46.00000  41.0%  91.4 1519s
 1133039 580063   76.00000   46  123   78.00000   46.00000  41.0%  91.4 1524s
 1144253 580939   63.00000   43  150   78.00000   46.00000  41.0%  91.0 1527s
 1146019 581958   77.00000   48  108   78.00000   46.00000  41.0%  91.1 1531s
 1147926 582928   74.00000   51  104   78.00000   46.00000  41.0%  91.1 1535s
 1150168 584471   76.00000   55  161   78.00000   46.00000  41.0%  91.2 1541s
 1153477 586054   76.00000   59   57   78.00000   46.00000  41.0%  91.3 1547s
 1156836 587689   75.00000   61   88   78.00000   46.00000  41.0%  91.3 1553s
 1160103 589440 infeasible   61        78.00000   46.00000  41.0%  91.4 1559s
 1163346 591232   46.00000   34  165   78.00000   46.00000  41.0%  91.5 1565s
 1166764 592803   46.00000   39  180   78.00000   46.00000  41.0%  91.6 1571s
 1169941 598520   76.00000   56  154   78.00000   46.00000  41.0%  91.7 1576s
 1180304 599596 infeasible   64        78.00000   46.00000  41.0%  91.4 1581s
 1182546 601457   77.00000   64  163   78.00000   46.00000  41.0%  91.4 1587s
 1185861 603053   77.00000   58   67   78.00000   46.00000  41.0%  91.5 1593s
 1189155 604703   73.00000   59  103   78.00000   46.00000  41.0%  91.6 1599s
 1192421 606501   63.00000   43  141   78.00000   46.00000  41.0%  91.7 1605s
 1195781 608086   61.00000   48  152   78.00000   46.00000  41.0%  91.8 1611s
 1199052 609619   71.00000   39  167   78.00000   46.00000  41.0%  91.9 1617s
 1202176 611247   73.00000   50  148   78.00000   46.00000  41.0%  92.0 1623s
 1205421 613375 infeasible   63        78.00000   46.00000  41.0%  92.0 1629s
 1209211 617622   77.00000   62   64   78.00000   46.00000  41.0%  92.1 1633s
 1216740 618225 infeasible   46        78.00000   46.00000  41.0%  91.8 1635s
 1219137 619398   76.00000   66   67   78.00000   46.00000  41.0%  91.9 1640s
 1222170 621110   61.00000   49  151   78.00000   46.00000  41.0%  91.9 1646s
 1223878 622124   73.00000   37  195   78.00000   46.00000  41.0%  92.0 1650s
 1227789 624726   68.00000   43  135   78.00000   46.00000  41.0%  92.0 1658s
 1230212 628593   77.00000   48   64   78.00000   46.00000  41.0%  92.1 1661s
 1239396 630809   50.00000   43  171   78.00000   46.00000  41.0%  91.9 1669s
 1241828 632497   46.00000   48  173   78.00000   46.00000  41.0%  91.9 1675s
 1244997 634252   75.00000   43  146   78.00000   46.00000  41.0%  92.0 1681s
 1248273 636180   55.00000   43  148   78.00000   46.00000  41.0%  92.0 1687s
 1251513 642066   73.00000   66  138   78.00000   46.00000  41.0%  92.1 1692s
 1261813 643176   66.00000   39  128   78.00000   46.00000  41.0%  91.8 1695s
 1265921 645499   75.00000   61   63   78.00000   46.00000  41.0%  91.8 1703s
 1268027 646669   74.00000   70   74   78.00000   46.00000  41.0%  91.9 1707s
 1270305 647971   76.00000   42  127   78.00000   46.00000  41.0%  92.0 1712s
 1272751 649605   72.00000   55  112   78.00000   46.00000  41.0%  92.0 1717s
 1275925 651181   77.00000   49  113   78.00000   46.00000  41.0%  92.1 1723s
 1278981 653146   70.00000   49  105   78.00000   46.00000  41.0%  92.1 1729s
 1282531 655045   65.00000   47  164   78.00000   46.00000  41.0%  92.2 1735s
 1285910 660927   73.00000   64   94   78.00000   46.00000  41.0%  92.3 1740s
 1298043 662889   72.00000   64  121   78.00000   46.00000  41.0%  92.0 1747s
 1299948 663853   66.00000   45  130   78.00000   46.00000  41.0%  92.1 1751s
 1302281 665609   64.00000   42  117   78.00000   46.00000  41.0%  92.1 1757s
 1305495 667368 infeasible   69        78.00000   46.00000  41.0%  92.2 1763s
 1308777 669191   65.00000   59  129   78.00000   46.00000  41.0%  92.2 1769s
 1312180 671016   72.00000   44  136   78.00000   46.00000  41.0%  92.3 1775s
 1315464 676996   58.00000   42  132   78.00000   46.00000  41.0%  92.4 1780s
 1328021 678727   64.00000   44  151   78.00000   46.00000  41.0%  92.1 1787s
 1330017 679936   73.00000   49  197   78.00000   46.00000  41.0%  92.1 1792s
 1332386 681852   60.00000   46  162   78.00000   46.00000  41.0%  92.2 1798s
 1335886 683555     cutoff   56        78.00000   46.00000  41.0%  92.2 1803s
 1339056 685212 infeasible   64        78.00000   46.00000  41.0%  92.3 1809s
 1342283 686956     cutoff   69        78.00000   46.00000  41.0%  92.3 1815s
 1345402 688759 infeasible   68        78.00000   46.00000  41.0%  92.4 1820s
 1348718 694351   46.00000   44  187   78.00000   46.00000  41.0%  92.4 1826s
 1359472 695756 infeasible   92        78.00000   46.00000  41.0%  92.1 1830s
 1361889 697776   69.00000   48  124   78.00000   46.00000  41.0%  92.2 1836s
 1365192 699613   72.00000   63  135   78.00000   46.00000  41.0%  92.2 1842s
 1368501 701269   47.00000   33  208   78.00000   46.00000  41.0%  92.3 1848s
 1371647 703006   69.00000   72   76   78.00000   46.00000  41.0%  92.3 1854s
 1374747 708630   70.00000   60  109   78.00000   46.00000  41.0%  92.4 1859s
 1384978 709500   48.00000   51  149   78.00000   46.00000  41.0%  92.1 1862s
 1386717 710580   61.00000   33  141   78.00000   46.00000  41.0%  92.2 1866s
 1388841 711665   50.00000   41  166   78.00000   46.00000  41.0%  92.2 1871s
 1391281 713294   77.00000   55  166   78.00000   46.00000  41.0%  92.3 1876s
 1394427 714986 infeasible   62        78.00000   46.00000  41.0%  92.3 1882s
 1397814 716603   69.00000   55  105   78.00000   46.00000  41.0%  92.4 1888s
 1401065 718129     cutoff   59        78.00000   46.00000  41.0%  92.4 1894s
 1404240 719568     cutoff   74        78.00000   46.00000  41.0%  92.5 1899s
 1407430 724587   68.00000   71  110   78.00000   46.00000  41.0%  92.5 1905s
 1419042 726813   76.00000   60   65   78.00000   46.00000  41.0%  92.3 1913s
 1421429 728402 infeasible   66        78.00000   46.00000  41.0%  92.3 1919s
 1424615 730004 infeasible   71        78.00000   46.00000  41.0%  92.4 1925s
 1427902 731894 infeasible   65        78.00000   46.00000  41.0%  92.5 1931s
 1431345 733446 infeasible   58        78.00000   46.00000  41.0%  92.5 1937s
 1434513 739661   74.00000   58  135   78.00000   46.00000  41.0%  92.6 1942s
 1445536 740492   68.00000   60  129   78.00000   46.00000  41.0%  92.3 1945s
 1449068 742779     cutoff   49        78.00000   46.00000  41.0%  92.3 1953s
 1451516 744432     cutoff   51        78.00000   46.00000  41.0%  92.4 1959s
 1454688 746102   73.00000   56  152   78.00000   46.00000  41.0%  92.4 1965s
 1457857 747778   72.00000   56  110   78.00000   46.00000  41.0%  92.5 1971s
 1461193 749495   75.00000   45  127   78.00000   46.00000  41.0%  92.6 1976s
 1464473 751530 infeasible   66        78.00000   46.00000  41.0%  92.6 1982s
 1467803 755085   75.00000   48   68   78.00000   47.00000  39.7%  92.7 1987s
 1473612 757026   47.00000   40  164   78.00000   47.00000  39.7%  92.6 1992s
 1476462 762344     cutoff   55        78.00000   47.00000  39.7%  92.6 1996s
 1484963 764078   47.00000   27  146   78.00000   47.00000  39.7%  92.4 2001s
 1487617 766116   74.00000   53  144   78.00000   47.00000  39.7%  92.4 2006s
 1490757 768055   76.00000   64   69   78.00000   47.00000  39.7%  92.5 2011s
 1494047 769953   74.00000   62   75   78.00000   47.00000  39.7%  92.5 2016s
 1497303 772159   47.00000   29  166   78.00000   47.00000  39.7%  92.5 2022s
 1500588 777801   73.00000   39  153   78.00000   47.00000  39.7%  92.6 2026s
 1512009 780294 infeasible   64        78.00000   47.00000  39.7%  92.3 2033s
 1514086 781842   76.00000   45   66   78.00000   47.00000  39.7%  92.3 2037s
 1516810 783860   73.00000   37  125   78.00000   47.00000  39.7%  92.4 2043s
 1519988 785849   66.00000   33  128   78.00000   47.00000  39.7%  92.4 2048s
 1523149 787862 infeasible   76        78.00000   47.00000  39.7%  92.4 2053s
 1526598 793344   72.00000   50   99   78.00000   47.00000  39.7%  92.4 2057s
 1536042 794460   61.00000   52  116   78.00000   47.00000  39.7%  92.2 2061s
 1540191 797656   65.00000   50  194   78.00000   47.00000  39.7%  92.2 2068s
 1542665 798936   66.00000   93   70   78.00000   47.00000  39.7%  92.2 2072s
 1544984 800416   74.00000   41  176   78.00000   47.00000  39.7%  92.3 2077s
 1547594 802373   77.00000   58   87   78.00000   47.00000  39.7%  92.3 2082s
 1550933 808163   77.00000   54  129   78.00000   47.00000  39.7%  92.3 2087s
 1560237 809289   75.00000   35  116   78.00000   47.00000  39.7%  92.1 2090s
 1564209 811521   77.00000   80   48   78.00000   47.00000  39.7%  92.1 2097s
 1566370 812830   74.00000   56  173   78.00000   47.00000  39.7%  92.1 2101s
 1568634 814318   62.00000   37  127   78.00000   47.00000  39.7%  92.1 2105s
 1573742 820417   47.00000   34  158   78.00000   47.00000  39.7%  92.1 2113s
 1581892 822173   58.00000   46  190   78.00000   47.00000  39.7%  91.9 2117s
 1584663 823939   58.00000   31  130   78.00000   47.00000  39.7%  91.9 2123s
 1587755 826000 infeasible   58        78.00000   47.00000  39.7%  92.0 2128s
 1591114 827956   74.00000   68   90   78.00000   47.00000  39.7%  92.0 2133s
 1594443 833769   74.00000   47  126   78.00000   47.00000  39.7%  92.0 2138s
 1604129 834862 infeasible   57        78.00000   47.00000  39.7%  91.8 2141s
 1606101 835920   76.00000   45  109   78.00000   47.00000  39.7%  91.8 2145s
 1610194 838643   69.00000   58  123   78.00000   47.00000  39.7%  91.8 2152s
 1612593 840267   72.00000   40  161   78.00000   47.00000  39.7%  91.8 2157s
 1615290 842013   73.00000   52  129   78.00000   47.00000  39.7%  91.9 2162s
 1618558 847945   72.00000   58  124   78.00000   47.00000  39.7%  91.9 2167s
 1630661 849891   75.00000   59  111   78.00000   47.00000  39.7%  91.6 2172s
 1632455 851118   64.00000   45  113   78.00000   47.00000  39.7%  91.6 2175s
 1636690 853700   59.00000   46  112   78.00000   47.00000  39.7%  91.6 2183s
 1639041 855194   72.00000   60  170   78.00000   47.00000  39.7%  91.6 2187s
 1641573 857845   47.00000   31  152   78.00000   47.00000  39.7%  91.6 2191s
 1645844 859051   63.00000   49  112   78.00000   47.00000  39.7%  91.6 2195s
 1650460 864871   73.00000   57  123   78.00000   47.00000  39.7%  91.6 2203s
 1658350 865636 infeasible   61        78.00000   47.00000  39.7%  91.4 2206s
 1661697 867415   77.00000   81   22   78.00000   47.00000  39.7%  91.4 2212s
 1663700 868319   75.00000   50  147   78.00000   47.00000  39.7%  91.5 2216s
 1665684 869475   58.00000   40  142   78.00000   47.00000  39.7%  91.5 2220s
 1670486 872145   61.00000   50  133   78.00000   47.00000  39.7%  91.5 2229s
 1672852 873972   56.00000   37  199   78.00000   47.00000  39.7%  91.6 2234s
 1673439 873972   53.00000   52  156   78.00000   47.00000  39.7%  91.6 2235s
 1687168 880879   69.00000   51  125   78.00000   47.00000  39.7%  91.4 2242s
 1688756 881825   77.00000   64   90   78.00000   47.00000  39.7%  91.4 2246s
 1692270 883977   47.00000   30  174   78.00000   47.00000  39.7%  91.4 2253s
 1694435 885245   72.00000   56   89   78.00000   47.00000  39.7%  91.4 2257s
 1696649 886472   71.00000   57  114   78.00000   47.00000  39.7%  91.5 2261s
 1698973 887928 infeasible   50        78.00000   47.00000  39.7%  91.5 2265s
 1701592 889086   65.00000   47  131   78.00000   47.00000  39.7%  91.5 2270s
 1704208 890714 infeasible   53        78.00000   47.00000  39.7%  91.5 2275s
 1707271 896102   61.00000   40  142   78.00000   47.00000  39.7%  91.6 2280s
 1718444 897697   75.00000   63   75   78.00000   47.00000  39.7%  91.4 2287s
 1720312 898843   70.00000   48  161   78.00000   47.00000  39.7%  91.4 2290s
 1724469 901304   74.00000   58  112   78.00000   47.00000  39.7%  91.5 2298s
 1726763 902595 infeasible   54        78.00000   47.00000  39.7%  91.5 2302s
 1729193 903795   66.00000   36  109   78.00000   47.00000  39.7%  91.5 2307s
 1731840 905117   77.00000   52   78   78.00000   47.00000  39.7%  91.6 2311s
 1734360 910822   77.00000   42  160   78.00000   47.00000  39.7%  91.6 2316s
 1745512 912404   77.00000   50  130   78.00000   47.00000  39.7%  91.4 2322s
 1747040 913402   66.00000   51  121   78.00000   47.00000  39.7%  91.4 2325s
 1750552 915403   73.00000   44  140   78.00000   47.00000  39.7%  91.4 2332s
 1752494 916491 infeasible   56        78.00000   47.00000  39.7%  91.5 2336s
 1754595 917862   60.00000   44  124   78.00000   47.00000  39.7%  91.5 2340s
 1759425 920894   67.00000   43  128   78.00000   47.00000  39.7%  91.6 2349s
 1762095 922311   75.00000   54  122   78.00000   47.00000  39.7%  91.6 2353s
 1764704 927802   70.00000   38  134   78.00000   47.00000  39.7%  91.6 2358s
 1775104 928462 infeasible   57        78.00000   47.00000  39.7%  91.4 2360s
 1777754 930136   75.00000   64   69   78.00000   47.00000  39.7%  91.4 2366s
 1780959 931972     cutoff   67        78.00000   47.00000  39.7%  91.5 2372s
 1782659 933172   75.00000   49  142   78.00000   47.00000  39.7%  91.5 2375s
 1787157 935589   69.00000   56  104   78.00000   47.00000  39.7%  91.5 2383s
 1789552 937054   77.00000   54   89   78.00000   47.00000  39.7%  91.5 2388s
 1792014 938728   71.00000   56   91   78.00000   47.00000  39.7%  91.6 2392s
 1794670 944370   66.00000   75   58   78.00000   47.00000  39.7%  91.6 2397s
 1805795 945857   67.00000   45  164   78.00000   47.00000  39.7%  91.4 2402s
 1807292 946768   77.00000   56   94   78.00000   47.00000  39.7%  91.4 2405s
 1810793 948859 infeasible   60        78.00000   47.00000  39.7%  91.4 2411s
 1812728 950050 infeasible   75        78.00000   47.00000  39.7%  91.5 2415s
 1817137 952770   64.00000   41  109   78.00000   47.00000  39.7%  91.5 2423s
 1819660 954375   72.00000   39  145   78.00000   47.00000  39.7%  91.6 2428s
 1822548 955765 infeasible   49        78.00000   47.00000  39.7%  91.6 2432s
 1825014 961312   72.00000   61  106   78.00000   47.00000  39.7%  91.6 2437s
 1835121 962113   59.00000   40  184   78.00000   47.00000  39.7%  91.4 2440s
 1838121 964052 infeasible   50        78.00000   47.00000  39.7%  91.5 2446s
 1841852 966277   70.00000   55  114   78.00000   47.00000  39.7%  91.5 2453s
 1843833 967530   75.00000   65   99   78.00000   47.00000  39.7%  91.5 2456s
 1846039 969049   66.00000   30  139   78.00000   47.00000  39.7%  91.5 2460s
 1848490 970583   60.00000   55  164   78.00000   47.00000  39.7%  91.5 2465s
 1859426 976675     cutoff   75        78.00000   47.00000  39.7%  91.4 2473s
 1861925 978601   69.00000   63  153   78.00000   47.00000  39.7%  91.4 2479s
 1865300 980369   59.00000   45  201   78.00000   47.00000  39.7%  91.4 2484s
 1868622 982030   70.00000   54   93   78.00000   47.00000  39.7%  91.5 2490s
 1881587 988782 infeasible   64        78.00000   47.00000  39.7%  91.3 2498s
 1883520 990145   69.00000   54  155   78.00000   47.00000  39.7%  91.3 2501s
 1885727 991315   53.00000   38  145   78.00000   47.00000  39.7%  91.3 2505s
 1890403 994332   71.00000   51  137   78.00000   47.00000  39.7%  91.3 2514s
 1892915 995880   77.00000   65   49   78.00000   47.00000  39.7%  91.4 2519s
 1896065 997729   71.00000   41  138   78.00000   47.00000  39.7%  91.4 2525s
 1909477 1004603   76.00000   55   98   78.00000   47.00000  39.7%  91.2 2533s
 1911434 1005641   73.00000   44  166   78.00000   47.00000  39.7%  91.3 2536s
 1913465 1006898   64.00000   48  151   78.00000   47.00000  39.7%  91.3 2540s
 1918116 1009658   77.00000   57   99   78.00000   47.00000  39.7%  91.3 2549s
 1920718 1011251   64.00000   40  169   78.00000   47.00000  39.7%  91.3 2553s
 1923432 1016947   61.00000   42  143   78.00000   47.00000  39.7%  91.3 2557s
 1933004 1017727   60.00000   54  143   78.00000   47.00000  39.7%  91.2 2560s
 1935914 1019514   73.00000   72   62   78.00000   47.00000  39.7%  91.2 2566s
 1939593 1021902 infeasible   53        78.00000   47.00000  39.7%  91.2 2573s
 1941609 1023159   64.00000   37  128   78.00000   47.00000  39.7%  91.2 2577s
 1943878 1024416   64.00000   51  139   78.00000   47.00000  39.7%  91.2 2581s
 1946183 1025796   72.00000   44  148   78.00000   47.00000  39.7%  91.2 2585s
 1957505 1032248   68.00000   50  111   78.00000   47.00000  39.7%  91.0 2593s
 1960354 1033802 infeasible   52        78.00000   47.00000  39.7%  91.0 2598s
 1963109 1035360   68.00000   44  137   78.00000   47.00000  39.7%  91.1 2603s
 1966214 1036884   76.00000   61   60   78.00000   47.00000  39.7%  91.1 2608s
 1969440 1038689   66.00000   48  167   78.00000   47.00000  39.7%  91.2 2614s
 1972740 1044528   62.00000   45  102   78.00000   47.69678  38.9%  91.2 2619s
 1983518 1045421   55.00000   57  127   78.00000   48.00000  38.5%  91.0 2622s
 1985266 1046349   48.00000   39  194   78.00000   48.00000  38.5%  91.0 2625s
 1989405 1049159   77.00000   58  114   78.00000   48.00000  38.5%  91.0 2635s
 1992786 1050827   64.00000   43  134   78.00000   48.00000  38.5%  91.1 2641s
 1996160 1052595   48.00000   39  126   78.00000   48.00000  38.5%  91.1 2647s
 1999391 1054223   77.00000   53  115   78.00000   48.00000  38.5%  91.2 2653s
 2002719 1055879   72.00000   69   83   78.00000   48.00000  38.5%  91.2 2658s
 2006115 1057493   77.00000   73   50   78.00000   48.00000  38.5%  91.2 2664s
 2009352 1062819   76.00000   55   94   78.00000   48.00000  38.5%  91.3 2669s
 2020190 1063929   74.00000   38  132   78.00000   48.00000  38.5%  91.1 2674s
 2022524 1065539   63.00000   50  142   78.00000   48.00000  38.5%  91.1 2680s
 2025891 1067101     cutoff   82        78.00000   48.00000  38.5%  91.1 2685s
 2029269 1068453   77.00000   45  133   78.00000   48.00000  38.5%  91.2 2691s
 2032556 1069992   76.00000   33  139   78.00000   48.00000  38.5%  91.2 2697s
 2035739 1071716   65.00000   52   90   78.00000   48.00000  38.5%  91.3 2703s
 2038987 1072962   71.00000   48  105   78.00000   48.00000  38.5%  91.3 2709s
 2042071 1074642   68.00000   66  157   78.00000   48.00000  38.5%  91.3 2714s
 2044126 1074642   62.00000   46  136   78.00000   48.00000  38.5%  91.4 2715s
 2045375 1076279 infeasible   48        78.00000   48.00000  38.5%  91.4 2720s
 2048671 1082442   54.00000   49  127   78.00000   48.00000  38.5%  91.4 2725s
 2062291 1085210   66.00000   45  201   78.00000   48.00000  38.5%  91.2 2735s
 2065693 1086905   60.00000   42  188   78.00000   48.00000  38.5%  91.3 2741s
 2069053 1088593   64.00000   51  176   78.00000   48.00000  38.5%  91.3 2747s
 2072279 1090262   77.00000   50  128   78.00000   48.00000  38.5%  91.4 2753s
 2075566 1091856     cutoff   75        78.00000   48.00000  38.5%  91.4 2758s
 2078854 1093514   61.00000   49  146   78.00000   48.00000  38.5%  91.4 2764s
 2081992 1099818   77.00000   69   79   78.00000   48.00000  38.5%  91.5 2769s
 2093857 1100927 infeasible   53        78.00000   48.00000  38.5%  91.2 2773s
 2096293 1102615 infeasible   63        78.00000   48.00000  38.5%  91.2 2779s
 2099595 1104137   75.00000   49   79   78.00000   48.00000  38.5%  91.3 2785s
 2102902 1105769   77.00000   56   98   78.00000   48.00000  38.5%  91.3 2791s
 2106107 1107445   73.00000   49  139   78.00000   48.00000  38.5%  91.3 2797s
 2109378 1109125   70.00000   64  153   78.00000   48.00000  38.5%  91.4 2802s
 2112503 1110800 infeasible   77        78.00000   48.00000  38.5%  91.4 2808s
 2115842 1116324   75.00000   56   78   78.00000   48.00000  38.5%  91.4 2812s
 2126987 1117274     cutoff   68        78.00000   48.00000  38.5%  91.2 2817s
 2129315 1118908   75.00000   59   74   78.00000   48.00000  38.5%  91.2 2823s
 2132661 1120570   77.00000   50  159   78.00000   48.00000  38.5%  91.3 2828s
 2135860 1122292   70.00000   67  102   78.00000   48.00000  38.5%  91.3 2834s
 2139195 1124017   72.00000   60   90   78.00000   48.00000  38.5%  91.4 2840s
 2142485 1125610   72.00000   47  135   78.00000   48.00000  38.5%  91.4 2846s
 2146123 1127233   77.00000   58   71   78.00000   48.00000  38.5%  91.5 2851s
 2149329 1133147   72.00000   61   94   78.00000   48.00000  38.5%  91.5 2856s
 2160489 1134323   64.00000   44  116   78.00000   48.00000  38.5%  91.3 2861s
 2162825 1136024   59.00000   40  125   78.00000   48.00000  38.5%  91.3 2866s
 2166216 1137442   76.00000   52   92   78.00000   48.00000  38.5%  91.3 2872s
 2169380 1139098   69.00000   43  182   78.00000   48.00000  38.5%  91.4 2878s
 2172639 1140780   65.00000   41  152   78.00000   48.00000  38.5%  91.4 2884s
 2175814 1142369   77.00000   69   80   78.00000   48.00000  38.5%  91.5 2889s
 2179098 1144114     cutoff   46        78.00000   48.00000  38.5%  91.5 2895s
 2182412 1145847 infeasible   64        78.00000   48.00000  38.5%  91.5 2901s
 2185681 1151596   75.00000   62   91   78.00000   48.00000  38.5%  91.6 2906s
 2196577 1152893   70.00000   52  158   78.00000   48.00000  38.5%  91.4 2911s
 2199143 1154552   77.00000   59  101   78.00000   48.00000  38.5%  91.4 2916s
 2202355 1156213   77.00000   57   64   78.00000   48.00000  38.5%  91.4 2921s
 2205577 1157737   74.00000   42  135   78.00000   48.00000  38.5%  91.5 2927s
 2208663 1159361   67.00000   56  117   78.00000   48.00000  38.5%  91.5 2932s
 2211818 1160928 infeasible   69        78.00000   48.00000  38.5%  91.5 2938s
 2214943 1165836   55.00000   55  158   78.00000   48.00000  38.5%  91.6 2943s
 2224472 1166775   73.00000   64   81   78.00000   48.00000  38.5%  91.4 2947s
 2226441 1168017   77.00000   54   98   78.00000   48.00000  38.5%  91.4 2951s
 2228964 1169396   68.30000   52  158   78.00000   48.00000  38.5%  91.4 2956s
 2232134 1170843   76.00000   56  133   78.00000   48.00000  38.5%  91.5 2962s
 2235205 1172534   64.00000   47  169   78.00000   48.00000  38.5%  91.5 2967s
 2238518 1174101   76.00000   78   42   78.00000   48.00000  38.5%  91.6 2973s
 2241679 1175657 infeasible   45        78.00000   48.00000  38.5%  91.6 2979s
 2244788 1179286   75.00000   49  131   78.00000   48.00000  38.5%  91.6 2984s
 2252449 1180272 infeasible   66        78.00000   48.00000  38.5%  91.6 2988s
 2254659 1181459 infeasible   59        78.00000   48.00000  38.5%  91.6 2993s
 2257081 1182589   64.00000   47  175   78.00000   48.00000  38.5%  91.6 2997s
 2259383 1184080 infeasible   74        78.00000   48.00000  38.5%  91.6 3003s
 2262721 1185607 infeasible   51        78.00000   48.00000  38.5%  91.7 3009s
 2266100 1187020   72.00000   63   99   78.00000   48.00000  38.5%  91.7 3015s
 2269345 1188708     cutoff   62        78.00000   48.00000  38.5%  91.8 3021s
 2272668 1194865   75.00000   46  131   78.00000   48.00000  38.5%  91.8 3026s
 2283966 1195732   72.00000   60  147   78.00000   48.00000  38.5%  91.6 3030s
 2287531 1197919   69.00000   50  140   78.00000   48.00000  38.5%  91.6 3038s
 2289994 1199679 infeasible   66        78.00000   48.00000  38.5%  91.7 3043s
 2293224 1201293     cutoff   51        78.00000   48.00000  38.5%  91.7 3049s
 2296486 1202512     cutoff   51        78.00000   48.00000  38.5%  91.7 3054s
 2299808 1204120   48.00000   57  187   78.00000   48.00000  38.5%  91.8 3060s
 2303046 1205759   72.00000   44  100   78.00000   48.00000  38.5%  91.8 3065s
 2306226 1211948   63.00000   44  154   78.00000   48.00000  38.5%  91.8 3070s
 2317647 1213176   76.00000   45  158   78.00000   48.00000  38.5%  91.6 3075s
 2320145 1214789   75.00000   70   79   78.00000   48.00000  38.5%  91.6 3080s
 2323474 1216227   71.00000   47  125   78.00000   48.00000  38.5%  91.7 3086s
 2326569 1217849   75.00000   52  102   78.00000   48.00000  38.5%  91.7 3091s
 2329842 1219539     cutoff   62        78.00000   48.00000  38.5%  91.7 3096s
 2333124 1220841   73.00000   55   69   78.00000   48.00000  38.5%  91.8 3102s
 2336390 1222529   77.00000   63  101   78.00000   48.00000  38.5%  91.8 3108s
 2339663 1224147   48.00000   51  210   78.00000   48.00000  38.5%  91.8 3113s
 2342917 1229551   77.00000   65   94   78.00000   48.00000  38.5%  91.8 3118s
 2354062 1230725     cutoff   60        78.00000   48.00000  38.5%  91.6 3122s
 2356512 1232423 infeasible   94        78.00000   48.00000  38.5%  91.7 3128s
 2359902 1234098   77.00000   58  123   78.00000   48.00000  38.5%  91.7 3134s
 2363142 1235673   73.00000   55  117   78.00000   48.00000  38.5%  91.7 3139s
 2366379 1237252     cutoff   72        78.00000   48.00000  38.5%  91.7 3145s
 2369474 1238697   59.00000   45  150   78.00000   48.00000  38.5%  91.8 3150s
 2372685 1244202   77.00000   60  132   78.00000   48.00000  38.5%  91.8 3155s
 2384032 1245612   48.00000   41  170   78.00000   48.00000  38.5%  91.6 3160s
 2386636 1247141 infeasible   67        78.00000   48.00000  38.5%  91.6 3166s
 2389802 1248719   75.00000   55   73   78.00000   48.00000  38.5%  91.6 3171s
 2393014 1249934 infeasible   76        78.00000   48.00000  38.5%  91.7 3177s
 2396169 1251490   67.00000   61  105   78.00000   48.00000  38.5%  91.7 3182s
 2399402 1253057   59.00000   52  119   78.00000   48.00000  38.5%  91.7 3187s
 2402565 1254843   62.00000   41  156   78.00000   48.00000  38.5%  91.8 3193s
 2405731 1260153   71.00000   53  110   78.00000   48.00000  38.5%  91.8 3198s
 2416764 1261313   53.00000   39  165   78.00000   48.00000  38.5%  91.6 3203s
 2419252 1262904   60.00000   56  168   78.00000   48.00000  38.5%  91.6 3208s
 2422408 1264806   65.00000   71  149   78.00000   48.00000  38.5%  91.7 3214s
 2425796 1266204 infeasible   64        78.00000   48.00000  38.5%  91.7 3219s
 2429143 1267841 infeasible   53        78.00000   48.00000  38.5%  91.7 3225s
 2432325 1269336   75.00000   65   94   78.00000   48.00000  38.5%  91.8 3231s
 2435564 1270803   77.00000   47  142   78.00000   48.00000  38.5%  91.8 3236s
 2438768 1275077   67.00000   47  138   78.00000   48.00000  38.5%  91.8 3241s
 2447075 1276411   77.00000   50  123   78.00000   48.00000  38.5%  91.7 3246s
 2449770 1277780   77.00000   60   56   78.00000   48.00000  38.5%  91.7 3251s
 2452826 1279170   61.00000   56  146   78.00000   48.00000  38.5%  91.7 3257s
 2455818 1280624   77.00000   62  117   78.00000   48.00000  38.5%  91.8 3262s
 2458831 1282176   72.00000   51  140   78.00000   48.00000  38.5%  91.8 3268s
 2462084 1287941   74.00000   59   97   78.00000   48.00000  38.5%  91.8 3273s
 2473203 1288773 infeasible   63        78.00000   48.00000  38.5%  91.6 3276s
 2474977 1289670   77.00000   71   90   78.00000   48.00000  38.5%  91.7 3280s
 2476915 1290969   53.00000   48  217   78.00000   48.00000  38.5%  91.7 3285s
 2479388 1292431   76.00000   54  128   78.00000   48.00000  38.5%  91.7 3290s
 2482402 1294059   68.00000   52  132   78.00000   48.00000  38.5%  91.7 3296s
 2485798 1295669   74.00000   56   86   78.00000   48.00000  38.5%  91.8 3302s
 2489077 1297230     cutoff   46        78.00000   48.00000  38.5%  91.8 3308s
 2492285 1298911   75.00000   63   98   78.00000   48.00000  38.5%  91.8 3314s
 2495564 1305007   77.00000   58   56   78.00000   48.00000  38.5%  91.9 3319s
 2507456 1306180 infeasible   74        78.00000   48.00000  38.5%  91.6 3323s
 2509933 1307649 infeasible   64        78.00000   48.00000  38.5%  91.7 3329s
 2512998 1309361   73.00000   51  103   78.00000   48.00000  38.5%  91.7 3335s
 2516315 1311059     cutoff   63        78.00000   48.00000  38.5%  91.7 3340s
 2519759 1312544   68.00000   50  167   78.00000   48.00000  38.5%  91.8 3346s
 2522951 1314334   77.00000   51   93   78.00000   48.00000  38.5%  91.8 3352s
 2526309 1315763   61.00000   52  120   78.00000   48.00000  38.5%  91.8 3357s
 2529510 1321562   72.00000   56  159   78.00000   48.00000  38.5%  91.8 3363s
 2541039 1322717   72.00000   61  163   78.00000   48.00000  38.5%  91.6 3368s
 2543700 1323995   76.00000   55   94   78.00000   48.00000  38.5%  91.7 3373s
 2546544 1325702   76.00000   61   82   78.00000   48.00000  38.5%  91.7 3378s
 2549718 1327385   73.00000   52  121   78.00000   48.00000  38.5%  91.7 3384s
 2552961 1328965 infeasible   47        78.00000   48.00000  38.5%  91.8 3390s
 2556086 1330521   50.00000   56  152   78.00000   48.00000  38.5%  91.8 3396s
 2559209 1331951   61.00000   49  154   78.00000   48.00000  38.5%  91.8 3401s
 2562383 1333687   77.00000   59  129   78.00000   48.00000  38.5%  91.9 3407s
 2565762 1339690   66.00000   28  151   78.00000   48.00000  38.5%  91.9 3412s
 2577336 1340885 infeasible   97        78.00000   48.00000  38.5%  91.7 3416s
*2579313 1169556              82      77.0000000   48.00000  37.7%  91.7 3418s
 2579806 1170884   53.00000   30  156   77.00000   48.00000  37.7%  91.7 3423s
 2582965 1172196   74.00000   64   88   77.00000   48.00000  37.7%  91.7 3429s
 2585953 1173777 infeasible   71        77.00000   48.00000  37.7%  91.8 3435s
 2589202 1175182   66.00000   69  159   77.00000   48.00000  37.7%  91.8 3441s
 2592344 1176727 infeasible   68        77.00000   48.00000  37.7%  91.9 3446s
 2595493 1178295   76.00000   75   97   77.00000   48.00000  37.7%  91.9 3452s
 2598800 1179889   76.00000   55   88   77.00000   48.00000  37.7%  91.9 3458s
 2602174 1181620   76.00000   59   60   77.00000   48.00000  37.7%  92.0 3464s
 2605596 1187393   48.00000   50  165   77.00000   48.00000  37.7%  92.0 3469s
 2616846 1188177   64.00000   43  201   77.00000   48.00000  37.7%  91.8 3474s
 2619189 1189813 infeasible   72        77.00000   48.00000  37.7%  91.9 3480s
 2622495 1191265   71.00000   50  151   77.00000   48.00000  37.7%  91.9 3485s
 2625668 1192903   66.00000   55  210   77.00000   48.00000  37.7%  91.9 3491s
 2628984 1194346   54.00000   46  139   77.00000   48.00000  37.7%  92.0 3497s
 2632122 1196025     cutoff   69        77.00000   48.00000  37.7%  92.0 3503s
 2635469 1197533   76.00000   60  107   77.00000   48.00000  37.7%  92.0 3509s
 2638694 1199072   69.00000   42  143   77.00000   48.00000  37.7%  92.1 3515s
 2641896 1200539   72.00000   68  112   77.00000   48.00000  37.7%  92.1 3521s
 2645055 1206332   76.00000   66  100   77.00000   48.00000  37.7%  92.1 3526s
 2656917 1207330   56.00000   67  143   77.00000   48.00000  37.7%  92.0 3531s
 2659288 1208624   76.00000   63   88   77.00000   48.00000  37.7%  92.0 3536s
 2662390 1210164     cutoff   60        77.00000   48.00000  37.7%  92.0 3543s
 2665606 1211701   66.00000   44  143   77.00000   48.00000  37.7%  92.1 3549s
 2668907 1213332   74.00000   72  104   77.00000   48.00000  37.7%  92.1 3555s
 2672285 1214896 infeasible   50        77.00000   48.00000  37.7%  92.1 3560s
 2675485 1216593 infeasible   59        77.00000   48.00000  37.7%  92.2 3566s
 2678767 1218151 infeasible   67        77.00000   48.00000  37.7%  92.2 3572s
 2682069 1219908 infeasible   57        77.00000   48.00000  37.7%  92.2 3579s
 2685469 1226289   67.00000   52  118   77.00000   48.00000  37.7%  92.3 3584s
 2697324 1227404 infeasible   71        77.00000   48.00000  37.7%  92.1 3589s
 2699661 1229068   68.00000   49  122   77.00000   48.00000  37.7%  92.1 3595s
 2703000 1230670   72.00000   53  105   77.00000   48.00000  37.7%  92.2 3600s

Explored 2705958 nodes (249430151 simplex iterations) in 3600.12 seconds (1089.00 work units)
Thread count was 32 (of 32 available processors)

Solution count 10: 77 78 79 ... 87

Time limit reached
Best objective 7.700000000000e+01, best bound 4.800000000000e+01, gap 37.6623%
