
Gurobi 13.0.0 (linux64) logging started Wed Nov 26 05:01:46 2025

Set parameter LogFile to value "./Results/StripPacking-CutHeur/Logs/HU-010-StripPacking-50-0.log"
Set parameter TimeLimit to value 3600
Set parameter Cuts to value 0
Set parameter Presolve to value 1
Set parameter Heuristics to value 0
Set parameter LogToConsole to value 0
Set parameter LPWarmStart to value 2
Warning: linear constraint 9850 and linear constraint 14750 have the same name "PM[B0,B1,0]"
Warning: linear constraint 9850 and linear constraint 14750 have the same name "PM[B0,B1,0]"
Warning: default constraint names used to write mps file
Gurobi Optimizer version 13.0.0 build v13.0.0rc1 (linux64 - "Debian GNU/Linux 12 (bookworm)")

CPU model: Intel(R) Xeon(R) CPU E5-2630 v3 @ 2.40GHz, instruction set [SSE2|AVX|AVX2]
Thread count: 16 physical cores, 32 logical processors, using up to 32 threads

Non-default parameters:
TimeLimit  3600
LPWarmStart  2
Heuristics  0
Cuts  0
LogToConsole  0
Presolve  1

Optimize a model with 23325 rows, 5001 columns and 63800 nonzeros (Min)
Model fingerprint: 0x989f2cde
Model has 1 linear objective coefficients
Variable types: 101 continuous, 4900 integer (4900 binary)
Coefficient statistics:
  Matrix range     [1e+00, 1e+04]
  Objective range  [1e+00, 1e+00]
  Bounds range     [1e+00, 1e+04]
  RHS range        [1e+00, 1e+04]

Warning: Completing partial solution with 4900 unfixed non-continuous variables out of 4900
User MIP start produced solution with objective 191.6 (0.02s)
Loaded user MIP start with objective 191.6

Presolve removed 2450 rows and 0 columns
Presolve time: 0.13s
Presolved: 20875 rows, 5001 columns, 58900 nonzeros
Variable types: 101 continuous, 4900 integer (4900 binary)

Root relaxation: objective 3.500000e+01, 3534 iterations, 0.47 seconds (0.35 work units)

    Nodes    |    Current Node    |     Objective Bounds      |     Work
 Expl Unexpl |  Obj  Depth IntInf | Incumbent    BestBd   Gap | It/Node Time

     0     0   35.00000    0  757  191.60000   35.00000  81.7%     -    1s
     0     0   35.00000    0  757  191.60000   35.00000  81.7%     -    1s
     0     0   35.00000    0  573  191.60000   35.00000  81.7%     -    2s
     0     2   35.00000    0  573  191.60000   35.00000  81.7%     -    3s
    15    32   35.00000    4  939  191.60000   35.00000  81.7%  1252    5s
   237   295   56.00000   19 1391  191.60000   35.00000  81.7%   859   10s
   600   662   70.00000   37  897  191.60000   35.00000  81.7%   703   15s
   981  1016   70.00000   60  921  191.60000   35.00000  81.7%   646   20s
  1456  1433   70.00000   91  894  191.60000   35.00000  81.7%   602   25s
  1909  1829 infeasible  121       191.60000   35.00000  81.7%   581   30s
  2516  2359  100.00000  163  750  191.60000   35.00000  81.7%   555   35s
  3405  3117   82.00000   21  920  191.60000   35.00000  81.7%   511   41s
  4093  3697   94.00000   60  708  191.60000   35.00000  81.7%   479   45s
  4851  4159   89.00000   97  573  191.60000   35.00000  81.7%   468   50s
  4856  4165   35.00000   10  609  191.60000   35.00000  81.7%   471   55s
  4988  4295   51.00000   18  969  191.60000   35.00000  81.7%   487   61s
  5127  4401   69.00000   22  853  191.60000   35.00000  81.7%   501   65s
  5314  4517   69.00000   28  890  191.60000   35.00000  81.7%   509   70s
  5509  4693   69.00000   32  763  191.60000   35.00000  81.7%   521   75s
  5799  4882   69.00000   40  649  191.60000   35.00000  81.7%   527   81s
  5987  5001   69.00000   45  692  191.60000   35.00000  81.7%   528   85s
  6303  5240   74.00000   51  609  191.60000   35.00000  81.7%   524   90s
  6656  5441   74.00000   61  555  191.60000   35.00000  81.7%   513   95s
  6987  5675   74.00000   71  555  191.60000   35.00000  81.7%   508  102s
  7231  5968   74.00000   79  568  191.60000   35.00000  81.7%   502  106s
  7625  5995   74.00000   90  525  191.60000   35.00000  81.7%   490  110s
  8169  6266  111.00000  109  458  191.60000   35.00000  81.7%   478  117s
  8413  6570  123.00000  120  333  191.60000   35.00000  81.7%   478  122s
  8709  6577  123.00000  141  301  191.60000   35.00000  81.7%   471  125s
  9003  6784 infeasible  156       191.60000   35.00000  81.7%   471  130s
  9561  7059   89.00000   66  763  191.60000   35.00000  81.7%   458  136s
  9902  7244   96.00000   77  560  191.60000   35.00000  81.7%   458  142s
 10067  7323 infeasible   86       191.60000   35.00000  81.7%   459  145s
 10404  7853   73.00000   34  707  191.60000   35.00000  81.7%   461  152s
 10943  7854   96.00000   63  717  191.60000   35.00000  81.7%   446  155s
 11424  8153   45.00000   25  945  191.60000   35.00000  81.7%   444  163s
 11691  8379   56.00000   40  954  191.60000   35.00000  81.7%   444  167s
*11967  8032             399     191.0000000   35.00000  81.7%   439  167s
 12060  8320   79.00000   50 1052  191.00000   35.00000  81.7%   439  171s
 12448  8454   79.00000   58  998  191.00000   35.00000  81.7%   435  176s
 12733  8661   83.00000   65  793  191.00000   35.00000  81.7%   434  181s
 13102  9199   89.00000   80  691  191.00000   35.00000  81.7%   429  185s
 13909  9149   92.00000  102  581  191.00000   35.00000  81.7%   413  190s
 14488  9490  146.00000  175  447  191.00000   35.00000  81.7%   414  200s
 14787  9722  168.00000  215  273  191.00000   35.00000  81.7%   415  205s
 15166 10021  173.00000  271  159  191.00000   35.00000  81.7%   415  210s
 15645 10193   53.00000   22  899  191.00000   35.00000  81.7%   414  215s
 16003 10512   83.00000   38  634  191.00000   35.00000  81.7%   414  221s
 16457 11289  123.00000   79  579  191.00000   35.00000  81.7%   412  227s
 17508 11615  184.00000  179  298  191.00000   35.00000  81.7%   398  233s
 17961 12034  190.00000  260   93  191.00000   35.00000  81.7%   397  239s
 18466 12412   56.27753   23 1090  191.00000   35.00000  81.7%   395  246s
*18855 12173             419     190.0000000   35.00000  81.6%   395  246s
 18919 12658   87.00000   46  724  190.00000   35.00000  81.6%   395  253s
 19511 13651  119.00000   92  512  190.00000   35.00000  81.6%   392  260s
 20842 14086   85.00000   20  798  190.00000   35.00000  81.6%   380  268s
 21361 14838  116.00000   34  576  190.00000   35.00000  81.6%   383  278s
 22149 15700  149.00000   74  333  190.00000   35.00000  81.6%   386  288s
 23049 17168  189.00000  109  245  190.00000   35.00000  81.6%   384  297s
 24897 17441   51.00000   22  868  190.00000   35.00000  81.6%   373  305s
 25228 17878   51.00000   30  935  190.00000   35.00000  81.6%   378  312s
 25669 18488   83.00000   38  899  190.00000   35.00000  81.6%   382  320s
 26287 19389   83.00000   46  785  190.00000   35.00000  81.6%   383  329s
 27266 20358   85.00000   65  572  190.00000   35.00000  81.6%   381  338s
*27980 19851             487     189.0000000   35.00000  81.5%   379  338s
 28413 20216   48.00000   28  894  189.00000   35.00000  81.5%   377  348s
 28864 20852   75.00000   45  959  189.00000   35.00000  81.5%   380  357s
 29538 22649   91.00000   64 1061  189.00000   35.00000  81.5%   380  367s
*30185 22285             380     188.0000000   35.00000  81.4%   375  367s
 31786 22959  101.00000   95 1159  188.00000   35.00000  81.4%   363  377s
*32575 22779             337     187.0000000   35.00000  81.3%   361  377s
 32658 24296  146.00000  136  500  187.00000   35.00000  81.3%   361  386s
 34790 24979   63.00000   36  854  187.00000   35.00000  81.3%   349  396s
 35515 25786  114.00000   74  448  187.00000   35.00000  81.3%   349  407s
*36082 25659             226     186.0000000   35.00000  81.2%   348  407s
 36512 26500   48.00000   26  839  186.00000   35.00000  81.2%   346  416s
 37788 26838 infeasible  104       186.00000   35.00000  81.2%   345  426s
 38208 27544   81.00000   40  992  186.00000   35.00000  81.2%   350  438s
 39048 28228   83.00000   60  814  186.00000   35.00000  81.2%   349  451s
*39197 27945             214     185.0000000   35.00000  81.1%   349  451s
 39926 28570   52.00000   26  987  185.00000   35.00000  81.1%   351  464s
*40544 28331             238     184.0000000   35.00000  81.0%   354  464s
 40801 29373  125.00000   62  522  184.00000   35.00000  81.0%   353  479s
*41774 29184             201     183.0000000   35.00000  80.9%   355  479s
 42037 31249  101.00000   55  908  183.00000   35.00000  80.9%   354  496s
 44796 31695 infeasible   73       183.00000   35.00000  80.9%   347  507s
 45330 32373   64.00000   31 1037  183.00000   35.00000  80.9%   351  520s
 46130 33196   70.00000   60  637  183.00000   35.00000  80.9%   354  534s
*46581 33036             203     182.0000000   35.00000  80.8%   355  534s
 47074 34027   72.00000   98  575  182.00000   35.00000  80.8%   358  549s
 48209 35108   47.00000   20  898  182.00000   35.00000  80.8%   360  565s
 49504 37574   93.00000   76  504  182.00000   35.00000  80.8%   361  580s
 52684 38142 infeasible   53       182.00000   35.00000  80.8%   354  593s
 53340 39065   97.00000   66  693  182.00000   35.00000  80.8%   358  608s
 54455 40008   72.00000   41 1017  182.00000   35.00000  80.8%   357  624s
*55307 39710             212     181.0000000   35.00000  80.7%   357  624s
 55626 40725  117.00000   89  559  181.00000   35.00000  80.7%   358  642s
*55870 40725             227     181.0000000   35.00000  80.7%   358  642s
 56801 41908   56.00000   50 1061  181.00000   35.00000  80.7%   360  658s
 58209 42858   46.00000   41 1076  181.00000   35.00000  80.7%   363  676s
 59279 43907   86.00000   78  599  181.00000   35.00000  80.7%   365  693s
 60546 45916   73.00000   37  853  181.00000   35.00000  80.7%   366  709s
 63398 46926 infeasible   53       181.00000   35.00000  80.7%   363  728s
 64606 48453  117.00000  113  474  181.00000   35.00000  80.7%   363  751s
*65458 48032             198     180.0000000   35.00000  80.6%   363  751s
 66491 49340  110.00000  106  557  180.00000   35.00000  80.6%   363  771s
*67876 49033             215     179.0000000   35.00000  80.4%   361  772s
 68247 51193  122.00000   94  451  179.00000   35.00000  80.4%   362  791s
 71301 52002   55.00000   21  841  179.00000   35.00000  80.4%   359  807s
 72220 53000   80.00000   36  878  179.00000   35.00000  80.4%   363  824s
 73408 54356   55.00000   27  905  179.00000   35.00000  80.4%   366  843s
 74986 55449  102.00000   55  579  179.00000   35.00000  80.4%   366  862s
 76451 56317   46.00000   35 1005  179.00000   35.00000  80.4%   365  880s
 77517 57421  122.00000   67  473  179.00000   35.00000  80.4%   367  899s
*77952 55511             336     175.0000000   35.00000  80.0%   366  899s
 78846 57350   55.00000   32  921  175.00000   35.00000  80.0%   368  918s
 81349 58108 infeasible   90       175.00000   35.00000  80.0%   367  936s
 82277 58880   35.00000   48 1221  175.00000   35.00000  80.0%   369  954s
 83211 59703  109.00000  104  636  175.00000   35.00000  80.0%   372  974s
*84183 59478             213     174.0000000   35.00000  79.9%   374  974s
 84256 60415  131.00000   72  596  174.00000   35.00000  79.9%   374  994s
*84394 59765             205     173.0000000   35.00000  79.8%   374  994s
 85519 61141   83.00000   53 1187  173.00000   35.00000  79.8%   375 1017s
 87163 63383   68.00000   42 1033  173.00000   35.00000  79.8%   375 1039s
 90317 63863   54.00000   47  908  173.00000   35.00000  79.8%   373 1056s
 90913 64907   53.00000   41 1084  173.00000   35.00000  79.8%   376 1075s
*92071 64630             264     172.0000000   35.00000  79.7%   376 1075s
 92251 65379  127.00000   75  538  172.00000   35.00000  79.7%   376 1094s
 93323 66426   83.00000   49  802  172.00000   35.00000  79.7%   378 1115s
 94560 67752   67.00000   47 1114  172.00000   35.00000  79.7%   380 1135s
 96138 68962  153.00000  143  368  172.00000   35.00000  79.7%   381 1157s
 97563 69984   85.00000   76  648  172.00000   35.00000  79.7%   382 1178s
*97894 69438             195     171.0000000   35.00000  79.5%   382 1178s
 98895 70230   82.00000   71 1162  171.00000   35.00000  79.5%   383 1200s
 100081 71444  129.00000  128  438  171.00000   35.00000  79.5%   385 1222s
*100307 71176             186     170.0000000   35.00000  79.4%   385 1222s
 101651 72154  116.00000  111  505  170.00000   35.00000  79.4%   385 1243s
 102896 73636   97.00000   60  684  170.00000   35.00000  79.4%   388 1266s
*103900 72683             185     168.0000000   35.00000  79.2%   389 1266s
 104702 74118   85.00000   75  844  168.00000   35.00000  79.2%   388 1285s
 106577 75130   84.00000   46  840  168.00000   35.00000  79.2%   388 1303s
*107796 74572             286     167.0000000   35.00000  79.0%   388 1303s
 107817 75502 infeasible  106       167.00000   35.00000  79.0%   388 1322s
 109071 76269   87.00000   53  590  167.00000   35.00000  79.0%   388 1341s
 110111 77234   83.00000   73  741  167.00000   35.00000  79.0%   390 1363s
 111432 78421   99.00000   56 1003  167.00000   35.00000  79.0%   391 1386s
 112959 81250   81.00000   57  839  167.00000   35.00000  79.0%   392 1405s
 116551 82084 infeasible   63       167.00000   35.00000  79.0%   387 1423s
 117503 83044   89.00000   62  651  167.00000   35.00000  79.0%   389 1444s
 118779 83983   61.00000   46  990  167.00000   35.00000  79.0%   389 1464s
 119916 85001   59.00000   51  762  167.00000   35.00000  79.0%   391 1485s
*120443 84398             217     166.0000000   35.00000  78.9%   390 1485s
 121209 85449  133.00000  191  265  166.00000   35.00000  78.9%   392 1507s
 122536 86507  123.00000   81  711  166.00000   35.00000  78.9%   392 1528s
 124002 88063   99.00000   97  718  166.00000   35.00000  78.9%   392 1550s
 125898 90028  135.00000  233  289  166.00000   35.00000  78.9%   391 1571s
 128644 90630  132.00000   99  499  166.00000   35.00000  78.9%   389 1583s
 129414 91309  165.00000  208   95  166.00000   35.00000  78.9%   390 1597s
 130359 92178  119.00000   82  457  166.00000   35.00000  78.9%   390 1613s
 131476 93065   56.00000   49  922  166.00000   35.00000  78.9%   390 1631s
 132647 94016 infeasible  113       166.00000   35.00000  78.9%   390 1648s
 133947 95100 infeasible  117       166.00000   35.00000  78.9%   390 1666s
 135418 96208   88.00000   57  607  166.00000   35.00000  78.9%   391 1686s
 136686 97177  158.00000  155  127  166.00000   35.00000  78.9%   392 1707s
 137941 98225   61.00000   50  839  166.00000   35.00000  78.9%   393 1729s
 139265 99327  134.00000   80  438  166.00000   35.00000  78.9%   395 1750s
 140625 100656   59.00000   59  706  166.00000   35.00000  78.9%   396 1772s
 142158 102823  114.00000  107  374  166.00000   35.00000  78.9%   396 1792s
 145309 103604 infeasible   85       166.00000   35.00000  78.9%   394 1810s
 146274 104378   73.00000   50 1038  166.00000   35.00000  78.9%   396 1829s
 147255 105069   82.00000   63  592  166.00000   35.00000  78.9%   397 1850s
 148184 106605   87.00000   59 1215  166.00000   35.00000  78.9%   399 1884s
 150178 107853  119.00000   76  582  166.00000   35.00000  78.9%   401 1912s
 151814 109221   67.00000   48  943  166.00000   35.00000  78.9%   402 1942s
 153534 111400   59.00000   64  660  166.00000   35.00000  78.9%   404 1973s
 156229 112967  124.00000  124  330  166.00000   35.00000  78.9%   404 2000s
 158323 114474   59.00000   39 1031  166.00000   35.00000  78.9%   403 2024s
 160114 115926  116.00000  137  473  166.00000   35.00000  78.9%   402 2048s
 161934 118053   53.00000   53 1129  166.00000   35.00000  78.9%   402 2069s
 165110 118740 infeasible   69       166.00000   35.00000  78.9%   401 2088s
 165987 119450   70.00000   47  997  166.00000   35.00000  78.9%   402 2109s
 166877 121199  132.00000   66  596  166.00000   35.00000  78.9%   404 2132s
 168872 122155  165.00000  141  189  166.00000   35.00000  78.9%   404 2154s
 170072 123207   90.00000   84  635  166.00000   35.00000  78.9%   405 2182s
 171512 124781 infeasible   56       166.00000   35.00000  78.9%   406 2211s
*172572 123287             220     165.0000000   35.00000  78.8%   406 2211s
 173610 124494   78.00000   59 1125  165.00000   35.00000  78.8%   406 2236s
 175398 125549   79.00000   57 1052  165.00000   35.00000  78.8%   407 2261s
 176891 126340 infeasible  115       165.00000   35.00000  78.8%   407 2286s
 178084 127675   59.00000   34 1021  165.00000   35.00000  78.8%   409 2312s
 179827 128852  143.00000  116  355  165.00000   35.00000  78.8%   410 2341s
 181410 129965   35.00000   38 1186  165.00000   35.00000  78.8%   410 2367s
 182873 131189  142.00000  110  479  165.00000   35.00000  78.8%   412 2393s
 184505 132754   57.00000   43  980  165.00000   35.00000  78.8%   413 2419s
 186482 133749 infeasible  202       165.00000   35.00000  78.8%   412 2445s
 187843 134862   87.00000   69 1278  165.00000   35.00000  78.8%   414 2472s
 189274 135899 infeasible  138       165.00000   35.00000  78.8%   415 2494s
 190683 137229   81.00000   75  795  165.00000   35.00000  78.8%   415 2518s
*191181 135436             199     164.0000000   35.00000  78.7%   415 2518s
 192356 136722   84.00000   70  600  164.00000   35.00000  78.7%   416 2543s
 193994 137849  115.00000   93  531  164.00000   35.00000  78.7%   416 2567s
 195651 138962   69.00000   40 1140  164.00000   35.00000  78.7%   417 2590s
 197242 140228 infeasible   73       164.00000   35.00000  78.7%   417 2614s
 198912 141119   59.00000   45  859  164.00000   35.00000  78.7%   417 2638s
 200137 142212   65.00000   59 1022  164.00000   35.00000  78.7%   419 2663s
 201426 143661   59.00000   65  979  164.00000   35.00000  78.7%   421 2688s
 203439 144775  102.00000   93  630  164.00000   35.00000  78.7%   421 2712s
 204947 145647  114.00000  156  381  164.00000   35.00000  78.7%   422 2737s
 206157 146668   35.00000   39  873  164.00000   35.00000  78.7%   423 2762s
 207502 147728  101.00000   89  579  164.00000   35.00000  78.7%   424 2787s
 208882 148806  100.00000   99  725  164.00000   35.00000  78.7%   425 2812s
 210388 149947   91.00000   59  766  164.00000   35.00000  78.7%   426 2834s
*211539 147831             204     163.0000000   35.00000  78.5%   426 2834s
 211865 149090 infeasible   68       163.00000   35.00000  78.5%   426 2858s
 213446 150083  136.00000   77  540  163.00000   35.00000  78.5%   426 2882s
 214926 151448   47.00000   55 1200  163.00000   35.00000  78.5%   427 2907s
 216531 153006   74.00000   67  908  163.00000   35.00000  78.5%   428 2933s
 218529 154237  153.00000  117  397  163.00000   35.00000  78.5%   428 2956s
 220192 155285   80.00000   44  809  163.00000   35.00000  78.5%   427 2979s
 221566 156357  118.00000   80  495  163.00000   35.00000  78.5%   428 3004s
 222996 157764   93.00000   58  821  163.00000   35.00000  78.5%   429 3029s
 224641 159323   69.00000   64  832  163.00000   35.00000  78.5%   430 3054s
 226674 160541   84.00000   58 1071  163.00000   35.00000  78.5%   430 3079s
 228302 161413   52.00000   59 1194  163.00000   35.00000  78.5%   430 3104s
 229544 162589   92.00000   76 1248  163.00000   35.00000  78.5%   431 3130s
 231016 163889   74.00000   61 1269  163.00000   35.00000  78.5%   431 3152s
 232735 165884   96.00000   66  972  163.00000   35.00000  78.5%   431 3171s
 235144 166745   73.00000   66  935  163.00000   35.00000  78.5%   430 3188s
 236215 167663   46.00000   50  693  163.00000   35.00000  78.5%   430 3206s
 237331 168596   42.00000   45 1005  163.00000   35.00000  78.5%   431 3226s
 238490 169422   81.00000   48  739  163.00000   35.00000  78.5%   431 3247s
 239588 170741   61.00000   53  722  163.00000   35.00000  78.5%   432 3271s
 241243 171797  162.00000  120  205  163.00000   35.00000  78.5%   432 3292s
 242745 172558   81.00000   69 1154  163.00000   35.00000  78.5%   433 3313s
 243748 173598  106.00000  102  973  163.00000   35.00000  78.5%   434 3336s
 245180 174660   82.00000   64  804  163.00000   35.00000  78.5%   434 3359s
 246645 175753   64.00000   61  814  163.00000   35.00000  78.5%   434 3383s
 248074 176986  135.00000   78  480  163.00000   35.00000  78.5%   435 3408s
 249785 178156   79.00000   67 1010  163.00000   35.00000  78.5%   436 3432s
 251327 179496   89.00000   64 1152  163.00000   35.00000  78.5%   436 3456s
 253246 180617 infeasible   70       163.00000   35.00000  78.5%   436 3478s
 254759 181785   55.00000   52  912  163.00000   35.00000  78.5%   436 3500s
 256151 183894  147.00000   90  458  163.00000   35.00000  78.5%   437 3525s
 258874 184750   56.00000   46 1024  163.00000   35.00000  78.5%   435 3544s
 260012 185724  123.00000  115  373  163.00000   35.00000  78.5%   436 3567s
 261230 186845  138.00000  174  255  163.00000   35.00000  78.5%   436 3590s
 262665 187561  112.00000   79  658  163.00000   35.00000  78.5%   436 3600s

Explored 263549 nodes (114906056 simplex iterations) in 3600.04 seconds (2251.25 work units)
Thread count was 32 (of 32 available processors)

Solution count 10: 163 164 165 ... 173

Time limit reached
Best objective 1.630000000000e+02, best bound 3.500000000000e+01, gap 78.5276%
