
Gurobi 13.0.0 (linux64) logging started Mon Nov 24 11:48:52 2025

Set parameter LogFile to value "./Results/StripPacking-CutHeur/Logs/HU-111-StripPacking-10-0.log"
Set parameter TimeLimit to value 3600
Set parameter Cuts to value 1
Set parameter Presolve to value 1
Set parameter Heuristics to value 1
Set parameter LogToConsole to value 0
Set parameter LPWarmStart to value 2
Warning: linear constraint 370 and linear constraint 550 have the same name "PM[B0,B1,0]"
Warning: linear constraint 370 and linear constraint 550 have the same name "PM[B0,B1,0]"
Warning: default constraint names used to write mps file
Gurobi Optimizer version 13.0.0 build v13.0.0rc1 (linux64 - "Debian GNU/Linux 12 (bookworm)")

CPU model: Intel(R) Xeon(R) CPU E5-2630 v3 @ 2.40GHz, instruction set [SSE2|AVX|AVX2]
Thread count: 16 physical cores, 32 logical processors, using up to 32 threads

Non-default parameters:
TimeLimit  3600
LPWarmStart  2
Heuristics  1
Cuts  1
LogToConsole  0
Presolve  1

Optimize a model with 865 rows, 201 columns and 2360 nonzeros (Min)
Model fingerprint: 0xe954cef5
Model has 1 linear objective coefficients
Variable types: 21 continuous, 180 integer (180 binary)
Coefficient statistics:
  Matrix range     [1e+00, 1e+04]
  Objective range  [1e+00, 1e+00]
  Bounds range     [1e+00, 1e+04]
  RHS range        [1e+00, 1e+04]

Warning: Completing partial solution with 180 unfixed non-continuous variables out of 180
User MIP start produced solution with objective 50 (0.00s)
Loaded user MIP start with objective 50

Presolve removed 156 rows and 22 columns
Presolve time: 0.01s
Presolved: 709 rows, 179 columns, 2180 nonzeros
Variable types: 21 continuous, 158 integer (158 binary)

Root relaxation: objective 3.500000e+01, 179 iterations, 0.01 seconds (0.00 work units)

    Nodes    |    Current Node    |     Objective Bounds      |     Work
 Expl Unexpl |  Obj  Depth IntInf | Incumbent    BestBd   Gap | It/Node Time

     0     0   35.00000    0    9   50.00000   35.00000  30.0%     -    0s
H    0     0                      49.0000000   35.00000  28.6%     -    0s
     0     0   35.00000    0   22   49.00000   35.00000  28.6%     -    0s
H    0     0                      48.0000000   35.00000  27.1%     -    0s
H    0     0                      46.0000000   35.00000  23.9%     -    0s
     0     0   35.00000    0   19   46.00000   35.00000  23.9%     -    0s
H    0     0                      45.0000000   35.00000  22.2%     -    0s
     0     0   35.00000    0   18   45.00000   35.00000  22.2%     -    0s
     0     0   35.00000    0    7   45.00000   35.00000  22.2%     -    0s
H    0     0                      43.0000000   35.00000  18.6%     -    0s
     0     0   35.00000    0   21   43.00000   35.00000  18.6%     -    0s
     0     0   35.00000    0   14   43.00000   35.00000  18.6%     -    0s
     0     0   35.00000    0    8   43.00000   35.00000  18.6%     -    0s
     0     0   35.00000    0    8   43.00000   35.00000  18.6%     -    0s
H    0     0                      42.0000000   35.00000  16.7%     -    0s
     0     0   35.00000    0   10   42.00000   35.00000  16.7%     -    0s
     0     0   35.00000    0   10   42.00000   35.00000  16.7%     -    0s
     0     0   35.00000    0   10   42.00000   35.00000  16.7%     -    0s
     0     0   35.00000    0   19   42.00000   35.00000  16.7%     -    0s
     0     0   35.00000    0    5   42.00000   35.00000  16.7%     -    0s
     0     0   35.00000    0    5   42.00000   35.00000  16.7%     -    0s
     0     0   35.00000    0    6   42.00000   35.00000  16.7%     -    0s
     0     0   35.00000    0    9   42.00000   35.00000  16.7%     -    0s
     0     0   35.00000    0    9   42.00000   35.00000  16.7%     -    0s
     0     0   35.00000    0    9   42.00000   35.00000  16.7%     -    0s
     0     0   35.00000    0    9   42.00000   35.00000  16.7%     -    0s
     0     0   35.00000    0   28   42.00000   35.00000  16.7%     -    0s
     0     0   35.00000    0   24   42.00000   35.00000  16.7%     -    0s
     0     0   35.00000    0   24   42.00000   35.00000  16.7%     -    0s
     0     0   35.00000    0    6   42.00000   35.00000  16.7%     -    0s
     0     0   35.00000    0    6   42.00000   35.00000  16.7%     -    0s
     0     0   35.00000    0   10   42.00000   35.00000  16.7%     -    0s
     0     0   35.00000    0    2   42.00000   35.00000  16.7%     -    0s
     0     0   35.00000    0    2   42.00000   35.00000  16.7%     -    0s
     0     0   35.00000    0    9   42.00000   35.00000  16.7%     -    0s
     0     0   35.00000    0    8   42.00000   35.00000  16.7%     -    0s
H    0     0                      41.0000000   35.00000  14.6%     -    0s
     0     0   35.00000    0   14   41.00000   35.00000  14.6%     -    0s
     0     0   35.00000    0    4   41.00000   35.00000  14.6%     -    0s
     0     0   35.00000    0    9   41.00000   35.00000  14.6%     -    0s
     0     0   35.00000    0   21   41.00000   35.00000  14.6%     -    0s
     0     0   35.00000    0    5   41.00000   35.00000  14.6%     -    0s
     0     0   35.00000    0    5   41.00000   35.00000  14.6%     -    0s
     0     0   35.00000    0   12   41.00000   35.00000  14.6%     -    0s
     0     0   35.00000    0    4   41.00000   35.00000  14.6%     -    0s
     0     0   35.00000    0    4   41.00000   35.00000  14.6%     -    0s
     0     2   35.00000    0    4   41.00000   35.00000  14.6%     -    0s
H   88    97                      40.0000000   35.00000  12.5%  12.3    0s
H  287   210                      39.0000000   35.00000  10.3%  11.9    0s
H 2311   261                      39.0000000   35.00000  10.3%   9.8    1s
  7919    66   38.00000   25   13   39.00000   38.00000  2.56%   7.1    5s

Cutting planes:
  Learned: 427
  Gomory: 5
  Cover: 36
  Implied bound: 2
  Clique: 2
  MIR: 97
  StrongCG: 1
  Zero half: 1
  RLT: 14
  Relax-and-lift: 6

Explored 8243 nodes (61426 simplex iterations) in 6.46 seconds (2.97 work units)
Thread count was 32 (of 32 available processors)

Solution count 10: 39 39 40 ... 49

Optimal solution found (tolerance 1.00e-04)
Best objective 3.899999999600e+01, best bound 3.899999999600e+01, gap 0.0000%
