
Gurobi 13.0.0 (linux64) logging started Tue Nov 25 13:59:46 2025

Set parameter LogFile to value "./Results/StripPacking-CutHeur/Logs/NU-010-StripPacking-35-0.log"
Set parameter TimeLimit to value 3600
Set parameter Cuts to value 0
Set parameter Presolve to value 1
Set parameter Heuristics to value 0
Set parameter LogToConsole to value 0
Set parameter LPWarmStart to value 2
Gurobi Optimizer version 13.0.0 build v13.0.0rc1 (linux64 - "Debian GNU/Linux 12 (bookworm)")

CPU model: Intel(R) Xeon(R) CPU E5-2630 v3 @ 2.40GHz, instruction set [SSE2|AVX|AVX2]
Thread count: 16 physical cores, 32 logical processors, using up to 32 threads

Non-default parameters:
TimeLimit  3600
LPWarmStart  2
Heuristics  0
Cuts  0
LogToConsole  0
Presolve  1

Optimize a model with 3010 rows, 2451 columns and 9590 nonzeros (Min)
Model fingerprint: 0xea7e28c0
Model has 1 linear objective coefficients
Variable types: 71 continuous, 2380 integer (2380 binary)
Coefficient statistics:
  Matrix range     [1e+00, 1e+04]
  Objective range  [1e+00, 1e+00]
  Bounds range     [1e+00, 1e+04]
  RHS range        [1e+00, 1e+04]

Warning: Completing partial solution with 2380 unfixed non-continuous variables out of 2380
User MIP start produced solution with objective 143.9 (0.00s)
Loaded user MIP start with objective 143.9

Presolve time: 0.01s
Presolved: 3010 rows, 2451 columns, 9590 nonzeros
Variable types: 71 continuous, 2380 integer (2380 binary)

Root relaxation: objective 4.800000e+01, 1082 iterations, 0.01 seconds (0.01 work units)

    Nodes    |    Current Node    |     Objective Bounds      |     Work
 Expl Unexpl |  Obj  Depth IntInf | Incumbent    BestBd   Gap | It/Node Time

     0     0   48.00000    0  124  143.90000   48.00000  66.6%     -    0s
     0     0   48.00000    0  124  143.90000   48.00000  66.6%     -    0s
     0     0   48.00000    0  100  143.90000   48.00000  66.6%     -    0s
     0     2   48.00000    0   76  143.90000   48.00000  66.6%     -    0s
* 7875  7283             323     140.0000000   48.00000  65.7%   9.7    1s
*20854 15678             354     139.0000000   48.00000  65.5%   8.2    4s
 22264 16425   62.00000  173  298  139.00000   48.00000  65.5%   8.1    5s
*23367 16593             441     138.0000000   48.00000  65.2%   8.2    5s
*23532 15844             418     137.0000000   48.00000  65.0%   8.2    5s
*29788 17364             425     135.0000000   48.00000  64.4%   8.1    6s
*31259 20278             387     134.0000000   48.00000  64.2%   8.0    7s
*35037 18640             309     133.0000000   48.00000  63.9%   8.0    7s
*36555 20175             387     129.0000000   48.00000  62.8%   8.0    8s
*39332 21103             408     126.0000000   48.00000  61.9%   7.9    8s
*43715 23850             334     124.0000000   48.00000  61.3%   7.9    9s
 52701 29118  123.00000  256   90  124.00000   48.00000  61.3%   7.6   10s
*52764 28009             355     123.0000000   48.00000  61.0%   7.6   10s
*53129 26859             328     122.0000000   48.00000  60.7%   7.6   10s
*58071 29976             331     121.0000000   48.00000  60.3%   7.6   11s
*62109 31491             399     120.0000000   48.00000  60.0%   7.5   11s
*68053 36194             306     119.0000000   48.00000  59.7%   7.5   12s
*70063 34800             307     118.0000000   48.00000  59.3%   7.5   12s
*77872 39630             348     117.0000000   48.00000  59.0%   7.5   13s
 82530 44046  116.00000  218  128  117.00000   48.00000  59.0%   7.6   15s
*83326 41914             318     116.0000000   48.00000  58.6%   7.6   15s
*92878 46617             293     115.0000000   48.00000  58.3%   7.6   16s
*97311 48192             347     113.0000000   48.00000  57.5%   7.6   17s
*113730 53993             288     112.0000000   48.00000  57.1%   7.5   19s
 117974 60385   59.00000  171  380  112.00000   48.00000  57.1%   7.6   20s
*125752 59651             237     110.0000000   48.00000  56.4%   7.7   21s
 148704 91820  108.00000   84  225  110.00000   48.00000  56.4%   7.9   27s
*159278 88155             371     109.0000000   48.00000  56.0%   7.9   27s
 181207 93894   54.00000  136  306  109.00000   48.00000  56.0%   8.0   30s
*188857 96252             349     108.0000000   48.00000  55.6%   8.2   31s
 213217 114829 infeasible  258       108.00000   48.00000  55.6%   8.2   35s
*215479 113209             282     107.0000000   48.00000  55.1%   8.2   35s
 242908 134775   71.00000  128  230  107.00000   48.00000  55.1%   8.2   40s
 281966 164371  104.00000  215  110  107.00000   48.00000  55.1%   8.3   45s
*290563 153786             257     106.0000000   48.00000  54.7%   8.2   46s
 318607 175480 infeasible  188       106.00000   48.00000  54.7%   8.2   50s
 347023 196684 infeasible  246       106.00000   48.00000  54.7%   8.2   55s
 382332 225055  104.00000  142  220  106.00000   48.00000  54.7%   8.1   60s
*382849 197905             342     105.0000000   48.00000  54.3%   8.1   60s
*391580 199675             283     104.0000000   48.00000  53.8%   8.1   62s
 419232 207479  103.00000  210  259  104.00000   48.00000  53.8%   8.2   65s
 451561 234473  103.00000  240   92  104.00000   48.00000  53.8%   8.2   70s
 483398 257573  103.00000  156  163  104.00000   48.00000  53.8%   8.2   75s
*495176 238854             248     103.0000000   48.00000  53.4%   8.2   76s
 518771 256065  101.00000  120  194  103.00000   48.00000  53.4%   8.2   80s
 549539 281705   97.00000  136  284  103.00000   48.00000  53.4%   8.2   85s
 586138 308399   72.00000   80  210  103.00000   48.00000  53.4%   8.2   90s
 604790 336150  102.00000  150  180  103.00000   48.00000  53.4%   8.2   95s
 658472 360842   77.00000  255  281  103.00000   48.00000  53.4%   8.1  100s
*674651 332606             304     102.0000000   48.00000  52.9%   8.1  103s
 685754 340872  100.00000  158  306  102.00000   48.00000  52.9%   8.1  105s
 719338 367812  101.00000  380   48  102.00000   48.00000  52.9%   8.1  110s
 748870 390197   81.00000  131  290  102.00000   48.00000  52.9%   8.2  115s
 757565 414519   63.00000  126  306  102.00000   48.00000  52.9%   8.2  120s
 790045 431149  101.00000  174  203  102.00000   48.00000  52.9%   8.2  126s
 836863 454948   99.00000  151  223  102.00000   48.00000  52.9%   8.2  130s
 847905 483389   71.00000  181  291  102.00000   48.00000  52.9%   8.2  135s
 886263 496145  100.00000  190  214  102.00000   48.00000  52.9%   8.2  140s
 925713 517197   98.00000  166  190  102.00000   48.00000  52.9%   8.2  145s
 956362 541686   76.00000  153  359  102.00000   48.00000  52.9%   8.2  150s
 991618 564942   74.00000  241  288  102.00000   48.00000  52.9%   8.2  155s
 1004688 595945   99.00000  219  174  102.00000   48.00000  52.9%   8.3  160s
*1038920 515313             230     101.0000000   48.00000  52.5%   8.3  164s
 1038987 529710   50.00000  115  408  101.00000   48.00000  52.5%   8.3  166s
 1083607 545965   88.00000  106  218  101.00000   48.00000  52.5%   8.3  170s
 1121264 572041  100.00000  185  108  101.00000   48.00000  52.5%   8.3  175s
 1147737 590918   99.00000  248  118  101.00000   48.00000  52.5%   8.3  180s
 1177467 613076  100.00000  187  230  101.00000   48.00000  52.5%   8.3  185s
 1214749 638533   82.00000  120  322  101.00000   48.00000  52.5%   8.3  190s
 1236921 654562 infeasible  146       101.00000   48.00000  52.5%   8.3  195s
 1266682 678539  100.00000  137  232  101.00000   48.00000  52.5%   8.4  200s
 1302433 701915   98.00000  147  248  101.00000   48.00000  52.5%   8.3  205s
 1337068 725915   88.00000  144  251  101.00000   48.00000  52.5%   8.4  210s
 1367491 747093   54.00000  151  325  101.00000   48.00000  52.5%   8.3  215s
 1403544 770527     cutoff  246       101.00000   48.00000  52.5%   8.4  220s
 1432546 791172   54.00000  140  414  101.00000   48.00000  52.5%   8.4  225s
 1464475 816339   95.00000  158  288  101.00000   48.00000  52.5%   8.4  230s
 1496604 838808   80.00000  287  231  101.00000   48.00000  52.5%   8.4  235s
 1531268 861152 infeasible  199       101.00000   48.00000  52.5%   8.4  240s
 1562148 884194   93.00000  103  224  101.00000   48.00000  52.5%   8.4  245s
 1597087 907876 infeasible  210       101.00000   48.00000  52.5%   8.4  250s
 1618334 937197   98.00000  152  268  101.00000   48.00000  52.5%   8.4  255s
 1662788 950725 infeasible  153       101.00000   48.00000  52.5%   8.4  260s
 1692961 974501   89.00000  148  330  101.00000   48.00000  52.5%   8.4  265s
 1730641 998722 infeasible  239       101.00000   48.00000  52.5%   8.4  270s
 1763159 1022199  100.00000  169  230  101.00000   48.00000  52.5%   8.4  275s
 1790574 1044831   83.00000  232  198  101.00000   48.00000  52.5%   8.4  280s
*1824194 906385             272     100.0000000   48.00000  52.0%   8.4  285s
 1850038 923316   69.00000  191  317  100.00000   48.00000  52.0%   8.4  290s
 1879494 945222 infeasible  191       100.00000   48.00000  52.0%   8.4  295s
 1907966 964936     cutoff  153       100.00000   48.00000  52.0%   8.5  300s
 1945358 990343   76.00000  128  361  100.00000   48.00000  52.0%   8.5  305s
 1957959 1020717   79.00000  133  386  100.00000   48.00000  52.0%   8.5  311s
 1987636 1024009   99.00000  180  201  100.00000   48.00000  52.0%   8.5  316s
 2023368 1047180   99.00000  194  164  100.00000   48.00000  52.0%   8.5  320s
 2066414 1076490   91.00000  179  230  100.00000   48.00000  52.0%   8.5  325s
 2099500 1098633   99.00000  162  148  100.00000   48.00000  52.0%   8.5  330s
 2131840 1119188   99.00000  160  186  100.00000   48.00000  52.0%   8.5  335s
 2162896 1143142   99.00000  210  176  100.00000   48.00000  52.0%   8.5  340s
 2201206 1169431   58.00000  111  382  100.00000   48.00000  52.0%   8.5  345s
 2231305 1190581   56.00000  120  367  100.00000   48.00000  52.0%   8.5  350s
 2265297 1216055   69.00000  141  338  100.00000   48.00000  52.0%   8.5  355s
 2293516 1254025   98.00000  137  246  100.00000   48.00000  52.0%   8.5  362s
 2323372 1270231   70.00000  165  338  100.00000   48.00000  52.0%   8.5  366s
 2362963 1284200   99.00000  193  171  100.00000   48.00000  52.0%   8.5  370s
 2394318 1304303   97.00000  169  203  100.00000   48.00000  52.0%   8.5  375s
 2422870 1324215 infeasible  228       100.00000   48.00000  52.0%   8.5  380s
 2457803 1350846   68.00000   90  352  100.00000   48.00000  52.0%   8.5  385s
 2490718 1371978   73.00000  219  273  100.00000   48.00000  52.0%   8.5  390s
 2527236 1396808   76.00000  112  289  100.00000   48.00000  52.0%   8.5  395s
 2557183 1419498   72.00000  119  354  100.00000   48.00000  52.0%   8.5  400s
 2590071 1443209   96.00000  125  277  100.00000   48.00000  52.0%   8.5  405s
 2622010 1464857   87.00000  167  334  100.00000   48.00000  52.0%   8.5  410s
 2657390 1490217   99.00000  193  145  100.00000   48.00000  52.0%   8.5  415s
 2684837 1507652   76.00000  166  301  100.00000   48.00000  52.0%   8.5  420s
 2717593 1531099   73.00000  127  300  100.00000   48.00000  52.0%   8.5  425s
 2747502 1553887   66.00000  129  382  100.00000   48.00000  52.0%   8.5  430s
 2782628 1574486   63.00000  137  324  100.00000   48.00000  52.0%   8.5  435s
 2809406 1614957   94.00000  260  144  100.00000   48.00000  52.0%   8.5  444s
 2841395 1615340   97.00000  167  173  100.00000   48.00000  52.0%   8.5  445s
 2845698 1634014   99.00000  208   60  100.00000   48.00000  52.0%   8.5  450s
 2896629 1653100   90.00000  147  323  100.00000   48.00000  52.0%   8.5  455s
 2926491 1676623   97.00000  298  126  100.00000   48.00000  52.0%   8.5  460s
 2965512 1701614     cutoff  191       100.00000   48.00000  52.0%   8.5  465s
 2970266 1718445   88.00000  145  288  100.00000   48.00000  52.0%   8.5  470s
 3021375 1740573 infeasible  202       100.00000   48.00000  52.0%   8.5  475s
 3059342 1763239   74.00000  170  337  100.00000   48.00000  52.0%   8.5  480s
 3084834 1784141   99.00000  166  171  100.00000   48.00000  52.0%   8.5  485s
 3118560 1805937   99.00000  220  122  100.00000   48.00000  52.0%   8.5  490s
 3148285 1839804   98.00000  216  143  100.00000   48.00000  52.0%   8.5  496s
 3177858 1861087   86.00000  226  178  100.00000   48.00000  52.0%   8.5  500s
 3219009 1874600   99.00000  187  213  100.00000   48.00000  52.0%   8.5  505s
 3249433 1895695   78.00000  106  308  100.00000   48.00000  52.0%   8.5  510s
 3287819 1919403 infeasible  232       100.00000   48.00000  52.0%   8.5  515s
 3314005 1938644   99.00000  156  206  100.00000   48.00000  52.0%   8.5  520s
 3330999 1963817   98.00000  186  219  100.00000   48.00000  52.0%   8.5  525s
 3378083 1979900   99.00000  194  203  100.00000   48.00000  52.0%   8.5  530s
 3392615 2010390   92.00000  156  284  100.00000   48.00000  52.0%   8.5  536s
 3425129 2013513   93.00000  166  315  100.00000   48.00000  52.0%   8.5  540s
 3469720 2043121   66.00000  146  343  100.00000   48.00000  52.0%   8.5  545s
 3503142 2065607   94.00000  139  290  100.00000   48.00000  52.0%   8.5  550s
 3540743 2088532   70.00000  147  314  100.00000   48.00000  52.0%   8.5  555s
 3574217 2113487   76.00000  106  380  100.00000   48.00000  52.0%   8.5  560s
 3602482 2134285 infeasible  284       100.00000   48.00000  52.0%   8.5  565s
 3632885 2154328   99.00000  194  162  100.00000   48.00000  52.0%   8.5  570s
 3666145 2176155   59.00000  166  340  100.00000   48.00000  52.0%   8.5  575s
 3698443 2196457   85.00000  202  230  100.00000   48.00000  52.0%   8.5  580s
 3729648 2217935   68.00000  122  328  100.00000   48.00000  52.0%   8.5  585s
 3762055 2239428   99.00000  207  138  100.00000   48.00000  52.0%   8.5  590s
*3764221 1864277             235      99.0000000   48.00000  51.5%   8.5  594s
 3766251 1879939   98.00000  176  138   99.00000   48.00000  51.5%   8.5  596s
 3805114 1892311   66.00000  153  295   99.00000   48.00000  51.5%   8.5  600s
 3846856 1918002     cutoff  224        99.00000   48.00000  51.5%   8.5  606s
 3865779 1930720     cutoff  185        99.00000   48.00000  51.5%   8.5  610s
 3898468 1955471   96.00000  162  214   99.00000   48.00000  51.5%   8.5  615s
 3925290 1974319   88.00000  179  329   99.00000   48.00000  51.5%   8.5  620s
 3960972 1996054   70.00000  162  392   99.00000   48.00000  51.5%   8.5  625s
 3990870 2019757   90.00000  175  237   99.00000   48.00000  51.5%   8.5  630s
 4008566 2047942   92.00000  122  205   99.00000   48.00000  51.5%   8.5  635s
 4053933 2063398   71.00000  215  268   99.00000   48.00000  51.5%   8.5  640s
 4088307 2085951   98.00000  170  139   99.00000   48.00000  51.5%   8.5  645s
 4118928 2108204   96.00000  188  288   99.00000   48.00000  51.5%   8.5  650s
 4149892 2129695   77.00000  174  370   99.00000   48.00000  51.5%   8.5  655s
 4178274 2149335   76.00000  186  208   99.00000   48.00000  51.5%   8.5  660s
 4214831 2173106   98.00000  149  210   99.00000   48.00000  51.5%   8.5  665s
 4241828 2193904   91.00000  175  262   99.00000   48.00000  51.5%   8.5  670s
 4277228 2217877   90.00000  200  246   99.00000   48.00000  51.5%   8.5  675s
 4308986 2239094   97.00000  151  247   99.00000   48.00000  51.5%   8.5  680s
 4340249 2264386   98.00000  270   92   99.00000   48.00000  51.5%   8.5  685s
 4374053 2288253   73.00000  168  363   99.00000   48.00000  51.5%   8.5  692s
*4377569 2016221             246      98.0000000   48.00000  51.0%   8.5  694s
 4377832 2027960   77.00000  140  347   98.00000   48.00000  51.0%   8.5  696s
 4419705 2046345   83.00000  130  295   98.00000   48.00000  51.0%   8.5  700s
 4454943 2071337   87.00000  155  297   98.00000   48.00000  51.0%   8.5  705s
 4493564 2095029   87.00000  135  266   98.00000   48.00000  51.0%   8.5  710s
 4526505 2119627 infeasible  331        98.00000   48.00000  51.0%   8.5  715s
 4550146 2137860   94.00000  144  252   98.00000   48.00000  51.0%   8.5  720s
 4584196 2161666   48.00000  110  342   98.00000   48.00000  51.0%   8.5  725s
 4617612 2183257 infeasible  288        98.00000   48.00000  51.0%   8.5  730s
 4644496 2205670   80.00000  128  316   98.00000   48.00000  51.0%   8.5  735s
 4679981 2242481   97.00000  230  221   98.00000   48.00000  51.0%   8.5  741s
 4710884 2250721   95.00000  140  305   98.00000   48.00000  51.0%   8.5  745s
 4739957 2272272   96.00000  224  180   98.00000   48.00000  51.0%   8.5  750s
 4776236 2295328 infeasible  201        98.00000   48.00000  51.0%   8.5  755s
 4804722 2330566   95.00000  169  268   98.00000   48.00000  51.0%   8.5  761s
 4834569 2355488   97.00000  266  132   98.00000   48.00000  51.0%   8.5  766s
 4866158 2358258   96.00000  156  251   98.00000   48.00000  51.0%   8.5  770s
 4910697 2390137   97.00000  198  188   98.00000   48.00000  51.0%   8.5  775s
 4949077 2415408   75.00000  164  294   98.00000   48.00000  51.0%   8.5  780s
 4982856 2442741   85.00000  115  306   98.00000   48.00000  51.0%   8.5  785s
 5017042 2465676   90.00000  143  328   98.00000   48.00000  51.0%   8.5  790s
 5046023 2486829   51.00000  126  373   98.00000   48.00000  51.0%   8.5  795s
 5076335 2508654   94.00000  116  279   98.00000   48.00000  51.0%   8.5  800s
 5111453 2531306     cutoff  218        98.00000   48.00000  51.0%   8.5  805s
 5138942 2554302   93.00000  207  192   98.00000   48.00000  51.0%   8.5  810s
 5168315 2575670   97.00000  152  230   98.00000   48.00000  51.0%   8.5  815s
 5204877 2599205   94.00000  265  133   98.00000   48.00000  51.0%   8.5  820s
 5236184 2623901   80.00000  138  383   98.00000   48.00000  51.0%   8.5  825s
 5262260 2656899   96.00000  182  192   98.00000   48.00000  51.0%   8.5  831s
 5306032 2670851   56.00000  116  402   98.00000   48.00000  51.0%   8.5  835s
 5333760 2694087   91.00000  263  223   98.00000   48.00000  51.0%   8.5  840s
 5353596 2721126   94.00000  171  172   98.00000   48.00000  51.0%   8.5  845s
 5407552 2741260   86.00000  186  330   98.00000   48.00000  51.0%   8.5  850s
 5432958 2761840   97.00000  155  188   98.00000   48.00000  51.0%   8.5  855s
 5459549 2778353   97.00000  170  202   98.00000   48.00000  51.0%   8.5  860s
 5494537 2802177   95.00000  147  271   98.00000   48.00000  51.0%   8.5  865s
 5526475 2824354   79.00000  193  235   98.00000   48.00000  51.0%   8.5  870s
 5557075 2848473   97.00000  207  198   98.00000   48.00000  51.0%   8.5  875s
 5591854 2870244   94.00000  154  279   98.00000   48.00000  51.0%   8.5  880s
 5625546 2894482   97.00000  196  200   98.00000   48.00000  51.0%   8.5  885s
 5658336 2919887   91.00000  148  289   98.00000   48.00000  51.0%   8.5  890s
 5685451 2936935   96.00000  236  116   98.00000   48.00000  51.0%   8.5  895s
 5722351 2962511   76.00000  174  346   98.00000   48.00000  51.0%   8.5  900s
 5748042 2982360   97.00000  159  168   98.00000   48.00000  51.0%   8.5  905s
 5786928 3006695   96.00000  205  287   98.00000   48.00000  51.0%   8.5  910s
 5814211 3038431   97.00000  215  108   98.00000   48.00000  51.0%   8.4  916s
 5851585 3052211   97.00000  236  106   98.00000   48.00000  51.0%   8.4  920s
 5879091 3071098 infeasible  180        98.00000   48.00000  51.0%   8.4  925s
 5914236 3094698   97.00000  160  182   98.00000   48.00000  51.0%   8.4  930s
 5934927 3126171   97.00000  239   88   98.00000   48.00000  51.0%   8.4  936s
 5969399 3136287   90.00000  136  328   98.00000   48.00000  51.0%   8.4  940s
 5994785 3166645   48.00000  157  381   98.00000   48.00000  51.0%   8.4  945s
 6030607 3180779   87.00000  193  266   98.00000   48.00000  51.0%   8.4  950s
 6070594 3205008 infeasible  145        98.00000   48.00000  51.0%   8.4  955s
 6101821 3228913   79.00000  146  270   98.00000   48.00000  51.0%   8.4  960s
 6134196 3249791   97.00000  194  231   98.00000   48.00000  51.0%   8.4  965s
 6164964 3274372   90.00000  150  307   98.00000   48.00000  51.0%   8.4  970s
 6197544 3295063 infeasible  139        98.00000   48.00000  51.0%   8.4  975s
 6225982 3318627   96.00000  112  260   98.00000   48.00000  51.0%   8.4  980s
 6239136 3345622   95.00000  108  278   98.00000   48.00000  51.0%   8.4  986s
 6272486 3363076   90.00000  137  284   98.00000   48.00000  51.0%   8.4  991s
 6310063 3377144   65.00000  111  278   98.00000   48.00000  51.0%   8.4  995s
 6329150 3405854   53.00000   93  286   98.00000   48.00000  51.0%   8.4 1000s
 6372819 3420559 infeasible  266        98.00000   48.00000  51.0%   8.4 1005s
 6394782 3436574   97.00000  157  207   98.00000   48.00000  51.0%   8.4 1010s
 6426453 3457920   90.00000  123  270   98.00000   48.00000  51.0%   8.4 1015s
 6463019 3481168     cutoff  242        98.00000   48.00000  51.0%   8.4 1020s
 6483636 3509497   94.00000  128  250   98.00000   48.00000  51.0%   8.4 1026s
 6522775 3524422   97.00000  181  162   98.00000   48.00000  51.0%   8.4 1030s
 6550249 3546245   89.00000  143  304   98.00000   48.00000  51.0%   8.4 1035s
 6575994 3577461   77.00000  142  350   98.00000   48.00000  51.0%   8.4 1040s
 6618074 3590330   97.00000  157  211   98.00000   48.00000  51.0%   8.4 1045s
 6646102 3613134 infeasible  221        98.00000   48.00000  51.0%   8.4 1050s
 6679759 3634471   48.00000  104  366   98.00000   48.00000  51.0%   8.4 1055s
 6713784 3660091   74.00000  202  284   98.00000   48.00000  51.0%   8.4 1060s
 6730598 3686794   97.00000  177  172   98.00000   48.00000  51.0%   8.4 1065s
 6785845 3706853   96.00000  152  231   98.00000   48.00000  51.0%   8.4 1070s
 6811000 3728159   83.00000  186  290   98.00000   48.00000  51.0%   8.4 1075s
 6846862 3750313 infeasible  168        98.00000   48.00000  51.0%   8.4 1080s
 6875556 3773510   97.00000  144  155   98.00000   48.00000  51.0%   8.4 1085s
 6908420 3796593   74.00000  125  312   98.00000   48.00000  51.0%   8.4 1090s
 6939714 3819213   91.00000  115  262   98.00000   48.00000  51.0%   8.4 1095s
 6972464 3841029   94.00000  131  284   98.00000   48.00000  51.0%   8.4 1100s
 7003892 3860664 infeasible  212        98.00000   48.00000  51.0%   8.4 1105s
 7033208 3882913   96.00000  147  184   98.00000   48.00000  51.0%   8.4 1110s
 7041328 3907401   72.00000  135  266   98.00000   48.00000  51.0%   8.4 1115s
 7077294 3923206   97.00000  128  249   98.00000   48.00000  51.0%   8.4 1121s
 7124453 3944511   82.00000  153  353   98.00000   48.00000  51.0%   8.4 1125s
 7155699 3966976   90.00000  222  200   98.00000   48.00000  51.0%   8.4 1130s
 7188477 3990959   94.00000  167  197   98.00000   48.00000  51.0%   8.4 1135s
 7223951 4014278   78.00000  174  229   98.00000   48.00000  51.0%   8.4 1140s
 7254668 4036045   94.00000  152  263   98.00000   48.00000  51.0%   8.4 1145s
 7280520 4057429   69.00000  153  329   98.00000   48.00000  51.0%   8.4 1150s
 7323205 4084036   96.00000  123  270   98.00000   48.00000  51.0%   8.4 1155s
 7356967 4109772   95.00000  243  126   98.00000   48.00000  51.0%   8.4 1160s
 7377005 4139081   97.00000  214  194   98.00000   48.00000  51.0%   8.4 1165s
 7424122 4154589   62.00000  115  316   98.00000   48.00000  51.0%   8.4 1170s
 7455445 4179297   97.00000  177  186   98.00000   48.00000  51.0%   8.4 1175s
 7484070 4200768   97.00000  298  114   98.00000   48.00000  51.0%   8.4 1180s
 7512928 4222368 infeasible  285        98.00000   48.00000  51.0%   8.4 1185s
 7547821 4247335   90.00000  141  250   98.00000   48.00000  51.0%   8.4 1190s
 7585060 4271899   90.00000  178  236   98.00000   48.00000  51.0%   8.5 1195s
 7617265 4296252   97.00000  182  156   98.00000   48.00000  51.0%   8.5 1200s
 7647058 4317608   97.00000  152  196   98.00000   48.00000  51.0%   8.5 1205s
 7684342 4342293   96.00000  147  262   98.00000   48.00000  51.0%   8.5 1210s
 7709145 4360111   97.00000  217  168   98.00000   48.00000  51.0%   8.5 1215s
 7741075 4382383   72.00000  184  362   98.00000   48.00000  51.0%   8.5 1220s
 7771420 4403088   73.00000  135  359   98.00000   48.00000  51.0%   8.5 1225s
 7799630 4423324   83.00000  162  243   98.00000   48.00000  51.0%   8.5 1230s
 7836853 4447776   76.00000  222  325   98.00000   48.00000  51.0%   8.5 1235s
 7861887 4466415   97.00000  139  243   98.00000   48.00000  51.0%   8.5 1240s
 7891476 4487720   97.00000  155  202   98.00000   48.00000  51.0%   8.5 1245s
 7922478 4509793   97.00000  146  224   98.00000   48.00000  51.0%   8.5 1250s
 7960464 4532617   65.00000  167  297   98.00000   48.00000  51.0%   8.5 1255s
 7964872 4556202   82.00000  227  271   98.00000   48.00000  51.0%   8.5 1260s
 8000302 4573763   96.00000  212   60   98.00000   48.00000  51.0%   8.5 1266s
 8047048 4592791   71.00000  147  152   98.00000   48.00000  51.0%   8.5 1270s
 8082550 4617272     cutoff  237        98.00000   48.00000  51.0%   8.5 1275s
 8115528 4640194   96.00000  131  317   98.00000   48.00000  51.0%   8.5 1280s
 8148855 4660888   96.00000  184  217   98.00000   48.00000  51.0%   8.5 1285s
 8178634 4684646   67.00000  122  308   98.00000   48.00000  51.0%   8.5 1290s
 8208687 4706042   77.00000  186  314   98.00000   48.00000  51.0%   8.5 1295s
 8235224 4724835   96.00000  226  155   98.00000   48.00000  51.0%   8.5 1300s
 8266057 4745440   97.00000  137  250   98.00000   48.00000  51.0%   8.5 1305s
 8298658 4764842 infeasible  266        98.00000   48.00000  51.0%   8.5 1310s
 8326762 4786137   61.00000  126  332   98.00000   48.00000  51.0%   8.5 1315s
 8351358 4803536     cutoff  185        98.00000   48.00000  51.0%   8.5 1320s
 8365123 4830984   68.00000  199  348   98.00000   48.00000  51.0%   8.5 1325s
 8401576 4847744   91.00000  213  233   98.00000   48.00000  51.0%   8.5 1332s
 8434556 4859043   90.00000  171  270   98.00000   48.00000  51.0%   8.5 1335s
 8475808 4884039 infeasible  259        98.00000   48.00000  51.0%   8.5 1340s
 8488657 4914766   51.00000  130  330   98.00000   48.00000  51.0%   8.5 1346s
 8521119 4917621   82.00000  129  262   98.00000   48.00000  51.0%   8.5 1350s
 8560614 4942888     cutoff  173        98.00000   48.00000  51.0%   8.5 1355s
 8594193 4965790   96.00000  155  212   98.00000   48.00000  51.0%   8.5 1360s
 8622983 4986580   88.00000  287  162   98.00000   48.00000  51.0%   8.5 1365s
 8654398 5006640   85.00000  214  228   98.00000   48.00000  51.0%   8.5 1370s
 8679700 5027119 infeasible  159        98.00000   48.00000  51.0%   8.5 1375s
 8711458 5047894   90.00000  163  274   98.00000   48.00000  51.0%   8.5 1380s
 8737346 5064354   86.00000  106  276   98.00000   48.00000  51.0%   8.5 1385s
 8766799 5098514   97.00000  183  144   98.00000   48.00000  51.0%   8.5 1391s
 8800153 5108855   95.00000  243  210   98.00000   48.00000  51.0%   8.5 1395s
 8830176 5127146   94.00000  177  268   98.00000   48.00000  51.0%   8.5 1400s
 8864613 5150396 infeasible  196        98.00000   48.00000  51.0%   8.5 1405s
 8888129 5182422   93.00000  178  227   98.00000   48.00000  51.0%   8.5 1411s
 8923792 5192408   60.00000  121  345   98.00000   48.00000  51.0%   8.5 1415s
 8960081 5213897   96.00000  194  190   98.00000   48.00000  51.0%   8.5 1420s
 8988730 5235373   75.00000  155  273   98.00000   48.00000  51.0%   8.5 1425s
 9012978 5255006   72.00000  158  263   98.00000   48.00000  51.0%   8.5 1430s
 9052469 5276331 infeasible  198        98.00000   48.00000  51.0%   8.5 1435s
 9078667 5296047 infeasible  201        98.00000   48.00000  51.0%   8.5 1440s
 9099183 5325108   88.00000  128  306   98.00000   48.00000  51.0%   8.5 1445s
*9127342 5324531             292      98.0000000   48.00000  51.0%   8.5 1452s
 9139872 5336315   62.00000  148  307   98.00000   48.00000  51.0%   8.5 1455s
 9171720 5359220   80.00000  213  321   98.00000   48.00000  51.0%   8.5 1460s
 9188251 5386835   96.00000  169  214   98.00000   48.00000  51.0%   8.5 1465s
 9220907 5408793   97.00000  174  146   98.00000   48.00000  51.0%   8.5 1471s
 9265725 5422286 infeasible  174        98.00000   48.00000  51.0%   8.5 1475s
 9299804 5447255   79.00000  127  409   98.00000   48.00000  51.0%   8.5 1480s
 9336717 5472030   70.00000  208  289   98.00000   48.00000  51.0%   8.5 1485s
 9369007 5491604   62.00000  134  323   98.00000   48.00000  51.0%   8.5 1490s
 9396831 5510185   95.00000  225  254   98.00000   48.00000  51.0%   8.5 1495s
 9422941 5532002   86.00000  191  269   98.00000   48.00000  51.0%   8.5 1500s
 9459984 5554534   94.00000  137  265   98.00000   48.00000  51.0%   8.5 1505s
 9488255 5576699   97.00000  186  169   98.00000   48.00000  51.0%   8.5 1510s
 9525073 5599170   91.00000  119  283   98.00000   48.00000  51.0%   8.5 1516s
 9529310 5618714   62.00000  113  334   98.00000   48.00000  51.0%   8.5 1520s
 9585380 5639529   54.00000  116  346   98.00000   48.00000  51.0%   8.5 1525s
 9614834 5661716 infeasible  156        98.00000   48.00000  51.0%   8.5 1531s
 9644094 5681192   69.00000  123  399   98.00000   48.00000  51.0%   8.5 1535s
 9673677 5715461   97.00000  160  195   98.00000   48.00000  51.0%   8.5 1541s
 9710329 5721897 infeasible  170        98.00000   48.00000  51.0%   8.5 1545s
 9739265 5741421 infeasible  219        98.00000   48.00000  51.0%   8.5 1550s
 9766994 5761549   71.00000  182  251   98.00000   48.00000  51.0%   8.5 1555s
 9799415 5782729   60.00000  162  346   98.00000   48.00000  51.0%   8.5 1560s
 9803511 5798050   95.00000  173  225   98.00000   48.00000  51.0%   8.5 1565s
 9851413 5819100   61.00000  128  361   98.00000   48.00000  51.0%   8.5 1570s
 9884253 5839008   95.00000  144  130   98.00000   48.00000  51.0%   8.5 1575s
 9916838 5861070   74.00000  133  372   98.00000   48.00000  51.0%   8.5 1580s
 9951646 5885044   65.00000  136  398   98.00000   48.00000  51.0%   8.5 1585s
 9982433 5906503   74.00000  113  337   98.00000   48.00000  51.0%   8.5 1590s
 10013487 5942216   94.00000  215  174   98.00000   48.00000  51.0%   8.5 1597s
 10042520 5961896   96.00000  164  343   98.00000   48.00000  51.0%   8.5 1602s
 10073132 5964578   66.00000  127  285   98.00000   48.00000  51.0%   8.5 1606s
 10106452 5987067   97.00000  175  178   98.00000   48.00000  51.0%   8.5 1610s
 10132729 6023313   97.00000  196  140   98.00000   48.00000  51.0%   8.5 1616s
 10164646 6026104   74.00000  178  323   98.00000   48.00000  51.0%   8.5 1621s
 10194415 6047235   97.00000  186  134   98.00000   48.00000  51.0%   8.5 1625s
 10233013 6073645   48.00000  112  477   98.00000   48.00000  51.0%   8.5 1630s
 10267311 6095352   82.00000  188  311   98.00000   48.00000  51.0%   8.5 1635s
 10293446 6115945   68.00000  131  423   98.00000   48.00000  51.0%   8.5 1640s
 10318757 6147503   96.00000  141  243   98.00000   48.00000  51.0%   8.5 1645s
 10348670 6170026   97.00000  173  188   98.00000   48.00000  51.0%   8.5 1650s
 10379317 6172934   77.00000  158  309   98.00000   48.00000  51.0%   8.5 1655s
 10415331 6199719   60.00000  129  358   98.00000   48.00000  51.0%   8.5 1660s
 10451798 6225091   73.00000  175  341   98.00000   48.00000  51.0%   8.5 1665s
 10473048 6254516   97.00000  209  118   98.00000   48.00000  51.0%   8.5 1670s
 10518703 6269094   97.00000  146  256   98.00000   48.00000  51.0%   8.5 1675s
 10544439 6285041 infeasible  198        98.00000   48.00000  51.0%   8.5 1680s
 10565435 6321562   96.00000  223  189   98.00000   48.00000  51.0%   8.5 1687s
 10597817 6324368   69.00000  158  420   98.00000   48.00000  51.0%   8.5 1691s
 10629125 6345543   91.00000  355  175   98.00000   48.00000  51.0%   8.5 1695s
 10668640 6371604   84.00000  189  293   98.00000   48.00000  51.0%   8.5 1700s
 10696173 6390144   48.00000  124  349   98.00000   48.00000  51.0%   8.5 1705s
 10722123 6422933   88.00000  212  244   98.00000   48.00000  51.0%   8.5 1711s
 10754827 6430938   66.00000  193  266   98.00000   48.00000  51.0%   8.5 1715s
 10787749 6454610   77.00000  134  288   98.00000   48.00000  51.0%   8.5 1722s
 10790928 6472613   81.00000  112  324   98.00000   48.00000  51.0%   8.5 1725s
 10849233 6495317 infeasible  142        98.00000   48.00000  51.0%   8.5 1730s
 10876948 6514251 infeasible  183        98.00000   48.00000  51.0%   8.5 1735s
 10911882 6536317 infeasible  200        98.00000   48.00000  51.0%   8.5 1740s
 10940480 6558041   76.00000  179  278   98.00000   48.00000  51.0%   8.5 1745s
 10976419 6579401     cutoff  189        98.00000   48.00000  51.0%   8.5 1750s
 11002403 6599754   96.00000  174  173   98.00000   48.00000  51.0%   8.5 1755s
 11039068 6622028 infeasible  183        98.00000   48.00000  51.0%   8.5 1760s
 11066239 6640650   97.00000  164  146   98.00000   48.00000  51.0%   8.5 1765s
 11094151 6662120   93.00000  121  252   98.00000   48.00000  51.0%   8.5 1770s
 11130148 6683807   91.00000  125  336   98.00000   48.00000  51.0%   8.5 1775s
 11159810 6705907   97.00000  201  128   98.00000   48.00000  51.0%   8.5 1780s
 11190730 6725891   97.00000  182  170   98.00000   48.00000  51.0%   8.5 1785s
 11227047 6749115   81.00000  129  343   98.00000   48.00000  51.0%   8.5 1790s
 11256050 6766241   97.00000  137  246   98.00000   48.00000  51.0%   8.5 1795s
 11285680 6788882   68.00000  131  326   98.00000   48.00000  51.0%   8.5 1802s
 11289508 6806679   96.00000  144  257   98.00000   48.00000  51.0%   8.5 1805s
 11346530 6829763   96.00000  170  233   98.00000   48.00000  51.0%   8.5 1810s
 11378328 6848553   93.00000  197  224   98.00000   48.00000  51.0%   8.5 1815s
 11409226 6870322   96.00000  192  203   98.00000   48.00000  51.0%   8.5 1822s
 11439326 6891163   72.00000  147  328   98.00000   48.00000  51.0%   8.5 1825s
 11473016 6913495   87.00000  134  321   98.00000   48.00000  51.0%   8.5 1830s
 11498717 6946966   58.00000  141  322   98.00000   48.00000  51.0%   8.5 1836s
 11527690 6964569   79.00000  130  320   98.00000   48.00000  51.0%   8.5 1840s
 11573048 6978819 infeasible  181        98.00000   48.00000  51.0%   8.5 1845s
 11603044 6998926   96.00000  185  181   98.00000   48.00000  51.0%   8.5 1850s
 11619837 7028824   96.00000  120  242   98.00000   48.00000  51.0%   8.5 1856s
 11648811 7049593 infeasible  199        98.00000   48.00000  51.0%   8.5 1861s
 11680285 7052245   97.00000  222  164   98.00000   48.00000  51.0%   8.5 1865s
 11717629 7078433   97.00000  192  144   98.00000   48.00000  51.0%   8.5 1870s
 11756481 7101695   96.00000  159  289   98.00000   48.00000  51.0%   8.5 1875s
 11780714 7121368   95.00000  133  292   98.00000   48.00000  51.0%   8.5 1880s
 11813109 7144450   95.00000  172  192   98.00000   48.00000  51.0%   8.5 1885s
 11845855 7163029   94.00000  175  204   98.00000   48.00000  51.0%   8.5 1890s
 11874816 7186004   80.00000  151  310   98.00000   48.00000  51.0%   8.5 1895s
 11906797 7207669   96.00000  187  213   98.00000   48.00000  51.0%   8.5 1900s
 11936282 7226834   96.00000  112  321   98.00000   48.00000  51.0%   8.5 1905s
 11971708 7250211   75.00000  159  313   98.00000   48.00000  51.0%   8.5 1910s
 12006457 7271342   72.00000  142  323   98.00000   48.00000  51.0%   8.5 1915s
 12034689 7292273   87.00000  184  202   98.00000   48.00000  51.0%   8.5 1920s
 12063492 7310182   69.00000  243  290   98.00000   48.00000  51.0%   8.5 1925s
 12101466 7336573   61.00000  128  372   98.00000   48.00000  51.0%   8.5 1930s
*12109208 6101792             263      97.0000000   48.00000  50.5%   8.5 1942s
 12122449 6112192   96.00000  147  238   97.00000   48.00000  50.5%   8.5 1945s
 12159066 6134314   77.00000  170  298   97.00000   48.00000  50.5%   8.5 1950s
 12190539 6153558 infeasible  204        97.00000   48.00000  50.5%   8.5 1955s
 12223036 6178659 infeasible  266        97.00000   48.00000  50.5%   8.5 1960s
 12255914 6198633   81.00000  195  316   97.00000   48.00000  50.5%   8.5 1965s
 12288213 6220224   74.00000  182  232   97.00000   48.00000  50.5%   8.5 1972s
 12288605 6223129   74.00000  182  230   97.00000   48.00000  50.5%   8.5 1975s
 12324193 6247531   92.00000  158  280   97.00000   48.00000  50.5%   8.5 1980s
 12362938 6271573   85.00000  189  248   97.00000   48.00000  50.5%   8.5 1985s
 12399881 6293656 infeasible  191        97.00000   48.00000  50.5%   8.5 1990s
 12417003 6327205   87.00000  174  282   97.00000   48.00000  50.5%   8.5 1995s
 12449451 6329959     cutoff  148        97.00000   48.00000  50.5%   8.5 2000s
 12483133 6352016   94.00000  164  267   97.00000   48.00000  50.5%   8.5 2005s
 12521822 6378277   80.00000  194  284   97.00000   48.00000  50.5%   8.5 2010s
 12543708 6407805   92.00000  157  262   97.00000   48.00000  50.5%   8.5 2015s
 12579211 6417515   68.00000  129  320   97.00000   48.00000  50.5%   8.5 2020s
 12610713 6437980   49.44444  133  380   97.00000   48.00000  50.5%   8.5 2025s
 12644129 6457724   94.00000  167  247   97.00000   48.00000  50.5%   8.5 2030s
 12672032 6478513   96.00000  196  110   97.00000   48.00000  50.5%   8.5 2035s
 12698933 6513770   96.00000  182  175   97.00000   48.00000  50.5%   8.5 2041s
 12730704 6519512   92.00000  178  198   97.00000   48.00000  50.5%   8.5 2045s
 12763181 6541679   92.00000  159  249   97.00000   48.00000  50.5%   8.5 2050s
 12794188 6563123   80.00000  135  242   97.00000   48.00000  50.5%   8.5 2055s
 12821938 6582627   92.00000  211  249   97.00000   48.00000  50.5%   8.5 2060s
 12855709 6603551   60.00000  117  346   97.00000   48.00000  50.5%   8.5 2065s
 12883690 6622533   49.00000  103  314   97.00000   48.00000  50.5%   8.5 2070s
 12912485 6642112   92.00000  184  172   97.00000   48.00000  50.5%   8.5 2075s
 12936784 6662143   61.00000  100  260   97.00000   48.00000  50.5%   8.5 2080s
 12963185 6680144   95.00000  215  170   97.00000   48.00000  50.5%   8.5 2085s
 12999144 6702070   94.00000  162  314   97.00000   48.00000  50.5%   8.5 2090s
 13030843 6723902   83.00000  144  308   97.00000   48.00000  50.5%   8.5 2095s
 13067526 6749071 infeasible  159        97.00000   48.00000  50.5%   8.5 2100s
 13090304 6766453   96.00000  166  195   97.00000   48.00000  50.5%   8.5 2105s
 13121796 6785746   73.00000  131  396   97.00000   48.00000  50.5%   8.5 2110s
 13157259 6809567   91.00000  130  231   97.00000   48.00000  50.5%   8.5 2115s
 13187020 6829959   95.00000  172  199   97.00000   48.00000  50.5%   8.5 2120s
 13215826 6849232   66.00000  117  420   97.00000   48.00000  50.5%   8.5 2125s
 13249077 6870989   94.00000  167  254   97.00000   48.00000  50.5%   8.5 2130s
 13285629 6892989   69.00000  199  236   97.00000   48.00000  50.5%   8.5 2135s
 13289615 6911362   83.00000  260  198   97.00000   48.00000  50.5%   8.5 2140s
 13341498 6932017   67.00000  137  364   97.00000   48.00000  50.5%   8.5 2145s
 13375553 6956179   87.00000  198  226   97.00000   48.00000  50.5%   8.5 2150s
 13415731 6981374 infeasible  266        97.00000   48.00000  50.5%   8.5 2156s
 13419683 7000996   91.00000  148  239   97.00000   48.00000  50.5%   8.5 2161s
 13461866 7014528   95.00000  199  205   97.00000   48.00000  50.5%   8.5 2165s
 13489330 7034768   74.00000  136  319   97.00000   48.00000  50.5%   8.5 2170s
 13531305 7061867     cutoff  183        97.00000   48.00000  50.5%   8.5 2176s
 13553248 7077892     cutoff  218        97.00000   48.00000  50.5%   8.6 2180s
 13585018 7100967   56.00000  147  323   97.00000   48.00000  50.5%   8.6 2185s
 13600646 7127005   82.00000  145  296   97.00000   48.00000  50.5%   8.6 2190s
 13645939 7143311   86.00000  156  311   97.00000   48.00000  50.5%   8.6 2195s
 13664095 7169698   93.00000  193  217   97.00000   48.00000  50.5%   8.6 2200s
 13702493 7181146   96.00000  191  148   97.00000   48.00000  50.5%   8.6 2205s
 13727715 7198467   95.00000  198  259   97.00000   48.00000  50.5%   8.6 2210s
 13759687 7219875   96.00000  151  220   97.00000   48.00000  50.5%   8.6 2215s
 13793982 7241061   61.00000  133  306   97.00000   48.00000  50.5%   8.6 2220s
 13828059 7263222   94.00000  170  196   97.00000   48.00000  50.5%   8.6 2225s
 13854631 7282804   94.00000  157  224   97.00000   48.00000  50.5%   8.6 2230s
 13886633 7302420   91.00000  131  358   97.00000   48.00000  50.5%   8.6 2235s
 13912726 7336431   91.00000  201  201   97.00000   48.00000  50.5%   8.6 2241s
 13946071 7345641   88.00000  146  327   97.00000   48.00000  50.5%   8.6 2245s
 13973088 7379440   95.00000  171  243   97.00000   48.00000  50.5%   8.6 2251s
 14008294 7389653   94.00000  202  209   97.00000   48.00000  50.5%   8.6 2255s
 14039719 7407399   96.00000  170  207   97.00000   48.00000  50.5%   8.6 2260s
 14072112 7430526   94.00000  144  223   97.00000   48.00000  50.5%   8.6 2265s
 14096914 7448744   84.00000  206  258   97.00000   48.00000  50.5%   8.6 2270s
 14126104 7465745   96.00000  240  120   97.00000   48.00000  50.5%   8.6 2275s
 14157245 7488573 infeasible  238        97.00000   48.00000  50.5%   8.6 2280s
 14188656 7510312   95.00000  145  260   97.00000   48.00000  50.5%   8.6 2285s
 14217679 7527044   81.00000  119  278   97.00000   48.00000  50.5%   8.6 2290s
 14249280 7565394   87.00000  153  346   97.00000   48.00000  50.5%   8.6 2297s
 14278635 7567803   92.00000  173  231   97.00000   48.00000  50.5%   8.6 2300s
 14305970 7586021   96.00000  184  174   97.00000   48.00000  50.5%   8.6 2305s
 14343495 7612438   85.00000  136  310   97.00000   48.00000  50.5%   8.6 2311s
 14347750 7632058   69.00000  123  320   97.00000   48.00000  50.5%   8.6 2316s
 14395873 7646350   87.00000  139  312   97.00000   48.00000  50.5%   8.6 2320s
 14432446 7670798   75.00000  183  308   97.00000   48.00000  50.5%   8.6 2325s
 14436473 7688851   85.00000  199  261   97.00000   48.00000  50.5%   8.6 2330s
 14490991 7711191   92.00000  136  297   97.00000   48.00000  50.5%   8.6 2335s
 14521500 7745447   88.00000  148  336   97.00000   48.00000  50.5%   8.6 2342s
 14556519 7752102 infeasible  197        97.00000   48.00000  50.5%   8.6 2345s
 14583142 7790722   64.00000  177  356   97.00000   48.00000  50.5%   8.6 2353s
 14615636 7793666   94.00000  198  191   97.00000   48.00000  50.5%   8.6 2357s
 14643236 7813441   96.00000  212  135   97.00000   48.00000  50.5%   8.6 2360s
 14676479 7834250   96.00000  146  231   97.00000   48.00000  50.5%   8.6 2365s
 14709178 7857165 infeasible  155        97.00000   48.00000  50.5%   8.6 2370s
 14746304 7881200 infeasible  247        97.00000   48.00000  50.5%   8.6 2375s
 14780240 7902629   82.00000  156  326   97.00000   48.00000  50.5%   8.6 2380s
 14804173 7919221   88.00000  151  236   97.00000   48.00000  50.5%   8.6 2385s
 14840296 7941408   70.00000  108  341   97.00000   48.00000  50.5%   8.6 2390s
 14872265 7965257   57.00000  125  318   97.00000   48.00000  50.5%   8.6 2395s
 14902624 7999821   49.00000  112  286   97.00000   48.00000  50.5%   8.6 2401s
 14942621 8009156   81.00000  155  290   97.00000   48.00000  50.5%   8.6 2405s
 14973802 8031094   94.00000  140  224   97.00000   48.00000  50.5%   8.6 2410s
 14998161 8060808   93.00000  125  235   97.00000   48.00000  50.5%   8.6 2415s
 15039339 8075842   64.00000  133  338   97.00000   48.00000  50.5%   8.6 2420s
 15059949 8104442   96.00000  139  288   97.00000   48.00000  50.5%   8.6 2425s
 15104243 8116737   78.00000  137  365   97.00000   48.00000  50.5%   8.6 2430s
 15132475 8136787 infeasible  240        97.00000   48.00000  50.5%   8.6 2435s
 15160798 8158278   50.00000  107  300   97.00000   48.00000  50.5%   8.6 2440s
 15182191 8188183   74.00000  130  349   97.00000   48.00000  50.5%   8.6 2445s
 15222300 8199825   64.00000  132  437   97.00000   48.00000  50.5%   8.6 2450s
 15254151 8220886   69.00000  120  276   97.00000   48.00000  50.5%   8.6 2455s
 15292184 8241928   92.00000  147  298   97.00000   48.00000  50.5%   8.6 2460s
 15331973 8267908 infeasible  142        97.00000   48.00000  50.5%   8.6 2466s
 15352271 8284548   58.00000  187  344   97.00000   48.00000  50.5%   8.6 2470s
 15379325 8302363   96.00000  188  175   97.00000   48.00000  50.5%   8.6 2475s
 15414253 8326553   86.00000  237  262   97.00000   48.00000  50.5%   8.6 2480s
 15446766 8345188 infeasible  209        97.00000   48.00000  50.5%   8.6 2485s
 15475119 8366161   94.00000  185  192   97.00000   48.00000  50.5%   8.6 2490s
 15508943 8389676   94.00000  197  200   97.00000   48.00000  50.5%   8.6 2495s
 15538805 8408551   92.00000  176  224   97.00000   48.00000  50.5%   8.6 2500s
 15575868 8430297 infeasible  235        97.00000   48.00000  50.5%   8.6 2505s
 15602438 8447969 infeasible  170        97.00000   48.00000  50.5%   8.6 2510s
 15629681 8468569   73.00000  227  302   97.00000   48.00000  50.5%   8.6 2515s
 15663227 8490764   85.00000  127  295   97.00000   48.00000  50.5%   8.6 2520s
 15694925 8511797   83.00000  102  282   97.00000   48.00000  50.5%   8.6 2525s
 15726235 8532292   59.00000  150  311   97.00000   48.00000  50.5%   8.6 2530s
 15757835 8555583   96.00000  188  228   97.00000   48.00000  50.5%   8.6 2535s
 15792895 8576546   96.00000  187  189   97.00000   48.00000  50.5%   8.6 2540s
 15824787 8597345   75.00000  127  354   97.00000   48.00000  50.5%   8.6 2545s
 15851919 8618143   96.00000  200  196   97.00000   48.00000  50.5%   8.6 2550s
 15888190 8639136   88.00000  149  305   97.00000   48.00000  50.5%   8.6 2555s
 15918572 8659171     cutoff  158        97.00000   48.00000  50.5%   8.6 2560s
 15942314 8677028   96.00000  240  113   97.00000   48.00000  50.5%   8.6 2565s
 15975649 8696073   56.00000  117  328   97.00000   48.00000  50.5%   8.6 2570s
 16008322 8717340 infeasible  161        97.00000   48.00000  50.5%   8.7 2575s
 16036229 8739082   82.00000  142  240   97.00000   48.00000  50.5%   8.7 2580s
 16072590 8760238 infeasible  236        97.00000   48.00000  50.5%   8.7 2585s
 16076749 8778075   95.00000  144  201   97.00000   48.00000  50.5%   8.7 2590s
 16137243 8801951 infeasible  176        97.00000   48.00000  50.5%   8.7 2595s
*16139875 7613407             228      96.0000000   48.00000  50.0%   8.7 2607s
 16141291 7628699   71.00000  143  402   96.00000   48.00000  50.0%   8.7 2610s
 16193577 7646995   73.00000  173  331   96.00000   48.00000  50.0%   8.7 2615s
 16222868 7667980   60.00000  134  312   96.00000   48.00000  50.0%   8.7 2620s
 16253669 7686159 infeasible  161        96.00000   48.00000  50.0%   8.7 2625s
 16294873 7712812   53.00000  109  314   96.00000   48.00000  50.0%   8.7 2632s
 16295368 7715156   89.00000  127  287   96.00000   48.00000  50.0%   8.7 2635s
 16331559 7739282   95.00000  127  280   96.00000   48.00000  50.0%   8.7 2640s
 16356687 7768117   92.00000  164  261   96.00000   48.00000  50.0%   8.7 2645s
 16388856 7789507   53.00000  125  338   96.00000   48.00000  50.0%   8.7 2651s
 16420654 7792944   94.00000  170  209   96.00000   48.00000  50.0%   8.7 2655s
 16448320 7812790   94.00000  149  228   96.00000   48.00000  50.0%   8.7 2660s
 16480467 7830500   87.00000  167  243   96.00000   48.00000  50.0%   8.7 2665s
 16497301 7844275   86.00000  125  287   96.00000   48.00000  50.0%   8.7 2670s
 16528502 7861482   82.00000  138  367   96.00000   48.00000  50.0%   8.7 2675s
 16558166 7881066   56.00000  122  324   96.00000   48.00000  50.0%   8.7 2680s
 16576871 7912302     cutoff  181        96.00000   48.00000  50.0%   8.7 2686s
 16608266 7914556   70.00000  200  304   96.00000   48.00000  50.0%   8.7 2691s
 16639736 7934596   84.00000  163  316   96.00000   48.00000  50.0%   8.7 2696s
 16665982 7950672   95.00000  180  127   96.00000   48.00000  50.0%   8.7 2700s
 16695720 7967290     cutoff  211        96.00000   48.00000  50.0%   8.7 2705s
 16723930 7987893 infeasible  179        96.00000   48.00000  50.0%   8.7 2710s
 16764259 8011104     cutoff  155        96.00000   48.00000  50.0%   8.7 2716s
 16767734 8031673   78.00000  145  250   96.00000   48.00000  50.0%   8.7 2721s
 16808124 8040284   89.00000  137  365   96.00000   48.00000  50.0%   8.7 2725s
 16839582 8061235   82.00000  149  304   96.00000   48.00000  50.0%   8.7 2730s
 16873280 8082467   95.00000  201  230   96.00000   48.00000  50.0%   8.7 2735s
 16886736 8107136   75.00000  147  398   96.00000   48.00000  50.0%   8.7 2740s
 16920859 8124783   95.00000  164  129   96.00000   48.00000  50.0%   8.7 2746s
 16956861 8135382   63.00000  140  377   96.00000   48.00000  50.0%   8.7 2750s
 16979615 8162358   95.00000  225  134   96.00000   48.00000  50.0%   8.7 2755s
 17017150 8173532   95.00000  234   90   96.00000   48.00000  50.0%   8.7 2760s
 17053160 8192186   92.00000  132  238   96.00000   48.00000  50.0%   8.7 2765s
 17081288 8210961 infeasible  194        96.00000   48.00000  50.0%   8.7 2770s
 17111003 8229696   87.00000  200  228   96.00000   48.00000  50.0%   8.7 2775s
 17134139 8261578   84.00000  158  395   96.00000   48.00000  50.0%   8.7 2781s
 17166996 8265147 infeasible  216        96.00000   48.00000  50.0%   8.7 2785s
 17190813 8282756   77.00000  138  378   96.00000   48.00000  50.0%   8.7 2790s
 17225247 8302154   91.00000  151  282   96.00000   48.00000  50.0%   8.7 2795s
 17253183 8320160   94.00000  187  225   96.00000   48.00000  50.0%   8.7 2800s
 17281957 8338060   91.00000  140  291   96.00000   48.00000  50.0%   8.7 2805s
 17308653 8357797   82.00000  146  334   96.00000   48.00000  50.0%   8.7 2810s
 17342777 8378901   70.00000  148  315   96.00000   48.00000  50.0%   8.7 2815s
 17375403 8399550   77.00000  110  370   96.00000   48.00000  50.0%   8.7 2820s
 17404907 8414960   68.00000  149  348   96.00000   48.00000  50.0%   8.7 2825s
 17433127 8435736 infeasible  196        96.00000   48.00000  50.0%   8.7 2830s
 17463623 8454325   88.00000  130  253   96.00000   48.00000  50.0%   8.7 2835s
 17491936 8473648   95.00000  230  154   96.00000   48.00000  50.0%   8.7 2840s
 17531044 8495927 infeasible  183        96.00000   48.00000  50.0%   8.7 2845s
 17553039 8512548   90.00000  154  267   96.00000   48.00000  50.0%   8.7 2850s
 17580845 8528685   78.00000  129  230   96.00000   48.00000  50.0%   8.7 2855s
 17612445 8547769   95.00000  205  179   96.00000   48.00000  50.0%   8.7 2860s
 17645685 8570009   92.00000  156  261   96.00000   48.00000  50.0%   8.7 2865s
 17682960 8593543   94.00000  145  206   96.00000   48.00000  50.0%   8.7 2870s
 17710306 8613941   95.00000  155  231   96.00000   48.00000  50.0%   8.7 2875s
 17741218 8633107   82.00000  170  224   96.00000   48.00000  50.0%   8.7 2880s
 17776410 8656343   69.00000  164  322   96.00000   48.00000  50.0%   8.7 2885s
 17804687 8673992   94.00000  138  250   96.00000   48.00000  50.0%   8.7 2890s
 17838977 8692346   88.00000  137  254   96.00000   48.00000  50.0%   8.7 2895s
 17865484 8711641   95.00000  203   94   96.00000   48.00000  50.0%   8.7 2900s
 17898941 8730677   70.00000  137  403   96.00000   48.00000  50.0%   8.7 2905s
 17930828 8750293 infeasible  171        96.00000   48.00000  50.0%   8.7 2910s
 17967992 8774122     cutoff  144        96.00000   48.00000  50.0%   8.7 2916s
 17971746 8792736   72.00000  142  325   96.00000   48.00000  50.0%   8.7 2921s
 18013775 8805247   95.00000  164  194   96.00000   48.00000  50.0%   8.7 2925s
 18044407 8824580   91.00000  152  232   96.00000   48.00000  50.0%   8.7 2930s
 18087013 8848284   92.00000  140  248   96.00000   48.00000  50.0%   8.7 2936s
 18093680 8869975   64.00000  148  271   96.00000   48.00000  50.0%   8.7 2940s
 18126389 8888154   94.00000  165  220   96.00000   48.00000  50.0%   8.7 2946s
 18174892 8904896   69.00000  142  340   96.00000   48.00000  50.0%   8.7 2950s
 18203718 8920870   94.00000  149  192   96.00000   48.00000  50.0%   8.7 2955s
 18241518 8944881   95.00000  191  172   96.00000   48.00000  50.0%   8.7 2960s
 18247573 8956756   95.00000  190  141   96.00000   48.00000  50.0%   8.7 2965s
 18295502 8979350   84.00000  157  360   96.00000   48.00000  50.0%   8.7 2970s
 18326359 8998394   82.00000  210  216   96.00000   48.00000  50.0%   8.7 2975s
 18357749 9021252   86.00000  165  285   96.00000   48.00000  50.0%   8.7 2980s
 18387495 9037617 infeasible  151        96.00000   48.00000  50.0%   8.7 2985s
 18422380 9058989 infeasible  169        96.00000   48.00000  50.0%   8.7 2990s
 18451815 9077077   93.00000  201  244   96.00000   48.00000  50.0%   8.7 2995s
 18486340 9100036   72.00000  142  367   96.00000   48.00000  50.0%   8.7 3000s
 18518024 9122473   62.00000  124  435   96.00000   48.00000  50.0%   8.7 3005s
 18547246 9140886   91.00000  127  253   96.00000   48.00000  50.0%   8.7 3010s
 18576864 9175763   82.00000  155  266   96.00000   48.00000  50.0%   8.7 3017s
 18610096 9181822   75.00000  166  369   96.00000   48.00000  50.0%   8.7 3020s
 18639063 9201224   95.00000  189  162   96.00000   48.00000  50.0%   8.7 3025s
 18675409 9224180   67.00000  141  435   96.00000   48.00000  50.0%   8.7 3030s
 18700149 9240748   76.00000  113  331   96.00000   48.00000  50.0%   8.7 3035s
 18727165 9258190 infeasible  181        96.00000   48.00000  50.0%   8.7 3040s
 18756720 9275796 infeasible  172        96.00000   48.00000  50.0%   8.7 3045s
 18786180 9310841   93.00000  191  191   96.00000   48.00000  50.0%   8.7 3052s
 18816764 9314165 infeasible  189        96.00000   48.00000  50.0%   8.7 3055s
 18848517 9334144   88.00000  115  232   96.00000   48.00000  50.0%   8.7 3060s
 18881185 9356764   90.00000  176  295   96.00000   48.00000  50.0%   8.7 3065s
 18908737 9372508   94.00000  149  235   96.00000   48.00000  50.0%   8.7 3070s
 18940334 9393636 infeasible  146        96.00000   48.00000  50.0%   8.7 3075s
 18966757 9412472   74.00000  135  410   96.00000   48.00000  50.0%   8.7 3080s
 18996899 9432095   55.00000   98  415   96.00000   48.00000  50.0%   8.7 3085s
 19030613 9451753   82.00000  107  332   96.00000   48.00000  50.0%   8.7 3090s
 19053155 9469816   88.00000  139  231   96.00000   48.00000  50.0%   8.7 3095s
 19088374 9491639   95.00000  154  186   96.00000   48.00000  50.0%   8.7 3100s
 19096225 9513992   80.00000  129  370   96.00000   48.00000  50.0%   8.7 3105s
 19131235 9532232   95.00000  147  181   96.00000   48.00000  50.0%   8.7 3111s
 19170875 9546156   71.00000  181  211   96.00000   48.00000  50.0%   8.7 3115s
 19200016 9564843   95.00000  175  174   96.00000   48.00000  50.0%   8.7 3120s
 19218453 9588500   95.00000  158  195   96.00000   48.00000  50.0%   8.7 3125s
 19273335 9609339   94.00000  124  251   96.00000   48.00000  50.0%   8.7 3130s
 19303503 9628351   79.00000  135  387   96.00000   48.00000  50.0%   8.7 3135s
 19326260 9646027   67.00000  152  395   96.00000   48.00000  50.0%   8.7 3140s
 19358277 9666215   93.00000  165  228   96.00000   48.00000  50.0%   8.7 3145s
 19386828 9684323   94.00000  161  295   96.00000   48.00000  50.0%   8.7 3150s
 19424881 9705489   95.00000  163   86   96.00000   48.00000  50.0%   8.7 3155s
 19456795 9726032   95.00000  169  225   96.00000   48.00000  50.0%   8.7 3160s
 19487784 9745690   78.00000  119  248   96.00000   48.00000  50.0%   8.7 3165s
 19508678 9760778   93.00000  152  139   96.00000   48.00000  50.0%   8.7 3170s
 19525965 9785230   66.00000  149  363   96.00000   48.00000  50.0%   8.7 3175s
 19558964 9807183   95.00000  177  162   96.00000   48.00000  50.0%   8.7 3181s
 19588475 9809687   94.00000  138  162   96.00000   48.00000  50.0%   8.7 3185s
 19628784 9834822   60.00000  120  347   96.00000   48.00000  50.0%   8.7 3190s
 19664795 9855633   94.00000  167  218   96.00000   48.00000  50.0%   8.7 3195s
 19691194 9874704   86.00000  168  297   96.00000   48.00000  50.0%   8.7 3200s
 19724080 9894602   92.00000  141  294   96.00000   48.00000  50.0%   8.7 3205s
 19754257 9911407   95.00000  187  164   96.00000   48.00000  50.0%   8.7 3210s
 19777556 9931885   95.00000  151  218   96.00000   48.00000  50.0%   8.7 3215s
 19806213 9959609   88.00000  153  304   96.00000   48.00000  50.0%   8.7 3221s
 19838468 9981473   92.00000  118  306   96.00000   48.00000  50.0%   8.7 3226s
 19875752 9990504   90.00000  137  150   96.00000   48.00000  50.0%   8.7 3230s
 19908798 10011462   93.00000  166  188   96.00000   48.00000  50.0%   8.7 3235s
 19939444 10031074   77.00000  209  244   96.00000   48.00000  50.0%   8.7 3240s
 19972717 10052536   95.00000  149  270   96.00000   48.00000  50.0%   8.7 3245s
 19990357 10079834   95.00000  156  192   96.00000   48.00000  50.0%   8.7 3251s
 20019260 10082624   94.00000  180  272   96.00000   48.00000  50.0%   8.7 3255s
 20061618 10109975   61.00000  102  308   96.00000   48.00000  50.0%   8.7 3260s
 20080022 10136596   95.00000  135  254   96.00000   48.00000  50.0%   8.7 3265s
 20127562 10151113   94.00000  154  231   96.00000   48.00000  50.0%   8.7 3270s
 20155455 10170759   95.00000  174  197   96.00000   48.00000  50.0%   8.7 3275s
 20187260 10190560   53.00000  150  359   96.00000   48.00000  50.0%   8.7 3280s
 20205687 10219662   83.00000  166  265   96.00000   48.00000  50.0%   8.7 3286s
 20238174 10222361   92.00000  141  303   96.00000   48.00000  50.0%   8.7 3291s
 20272214 10244065   67.00000  138  291   96.00000   48.00000  50.0%   8.7 3295s
 20300055 10278300   79.00000  145  308   96.00000   48.00000  50.0%   8.7 3300s
 20335766 10294306   95.00000  200  136   96.00000   48.00000  50.0%   8.7 3307s
 20375206 10306839   69.00000  145  364   96.00000   48.00000  50.0%   8.7 3310s
 20396058 10336721   88.00000  144  262   96.00000   48.00000  50.0%   8.7 3315s
 20426255 10339774   68.00000  151  433   96.00000   48.00000  50.0%   8.7 3320s
 20469206 10366763 infeasible  159        96.00000   48.00000  50.0%   8.7 3325s
 20515276 10395979 infeasible  205        96.00000   48.00000  50.0%   8.7 3330s
 20547639 10414704 infeasible  190        96.00000   48.00000  50.0%   8.7 3335s
 20577429 10435938   93.00000  180  212   96.00000   48.00000  50.0%   8.7 3340s
 20605337 10454455   95.00000  161  146   96.00000   48.00000  50.0%   8.7 3345s
 20635672 10474284   78.00000  129  305   96.00000   48.00000  50.0%   8.7 3350s
 20668245 10494792   94.00000  171  220   96.00000   48.00000  50.0%   8.7 3355s
 20698284 10515224   73.00000  143  294   96.00000   48.00000  50.0%   8.7 3360s
 20731378 10533741   95.00000  135  311   96.00000   48.00000  50.0%   8.7 3365s
 20760144 10553164   86.00000  160  294   96.00000   48.00000  50.0%   8.7 3370s
 20787979 10572898   48.00000  147  461   96.00000   48.00000  50.0%   8.7 3375s
 20830764 10598822   94.00000  141  312   96.00000   48.00000  50.0%   8.7 3381s
 20850492 10612789   94.00000  144  300   96.00000   48.00000  50.0%   8.7 3385s
 20878820 10633254   84.00000  182  306   96.00000   48.00000  50.0%   8.7 3390s
 20906759 10651556 infeasible  165        96.00000   48.00000  50.0%   8.7 3395s
 20936354 10672600     cutoff  114        96.00000   48.00000  50.0%   8.7 3400s
 20961321 10703599   48.00000  137  357   96.00000   48.00000  50.0%   8.7 3406s
 21003818 10719237   95.00000  217  159   96.00000   48.00000  50.0%   8.7 3410s
 21043372 10744457   67.00000  140  310   96.00000   48.00000  50.0%   8.7 3415s
 21067095 10765340   89.00000  233  140   96.00000   48.00000  50.0%   8.7 3420s
 21096865 10786628   94.00000  157  239   96.00000   48.00000  50.0%   8.7 3425s
 21117527 10815748   93.00000  133  230   96.00000   48.00000  50.0%   8.7 3430s
 21160782 10829894   81.00000  119  279   96.00000   48.00000  50.0%   8.7 3435s
 21190960 10854725   83.00000  163  278   96.00000   48.00000  50.0%   8.7 3440s
 21225826 10879683   92.00000  133  257   96.00000   48.00000  50.0%   8.7 3445s
 21259366 10901035   94.00000  154  200   96.00000   48.00000  50.0%   8.7 3450s
 21284039 10920883   85.00000  123  196   96.00000   48.00000  50.0%   8.7 3455s
 21315758 10945498   54.00000   87  364   96.00000   48.00000  50.0%   8.7 3460s
 21325621 10971434   80.00000  137  270   96.00000   48.00000  50.0%   8.7 3465s
 21357695 10974304   54.00000  103  354   96.00000   48.00000  50.0%   8.7 3470s
 21394370 11000997   79.00000  136  296   96.00000   48.00000  50.0%   8.7 3475s
 21436261 11029556   95.00000  164  186   96.00000   48.00000  50.0%   8.7 3480s
 21468215 11050008   95.00000  132  200   96.00000   48.00000  50.0%   8.7 3485s
 21497197 11071064 infeasible  195        96.00000   48.00000  50.0%   8.7 3490s
 21525751 11091525 infeasible  203        96.00000   48.00000  50.0%   8.7 3495s
 21558058 11117236   93.00000  167  188   96.00000   48.00000  50.0%   8.7 3500s
 21592201 11137827 infeasible  130        96.00000   48.00000  50.0%   8.7 3505s
 21619162 11158369   88.00000  113  238   96.00000   48.00000  50.0%   8.7 3510s
 21654668 11181072   93.00000  158  223   96.00000   48.00000  50.0%   8.7 3515s
 21686183 11205264   93.00000  169  152   96.00000   48.00000  50.0%   8.7 3520s
 21722292 11229545   95.00000  193  150   96.00000   48.00000  50.0%   8.7 3525s
 21751042 11250089   95.00000  227   92   96.00000   48.00000  50.0%   8.7 3530s
 21785024 11270612   95.00000  149  129   96.00000   48.00000  50.0%   8.7 3535s
 21817511 11295638   92.00000  144  237   96.00000   48.00000  50.0%   8.7 3540s
 21847129 11317746   95.00000  181  180   96.00000   48.00000  50.0%   8.8 3545s
 21878573 11339137   95.00000  155  228   96.00000   48.00000  50.0%   8.8 3550s
 21913374 11362551   93.00000  108  186   96.00000   48.00000  50.0%   8.8 3555s
 21939200 11378510   88.00000  136  258   96.00000   48.00000  50.0%   8.8 3560s
 21971143 11403128   77.00000  113  244   96.00000   48.00000  50.0%   8.8 3565s
 22000993 11421912   95.00000  168  216   96.00000   48.00000  50.0%   8.8 3570s
 22033343 11447071   95.00000  234  100   96.00000   48.00000  50.0%   8.8 3575s
 22062334 11468167   87.00000  141  232   96.00000   48.00000  50.0%   8.8 3580s
 22094903 11490534   71.00000  157  292   96.00000   48.00000  50.0%   8.8 3585s
 22121218 11509501   93.00000  114  236   96.00000   48.00000  50.0%   8.8 3590s
 22157675 11532481   86.00000  100  286   96.00000   48.00000  50.0%   8.8 3595s
 22185092 11550528   95.00000  250  152   96.00000   48.00000  50.0%   8.8 3600s

Explored 22185595 nodes (194307123 simplex iterations) in 3600.08 seconds (692.22 work units)
Thread count was 32 (of 32 available processors)

Solution count 10: 96 97 98 ... 104

Time limit reached
Best objective 9.600000000000e+01, best bound 4.800000000000e+01, gap 50.0000%
