
Gurobi 13.0.0 (linux64) logging started Tue Nov 25 20:00:55 2025

Set parameter LogFile to value "./Results/StripPacking-CutHeur/Logs/NU-111-StripPacking-35-0.log"
Set parameter TimeLimit to value 3600
Set parameter Cuts to value 1
Set parameter Presolve to value 1
Set parameter Heuristics to value 1
Set parameter LogToConsole to value 0
Set parameter LPWarmStart to value 2
Gurobi Optimizer version 13.0.0 build v13.0.0rc1 (linux64 - "Debian GNU/Linux 12 (bookworm)")

CPU model: Intel(R) Xeon(R) CPU E5-2630 v3 @ 2.40GHz, instruction set [SSE2|AVX|AVX2]
Thread count: 16 physical cores, 32 logical processors, using up to 32 threads

Non-default parameters:
TimeLimit  3600
LPWarmStart  2
Heuristics  1
Cuts  1
LogToConsole  0
Presolve  1

Optimize a model with 3010 rows, 2451 columns and 9590 nonzeros (Min)
Model fingerprint: 0xea7e28c0
Model has 1 linear objective coefficients
Variable types: 71 continuous, 2380 integer (2380 binary)
Coefficient statistics:
  Matrix range     [1e+00, 1e+04]
  Objective range  [1e+00, 1e+00]
  Bounds range     [1e+00, 1e+04]
  RHS range        [1e+00, 1e+04]

Warning: Completing partial solution with 2380 unfixed non-continuous variables out of 2380
User MIP start produced solution with objective 143.9 (0.01s)
Loaded user MIP start with objective 143.9

Presolve time: 0.01s
Presolved: 3010 rows, 2451 columns, 9590 nonzeros
Variable types: 71 continuous, 2380 integer (2380 binary)

Root relaxation: objective 4.800000e+01, 1082 iterations, 0.02 seconds (0.01 work units)

    Nodes    |    Current Node    |     Objective Bounds      |     Work
 Expl Unexpl |  Obj  Depth IntInf | Incumbent    BestBd   Gap | It/Node Time

     0     0   48.00000    0  124  143.90000   48.00000  66.6%     -    0s
H    0     0                     143.2000000   48.00000  66.5%     -    0s
H    0     0                     137.0000000   48.00000  65.0%     -    0s
H    0     0                     135.0000000   48.00000  64.4%     -    0s
     0     0   48.00000    0  444  135.00000   48.00000  64.4%     -    0s
     0     0   48.00000    0  391  135.00000   48.00000  64.4%     -    0s
H    0     0                     129.0000000   48.00000  62.8%     -    0s
     0     0   48.00000    0  368  129.00000   48.00000  62.8%     -    0s
     0     0   48.00000    0   98  129.00000   48.00000  62.8%     -    0s
     0     0   48.00000    0  121  129.00000   48.00000  62.8%     -    0s
     0     0   48.00000    0  317  129.00000   48.00000  62.8%     -    0s
     0     0   48.00000    0  101  129.00000   48.00000  62.8%     -    0s
H    0     0                     124.0000000   48.00000  61.3%     -    1s
H    0     0                     123.0000000   48.00000  61.0%     -    1s
     0     0   48.00000    0  260  123.00000   48.00000  61.0%     -    1s
     0     0   48.00000    0  392  123.00000   48.00000  61.0%     -    1s
     0     0   48.00000    0   96  123.00000   48.00000  61.0%     -    1s
H    0     0                     119.0000000   48.00000  59.7%     -    1s
H    0     0                     117.0000000   48.00000  59.0%     -    1s
     0     0   48.00000    0  136  117.00000   48.00000  59.0%     -    1s
     0     0   48.00000    0  271  117.00000   48.00000  59.0%     -    1s
     0     0   48.00000    0  110  117.00000   48.00000  59.0%     -    1s
     0     0   48.00000    0  192  117.00000   48.00000  59.0%     -    1s
     0     0   48.00000    0  430  117.00000   48.00000  59.0%     -    1s
     0     0   48.00000    0  106  117.00000   48.00000  59.0%     -    1s
     0     0   48.00000    0  106  117.00000   48.00000  59.0%     -    1s
     0     0   48.00000    0   88  117.00000   48.00000  59.0%     -    1s
H    0     0                     116.0000000   48.00000  58.6%     -    2s
     0     2   48.00000    0   88  116.00000   48.00000  58.6%     -    2s
H   16    32                     115.0000000   48.00000  58.3%  45.6    2s
H   18    32                     114.0000000   48.00000  57.9%  57.2    2s
H  152   168                     111.0000000   48.00000  56.8%  40.5    3s
H  165   168                     109.0000000   48.00000  56.0%  40.1    3s
H  181   186                     106.0000000   48.00000  54.7%  39.3    3s
H  191   213                     105.0000000   48.00000  54.3%  40.5    3s
   277   293   48.00000   18  152  105.00000   48.00000  54.3%  37.2    5s
H  364   373                     105.0000000   48.00000  54.3%  35.9    9s
   373   468   48.00000   22  170  105.00000   48.00000  54.3%  35.4   10s
H  479   484                     104.0000000   48.00000  53.8%  32.9   11s
H  961  1425                     103.0000000   48.00000  53.4%  28.8   14s
H 1072  1425                     102.0000000   48.00000  52.9%  29.4   14s
H 1331  1421                     100.0000000   48.00000  52.0%  28.2   14s
  1432  3838   55.00000  128  229  100.00000   48.00000  52.0%  27.5   16s
H 2325  3838                     100.0000000   48.00000  52.0%  25.2   16s
  4334  4142   55.00000  152  250  100.00000   48.00000  52.0%  21.0   20s
H 4774  4643                      99.0000000   48.00000  51.5%  20.5   24s
H 5249  8126                      99.0000000   48.00000  51.5%  19.8   24s
H 8905  7894                      98.0000000   48.00000  51.0%  17.1   25s
H 8942  7481                      98.0000000   48.00000  51.0%  17.1   27s
H 9028  7178                      97.0000000   48.00000  50.5%  21.1   29s
  9112  7252   48.00000   20  374   97.00000   48.00000  50.5%  21.4   30s
H 9125  6892                      97.0000000   48.00000  50.5%  21.5   30s
  9296  7019   48.00000   23  360   97.00000   48.00000  50.5%  22.3   35s
  9476  7338   48.00000   25  341   97.00000   48.00000  50.5%  22.6   40s
 10323  7698   54.00000   27  311   97.00000   48.00000  50.5%  23.1   47s
 10431  8581   48.00000   28  327   97.00000   48.00000  50.5%  23.5   51s
H11314  9050                      96.0000000   48.00000  50.0%  24.7   54s
 12389  8704   48.00000   46  390   96.00000   48.00000  50.0%  24.5   56s
 12459  8744   48.00000   47  388   96.00000   48.00000  50.0%  24.6   60s
 12524  8785   48.00000   48  386   96.00000   48.00000  50.0%  24.7   65s
H12552  8455                      96.0000000   48.00000  50.0%  24.7   65s
 12588  8498   48.00000   49  433   96.00000   48.00000  50.0%  24.7   70s
 12629  8516   48.00000   49  451   96.00000   48.00000  50.0%  24.7   75s
 12693  8595   48.00000   50  466   96.00000   48.00000  50.0%  25.0   82s
H12715  7372                      95.0000000   48.00000  49.5%  25.1   82s
 13080  7686   48.00000   54  464   95.00000   48.00000  49.5%  25.4   88s
 13293  7781   48.00000   54  464   95.00000   48.00000  49.5%  25.8   90s
 13708  7844   48.00000   55  460   95.00000   48.00000  49.5%  26.5   97s
H13734  7546                      95.0000000   48.00000  49.5%  26.6   97s
 13741  7575   48.00000   56  458   95.00000   48.00000  49.5%  26.6  100s
 13840  7715   48.00000   57  473   95.00000   48.00000  49.5%  26.7  106s
 13962  7707   48.00000   57  445   95.00000   48.00000  49.5%  26.9  110s
 14037  7788   48.00000   58  493   95.00000   48.00000  49.5%  26.9  118s
 14104  7846   48.00000   63  457   95.00000   48.00000  49.5%  27.0  122s
 14185  7973   48.00000   63  464   95.00000   48.00000  49.5%  27.1  128s
 14369  8132   48.00000   64  455   95.00000   48.00000  49.5%  27.1  134s
 14589  8124   48.00000   64  457   95.00000   48.00000  49.5%  27.3  141s
 14658  8442   48.00000   65  484   95.00000   48.00000  49.5%  27.3  146s
 15067  8501   48.00000   65  453   95.00000   48.00000  49.5%  27.5  152s
 15265  8846   48.00000   66  483   95.00000   48.00000  49.5%  27.5  159s
 15714  8726   48.00000   66  465   95.00000   48.00000  49.5%  28.3  165s
 15749  8901   48.00000   67  468   95.00000   48.00000  49.5%  28.3  172s
 15984  8853   62.00000   91  439   95.00000   48.00000  49.5%  29.0  179s
 16018  9857   49.00000   91  483   95.00000   48.00000  49.5%  29.1  187s
 17165  9506   81.00000  154  324   95.00000   48.00000  49.5%  30.3  195s
 17198  9812   81.00000  155  325   95.00000   48.00000  49.5%  30.4  203s
 17523 10025   81.00000  155  323   95.00000   48.00000  49.5%  30.4  217s
 17897 10163   81.00000  171  299   95.00000   48.00000  49.5%  31.1  229s
 18294 10122 infeasible  194        95.00000   48.00000  49.5%  31.2  241s
 18437 10838   48.00000   71  290   95.00000   48.00000  49.5%  31.7  252s
 19317 11777   48.00000   72  287   95.00000   48.00000  49.5%  32.1  263s
 20782 12353   48.00000   73  285   95.00000   48.00000  49.5%  32.0  274s
 22075 13629   48.00000   74  257   95.00000   48.00000  49.5%  32.1  285s
 24322 15674   48.00000   75  266   95.00000   48.00000  49.5%  32.1  297s
 27947 16611   58.00000  172  362   95.00000   48.00000  49.5%  31.6  307s
 29662 16629   72.00000  144  311   95.00000   48.00000  49.5%  31.8  326s
 29727 22984   76.00000  145  313   95.00000   48.00000  49.5%  31.9  440s
 37727 23014   63.00000  105  302   95.00000   48.00000  49.5%  31.2  463s
 37761 23131   63.00000  106  300   95.00000   48.00000  49.5%  31.3  484s
 37979 23546   94.00000  156  147   95.00000   48.00000  49.5%  31.3  504s
 38596 23567 infeasible  170        95.00000   48.00000  49.5%  31.4  524s
 38639 24169 infeasible  169        95.00000   48.00000  49.5%  31.4  549s
 39377 26110   48.00000   96  221   95.00000   48.00000  49.5%  31.5  577s
 41910 26139   71.00000  112  274   95.00000   48.00000  49.5%  31.3  604s
 41945 26163   61.00000  111  305   95.00000   48.00000  49.5%  31.3  627s
 41985 26341   61.00000  113  292   95.00000   48.00000  49.5%  31.3  651s
 42256 27613   70.00000  114  298   95.00000   48.00000  49.5%  31.3  674s
 43940 30521   73.00000  134  331   95.00000   48.00000  49.5%  31.4  694s
 48023 35404   48.00000   82  347   95.00000   48.00000  49.5%  31.4  708s
 54556 35432   69.00000  106  170   95.00000   48.00000  49.5%  31.1  718s
 54592 35463   69.00000  107  170   95.00000   48.00000  49.5%  31.2  728s
 54625 35491   69.00000  108  172   95.00000   48.00000  49.5%  31.2  738s
 54661 35518   69.00000  109  168   95.00000   48.00000  49.5%  31.2  751s
 54698 35545   69.00000  110  188   95.00000   48.00000  49.5%  31.2  762s
 54735 35786   69.00000  111  188   95.00000   48.00000  49.5%  31.2  775s
 55050 35815   69.00000  112  188   95.00000   48.00000  49.5%  31.2  787s
 55085 35843   69.00000  113  180   95.00000   48.00000  49.5%  31.2  801s
 55121 35955   69.00000  114  186   95.00000   48.00000  49.5%  31.2  815s
 55243 35987   69.00000  115  197   95.00000   48.00000  49.5%  31.2  828s
 55275 36017   69.00000  116  196   95.00000   48.00000  49.5%  31.2  843s
 55317 36131   69.00000  117  178   95.00000   48.00000  49.5%  31.2  857s
 55463 37746   69.00000  118  182   95.00000   48.00000  49.5%  31.2  871s
 57617 37777   69.00000  119  180   95.00000   48.00000  49.5%  31.0  884s
 57650 38158   69.00000  120  180   95.00000   48.00000  49.5%  31.0  901s
 58195 39564   69.00000  121  178   95.00000   48.00000  49.5%  31.0  923s
 60002 42840   79.00000  122  216   95.00000   48.00000  49.5%  31.0  951s
 64129 42881   79.00000  123  194   95.00000   48.00000  49.5%  30.9  966s
 64186 42914   87.00000  124  234   95.00000   48.00000  49.5%  30.9  981s
 64231 45622   87.00000  125  232   95.00000   48.00000  49.5%  30.9  996s
 67810 50429   93.00000  133  158   95.00000   48.00000  49.5%  30.8 1012s
 74588 50451 infeasible  134        95.00000   48.00000  49.5%  30.7 1021s
 74630 50564 infeasible  135        95.00000   48.00000  49.5%  30.7 1032s
 74784 50687   68.00000  119  222   95.00000   48.00000  49.5%  30.6 1042s
 74929 50707   68.00000  120  230   95.00000   48.00000  49.5%  30.6 1053s
 74971 51099   69.00000  121  224   95.00000   48.00000  49.5%  30.6 1065s
 75465 51325   69.00000  122  221   95.00000   48.00000  49.5%  30.6 1082s
 75791 51522   69.00000  126  234   95.00000   48.00000  49.5%  30.6 1099s
 76090 51962   69.00000  127  232   95.00000   48.00000  49.5%  30.6 1115s
 76673 52493   69.00000  128  232   95.00000   48.00000  49.5%  30.7 1134s
 77424 53183 infeasible  166        95.00000   48.00000  49.5%  30.7 1150s
 78351 56068   48.00000   60  364   95.00000   48.00000  49.5%  30.8 1168s
 82178 61953   48.00000   61  386   95.00000   48.00000  49.5%  30.7 1187s
 89958 61972 infeasible  145        95.00000   48.00000  49.5%  30.8 1226s
 90003 86478 infeasible  144        95.00000   48.00000  49.5%  30.8 1327s
 122003 86509   86.00000  121  185   95.00000   48.00000  49.5%  31.3 1365s
 122036 110944   86.00000  122  203   95.00000   48.00000  49.5%  31.3 1590s
 154036 110967 infeasible  153        95.00000   48.00000  49.5%  31.4 1634s
 154077 135826   48.00000   54  417   95.00000   48.00000  49.5%  31.4 1786s
 186077 138387   55.00000  113  386   95.00000   48.00000  49.5%  31.8 1823s
 189449 139562   55.00000  112  384   95.00000   48.00000  49.5%  31.8 1858s
 190940 140406   73.00000  139  365   95.00000   48.00000  49.5%  31.9 1899s
 192088 141131   73.00000  140  365   95.00000   48.00000  49.5%  31.9 1950s
 193052 144703   76.00000  176  319   95.00000   48.00000  49.5%  31.9 2010s
 197812 160025   76.00000  177  321   95.00000   48.00000  49.5%  32.0 2060s
 219056 160053   94.00000  128  182   95.00000   48.00000  49.5%  32.4 2094s
 219092 182711   94.00000  129  170   95.00000   48.00000  49.5%  32.4 2216s
*249284 164395             201      94.0000000   48.00000  48.9%  32.7 2217s
 251092 160345   93.00000  119  295   94.00000   48.00000  48.9%  32.7 2256s
H251093 160345                      94.0000000   48.00000  48.9%  32.7 2256s
 251159 183425   93.00000  120  295   94.00000   48.00000  48.9%  32.7 2390s
 283159 199328   84.00000   89  423   94.00000   48.00000  48.9%  33.0 2421s
 305677 199357   60.00000  126  291   94.00000   48.00000  48.9%  33.2 2427s
 305712 199387   89.00000  124  287   94.00000   48.00000  48.9%  33.2 2432s
 305746 199412   56.00000  125  305   94.00000   48.00000  48.9%  33.2 2438s
 305785 199430   60.00000  126  298   94.00000   48.00000  48.9%  33.2 2443s
 305831 199456   56.00000  124  301   94.00000   48.00000  48.9%  33.2 2448s
 305869 199481   60.00000  125  292   94.00000   48.00000  48.9%  33.2 2453s
 305908 199498   68.00000  126  273   94.00000   48.00000  48.9%  33.2 2458s
 305955 199522   68.00000  127  276   94.00000   48.00000  48.9%  33.2 2463s
 305995 199544   68.00000  127  271   94.00000   48.00000  48.9%  33.2 2468s
 306037 199568   62.00000  126  290   94.00000   48.00000  48.9%  33.2 2478s
 306077 199588   62.00000  126  295   94.00000   48.00000  48.9%  33.2 2484s
 306121 199609   62.00000  127  304   94.00000   48.00000  48.9%  33.2 2490s
 306164 199649   62.00000  127  299   94.00000   48.00000  48.9%  33.2 2495s
 306218 199672   62.00000  128  297   94.00000   48.00000  48.9%  33.2 2502s
 306259 199701   62.00000  129  297   94.00000   48.00000  48.9%  33.2 2512s
 306300 199728   62.00000  130  280   94.00000   48.00000  48.9%  33.2 2518s
 306337 199753   62.00000  131  280   94.00000   48.00000  48.9%  33.2 2525s
 306376 199799   62.00000  132  278   94.00000   48.00000  48.9%  33.2 2537s
 306432 199822   62.00000  133  274   94.00000   48.00000  48.9%  33.2 2544s
 306473 199847   62.00000  134  280   94.00000   48.00000  48.9%  33.2 2551s
 306512 199877   67.00000  135  273   94.00000   48.00000  48.9%  33.2 2559s
 306558 199900   72.00000  134  259   94.00000   48.00000  48.9%  33.2 2577s
 306599 199926   62.00000  133  280   94.00000   48.00000  48.9%  33.2 2584s
 306655 199952   62.00000  134  284   94.00000   48.00000  48.9%  33.2 2592s
 306693 200058   67.00000  135  283   94.00000   48.00000  48.9%  33.2 2609s
 306838 200085   72.00000  134  265   94.00000   48.00000  48.9%  33.2 2625s
 306875 200188   62.00000  132  278   94.00000   48.00000  48.9%  33.2 2634s
 307042 200254   62.00000  133  274   94.00000   48.00000  48.9%  33.2 2654s
 307186 200356   62.00000  134  280   94.00000   48.00000  48.9%  33.2 2668s
 307340 200810   67.00000  135  277   94.00000   48.00000  48.9%  33.2 2684s
 307986 201440   72.00000  134  259   94.00000   48.00000  48.9%  33.2 2706s
 308818 201468   62.00000  133  280   94.00000   48.00000  48.9%  33.2 2726s
 308853 201492   62.00000  134  284   94.00000   48.00000  48.9%  33.2 2748s
 308893 201520   67.00000  135  283   94.00000   48.00000  48.9%  33.2 2770s
 308929 201577   72.00000  134  265   94.00000   48.00000  48.9%  33.2 2791s
 309016 202097   72.00000  135  267   94.00000   48.00000  48.9%  33.2 2807s
 309717 202480   64.00000  135  277   94.00000   48.00000  48.9%  33.2 2819s
 310286 203658   64.00000  136  277   94.00000   48.00000  48.9%  33.2 2832s
 311782 205517   64.00000  137  285   94.00000   48.00000  48.9%  33.2 2848s
 314204 214626   64.00000  138  277   94.00000   48.00000  48.9%  33.2 2876s
 327114 214648   61.00000  122  427   94.00000   48.00000  48.9%  33.2 2884s
 327156 214714   61.00000  123  415   94.00000   48.00000  48.9%  33.2 2892s
 327250 214882   63.00000  124  392   94.00000   48.00000  48.9%  33.2 2900s
 327486 215121   63.00000  125  392   94.00000   48.00000  48.9%  33.2 2908s
 327825 215972   63.00000  126  390   94.00000   48.00000  48.9%  33.2 2916s
 328962 217431   63.00000  127  376   94.00000   48.00000  48.9%  33.2 2926s
 330919 217455   85.00000  153  300   94.00000   48.00000  48.9%  33.3 2937s
 330959 217476   85.00000  154  300   94.00000   48.00000  48.9%  33.3 2949s
 331002 217505   85.00000  155  306   94.00000   48.00000  48.9%  33.3 2967s
 331043 217761 infeasible  156        94.00000   48.00000  48.9%  33.3 2989s
 331403 218047   85.00000  157  302   94.00000   48.00000  48.9%  33.3 3008s
 331748 219723   85.00000  158  302   94.00000   48.00000  48.9%  33.3 3028s
 333865 223079   80.00000  166  318   94.00000   48.00000  48.9%  33.3 3045s
 338592 223109   76.00000  167  322   94.00000   48.00000  48.9%  33.3 3058s
 338626 223298   76.00000  167  325   94.00000   48.00000  48.9%  33.3 3072s
 338819 223324   87.00000  194  183   94.00000   48.00000  48.9%  33.3 3086s
 338857 223369   86.00000  195  219   94.00000   48.00000  48.9%  33.3 3100s
 338902 224501   89.00000  195  206   94.00000   48.00000  48.9%  33.3 3115s
 340594 224530   86.00000  196  217   94.00000   48.00000  48.9%  33.3 3132s
 340629 224863   86.00000  196  215   94.00000   48.00000  48.9%  33.3 3155s
 341067 224888   86.00000  197  207   94.00000   48.00000  48.9%  33.3 3181s
 341106 225449   86.00000  197  209   94.00000   48.00000  48.9%  33.3 3207s
 341835 225932   86.00000  198  213   94.00000   48.00000  48.9%  33.3 3234s
 342491 227900 infeasible  198        94.00000   48.00000  48.9%  33.3 3257s
 345298 229907   86.00000  199  211   94.00000   48.00000  48.9%  33.3 3286s
 348068 233488   68.00000  116  377   94.00000   48.00000  48.9%  33.3 3319s
 353347 233516   68.00000  117  373   94.00000   48.00000  48.9%  33.4 3346s
 353383 233933   68.00000  118  380   94.00000   48.00000  48.9%  33.4 3373s
 353975 234942   68.00000  119  378   94.00000   48.00000  48.9%  33.4 3406s
 355416 234969   89.00000  113  329   94.00000   48.00000  48.9%  33.4 3444s
 355453 237771 infeasible  114        94.00000   48.00000  48.9%  33.4 3482s
 359506 240895 infeasible  115        94.00000   48.00000  48.9%  33.4 3515s
 364423 241372   89.00000  116  335   94.00000   48.00000  48.9%  33.4 3543s
 365154 242744   89.00000  117  333   94.00000   48.00000  48.9%  33.4 3572s
 367172 242772   89.00000  118  331   94.00000   48.00000  48.9%  33.4 3600s

Cutting planes:
  Gomory: 98
  Cover: 194
  Implied bound: 271
  MIR: 1403
  Flow cover: 2549
  RLT: 2521
  Relax-and-lift: 883
  BQP: 88
  PSD: 311

Explored 367208 nodes (12287208 simplex iterations) in 3600.31 seconds (1411.75 work units)
Thread count was 32 (of 32 available processors)

Solution count 10: 94 94 95 ... 98

Time limit reached
Best objective 9.399999999050e+01, best bound 4.800000000000e+01, gap 48.9362%
