
Gurobi 13.0.0 (linux64) logging started Tue Nov 25 09:59:41 2025

Set parameter LogFile to value "./Results/StripPacking-CutHeur/Logs/RU-111-StripPacking-25-0.log"
Set parameter TimeLimit to value 3600
Set parameter Cuts to value 1
Set parameter Presolve to value 1
Set parameter Heuristics to value 1
Set parameter LogToConsole to value 0
Set parameter LPWarmStart to value 2
Gurobi Optimizer version 13.0.0 build v13.0.0rc1 (linux64 - "Debian GNU/Linux 12 (bookworm)")

CPU model: Intel(R) Xeon(R) CPU E5-2630 v3 @ 2.40GHz, instruction set [SSE2|AVX|AVX2]
Thread count: 16 physical cores, 32 logical processors, using up to 32 threads

Non-default parameters:
TimeLimit  3600
LPWarmStart  2
Heuristics  1
Cuts  1
LogToConsole  0
Presolve  1

Optimize a model with 4525 rows, 1251 columns and 12050 nonzeros (Min)
Model fingerprint: 0x59a3b7cc
Model has 1 linear objective coefficients
Variable types: 51 continuous, 1200 integer (1200 binary)
Coefficient statistics:
  Matrix range     [1e+00, 1e+04]
  Objective range  [1e+00, 1e+00]
  Bounds range     [1e+00, 1e+04]
  RHS range        [1e+00, 1e+04]

Warning: Completing partial solution with 1200 unfixed non-continuous variables out of 1200
User MIP start produced solution with objective 106.2 (0.00s)
Loaded user MIP start with objective 106.2

Presolve removed 600 rows and 0 columns
Presolve time: 0.02s
Presolved: 3925 rows, 1251 columns, 10850 nonzeros
Variable types: 51 continuous, 1200 integer (1200 binary)

Root relaxation: objective 3.400000e+01, 684 iterations, 0.02 seconds (0.02 work units)

    Nodes    |    Current Node    |     Objective Bounds      |     Work
 Expl Unexpl |  Obj  Depth IntInf | Incumbent    BestBd   Gap | It/Node Time

     0     0   34.00000    0  115  106.20000   34.00000  68.0%     -    0s
H    0     0                     101.0000000   34.00000  66.3%     -    0s
     0     0   34.00000    0  189  101.00000   34.00000  66.3%     -    0s
     0     0   34.00000    0  160  101.00000   34.00000  66.3%     -    0s
     0     0   34.00000    0  225  101.00000   34.00000  66.3%     -    0s
     0     0   34.00000    0  104  101.00000   34.00000  66.3%     -    0s
     0     0   34.00000    0  131  101.00000   34.00000  66.3%     -    0s
     0     0   34.00000    0  185  101.00000   34.00000  66.3%     -    1s
     0     0   34.00000    0  114  101.00000   34.00000  66.3%     -    1s
     0     0   34.00000    0  144  101.00000   34.00000  66.3%     -    1s
     0     0   34.00000    0  206  101.00000   34.00000  66.3%     -    1s
     0     0   34.00000    0   91  101.00000   34.00000  66.3%     -    1s
     0     0   34.00000    0  133  101.00000   34.00000  66.3%     -    1s
     0     0   34.00000    0  181  101.00000   34.00000  66.3%     -    1s
     0     0   34.00000    0  120  101.00000   34.00000  66.3%     -    1s
     0     0   34.00000    0  120  101.00000   34.00000  66.3%     -    1s
     0     0   34.00000    0  120  101.00000   34.00000  66.3%     -    1s
     0     2   34.00000    0  120  101.00000   34.00000  66.3%     -    2s
H   31    48                     100.0000000   34.00000  66.0%   103    2s
H   41    48                      93.0000000   34.00000  63.4%  83.2    2s
H   83   112                      92.0000000   34.00000  63.0%  56.7    3s
H  134   145                      92.0000000   34.00000  63.0%  57.8    3s
   246   275   34.00000   15  174   92.00000   34.00000  63.0%  63.3    5s
H  344   372                      90.0000000   34.00000  62.2%  63.1    6s
H  398   724                      85.0000000   34.00000  60.0%  63.6    7s
H  729  1329                      83.0000000   34.00000  59.0%  58.4    7s
H 1188  1329                      82.0000000   34.00000  58.5%  55.1    7s
H 1425  1584                      82.0000000   34.00000  58.5%  51.1    8s
H 1862  2014                      81.0000000   34.00000  58.0%  48.7    8s
H 2570  2442                      81.0000000   34.00000  58.0%  44.5    8s
  2818  2485   53.00000   61  161   81.00000   34.00000  58.0%  43.6   10s
  2969  2620   53.00000   70  163   81.00000   34.00000  58.0%  43.4   15s
  3352  2902   71.00000   30  113   81.00000   34.00000  58.0%  42.4   20s
  3681  3152   34.00000   21  169   81.00000   34.00000  58.0%  53.2   26s
  3785  3225   34.00000   22  188   81.00000   34.00000  58.0%  54.4   30s
  4032  4149   41.00000   26  191   81.00000   34.00000  58.0%  56.2   35s
  6258  4661   48.00000   64  157   81.00000   34.00000  58.0%  60.9   40s
  6424  4788   48.00000   65  182   81.00000   34.00000  58.0%  61.4   45s
  6670  4908   48.00000   67  185   81.00000   34.00000  58.0%  61.1   52s
  6816  5038   48.00000   68  173   81.00000   34.00000  58.0%  61.4   56s
  7025  5119   52.00000   69  180   81.00000   34.00000  58.0%  61.5   61s
  7223  5227   48.00000   70  176   81.00000   34.00000  58.0%  61.8   66s
  7659  5671   48.00000   71  171   81.00000   34.00000  58.0%  62.0   72s
H 8022  5311                      80.0000000   34.00000  57.5%  62.7   72s
  8152  6357   48.00000   71  193   80.00000   34.00000  57.5%  62.9   76s
  9867  6115   67.00000   95  135   80.00000   34.00000  57.5%  65.5   82s
H 9878  5973                      80.0000000   34.00000  57.5%  65.5   82s
 10046  5951   67.00000   96  132   80.00000   34.00000  57.5%  65.7   86s
 10145  6003   67.00000   97  114   80.00000   34.00000  57.5%  65.7   92s
 10203  6056   74.00000   97  132   80.00000   34.00000  57.5%  65.9   96s
 10311  6080   67.00000   98  100   80.00000   34.00000  57.5%  65.7  103s
 10344  6212     cutoff   99        80.00000   34.00000  57.5%  65.7  107s
H10557  5849                      79.0000000   34.00000  57.0%  65.7  107s
 10581  5984   34.00000   32  247   79.00000   34.00000  57.0%  65.7  111s
 10835  6126   34.00000   33  255   79.00000   34.00000  57.0%  66.2  115s
H11112  6157                      79.0000000   34.00000  57.0%  67.2  119s
 11144  6243   34.00000   35  250   79.00000   34.00000  57.0%  67.3  123s
 11246  6267   34.00000   36  245   79.00000   34.00000  57.0%  67.4  128s
 11286  6438   34.00000   37  243   79.00000   34.00000  57.0%  67.4  132s
 11468  6470   45.00000   43  199   79.00000   34.00000  57.0%  67.1  137s
 11500  6573   45.00000   44  195   79.00000   34.00000  57.0%  67.1  142s
 11649  6596   45.00000   45  186   79.00000   34.00000  57.0%  66.8  146s
 11690  6766   53.00000   46  162   79.00000   34.00000  57.0%  66.8  151s
 11885  7256   53.00000   51  158   79.00000   34.00000  57.0%  66.8  157s
 12503  7386   63.00000   59  121   79.00000   34.00000  57.0%  67.4  162s
 12655  7625   63.00000   60  119   79.00000   34.00000  57.0%  67.7  168s
 12934  7917   76.00000   61  107   79.00000   34.00000  57.0%  67.1  173s
*12987  7645              78      78.0000000   34.00000  56.4%  67.2  173s
*13104  7344             111      77.0000000   34.00000  55.8%  67.2  173s
 13317  8299   76.00000   62   93   77.00000   34.00000  55.8%  67.2  180s
H14411  8299                      77.0000000   34.00000  55.8%  67.6  180s
 14687  8321 infeasible   63        77.00000   34.00000  55.8%  67.8  186s
H14708  8100                      76.0000000   34.00000  55.3%  67.9  186s
H14715  7923                      75.0000000   34.00000  54.7%  67.9  186s
 14727  8235   34.00000   27  214   75.00000   34.00000  54.7%  67.9  193s
 15183  8263   34.08919   41  208   75.00000   34.00000  54.7%  68.8  200s
H15187  8263                      75.0000000   34.00000  54.7%  68.8  200s
 15217  8287   34.08919   42  207   75.00000   34.00000  54.7%  68.8  207s
 15254  8434   34.08919   43  207   75.00000   34.00000  54.7%  68.9  214s
 15453  8466   53.00000   33  200   75.00000   34.00000  54.7%  69.3  222s
 15485  8584   53.00000   34  190   75.00000   34.00000  54.7%  69.3  232s
 15661  9646   53.00000   35  186   75.00000   34.00000  54.7%  69.5  242s
 17123 10213   53.00000   36  186   75.00000   34.00000  54.7%  70.6  251s
 17907 10848   53.00000   40  166   75.00000   34.00000  54.7%  70.6  261s
 18756 10876   68.00000   41  156   75.00000   34.00000  54.7%  70.8  270s
 18792 11355   68.00000   42  154   75.00000   34.00000  54.7%  70.9  280s
 19455 12565   68.00000   43  146   75.00000   34.00000  54.7%  70.9  291s
 21070 12796   34.00000   41  211   75.00000   34.00000  54.7%  71.7  304s
 21375 13831   34.00000   42  223   75.00000   34.00000  54.7%  71.7  315s
 22743 15145   34.00000   43  222   75.00000   34.00000  54.7%  71.9  327s
 24621 18458   36.00000   42  215   75.00000   34.00000  54.7%  72.1  339s
 29176 18483   47.00000   43  242   75.00000   34.00000  54.7%  72.4  358s
 29215 23875   47.00000   44  241   75.00000   34.00000  54.7%  72.5  898s
 36483 29682 infeasible   88        75.00000   34.00000  54.7%  74.9 1000s
*40821 28549              94      74.0000000   34.00000  54.1%  76.7 1000s
 44483 32712   59.00000   52  194   74.00000   34.00000  54.1%  77.9 1049s
H44741 32712                      74.0000000   34.00000  54.1%  78.0 1049s
*49632 31827              68      73.0000000   34.00000  53.4%  78.8 1050s
H51294 31545                      73.0000000   34.00000  53.4%  78.9 1080s
 51351 32486   44.00000   47  243   73.00000   34.00000  53.4%  79.0 1112s
 52801 33505   46.00000   45  216   73.00000   34.00000  53.4%  79.3 1145s
 54360 33916   46.00000   46  213   73.00000   34.00000  53.4%  79.5 1181s
 54948 35275   46.00000   47  211   73.00000   34.00000  53.4%  79.5 1220s
H55380 34370                      72.0000000   34.00000  52.8%  79.6 1221s
 56847 35747   66.00000   69  134   72.00000   34.00000  52.8%  79.7 1262s
H56856 35745                      72.0000000   34.00000  52.8%  79.7 1262s
 58899 36561   68.00000   71  125   72.00000   34.00000  52.8%  80.5 1310s
 60101 41623   62.00000   48  205   72.00000   34.00000  52.8%  80.8 1397s
 68170 41765   39.00000   37  199   72.00000   34.00000  52.8%  82.3 1433s
 68385 42864   39.00000   38  205   72.00000   34.00000  52.8%  82.4 1472s
 69849 43393   36.00000   50  224   72.00000   34.00000  52.8%  82.7 1514s
 70539 44369   61.00000   76  146   72.00000   34.00000  52.8%  83.0 1562s
 71915 51819   71.00000   58   79   72.00000   34.00000  52.8%  83.4 1602s
 83922 51941   36.00000   38  210   72.00000   34.00000  52.8%  84.7 1626s
 84086 52614   42.00000   43  218   72.00000   34.00000  52.8%  84.7 1652s
 84999 52715   45.00000   39  210   72.00000   34.00000  52.8%  85.1 1681s
 85188 53388   36.00000   40  226   72.00000   34.00000  52.8%  85.2 1717s
 86123 55760   34.74914   38  255   72.00000   34.00000  52.8%  85.4 1753s
 89698 65567   36.00000   39  220   72.00000   34.00000  52.8%  86.1 1817s
 105297 67665 infeasible   45        72.00000   34.00000  52.8%  88.3 1831s
 108299 67689 infeasible   69        72.00000   34.00000  52.8%  88.3 1845s
 108339 67711 infeasible   69        72.00000   34.00000  52.8%  88.3 1859s
 108381 67772   34.00000   40  183   72.00000   34.00000  52.8%  88.3 1872s
 108528 67785   34.00000   41  181   72.00000   34.00000  52.8%  88.4 1887s
 108579 68036   34.00000   42  188   72.00000   34.00000  52.8%  88.4 1907s
 109013 68407   34.00000   43  174   72.00000   34.00000  52.8%  88.5 1929s
 109650 69027   54.00000   34  189   72.00000   34.00000  52.8%  88.6 1953s
 110556 70170   54.00000   35  187   72.00000   34.00000  52.8%  88.6 1983s
 112400 70899 infeasible   68        72.00000   34.00000  52.8%  88.7 2011s
 113617 71621   36.00000   53  174   72.00000   34.00000  52.8%  88.8 2036s
 114904 73691   53.00000   42  187   72.00000   34.00000  52.8%  88.8 2065s
 118284 79742   60.00000   53  166   72.00000   34.00000  52.8%  89.1 2093s
 128171 79770     cutoff   80        72.00000   34.00000  52.8%  89.6 2143s
 128207 99427     cutoff   81        72.00000   34.00000  52.8%  89.6 2329s
 140207 99427 infeasible   68        72.00000   34.00000  52.8%  90.8 2330s
 160207 100590   71.00000   54  132   72.00000   34.00000  52.8%  92.4 2375s
 162166 119443   53.00000   70  134   72.00000   34.00000  52.8%  92.5 2448s
 192529 120194     cutoff   57        72.00000   34.00000  52.8%  94.1 2490s
 193986 123354   70.00000   56  124   72.00000   34.00000  52.8%  94.2 2578s
 199212 135313   70.00000   57  119   72.00000   34.00000  52.8%  94.3 2639s
 214271 135313   34.62837   50  230   72.00000   34.00000  52.8%  94.8 2640s
 219199 135331   57.00000   65  118   72.00000   34.00000  52.8%  94.8 2657s
 219243 135357   57.00000   66  121   72.00000   34.00000  52.8%  94.8 2674s
 219281 135481 infeasible   67        72.00000   34.00000  52.8%  94.8 2691s
 219469 135507   66.00000   68  112   72.00000   34.00000  52.8%  94.8 2712s
 219506 135677   66.00000   69  116   72.00000   34.00000  52.8%  94.9 2730s
 219785 136153   71.00000   76   94   72.00000   34.00000  52.8%  94.9 2753s
 220473 137559   71.00000   77   92   72.00000   34.00000  52.8%  94.9 2783s
 222817 140941 infeasible   77        72.00000   34.00000  52.8%  94.9 2834s
 228467 142843   64.00000   69  120   72.00000   34.00000  52.8%  95.0 2859s
 231709 143870   70.00000   55   82   72.00000   34.00000  52.8%  95.1 2884s
 233102 145476   59.00000   61  166   72.00000   34.00000  52.8%  95.1 2912s
 235713 150472   59.00000   60  158   72.00000   34.00000  52.8%  95.2 2940s
 243838 150491   70.00000   61   95   72.00000   34.00000  52.8%  95.2 2961s
 243883 150887   70.00000   62   89   72.00000   34.00000  52.8%  95.2 2980s
 244635 151111   41.00000   60  214   72.00000   34.00000  52.8%  95.3 3003s
 245031 151673   41.00000   61  206   72.00000   34.00000  52.8%  95.3 3033s
 245884 153336   67.00000   70  143   72.00000   34.00000  52.8%  95.3 3070s
 248633 153751   34.00000   24  143   72.00000   34.00000  52.8%  95.3 3101s
 249292 155036   34.00000   25  180   72.00000   34.00000  52.8%  95.3 3133s
 251358 159104   59.00000   56  193   72.00000   34.00000  52.8%  95.4 3166s
 257657 164662   59.00000   57  192   72.00000   34.00000  52.8%  95.4 3206s
 266969 164678 infeasible   57        72.00000   34.00000  52.8%  95.7 3222s
 267017 164751 infeasible   57        72.00000   34.00000  52.8%  95.7 3236s
 267134 164775   63.00000   58  169   72.00000   34.00000  52.8%  95.7 3250s
 267174 165328   71.00000   59  110   72.00000   34.00000  52.8%  95.7 3275s
 268058 165817   62.00000   61  177   72.00000   34.00000  52.8%  95.6 3300s
 268899 166699   67.00000   37  183   72.00000   34.00000  52.8%  95.7 3327s
 270380 168733   43.00000   48  210   72.00000   34.00000  52.8%  95.8 3351s
 273603 169106     cutoff   66        72.00000   34.00000  52.8%  95.9 3372s
 274276 169121   64.00000   67  142   72.00000   34.00000  52.8%  96.0 3399s
 274325 169378   64.00000   68  147   72.00000   34.00000  52.8%  96.0 3426s
 274795 170507   64.00000   69  147   72.00000   34.00000  52.8%  96.0 3462s
 276647 172191   64.00000   70  128   72.00000   34.00000  52.8%  96.0 3497s
 279405 172568   47.00000   51  235   72.00000   34.00000  52.8%  96.0 3529s
 279994 174144 infeasible   63        72.00000   34.00000  52.8%  96.0 3561s
 282689 179425 infeasible   88        72.00000   34.00000  52.8%  95.9 3596s
*285564 170803              87      71.0000000   34.00000  52.1%  96.0 3597s
 291321 170592   34.08966   44  264   71.00000   34.00000  52.1%  96.0 3600s
H291331 170568                      71.0000000   34.00000  52.1%  96.0 3600s

Cutting planes:
  Learned: 7375
  Gomory: 22
  Cover: 199
  Implied bound: 2
  MIR: 593
  StrongCG: 9
  Flow cover: 1426
  GUB cover: 78
  Zero half: 4
  RLT: 3
  Relax-and-lift: 70

Explored 291570 nodes (28003898 simplex iterations) in 3600.25 seconds (1355.15 work units)
Thread count was 32 (of 32 available processors)

Solution count 10: 71 71 72 ... 75

Time limit reached
Best objective 7.099999999280e+01, best bound 3.400000000000e+01, gap 52.1127%
