
Gurobi 13.0.0 (linux64) logging started Mon Nov 24 17:57:09 2025

Set parameter LogFile to value "./Results/StripPacking-CutHeur/Logs/SBL-010-StripPacking-20-0.log"
Set parameter TimeLimit to value 3600
Set parameter Cuts to value 0
Set parameter Presolve to value 1
Set parameter Heuristics to value 0
Set parameter LogToConsole to value 0
Set parameter LPWarmStart to value 2
Gurobi Optimizer version 13.0.0 build v13.0.0rc1 (linux64 - "Debian GNU/Linux 12 (bookworm)")

CPU model: Intel(R) Xeon(R) CPU E5-2630 v3 @ 2.40GHz, instruction set [SSE2|AVX|AVX2]
Thread count: 16 physical cores, 32 logical processors, using up to 32 threads

Non-default parameters:
TimeLimit  3600
LPWarmStart  2
Heuristics  0
Cuts  0
LogToConsole  0
Presolve  1

Optimize a model with 3625 rows, 651 columns and 12050 nonzeros (Min)
Model fingerprint: 0x00092d0f
Model has 1 linear objective coefficients
Variable types: 51 continuous, 600 integer (600 binary)
Coefficient statistics:
  Matrix range     [1e+00, 1e+04]
  Objective range  [1e+00, 1e+00]
  Bounds range     [1e+00, 1e+04]
  RHS range        [5e-01, 1e+04]

Warning: Completing partial solution with 600 unfixed non-continuous variables out of 600
User MIP start produced solution with objective 104.8 (0.01s)
Loaded user MIP start with objective 104.8

Presolve removed 600 rows and 0 columns
Presolve time: 0.01s
Presolved: 3025 rows, 651 columns, 10250 nonzeros
Variable types: 51 continuous, 600 integer (600 binary)

Root relaxation: objective 3.600000e+01, 394 iterations, 0.02 seconds (0.02 work units)

    Nodes    |    Current Node    |     Objective Bounds      |     Work
 Expl Unexpl |  Obj  Depth IntInf | Incumbent    BestBd   Gap | It/Node Time

     0     0   36.00000    0   87  104.80000   36.00000  65.6%     -    0s
     0     0   36.00000    0   87  104.80000   36.00000  65.6%     -    0s
     0     0   36.00000    0   70  104.80000   36.00000  65.6%     -    0s
     0     2   36.00000    0   62  104.80000   36.00000  65.6%     -    0s
* 3475  3123             166     104.0000000   36.00000  65.4%  16.7    1s
* 8232  6028             134     102.0000000   36.00000  64.7%  18.3    3s
* 8619  5793             132     101.0000000   36.00000  64.4%  18.3    3s
* 9011  5687             109     100.0000000   36.00000  64.0%  18.3    3s
*11441  6637             125      98.0000000   36.00000  63.3%  18.5    4s
 11965  7104   46.00000   22   72   98.00000   36.00000  63.3%  18.9    5s
*12850  6659             159      96.0000000   36.00000  62.5%  19.1    5s
*13423  6347             171      93.0000000   36.00000  61.3%  19.2    5s
*13833  6029             173      91.0000000   36.00000  60.4%  19.2    5s
*13835  5679             174      89.0000000   36.00000  59.6%  19.2    5s
*22485 11327              92      88.0000000   36.00000  59.1%  19.8    9s
 24646 12934   84.00000   82   26   88.00000   36.00000  59.1%  20.0   10s
 37174 23060   77.00000   53   53   88.00000   36.00000  59.1%  20.6   15s
 53860 35992   87.00000   77   28   88.00000   36.00000  59.1%  20.8   20s
*56748 32909             114      87.0000000   36.38323  58.2%  20.9   20s
*67182 37563             110      86.0000000   37.00000  57.0%  21.2   24s
 69611 39140   64.00000   34   58   86.00000   37.00000  57.0%  21.2   25s
*82737 43951             136      85.0000000   42.00000  50.6%  21.4   29s
 83888 46082   50.00000   28   51   85.00000   42.00000  50.6%  21.4   30s
 99943 58085   84.00000  100   42   85.00000   46.00000  45.9%  21.6   35s
 116577 70169   83.00000   82   35   85.00000   46.00000  45.9%  21.6   40s
 133231 81799   74.00000   58   52   85.00000   46.00000  45.9%  21.5   45s
 149311 93492   67.00000   93   59   85.00000   46.00000  45.9%  21.5   50s
 165956 105295     cutoff  118        85.00000   46.00000  45.9%  21.4   56s
 178974 115234   80.00000   88   35   85.00000   46.00000  45.9%  21.3   60s
 194935 126573   84.00000   71   35   85.00000   46.00000  45.9%  21.3   65s
*201387 111549             135      84.0000000   47.00000  44.0%  21.2   66s
 211293 120733   75.00000   96   37   84.00000   47.00000  44.0%  21.2   70s
 227896 132712   78.00000   53   39   84.00000   48.00000  42.9%  21.1   75s
 241015 142039   80.00000   69   33   84.00000   48.00000  42.9%  21.1   80s
*250756 124935             132      83.0000000   48.00000  42.2%  21.1   82s
 257374 130532   80.00000   98   19   83.00000   48.00000  42.2%  21.0   85s
*269109 125695             137      82.0000000   48.00000  41.5%  21.0   88s
 273553 130200   81.00000   70   37   82.00000   48.00000  41.5%  21.0   90s
*283567 122788             126      81.0000000   48.00000  40.7%  21.1   93s
 289986 126376   48.00000   53   59   81.00000   48.00000  40.7%  21.1   95s
 306044 136509   72.00000   41   35   81.00000   48.00000  40.7%  21.1  100s
 319621 145301   67.00000   43   50   81.00000   48.00000  40.7%  21.1  105s
 335511 156624   70.00000   57   43   81.00000   48.00000  40.7%  21.2  110s
 352932 168080   80.00000   71   33   81.00000   48.00000  40.7%  21.3  115s
 369235 178844   67.00000   63   53   81.00000   48.00000  40.7%  21.3  121s
 382818 187547   80.00000   86   19   81.00000   48.00000  40.7%  21.3  125s
 398998 198761   61.00000   66   62   81.00000   48.00000  40.7%  21.3  130s
 415154 209558   78.00000   41   56   81.00000   48.00000  40.7%  21.4  135s
 428592 218787   66.00000   44   46   81.00000   48.00000  40.7%  21.4  140s
 444724 230010   78.00000   59   39   81.00000   48.00000  40.7%  21.4  145s
 460891 241099   80.00000   72   33   81.00000   48.00000  40.7%  21.4  150s
 477408 251880   80.00000   76   40   81.00000   48.00000  40.7%  21.4  155s
 493764 262851   77.00000   50   66   81.00000   48.00000  40.7%  21.4  160s
 510134 274013   72.00000   49   38   81.00000   48.00000  40.7%  21.4  165s
 526061 285198   80.00000   80   17   81.00000   48.00000  40.7%  21.4  170s
 542052 295672   74.00000   59   32   81.00000   48.00000  40.7%  21.5  175s
 558489 306411   79.00000  125   23   81.00000   48.00000  40.7%  21.5  180s
 571338 315053 infeasible  108        81.00000   48.00000  40.7%  21.5  185s
 587797 326260   78.00000   68   29   81.00000   48.00000  40.7%  21.5  190s
 604540 337702     cutoff   82        81.00000   48.00000  40.7%  21.5  195s
 620600 347911   75.00000   57   53   81.00000   48.00000  40.7%  21.5  200s
 636853 358629   80.00000   95   34   81.00000   48.00000  40.7%  21.5  205s
 653480 369231   80.00000  112   20   81.00000   48.00000  40.7%  21.5  210s
 669535 380163   76.00000   53   54   81.00000   48.00000  40.7%  21.5  215s
 686108 390921   64.00000   40   52   81.00000   48.00000  40.7%  21.5  220s
 702715 401806 infeasible   74        81.00000   48.00000  40.7%  21.4  225s
 718508 412592   71.00000   92   50   81.00000   48.00000  40.7%  21.5  230s
 734631 423276   71.00000  108   62   81.00000   48.00000  40.7%  21.5  236s
 747626 432087   77.00000   73   28   81.00000   48.00000  40.7%  21.5  240s
 764729 443185   72.00000   32   51   81.00000   48.00000  40.7%  21.5  245s
 781156 453485   80.00000   89   47   81.00000   48.00000  40.7%  21.5  250s
 797192 464078   79.00000   67   37   81.00000   48.00000  40.7%  21.5  255s
 813629 475360   73.00000   65   50   81.00000   48.00000  40.7%  21.5  260s
 829940 485549 infeasible  128        81.00000   48.00000  40.7%  21.5  265s
 845888 496134   73.00000   76   41   81.00000   48.00000  40.7%  21.5  270s
 859276 504572   77.00000   58   35   81.00000   48.00000  40.7%  21.4  275s
 875614 515946   65.00000   94   47   81.00000   48.00000  40.7%  21.4  280s
 892181 526384   80.00000   39   39   81.00000   48.00000  40.7%  21.4  285s
 908433 537123   80.00000   92   41   81.00000   48.00000  40.7%  21.4  290s
 921647 545651   70.00000   58   45   81.00000   48.00000  40.7%  21.4  295s
 937824 556319   48.00000   36   86   81.00000   48.00000  40.7%  21.4  300s
 953891 567456   80.00000   96   42   81.00000   48.00000  40.7%  21.4  306s
 967144 575582   66.00000   50   59   81.00000   48.00000  40.7%  21.4  310s
 979354 584277   60.00000   25   59   81.00000   48.00000  40.7%  21.4  315s
 996326 594751   73.00000   56   58   81.00000   48.00000  40.7%  21.4  320s
 1009249 603274   77.00000  100   29   81.00000   48.00000  40.7%  21.4  325s
*1025363 507408             152      80.0000000   48.00000  40.0%  21.4  329s
 1025554 509162     cutoff   61        80.00000   48.00000  40.0%  21.4  330s
 1038586 517496   74.00000   65   48   80.00000   48.00000  40.0%  21.4  335s
 1055433 528160 infeasible   76        80.00000   48.00000  40.0%  21.4  340s
 1071684 538945 infeasible   67        80.00000   48.00000  40.0%  21.4  345s
 1084834 546682   63.00000   43   66   80.00000   48.00000  40.0%  21.4  350s
 1101354 557226 infeasible   77        80.00000   48.00000  40.0%  21.4  356s
 1114418 565470     cutoff  110        80.00000   48.00000  40.0%  21.4  360s
 1130881 576109   65.00000   56   69   80.00000   48.00000  40.0%  21.4  365s
 1147674 587066   78.00000   47   42   80.00000   48.00000  40.0%  21.4  371s
 1160587 595373   72.00000   80   55   80.00000   48.00000  40.0%  21.4  375s
 1176803 605490   62.00000   56   72   80.00000   48.00000  40.0%  21.4  380s
 1189632 614200   74.00000   94   51   80.00000   48.00000  40.0%  21.4  385s
 1205975 625198   61.00000   66   63   80.00000   48.00000  40.0%  21.4  390s
 1219703 633722   78.00000   80   37   80.00000   48.00000  40.0%  21.4  395s
 1235622 643790   79.00000   70   49   80.00000   48.00000  40.0%  21.4  400s
 1252117 654493   72.00000   63   48   80.00000   48.00000  40.0%  21.4  405s
 1268517 664676   78.00000   80   33   80.00000   48.00000  40.0%  21.4  410s
 1284544 675146   79.00000  119   29   80.00000   48.00000  40.0%  21.4  416s
 1301434 685963   76.00000  101   31   80.00000   48.00000  40.0%  21.4  421s
 1314357 694280 infeasible   93        80.00000   48.00000  40.0%  21.4  425s
 1330653 705011   72.00000   63   51   80.00000   48.00000  40.0%  21.4  430s
 1343713 713506   79.00000   56   49   80.00000   48.00000  40.0%  21.4  435s
 1360001 723640   54.00000   43   83   80.00000   48.00000  40.0%  21.4  440s
 1376099 734074   75.00000   49   47   80.00000   48.00000  40.0%  21.4  445s
 1389021 742609   78.00000   81   51   80.00000   48.00000  40.0%  21.4  450s
 1401857 751026   78.00000   60   52   80.00000   48.00000  40.0%  21.4  455s
 1418246 762200   78.00000   72   35   80.00000   48.00000  40.0%  21.4  460s
 1435054 772815   76.00000   73   55   80.00000   48.00000  40.0%  21.4  466s
 1448523 781200   75.00000   39   41   80.00000   48.00000  40.0%  21.4  470s
 1464891 791390 infeasible   87        80.00000   48.00000  40.0%  21.4  475s
 1481205 802197 infeasible   91        80.00000   48.00000  40.0%  21.4  480s
 1497561 812319   78.00000   82   31   80.00000   48.00000  40.0%  21.4  485s
 1510390 820884 infeasible  108        80.00000   48.00000  40.0%  21.4  490s
 1526409 831147 infeasible   67        80.00000   48.00000  40.0%  21.4  495s
 1542488 841904   71.00000   59   54   80.00000   48.00000  40.0%  21.4  500s
 1559337 852657     cutoff   95        80.00000   48.00000  40.0%  21.4  505s
 1575627 863294   78.00000   74   42   80.00000   48.00000  40.0%  21.4  510s
 1591831 873892   51.00000   32   82   80.00000   48.00000  40.0%  21.4  515s
 1608489 884592   72.00000   57   56   80.00000   48.00000  40.0%  21.4  520s
 1624604 894962   73.00000   53   49   80.00000   48.00000  40.0%  21.4  526s
 1637259 903058   79.00000   88   55   80.00000   48.00000  40.0%  21.4  530s
 1653324 914443   62.00000   44   41   80.00000   48.00000  40.0%  21.4  535s
 1670017 925588   77.00000  123   16   80.00000   48.00000  40.0%  21.4  540s
 1686711 936747   73.00000   90   48   80.00000   48.00000  40.0%  21.4  546s
 1699739 944873   77.00000   84   33   80.00000   48.00000  40.0%  21.4  550s
 1716582 955903   79.00000   62   40   80.00000   48.00000  40.0%  21.4  555s
 1732978 966078   79.00000  124   16   80.00000   48.00000  40.0%  21.4  560s
 1745686 974340   76.00000   86   49   80.00000   48.00000  40.0%  21.4  565s
 1761653 984446   67.00000   54   41   80.00000   48.00000  40.0%  21.4  570s
 1777832 995183 infeasible   89        80.00000   48.00000  40.0%  21.4  575s
 1791127 1003380   79.00000   50   40   80.00000   48.00000  40.0%  21.4  580s
 1807029 1014102   78.00000   83   45   80.00000   48.00000  40.0%  21.4  585s
 1820000 1023114   62.00000   49   59   80.00000   48.00000  40.0%  21.4  590s
 1836120 1033115 infeasible   94        80.00000   48.00000  40.0%  21.4  595s
 1848966 1041867   72.00000   74   56   80.00000   48.00000  40.0%  21.4  600s
 1865206 1052211   79.00000   84   30   80.00000   48.00000  40.0%  21.4  605s
 1878669 1060656 infeasible   91        80.00000   48.00000  40.0%  21.4  610s
 1895283 1071147   71.00000   49   65   80.00000   48.00000  40.0%  21.4  615s
 1910779 1081501   69.00000   78   70   80.00000   48.00000  40.0%  21.4  620s
 1927296 1092336   60.00000   51   92   80.00000   48.00000  40.0%  21.4  625s
 1940547 1101016   76.00000   56   53   80.00000   48.00000  40.0%  21.4  630s
 1956827 1111421   79.00000   62   32   80.00000   48.00000  40.0%  21.4  635s
 1973186 1121767   78.00000   80   40   80.00000   48.00000  40.0%  21.4  640s
 1989308 1131963   73.00000   57   58   80.00000   48.00000  40.0%  21.4  645s
 2002455 1140681   77.00000   41   54   80.00000   48.00000  40.0%  21.4  650s
 2018845 1150886   59.00000   40   89   80.00000   48.00000  40.0%  21.4  655s
 2032276 1159622 infeasible  104        80.00000   48.00000  40.0%  21.4  660s
 2049096 1170028   78.00000   51   71   80.00000   48.00000  40.0%  21.4  666s
 2062029 1178544   78.00000   89   37   80.00000   48.00000  40.0%  21.4  670s
 2078729 1189051   78.00000   60   51   80.00000   48.00000  40.0%  21.4  676s
 2091589 1197716   79.00000   84   46   80.00000   48.00000  40.0%  21.4  680s
 2108011 1208079   67.00000   84   57   80.00000   48.00000  40.0%  21.4  686s
 2120600 1216173   79.00000   84   27   80.00000   48.00000  40.0%  21.4  690s
 2136690 1226527   77.00000   93   42   80.00000   48.00000  40.0%  21.4  695s
 2149756 1234561   66.00000   87   56   80.00000   48.00000  40.0%  21.4  700s
 2165881 1245616 infeasible  109        80.00000   48.00000  40.0%  21.4  706s
 2179115 1254297   79.00000   95   46   80.00000   48.00000  40.0%  21.4  710s
 2195457 1263554   67.00000   58   79   80.00000   48.00000  40.0%  21.4  715s
 2211622 1273576   73.00000   60   51   80.00000   48.00000  40.0%  21.4  720s
 2225299 1282532   79.00000   76   48   80.00000   48.00000  40.0%  21.4  725s
 2241672 1292561   78.00000   64   40   80.00000   48.00000  40.0%  21.4  730s
 2254932 1299727   77.00000   58   50   80.00000   49.00000  38.8%  21.4  735s
 2267743 1307624   77.00000   45   54   80.00000   49.00000  38.8%  21.4  740s
 2280876 1315590   79.00000   86   55   80.00000   49.00000  38.8%  21.4  745s
 2297467 1326083   64.00000   93   39   80.00000   49.00000  38.8%  21.4  750s
 2310397 1334549   78.00000   72   57   80.00000   49.00000  38.8%  21.4  755s
 2326511 1344339     cutoff   43        80.00000   49.00000  38.8%  21.5  760s
 2339807 1352690   79.00000   88   35   80.00000   49.00000  38.8%  21.5  765s
 2352883 1361170   74.00000   61   35   80.00000   49.00000  38.8%  21.5  770s
 2366235 1369437   73.00000   68   59   80.00000   49.00000  38.8%  21.5  775s
 2379341 1378057 infeasible   89        80.00000   49.00000  38.8%  21.5  780s
 2396181 1388187   79.00000   78   50   80.00000   49.00000  38.8%  21.5  785s
 2409533 1396694   79.00000  120   28   80.00000   49.00000  38.8%  21.5  790s
 2422668 1404782 infeasible   67        80.00000   49.00000  38.8%  21.5  795s
 2439097 1415235   61.00000   95   51   80.00000   49.00000  38.8%  21.5  801s
 2452084 1423657   65.00000   96   59   80.00000   49.00000  38.8%  21.5  805s
 2468125 1433631   72.00000   50   63   80.00000   49.00000  38.8%  21.5  810s
 2481544 1441957   77.00000   66   42   80.00000   49.00000  38.8%  21.5  815s
*2489556 1155028             120      79.0000000   49.00000  38.0%  21.5  818s
 2494687 1158179   78.00000   74   40   79.00000   49.00000  38.0%  21.5  821s
 2507318 1166132 infeasible   74        79.00000   49.00000  38.0%  21.5  825s
 2521240 1174249 infeasible   74        79.00000   49.00000  38.0%  21.5  830s
 2534196 1182473   78.00000   97   20   79.00000   49.00000  38.0%  21.5  835s
 2547407 1190942   78.00000   60   51   79.00000   49.00000  38.0%  21.5  840s
 2560769 1198655 infeasible   88        79.00000   49.00000  38.0%  21.5  845s
 2573801 1206459   78.00000   89   26   79.00000   49.00000  38.0%  21.5  850s
 2586871 1214676 infeasible   71        79.00000   49.00000  38.0%  21.5  855s
 2599965 1222970 infeasible   86        79.00000   49.00000  38.0%  21.5  860s
 2612718 1230734 infeasible   99        79.00000   49.00000  38.0%  21.5  865s
 2629309 1240601   78.00000   66   36   79.00000   49.00000  38.0%  21.5  871s
 2642093 1248919 infeasible   56        79.00000   49.00000  38.0%  21.5  876s
 2655437 1257515   73.00000   53   67   79.00000   49.00000  38.0%  21.5  880s
 2669272 1265239   70.00000   47   64   79.00000   49.00000  38.0%  21.5  885s
 2682308 1273220   74.00000   96   50   79.00000   49.00000  38.0%  21.5  890s
 2695381 1281791   72.00000   70   46   79.00000   49.00000  38.0%  21.5  895s
 2708675 1289707   74.00000   66   51   79.00000   49.00000  38.0%  21.5  900s
 2725080 1299583   78.00000   55   69   79.00000   49.00000  38.0%  21.5  905s
 2738089 1307033   62.00000   46   73   79.00000   49.00000  38.0%  21.6  910s
 2750693 1314924   78.00000   62   56   79.00000   49.00000  38.0%  21.6  915s
 2764766 1323420   50.00000   31   75   79.00000   49.00000  38.0%  21.6  920s
 2777849 1330320     cutoff   63        79.00000   49.00000  38.0%  21.6  925s
 2790323 1337941   76.00000   71   52   79.00000   49.00000  38.0%  21.6  930s
 2803524 1346521   77.00000   54   44   79.00000   50.00000  36.7%  21.6  935s
 2820100 1357054   78.00000   57   48   79.00000   50.00000  36.7%  21.6  940s
 2832924 1365671   77.00000   60   45   79.00000   50.00000  36.7%  21.6  945s
 2849456 1376192   78.00000   62   45   79.00000   50.00000  36.7%  21.6  951s
 2862294 1384042 infeasible   62        79.00000   50.00000  36.7%  21.6  955s
 2875977 1392227   77.00000   64   36   79.00000   50.00000  36.7%  21.6  960s
 2889139 1400720   75.00000   46   34   79.00000   50.00000  36.7%  21.6  965s
 2905626 1410844   78.00000   86   32   79.00000   50.00000  36.7%  21.6  970s
 2918324 1419236   78.00000   65   32   79.00000   50.00000  36.7%  21.6  975s
 2935116 1429431   72.00000   43   54   79.00000   50.00000  36.7%  21.6  981s
 2948121 1438070   62.00000   46   55   79.00000   50.00000  36.7%  21.6  985s
 2963792 1448381 infeasible   73        79.00000   50.00000  36.7%  21.7  990s
 2977201 1456424   74.00000   78   58   79.00000   50.00000  36.7%  21.7  995s
 2990491 1464531   78.00000   75   47   79.00000   50.00000  36.7%  21.7 1000s
 3006992 1474368 infeasible   62        79.00000   50.00000  36.7%  21.7 1005s
 3019499 1482745   78.00000   72   28   79.00000   50.00000  36.7%  21.7 1010s
 3035899 1493194   78.00000   49   47   79.00000   50.00000  36.7%  21.7 1015s
 3049460 1501566   78.00000   53   36   79.00000   50.00000  36.7%  21.7 1020s
 3065056 1511975 infeasible   52        79.00000   50.00000  36.7%  21.7 1025s
 3081132 1521663   71.00000   65   55   79.00000   50.00000  36.7%  21.7 1030s
 3093695 1529152   78.00000   71   59   79.00000   50.00000  36.7%  21.7 1035s
 3110105 1540150 infeasible   80        79.00000   50.00000  36.7%  21.7 1040s
 3126834 1550483   64.00000   61   61   79.00000   50.00000  36.7%  21.7 1045s
 3142847 1560526   75.00000   69   33   79.00000   50.00000  36.7%  21.7 1051s
 3156303 1569115   75.00000   79   46   79.00000   50.00000  36.7%  21.7 1055s
 3169602 1577562   50.00000   57   85   79.00000   50.00000  36.7%  21.7 1060s
 3186504 1588007   63.00000   57   68   79.00000   50.00000  36.7%  21.7 1065s
 3203118 1598669   70.00000   51   55   79.00000   50.00000  36.7%  21.7 1070s
 3216138 1606322   78.00000   73   60   79.00000   50.00000  36.7%  21.7 1075s
 3232157 1616289   71.00000   81   53   79.00000   50.00000  36.7%  21.7 1080s
 3245971 1624479     cutoff   95        79.00000   50.00000  36.7%  21.7 1085s
 3261745 1634803 infeasible   63        79.00000   50.00000  36.7%  21.7 1090s
 3277859 1644973     cutoff   96        79.00000   50.00000  36.7%  21.8 1095s
 3294059 1655293   77.00000   62   41   79.00000   50.00000  36.7%  21.8 1100s
 3310703 1664802   76.00000   61   50   79.00000   50.00000  36.7%  21.8 1105s
 3323612 1672985   71.00000   84   54   79.00000   50.00000  36.7%  21.8 1110s
 3340421 1683387   72.00000   56   59   79.00000   50.00000  36.7%  21.8 1116s
 3353833 1691885   76.00000   67   46   79.00000   50.00000  36.7%  21.8 1120s
 3366575 1700030   77.00000   59   38   79.00000   50.00000  36.7%  21.8 1125s
 3383541 1710618 infeasible   71        79.00000   50.00000  36.7%  21.8 1130s
 3396698 1718835   78.00000   90   33   79.00000   50.00000  36.7%  21.8 1135s
 3412990 1728970   76.00000   71   41   79.00000   50.00000  36.7%  21.8 1140s
 3425757 1737276   74.00000   56   39   79.00000   50.00000  36.7%  21.8 1145s
 3438870 1744969   57.00000   47   74   79.00000   50.00000  36.7%  21.8 1150s
 3455590 1755087   78.00000   64   50   79.00000   50.00000  36.7%  21.8 1156s
 3468508 1763140   73.00000   65   44   79.00000   50.00000  36.7%  21.8 1160s
 3484618 1772641   73.00000   85   44   79.00000   50.00000  36.7%  21.8 1165s
 3500479 1783078   67.00000   60   65   79.00000   50.00000  36.7%  21.8 1171s
 3513206 1790304   71.00000   62   57   79.00000   50.00000  36.7%  21.8 1175s
 3526936 1797886   78.00000   77   43   79.00000   50.00000  36.7%  21.8 1180s
 3542748 1808206   77.00000   89   28   79.00000   50.00000  36.7%  21.8 1185s
 3555549 1816384   77.00000   65   37   79.00000   50.00000  36.7%  21.8 1190s
 3571839 1826263   69.00000   87   53   79.00000   50.00000  36.7%  21.8 1195s
 3584701 1834294 infeasible   62        79.00000   50.00000  36.7%  21.8 1200s
 3598141 1842647   63.00000   73   63   79.00000   50.00000  36.7%  21.8 1205s
 3613754 1852304   62.00000   70   51   79.00000   50.00000  36.7%  21.8 1210s
 3626740 1860367   50.00000   45   89   79.00000   50.00000  36.7%  21.8 1215s
 3642737 1870119   75.00000  105   27   79.00000   50.00000  36.7%  21.8 1221s
 3655499 1878239   60.00000   48   73   79.00000   50.00000  36.7%  21.8 1225s
 3668227 1885821   78.00000   74   48   79.00000   50.00000  36.7%  21.8 1230s
 3684658 1894993   78.00000   76   33   79.00000   50.00000  36.7%  21.8 1236s
 3697532 1902214   78.00000  107   36   79.00000   50.00000  36.7%  21.8 1240s
 3714154 1911959   69.00000   77   34   79.00000   50.00000  36.7%  21.8 1246s
 3727503 1920424   68.00000   79   50   79.00000   50.00000  36.7%  21.8 1250s
 3743560 1930266   71.00000  105   45   79.00000   50.00000  36.7%  21.8 1255s
 3756312 1938413   68.00000   52   65   79.00000   50.00000  36.7%  21.8 1260s
 3772954 1948058 infeasible   82        79.00000   50.00000  36.7%  21.8 1265s
 3785271 1954977   78.00000   96   29   79.00000   50.00000  36.7%  21.8 1270s
 3798749 1962822   77.00000   84   39   79.00000   50.00000  36.7%  21.8 1275s
 3812223 1970114   69.00000   63   46   79.00000   50.00000  36.7%  21.8 1280s
 3828460 1980288   75.00000   89   42   79.00000   50.00000  36.7%  21.8 1285s
 3841372 1987925   78.00000   81   45   79.00000   50.00000  36.7%  21.8 1290s
 3854298 1995748   74.00000   82   45   79.00000   50.00000  36.7%  21.8 1295s
 3870421 2005463   77.00000   70   61   79.00000   50.00000  36.7%  21.8 1300s
 3883326 2012911   77.00000   65   56   79.00000   50.00000  36.7%  21.8 1305s
 3896451 2020005   77.00000   77   51   79.00000   50.00000  36.7%  21.8 1310s
 3909138 2027443   78.00000   97   30   79.00000   50.00000  36.7%  21.8 1315s
 3922352 2035158   78.00000   80   49   79.00000   50.00000  36.7%  21.8 1320s
 3935534 2042986   69.00000   71   57   79.00000   50.00000  36.7%  21.8 1325s
 3951631 2052522 infeasible   92        79.00000   50.00000  36.7%  21.8 1331s
 3964385 2060380   61.00000   44   66   79.00000   50.00000  36.7%  21.8 1335s
 3977605 2067536   73.00000   73   33   79.00000   50.00000  36.7%  21.8 1340s
 3993569 2077057   62.00000   56   52   79.00000   50.00000  36.7%  21.9 1346s
 4006832 2084679     cutoff   73        79.00000   50.00000  36.7%  21.9 1350s
 4019776 2091791   67.00000   75   73   79.00000   50.00000  36.7%  21.9 1355s
 4035929 2101145   53.00000   48   82   79.00000   50.00000  36.7%  21.9 1360s
 4048577 2108641     cutoff   96        79.00000   50.00000  36.7%  21.9 1365s
 4065487 2118290   77.00000   90   54   79.00000   50.00000  36.7%  21.9 1370s
 4078412 2125730   67.00000   69   54   79.00000   50.00000  36.7%  21.9 1375s
 4091644 2133119   74.00000   57   62   79.00000   50.00000  36.7%  21.9 1380s
 4104631 2140909 infeasible  124        79.00000   50.00000  36.7%  21.9 1385s
 4117438 2148762   70.00000   67   45   79.00000   50.00000  36.7%  21.9 1390s
 4133938 2158196     cutoff   92        79.00000   50.00000  36.7%  21.9 1396s
 4147063 2166348   74.00000   60   37   79.00000   50.00000  36.7%  21.9 1400s
 4160074 2173814   69.00000   67   58   79.00000   50.00000  36.7%  21.9 1405s
 4176780 2183551     cutoff   83        79.00000   50.00000  36.7%  21.9 1410s
 4189138 2190834   78.00000   93   40   79.00000   50.00000  36.7%  21.9 1415s
 4205557 2200326   78.00000   91   31   79.00000   50.00000  36.7%  21.9 1420s
 4219192 2208279 infeasible   70        79.00000   50.00000  36.7%  21.9 1425s
 4231901 2215604   73.00000  119   35   79.00000   50.00000  36.7%  21.9 1430s
 4248368 2226011   78.00000   84   58   79.00000   50.00000  36.7%  21.9 1436s
 4261466 2234096   76.00000   70   32   79.00000   50.00000  36.7%  21.9 1440s
 4274420 2241568   77.00000   90   24   79.00000   50.00000  36.7%  21.9 1445s
 4287217 2249337   78.00000   96   47   79.00000   50.00000  36.7%  21.9 1450s
 4300524 2257226   65.00000   39   76   79.00000   50.00000  36.7%  21.9 1455s
 4313292 2265252   65.00000   85   59   79.00000   50.00000  36.7%  21.9 1460s
 4326339 2273308   78.00000   52   91   79.00000   50.00000  36.7%  21.9 1465s
 4342699 2283573   62.00000   72   70   79.00000   50.00000  36.7%  21.9 1471s
 4355053 2291395 infeasible   82        79.00000   50.00000  36.7%  21.9 1475s
 4367771 2299275   78.00000   91   37   79.00000   50.00000  36.7%  21.9 1480s
 4383977 2308703   71.00000   99   50   79.00000   50.00000  36.7%  21.9 1485s
 4397424 2316862   78.00000   95   38   79.00000   50.00000  36.7%  21.9 1490s
 4413118 2326738   68.00000   61   57   79.00000   50.00000  36.7%  21.9 1495s
 4426217 2334672   76.00000   80   59   79.00000   50.00000  36.7%  21.9 1500s
 4439327 2342311   78.00000   60   55   79.00000   50.00000  36.7%  21.9 1505s
 4452455 2350381   73.00000   98   44   79.00000   50.00000  36.7%  21.9 1510s
 4468533 2360548   72.00000   81   69   79.00000   50.00000  36.7%  21.9 1516s
 4478620 2366869   74.00000   92   45   79.00000   50.00000  36.7%  21.9 1520s
 4491453 2374716   67.00000   79   61   79.00000   50.00000  36.7%  21.9 1525s
 4508183 2384418   78.00000   85   48   79.00000   50.00000  36.7%  21.9 1531s
 4517913 2390067   68.00000   60   78   79.00000   50.00000  36.7%  21.9 1535s
 4534027 2400251   76.00000  101   44   79.00000   50.00000  36.7%  21.9 1540s
 4547181 2407819   74.00000   63   67   79.00000   50.00000  36.7%  21.9 1545s
 4563298 2416982   76.00000   80   35   79.00000   50.00000  36.7%  21.9 1551s
 4576720 2425030     cutoff   58        79.00000   50.00000  36.7%  21.9 1556s
 4589329 2433269   76.00000   75   57   79.00000   50.00000  36.7%  21.9 1561s
 4602422 2440677 infeasible   85        79.00000   50.00000  36.7%  21.9 1565s
 4615830 2448216   78.00000   94   66   79.00000   50.00000  36.7%  21.9 1570s
 4631575 2457917   63.00000   86   47   79.00000   50.00000  36.7%  21.9 1576s
 4643839 2465105     cutoff   90        79.00000   50.00000  36.7%  21.9 1580s
 4656838 2472440   76.00000  108   43   79.00000   50.00000  36.7%  21.9 1585s
 4669785 2480197   70.00000  104   56   79.00000   50.00000  36.7%  21.9 1590s
 4682837 2487746   77.00000   97   51   79.00000   50.00000  36.7%  21.9 1595s
 4699128 2497607   78.00000  107   42   79.00000   50.00000  36.7%  21.9 1601s
 4712502 2505214   78.00000  109   29   79.00000   50.00000  36.7%  21.9 1605s
 4728083 2514500   78.00000   82   53   79.00000   50.00000  36.7%  21.9 1611s
 4741140 2522691   77.00000   79   50   79.00000   50.00000  36.7%  22.0 1615s
 4754338 2531235   78.00000   60   55   79.00000   50.00000  36.7%  22.0 1620s
 4770860 2541479   70.00000   56   55   79.00000   50.00000  36.7%  22.0 1626s
 4783995 2548972   76.00000   53   41   79.00000   50.00000  36.7%  22.0 1630s
 4796790 2556877   74.00000   67   45   79.00000   50.00000  36.7%  22.0 1635s
 4809883 2564679 infeasible   92        79.00000   50.00000  36.7%  22.0 1640s
 4822918 2572941 infeasible  108        79.00000   50.00000  36.7%  22.0 1645s
 4839024 2582906   76.00000   77   49   79.00000   50.00000  36.7%  22.0 1651s
 4852281 2590650   77.00000   74   42   79.00000   50.00000  36.7%  22.0 1655s
 4865630 2599014   66.00000   90   50   79.00000   50.00000  36.7%  22.0 1660s
 4878319 2606775   67.00000   40   47   79.00000   50.00000  36.7%  22.0 1665s
 4895139 2616918   50.00000   43   82   79.00000   50.00000  36.7%  22.0 1670s
 4907875 2624833   77.00000  110   43   79.00000   50.00000  36.7%  22.0 1675s
 4924840 2634023   73.00000   99   51   79.00000   50.00000  36.7%  22.0 1680s
 4937575 2641419   78.00000   87   52   79.00000   50.00000  36.7%  22.0 1685s
 4953192 2651284   78.00000   71   43   79.00000   50.00000  36.7%  22.0 1691s
 4966223 2659657   77.00000   73   36   79.00000   50.00000  36.7%  22.0 1695s
 4979721 2667691   50.00000   47   71   79.00000   50.00000  36.7%  22.0 1700s
 4995936 2677163   74.00000   67   50   79.00000   50.00000  36.7%  22.0 1705s
 5009195 2685297   50.00000   50   72   79.00000   50.00000  36.7%  22.0 1710s
 5025588 2695198   78.00000  107   33   79.00000   50.00000  36.7%  22.0 1716s
 5039016 2703488   71.00000   80   56   79.00000   50.00000  36.7%  22.0 1720s
 5051436 2711451   74.00000   74   39   79.00000   50.00000  36.7%  22.0 1725s
 5064892 2719010 infeasible  109        79.00000   50.00000  36.7%  22.0 1730s
 5078012 2726870 infeasible   76        79.00000   50.00000  36.7%  22.0 1735s
 5091205 2734679   65.00000   46   51   79.00000   50.00000  36.7%  22.0 1740s
 5107075 2743887   78.00000  107   34   79.00000   50.00000  36.7%  22.0 1745s
 5120254 2751969   70.00000   74   46   79.00000   50.00000  36.7%  22.0 1750s
 5132974 2760214 infeasible  113        79.00000   50.00000  36.7%  22.0 1755s
 5149450 2770590 infeasible   78        79.00000   50.00000  36.7%  22.0 1761s
 5162394 2778336   54.00000   33   56   79.00000   50.00000  36.7%  22.0 1765s
 5175534 2786859   78.00000  123   27   79.00000   50.00000  36.7%  22.0 1770s
 5192174 2796627   74.00000   76   47   79.00000   50.00000  36.7%  22.0 1776s
 5205319 2804881   78.00000  103   46   79.00000   50.00000  36.7%  22.0 1780s
 5218308 2812805   76.00000   98   38   79.00000   50.00000  36.7%  22.0 1785s
 5231419 2821582   50.00000   38   58   79.00000   50.00000  36.7%  22.0 1790s
 5248176 2831544 infeasible   84        79.00000   50.00000  36.7%  22.0 1796s
 5260702 2839351   72.00000   54   60   79.00000   50.00000  36.7%  22.0 1800s
 5274223 2847354   54.00000   38   66   79.00000   50.00000  36.7%  22.0 1805s
 5290380 2857479   65.00000   92   54   79.00000   50.00000  36.7%  22.0 1810s
 5303679 2865189   73.00000   82   54   79.00000   50.00000  36.7%  22.0 1815s
 5319806 2875122   77.00000   63   38   79.00000   50.00000  36.7%  22.0 1820s
 5333322 2883517   76.00000   92   40   79.00000   50.00000  36.7%  22.0 1825s
 5349757 2893733   77.00000   76   29   79.00000   50.00000  36.7%  22.0 1830s
 5362513 2901703   73.00000   55   41   79.00000   50.00000  36.7%  22.0 1835s
 5375604 2910083   72.00000  100   47   79.00000   50.00000  36.7%  22.0 1840s
 5392465 2920116   74.00000   61   54   79.00000   50.00000  36.7%  22.1 1845s
 5405254 2928322   50.00000   33   58   79.00000   50.00000  36.7%  22.1 1850s
 5418882 2936551   76.00000   69   66   79.00000   50.00000  36.7%  22.1 1855s
 5434957 2945775   75.00000   75   47   79.00000   50.00000  36.7%  22.1 1861s
 5448195 2953324   74.00000   71   51   79.00000   50.00000  36.7%  22.1 1865s
 5464202 2963209   77.00000   83   59   79.00000   50.00000  36.7%  22.1 1870s
 5477140 2971228   77.00000   74   54   79.00000   50.00000  36.7%  22.1 1875s
 5492936 2980841   78.00000   74   58   79.00000   50.00000  36.7%  22.1 1881s
 5506693 2988749 infeasible   63        79.00000   50.00000  36.7%  22.1 1885s
 5519562 2996510 infeasible   75        79.00000   50.00000  36.7%  22.1 1890s
 5535941 3007035 infeasible   78        79.00000   50.00000  36.7%  22.1 1896s
 5548872 3014854   78.00000   79   35   79.00000   50.00000  36.7%  22.1 1900s
 5561433 3022406   72.00000   56   56   79.00000   50.00000  36.7%  22.1 1905s
 5575038 3030125   70.00000   96   38   79.00000   50.00000  36.7%  22.1 1910s
 5590856 3039635     cutoff   51        79.00000   50.00000  36.7%  22.1 1915s
 5604142 3047770 infeasible  100        79.00000   50.00000  36.7%  22.1 1920s
 5616757 3055257   71.00000   70   58   79.00000   50.00000  36.7%  22.1 1925s
 5629873 3063338   78.00000   85   38   79.00000   50.00000  36.7%  22.1 1930s
 5645997 3073040   72.00000   45   66   79.00000   50.00000  36.7%  22.1 1936s
 5659029 3081075 infeasible   80        79.00000   50.00000  36.7%  22.1 1940s
 5672482 3089003   78.00000   76   49   79.00000   50.00000  36.7%  22.1 1945s
 5685736 3096944   76.00000   66   52   79.00000   50.00000  36.7%  22.1 1950s
 5698811 3105342   70.00000   77   48   79.00000   50.00000  36.7%  22.1 1955s
 5711784 3112687   78.00000   83   40   79.00000   50.00000  36.7%  22.1 1960s
 5724790 3119890   72.00000   76   60   79.00000   50.00000  36.7%  22.1 1965s
 5737530 3127488   72.00000   80   43   79.00000   50.00000  36.7%  22.1 1970s
 5753972 3136943   75.00000  106   29   79.00000   50.00000  36.7%  22.1 1975s
 5767311 3145051   77.00000   91   27   79.00000   50.00000  36.7%  22.1 1980s
 5779934 3152764   76.00000   78   53   79.00000   50.00000  36.7%  22.1 1985s
 5793046 3160206   78.00000  112   38   79.00000   50.00000  36.7%  22.1 1990s
 5805784 3167940   78.00000   83   49   79.00000   50.00000  36.7%  22.1 1995s
 5821746 3177226   75.00000   70   48   79.00000   50.00000  36.7%  22.1 2001s
 5834635 3184833   69.00000   63   50   79.00000   50.00000  36.7%  22.1 2005s
 5847628 3192445   78.00000   89   60   79.00000   50.00000  36.7%  22.1 2010s
 5860600 3200924   74.00000   86   41   79.00000   50.00000  36.7%  22.1 2015s
 5873422 3208661   71.00000   45   51   79.00000   50.00000  36.7%  22.1 2020s
 5887300 3216939   77.00000   85   38   79.00000   50.00000  36.7%  22.1 2025s
 5900259 3224776 infeasible   74        79.00000   50.00000  36.7%  22.1 2030s
 5916397 3234258   76.00000   86   54   79.00000   50.00000  36.7%  22.1 2035s
 5929659 3242556   65.00000   47   67   79.00000   50.00000  36.7%  22.1 2040s
 5942655 3250563   75.00000   68   65   79.00000   50.00000  36.7%  22.1 2045s
 5956151 3258425   65.00000   51   85   79.00000   50.00000  36.7%  22.1 2050s
 5969162 3265886   67.00000   76   61   79.00000   50.00000  36.7%  22.1 2055s
 5982281 3273955 infeasible  102        79.00000   50.00000  36.7%  22.1 2060s
 5999036 3283863   78.00000  110   34   79.00000   50.00000  36.7%  22.1 2066s
 6011686 3291338   78.00000   77   57   79.00000   50.00000  36.7%  22.1 2070s
 6024961 3299056   63.00000   76   72   79.00000   50.00000  36.7%  22.1 2075s
 6041473 3309176   68.00000   70   48   79.00000   50.00000  36.7%  22.1 2081s
 6050937 3314961   62.00000   42   79   79.00000   50.00000  36.7%  22.1 2085s
 6067320 3325155   78.00000  147   19   79.00000   50.00000  36.7%  22.1 2091s
 6080253 3332358   75.00000   64   61   79.00000   50.00000  36.7%  22.1 2095s
 6093608 3339986   76.00000   50   46   79.00000   50.00000  36.7%  22.1 2100s
 6106884 3348292     cutoff   71        79.00000   50.00000  36.7%  22.1 2105s
 6120177 3356739   66.00000   91   44   79.00000   50.00000  36.7%  22.1 2110s
 6132982 3364604   58.00000   56   63   79.00000   50.00000  36.7%  22.1 2115s
 6148941 3373781   78.00000   75   56   79.00000   50.00000  36.7%  22.1 2120s
 6162099 3381885 infeasible   93        79.00000   50.00000  36.7%  22.2 2125s
 6175012 3389567   62.00000   70   50   79.00000   50.00000  36.7%  22.2 2130s
 6188223 3397195   74.00000   64   63   79.00000   50.00000  36.7%  22.2 2135s
 6204446 3407064   78.00000   90   36   79.00000   50.00000  36.7%  22.2 2140s
 6217457 3415365 infeasible  100        79.00000   50.00000  36.7%  22.2 2145s
 6230727 3423395   77.00000   62   59   79.00000   50.00000  36.7%  22.2 2150s
 6243899 3431063   78.00000   67   42   79.00000   50.00000  36.7%  22.2 2155s
 6256666 3439248     cutoff   96        79.00000   50.00000  36.7%  22.2 2160s
 6269645 3447630   71.00000   63   53   79.00000   50.00000  36.7%  22.2 2165s
 6286031 3457420 infeasible   74        79.00000   50.00000  36.7%  22.2 2170s
 6298806 3464988   77.00000   95   29   79.00000   50.00000  36.7%  22.2 2175s
 6311344 3472685   77.00000   96   33   79.00000   50.00000  36.7%  22.2 2180s
 6324730 3480205   78.00000   69   49   79.00000   50.00000  36.7%  22.2 2185s
 6338229 3488486   70.00000   55   45   79.00000   50.00000  36.7%  22.2 2190s
 6353881 3498486   65.00000   78   57   79.00000   50.00000  36.7%  22.2 2196s
 6367310 3506376   73.00000   62   62   79.00000   50.00000  36.7%  22.2 2200s
 6380539 3514327   70.00000   48   43   79.00000   50.00000  36.7%  22.2 2205s
 6393327 3522060   77.00000   97   66   79.00000   50.00000  36.7%  22.2 2210s
 6409296 3531531   78.00000   86   41   79.00000   50.00000  36.7%  22.2 2215s
 6422421 3538987   67.00000   83   64   79.00000   50.00000  36.7%  22.2 2220s
 6435483 3546965   78.00000   83   34   79.00000   50.00000  36.7%  22.2 2225s
 6451591 3557262   70.00000  101   41   79.00000   50.00000  36.7%  22.2 2231s
 6464204 3564890 infeasible   70        79.00000   50.00000  36.7%  22.2 2235s
 6477813 3573102   78.00000  102   30   79.00000   50.00000  36.7%  22.2 2240s
 6490659 3580870 infeasible   79        79.00000   50.00000  36.7%  22.2 2245s
 6506685 3590354 infeasible   95        79.00000   50.00000  36.7%  22.2 2251s
 6520150 3597936   60.00000   60   59   79.00000   50.00000  36.7%  22.2 2255s
 6533162 3606197   68.00000   65   68   79.00000   50.00000  36.7%  22.2 2260s
 6546308 3613958 infeasible   88        79.00000   50.00000  36.7%  22.2 2265s
 6559110 3621664     cutoff   75        79.00000   50.00000  36.7%  22.2 2270s
 6572517 3629539   65.00000   50   64   79.00000   50.00000  36.7%  22.2 2275s
 6588515 3639155   76.00000   92   49   79.00000   50.00000  36.7%  22.2 2281s
 6601562 3647272   66.00000   85   59   79.00000   50.00000  36.7%  22.2 2285s
 6614747 3655227   78.00000   70   46   79.00000   50.00000  36.7%  22.2 2290s
 6628081 3663229   76.00000  100   28   79.00000   50.00000  36.7%  22.2 2295s
 6640550 3671057 infeasible   95        79.00000   50.00000  36.7%  22.2 2300s
 6654532 3679299 infeasible  103        79.00000   50.00000  36.7%  22.2 2305s
 6667481 3686659   76.00000   96   49   79.00000   50.00000  36.7%  22.2 2310s
 6680420 3694515   73.00000   70   38   79.00000   50.00000  36.7%  22.2 2315s
 6693636 3702566   73.00000   88   50   79.00000   50.00000  36.7%  22.2 2320s
 6706421 3710059   72.00000   72   51   79.00000   50.00000  36.7%  22.2 2325s
 6723058 3719496   69.00000   64   56   79.00000   50.00000  36.7%  22.2 2331s
 6735651 3727261 infeasible  114        79.00000   50.00000  36.7%  22.2 2335s
 6748950 3734885 infeasible   86        79.00000   50.00000  36.7%  22.2 2340s
 6762029 3742255   77.00000  104   36   79.00000   50.00000  36.7%  22.2 2345s
 6775166 3749994     cutoff   79        79.00000   50.00000  36.7%  22.2 2350s
 6788126 3757830   76.00000   68   55   79.00000   50.00000  36.7%  22.2 2355s
 6801291 3765533 infeasible  104        79.00000   50.00000  36.7%  22.2 2360s
 6817616 3775086 infeasible   88        79.00000   50.00000  36.7%  22.2 2366s
 6827883 3780873   75.00000   84   45   79.00000   50.00000  36.7%  22.2 2370s
 6844055 3789900   78.00000   53   44   79.00000   50.00000  36.7%  22.2 2375s
 6857037 3798234   78.00000  113   40   79.00000   50.00000  36.7%  22.2 2380s
 6870084 3805694   78.00000   90   44   79.00000   50.00000  36.7%  22.2 2385s
 6883182 3813359   77.00000   73   37   79.00000   50.00000  36.7%  22.2 2390s
 6896322 3821031   73.00000   67   49   79.00000   50.00000  36.7%  22.2 2395s
 6909165 3828039   68.00000   63   70   79.00000   50.00000  36.7%  22.2 2400s
 6925618 3837126 infeasible   99        79.00000   50.00000  36.7%  22.2 2405s
 6935112 3842626   75.00000   82   49   79.00000   50.00000  36.7%  22.2 2410s
 6948618 3850592     cutoff   49        79.00000   50.00000  36.7%  22.2 2415s
 6964715 3860251 infeasible   96        79.00000   50.00000  36.7%  22.2 2420s
 6977874 3867522 infeasible  105        79.00000   50.00000  36.7%  22.2 2425s
 6990860 3874975   78.00000  112   31   79.00000   50.00000  36.7%  22.2 2430s
 7007183 3884437 infeasible   73        79.00000   50.00000  36.7%  22.2 2435s
 7019978 3891885   78.00000   96   50   79.00000   50.00000  36.7%  22.2 2440s
 7032890 3899923   73.00000   73   45   79.00000   50.00000  36.7%  22.2 2445s
 7045609 3907291   78.00000   74   45   79.00000   50.00000  36.7%  22.2 2450s
 7058861 3915072   77.00000   73   50   79.00000   50.00000  36.7%  22.2 2455s
 7071701 3922693   77.00000   94   36   79.00000   50.00000  36.7%  22.2 2460s
 7084619 3930590   78.00000   70   31   79.00000   50.00000  36.7%  22.2 2465s
 7101218 3940234   67.00000   57   49   79.00000   50.00000  36.7%  22.2 2471s
 7114207 3947793 infeasible   74        79.00000   50.00000  36.7%  22.2 2475s
 7126875 3955799   61.00000   70   59   79.00000   50.00000  36.7%  22.2 2480s
 7140244 3963645   50.00000   48   71   79.00000   50.00000  36.7%  22.2 2485s
 7153163 3971395   78.00000  102   34   79.00000   50.00000  36.7%  22.2 2490s
 7169097 3980898     cutoff   82        79.00000   50.00000  36.7%  22.2 2495s
 7182172 3988851   76.00000  104   46   79.00000   50.00000  36.7%  22.2 2500s
 7195033 3996644   76.00000   60   34   79.00000   50.00000  36.7%  22.2 2505s
 7207914 4004270   78.00000  110   30   79.00000   50.00000  36.7%  22.2 2510s
 7221049 4011778   62.00000   58   41   79.00000   50.00000  36.7%  22.2 2515s
 7234004 4019562   74.00000   72   47   79.00000   50.00000  36.7%  22.2 2520s
 7250465 4028724   72.00000   84   66   79.00000   50.00000  36.7%  22.2 2526s
 7263522 4036407     cutoff   88        79.00000   50.00000  36.7%  22.2 2530s
 7276428 4044544   65.00000   70   47   79.00000   50.00000  36.7%  22.2 2535s
 7289449 4052151 infeasible   77        79.00000   50.00000  36.7%  22.2 2540s
 7302474 4059406 infeasible   79        79.00000   50.00000  36.7%  22.2 2545s
 7318498 4069190   74.00000   52   39   79.00000   50.00000  36.7%  22.2 2551s
 7331780 4077404 infeasible  103        79.00000   50.00000  36.7%  22.2 2555s
 7345095 4085306   75.00000   87   37   79.00000   50.00000  36.7%  22.2 2560s
 7358038 4093450   66.00000  120   54   79.00000   50.00000  36.7%  22.2 2565s
 7371333 4101171   71.00000   80   59   79.00000   50.00000  36.7%  22.3 2570s
 7384532 4108917   78.00000   98   39   79.00000   50.00000  36.7%  22.3 2575s
 7400720 4118527   66.00000   48   72   79.00000   50.00000  36.7%  22.3 2581s
 7413545 4125841   74.00000   72   47   79.00000   50.00000  36.7%  22.3 2585s
 7427012 4134175   68.00000   94   35   79.00000   50.00000  36.7%  22.3 2590s
 7443209 4144377   74.00000   57   55   79.00000   50.00000  36.7%  22.3 2595s
 7456290 4152470   78.00000   75   40   79.00000   50.00000  36.7%  22.3 2600s
 7469135 4160365   71.00000   63   47   79.00000   50.00000  36.7%  22.3 2605s
 7485670 4170362   75.00000   56   25   79.00000   50.00000  36.7%  22.3 2610s
 7498255 4178406 infeasible   61        79.00000   50.00000  36.7%  22.3 2615s
 7511184 4185848   78.00000   53   39   79.00000   50.00000  36.7%  22.3 2620s
 7527460 4195598   68.00000   67   61   79.00000   50.00000  36.7%  22.3 2625s
 7540552 4203465   77.00000  108   49   79.00000   50.00000  36.7%  22.3 2630s
 7553573 4211161 infeasible   97        79.00000   50.00000  36.7%  22.3 2635s
 7566312 4219309   67.00000   90   67   79.00000   50.00000  36.7%  22.3 2640s
 7582595 4228919   78.00000   81   49   79.00000   50.00000  36.7%  22.3 2645s
 7595370 4237181   78.00000   68   36   79.00000   50.00000  36.7%  22.3 2650s
 7611261 4246990   74.00000   92   43   79.00000   50.00000  36.7%  22.3 2656s
 7624572 4254646   75.00000   82   51   79.00000   50.00000  36.7%  22.3 2660s
 7637809 4262299   78.00000  107   26   79.00000   50.00000  36.7%  22.3 2665s
 7653862 4271673   72.00000   73   32   79.00000   50.00000  36.7%  22.3 2671s
 7666726 4279231   77.00000   78   44   79.00000   50.00000  36.7%  22.3 2675s
 7680150 4287307   72.00000   64   57   79.00000   50.00000  36.7%  22.3 2680s
 7693434 4295360   77.00000   63   40   79.00000   50.00000  36.7%  22.3 2685s
 7709903 4305685   72.00000   66   45   79.00000   50.00000  36.7%  22.3 2690s
 7722789 4313141   75.00000   68   42   79.00000   50.00000  36.7%  22.3 2695s
 7736324 4321047 infeasible  112        79.00000   50.00000  36.7%  22.3 2700s
 7748945 4328818 infeasible  135        79.00000   50.00000  36.7%  22.3 2705s
 7765669 4338720 infeasible  118        79.00000   50.00000  36.7%  22.3 2710s
 7778759 4347410   75.00000   76   54   79.00000   50.00000  36.7%  22.3 2715s
 7791968 4354706 infeasible   95        79.00000   50.00000  36.7%  22.3 2720s
 7807978 4364846 infeasible   71        79.00000   50.00000  36.7%  22.3 2725s
 7821144 4372732   68.00000   62   55   79.00000   50.00000  36.7%  22.3 2730s
 7837320 4382090   73.00000   74   57   79.00000   50.00000  36.7%  22.3 2736s
 7850246 4390177   73.00000   53   39   79.00000   50.00000  36.7%  22.3 2740s
 7863828 4398400 infeasible   97        79.00000   50.00000  36.7%  22.3 2745s
 7880484 4408668   67.00000   83   81   79.00000   50.00000  36.7%  22.3 2750s
 7893447 4417014   71.00000   75   48   79.00000   50.00000  36.7%  22.3 2755s
 7909813 4426305 infeasible   81        79.00000   50.00000  36.7%  22.3 2761s
 7922993 4434008   76.00000   97   33   79.00000   50.00000  36.7%  22.3 2765s
 7939899 4444023 infeasible  102        79.00000   50.00000  36.7%  22.3 2770s
 7952750 4452085   64.00000   92   63   79.00000   50.00000  36.7%  22.3 2775s
 7968853 4462139   68.00000   54   85   79.00000   50.00000  36.7%  22.3 2780s
 7982125 4469418   78.00000   90   45   79.00000   50.00000  36.7%  22.3 2785s
 7998894 4479778   73.00000   39   56   79.00000   50.00000  36.7%  22.3 2790s
 8011932 4487920   68.00000   82   55   79.00000   50.00000  36.7%  22.3 2795s
 8028236 4497700 infeasible  104        79.00000   50.00000  36.7%  22.3 2800s
 8041477 4505946     cutoff   83        79.00000   50.00000  36.7%  22.3 2805s
 8054909 4513855   76.00000   42   45   79.00000   50.00000  36.7%  22.3 2810s
 8070969 4523824   68.00000   59   43   79.00000   50.00000  36.7%  22.3 2816s
 8084135 4530978   72.00000   48   63   79.00000   50.00000  36.7%  22.3 2820s
 8097273 4539126   74.00000   64   58   79.00000   50.00000  36.7%  22.3 2825s
 8113272 4548836   77.00000   48   51   79.00000   50.00000  36.7%  22.3 2831s
 8126618 4556582   66.00000   38   58   79.00000   50.00000  36.7%  22.3 2835s
 8139866 4564336   73.00000   99   37   79.00000   50.00000  36.7%  22.3 2840s
 8156312 4574543   72.00000  106   34   79.00000   50.00000  36.7%  22.3 2845s
 8169373 4582442   71.00000   74   52   79.00000   50.00000  36.7%  22.3 2850s
 8185831 4592535   78.00000   51   34   79.00000   50.00000  36.7%  22.3 2856s
 8199082 4600733 infeasible   64        79.00000   50.00000  36.7%  22.3 2860s
 8212307 4608726 infeasible   91        79.00000   50.00000  36.7%  22.3 2865s
 8228845 4618694   75.00000   49   47   79.00000   50.00000  36.7%  22.3 2870s
 8241705 4626778   62.00000   68   68   79.00000   50.00000  36.7%  22.3 2875s
 8255352 4635073 infeasible   77        79.00000   50.00000  36.7%  22.3 2880s
 8271863 4645315   76.00000   75   46   79.00000   50.00000  36.7%  22.3 2885s
 8285460 4653821   78.00000   97   33   79.00000   50.00000  36.7%  22.3 2890s
 8301652 4664045   67.00000   60   60   79.00000   50.00000  36.7%  22.3 2895s
 8315105 4672467 infeasible   47        79.00000   50.00000  36.7%  22.3 2900s
 8328273 4680882   77.00000   72   57   79.00000   50.00000  36.7%  22.3 2905s
 8345302 4691084   65.00000   50   78   79.00000   50.00000  36.7%  22.3 2910s
 8358204 4698912   70.00000   58   52   79.00000   50.00000  36.7%  22.3 2915s
 8371120 4707019   75.00000   64   58   79.00000   50.00000  36.7%  22.3 2920s
 8383943 4714678   57.00000   55   89   79.00000   50.00000  36.7%  22.3 2925s
 8397548 4723264   64.00000   66   63   79.00000   50.00000  36.7%  22.3 2930s
 8413916 4733414   77.00000   84   45   79.00000   50.00000  36.7%  22.3 2936s
 8427288 4741623   77.00000   62   50   79.00000   50.00000  36.7%  22.3 2940s
 8440152 4749343   71.00000   79   72   79.00000   50.00000  36.7%  22.3 2945s
 8453295 4757127   76.00000   94   48   79.00000   50.00000  36.7%  22.3 2950s
 8469251 4766686   76.00000   78   46   79.00000   50.00000  36.7%  22.3 2955s
 8482004 4774388   78.00000   83   45   79.00000   50.00000  36.7%  22.3 2960s
 8495133 4782509   74.00000   91   53   79.00000   50.00000  36.7%  22.3 2965s
 8507938 4790768   78.00000   87   26   79.00000   50.00000  36.7%  22.3 2970s
 8524713 4800952   78.00000   96   15   79.00000   50.00000  36.7%  22.3 2976s
 8538108 4809480     cutoff   57        79.00000   50.00000  36.7%  22.3 2980s
 8551042 4817829   72.00000   52   62   79.00000   50.00000  36.7%  22.3 2985s
 8567765 4828110   67.00000   70   42   79.00000   50.00000  36.7%  22.3 2991s
 8580666 4836151   61.00000   63   55   79.00000   50.00000  36.7%  22.3 2995s
 8593666 4844507 infeasible  100        79.00000   50.00000  36.7%  22.3 3000s
 8606957 4852720   78.00000   78   39   79.00000   50.00000  36.7%  22.3 3005s
 8623299 4862919   70.00000   62   56   79.00000   50.00000  36.7%  22.3 3011s
 8636250 4871145 infeasible  101        79.00000   50.00000  36.7%  22.3 3015s
 8648743 4879214   74.00000   85   42   79.00000   50.00000  36.7%  22.3 3020s
 8662433 4887746     cutoff  110        79.00000   50.00000  36.7%  22.3 3025s
 8678795 4897426 infeasible   71        79.00000   50.00000  36.7%  22.3 3031s
 8692014 4905688   77.00000  101   61   79.00000   50.00000  36.7%  22.3 3035s
 8704779 4913888   65.00000  106   52   79.00000   50.00000  36.7%  22.3 3040s
 8718021 4921667   76.00000   81   42   79.00000   50.00000  36.7%  22.3 3045s
 8731227 4929447 infeasible   77        79.00000   50.00000  36.7%  22.3 3050s
 8747331 4939048 infeasible   87        79.00000   50.00000  36.7%  22.3 3055s
 8763866 4949217 infeasible   82        79.00000   50.00000  36.7%  22.3 3061s
 8777060 4957608   78.00000   67   49   79.00000   50.00000  36.7%  22.3 3065s
 8793390 4967399   75.00000  102   45   79.00000   50.00000  36.7%  22.3 3070s
 8806809 4975730   78.00000   91   33   79.00000   50.00000  36.7%  22.3 3075s
 8820078 4983921   78.00000  104   29   79.00000   50.00000  36.7%  22.3 3080s
 8833597 4992045   74.00000   83   39   79.00000   50.00000  36.7%  22.3 3085s
 8846615 5000056   78.00000   78   54   79.00000   50.00000  36.7%  22.3 3090s
 8862597 5010188   74.00000   96   53   79.00000   50.00000  36.7%  22.3 3096s
 8876096 5017824   78.00000   66   45   79.00000   50.00000  36.7%  22.3 3100s
 8892380 5028056 infeasible   95        79.00000   50.00000  36.7%  22.3 3105s
 8905186 5035763     cutoff  101        79.00000   50.00000  36.7%  22.3 3110s
 8921282 5045716   76.00000   85   50   79.00000   50.00000  36.7%  22.3 3115s
 8934050 5053810   76.00000   96   41   79.00000   50.00000  36.7%  22.3 3120s
 8946940 5061185   68.00000   59   61   79.00000   50.00000  36.7%  22.3 3125s
 8963480 5071009   50.00000   45   59   79.00000   50.00000  36.7%  22.3 3130s
 8979217 5080384   76.00000  115   37   79.00000   50.00000  36.7%  22.3 3135s
 8992407 5088087   77.00000   44   40   79.00000   50.00000  36.7%  22.3 3140s
 9005713 5096584   50.00000   57   85   79.00000   50.00000  36.7%  22.3 3145s
 9022181 5106046 infeasible   96        79.00000   50.00000  36.7%  22.3 3150s
 9035258 5113368   75.00000   90   49   79.00000   50.00000  36.7%  22.3 3155s
 9048948 5122434     cutoff   85        79.00000   50.00000  36.7%  22.3 3160s
 9065109 5131529   74.00000   53   47   79.00000   50.00000  36.7%  22.3 3165s
 9078254 5139638 infeasible   58        79.00000   50.00000  36.7%  22.3 3170s
 9094633 5149689   77.00000   93   22   79.00000   50.00000  36.7%  22.3 3175s
 9107256 5157345   77.00000   71   48   79.00000   50.00000  36.7%  22.3 3180s
 9120109 5165329 infeasible  103        79.00000   50.00000  36.7%  22.3 3185s
 9136890 5175148   74.00000   85   55   79.00000   50.00000  36.7%  22.3 3190s
 9150101 5183545   72.00000   95   42   79.00000   50.00000  36.7%  22.3 3195s
 9163298 5190804   78.00000   77   32   79.00000   50.00000  36.7%  22.3 3200s
 9179929 5200963   63.00000   50   52   79.00000   50.00000  36.7%  22.3 3205s
 9192939 5208906   64.00000  113   63   79.00000   50.00000  36.7%  22.3 3210s
 9209890 5218739 infeasible   85        79.00000   50.00000  36.7%  22.3 3215s
 9221942 5226404   67.00000   79   67   79.00000   50.00000  36.7%  22.3 3220s
 9238467 5236255   78.00000  118   13   79.00000   50.00000  36.7%  22.3 3225s
 9251539 5243974   78.00000   92   54   79.00000   50.00000  36.7%  22.3 3230s
 9264440 5251466   68.00000   68   66   79.00000   50.00000  36.7%  22.3 3235s
 9280217 5260794   74.00000   44   49   79.00000   50.00000  36.7%  22.3 3240s
 9295952 5270501   68.00000   70   47   79.00000   50.00000  36.7%  22.3 3246s
 9309162 5278586   76.00000   59   42   79.00000   50.00000  36.7%  22.3 3250s
 9322155 5286257   77.00000   79   54   79.00000   50.00000  36.7%  22.3 3255s
 9338366 5296354   77.00000   77   39   79.00000   50.00000  36.7%  22.3 3260s
 9351258 5304142   78.00000   62   63   79.00000   50.00000  36.7%  22.3 3265s
 9364050 5311918 infeasible   88        79.00000   50.00000  36.7%  22.3 3270s
 9377373 5319907   74.00000   49   47   79.00000   50.00000  36.7%  22.3 3275s
 9394177 5329887   78.00000   86   49   79.00000   50.00000  36.7%  22.3 3281s
 9407599 5338093   78.00000   57   55   79.00000   50.00000  36.7%  22.3 3285s
 9420509 5346568     cutoff   79        79.00000   50.00000  36.7%  22.3 3290s
 9434125 5354532   71.00000   55   55   79.00000   50.00000  36.7%  22.3 3295s
 9450137 5364066   78.00000   68   41   79.00000   50.00000  36.7%  22.3 3300s
 9462661 5372267   62.00000   69   76   79.00000   50.00000  36.7%  22.3 3305s
 9475848 5380008   78.00000   83   34   79.00000   50.00000  36.7%  22.3 3310s
 9492108 5390335 infeasible   93        79.00000   50.00000  36.7%  22.3 3315s
 9508553 5400189   75.00000  111   48   79.00000   50.00000  36.7%  22.3 3321s
 9521844 5408016   74.00000   76   47   79.00000   50.00000  36.7%  22.3 3325s
 9535106 5416094   74.00000   65   41   79.00000   50.00000  36.7%  22.3 3330s
 9551402 5425923   76.00000   91   57   79.00000   50.00000  36.7%  22.3 3336s
 9564417 5434062   69.00000   72   52   79.00000   50.00000  36.7%  22.3 3340s
 9577293 5441750   73.00000   74   51   79.00000   50.00000  36.7%  22.3 3345s
 9594174 5451377   76.00000  102   39   79.00000   50.00000  36.7%  22.3 3350s
 9607395 5460085   74.00000   52   44   79.00000   50.00000  36.7%  22.3 3355s
 9620702 5467974   68.00000   62   45   79.00000   50.00000  36.7%  22.3 3360s
 9633870 5476209   68.00000   65   78   79.00000   50.00000  36.7%  22.3 3365s
 9646819 5483921   69.00000   48   66   79.00000   50.00000  36.7%  22.3 3370s
 9663149 5493391   75.00000   58   51   79.00000   50.00000  36.7%  22.3 3375s
 9675992 5501380 infeasible  122        79.00000   50.00000  36.7%  22.3 3380s
 9692480 5511280     cutoff   63        79.00000   50.00000  36.7%  22.3 3385s
 9705520 5519292   70.00000   74   67   79.00000   50.00000  36.7%  22.3 3390s
 9721613 5529344   74.00000   89   35   79.00000   50.00000  36.7%  22.3 3395s
 9734795 5537536   76.00000  105   44   79.00000   50.00000  36.7%  22.3 3400s
 9748098 5545610   75.00000   74   65   79.00000   50.00000  36.7%  22.3 3405s
 9764107 5555217   72.00000   61   52   79.00000   50.00000  36.7%  22.3 3410s
 9777050 5562727 infeasible   67        79.00000   50.00000  36.7%  22.3 3415s
 9793892 5572563   76.00000   67   47   79.00000   50.00000  36.7%  22.3 3421s
 9806480 5580524   50.00000   55   84   79.00000   50.00000  36.7%  22.3 3425s
 9819884 5588127   53.00000   54   82   79.00000   50.00000  36.7%  22.3 3430s
 9836081 5598525   72.00000   67   51   79.00000   50.00000  36.7%  22.3 3436s
 9849157 5606615   78.00000   49   34   79.00000   50.00000  36.7%  22.3 3440s
 9862101 5614150   78.00000   80   41   79.00000   50.00000  36.7%  22.3 3445s
 9878527 5623776   78.00000   92   34   79.00000   50.00000  36.7%  22.3 3450s
 9891609 5631587   78.00000   82   39   79.00000   50.00000  36.7%  22.3 3455s
 9904567 5639359   78.00000   66   48   79.00000   50.00000  36.7%  22.3 3460s
 9921185 5649142   75.00000   84   27   79.00000   50.00000  36.7%  22.3 3465s
 9933954 5656831   77.00000   81   46   79.00000   50.00000  36.7%  22.3 3470s
 9947175 5664498   77.00000  121   19   79.00000   50.00000  36.7%  22.3 3475s
 9963956 5674621   77.00000   83   45   79.00000   50.00000  36.7%  22.3 3480s
 9977206 5682202   67.00000   45   48   79.00000   50.00000  36.7%  22.3 3485s
 9990317 5689607   77.00000   69   37   79.00000   50.00000  36.7%  22.3 3490s
 10006657 5698951   73.00000   74   62   79.00000   50.00000  36.7%  22.3 3496s
 10019469 5706612   63.00000   76   57   79.00000   50.00000  36.7%  22.4 3500s
 10032653 5714093   54.00000   56   77   79.00000   50.00000  36.7%  22.4 3505s
 10048519 5723314 infeasible   72        79.00000   50.00000  36.7%  22.4 3511s
 10061181 5731132   70.00000   71   44   79.00000   50.00000  36.7%  22.4 3515s
 10074623 5739030   71.00000   80   65   79.00000   50.00000  36.7%  22.4 3520s
 10087656 5746095   77.00000   75   45   79.00000   50.00000  36.7%  22.4 3525s
 10100475 5753153   72.00000   52   68   79.00000   50.00000  36.7%  22.4 3530s
 10116496 5761631   78.00000  102   41   79.00000   50.00000  36.7%  22.4 3536s
 10129603 5769131   67.00000   51   35   79.00000   50.00000  36.7%  22.4 3540s
 10142395 5776624   69.00000   58   75   79.00000   50.00000  36.7%  22.4 3545s
 10155903 5784164   67.00000   45   52   79.00000   50.00000  36.7%  22.4 3550s
 10168840 5791210   78.00000   83   66   79.00000   50.00000  36.7%  22.4 3555s
 10181648 5798623   70.00000   50   59   79.00000   50.00000  36.7%  22.4 3560s
 10198666 5808559     cutoff  117        79.00000   50.00000  36.7%  22.4 3565s
 10211898 5816145   72.00000   77   62   79.00000   50.00000  36.7%  22.4 3570s
 10227832 5825044   75.00000   68   54   79.00000   50.00000  36.7%  22.4 3576s
 10240842 5831744   78.00000   80   35   79.00000   50.00000  36.7%  22.4 3580s
 10253510 5839386 infeasible   93        79.00000   50.00000  36.7%  22.4 3585s
 10270440 5849076   78.00000   97   43   79.00000   50.00000  36.7%  22.4 3590s
 10283479 5856455   67.00000   81   52   79.00000   50.00000  36.7%  22.4 3595s
 10296825 5863370   70.00000   85   65   79.00000   50.00000  36.7%  22.4 3600s

Explored 10299714 nodes (230497272 simplex iterations) in 3600.10 seconds (831.23 work units)
Thread count was 32 (of 32 available processors)

Solution count 10: 79 80 81 ... 88

Time limit reached
Best objective 7.900000000000e+01, best bound 5.000000000000e+01, gap 36.7089%
