
Gurobi 13.0.0 (linux64) logging started Wed Nov 26 06:01:47 2025

Set parameter LogFile to value "./Results/StripPacking-CutHeur/Logs/SBL-010-StripPacking-50-0.log"
Set parameter TimeLimit to value 3600
Set parameter Cuts to value 0
Set parameter Presolve to value 1
Set parameter Heuristics to value 0
Set parameter LogToConsole to value 0
Set parameter LPWarmStart to value 2
Gurobi Optimizer version 13.0.0 build v13.0.0rc1 (linux64 - "Debian GNU/Linux 12 (bookworm)")

CPU model: Intel(R) Xeon(R) CPU E5-2630 v3 @ 2.40GHz, instruction set [SSE2|AVX|AVX2]
Thread count: 16 physical cores, 32 logical processors, using up to 32 threads

Non-default parameters:
TimeLimit  3600
LPWarmStart  2
Heuristics  0
Cuts  0
LogToConsole  0
Presolve  1

Optimize a model with 14750 rows, 2551 columns and 49100 nonzeros (Min)
Model fingerprint: 0x1f10acf7
Model has 1 linear objective coefficients
Variable types: 101 continuous, 2450 integer (2450 binary)
Coefficient statistics:
  Matrix range     [1e+00, 1e+04]
  Objective range  [1e+00, 1e+00]
  Bounds range     [1e+00, 1e+04]
  RHS range        [5e-01, 1e+04]

Warning: Completing partial solution with 2450 unfixed non-continuous variables out of 2450
User MIP start produced solution with objective 191.6 (0.02s)
Loaded user MIP start with objective 191.6

Presolve removed 2450 rows and 0 columns
Presolve time: 0.06s
Presolved: 12300 rows, 2551 columns, 41750 nonzeros
Variable types: 101 continuous, 2450 integer (2450 binary)

Root relaxation: objective 3.500000e+01, 2255 iterations, 0.26 seconds (0.18 work units)

    Nodes    |    Current Node    |     Objective Bounds      |     Work
 Expl Unexpl |  Obj  Depth IntInf | Incumbent    BestBd   Gap | It/Node Time

     0     0   35.00000    0  389  191.60000   35.00000  81.7%     -    0s
     0     0   35.00000    0  389  191.60000   35.00000  81.7%     -    0s
     0     0   35.00000    0  350  191.60000   35.00000  81.7%     -    0s
     0     2   35.00000    0  350  191.60000   35.00000  81.7%     -    0s
  1021  1314   56.00000   61  326  191.60000   35.00000  81.7%   125    5s
  4778  4861   37.00000   18  351  191.60000   35.00000  81.7%  66.7   10s
 10209  9221  167.00000  438  408  191.60000   35.00000  81.7%  48.3   15s
 10757  9649   56.00000   30  295  191.60000   35.00000  81.7%  55.3   20s
 12224 10741   57.00000   92  348  191.60000   35.00000  81.7%  60.1   25s
 15035 12723   83.00000  210  267  191.60000   35.00000  81.7%  59.7   30s
 17738 14413  126.00000  309  241  191.60000   35.00000  81.7%  58.8   35s
 19880 15360 infeasible  369       191.60000   35.00000  81.7%  58.9   40s
 23283 17024   90.00000   84  229  191.60000   35.00000  81.7%  58.5   45s
*25509 17568             294     191.0000000   35.00000  81.7%  57.8   48s
 26336 17815   57.00000   24  328  191.00000   35.00000  81.7%  58.0   50s
 29126 19681  108.00000   56  213  191.00000   35.00000  81.7%  58.2   55s
 32064 21552  188.00000  132  197  191.00000   35.00000  81.7%  58.1   60s
 34830 22925  185.00000  183  196  191.00000   35.00000  81.7%  57.6   65s
 39535 25455   50.00000   31  329  191.00000   35.00000  81.7%  55.1   70s
 42514 29140  187.00000  140  112  191.00000   35.00000  81.7%  54.4   75s
 46761 32464  180.00000  173  104  191.00000   35.00000  81.7%  53.6   81s
 49871 35917  165.00000  131  162  191.00000   35.00000  81.7%  53.0   86s
*52761 33768             449     190.0000000   35.00000  81.6%  51.9   88s
 53794 34848   65.00000   30  255  190.00000   35.00000  81.6%  51.8   90s
*54702 32435             442     189.0000000   35.00000  81.5%  51.9   90s
 56538 35369  101.00000  165  175  189.00000   35.00000  81.5%  52.2   95s
 59190 37552  126.00000  271  134  189.00000   35.00000  81.5%  51.9  100s
 63681 40873   59.00000   38  313  189.00000   35.00000  81.5%  50.8  105s
 66959 43697   99.00000   66  253  189.00000   35.00000  81.5%  51.0  111s
 70539 46514   92.00000   58  195  189.00000   35.00000  81.5%  51.1  117s
 73634 49502   66.00000   33  261  189.00000   35.00000  81.5%  51.3  122s
 75419 50829  188.00000   99  141  189.00000   35.00000  81.5%  51.2  125s
 78829 53567   91.00000   65  217  189.00000   35.00000  81.5%  50.7  132s
 82017 56739  139.00000  165  158  189.00000   35.00000  81.5%  50.7  137s
 83821 59446  155.00000  233  136  189.00000   35.00000  81.5%  50.4  140s
 88715 62371   84.00000   53  209  189.00000   35.00000  81.5%  49.7  147s
 92721 65422   95.00000   31  227  189.00000   35.00000  81.5%  49.6  152s
 94723 66698  165.00000  210  123  189.00000   35.00000  81.5%  49.6  155s
 98014 69746  131.00000  113  214  189.00000   35.00000  81.5%  49.6  160s
 101484 72609  139.00000   69  195  189.00000   35.00000  81.5%  49.5  166s
*101586 65951             321     188.0000000   35.00000  81.4%  49.4  166s
 104570 68364  167.00000  121  188  188.00000   35.00000  81.4%  49.4  171s
 107961 70470   87.00000   44  249  188.00000   35.00000  81.4%  49.4  176s
 109094 72191   61.00000   57  379  188.00000   35.00000  81.4%  50.2  180s
 112242 75532   61.00000   73  305  188.00000   35.00000  81.4%  51.4  187s
 114390 77531  113.00000   86  251  188.00000   35.00000  81.4%  51.7  191s
 118729 81254  183.00000  127  203  188.00000   35.00000  81.4%  51.5  197s
 120935 82756  183.00000  150  165  188.00000   35.00000  81.4%  51.1  200s
*121600 76790             504     187.0000000   35.00000  81.3%  51.0  200s
 124590 79094  186.00000  207  124  187.00000   35.00000  81.3%  50.9  206s
 127918 82032  186.00000  251   67  187.00000   35.00000  81.3%  50.9  211s
 130975 86921  137.00000  132  114  187.00000   35.00000  81.3%  51.1  217s
 135899 88202   86.00000   36  240  187.00000   35.00000  81.3%  50.5  220s
 139015 91059  134.00000   87  227  187.00000   35.00000  81.3%  50.7  226s
*140297 84827             392     186.0000000   35.00000  81.2%  50.8  228s
 141361 85739  185.00000  153  195  186.00000   35.00000  81.2%  50.9  231s
 144094 89293  184.00000  210  109  186.00000   35.00000  81.2%  50.9  235s
 147972 91185  157.00000  100  184  186.00000   35.00000  81.2%  50.6  240s
 150456 93652   48.00000   39  435  186.00000   35.00000  81.2%  50.8  246s
 154063 96492  164.00000  153  217  186.00000   35.00000  81.2%  50.6  252s
 155396 97950 infeasible  206       186.00000   35.00000  81.2%  50.6  255s
 158599 100158   94.00000   61  208  186.00000   35.00000  81.2%  50.5  260s
 161692 102542  126.00000  167  208  186.00000   35.00000  81.2%  50.5  265s
 164415 105095  173.00000  234  174  186.00000   35.00000  81.2%  50.6  271s
 167610 107636  173.00000  268  176  186.00000   35.00000  81.2%  50.6  277s
 169308 109184   58.00000   24  284  186.00000   35.00000  81.2%  50.5  280s
 172723 111988   61.00000   30  278  186.00000   35.00000  81.2%  50.5  285s
 176404 116058  179.00000  263   59  186.00000   35.00000  81.2%  50.5  291s
 180471 118347  109.00000   98  157  186.00000   35.00000  81.2%  50.2  295s
 184846 121987  185.00000  138  146  186.00000   35.00000  81.2%  50.0  301s
 188000 125083  159.00000   94  146  186.00000   35.00000  81.2%  49.9  306s
*188907 109032             419     184.0000000   35.00000  81.0%  49.8  306s
 191290 110554  131.00000   82  170  184.00000   35.00000  81.0%  49.7  310s
 194309 113337   88.00000   47  208  184.00000   35.00000  81.0%  49.7  315s
 197902 116727  179.00000  280  103  184.00000   35.00000  81.0%  49.6  320s
*202224 114609             524     183.0000000   35.00000  80.9%  49.3  324s
 203063 115340     cutoff  256       183.00000   35.00000  80.9%  49.4  326s
 206001 118980   96.00000  150  218  183.00000   35.00000  80.9%  49.5  331s
 209767 121684  129.00000  263  166  183.00000   35.00000  80.9%  49.4  335s
 214878 125023 infeasible  415       183.00000   35.00000  80.9%  49.0  340s
*217500 118966             310     181.0000000   35.00000  80.7%  49.0  343s
 218664 119201     cutoff  189       181.00000   35.00000  80.7%  49.0  345s
 221740 121805   86.00000   66  210  181.00000   35.00000  80.7%  49.0  350s
 225273 125439 infeasible  266       181.00000   35.00000  80.7%  49.0  355s
 229888 128686  170.00000  126  144  181.00000   35.00000  80.7%  49.3  362s
 232845 132105   94.00000   95  183  181.00000   35.00000  80.7%  49.6  367s
 234913 133836  146.00000  209  152  181.00000   35.00000  80.7%  49.5  370s
 238870 136512  177.00000  142  100  181.00000   35.00000  80.7%  49.2  375s
 243123 139827  179.00000  174  187  181.00000   35.00000  80.7%  49.1  381s
 246301 142660  115.00000  126  198  181.00000   35.00000  80.7%  49.1  386s
 249673 145234   67.00000   41  297  181.00000   35.00000  80.7%  49.0  390s
 252492 147639 infeasible  224       181.00000   35.00000  80.7%  49.0  395s
 255677 150322  176.00000  185  136  181.00000   35.00000  80.7%  49.0  400s
 259279 153436  122.00000   78  204  181.00000   35.00000  80.7%  48.9  405s
 264374 157305  171.00000  121  139  181.00000   35.00000  80.7%  48.7  411s
 267478 160072  178.00000  210  130  181.00000   35.00000  80.7%  48.7  416s
 270740 162604  101.00000   88  182  181.00000   35.00000  80.7%  48.6  420s
 273908 165519  178.00000  377   26  181.00000   35.00000  80.7%  48.5  425s
 278487 169295  130.00000  135  213  181.00000   35.00000  80.7%  48.6  432s
 281591 172256  161.00000  254  190  181.00000   35.00000  80.7%  48.6  437s
 283328 173613  158.00000  299  135  181.00000   35.00000  80.7%  48.5  440s
 286402 176024  163.00000  359  102  181.00000   35.00000  80.7%  48.5  445s
 289342 178405 infeasible  396       181.00000   35.00000  80.7%  48.5  451s
 292426 181483   81.00000   73  280  181.00000   35.00000  80.7%  48.6  456s
 296176 184608  110.00000  198  162  181.00000   35.00000  80.7%  48.6  461s
 299415 187108  179.00000  307   79  181.00000   35.00000  80.7%  48.5  466s
 302130 189635   81.00000   61  221  181.00000   35.00000  80.7%  48.6  472s
 303890 191247  111.00000   96  198  181.00000   35.00000  80.7%  48.6  475s
 307661 194528  146.00000  230  157  181.00000   35.00000  80.7%  48.6  480s
*309156 180793             482     180.0000000   35.00000  80.6%  48.5  480s
 310562 182967  159.00000  315  113  180.00000   35.00000  80.6%  48.7  486s
 313962 186293  100.00000   76  236  180.00000   35.00000  80.6%  48.7  491s
 317718 189735  133.00000  202  185  180.00000   35.00000  80.6%  48.6  496s
 321761 192878  176.00000  381   49  180.00000   35.00000  80.6%  48.5  501s
 325289 194778  121.00000  132  204  180.00000   35.00000  80.6%  48.4  505s
 328031 197351  177.00000  317   61  180.00000   35.00000  80.6%  48.5  510s
 330786 200071  123.00000   73  211  180.00000   35.00000  80.6%  48.6  515s
 336287 204836   95.00000   48  234  180.00000   35.00000  80.6%  48.6  522s
 339427 207808  169.00000  114  191  180.00000   35.00000  80.6%  48.6  527s
 342620 210396 infeasible  176       180.00000   35.00000  80.6%  48.5  531s
 345962 212644  179.00000  227   73  180.00000   35.00000  80.6%  48.4  536s
 349078 215704  134.00000  109  197  180.00000   35.00000  80.6%  48.5  541s
 353120 218922   68.00000   55  220  180.00000   35.00000  80.6%  48.4  545s
 355863 221108 infeasible  206       180.00000   35.00000  80.6%  48.3  550s
 360261 225135  179.00000  186  122  180.00000   35.00000  80.6%  48.3  557s
 364078 227921  179.00000  209  120  180.00000   35.00000  80.6%  48.2  561s
 367158 230511  163.00000  100  161  180.00000   35.00000  80.6%  48.2  566s
 370487 233260   53.00000   23  256  180.00000   35.00000  80.6%  48.2  571s
 373361 235937  124.00000  101  233  180.00000   35.00000  80.6%  48.3  576s
 378334 239200   35.00000   32  457  180.00000   35.00000  80.6%  48.1  581s
 380816 241739  178.00000  183  188  180.00000   35.00000  80.6%  48.2  585s
 383869 244220   99.00000  101  162  180.00000   35.00000  80.6%  48.2  590s
 387027 247359  122.00000  236  116  180.00000   35.00000  80.6%  48.2  595s
 390228 250589  150.00000  307  102  180.00000   35.00000  80.6%  48.1  600s
 395605 253966  169.00000  414   73  180.00000   35.00000  80.6%  48.0  606s
 398271 256337  179.00000  171  145  180.00000   35.00000  80.6%  48.0  610s
 402669 260027  179.00000  153  134  180.00000   35.00000  80.6%  48.0  617s
 405774 262670  169.00000   89  192  180.00000   35.00000  80.6%  48.0  622s
 409178 265209  131.00000   92  228  180.00000   35.00000  80.6%  48.0  627s
 412454 268330  118.00000   70  186  180.00000   35.00000  80.6%  47.9  632s
 415895 270904   86.00000   41  240  180.00000   35.00000  80.6%  47.8  636s
 419011 273440  179.00000  245   72  180.00000   35.00000  80.6%  47.8  640s
 422147 275992  176.00000  195  126  180.00000   35.00000  80.6%  47.8  645s
 425014 278561   92.00000   70  249  180.00000   35.00000  80.6%  47.9  650s
 428602 281686  139.00000  197  131  180.00000   35.00000  80.6%  47.9  655s
 431569 284312  177.00000  292   40  180.00000   35.00000  80.6%  47.8  660s
 434420 286452  172.00000  136  171  180.00000   35.00000  80.6%  47.8  665s
 438854 290051  178.00000  227  138  180.00000   35.00000  80.6%  47.8  672s
 441763 292279   82.00000   95  191  180.00000   35.00000  80.6%  47.8  676s
 445015 295550  173.00000  393   80  180.00000   35.00000  80.6%  47.9  682s
 446648 297150   72.00000   51  223  180.00000   35.00000  80.6%  47.9  685s
 452163 300451   68.00000   29  288  180.00000   35.00000  80.6%  47.9  690s
 455144 303831  143.00000  102  213  180.00000   35.00000  80.6%  48.0  696s
 457894 306193  179.00000  173  118  180.00000   35.00000  80.6%  47.9  701s
 461010 308286  179.00000  235   71  180.00000   35.00000  80.6%  47.8  705s
 463778 310568  175.00000  115  182  180.00000   35.00000  80.6%  47.8  710s
 466625 312994   85.00000   58  224  180.00000   35.00000  80.6%  47.8  715s
 469807 316259  121.00000  189  158  180.00000   35.00000  80.6%  47.8  720s
 473110 320095  137.00000  293   99  180.00000   35.00000  80.6%  47.7  725s
 479951 323780   35.00000   33  451  180.00000   35.00000  80.6%  47.6  731s
 482291 326308   90.00000  146  189  180.00000   35.00000  80.6%  47.6  735s
 487618 330292 infeasible  320       180.00000   35.00000  80.6%  47.5  741s
 491135 333598  165.00000  404   47  180.00000   35.00000  80.6%  47.6  747s
 494107 336623  179.00000  203  154  180.00000   35.00000  80.6%  47.7  752s
 495947 337965  107.00000   92  189  180.00000   35.00000  80.6%  47.7  755s
 499436 342430  156.00000  205  188  180.00000   35.00000  80.6%  47.7  761s
 504328 344601  136.00000  112  153  180.00000   35.00000  80.6%  47.5  765s
 508909 348486  167.00000  123  136  180.00000   35.00000  80.6%  47.5  771s
 512051 351173   87.00000   82  235  180.00000   35.00000  80.6%  47.4  776s
 515406 353191   67.00000   30  246  180.00000   35.00000  80.6%  47.4  780s
 517928 356289  178.00000   83  188  180.00000   35.00000  80.6%  47.5  785s
 521647 359220  178.00000  157  156  180.00000   35.00000  80.6%  47.5  790s
 524774 361500  178.00000  202  128  180.00000   35.00000  80.6%  47.5  795s
 528154 364726  149.00000  107  157  180.00000   35.00000  80.6%  47.4  800s
 532923 368403   85.00000   60  198  180.00000   35.00000  80.6%  47.4  807s
*533878 314809             430     178.0000000   35.00000  80.3%  47.4  807s
 536005 317379     cutoff  226       178.00000   35.00000  80.3%  47.4  812s
 537623 318515  153.00000   78  180  178.00000   35.00000  80.3%  47.4  815s
 544230 323672   47.00000   35  404  178.00000   35.00000  80.3%  47.3  821s
 547185 326257  173.00000   97  221  178.00000   35.00000  80.3%  47.3  825s
 550187 328874     cutoff  169       178.00000   35.00000  80.3%  47.3  830s
 554684 332089  160.00000  151  173  178.00000   35.00000  80.3%  47.3  836s
 558197 335646   98.00000  107  176  178.00000   35.00000  80.3%  47.3  841s
 561856 338063   53.00000   36  391  178.00000   35.00000  80.3%  47.2  845s
 564730 340974  135.00000  101  201  178.00000   35.00000  80.3%  47.3  850s
 569684 345078  144.00000  295  100  178.00000   35.00000  80.3%  47.2  857s
 572765 347313  105.00000   34  242  178.00000   35.00000  80.3%  47.2  861s
 576003 349828  177.00000  272   79  178.00000   35.00000  80.3%  47.1  866s
 579390 352649  177.00000  167  111  178.00000   35.00000  80.3%  47.1  871s
 582625 355562  171.00000  122  165  178.00000   35.00000  80.3%  47.1  876s
 586469 359062  155.00000  111  168  178.00000   35.00000  80.3%  47.1  881s
 589978 361571   83.00000   39  242  178.00000   35.00000  80.3%  47.1  886s
 592866 364275  169.00000  103  200  178.00000   35.00000  80.3%  47.1  891s
 596220 366484  171.00000  164  190  178.00000   35.00000  80.3%  47.1  895s
 599173 369465  168.00000  122  129  178.00000   35.00000  80.3%  47.1  901s
*601522 349026             312     177.0000000   35.00000  80.2%  47.1  903s
 602589 350196  126.00000   92  169  177.00000   35.00000  80.2%  47.1  906s
 605779 352751   86.00000   39  310  177.00000   35.00000  80.2%  47.1  910s
 609117 355737  122.00000  116  232  177.00000   35.00000  80.2%  47.1  915s
 612380 358143  135.00000  209  186  177.00000   35.00000  80.2%  47.1  920s
 616881 361595   81.00000   68  208  177.00000   35.00000  80.2%  47.1  927s
 619939 364159 infeasible  250       177.00000   35.00000  80.2%  47.1  931s
 622709 366703  142.00000   65  253  177.00000   35.00000  80.2%  47.2  936s
 626245 370042  175.00000  155  140  177.00000   35.00000  80.2%  47.2  942s
 630165 372752  175.00000  221  112  177.00000   35.00000  80.2%  47.1  947s
 633502 375777  118.00000  114  168  177.00000   35.00000  80.2%  47.1  952s
 635246 377083  174.00000  253  117  177.00000   35.00000  80.2%  47.1  955s
 638277 379734  147.00000  151  123  177.00000   35.00000  80.2%  47.1  960s
*641765 362090             547     176.0000000   35.00000  80.1%  47.0  964s
 643052 363075   87.00000   39  265  176.00000   35.00000  80.1%  47.1  967s
 645813 366133  143.00000   91  210  176.00000   35.00000  80.1%  47.2  972s
 647631 367823  172.00000  128  184  176.00000   35.00000  80.1%  47.2  975s
 651289 372100  175.00000  181  145  176.00000   35.00000  80.1%  47.2  980s
 657107 375349   94.00000   54  249  176.00000   35.00000  80.1%  47.1  986s
 660118 377946   99.00000   81  206  176.00000   35.00000  80.1%  47.1  991s
 663338 380477  134.00000   84  181  176.00000   35.00000  80.1%  47.1  996s
 666545 383034   74.00000   56  218  176.00000   35.00000  80.1%  47.1 1002s
 670000 385837 infeasible  261       176.00000   35.00000  80.1%  47.0 1006s
 673517 389005  169.00000  258  133  176.00000   35.00000  80.1%  47.0 1011s
 676831 391474   78.00000   52  273  176.00000   35.00000  80.1%  47.0 1016s
 680107 394335  138.00000  142  119  176.00000   35.00000  80.1%  47.0 1020s
 683250 397266  158.00000  262   83  176.00000   35.00000  80.1%  46.9 1026s
 687330 399972  165.00000   61  216  176.00000   35.00000  80.1%  46.9 1030s
 690080 402498 infeasible  168       176.00000   35.01477  80.1%  46.9 1035s
 692791 404917  174.00000   90  196  176.00000   35.32702  79.9%  46.9 1040s
 697492 408852  175.00000  246  109  176.00000   35.35784  79.9%  46.8 1046s
 700800 411319  111.00000   80  254  176.00000   35.46991  79.8%  46.8 1051s
 703728 414187  175.00000  126  218  176.00000   35.46991  79.8%  46.8 1056s
 707266 416677  175.00000  167  176  176.00000   35.46991  79.8%  46.7 1060s
 710083 419240  175.00000  213  148  176.00000   35.46991  79.8%  46.8 1065s
 713207 422731  175.00000  279   39  176.00000   35.46991  79.8%  46.8 1070s
 718224 425808   61.00000   42  290  176.00000   35.46991  79.8%  46.7 1077s
 720690 429260  134.00000  139  160  176.00000   35.46991  79.8%  46.8 1081s
 724319 431353  125.00000   74  189  176.00000   35.46991  79.8%  46.8 1086s
 727537 434373  137.00000  107  209  176.00000   35.49746  79.8%  46.9 1092s
 729281 435719 infeasible  186       176.00000   35.49746  79.8%  46.8 1095s
 732653 438171  171.00000  167  146  176.00000   35.49746  79.8%  46.8 1101s
 736068 442645  171.00000  159  142  176.00000   35.59322  79.8%  46.8 1106s
 740670 445064   70.00000   83  304  176.00000   35.62879  79.8%  46.8 1111s
 743491 447352  110.00000  146  224  176.00000   35.62879  79.8%  46.8 1115s
 746073 450835  132.00000  240  159  176.00000   35.82583  79.6%  46.8 1120s
 750782 453332  153.00000  133  176  176.00000   35.82583  79.6%  46.7 1125s
 752973 455153  112.00000   58  174  176.00000   36.46448  79.3%  46.7 1130s
 756714 458277   86.00000   64  243  176.00000   36.49296  79.3%  46.8 1136s
 759087 460721  100.00000  134  198  176.00000   36.53953  79.2%  46.9 1141s
 762045 463329     cutoff  238       176.00000   36.53953  79.2%  46.9 1146s
 765146 466155  136.00000  289  144  176.00000   36.96013  79.0%  46.9 1151s
 770620 470110   81.00000   62  233  176.00000   37.00000  79.0%  46.8 1156s
 773838 472839  174.00000  229  104  176.00000   37.00000  79.0%  46.8 1161s
 777612 475807  175.00000  173  162  176.00000   37.00000  79.0%  46.8 1166s
 780353 478105  127.00000  100  152  176.00000   37.00000  79.0%  46.8 1171s
 783261 480298  173.00000  327   49  176.00000   37.00000  79.0%  46.8 1175s
 787689 484461  171.00000  360   84  176.00000   37.00000  79.0%  46.8 1182s
 791389 487521  154.00000  184  175  176.00000   37.00000  79.0%  46.8 1187s
 794531 490290  156.00000  141  141  176.00000   37.00000  79.0%  46.8 1191s
 797777 492750   52.00000   26  319  176.00000   37.00000  79.0%  46.8 1195s
 800960 495339  175.00000  169  118  176.00000   37.00000  79.0%  46.7 1200s
 805409 498936  172.00000  134  148  176.00000   37.00000  79.0%  46.7 1207s
 808505 501569  163.00000   75  166  176.00000   37.00000  79.0%  46.7 1211s
 811426 504028 infeasible  134       176.00000   37.00000  79.0%  46.7 1216s
 816096 507524  175.00000  150  180  176.00000   37.00000  79.0%  46.7 1221s
 818713 509756   86.00000   40  237  176.00000   37.00000  79.0%  46.7 1226s
 821576 512293  109.00000  158  179  176.00000   37.10959  78.9%  46.7 1230s
 825314 515133  137.00000  267  138  176.00000   37.35154  78.8%  46.6 1235s
 828305 518903  154.00000  333  156  176.00000   37.35154  78.8%  46.6 1240s
 832589 522026  150.00000  114  159  176.00000   37.35154  78.8%  46.6 1245s
 836310 525202   76.00000   60  256  176.00000   37.38706  78.8%  46.6 1250s
*841814 493080             364     175.0000000   37.38706  78.6%  46.5 1254s
 842523 494227  116.00000   71  212  175.00000   37.38706  78.6%  46.5 1257s
 845178 496787  155.00000  142  167  175.00000   37.38706  78.6%  46.5 1261s
 849459 499822 infeasible  292       175.00000   37.51552  78.6%  46.5 1265s
 852742 503279   95.00000  144  232  175.00000   37.51552  78.6%  46.5 1272s
 856943 506104  146.00000  241  156  175.00000   37.51552  78.6%  46.5 1276s
 859156 508304  158.00000  303   92  175.00000   37.51552  78.6%  46.5 1280s
 861755 510709  169.00000  364   68  175.00000   37.97852  78.3%  46.6 1285s
 864857 514492  169.00000  203  100  175.00000   37.97852  78.3%  46.6 1290s
 870759 517817   76.00000   35  227  175.00000   38.00000  78.3%  46.5 1297s
 873551 520289  174.00000  193  139  175.00000   38.00000  78.3%  46.5 1301s
 876553 522675  168.00000   91  161  175.00000   38.00000  78.3%  46.5 1306s
 879761 525786  115.00000   67  156  175.00000   38.23004  78.2%  46.5 1311s
 883197 529474   94.00000   46  221  175.00000   38.25148  78.1%  46.5 1316s
 887420 531802  170.00000   84  183  175.00000   38.87234  77.8%  46.5 1320s
 890457 534380  112.00000   65  170  175.00000   38.99275  77.7%  46.5 1325s
*894588 505188             320     174.0000000   39.00000  77.6%  46.5 1330s
 897023 507765  171.00000  175  161  174.00000   39.00000  77.6%  46.5 1335s
 899975 510334   82.00000   66  221  174.00000   39.02247  77.6%  46.5 1340s
 903108 512804  120.00000  161  196  174.00000   39.02247  77.6%  46.5 1345s
 909147 517917  173.00000  175  117  174.00000   39.69291  77.2%  46.4 1351s
 912269 520158  125.00000   78  212  174.00000   40.35031  76.8%  46.4 1356s
 915636 523030 infeasible  273       174.00000   40.78511  76.6%  46.4 1360s
 920395 526626   95.00000   59  224  174.00000   41.00000  76.4%  46.4 1367s
 923253 529358 infeasible  250       174.00000   41.00000  76.4%  46.4 1371s
 926837 532231 infeasible  244       174.00000   41.00000  76.4%  46.3 1376s
 930058 536082  172.00000  137  188  174.00000   41.00000  76.4%  46.3 1381s
 934759 538839  166.00000  185  151  174.00000   41.00000  76.4%  46.3 1385s
 937741 541356   74.00000   41  258  174.00000   42.00000  75.9%  46.3 1390s
 943300 546321  145.00000  239   84  174.00000   42.00000  75.9%  46.2 1396s
 947946 549153     cutoff  375       174.00000   42.00000  75.9%  46.1 1400s
 950741 552316  170.00000  123  156  174.00000   42.00000  75.9%  46.2 1405s
 955071 555911  108.00000   44  279  174.00000   42.00000  75.9%  46.2 1410s
 958661 559414   97.00000   34  280  174.00000   42.00000  75.9%  46.1 1415s
 961995 562799   73.00000   49  271  174.00000   42.00000  75.9%  46.1 1420s
 967179 566036  173.00000  265  130  174.00000   42.00000  75.9%  46.1 1425s
 971167 569578  134.00000  146  157  174.00000   42.00000  75.9%  46.1 1431s
 973943 572066  153.00000  212  133  174.00000   42.00000  75.9%  46.1 1436s
 978289 574946 infeasible  346       174.00000   42.00000  75.9%  46.1 1440s
 980675 577953  173.00000  174  150  174.00000   42.00000  75.9%  46.1 1445s
 986045 581801  173.00000  217  133  174.00000   42.00000  75.9%  46.1 1451s
 988867 584168   92.00000   50  245  174.00000   42.00000  75.9%  46.1 1456s
 992171 587008  168.00000   95  192  174.00000   42.00000  75.9%  46.1 1461s
 995284 589494  173.00000  169  123  174.00000   42.00000  75.9%  46.1 1466s
 998288 591707  109.00000   63  190  174.00000   42.00000  75.9%  46.1 1470s
 1001605 594322  170.00000  308   82  174.00000   42.00000  75.9%  46.1 1475s
 1006107 598167  173.00000  269   74  174.00000   42.00000  75.9%  46.1 1481s
 1009055 600640  160.00000  107  151  174.00000   42.00000  75.9%  46.1 1486s
 1012410 603725   86.00000   40  199  174.00000   42.00000  75.9%  46.1 1491s
 1015946 606025   85.00000   27  175  174.00000   42.00000  75.9%  46.0 1495s
 1018592 608554  107.00000  143  204  174.00000   43.00000  75.3%  46.1 1500s
 1023991 612455  170.00000  260  116  174.00000   43.00000  75.3%  46.0 1505s
 1027227 615083  114.00000   49  186  174.00000   43.00000  75.3%  46.0 1510s
 1030974 618298  170.00000  200  133  174.00000   43.00000  75.3%  46.0 1516s
 1033537 620479  135.00000  115  138  174.00000   43.00000  75.3%  46.0 1521s
 1036643 623010  142.00000   77  140  174.00000   43.00000  75.3%  46.0 1526s
 1039677 625294   60.00000   29  321  174.00000   43.00000  75.3%  46.0 1530s
 1042698 627979  163.00000  163  164  174.00000   43.00000  75.3%  46.0 1535s
 1045789 630628   87.00000   88  201  174.00000   43.00000  75.3%  46.0 1541s
 1049144 633414   75.00000   37  271  174.00000   43.00000  75.3%  46.0 1546s
 1052152 636783  173.00000  228  107  174.00000   43.00000  75.3%  46.0 1551s
 1056181 639322  169.00000  146  164  174.00000   43.00000  75.3%  46.0 1556s
 1059261 641721  169.00000  168  158  174.00000   43.00000  75.3%  46.0 1561s
 1062115 644139  107.00000   79  214  174.00000   43.00000  75.3%  46.0 1567s
 1065179 646956   61.00000   56  245  174.00000   43.00000  75.3%  46.0 1572s
 1066988 648280  160.00000  113  216  174.00000   43.00000  75.3%  46.0 1575s
 1070327 651869  114.00000   75  161  174.00000   43.00000  75.3%  46.0 1580s
 1076072 655551  173.00000  301   98  174.00000   43.00000  75.3%  46.0 1586s
 1078836 657807  134.00000   76  208  174.00000   43.00000  75.3%  46.0 1591s
 1081789 660200  162.00000  126  241  174.00000   43.00000  75.3%  46.1 1596s
 1084907 663038  173.00000  135  150  174.00000   43.00000  75.3%  46.0 1601s
 1088359 665429  169.00000  188  162  174.00000   43.00000  75.3%  46.0 1606s
 1091452 667614  137.00000  105  190  174.00000   43.00000  75.3%  46.0 1610s
 1094083 670485  102.00000   83  223  174.00000   43.00000  75.3%  46.1 1615s
 1097424 673549  167.00000   77  168  174.00000   43.00000  75.3%  46.1 1620s
 1100686 676000   79.00000   45  202  174.00000   43.00000  75.3%  46.1 1625s
 1103978 679103  122.00000  152  111  174.00000   43.00000  75.3%  46.1 1630s
 1108955 682755 infeasible  313       174.00000   43.00000  75.3%  46.1 1637s
 1111758 685299 infeasible  349       174.00000   43.00000  75.3%  46.1 1641s
 1114772 687892  172.00000  149  140  174.00000   43.00000  75.3%  46.1 1646s
 1118126 690178  137.00000   56  160  174.00000   43.00000  75.3%  46.1 1650s
 1121002 692981  173.00000  281   90  174.00000   43.00000  75.3%  46.1 1655s
 1124199 695660  169.00000   89  133  174.00000   43.00000  75.3%  46.1 1660s
 1129261 699575  172.00000  148  122  174.00000   43.00000  75.3%  46.1 1666s
 1131856 701563  116.00000  104  183  174.00000   43.00000  75.3%  46.1 1670s
 1134608 704114   65.00000   45  289  174.00000   43.00000  75.3%  46.1 1675s
 1139876 708500   87.00000   68  289  174.00000   43.00000  75.3%  46.1 1682s
 1142532 710714  120.00000  150  180  174.00000   43.00000  75.3%  46.1 1686s
 1145353 713164  134.00000  245  171  174.00000   43.00000  75.3%  46.1 1691s
 1147980 717471  161.00000  332  122  174.00000   43.00000  75.3%  46.2 1697s
 1152851 719238  173.00000  183  120  174.00000   43.00000  75.3%  46.1 1700s
*1155562 666605             402     173.0000000   43.00000  75.1%  46.1 1704s
 1156524 667226  168.00000  157  145  173.00000   43.00000  75.1%  46.1 1706s
 1160371 670162  172.00000  248   96  173.00000   43.00000  75.1%  46.1 1711s
 1162868 672107  155.00000  124  139  173.00000   43.00000  75.1%  46.1 1715s
 1165427 674906  128.00000   52  206  173.00000   43.00000  75.1%  46.1 1720s
 1168756 677702 infeasible  278       173.00000   43.00000  75.1%  46.1 1725s
 1172703 680694  152.00000  110  184  173.00000   43.00000  75.1%  46.1 1730s
 1175576 683648   74.00000   63  209  173.00000   43.00000  75.1%  46.1 1735s
 1178616 685563   66.00000   33  269  173.00000   43.00000  75.1%  46.1 1740s
 1181486 688160  103.00000   90  181  173.00000   43.00000  75.1%  46.2 1745s
 1184772 690590  129.00000  230  118  173.00000   43.00000  75.1%  46.1 1750s
 1189188 694336 infeasible  324       173.00000   43.00000  75.1%  46.1 1757s
 1192538 696812  171.00000  196  133  173.00000   43.00000  75.1%  46.1 1762s
 1195867 699622  171.00000  164  213  173.00000   43.00000  75.1%  46.1 1766s
 1199018 702474  170.00000  173  145  173.00000   43.00000  75.1%  46.2 1771s
 1202374 705045  166.00000  124  165  173.00000   43.67010  74.8%  46.2 1776s
 1205739 707736  170.00000  153  181  173.00000   43.67010  74.8%  46.1 1781s
 1208810 710183  155.00000   95  157  173.00000   43.67010  74.8%  46.2 1786s
 1212076 713162   99.00000   75  174  173.00000   44.00000  74.6%  46.2 1791s
 1215765 715869   90.00000   50  204  173.00000   44.00000  74.6%  46.1 1796s
 1218704 718424  170.00000  278   60  173.00000   44.00000  74.6%  46.2 1800s
 1222035 721267  172.00000  250   89  173.00000   44.00000  74.6%  46.2 1806s
 1225236 724293  170.00000  152  102  173.00000   44.00000  74.6%  46.2 1812s
 1228697 726980  169.00000   81  179  173.00000   44.00000  74.6%  46.1 1817s
 1230183 728176  171.00000  168  177  173.00000   44.00000  74.6%  46.1 1820s
 1233321 730867  166.00000  149  152  173.00000   44.00000  74.6%  46.1 1826s
 1236462 733614  131.00000   90  224  173.00000   44.00000  74.6%  46.2 1832s
 1238129 735123  166.00000  123  164  173.00000   44.00000  74.6%  46.2 1835s
 1241761 737878 infeasible  192       173.00000   44.00000  74.6%  46.2 1841s
 1245479 740976  171.00000  200  102  173.00000   44.00000  74.6%  46.2 1845s
 1249021 743565  110.00000  112  215  173.00000   44.00000  74.6%  46.2 1851s
 1252096 746120  157.00000  228  152  173.00000   44.00000  74.6%  46.2 1856s
 1253377 747753  157.00000  263  125  173.00000   44.00000  74.6%  46.2 1860s
 1256802 750326   56.00000   38  296  173.00000   44.00000  74.6%  46.2 1866s
 1259236 751902  167.00000  221  138  173.00000   44.00000  74.6%  46.2 1870s
 1262250 755350  161.00000  238   90  173.00000   44.00000  74.6%  46.2 1876s
 1267902 759052  106.00000  102  231  173.00000   45.00000  74.0%  46.1 1880s
 1270765 761451  171.00000  297   93  173.00000   45.00000  74.0%  46.1 1885s
 1273553 764072  171.00000  145  184  173.00000   45.00000  74.0%  46.1 1891s
 1276506 766503   81.00000   41  218  173.00000   45.00000  74.0%  46.1 1896s
 1280161 769430  172.00000  126  155  173.00000   45.00000  74.0%  46.1 1901s
 1283318 772013  172.00000  188  104  173.00000   45.00000  74.0%  46.1 1906s
 1286736 774665   68.00000   45  271  173.00000   45.00000  74.0%  46.1 1912s
 1289961 777555  129.00000  175  195  173.00000   45.00000  74.0%  46.1 1917s
 1291668 778750  140.00000  229  127  173.00000   45.00000  74.0%  46.1 1920s
 1295027 781548     cutoff  323       173.00000   45.00000  74.0%  46.1 1926s
 1298240 784121 infeasible  228       173.00000   45.00000  74.0%  46.1 1932s
 1299901 785314  144.00000   73  220  173.00000   45.00000  74.0%  46.1 1935s
 1303275 787715   85.00000   46  216  173.00000   46.00000  73.4%  46.0 1940s
 1306483 790487  169.00000  216  144  173.00000   46.00000  73.4%  46.0 1945s
 1309837 793042  103.00000   55  196  173.00000   46.00000  73.4%  46.0 1950s
 1313294 795869  172.00000  217  121  173.00000   46.00000  73.4%  46.0 1955s
 1316346 798314 infeasible  213       173.00000   46.00000  73.4%  46.0 1960s
 1319583 801006   92.00000   56  197  173.00000   46.00000  73.4%  46.0 1965s
 1324281 804624  123.00000  106  199  173.00000   46.00000  73.4%  46.0 1972s
 1327584 807564  171.00000  110  160  173.00000   46.00000  73.4%  46.0 1977s
 1331144 809782   91.00000   63  286  173.00000   46.00000  73.4%  46.0 1982s
 1333939 812360  167.00000   91  246  173.00000   46.00000  73.4%  46.0 1987s
 1337124 815446  169.00000  121  197  173.00000   46.00000  73.4%  46.0 1992s
 1340249 818101  169.00000  160  173  173.00000   46.00000  73.4%  46.0 1997s
 1341910 819372  169.00000  180  150  173.00000   46.00000  73.4%  46.0 2000s
 1344989 822135  171.00000  220  126  173.00000   46.00000  73.4%  46.0 2005s
 1348648 825164  163.00000  125  180  173.00000   46.00000  73.4%  46.0 2010s
 1351975 827332   87.00000   46  242  173.00000   46.00000  73.4%  46.0 2015s
 1354750 830204  140.00000  163  166  173.00000   46.00000  73.4%  46.0 2021s
 1359730 833944   75.00000   40  323  173.00000   46.00000  73.4%  45.9 2026s
 1362863 836448  160.00000  169  178  173.00000   46.00000  73.4%  45.9 2031s
 1366305 839726  171.00000  122  122  173.00000   46.00000  73.4%  45.9 2037s
 1369639 842314 infeasible  160       173.00000   46.00000  73.4%  45.9 2042s
 1371156 844183  172.00000   96  179  173.00000   46.00000  73.4%  46.0 2045s
 1374818 846946  163.00000  159  160  173.00000   46.00000  73.4%  46.0 2050s
 1378203 849455   70.00000   38  238  173.00000   46.00000  73.4%  45.9 2055s
 1381211 851688 infeasible  226       173.00000   47.00000  72.8%  45.9 2060s
 1384312 854745  159.00000   76  232  173.00000   47.00000  72.8%  46.0 2066s
 1387789 857653  172.00000  146  171  173.00000   47.00000  72.8%  46.0 2072s
 1389637 858907  172.00000  184  133  173.00000   47.00000  72.8%  46.0 2075s
 1393123 861705   82.00000   93  205  173.00000   47.00000  72.8%  46.0 2081s
 1396425 864769  108.00000  142  233  173.00000   47.00000  72.8%  46.0 2087s
 1398266 866038  138.00000  206  162  173.00000   47.00000  72.8%  46.0 2090s
 1403382 870504   92.00000   46  237  173.00000   47.00000  72.8%  46.0 2097s
 1405265 871749  172.00000  217  137  173.00000   47.00000  72.8%  45.9 2100s
 1408260 874472  135.00000   66  218  173.00000   47.00000  72.8%  46.0 2105s
 1411499 877295  169.00000  123  211  173.00000   47.00000  72.8%  46.0 2110s
 1416902 881028   56.00000   46  303  173.00000   47.00000  72.8%  45.9 2115s
 1421089 884465  115.00000   90  250  173.00000   47.00000  72.8%  45.9 2122s
 1423909 887128  138.00000   41  222  173.00000   47.00000  72.8%  45.9 2126s
 1427043 889740  169.00000  111  181  173.00000   47.00000  72.8%  45.9 2132s
 1430435 892429  162.00000  146  190  173.00000   47.00000  72.8%  45.9 2137s
 1432150 893845   51.00000   29  301  173.00000   47.00000  72.8%  45.9 2140s
 1435666 896715  172.00000  207   82  173.00000   47.00000  72.8%  45.9 2145s
 1438835 899282 infeasible  123       173.00000   47.00000  72.8%  45.9 2150s
 1443401 903136  164.00000   99  171  173.00000   47.00000  72.8%  45.9 2157s
 1446743 905510  171.00000  170  100  173.00000   47.00000  72.8%  45.9 2162s
 1449740 907949 infeasible  166       173.00000   47.00000  72.8%  45.9 2166s
 1452638 910185  130.00000  116  181  173.00000   47.00000  72.8%  45.9 2171s
 1455586 913019  146.00000  100  168  173.00000   47.00000  72.8%  45.9 2177s
 1457349 914532  172.00000  225  125  173.00000   47.00000  72.8%  45.9 2180s
 1460689 916990  138.00000   61  179  173.00000   47.00000  72.8%  45.9 2186s
 1463809 919333  171.00000  126  148  173.00000   47.00000  72.8%  45.9 2192s
 1465213 920939  112.00000   66  214  173.00000   47.00000  72.8%  46.0 2195s
 1468824 923794   65.00000   43  281  173.00000   47.00000  72.8%  46.0 2200s
 1472109 926574  170.00000  236  117  173.00000   47.00000  72.8%  46.0 2205s
 1475320 929204  166.00000  150  174  173.00000   47.00000  72.8%  45.9 2210s
 1478718 931823  172.00000  101  147  173.00000   47.00000  72.8%  45.9 2215s
 1482376 934641 infeasible  206       173.00000   47.00000  72.8%  45.9 2220s
 1486141 937660  157.00000  208  142  173.00000   47.00000  72.8%  45.9 2225s
 1490743 941430  143.00000  107  159  173.00000   48.00000  72.3%  45.9 2231s
 1493704 943765  172.00000  336   16  173.00000   48.00000  72.3%  45.9 2235s
 1496385 946169     cutoff  180       173.00000   48.00000  72.3%  45.9 2241s
 1499639 948725  140.00000  117  165  173.00000   48.00000  72.3%  45.9 2246s
 1502770 951252  144.00000   52  162  173.00000   48.00000  72.3%  45.9 2251s
 1505798 953954   96.00000   36  268  173.00000   48.00000  72.3%  45.9 2256s
 1508946 956336   75.00000   39  240  173.00000   48.00000  72.3%  45.9 2261s
 1512117 958718   72.00000   25  207  173.00000   48.00000  72.3%  45.9 2266s
 1515200 961199   56.00000   27  367  173.00000   48.00000  72.3%  45.9 2271s
 1518345 964065  171.00000  257   89  173.00000   48.00000  72.3%  45.9 2276s
 1521892 966741  160.00000  202   99  173.00000   48.00000  72.3%  45.9 2281s
 1524956 969370  154.00000  147  176  173.00000   48.00000  72.3%  45.9 2285s
 1528248 971895  138.00000   95  142  173.00000   48.00000  72.3%  45.9 2290s
 1531224 974579  113.00000   60  204  173.00000   48.00000  72.3%  45.9 2295s
 1534399 977166 infeasible  275       173.00000   48.00000  72.3%  45.9 2300s
 1537339 979341  172.00000  218   81  173.00000   48.00000  72.3%  45.9 2306s
 1540214 982146  114.00000   93  198  173.00000   48.00000  72.3%  46.0 2311s
 1544127 985854  147.00000  261   73  173.00000   48.00000  72.3%  45.9 2317s
 1546733 987265 infeasible  401       173.00000   48.00000  72.3%  45.9 2320s
 1550203 989877  172.00000  219  109  173.00000   48.00000  72.3%  45.9 2325s
 1554291 993412  128.00000  181  167  173.00000   48.00000  72.3%  45.9 2332s
 1557227 995965  172.00000  259  119  173.00000   48.00000  72.3%  45.9 2336s
 1560125 999333  145.00000  322  102  173.00000   48.00000  72.3%  45.9 2341s
 1564719 1001977  139.00000   94  185  173.00000   48.00000  72.3%  45.9 2345s
 1567838 1004497  124.00000   59  146  173.00000   48.00000  72.3%  45.9 2350s
 1571247 1007070  153.00000  115  106  173.00000   48.00000  72.3%  45.9 2355s
 1574756 1009707  115.00000   59  194  173.00000   48.00000  72.3%  45.9 2361s
 1577808 1012073  104.00000   38  246  173.00000   48.00000  72.3%  45.9 2366s
 1580833 1014509   90.00000   51  217  173.00000   48.00000  72.3%  45.9 2371s
 1583610 1017344  140.00000  140  174  173.00000   48.00000  72.3%  45.9 2376s
 1586989 1020262  170.00000  258   56  173.00000   48.00000  72.3%  45.9 2381s
 1590085 1022570  163.00000  205  161  173.00000   48.00000  72.3%  45.9 2387s
 1591377 1023752  129.00000   76  209  173.00000   48.00000  72.3%  45.9 2390s
 1594821 1026648  156.00000   86  176  173.00000   48.00000  72.3%  45.9 2395s
 1598536 1029533  103.00000   60  186  173.00000   48.00000  72.3%  45.9 2401s
 1602128 1032269   82.00000   41  300  173.00000   48.00000  72.3%  45.9 2406s
 1605613 1035457  171.00000  153  170  173.00000   48.00000  72.3%  45.9 2412s
 1607401 1036798 infeasible  290       173.00000   48.00000  72.3%  45.9 2415s
 1610619 1040264  172.00000  227  126  173.00000   48.00000  72.3%  45.9 2420s
 1614986 1042751   98.00000  122  285  173.00000   48.00000  72.3%  46.0 2425s
 1618755 1047731  136.00000  228  186  173.00000   48.00000  72.3%  46.0 2431s
 1624112 1050446 infeasible  392       173.00000   48.00000  72.3%  45.9 2436s
 1626658 1052580  151.00000   94  160  173.00000   48.00000  72.3%  45.9 2440s
 1630619 1055943  171.00000  210  140  173.00000   48.00000  72.3%  45.9 2446s
 1633607 1058754   95.00000   85  222  173.00000   48.00000  72.3%  45.9 2451s
 1637065 1061600  103.00000   41  203  173.00000   48.00000  72.3%  45.9 2456s
 1640598 1064291   89.00000   53  218  173.00000   48.00000  72.3%  45.9 2461s
 1643889 1066734  101.00000   48  221  173.00000   48.00000  72.3%  45.9 2467s
 1646969 1069156  167.00000  245  127  173.00000   48.00000  72.3%  45.9 2472s
 1649983 1071700  172.00000  164  156  173.00000   48.00000  72.3%  45.9 2477s
 1651410 1073098   99.00000   34  250  173.00000   48.00000  72.3%  45.9 2480s
 1654595 1075939  171.00000  212   98  173.00000   48.00000  72.3%  45.9 2485s
 1657933 1078872  172.00000  203  161  173.00000   48.00000  72.3%  45.9 2490s
 1661377 1081032  170.00000  137  211  173.00000   48.00000  72.3%  45.9 2496s
 1664272 1083953  160.00000  147  180  173.00000   48.00000  72.3%  45.9 2501s
 1668503 1087307  165.00000   99  124  173.00000   48.00000  72.3%  45.9 2505s
 1671784 1089747  171.00000   93  187  173.00000   48.00000  72.3%  45.9 2510s
 1674992 1092272  140.00000   95  146  173.00000   48.00000  72.3%  45.9 2515s
 1678325 1095304  105.00000   90  228  173.00000   48.00000  72.3%  45.9 2520s
 1681740 1097713  127.00000  228  167  173.00000   49.00000  71.7%  45.9 2525s
 1684614 1100140  142.00000  298  150  173.00000   49.00000  71.7%  45.9 2530s
 1687606 1103012  151.00000  372   80  173.00000   49.00000  71.7%  45.9 2536s
 1691126 1105989 infeasible  413       173.00000   49.00000  71.7%  45.9 2542s
 1695793 1109399  163.00000   99  164  173.00000   49.00000  71.7%  45.9 2547s
 1697378 1110955  172.00000  240  105  173.00000   49.00000  71.7%  45.9 2550s
 1700856 1113508  169.00000  128  107  173.00000   49.00000  71.7%  45.8 2555s
 1704056 1115938   72.00000   39  232  173.00000   49.00000  71.7%  45.8 2560s
 1707330 1119158  120.00000  123  170  173.00000   49.00000  71.7%  45.9 2565s
 1710713 1122911  151.00000  242  100  173.00000   49.00000  71.7%  45.8 2571s
 1714722 1124914  116.00000   69  165  173.00000   49.00000  71.7%  45.8 2575s
 1717383 1127363   83.00000   45  218  173.00000   49.00000  71.7%  45.8 2580s
 1720550 1130343  170.00000   87  226  173.00000   49.00000  71.7%  45.9 2586s
 1725132 1133304   96.00000   38  251  173.00000   49.00000  71.7%  45.8 2591s
 1727312 1135622  146.00000   52  222  173.00000   49.00000  71.7%  45.9 2595s
 1730356 1138888  160.00000   75  211  173.00000   49.00000  71.7%  45.9 2601s
 1733888 1142054     cutoff  110       173.00000   49.00000  71.7%  45.9 2606s
 1737640 1145722  171.00000  154  221  173.00000   49.00000  71.7%  45.9 2611s
 1742471 1148510  171.00000  212  129  173.00000   49.00000  71.7%  45.8 2617s
 1746324 1151035  171.00000  163  145  173.00000   49.00000  71.7%  45.8 2622s
 1747978 1152394   51.00000   39  415  173.00000   49.00000  71.7%  45.8 2625s
 1751218 1155159  170.00000  113  151  173.00000   49.00000  71.7%  45.8 2630s
 1754648 1157591   95.00000   61  232  173.00000   49.00000  71.7%  45.8 2635s
 1757782 1160313   72.00000   58  287  173.00000   49.00000  71.7%  45.8 2640s
 1760853 1162478   87.00000   37  267  173.00000   49.00000  71.7%  45.8 2645s
 1763576 1165497  120.00000  148  164  173.00000   49.00000  71.7%  45.8 2650s
 1767154 1168309  130.00000  227  170  173.00000   49.00000  71.7%  45.8 2656s
 1770272 1170675  150.00000  270  177  173.00000   49.00000  71.7%  45.8 2662s
 1771861 1172159   57.00000   32  330  173.00000   49.00000  71.7%  45.8 2665s
 1777055 1175864  125.00000   55  219  173.00000   49.00000  71.7%  45.8 2670s
 1780196 1178500   59.00000   33  361  173.00000   49.00000  71.7%  45.8 2675s
 1783161 1181190     cutoff  186       173.00000   49.00000  71.7%  45.8 2680s
 1786442 1183553  170.00000  182  153  173.00000   49.00000  71.7%  45.8 2685s
 1789576 1186214  171.00000  183  196  173.00000   49.00000  71.7%  45.8 2690s
 1792971 1188558  140.00000   87  207  173.00000   49.00000  71.7%  45.8 2695s
 1797699 1192601  142.00000  118  188  173.00000   49.00000  71.7%  45.8 2702s
 1800736 1195257   74.00000   72  262  173.00000   49.00000  71.7%  45.8 2706s
 1804092 1198022  169.00000   92  214  173.00000   49.00000  71.7%  45.8 2711s
 1807420 1200324   87.00000   82  258  173.00000   49.00000  71.7%  45.8 2716s
 1810565 1202782  172.00000  257   92  173.00000   49.00000  71.7%  45.8 2721s
 1813477 1205966  158.00000  188  107  173.00000   49.00000  71.7%  45.8 2726s
 1817044 1208597  160.00000   85  152  173.00000   49.00000  71.7%  45.8 2731s
 1820164 1211083  167.00000  135  157  173.00000   49.00000  71.7%  45.8 2736s
 1823348 1213516  132.00000  105  192  173.00000   49.00000  71.7%  45.8 2741s
 1826588 1216434  143.00000   70  148  173.00000   49.00000  71.7%  45.8 2747s
 1829734 1218713   60.00000   37  316  173.00000   49.00000  71.7%  45.8 2752s
 1833134 1221384  172.00000  238   54  173.00000   49.00000  71.7%  45.8 2756s
 1836459 1223791  172.00000  164  131  173.00000   49.00000  71.7%  45.7 2761s
 1839426 1226513   77.00000   71  266  173.00000   49.00000  71.7%  45.8 2766s
 1842825 1229439  125.00000  180  166  173.00000   49.00000  71.7%  45.8 2771s
 1846024 1232123  165.00000   86  168  173.00000   49.00000  71.7%  45.8 2776s
 1849472 1234877 infeasible  277       173.00000   49.00000  71.7%  45.7 2780s
 1854342 1239028  141.00000   96  181  173.00000   49.00000  71.7%  45.7 2786s
 1858323 1241873  147.00000   81  137  173.00000   49.00000  71.7%  45.7 2790s
 1862429 1245524  172.00000  191  133  173.00000   50.00000  71.1%  45.7 2796s
 1865409 1247816  136.00000   91  177  173.00000   50.00000  71.1%  45.7 2801s
 1870360 1251406  136.00000  119  161  173.00000   50.00000  71.1%  45.7 2806s
 1873755 1254333   66.00000   46  253  173.00000   50.00000  71.1%  45.7 2811s
 1876291 1256924  110.00000  112  213  173.00000   50.00000  71.1%  45.7 2815s
 1879193 1260657  127.00000  202  172  173.00000   50.00000  71.1%  45.7 2820s
 1884331 1263450   86.00000   56  202  173.00000   50.00000  71.1%  45.7 2826s
 1886937 1265743     cutoff  264       173.00000   50.00000  71.1%  45.7 2830s
 1891630 1269491 infeasible  309       173.00000   50.00000  71.1%  45.7 2836s
 1894655 1271981  167.00000  198  147  173.00000   50.00000  71.1%  45.7 2841s
 1897784 1274466  148.00000   72  246  173.00000   50.00000  71.1%  45.7 2845s
 1901140 1277014  155.00000   86  191  173.00000   50.00000  71.1%  45.7 2850s
 1905815 1280765   63.00000   36  370  173.00000   50.00000  71.1%  45.7 2857s
 1908898 1283328  120.00000   76  278  173.00000   50.00000  71.1%  45.7 2862s
 1911968 1285946  171.00000  149  187  173.00000   50.00000  71.1%  45.7 2867s
 1913699 1287357  171.00000  191  146  173.00000   50.00000  71.1%  45.7 2870s
 1917208 1290152  166.00000  178  147  173.00000   50.00000  71.1%  45.7 2875s
 1920681 1292942  165.00000   93  143  173.00000   50.00000  71.1%  45.7 2880s
 1923835 1295415  171.00000  152  150  173.00000   50.00000  71.1%  45.7 2885s
 1927234 1298077  170.00000  154  200  173.00000   50.00000  71.1%  45.7 2890s
 1930744 1301072  132.00000   97  172  173.00000   50.00000  71.1%  45.7 2895s
 1935438 1304512  171.00000  165  147  173.00000   50.00000  71.1%  45.7 2901s
 1938332 1307529  172.00000  158  125  173.00000   50.00000  71.1%  45.7 2907s
 1940078 1309006   71.00000   58  243  173.00000   50.00000  71.1%  45.7 2910s
 1943361 1311403  109.00000   74  185  173.00000   50.00000  71.1%  45.7 2916s
*1944035 1176517             308     172.0000000   50.00000  70.9%  45.7 2916s
 1945922 1178874  162.00000  162  213  172.00000   50.00000  70.9%  45.7 2922s
 1949347 1181715  167.00000  307   59  172.00000   50.00000  70.9%  45.7 2927s
 1950861 1183638  169.00000  357   31  172.00000   50.00000  70.9%  45.7 2930s
 1955059 1186209  168.00000  163  168  172.00000   50.00000  70.9%  45.7 2935s
 1957962 1189449  164.00000  113  191  172.00000   50.00000  70.9%  45.7 2941s
 1961852 1191625  170.00000  136  189  172.00000   50.00000  70.9%  45.7 2945s
 1964590 1193836  122.00000   82  177  172.00000   50.00000  70.9%  45.7 2950s
 1967514 1196449  157.00000   56  171  172.00000   50.00000  70.9%  45.7 2956s
 1970614 1198893  171.00000  291   28  172.00000   50.00000  70.9%  45.7 2961s
 1973706 1201631  167.00000  164  143  172.00000   50.00000  70.9%  45.7 2966s
 1976917 1204254  155.00000   87  135  172.00000   50.00000  70.9%  45.7 2972s
 1980196 1206703  138.00000   86  174  172.00000   50.00000  70.9%  45.7 2977s
*1982367 1121124             263     171.0000000   50.00000  70.8%  45.7 2980s
 1984790 1123503  170.00000  141  126  171.00000   50.00000  70.8%  45.7 2985s
 1988297 1126395  167.00000  150  174  171.00000   50.00000  70.8%  45.7 2990s
 1993173 1129971   67.00000   33  277  171.00000   50.00000  70.8%  45.7 2997s
 1995853 1132808   94.00000  111  269  171.00000   50.00000  70.8%  45.7 3002s
 1998888 1135286  117.00000  181  257  171.00000   50.00000  70.8%  45.7 3006s
 2001781 1137668  133.00000  232  191  171.00000   50.00000  70.8%  45.7 3012s
 2004700 1140355  142.00000  283  154  171.00000   50.00000  70.8%  45.7 3017s
 2006257 1141662   56.00000   34  339  171.00000   50.00000  70.8%  45.7 3021s
 2009495 1144662  170.00000  208  148  171.00000   50.00000  70.8%  45.7 3028s
 2011281 1146556   94.00000   49  251  171.00000   50.00000  70.8%  45.7 3030s
 2015314 1149345  159.00000   91  246  171.00000   50.00000  70.8%  45.7 3036s
 2018470 1151949  163.00000  122  248  171.00000   50.00000  70.8%  45.7 3041s
 2022203 1154666   75.00000   56  255  171.00000   50.00000  70.8%  45.7 3047s
 2023686 1156065  163.00000  144  151  171.00000   50.00000  70.8%  45.7 3050s
 2026992 1158381  164.00000   64  210  171.00000   50.00000  70.8%  45.8 3055s
 2030050 1161717  168.00000  174  194  171.00000   50.00000  70.8%  45.8 3061s
 2033993 1166228   63.00000   39  240  171.00000   50.00000  70.8%  45.8 3066s
 2039407 1168865   60.00000   40  284  171.00000   50.00000  70.8%  45.7 3072s
 2041154 1170658   93.00000   59  238  171.00000   50.00000  70.8%  45.8 3075s
 2045049 1173756  169.00000  133  160  171.00000   50.00000  70.8%  45.8 3081s
 2049941 1176963 infeasible  236       171.00000   50.00000  70.8%  45.7 3086s
 2052527 1180051  156.00000   88  171  171.00000   50.00000  70.8%  45.8 3091s
 2055979 1183969  167.00000  162  177  171.00000   50.00000  70.8%  45.7 3096s
 2060443 1186567  161.00000  106  179  171.00000   50.00000  70.8%  45.7 3101s
 2064006 1189599   94.00000  117  228  171.00000   50.00000  70.8%  45.8 3107s
 2067922 1192614  133.00000  295  132  171.00000   50.00000  70.8%  45.8 3112s
 2069449 1195622  140.00000  353  102  171.00000   50.00000  70.8%  45.8 3115s
 2075954 1198770  169.00000  168  139  171.00000   50.00000  70.8%  45.7 3121s
 2079213 1201349  170.00000  112  168  171.00000   50.00000  70.8%  45.7 3126s
 2082329 1203791  127.00000   70  196  171.00000   50.00000  70.8%  45.7 3130s
 2085427 1206442   61.00000   37  364  171.00000   50.00000  70.8%  45.7 3136s
 2088575 1209205  167.00000  180  148  171.00000   50.00000  70.8%  45.7 3140s
 2092088 1211861  168.00000  185  136  171.00000   50.00000  70.8%  45.7 3145s
 2095354 1214469  152.00000  130  139  171.00000   50.00000  70.8%  45.7 3150s
 2098713 1216909  150.00000  122  158  171.00000   50.00000  70.8%  45.7 3155s
 2101680 1219892  104.00000   68  200  171.00000   50.00000  70.8%  45.7 3160s
 2106229 1223500  168.00000  185  140  171.00000   50.00000  70.8%  45.7 3167s
 2109350 1225938 infeasible  178       171.00000   50.00000  70.8%  45.7 3172s
 2112385 1228314  133.00000  110  216  171.00000   50.00000  70.8%  45.7 3177s
 2114059 1229689  158.00000  169  158  171.00000   50.00000  70.8%  45.7 3180s
 2117681 1232604  165.00000  204  152  171.00000   50.00000  70.8%  45.7 3186s
 2120648 1235169  110.00000   99  190  171.00000   50.00000  70.8%  45.7 3191s
 2123628 1237853  114.00000  161  204  171.00000   50.00000  70.8%  45.7 3196s
 2126842 1240469  143.00000  323   68  171.00000   50.00000  70.8%  45.7 3201s
 2129831 1242906 infeasible  403       171.00000   50.00000  70.8%  45.7 3207s
 2131348 1244280  144.00000   75  175  171.00000   50.00000  70.8%  45.7 3210s
 2134956 1247013  166.00000  106  160  171.00000   50.00000  70.8%  45.7 3215s
 2138344 1249874  169.00000  156  182  171.00000   50.00000  70.8%  45.7 3220s
 2141674 1252569  169.00000  188  140  171.00000   50.00000  70.8%  45.7 3225s
 2144825 1255144   71.00000   53  292  171.00000   50.00000  70.8%  45.8 3230s
 2147933 1257602  170.00000  231   97  171.00000   50.00000  70.8%  45.7 3235s
 2150744 1260236   99.00000   89  176  171.00000   50.00000  70.8%  45.8 3240s
 2156780 1264837 infeasible  257       171.00000   50.00000  70.8%  45.8 3246s
 2159317 1267252  125.00000  114  195  171.00000   50.00000  70.8%  45.8 3251s
 2162138 1269445   98.00000   74  215  171.00000   50.00000  70.8%  45.8 3255s
 2165200 1271770   71.00000   51  319  171.00000   50.00000  70.8%  45.8 3260s
 2168326 1275848  131.00000  104  200  171.00000   50.00000  70.8%  45.8 3265s
 2172636 1278224  169.00000  172  113  171.00000   50.00000  70.8%  45.8 3270s
 2177190 1281378  139.00000   63  167  171.00000   50.00000  70.8%  45.8 3276s
 2179819 1283974   84.00000   55  228  171.00000   50.00000  70.8%  45.8 3280s
 2183223 1286846  170.00000  217  142  171.00000   50.00000  70.8%  45.8 3285s
 2186363 1289438  110.00000   90  199  171.00000   50.00000  70.8%  45.8 3290s
 2191214 1293450  151.00000   87  214  171.00000   50.00000  70.8%  45.8 3297s
 2194431 1295697  156.00000   94  208  171.00000   50.00000  70.8%  45.8 3301s
 2197232 1298258   99.00000   59  256  171.00000   50.00000  70.8%  45.8 3306s
 2201004 1301522   56.00000   37  241  171.00000   50.00000  70.8%  45.8 3310s
 2204894 1304680  138.00000  176  136  171.00000   50.00000  70.8%  45.8 3315s
 2209576 1308489     cutoff  306       171.00000   50.00000  70.8%  45.8 3322s
 2212856 1311627  150.00000  133  180  171.00000   50.00000  70.8%  45.8 3327s
 2214849 1314203  170.00000  283   71  171.00000   50.00000  70.8%  45.8 3330s
 2219200 1316216  168.00000  127  167  171.00000   50.00000  70.8%  45.8 3335s
 2221900 1318565  117.00000   72  204  171.00000   50.00000  70.8%  45.8 3340s
 2225057 1321145 infeasible  217       171.00000   50.00000  70.8%  45.7 3345s
 2227910 1323477  116.00000  125  171  171.00000   51.00000  70.2%  45.7 3350s
 2231047 1325995  131.00000  212  166  171.00000   51.00000  70.2%  45.7 3355s
 2234221 1329473  149.00000  286  108  171.00000   51.00000  70.2%  45.7 3360s
 2239784 1332581  113.00000   67  144  171.00000   51.00000  70.2%  45.7 3366s
 2242602 1334927  112.00000   68  209  171.00000   51.00000  70.2%  45.7 3370s
 2245640 1337482  133.00000   84  175  171.00000   51.00000  70.2%  45.7 3375s
 2250807 1341762  170.00000  234  126  171.00000   51.00000  70.2%  45.7 3381s
 2254343 1344354   93.00000   76  163  171.00000   51.00000  70.2%  45.7 3385s
 2258896 1348965  132.00000  104  166  171.00000   51.00000  70.2%  45.7 3392s
 2262375 1353365  164.00000  100  179  171.00000   51.00000  70.2%  45.7 3396s
 2268731 1356272 infeasible  236       171.00000   51.00000  70.2%  45.6 3401s
 2271263 1359023 infeasible  140       171.00000   51.00000  70.2%  45.6 3405s
 2276244 1362442 infeasible  246       171.00000   51.00000  70.2%  45.6 3410s
 2281094 1366675   96.00000   63  183  171.00000   51.00000  70.2%  45.6 3416s
 2284608 1369505  142.00000   69  115  171.00000   51.00000  70.2%  45.6 3420s
 2289058 1373531  165.00000  120  207  171.00000   51.00000  70.2%  45.6 3426s
 2292457 1376364  170.00000  162  121  171.00000   51.00000  70.2%  45.6 3430s
 2297316 1380611  168.00000  265   65  171.00000   51.00000  70.2%  45.5 3436s
 2301334 1383040  170.00000  264  100  171.00000   51.00000  70.2%  45.5 3440s
 2305517 1386803   94.00000  155  186  171.00000   51.00000  70.2%  45.5 3445s
 2311615 1391440 infeasible  267       171.00000   51.00000  70.2%  45.5 3451s
 2314162 1394200  161.00000   93  195  171.00000   51.00000  70.2%  45.5 3455s
 2320259 1398407  102.00000   60  222  171.00000   51.00000  70.2%  45.4 3460s
 2323990 1401928  170.00000  144  163  171.00000   51.00000  70.2%  45.4 3466s
 2328287 1405208 infeasible  211       171.00000   51.00000  70.2%  45.4 3471s
 2330897 1407166  132.00000   62  176  171.00000   51.00000  70.2%  45.4 3475s
 2335296 1411142  167.00000  146  145  171.00000   51.00000  70.2%  45.4 3481s
 2338877 1413766  169.00000  217   57  171.00000   51.00000  70.2%  45.4 3485s
 2343403 1417504  103.00000  140  169  171.00000   51.00000  70.2%  45.4 3492s
 2346498 1420195  125.00000  241  130  171.00000   51.00000  70.2%  45.4 3496s
 2349660 1422833  121.00000   89  131  171.00000   51.00000  70.2%  45.3 3501s
 2352962 1425818  155.00000  223   87  171.00000   51.00000  70.2%  45.3 3505s
 2356197 1428199   92.00000   50  212  171.00000   51.00000  70.2%  45.3 3510s
 2361291 1432269  119.00000   59  184  171.00000   51.00000  70.2%  45.3 3516s
 2364611 1434851   65.00000   71  248  171.00000   51.00000  70.2%  45.3 3520s
 2367796 1437724   56.00000   35  262  171.00000   51.00000  70.2%  45.3 3525s
 2372929 1441614  165.00000  214  153  171.00000   51.00000  70.2%  45.3 3532s
 2376051 1444427  146.00000  135  151  171.00000   51.00000  70.2%  45.3 3536s
 2379645 1447115  165.00000   65  153  171.00000   51.00000  70.2%  45.3 3540s
 2383024 1450290  170.00000  148  116  171.00000   51.00000  70.2%  45.3 3545s
 2388301 1454126  167.00000  152  163  171.00000   51.00000  70.2%  45.2 3552s
 2391812 1456501  167.00000  110  148  171.00000   51.00000  70.2%  45.2 3556s
 2394696 1459378  151.00000  102  188  171.00000   51.00000  70.2%  45.2 3560s
 2399623 1463420  153.00000   71  170  171.00000   51.00000  70.2%  45.2 3567s
 2401184 1464843  170.00000  173  137  171.00000   51.00000  70.2%  45.2 3570s
 2404397 1468593  158.00000  178  128  171.00000   51.00000  70.2%  45.2 3575s
 2410569 1472466  101.00000  106  176  171.00000   51.00000  70.2%  45.2 3581s
 2413599 1474908  123.00000   88  162  171.00000   51.00000  70.2%  45.2 3585s
 2418272 1478686  142.00000   94  233  171.00000   51.00000  70.2%  45.2 3591s
 2421261 1481505  170.00000  143  225  171.00000   51.00000  70.2%  45.2 3596s
 2424737 1483768  170.00000  199  159  171.00000   51.00000  70.2%  45.1 3600s

Explored 2425960 nodes (109525422 simplex iterations) in 3600.04 seconds (1980.16 work units)
Thread count was 32 (of 32 available processors)

Solution count 10: 171 172 173 ... 181

Time limit reached
Best objective 1.710000000000e+02, best bound 5.100000000000e+01, gap 70.1754%
