
Gurobi 13.0.0 (linux64) logging started Tue Nov 25 06:59:26 2025

Set parameter LogFile to value "./Results/StripPacking-CutHeur/Logs/SBM-010-StripPacking-25-0.log"
Set parameter TimeLimit to value 3600
Set parameter Cuts to value 0
Set parameter Presolve to value 1
Set parameter Heuristics to value 0
Set parameter LogToConsole to value 0
Set parameter LPWarmStart to value 2
Gurobi Optimizer version 13.0.0 build v13.0.0rc1 (linux64 - "Debian GNU/Linux 12 (bookworm)")

CPU model: Intel(R) Xeon(R) CPU E5-2630 v3 @ 2.40GHz, instruction set [SSE2|AVX|AVX2]
Thread count: 16 physical cores, 32 logical processors, using up to 32 threads

Non-default parameters:
TimeLimit  3600
LPWarmStart  2
Heuristics  0
Cuts  0
LogToConsole  0
Presolve  1

Optimize a model with 5425 rows, 951 columns and 16250 nonzeros (Min)
Model fingerprint: 0x2251ab3b
Model has 1 linear objective coefficients
Variable types: 351 continuous, 600 integer (600 binary)
Coefficient statistics:
  Matrix range     [1e+00, 1e+04]
  Objective range  [1e+00, 1e+00]
  Bounds range     [1e+00, 1e+04]
  RHS range        [1e+00, 1e+04]

Warning: Completing partial solution with 600 unfixed non-continuous variables out of 600
User MIP start produced solution with objective 106.2 (0.01s)
User MIP start produced solution with objective 106.2 (0.01s)
Loaded user MIP start with objective 106.2

Presolve removed 1500 rows and 0 columns
Presolve time: 0.04s
Presolved: 3925 rows, 951 columns, 12350 nonzeros
Variable types: 351 continuous, 600 integer (600 binary)

Root relaxation: objective 3.400000e+01, 493 iterations, 0.03 seconds (0.02 work units)

    Nodes    |    Current Node    |     Objective Bounds      |     Work
 Expl Unexpl |  Obj  Depth IntInf | Incumbent    BestBd   Gap | It/Node Time

     0     0   34.00000    0   74  106.20000   34.00000  68.0%     -    0s
     0     0   34.00000    0   74  106.20000   34.00000  68.0%     -    0s
     0     0   34.00000    0   73  106.20000   34.00000  68.0%     -    0s
     0     2   34.00000    0   73  106.20000   34.00000  68.0%     -    0s
* 2278  2442             190      94.0000000   34.00000  63.8%  22.4    1s
  6868  6231   53.00000   53   86   94.00000   34.00000  63.8%  26.3    5s
* 7256  5882             122      93.0000000   34.00000  63.4%  27.3    5s
* 7484  5603             121      92.0000000   34.00000  63.0%  27.3    5s
* 8252  5667             141      91.0000000   34.00000  62.6%  28.2    5s
*10084  6379             128      90.0000000   34.00000  62.2%  30.9    7s
*10377  6094             152      89.0000000   34.00000  61.8%  30.7    7s
*13407  7303             131      88.0000000   34.00000  61.4%  31.8    9s
*14100  7015             128      87.0000000   34.00000  60.9%  31.8    9s
 14278  7794   54.00000   49   86   87.00000   34.00000  60.9%  31.7   10s
*17341  9504             124      86.0000000   34.00000  60.5%  31.9   11s
*18335  9990             118      85.0000000   34.00000  60.0%  32.1   12s
*21007 11533             104      84.0000000   34.00000  59.5%  32.6   13s
 23818 13855   48.00000   58  124   84.00000   34.00000  59.5%  32.3   15s
*27288 14682             142      83.0000000   34.00000  59.0%  32.4   16s
 32747 19762   60.00000   52   80   83.00000   34.00000  59.0%  32.4   20s
*37095 21259             137      82.0000000   34.00000  58.5%  32.1   22s
*37116 20710             140      81.0000000   34.00000  58.0%  32.1   22s
 42719 25052   53.00000  102   92   81.00000   34.00000  58.0%  32.4   25s
 51100 32004   63.00000   92   43   81.00000   34.00000  58.0%  32.7   30s
*52618 29616             127      79.0000000   34.00000  57.0%  32.6   30s
 64056 39258   34.15972   51  167   79.00000   34.00000  57.0%  31.8   35s
 76566 48763   34.00000   27  108   79.00000   34.00000  57.0%  31.6   40s
 86939 56389   36.00000   44  106   79.00000   34.00000  57.0%  31.1   45s
 98159 65153   75.00000   72   79   79.00000   34.00000  57.0%  31.5   51s
*98243 61323             142      78.0000000   34.00000  56.4%  31.5   51s
 108192 68112   77.00000   68   59   78.00000   34.00000  56.4%  31.7   56s
 120368 76453   74.00000  129   55   78.00000   34.00000  56.4%  31.4   60s
 129281 83551   75.00000   95   46   78.00000   34.00000  56.4%  31.5   65s
 138208 92723   77.00000   97   47   78.00000   34.00000  56.4%  31.8   70s
*149651 90195             151      77.0000000   34.00000  55.8%  31.3   72s
 152478 93694   39.00000   34   66   77.00000   34.00000  55.8%  31.4   75s
*157581 91271             130      76.0000000   34.00000  55.3%  31.5   77s
 162120 95453   75.00000  115   53   76.00000   34.00000  55.3%  31.5   80s
 175964 104401 infeasible   95        76.00000   34.00000  55.3%  31.1   85s
 185979 112733   69.00000   91   55   76.00000   34.00000  55.3%  31.3   91s
 199610 121567   68.00000   76   62   76.00000   34.00000  55.3%  31.0   96s
 207153 127006   60.00000   70   75   76.00000   34.00000  55.3%  31.2  100s
 215481 133241   47.00000   46   62   76.00000   34.00000  55.3%  31.4  105s
 225614 140756   36.00000   38   96   76.00000   34.00000  55.3%  31.6  110s
 240560 151166   64.00000   86   39   76.00000   34.00000  55.3%  31.5  116s
 249294 158256   72.00000   89   92   76.00000   34.00000  55.3%  31.6  121s
 263442 167083   67.00000   65   69   76.00000   34.00000  55.3%  31.2  125s
 270512 172497   75.00000   79   33   76.00000   34.00000  55.3%  31.4  130s
 279122 179255     cutoff   89        76.00000   34.00000  55.3%  31.6  135s
 291573 187363   45.00000   48   48   76.00000   34.00000  55.3%  31.4  140s
 302279 195028   74.00000   91   39   76.00000   34.00000  55.3%  31.7  146s
 311724 201622   55.00000   77   63   76.00000   34.00000  55.3%  31.9  151s
 318111 206255     cutoff   85        76.00000   34.00000  55.3%  32.0  155s
 327583 215698   72.00000   76   58   76.00000   34.00000  55.3%  32.2  160s
 340434 222586   73.00000  127   33   76.00000   34.00000  55.3%  32.2  166s
 350679 229972 infeasible   84        76.00000   34.00000  55.3%  32.2  171s
 357659 234958   41.00000   62   70   76.00000   34.00000  55.3%  32.3  175s
*360196 206509             125      74.0000000   34.00000  54.1%  32.4  175s
 366746 215940   71.00000   96   48   74.00000   34.00000  54.1%  32.4  180s
*378093 207498             140      73.0000000   34.00000  53.4%  32.2  182s
 382529 211738   67.00000  101   41   73.00000   34.00000  53.4%  32.2  186s
 389922 217106 infeasible   70        73.00000   34.00000  53.4%  32.3  191s
 401758 224534 infeasible   86        73.00000   34.00000  53.4%  32.2  195s
 409811 230596   71.00000   77   43   73.00000   34.00000  53.4%  32.4  201s
 417206 235708   61.00000   62   97   73.00000   34.00000  53.4%  32.4  205s
 425379 240974   70.00000   79   85   73.00000   34.00000  53.4%  32.5  211s
 439110 249902   34.00000   45   75   73.00000   34.00000  53.4%  32.4  216s
 445721 254349   72.00000   77   36   73.00000   34.00000  53.4%  32.5  220s
 453547 259499   59.00000   77   47   73.00000   34.00000  53.4%  32.7  225s
 462269 265975   48.00000   33   79   73.00000   34.00000  53.4%  32.8  230s
 472346 272355   48.00000   68   67   73.00000   34.00000  53.4%  32.9  236s
 482114 278390   46.00000   59   88   73.00000   34.00000  53.4%  33.0  241s
 491544 284656   70.00000   70   69   73.00000   34.00000  53.4%  33.1  246s
 498164 288962   62.00000   77   67   73.00000   34.00000  53.4%  33.1  250s
 513565 298472 infeasible  111        73.00000   34.00000  53.4%  33.0  256s
 521970 304652   72.00000   68   49   73.00000   34.00000  53.4%  33.1  261s
 528617 308907   65.00000   59   67   73.00000   34.00000  53.4%  33.2  265s
 538314 315139   61.00000   74   87   73.00000   34.00000  53.4%  33.3  270s
 547883 323119   55.00000   84   69   73.00000   34.00000  53.4%  33.4  276s
 557159 327221   50.00000   55   69   73.00000   34.00000  53.4%  33.3  280s
 566796 334334   66.00000   68   44   73.00000   34.00000  53.4%  33.4  286s
 575282 340148   53.00000   55   64   73.00000   34.00000  53.4%  33.5  291s
 584581 346146   60.00000   66   55   73.00000   34.00000  53.4%  33.6  296s
 598177 355002   39.00000   61  102   73.00000   34.00000  53.4%  33.5  301s
 605612 359752   70.00000  107   56   73.00000   34.00000  53.4%  33.6  305s
 614369 365900   48.00000   58   80   73.00000   34.00000  53.4%  33.6  310s
 624241 372176   72.00000   66   38   73.00000   34.00000  53.4%  33.7  316s
 630575 376415 infeasible   82        73.00000   34.00000  53.4%  33.8  320s
 640046 386873   48.00000   52   59   73.00000   34.00000  53.4%  33.8  325s
 654619 392485   72.00000   85   50   73.00000   34.00000  53.4%  33.7  330s
 661497 397251   71.00000  102   51   73.00000   34.00000  53.4%  33.7  335s
 669377 403574   51.00000   47   62   73.00000   34.00000  53.4%  33.8  340s
 679594 410308   70.00000   94   45   73.00000   34.00000  53.4%  33.9  346s
 694395 419380   34.00000   37   97   73.00000   34.00000  53.4%  33.8  351s
 702732 425461   70.00000   98   68   73.00000   34.00000  53.4%  33.8  356s
 709116 429952   72.00000   87   46   73.00000   34.00000  53.4%  33.9  360s
 719128 436734   59.00000   62   72   73.00000   34.00000  53.4%  34.0  366s
 732829 445856   72.00000   82   35   73.00000   34.00000  53.4%  33.9  371s
 739352 450110   34.00000   38  127   73.00000   34.00000  53.4%  33.9  375s
 748752 456110   69.00000  110   42   73.00000   34.00000  53.4%  34.0  381s
 755006 460310   72.00000   68   39   73.00000   34.00000  53.4%  34.1  385s
 764078 466324 infeasible   74        73.00000   34.00000  53.4%  34.1  390s
 774386 473001   69.00000   97   64   73.00000   34.00000  53.4%  34.2  396s
 780866 477617   70.00000   77   72   73.00000   34.00000  53.4%  34.3  400s
 790504 484087   63.00000   84   88   73.00000   34.00000  53.4%  34.3  406s
 802704 491660   44.00000   61   95   73.00000   34.00000  53.4%  34.3  410s
 811521 498012   57.00000   76   60   73.00000   34.00000  53.4%  34.3  416s
 819470 503520   34.00000   39   71   73.00000   34.00000  53.4%  34.4  421s
 825443 507945   34.00000   52  118   73.00000   34.00000  53.4%  34.4  425s
 839686 516515   65.00000   74   60   73.00000   34.00000  53.4%  34.3  430s
 849606 523585   72.00000   84   45   73.00000   34.00000  53.4%  34.4  436s
 855799 527803   54.00000   63   67   73.00000   34.00000  53.4%  34.4  440s
 865039 533945     cutoff   86        73.00000   34.00000  53.4%  34.5  445s
 874625 540681   39.00000   59   83   73.00000   34.00000  53.4%  34.6  451s
 881226 545680   60.00000   70   47   73.00000   34.00000  53.4%  34.7  455s
 890187 551083   65.00000   77   48   73.00000   34.00000  53.4%  34.7  461s
 903417 559351   52.00000   73   64   73.00000   34.00000  53.4%  34.6  465s
 910292 564454 infeasible   59        73.00000   34.00000  53.4%  34.7  470s
 919399 571036   72.00000   62   34   73.00000   34.00000  53.4%  34.7  476s
 926488 575939   39.00000   50   90   73.00000   34.00000  53.4%  34.8  480s
 935877 582585   56.00000   97   44   73.00000   34.00000  53.4%  34.8  486s
 945268 588530   48.00000   62   70   73.00000   34.00000  53.4%  34.9  491s
 951269 592866   70.00000   92   29   73.00000   34.00000  53.4%  34.9  495s
 964861 601340   44.00000   56   70   73.00000   34.00000  53.4%  34.8  500s
 971906 606401   62.00000   65   60   73.00000   34.00000  53.4%  34.9  505s
 981156 612906   65.00000   73   36   73.00000   34.00000  53.4%  34.9  511s
 990744 618973   36.00000   50   76   73.00000   34.00000  53.4%  35.0  516s
 997281 622847   57.00000   48   58   73.00000   34.00000  53.4%  35.0  520s
 1006856 629792   68.00000   81   54   73.00000   34.00000  53.4%  35.1  526s
 1020243 637603   50.00000   56   71   73.00000   34.00000  53.4%  35.0  530s
 1029369 644477   66.00000   74   66   73.00000   34.00000  53.4%  35.0  535s
 1037383 650462   37.00000   64  108   73.00000   34.00000  53.4%  35.1  541s
 1044132 655144   63.00000   74   59   73.00000   34.00000  53.4%  35.1  545s
 1053617 661310   64.00000   93   60   73.00000   34.00000  53.4%  35.2  550s
 1059825 665445   54.00000   98   51   73.00000   34.00000  53.4%  35.2  555s
 1069599 672164   64.00000   73   50   73.00000   34.00000  53.4%  35.3  561s
 1079414 679062 infeasible   81        73.00000   34.00000  53.4%  35.3  566s
 1085767 683605   34.00000   47  140   73.00000   34.00000  53.4%  35.4  570s
 1099493 692691   67.00000   90   44   73.00000   34.00000  53.4%  35.3  575s
 1109039 699261     cutoff   59        73.00000   34.00000  53.4%  35.4  581s
 1115355 703598   34.00000   19   79   73.00000   34.00000  53.4%  35.4  585s
 1129354 712887   39.00000   71  108   73.00000   34.00000  53.4%  35.3  590s
 1138598 719521 infeasible   89        73.00000   34.00000  53.4%  35.4  595s
 1148764 725371   70.00000  114   43   73.00000   34.00000  53.4%  35.4  601s
 1155340 729819   44.00000   62   66   73.00000   34.00000  53.4%  35.4  605s
 1164456 735564   48.00000   69   73   73.00000   34.00000  53.4%  35.4  610s
 1174644 742430   68.00000   78   52   73.00000   34.00000  53.4%  35.5  616s
 1181442 746779   53.00000   64   95   73.00000   34.00000  53.4%  35.5  620s
 1190843 752622 infeasible   72        73.00000   34.00000  53.4%  35.5  626s
 1205305 761966 infeasible  113        73.00000   34.00000  53.4%  35.4  631s
 1212419 766834   67.00000   50   68   73.00000   34.00000  53.4%  35.5  636s
 1220729 772361   71.00000   96   68   73.00000   34.00000  53.4%  35.5  641s
 1230355 778929   36.00000   49   80   73.00000   34.00000  53.4%  35.5  646s
 1236857 783204   34.00000   44   86   73.00000   34.00000  53.4%  35.6  650s
 1246495 789624   62.00000   99   49   73.00000   34.00000  53.4%  35.6  656s
 1252603 793724     cutoff   86        73.00000   34.00000  53.4%  35.6  660s
 1262150 800404   66.00000   74   90   73.00000   34.00000  53.4%  35.6  665s
 1273715 808182   34.00000   50   98   73.00000   34.00000  53.4%  35.6  671s
 1282132 814555   71.00000   99   35   73.00000   34.00000  53.4%  35.7  676s
 1291900 818305   71.00000  125   50   73.00000   34.00000  53.4%  35.7  680s
 1298428 824740   68.00000   62   64   73.00000   34.00000  53.4%  35.7  685s
 1307636 830671   67.00000   73   56   73.00000   34.00000  53.4%  35.7  690s
 1316555 837398   36.00000   42  115   73.00000   34.00000  53.4%  35.7  696s
 1330183 846178   36.00000   46   93   73.00000   34.00000  53.4%  35.7  701s
 1337831 851161   36.00000   46   99   73.00000   34.00000  53.4%  35.7  705s
 1346601 857276   64.00000   77   70   73.00000   34.00000  53.4%  35.7  711s
 1353585 862048   50.00000   40   73   73.00000   34.00000  53.4%  35.7  715s
 1363675 868716 infeasible   81        73.00000   34.00000  53.4%  35.7  720s
 1372837 874856   63.00000   69   66   73.00000   34.00000  53.4%  35.7  726s
 1379607 878902   53.00000   70   70   73.00000   34.00000  53.4%  35.8  730s
 1389472 885829   53.00000  110   70   73.00000   34.00000  53.4%  35.8  736s
 1400518 893018 infeasible   93        73.00000   34.00000  53.4%  35.7  740s
 1410106 899315   50.00000   62   99   73.00000   34.00000  53.4%  35.7  746s
 1419846 905925   51.00000   67   69   73.00000   34.00000  53.4%  35.8  751s
 1426417 910107 infeasible   89        73.00000   34.00000  53.4%  35.8  755s
 1435677 916281   63.00000   83   78   73.00000   34.00000  53.4%  35.8  761s
 1445895 923149   36.00000   45   82   73.00000   34.00000  53.4%  35.8  766s
 1452665 927404   67.00000   62   64   73.00000   34.00000  53.4%  35.8  770s
 1462407 933853 infeasible   77        73.00000   34.00000  53.4%  35.9  776s
 1468935 938561   69.00000   74   69   73.00000   34.00000  53.4%  35.9  780s
 1479122 945788   62.00000   64   91   73.00000   34.00000  53.4%  35.9  785s
 1489114 954327     cutoff   93        73.00000   34.00000  53.4%  35.9  791s
 1500577 958938 infeasible  108        73.00000   34.00000  53.4%  35.8  796s
 1507566 963840 infeasible   73        73.00000   34.00000  53.4%  35.9  800s
 1515669 969787   72.00000   81   62   73.00000   34.00000  53.4%  35.9  805s
 1524584 975929   70.00000   69   66   73.00000   34.00000  53.4%  35.9  811s
 1531112 980602   39.00000   45   75   73.00000   34.00000  53.4%  35.9  815s
 1538291 984846   36.00000   49   87   73.00000   34.00000  53.4%  36.0  820s
*1544949 918447             148      72.0000000   34.00000  52.8%  36.0  822s
 1548218 922143   48.00000   56   70   72.00000   34.00000  52.8%  36.0  826s
 1554199 926490   66.00000   93   82   72.00000   34.00000  52.8%  36.0  830s
 1564540 933719   39.00000   35   68   72.00000   34.00000  52.8%  36.0  836s
 1571113 941426   65.00000   72   69   72.00000   34.00000  52.8%  36.0  840s
 1585300 947904 infeasible  100        72.00000   34.00000  52.8%  36.0  846s
 1595475 955017   52.00000   48   65   72.00000   34.00000  52.8%  36.0  851s
 1601927 959547   36.00000   42   98   72.00000   34.00000  52.8%  36.0  855s
 1611047 965810   50.00000   57  105   72.00000   34.00000  52.8%  36.0  861s
 1618140 970110 infeasible   66        72.00000   34.00000  52.8%  36.1  865s
 1628467 977407   60.00000   80   56   72.00000   34.00000  52.8%  36.1  871s
 1634992 982080   57.00000   60   96   72.00000   34.00000  52.8%  36.1  875s
 1651335 992257   51.00000   47   66   72.00000   34.00000  52.8%  36.0  881s
 1657088 996915   57.00000   93   52   72.00000   34.00000  52.8%  36.0  885s
 1664926 1002127   51.00000   51   61   72.00000   34.00000  52.8%  36.0  890s
 1674006 1008851   67.00000   52   50   72.00000   34.00000  52.8%  36.1  895s
 1684035 1015539   67.00000  104   45   72.00000   34.00000  52.8%  36.1  901s
 1690646 1020262   71.00000   84   44   72.00000   34.00000  52.8%  36.1  905s
 1700170 1026650   70.00000   83   57   72.00000   34.00000  52.8%  36.1  910s
 1709813 1035308   50.00000   54   55   72.00000   34.00000  52.8%  36.1  916s
 1721370 1040505 infeasible   73        72.00000   34.00000  52.8%  36.1  921s
 1730048 1046317   70.00000   94   49   72.00000   34.00000  52.8%  36.1  926s
 1736401 1050455   57.00000   99   65   72.00000   34.00000  52.8%  36.1  930s
 1745696 1056421   70.00000  130   51   72.00000   34.00000  52.8%  36.1  936s
 1755473 1063243   60.00000   55   66   72.00000   34.00000  52.8%  36.1  941s
 1761296 1067211   68.00000   56   56   72.00000   34.00000  52.8%  36.2  945s
 1771467 1073824   50.00000   49   79   72.00000   34.00000  52.8%  36.2  951s
 1778163 1078201 infeasible   75        72.00000   34.00000  52.8%  36.2  955s
 1788469 1084684   70.00000   85   83   72.00000   34.00000  52.8%  36.2  960s
 1802310 1093107   36.00000   41   81   72.00000   34.00000  52.8%  36.1  965s
 1808902 1097426   69.00000  102   40   72.00000   34.00000  52.8%  36.2  970s
 1819364 1104428   34.00000   43   71   72.00000   34.00000  52.8%  36.2  976s
 1825630 1109071     cutoff   63        72.00000   34.00000  52.8%  36.2  980s
 1835637 1116056   47.00000   52   46   72.00000   34.00000  52.8%  36.2  986s
 1845303 1122687 infeasible   63        72.00000   34.00000  52.8%  36.2  991s
 1851538 1126739   49.00000   84   91   72.00000   34.00000  52.8%  36.2  995s
 1860846 1132984   63.00000  106   58   72.00000   34.00000  52.8%  36.3 1001s
 1866934 1137527   34.00000   48   84   72.00000   34.00000  52.8%  36.3 1005s
 1877583 1144065   71.00000   66   46   72.00000   34.00000  52.8%  36.3 1011s
 1886628 1149829   62.00000   73   47   72.00000   34.00000  52.8%  36.3 1016s
 1892923 1154352   60.00000   72   58   72.00000   34.00000  52.8%  36.3 1020s
 1905416 1162293   69.00000   60   54   72.00000   34.00000  52.8%  36.3 1025s
 1913702 1168034   48.00000   41   61   72.00000   34.00000  52.8%  36.3 1031s
 1923949 1175029   47.00000   66   81   72.00000   34.00000  52.8%  36.3 1036s
 1930436 1179399   70.00000   80   68   72.00000   34.00000  52.8%  36.3 1040s
 1939838 1186333 infeasible   61        72.00000   34.00000  52.8%  36.4 1046s
 1946730 1190439   70.00000   97   38   72.00000   34.00000  52.8%  36.4 1050s
 1955686 1196999   66.00000  109   42   72.00000   34.00000  52.8%  36.4 1055s
 1965496 1203346   71.00000   90   28   72.00000   34.00000  52.8%  36.4 1061s
 1971379 1207193 infeasible   82        72.00000   34.00000  52.8%  36.4 1065s
 1981411 1213980   39.00000   62   79   72.00000   34.00000  52.8%  36.5 1071s
 1988434 1218393   71.00000   79   29   72.00000   34.00000  52.8%  36.5 1075s
 1998380 1225042   50.00000   57   72   72.00000   34.00000  52.8%  36.5 1081s
 2007642 1231744   65.00000   67   63   72.00000   34.00000  52.8%  36.5 1086s
 2014540 1236001   63.00000   88   62   72.00000   34.00000  52.8%  36.6 1090s
 2024738 1242834   57.00000   51   77   72.00000   34.00000  52.8%  36.6 1096s
 2030710 1246877   44.00000   62   95   72.00000   34.00000  52.8%  36.6 1100s
 2040569 1253225 infeasible   96        72.00000   34.00000  52.8%  36.6 1105s
 2050113 1259873   60.00000   62   57   72.00000   34.00000  52.8%  36.6 1111s
 2056769 1264239   69.00000  101   43   72.00000   34.00000  52.8%  36.6 1115s
 2066062 1270763   67.00000  122   61   72.00000   34.00000  52.8%  36.7 1121s
 2072320 1274911   66.00000   66   56   72.00000   34.00000  52.8%  36.7 1125s
 2082033 1281538 infeasible  107        72.00000   34.00000  52.8%  36.7 1131s
 2089109 1285922   65.00000   87   61   72.00000   34.00000  52.8%  36.7 1135s
 2098604 1292111   67.00000   84   72   72.00000   34.00000  52.8%  36.7 1141s
 2108012 1298444   51.00000   69  100   72.00000   34.00000  52.8%  36.7 1146s
 2114418 1303055   67.00000   70   36   72.00000   34.00000  52.8%  36.8 1150s
 2127934 1312193   50.00000   47   49   72.00000   34.00000  52.8%  36.7 1156s
 2134567 1316363   51.00000   73   67   72.00000   34.00000  52.8%  36.7 1160s
 2143563 1322426   36.00000   26   65   72.00000   34.00000  52.8%  36.8 1166s
 2149933 1327128   68.00000   71   51   72.00000   34.00000  52.8%  36.8 1170s
 2159283 1333477   71.00000   68   64   72.00000   34.00000  52.8%  36.8 1175s
 2169211 1340261   56.00000   68   54   72.00000   34.00000  52.8%  36.8 1181s
 2175596 1344597   67.00000   74   57   72.00000   34.00000  52.8%  36.8 1185s
 2185612 1350876   71.00000   76   41   72.00000   34.00000  52.8%  36.8 1191s
 2191768 1355456   46.00000   50   82   72.00000   34.00000  52.8%  36.9 1195s
 2201492 1362097   56.00000   63   52   72.00000   34.00000  52.8%  36.9 1200s
 2208286 1366650   50.00000   61   79   72.00000   34.00000  52.8%  36.9 1205s
 2217721 1372557 infeasible   86        72.00000   34.00000  52.8%  36.9 1210s
 2226859 1378732   36.00000   52  108   72.00000   34.00000  52.8%  36.9 1216s
 2233842 1383542 infeasible   68        72.00000   34.00000  52.8%  36.9 1220s
 2243440 1389795   70.00000   90   20   72.00000   34.00000  52.8%  36.9 1226s
 2249633 1394085   69.00000   85   24   72.00000   34.00000  52.8%  36.9 1230s
 2259803 1401043   36.00000   38   85   72.00000   34.00000  52.8%  36.9 1235s
 2269419 1407185 infeasible   62        72.00000   34.00000  52.8%  36.9 1241s
 2278474 1413262   58.00000   62   81   72.00000   34.00000  52.8%  37.0 1246s
 2284871 1417939   56.00000   91   66   72.00000   34.00000  52.8%  37.0 1250s
 2294391 1424187   70.00000   69   74   72.00000   34.00000  52.8%  37.0 1256s
 2300906 1428548   50.00000   68   65   72.00000   34.00000  52.8%  37.0 1260s
 2310619 1435300   66.00000   97   46   72.00000   34.00000  52.8%  37.0 1265s
 2320318 1442527   65.00000   62   67   72.00000   34.00000  52.8%  37.1 1271s
 2327007 1446631   45.00000   60   95   72.00000   34.00000  52.8%  37.1 1275s
 2336947 1455598   50.00000   84   85   72.00000   34.00000  52.8%  37.1 1280s
 2348699 1460397   63.00000   71   51   72.00000   34.00000  52.8%  37.0 1285s
 2357448 1466389   70.00000   98   56   72.00000   34.00000  52.8%  37.0 1291s
 2365866 1472176   36.00000   42   84   72.00000   34.00000  52.8%  37.1 1296s
 2372204 1476593   63.00000   51   42   72.00000   34.00000  52.8%  37.1 1300s
 2381553 1483374   47.00000   62   90   72.00000   34.00000  52.8%  37.1 1306s
 2391610 1490261   67.00000   87   52   72.00000   34.00000  52.8%  37.1 1311s
 2397879 1494794   65.00000   66   94   72.00000   34.00000  52.8%  37.1 1315s
 2407689 1501138   45.00000   37   58   72.00000   34.00000  52.8%  37.1 1321s
 2414525 1505669   68.00000   75   60   72.00000   34.00000  52.8%  37.1 1325s
 2424522 1512418   57.00000   61   65   72.00000   34.00000  52.8%  37.1 1331s
 2434053 1518452   71.00000   94   28   72.00000   34.00000  52.8%  37.1 1336s
 2443352 1524893 infeasible   99        72.00000   34.00000  52.8%  37.1 1341s
 2454309 1532333 infeasible  133        72.00000   34.00000  52.8%  37.1 1345s
 2464313 1538598   60.00000   73   83   72.00000   34.00000  52.8%  37.1 1351s
 2473694 1545270   51.00000   68   75   72.00000   34.00000  52.8%  37.1 1356s
 2480003 1549616 infeasible   90        72.00000   34.00000  52.8%  37.1 1360s
 2489397 1556335   71.00000   73   73   72.00000   34.00000  52.8%  37.1 1365s
 2499120 1563668   67.00000   87   85   72.00000   34.00000  52.8%  37.1 1371s
 2505529 1567640   67.00000   80   50   72.00000   34.00000  52.8%  37.1 1375s
 2515494 1573539   63.00000   57   89   72.00000   34.00000  52.8%  37.1 1380s
 2524966 1580275   69.00000   77   67   72.00000   34.00000  52.8%  37.1 1386s
 2532056 1584951   55.00000   76   94   72.00000   34.00000  52.8%  37.1 1390s
 2542586 1591779   67.00000   58   51   72.00000   34.00000  52.8%  37.1 1395s
 2552184 1598060   61.00000   68   80   72.00000   34.00000  52.8%  37.1 1401s
 2562055 1604738   66.00000   68   56   72.00000   34.00000  52.8%  37.2 1406s
 2568373 1609075   65.00000   75   35   72.00000   34.00000  52.8%  37.2 1410s
 2577862 1615751   51.00000   65   83   72.00000   34.00000  52.8%  37.2 1416s
 2587531 1622683   57.00000   85   61   72.00000   34.00000  52.8%  37.2 1421s
 2594069 1627202 infeasible   87        72.00000   34.00000  52.8%  37.2 1425s
 2604491 1633971   70.00000   50   44   72.00000   34.00000  52.8%  37.2 1431s
 2610608 1637951 infeasible   68        72.00000   34.00000  52.8%  37.2 1435s
 2619833 1644236   67.00000   63   45   72.00000   34.00000  52.8%  37.2 1441s
 2630006 1651170   67.00000  141   47   72.00000   34.00000  52.8%  37.3 1446s
 2636815 1655555 infeasible   98        72.00000   34.00000  52.8%  37.3 1450s
 2646271 1661283   36.00000   44   70   72.00000   34.00000  52.8%  37.3 1456s
 2652607 1666047   36.00000   57  108   72.00000   34.00000  52.8%  37.3 1460s
 2663131 1673271   64.00000   85   29   72.00000   34.00000  52.8%  37.3 1466s
 2672668 1678995   52.00000   45   64   72.00000   34.00000  52.8%  37.3 1471s
 2682171 1685626   55.00000   77  130   72.00000   34.00000  52.8%  37.3 1476s
 2688058 1689871 infeasible  103        72.00000   34.00000  52.8%  37.3 1480s
 2698087 1696378   62.00000   82   64   72.00000   34.00000  52.8%  37.3 1486s
 2707628 1702218   70.00000   89   31   72.00000   34.00000  52.8%  37.3 1491s
 2714039 1706422   51.00000   47   64   72.00000   34.00000  52.8%  37.3 1495s
 2723169 1712682   48.00000   43   51   72.00000   34.00000  52.8%  37.3 1501s
 2729411 1716866 infeasible  104        72.00000   34.00000  52.8%  37.4 1505s
 2738884 1723559   57.00000   48   49   72.00000   34.00000  52.8%  37.4 1510s
 2748544 1729587   62.00000   89   64   72.00000   34.00000  52.8%  37.4 1517s
 2755030 1733970   71.00000  102   52   72.00000   34.00000  52.8%  37.4 1520s
 2764871 1740355   34.00000   53  120   72.00000   34.00000  52.8%  37.4 1526s
 2771140 1744887     cutoff   77        72.00000   34.00000  52.8%  37.4 1530s
 2781483 1751614   39.00000   43   79   72.00000   34.00000  52.8%  37.4 1535s
 2790703 1757993   56.00000   71   61   72.00000   34.00000  52.8%  37.4 1540s
 2800703 1765348   39.00000   53   59   72.00000   34.00000  52.8%  37.4 1546s
 2807154 1769760 infeasible  120        72.00000   34.00000  52.8%  37.4 1550s
 2816813 1776613   48.00000   54   83   72.00000   34.00000  52.8%  37.5 1556s
 2822892 1781136   71.00000   85   56   72.00000   34.00000  52.8%  37.5 1560s
 2833336 1791340   70.00000   81   51   72.00000   34.00000  52.8%  37.5 1565s
 2846283 1796418   67.00000   76   47   72.00000   34.00000  52.8%  37.4 1570s
 2855898 1803000   64.00000  111   56   72.00000   34.00000  52.8%  37.4 1576s
 2862400 1807383     cutoff  106        72.00000   34.00000  52.8%  37.4 1580s
 2872082 1814238   71.00000   73   49   72.00000   34.00000  52.8%  37.4 1585s
 2881970 1821298   51.00000   68   54   72.00000   34.00000  52.8%  37.4 1591s
 2888079 1825488   34.00000   43   75   72.00000   34.00000  52.8%  37.4 1595s
 2897911 1832286   53.00000   43   79   72.00000   34.00000  52.8%  37.4 1600s
 2907395 1838518   71.00000   77   47   72.00000   34.00000  52.8%  37.5 1606s
 2914087 1843217   42.00000   55   81   72.00000   34.00000  52.8%  37.5 1610s
 2923772 1849739   55.00000   63   78   72.00000   34.00000  52.8%  37.5 1616s
 2934031 1856288   50.00000   49   81   72.00000   34.00000  52.8%  37.5 1621s
 2940399 1860568   70.00000   75   40   72.00000   34.00000  52.8%  37.5 1625s
 2949861 1866690   69.00000  105   23   72.00000   34.00000  52.8%  37.5 1631s
 2956146 1870946   71.00000  100   37   72.00000   34.00000  52.8%  37.5 1635s
 2966224 1877554   71.00000   89   41   72.00000   34.00000  52.8%  37.5 1640s
 2976069 1884174   50.00000   51   63   72.00000   34.00000  52.8%  37.5 1646s
 2982632 1888849   67.00000   70   55   72.00000   34.00000  52.8%  37.5 1650s
 2992615 1895502 infeasible   67        72.00000   34.00000  52.8%  37.5 1655s
 3002482 1902158   65.00000   93   57   72.00000   34.00000  52.8%  37.5 1660s
 3011229 1908340   65.00000   86   53   72.00000   34.00000  52.8%  37.5 1666s
 3017327 1912802   67.00000   71   64   72.00000   34.00000  52.8%  37.5 1670s
 3027834 1919575 infeasible   72        72.00000   34.00000  52.8%  37.5 1676s
 3037397 1925783   71.00000  116   55   72.00000   34.00000  52.8%  37.5 1681s
 3043760 1929885   35.00000   51   81   72.00000   34.00000  52.8%  37.5 1685s
 3053204 1936223   70.00000   90   69   72.00000   34.00000  52.8%  37.5 1691s
 3059650 1940691 infeasible  122        72.00000   34.00000  52.8%  37.5 1695s
 3069385 1946979   65.00000   68   73   72.00000   34.00000  52.8%  37.5 1700s
 3078800 1956644   53.00000   52   54   72.00000   34.00000  52.8%  37.5 1705s
 3092160 1961969   68.00000   48   74   72.00000   34.00000  52.8%  37.5 1711s
 3098359 1966936     cutoff   88        72.00000   34.00000  52.8%  37.5 1715s
 3108754 1973834   68.00000   69   74   72.00000   34.00000  52.8%  37.5 1721s
 3115742 1978115     cutoff   72        72.00000   34.00000  52.8%  37.5 1725s
 3125289 1984978   67.00000  124   46   72.00000   34.00000  52.8%  37.5 1731s
 3132118 1989192   58.00000   65   54   72.00000   34.00000  52.8%  37.6 1735s
 3142269 1996396   70.00000   82   49   72.00000   34.00000  52.8%  37.6 1741s
 3149332 2000646   70.00000   85   32   72.00000   34.00000  52.8%  37.6 1745s
 3158640 2007102   36.00000   56  122   72.00000   34.00000  52.8%  37.6 1751s
 3164970 2011727   70.00000   69   84   72.00000   34.00000  52.8%  37.6 1755s
 3174916 2018461   45.00000   59   72   72.00000   34.00000  52.8%  37.6 1761s
 3181329 2022660   68.00000   66   59   72.00000   34.00000  52.8%  37.6 1765s
 3191234 2029212   51.00000   60   59   72.00000   34.00000  52.8%  37.6 1771s
 3197541 2033684   64.00000   62   62   72.00000   34.00000  52.8%  37.6 1775s
 3207596 2040245   51.00000   83   76   72.00000   34.00000  52.8%  37.6 1781s
 3213841 2044791   71.00000   94   54   72.00000   34.00000  52.8%  37.6 1785s
 3223843 2051761     cutoff   45        72.00000   34.00000  52.8%  37.6 1791s
 3230283 2055804 infeasible   81        72.00000   34.00000  52.8%  37.6 1795s
 3239876 2062418   67.00000   56   36   72.00000   34.00000  52.8%  37.7 1801s
 3246515 2066653   70.00000   71   57   72.00000   34.00000  52.8%  37.7 1805s
 3256373 2072799   54.00000   72   98   72.00000   34.00000  52.8%  37.7 1811s
 3262758 2076736   71.00000   59   31   72.00000   34.00000  52.8%  37.7 1815s
 3272000 2083122   70.00000   59   59   72.00000   34.00000  52.8%  37.7 1821s
 3278622 2087352   57.00000   74   90   72.00000   34.00000  52.8%  37.7 1825s
 3288175 2094422   57.00000   65   50   72.00000   34.00000  52.8%  37.7 1830s
 3297910 2100781   36.00000   49  109   72.00000   34.00000  52.8%  37.7 1836s
 3304066 2104751   64.00000   78   75   72.00000   34.00000  52.8%  37.7 1840s
 3314007 2111416   71.00000  104   41   72.00000   34.00000  52.8%  37.7 1846s
 3320528 2115840   71.00000  127   16   72.00000   34.00000  52.8%  37.7 1850s
 3329903 2122376   53.00000   62   92   72.00000   34.00000  52.8%  37.7 1855s
 3339625 2128994   71.00000   93   31   72.00000   34.00000  52.8%  37.8 1861s
 3346357 2133609 infeasible  100        72.00000   34.00000  52.8%  37.8 1865s
 3356138 2139861   50.00000   38   82   72.00000   34.00000  52.8%  37.8 1871s
 3365990 2146530   59.00000   56   72   72.00000   34.00000  52.8%  37.8 1876s
 3372684 2150915   67.00000   64   56   72.00000   34.00000  52.8%  37.8 1880s
 3382454 2157166     cutoff   62        72.00000   34.00000  52.8%  37.8 1886s
 3388650 2161338   46.00000   53   89   72.00000   34.00000  52.8%  37.8 1890s
 3398720 2167679   69.00000   70   62   72.00000   34.00000  52.8%  37.8 1896s
 3407987 2173508   34.00000   33   70   72.00000   34.00000  52.8%  37.8 1901s
 3414711 2177935 infeasible   80        72.00000   34.00000  52.8%  37.8 1905s
 3423859 2184018   67.00000   80   95   72.00000   34.00000  52.8%  37.8 1910s
 3433143 2190678   48.00000  100   68   72.00000   34.00000  52.8%  37.8 1915s
 3439745 2195065   67.00000   89   59   72.00000   34.00000  52.8%  37.8 1920s
 3449343 2201529   64.00000   59   55   72.00000   34.00000  52.8%  37.8 1925s
 3459354 2208323   49.00000   57   55   72.00000   34.00000  52.8%  37.8 1931s
 3465491 2212595   68.00000   52   44   72.00000   34.00000  52.8%  37.9 1935s
 3475452 2218996   66.00000   72   50   72.00000   34.00000  52.8%  37.9 1941s
 3485228 2225482   66.00000   93   68   72.00000   34.00000  52.8%  37.9 1946s
 3491792 2229277   69.00000   69   60   72.00000   34.00000  52.8%  37.9 1950s
 3501311 2235819   34.00000   47   74   72.00000   34.00000  52.8%  37.9 1956s
 3507429 2240422   44.11461   54   71   72.00000   34.00000  52.8%  37.9 1960s
 3517617 2246908   34.00000   39   97   72.00000   34.00000  52.8%  37.9 1966s
 3527564 2253099   36.00000   50   87   72.00000   34.00000  52.8%  37.9 1971s
 3533590 2257813 infeasible  102        72.00000   34.00000  52.8%  37.9 1975s
 3543480 2264762   71.00000   84   40   72.00000   34.00000  52.8%  37.9 1981s
 3549805 2268927     cutoff   84        72.00000   34.00000  52.8%  37.9 1985s
 3558918 2278538   64.00000  102   40   72.00000   34.00000  52.8%  37.9 1991s
 3569960 2283021   67.00000   71   51   72.00000   34.00000  52.8%  37.9 1995s
 3580073 2289698   50.00000   59   67   72.00000   34.00000  52.8%  37.9 2000s
 3589524 2296006   71.00000  111   40   72.00000   34.00000  52.8%  37.9 2006s
 3595905 2299958 infeasible   73        72.00000   34.00000  52.8%  37.9 2010s
 3605438 2306526 infeasible  109        72.00000   34.00000  52.8%  37.9 2015s
 3615123 2313139   47.00000   75   96   72.00000   34.00000  52.8%  37.9 2021s
 3621500 2317669   71.00000  133   26   72.00000   34.00000  52.8%  37.9 2025s
 3631217 2324123   59.00000   49   63   72.00000   34.00000  52.8%  37.9 2031s
 3637523 2328644   47.00000   51   72   72.00000   34.00000  52.8%  37.9 2035s
 3647166 2334451   64.00000   69   68   72.00000   34.00000  52.8%  37.9 2041s
 3656953 2340800   69.00000  113   49   72.00000   34.00000  52.8%  37.9 2046s
 3663536 2345434 infeasible  109        72.00000   34.00000  52.8%  37.9 2050s
 3673379 2354798   36.00000   38   80   72.00000   34.00000  52.8%  37.9 2056s
 3685416 2359266   68.00000   68   48   72.00000   34.00000  52.8%  37.9 2060s
 3694499 2365220   71.00000   89   61   72.00000   34.00000  52.8%  37.9 2065s
 3703798 2371766   71.00000   70   62   72.00000   34.00000  52.8%  37.9 2072s
 3710556 2376195     cutoff  104        72.00000   34.00000  52.8%  37.9 2075s
 3720522 2382877   34.00000   40  110   72.00000   34.00000  52.8%  37.9 2081s
 3727231 2387695   54.00000   64   75   72.00000   34.00000  52.8%  37.9 2085s
 3736462 2393715   71.00000   79   59   72.00000   34.00000  52.8%  37.9 2091s
 3743370 2398314   51.00000   58   61   72.00000   34.00000  52.8%  37.9 2095s
 3752852 2404686   60.00000  106   48   72.00000   34.00000  52.8%  37.9 2100s
 3762457 2410976   50.00000   44   69   72.00000   34.00000  52.8%  37.9 2106s
 3772084 2417707 infeasible  117        72.00000   34.00000  52.8%  37.9 2111s
 3778716 2421904   70.00000   76   38   72.00000   34.00000  52.8%  38.0 2115s
 3788518 2428670   45.00000   52   60   72.00000   34.00000  52.8%  38.0 2121s
 3794873 2433105   69.00000  102   43   72.00000   34.00000  52.8%  38.0 2125s
 3804438 2439756   36.00000   45  103   72.00000   34.00000  52.8%  38.0 2131s
 3811168 2443930   69.00000   84   34   72.00000   34.00000  52.8%  38.0 2135s
 3820915 2450374   34.00000   33   73   72.00000   34.00000  52.8%  38.0 2140s
 3830144 2457027   68.00000   66   44   72.00000   34.00000  52.8%  38.0 2146s
 3836494 2461378   48.00000   48   66   72.00000   34.00000  52.8%  38.0 2150s
 3846277 2467896 infeasible   75        72.00000   34.00000  52.8%  38.0 2156s
 3855979 2475133   71.00000   80   57   72.00000   34.00000  52.8%  38.0 2161s
 3862321 2479019   71.00000   81   41   72.00000   34.00000  52.8%  38.0 2165s
 3872162 2485276   34.00000   41   83   72.00000   34.00000  52.8%  38.0 2171s
 3881815 2491616 infeasible  109        72.00000   34.00000  52.8%  38.0 2176s
 3888509 2495989   34.00000   45  101   72.00000   34.00000  52.8%  38.0 2180s
 3898263 2502236   70.00000   56   44   72.00000   34.00000  52.8%  38.0 2186s
 3907891 2508466   65.00000   74   47   72.00000   34.00000  52.8%  38.0 2191s
 3914055 2512893   39.00000   50   68   72.00000   34.00000  52.8%  38.0 2195s
 3923874 2519439   34.00000   49   72   72.00000   34.00000  52.8%  38.0 2201s
 3933775 2526353   36.00000   46  104   72.00000   34.00000  52.8%  38.0 2206s
 3940051 2530325 infeasible   90        72.00000   34.00000  52.8%  38.0 2210s
 3949334 2537099   55.00000   55   61   72.00000   34.00000  52.8%  38.0 2216s
 3955957 2540890   68.00000   91   67   72.00000   34.00000  52.8%  38.1 2220s
 3966122 2547700   70.00000   66   42   72.00000   34.00000  52.8%  38.1 2226s
 3972587 2552240   61.00000  100   54   72.00000   34.00000  52.8%  38.1 2230s
 3982160 2558697   55.00000   63   60   72.00000   34.00000  52.8%  38.1 2235s
 3991991 2565119   68.00000   68   58   72.00000   34.00000  52.8%  38.1 2241s
 3998254 2569423   68.00000   58   55   72.00000   34.00000  52.8%  38.1 2245s
 4007780 2576486   69.00000   72   41   72.00000   34.00000  52.8%  38.1 2250s
 4017741 2582734   66.00000   76   36   72.00000   34.00000  52.8%  38.1 2256s
 4023989 2587132   68.00000   69   71   72.00000   34.00000  52.8%  38.1 2260s
 4033745 2593615   71.00000   94   35   72.00000   34.00000  52.8%  38.1 2266s
 4043799 2600240   64.00000   88   29   72.00000   34.00000  52.8%  38.1 2272s
 4050153 2604758   68.00000   95   36   72.00000   34.00000  52.8%  38.1 2276s
 4059500 2611064   39.00000   59   75   72.00000   34.00000  52.8%  38.1 2282s
 4066102 2615587   59.00000   92   56   72.00000   34.00000  52.8%  38.1 2286s
 4073119 2620646   59.00000   63   46   72.00000   34.00000  52.8%  38.1 2290s
 4083015 2627280   62.00000   75   60   72.00000   34.00000  52.8%  38.1 2296s
 4089351 2631315 infeasible  101        72.00000   34.00000  52.8%  38.1 2300s
 4099417 2637793     cutoff   92        72.00000   34.00000  52.8%  38.1 2305s
 4109569 2644405   36.00000   50   86   72.00000   34.00000  52.8%  38.1 2311s
 4115934 2648576   50.00000   49   60   72.00000   34.00000  52.8%  38.1 2315s
 4125686 2654918   67.00000   51   58   72.00000   34.00000  52.8%  38.1 2320s
 4135349 2661334   62.00000   98   65   72.00000   34.00000  52.8%  38.1 2326s
 4141853 2666446   67.00000   75   68   72.00000   34.00000  52.8%  38.1 2330s
 4151609 2672854   59.00000   60   70   72.00000   34.00000  52.8%  38.1 2335s
 4161180 2679242 infeasible   69        72.00000   34.00000  52.8%  38.1 2341s
 4170405 2685632 infeasible   94        72.00000   34.00000  52.8%  38.1 2347s
 4177151 2689848   71.00000   82   36   72.00000   34.00000  52.8%  38.1 2350s
 4186891 2696231     cutoff  105        72.00000   34.00000  52.8%  38.1 2355s
 4196435 2702876   60.00000  103   47   72.00000   34.00000  52.8%  38.1 2361s
 4202716 2707227   67.00000   63   78   72.00000   34.00000  52.8%  38.1 2365s
 4212500 2713762   65.00000   79   60   72.00000   34.00000  52.8%  38.1 2371s
 4222345 2720652   70.00000   83   25   72.00000   34.00000  52.8%  38.1 2376s
 4228802 2724744   41.00000   58  112   72.00000   34.00000  52.8%  38.1 2380s
 4238250 2730878 infeasible   78        72.00000   34.00000  52.8%  38.2 2386s
 4244492 2735195   69.00000   94   40   72.00000   34.00000  52.8%  38.2 2390s
 4254928 2741941   64.00000   92   83   72.00000   34.00000  52.8%  38.2 2395s
 4264804 2748390   71.00000  109   37   72.00000   34.00000  52.8%  38.2 2401s
 4271142 2753162   71.00000   91   43   72.00000   34.00000  52.8%  38.2 2405s
 4280866 2759292   53.00000   54  109   72.00000   34.00000  52.8%  38.2 2410s
 4290789 2765462   69.00000   71   58   72.00000   34.00000  52.8%  38.2 2416s
 4297060 2769814   66.00000   65   71   72.00000   34.00000  52.8%  38.2 2420s
 4306718 2776251   48.00000   51   72   72.00000   34.00000  52.8%  38.2 2425s
 4317024 2782490   71.00000   88   53   72.00000   34.00000  52.8%  38.2 2430s
 4326439 2788838   61.00000   67   64   72.00000   34.00000  52.8%  38.2 2436s
 4332740 2793024     cutoff   78        72.00000   34.00000  52.8%  38.2 2440s
 4342516 2799291 infeasible   92        72.00000   34.00000  52.8%  38.2 2446s
 4348877 2803593   69.00000   86   50   72.00000   34.00000  52.8%  38.2 2450s
 4358634 2809920   55.00000   62   80   72.00000   34.00000  52.8%  38.2 2456s
 4365334 2814175 infeasible   89        72.00000   34.00000  52.8%  38.2 2460s
 4375212 2821337 infeasible   99        72.00000   34.00000  52.8%  38.2 2465s
 4384791 2827909     cutoff   84        72.00000   34.00000  52.8%  38.2 2471s
 4391902 2832514   34.00000   42   80   72.00000   34.00000  52.8%  38.2 2475s
 4401382 2838776   63.00000   66   37   72.00000   34.00000  52.8%  38.2 2481s
 4407670 2843111   71.00000   78   44   72.00000   34.00000  52.8%  38.2 2485s
 4417452 2849451 infeasible  114        72.00000   34.00000  52.8%  38.2 2490s
 4427388 2855966   55.00000   77   88   72.00000   34.00000  52.8%  38.2 2496s
 4437147 2862315 infeasible   94        72.00000   34.00000  52.8%  38.2 2501s
 4443418 2866545   68.00000   96   47   72.00000   34.00000  52.8%  38.2 2505s
 4453214 2873390   65.00000   79   84   72.00000   34.00000  52.8%  38.2 2511s
 4459893 2878095   54.00000   77   80   72.00000   34.00000  52.8%  38.2 2515s
 4469966 2884970   43.00000   45   66   72.00000   34.00000  52.8%  38.3 2521s
 4476294 2889609 infeasible   79        72.00000   34.00000  52.8%  38.3 2525s
 4485977 2896181   34.00000   41   76   72.00000   34.00000  52.8%  38.3 2531s
 4492689 2900643 infeasible  106        72.00000   34.00000  52.8%  38.3 2535s
 4502563 2906829   70.00000   93   44   72.00000   34.00000  52.8%  38.3 2540s
 4511840 2913315 infeasible   83        72.00000   34.00000  52.8%  38.3 2546s
 4521388 2919942   52.00000   63   92   72.00000   34.00000  52.8%  38.3 2551s
 4527554 2924334   66.00000   73   46   72.00000   34.00000  52.8%  38.3 2555s
 4537402 2930350   67.00000  108   48   72.00000   34.00000  52.8%  38.3 2561s
 4543758 2934391     cutoff   79        72.00000   34.00000  52.8%  38.3 2565s
 4552831 2940615 infeasible   73        72.00000   34.00000  52.8%  38.3 2571s
 4559276 2945213   49.00000   59   69   72.00000   34.00000  52.8%  38.3 2575s
 4569231 2951375   71.00000   96   49   72.00000   34.00000  52.8%  38.3 2580s
 4578951 2958025   71.00000   86   54   72.00000   34.00000  52.8%  38.3 2586s
 4585293 2962119   69.00000  119   38   72.00000   34.00000  52.8%  38.3 2590s
 4594864 2968359   67.00000   63   34   72.00000   34.00000  52.8%  38.3 2595s
 4604395 2974880   46.00000   59   74   72.00000   34.00000  52.8%  38.3 2601s
 4611558 2979968   51.00000   61   86   72.00000   34.00000  52.8%  38.3 2605s
 4621350 2986351   62.00000   64   63   72.00000   34.00000  52.8%  38.3 2611s
 4627769 2990332   57.00000   61   49   72.00000   34.00000  52.8%  38.3 2615s
 4637422 2996929   71.00000   63   44   72.00000   34.00000  52.8%  38.3 2621s
 4644220 3001270   34.00000   52   79   72.00000   34.00000  52.8%  38.3 2625s
 4653558 3007566   45.00000   49   68   72.00000   34.00000  52.8%  38.3 2630s
 4663263 3014603   34.00000   59   87   72.00000   34.00000  52.8%  38.3 2636s
 4669937 3018776   68.00000   50   77   72.00000   34.00000  52.8%  38.3 2640s
 4679786 3025462   49.00000   87   69   72.00000   34.00000  52.8%  38.3 2646s
 4686416 3029843   34.00000   44   91   72.00000   34.00000  52.8%  38.3 2650s
 4695982 3036574 infeasible  121        72.00000   34.00000  52.8%  38.3 2656s
 4702425 3040943   51.00000   52  100   72.00000   34.00000  52.8%  38.3 2660s
 4712526 3047516   69.00000   52   42   72.00000   34.00000  52.8%  38.3 2665s
 4718825 3052025   50.00000   66   54   72.00000   34.00000  52.8%  38.3 2670s
 4728717 3058433   50.00000   47   62   72.00000   34.00000  52.8%  38.3 2675s
 4738036 3065077   64.00000   94   80   72.00000   34.00000  52.8%  38.4 2681s
 4744537 3069004   70.00000   88   23   72.00000   34.00000  52.8%  38.4 2685s
 4754511 3075478   63.00000   70   71   72.00000   34.00000  52.8%  38.4 2691s
 4764217 3081684   71.00000   67   56   72.00000   34.00000  52.8%  38.4 2696s
 4770577 3085333   43.00000   63   72   72.00000   34.00000  52.8%  38.4 2700s
 4780432 3091694   51.00000   87   71   72.00000   34.00000  52.8%  38.4 2706s
 4786840 3095957   36.00000   49   89   72.00000   34.00000  52.8%  38.4 2710s
 4796330 3102334   59.00000   68   69   72.00000   34.00000  52.8%  38.4 2716s
 4802356 3106373   61.00000   68   58   72.00000   34.00000  52.8%  38.4 2720s
 4812590 3112589   34.00000   55   83   72.00000   34.00000  52.8%  38.4 2726s
 4819228 3116833 infeasible  104        72.00000   34.00000  52.8%  38.4 2730s
 4829302 3123124   71.00000  100   46   72.00000   34.00000  52.8%  38.4 2736s
 4835675 3127607   39.00000   35   81   72.00000   34.00000  52.8%  38.4 2740s
 4845512 3134199   48.00000   80   72   72.00000   34.00000  52.8%  38.4 2746s
 4851833 3138674   56.00000   95   59   72.00000   34.00000  52.8%  38.4 2750s
 4861997 3145023   52.00000   69   53   72.00000   34.00000  52.8%  38.4 2756s
 4871346 3151151   69.00000   85   57   72.00000   34.00000  52.8%  38.4 2761s
 4877788 3155389   48.00000   50   65   72.00000   34.00000  52.8%  38.4 2765s
 4887771 3161779   67.00000   80   48   72.00000   34.00000  52.8%  38.4 2771s
 4893944 3165994   49.00000  110   56   72.00000   34.00000  52.8%  38.4 2775s
 4903762 3172415 infeasible   86        72.00000   34.00000  52.8%  38.4 2781s
 4910170 3176651     cutoff   67        72.00000   34.00000  52.8%  38.4 2785s
 4920016 3182839   60.00000   74   58   72.00000   34.00000  52.8%  38.4 2790s
 4929659 3188588   64.00000   59   57   72.00000   34.00000  52.8%  38.4 2796s
 4936031 3193022   47.00000   66   55   72.00000   34.00000  52.8%  38.4 2800s
 4945504 3198939   65.00000   81   64   72.00000   34.00000  52.8%  38.4 2805s
 4954881 3205306   34.00000   39   75   72.00000   34.00000  52.8%  38.4 2812s
 4961590 3210217   71.00000   97   37   72.00000   34.00000  52.8%  38.4 2816s
 4968250 3214091   60.00000   82   68   72.00000   34.00000  52.8%  38.4 2820s
 4977980 3220153   50.00000   78   78   72.00000   34.00000  52.8%  38.5 2826s
 4983843 3223979   69.00000   75   52   72.00000   34.00000  52.8%  38.5 2830s
 4993846 3230519   56.00000   57   46   72.00000   34.00000  52.8%  38.5 2837s
 5000169 3234635   65.00000   77   55   72.00000   34.00000  52.8%  38.5 2841s
 5007230 3238922   70.00000  148   29   72.00000   34.00000  52.8%  38.5 2845s
 5016184 3245154   65.00000   88   50   72.00000   34.00000  52.8%  38.5 2851s
 5022691 3249312     cutoff   97        72.00000   34.00000  52.8%  38.5 2855s
 5032696 3256297   70.00000   72   49   72.00000   34.00000  52.8%  38.5 2861s
 5039307 3260728   57.00000   67   57   72.00000   34.00000  52.8%  38.5 2865s
 5048651 3266897   51.00000   75   71   72.00000   34.00000  52.8%  38.5 2872s
 5055098 3270898   69.00000  134   59   72.00000   34.00000  52.8%  38.5 2876s
 5061732 3274846   64.00000  103   51   72.00000   34.00000  52.8%  38.5 2880s
 5071450 3280953   68.00000   65   72   72.00000   34.00000  52.8%  38.6 2885s
 5078284 3285413   34.00000   35   79   72.00000   34.00000  52.8%  38.6 2890s
 5087974 3291619   50.00000   70   83   72.00000   34.00000  52.8%  38.6 2896s
 5094638 3295701   71.00000   80   50   72.00000   34.00000  52.8%  38.6 2900s
 5104238 3301521     cutoff   73        72.00000   34.00000  52.8%  38.6 2905s
 5113562 3308413   71.00000   78   42   72.00000   34.00000  52.8%  38.6 2911s
 5119882 3312298   69.00000   69   45   72.00000   34.00000  52.8%  38.6 2915s
 5129630 3318245   63.00000   69   68   72.00000   34.00000  52.8%  38.6 2921s
 5135716 3322051   64.00000   87   40   72.00000   34.00000  52.8%  38.6 2925s
 5145547 3328367   34.00000   59   99   72.00000   34.00000  52.8%  38.6 2930s
 5152141 3332441   70.00000   80   91   72.00000   34.00000  52.8%  38.6 2935s
 5161697 3338594   67.00000   82   43   72.00000   34.00000  52.8%  38.6 2940s
 5167756 3342864   50.00000   59   57   72.00000   34.00000  52.8%  38.6 2945s
 5177880 3349363   61.00000   69   80   72.00000   34.00000  52.8%  38.6 2951s
 5184189 3353500   64.00000   87   48   72.00000   34.00000  52.8%  38.6 2955s
 5193665 3360110   61.00000   83   68   72.00000   34.00000  52.8%  38.6 2961s
 5200191 3364323   59.00000   61   52   72.00000   34.00000  52.8%  38.6 2965s
 5210094 3370976   65.00000   81   81   72.00000   34.00000  52.8%  38.6 2971s
 5216703 3375116   62.00000   92   55   72.00000   34.00000  52.8%  38.6 2975s
 5226248 3381246   71.00000   95   41   72.00000   34.00000  52.8%  38.6 2981s
 5232862 3385213 infeasible   96        72.00000   34.00000  52.8%  38.6 2985s
 5242615 3391452   66.00000   71   64   72.00000   34.00000  52.8%  38.7 2991s
 5252276 3397846   65.00000   86   38   72.00000   34.00000  52.8%  38.7 2996s
 5258506 3401910 infeasible   98        72.00000   34.00000  52.8%  38.7 3000s
 5268235 3408785   44.00000   57   76   72.00000   34.00000  52.8%  38.7 3006s
 5274664 3412932   53.00000   50   86   72.00000   34.00000  52.8%  38.7 3010s
 5284318 3419199   68.00000   62   51   72.00000   34.00000  52.8%  38.7 3016s
 5290935 3423551   71.00000   92   54   72.00000   34.00000  52.8%  38.7 3020s
 5301076 3430446 infeasible  111        72.00000   34.00000  52.8%  38.7 3026s
 5307605 3434313   53.00000   58   77   72.00000   34.00000  52.8%  38.7 3030s
 5317295 3440024   34.00000   41   75   72.00000   34.00000  52.8%  38.7 3036s
 5323487 3444212   70.00000   69   49   72.00000   34.00000  52.8%  38.7 3040s
 5333459 3450058   55.00000   62   74   72.00000   34.00000  52.8%  38.7 3046s
 5342872 3456139   52.00000  120   53   72.00000   34.00000  52.8%  38.7 3051s
 5349714 3460436 infeasible  100        72.00000   34.00000  52.8%  38.7 3055s
 5359498 3466826   68.00000  110   47   72.00000   34.00000  52.8%  38.7 3061s
 5365939 3471007   67.00000   49   51   72.00000   34.00000  52.8%  38.7 3065s
 5375762 3477064   34.00000   47   78   72.00000   34.00000  52.8%  38.7 3071s
 5382513 3481270   62.00000   76   44   72.00000   34.00000  52.8%  38.7 3075s
 5392537 3487558   34.00000   48   94   72.00000   34.00000  52.8%  38.7 3081s
 5399526 3491651   60.00000   51   46   72.00000   34.00000  52.8%  38.7 3085s
 5409089 3497952   65.00000   89   46   72.00000   34.00000  52.8%  38.7 3090s
 5418387 3504012   66.00000   59   62   72.00000   34.00000  52.8%  38.7 3096s
 5424938 3508224   71.00000   92   41   72.00000   34.00000  52.8%  38.7 3100s
 5434655 3514278 infeasible   83        72.00000   34.00000  52.8%  38.7 3106s
 5441525 3518729     cutoff   67        72.00000   34.00000  52.8%  38.7 3110s
 5450947 3525071   59.00000  110   51   72.00000   34.00000  52.8%  38.8 3116s
 5457598 3529015 infeasible   92        72.00000   34.00000  52.8%  38.8 3120s
 5467511 3535906   71.00000   62   62   72.00000   34.00000  52.8%  38.8 3126s
 5473854 3540276   71.00000   78   45   72.00000   34.00000  52.8%  38.8 3130s
 5483815 3546552   61.00000   68   44   72.00000   34.00000  52.8%  38.8 3136s
 5493296 3552522   60.00000   63   70   72.00000   34.00000  52.8%  38.8 3141s
 5499450 3557036   39.00000   69   72   72.00000   34.00000  52.8%  38.8 3145s
 5509406 3563180   71.00000  135   41   72.00000   34.00000  52.8%  38.8 3151s
 5515971 3567487   64.00000   62   49   72.00000   34.00000  52.8%  38.8 3155s
 5525462 3573538   65.00000   85   49   72.00000   34.00000  52.8%  38.8 3161s
 5535969 3579691   71.00000   85   24   72.00000   34.00000  52.8%  38.8 3166s
 5542098 3583539   34.00000   41   77   72.00000   34.00000  52.8%  38.8 3170s
 5551441 3589861   34.00000   57   77   72.00000   34.00000  52.8%  38.8 3176s
 5558070 3594056   71.00000   90   36   72.00000   34.00000  52.8%  38.8 3180s
 5567199 3600088   64.00000  100   61   72.00000   34.00000  52.8%  38.8 3185s
 5573660 3604126   71.00000   78   43   72.00000   34.00000  52.8%  38.8 3190s
 5583338 3609935   70.00000  105   48   72.00000   34.00000  52.8%  38.8 3195s
 5592741 3615943     cutoff   71        72.00000   34.00000  52.8%  38.8 3201s
 5599206 3620393 infeasible   81        72.00000   34.00000  52.8%  38.8 3205s
 5609183 3626216   71.00000   86   28   72.00000   34.00000  52.8%  38.8 3211s
 5615501 3630110   71.00000   82   44   72.00000   34.00000  52.8%  38.8 3215s
 5624827 3636073   45.00000   73   75   72.00000   34.00000  52.8%  38.8 3221s
 5630869 3640371   34.00000   37   83   72.00000   34.00000  52.8%  38.8 3225s
 5640413 3646328   47.00000   55   54   72.00000   34.00000  52.8%  38.8 3231s
 5646791 3650976   50.00000   82   61   72.00000   34.00000  52.8%  38.8 3235s
 5656688 3657927 infeasible   71        72.00000   34.00000  52.8%  38.8 3240s
 5666889 3663878   68.00000   82   42   72.00000   34.00000  52.8%  38.8 3246s
 5673194 3668232   60.00000   54   88   72.00000   34.00000  52.8%  38.8 3250s
 5683369 3674665   50.00000   70   76   72.00000   34.00000  52.8%  38.8 3256s
 5689656 3678655   59.00000   87   43   72.00000   34.00000  52.8%  38.8 3260s
 5698875 3684859   50.00000   56   79   72.00000   34.00000  52.8%  38.8 3266s
 5705378 3688974 infeasible  123        72.00000   34.00000  52.8%  38.8 3270s
 5714975 3695350   59.00000   82   53   72.00000   34.00000  52.8%  38.8 3276s
 5721657 3700087   48.00000   39   67   72.00000   34.00000  52.8%  38.8 3280s
 5731378 3706049 infeasible  117        72.00000   34.00000  52.8%  38.8 3286s
 5737949 3710267   64.00000   65   47   72.00000   34.00000  52.8%  38.9 3290s
 5747820 3717016   65.00000  111   41   72.00000   34.00000  52.8%  38.9 3296s
 5757651 3723251   71.00000  107   23   72.00000   34.00000  52.8%  38.9 3301s
 5764051 3727545   47.00000   63   73   72.00000   34.00000  52.8%  38.9 3305s
 5773840 3733913 infeasible   82        72.00000   34.00000  52.8%  38.9 3311s
 5780134 3738052 infeasible  110        72.00000   34.00000  52.8%  38.9 3315s
 5789977 3744332 infeasible   92        72.00000   34.00000  52.8%  38.9 3321s
 5799684 3750467   71.00000   87   24   72.00000   34.00000  52.8%  38.9 3326s
 5805978 3754882   64.00000   80   63   72.00000   34.00000  52.8%  38.9 3330s
 5812532 3758943   67.00000   73   47   72.00000   34.00000  52.8%  38.9 3335s
 5822122 3765048   47.00000   71   76   72.00000   34.00000  52.8%  38.9 3340s
 5831604 3770945   57.00000   76   57   72.00000   34.00000  52.8%  38.9 3346s
 5838136 3774457   61.00000   89   51   72.00000   34.00000  52.8%  38.9 3350s
 5847605 3780132   51.00000  101   63   72.00000   34.00000  52.8%  38.9 3356s
 5854097 3784405   56.00000   65   46   72.00000   34.00000  52.8%  38.9 3360s
 5864058 3790103   60.00000   52   57   72.00000   34.00000  52.8%  38.9 3366s
 5873609 3795898     cutoff   76        72.00000   34.00000  52.8%  38.9 3371s
 5879569 3800156   63.00000   62   66   72.00000   34.00000  52.8%  38.9 3375s
 5889572 3806750   47.00000   41   55   72.00000   34.00000  52.8%  38.9 3381s
 5896381 3811020   66.00000   77   49   72.00000   34.00000  52.8%  38.9 3385s
 5906244 3817159   53.00000   58   70   72.00000   34.00000  52.8%  38.9 3391s
 5912672 3821295   50.00000   66   77   72.00000   34.00000  52.8%  38.9 3395s
 5922098 3827229   48.00000   51   47   72.00000   34.00000  52.8%  38.9 3401s
 5928366 3830777   69.00000   49   42   72.00000   34.00000  52.8%  38.9 3405s
 5938702 3837595   34.00000   32   90   72.00000   34.00000  52.8%  38.9 3411s
 5945011 3841598 infeasible   70        72.00000   34.00000  52.8%  38.9 3415s
 5954729 3847887 infeasible  145        72.00000   34.00000  52.8%  38.9 3421s
 5961499 3852152 infeasible   84        72.00000   34.00000  52.8%  38.9 3425s
 5970937 3858055 infeasible   85        72.00000   34.00000  52.8%  38.9 3431s
 5977475 3862096   63.00000   75   61   72.00000   34.00000  52.8%  38.9 3435s
 5987200 3868288     cutoff   80        72.00000   34.00000  52.8%  38.9 3440s
 5997250 3874220   50.00000   62   88   72.00000   34.00000  52.8%  39.0 3446s
 6003719 3878525   63.00000   80   83   72.00000   34.00000  52.8%  39.0 3450s
 6013468 3884783   55.00000   63   87   72.00000   34.00000  52.8%  39.0 3455s
 6023247 3891047   59.00000   67   52   72.00000   34.00000  52.8%  39.0 3461s
 6029780 3895448   64.00000   59   71   72.00000   34.00000  52.8%  39.0 3465s
 6039198 3901817   50.00000   69   95   72.00000   34.00000  52.8%  39.0 3471s
 6045675 3905448   69.00000  102   47   72.00000   34.00000  52.8%  39.0 3475s
 6055545 3911684   68.00000   88   60   72.00000   34.00000  52.8%  39.0 3481s
 6061860 3915740   68.00000   86   56   72.00000   34.00000  52.8%  39.0 3485s
 6071416 3922288   52.00000   70   74   72.00000   34.00000  52.8%  39.0 3490s
 6077677 3926736   59.00000  118   43   72.00000   34.00000  52.8%  39.0 3495s
 6087467 3933344   45.00000   52  110   72.00000   34.00000  52.8%  39.0 3501s
 6096836 3939218   55.00000   53   71   72.00000   34.00000  52.8%  39.0 3506s
 6103497 3943350 infeasible   72        72.00000   34.00000  52.8%  39.0 3510s
 6112659 3949096   34.00000   44   79   72.00000   34.00000  52.8%  39.0 3515s
 6122266 3955318 infeasible   73        72.00000   34.00000  52.8%  39.0 3521s
 6128820 3959392 infeasible   87        72.00000   34.00000  52.8%  39.0 3525s
 6137667 3964980   70.00000   49   37   72.00000   34.00000  52.8%  39.0 3531s
 6144659 3968985   53.00000   65   64   72.00000   34.00000  52.8%  39.0 3535s
 6154633 3975449   47.00000   58   85   72.00000   34.00000  52.8%  39.0 3541s
 6161355 3979431   34.00000   62  101   72.00000   34.00000  52.8%  39.0 3545s
 6170604 3985226   69.00000  100   20   72.00000   34.00000  52.8%  39.0 3550s
 6180135 3990892   71.00000   83   42   72.00000   34.00000  52.8%  39.0 3556s
 6186351 3994877   68.00000  120   52   72.00000   34.00000  52.8%  39.0 3560s
 6196122 4001433   69.00000   95   34   72.00000   34.00000  52.8%  39.0 3566s
 6206489 4007862   68.00000   57   89   72.00000   34.00000  52.8%  39.0 3571s
 6212973 4011978   71.00000  113   58   72.00000   34.00000  52.8%  39.0 3575s
 6222474 4017727   69.00000   91   52   72.00000   34.00000  52.8%  39.0 3581s
 6228200 4021895   59.00000   61   48   72.00000   34.00000  52.8%  39.0 3585s
 6238236 4028749     cutoff   97        72.00000   34.00000  52.8%  39.1 3591s
 6245075 4033166   64.00000   67   50   72.00000   34.00000  52.8%  39.1 3595s
 6251436 4037308   34.00000   52  112   72.00000   34.00000  52.8%  39.1 3600s

Explored 6254614 nodes (244327153 simplex iterations) in 3600.14 seconds (923.77 work units)
Thread count was 32 (of 32 available processors)

Solution count 10: 72 73 74 ... 83

Time limit reached
Best objective 7.200000000000e+01, best bound 3.400000000000e+01, gap 52.7778%
