
Gurobi 13.0.0 (linux64) logging started Wed Nov 26 07:01:52 2025

Set parameter LogFile to value "./Results/StripPacking-CutHeur/Logs/SBM-010-StripPacking-50-0.log"
Set parameter TimeLimit to value 3600
Set parameter Cuts to value 0
Set parameter Presolve to value 1
Set parameter Heuristics to value 0
Set parameter LogToConsole to value 0
Set parameter LPWarmStart to value 2
Gurobi Optimizer version 13.0.0 build v13.0.0rc1 (linux64 - "Debian GNU/Linux 12 (bookworm)")

CPU model: Intel(R) Xeon(R) CPU E5-2630 v3 @ 2.40GHz, instruction set [SSE2|AVX|AVX2]
Thread count: 16 physical cores, 32 logical processors, using up to 32 threads

Non-default parameters:
TimeLimit  3600
LPWarmStart  2
Heuristics  0
Cuts  0
LogToConsole  0
Presolve  1

Optimize a model with 22100 rows, 3776 columns and 66250 nonzeros (Min)
Model fingerprint: 0xeac2430b
Model has 1 linear objective coefficients
Variable types: 1326 continuous, 2450 integer (2450 binary)
Coefficient statistics:
  Matrix range     [1e+00, 1e+04]
  Objective range  [1e+00, 1e+00]
  Bounds range     [1e+00, 1e+04]
  RHS range        [1e+00, 1e+04]

Warning: Completing partial solution with 2450 unfixed non-continuous variables out of 2450
User MIP start produced solution with objective 191.6 (0.05s)
User MIP start produced solution with objective 191.6 (0.05s)
Loaded user MIP start with objective 191.6

Presolve removed 6125 rows and 0 columns
Presolve time: 0.10s
Presolved: 15975 rows, 3776 columns, 50325 nonzeros
Variable types: 1326 continuous, 2450 integer (2450 binary)

Root relaxation: objective 3.500000e+01, 2976 iterations, 0.29 seconds (0.20 work units)

    Nodes    |    Current Node    |     Objective Bounds      |     Work
 Expl Unexpl |  Obj  Depth IntInf | Incumbent    BestBd   Gap | It/Node Time

     0     0   35.00000    0  459  191.60000   35.00000  81.7%     -    0s
     0     0   35.00000    0  459  191.60000   35.00000  81.7%     -    1s
     0     0   35.00000    0  423  191.60000   35.00000  81.7%     -    1s
     0     2   35.00000    0  423  191.60000   35.00000  81.7%     -    1s
   596   719   60.00000   33  421  191.60000   35.00000  81.7%   165    5s
  2891  2998  135.00000  255  216  191.60000   35.00000  81.7%  90.1   10s
  6554  6253   71.00000   50  353  191.60000   35.00000  81.7%  62.5   15s
  9707  8695  131.00000  210  488  191.60000   35.00000  81.7%  55.7   20s
  9708  8696  110.00000  109  462  191.60000   35.00000  81.7%  55.7   26s
 10052  8955   67.00000   30  313  191.60000   35.00000  81.7%  61.6   30s
 10888  9543   74.00000   55  327  191.60000   35.00000  81.7%  67.4   35s
 11796 10188   74.00000   80  338  191.60000   35.00000  81.7%  71.7   40s
 12837 10961   86.00000  109  370  191.60000   35.00000  81.7%  75.1   45s
 14482 12135  124.00000  156  277  191.60000   35.00000  81.7%  77.0   50s
 15892 13096  133.00000  202  311  191.60000   35.00000  81.7%  79.1   55s
 17335 14003  146.00000  259  245  191.60000   35.00000  81.7%  78.7   60s
 18891 14840  151.00000  308  207  191.60000   35.00000  81.7%  78.3   65s
 21354 15823 infeasible  387       191.60000   35.00000  81.7%  73.7   70s
 23309 17270  190.00000  146  245  191.60000   35.00000  81.7%  73.2   76s
*24104 16146             296     191.0000000   35.00000  81.7%  72.1   76s
*25340 15887             381     190.0000000   35.00000  81.6%  71.4   79s
 25506 16143     cutoff  303       190.00000   35.00000  81.6%  71.5   80s
 27447 17112  187.00000  146  243  190.00000   35.00000  81.6%  72.3   85s
 29679 18710   45.00000   25  599  190.00000   35.00000  81.6%  71.8   90s
 32101 20276  189.00000  108  288  190.00000   35.00000  81.6%  71.7   96s
 34181 21654   62.00000   30  353  190.00000   35.00000  81.6%  70.9  100s
 36370 23296  173.00000   85  315  190.00000   35.00000  81.6%  70.6  105s
 38523 25345  180.00000  123  276  190.00000   35.00000  81.6%  70.3  110s
 40929 27418  189.00000  175  222  190.00000   35.00000  81.6%  70.1  116s
 43828 29887     cutoff  231       190.00000   35.00000  81.6%  69.7  122s
 45198 31022 infeasible  259       190.00000   35.00000  81.6%  69.8  125s
 47709 33583  179.00000  141  208  190.00000   35.00000  81.6%  69.6  132s
*48681 29128             293     189.0000000   35.00000  81.5%  69.3  132s
 49464 30197   64.00000   25  366  189.00000   35.00000  81.5%  69.2  136s
*50561 27963             288     188.0000000   35.00000  81.4%  68.9  136s
 51043 29039  175.00000   97  278  188.00000   35.00000  81.4%  69.0  141s
 52617 31508  187.00000  187  163  188.00000   35.00000  81.4%  69.2  145s
*56783 30922             422     187.0000000   35.00000  81.3%  68.5  148s
 56953 31722     cutoff  265       187.00000   35.00000  81.3%  68.6  152s
 57866 32713   81.00000   41  315  187.00000   35.00000  81.3%  68.6  156s
*58265 32713             258     187.0000000   35.00000  81.3%  68.7  156s
*58277 30574             259     186.0000000   35.00000  81.2%  68.7  156s
 60498 32733  123.36060   90  340  186.00000   35.00000  81.2%  68.9  163s
 61985 34005  169.00000  108  274  186.00000   35.00000  81.2%  68.7  167s
 63445 36669  169.00000  126  261  186.00000   35.00000  81.2%  68.7  170s
 69014 38926  158.00000  115  303  186.00000   35.00000  81.2%  66.6  176s
 70861 40489  185.00000  234  109  186.00000   35.00000  81.2%  66.4  181s
 73215 42473  161.00000   95  304  186.00000   35.00000  81.2%  66.4  186s
 75550 44550     cutoff  275       186.00000   35.00000  81.2%  66.4  191s
 77907 46534  184.00000  176  170  186.00000   35.00000  81.2%  66.7  197s
 79176 47767   77.00000   26  317  186.00000   35.00000  81.2%  67.1  201s
 81873 51727  185.00000  205  162  186.00000   35.00000  81.2%  67.1  207s
 85581 53057   77.00000   62  363  186.00000   35.00000  81.2%  65.8  211s
 87037 54712  104.00000  123  330  186.00000   35.00000  81.2%  66.3  215s
 90348 57484  173.00000  253  197  186.00000   35.00000  81.2%  66.5  223s
 92061 58870  176.00000  282  179  186.00000   35.00000  81.2%  66.4  227s
 93687 60992  139.00000   87  268  186.00000   35.00000  81.2%  66.5  231s
 98149 63698  185.00000  192  216  186.00000   35.00000  81.2%  65.8  237s
 99943 64930  125.00000   80  290  186.00000   35.00000  81.2%  65.6  240s
 103347 67767   56.00000   32  414  186.00000   35.00000  81.2%  65.3  247s
*104908 60199             354     185.0000000   35.00000  81.1%  65.1  247s
 105013 61051  153.00000   91  236  185.00000   35.00000  81.1%  65.1  250s
 108274 63843  178.00000  121  273  185.00000   35.00000  81.1%  65.1  257s
 109801 65095  184.00000  244  123  185.00000   35.00000  81.1%  65.2  261s
 114671 68572   49.00000   38  415  185.00000   35.00000  81.1%  64.5  266s
 117205 70761  184.00000  223  144  185.00000   35.00000  81.1%  64.5  272s
 118619 72004  124.00000   50  300  185.00000   35.00000  81.1%  64.6  275s
 121547 74650  184.00000  226  132  185.00000   35.00000  81.1%  64.4  280s
 124505 77013  116.00000  113  266  185.00000   35.00000  81.1%  64.5  286s
 126785 79032  149.00000  184  312  185.00000   35.00000  81.1%  64.7  293s
 128046 81577  177.00000  209  219  185.00000   35.00000  81.1%  64.7  297s
 132037 82742   77.00000   46  357  185.00000   35.00000  81.1%  64.3  301s
 134199 84558  184.00000  185  189  185.00000   35.00000  81.1%  64.1  305s
 136680 87017  109.00000   66  312  185.00000   35.00000  81.1%  64.0  310s
 139664 89182 infeasible  247       185.00000   35.00000  81.1%  63.6  315s
 142535 91807  180.00000  176  197  185.00000   35.00000  81.1%  63.4  321s
 145417 93759  125.00000   62  264  185.00000   35.00000  81.1%  63.2  327s
 146506 94803  184.00000  133  310  185.00000   35.00000  81.1%  63.3  330s
 149096 97239  184.00000  274   41  185.00000   35.00000  81.1%  63.4  337s
 150705 99674  114.00000   89  353  185.00000   35.00000  81.1%  63.4  341s
 155104 101578  162.00000  148  341  185.00000   35.00000  81.1%  62.9  346s
*156964 92170             318     184.0000000   35.00000  81.0%  62.7  349s
 157554 92839 infeasible  207       184.00000   35.00000  81.0%  62.7  351s
 160047 95047  183.00000  212  124  184.00000   35.00000  81.0%  62.7  357s
 162767 97059  179.00000  127  260  184.00000   35.00000  81.0%  62.7  362s
 164149 98058  179.00000  183  221  184.00000   35.00000  81.0%  62.6  366s
 167002 100767  169.00000  143  213  184.00000   35.00000  81.0%  62.6  371s
*168308 90926             342     183.0000000   35.00000  80.9%  62.4  372s
 170749 93493  150.00000   73  253  183.00000   35.00000  80.9%  62.3  378s
 172401 94693  178.00000  143  197  183.00000   35.00000  80.9%  62.2  381s
 175736 97420  173.00000  143  234  183.00000   35.00000  80.9%  62.2  387s
 177403 98673   57.00000   34  359  183.00000   35.00000  80.9%  62.0  390s
 180455 101217  172.00000  138  302  183.00000   35.00000  80.9%  62.2  397s
 181885 102760  167.00000  178  215  183.00000   35.00000  80.9%  62.2  400s
 185184 106218  182.00000  279  157  183.00000   35.00000  80.9%  62.2  407s
 188424 107287 infeasible  388       183.00000   35.00000  80.9%  61.9  410s
 191312 109926   84.00000  103  258  183.00000   35.00000  80.9%  62.0  416s
 192814 111493  110.00000  136  262  183.00000   35.00000  80.9%  62.1  420s
 196327 114442  165.00000  260  173  183.00000   35.00000  80.9%  62.1  428s
 197980 116232  148.00000  313  167  183.00000   35.00000  80.9%  62.0  432s
 200132 117562   49.00000   27  420  183.00000   35.00000  80.9%  62.0  435s
 203261 120084  182.00000  211  150  183.00000   35.00000  80.9%  61.9  442s
 204728 121462  167.00000   85  260  183.00000   35.00000  80.9%  61.9  445s
 208003 123952  135.00000   97  250  183.00000   35.00000  80.9%  61.8  452s
 209591 125188  182.00000  201  199  183.00000   35.00000  80.9%  61.8  455s
 212845 127977  146.00000   89  301  183.00000   35.00000  80.9%  61.7  461s
 216114 130352   75.00000   69  322  183.00000   35.00000  80.9%  61.7  468s
 217468 131528 infeasible  155       183.00000   35.00000  80.9%  61.7  471s
 220515 134255  182.00000  219  135  183.00000   35.00000  80.9%  61.8  478s
 222245 135876  143.00000  101  316  183.00000   35.00000  80.9%  61.8  481s
 225799 138642  157.00000  118  239  183.00000   35.00000  80.9%  61.9  487s
 227273 141686  171.00000  166  213  183.00000   35.00000  80.9%  61.9  490s
 232223 143513  104.00000  107  281  183.00000   35.00000  80.9%  61.6  496s
 235054 146070  167.00000  218  205  183.00000   35.00000  80.9%  61.6  503s
 236727 147256  167.00000  250  210  183.00000   35.00000  80.9%  61.7  507s
 238461 148672  182.00000  272  163  183.00000   35.00000  80.9%  61.6  510s
 242091 151583  144.00000   95  269  183.00000   35.00000  80.9%  61.5  517s
 243908 153011  180.00000  194  189  183.00000   35.00000  80.9%  61.5  520s
 248357 156178  179.00000  122  285  183.00000   35.00000  80.9%  61.2  526s
 251125 158584  171.00000   67  285  183.00000   35.00000  80.9%  61.3  532s
 252634 159663  180.00000  177  258  183.00000   35.00000  80.9%  61.3  535s
 255617 162428   82.00000   48  356  183.00000   35.00000  80.9%  61.3  542s
 257394 163851  181.00000  164  236  183.00000   35.00000  80.9%  61.3  546s
 261083 166476  171.00000   89  306  183.00000   35.00000  80.9%  61.2  553s
 262568 167651   60.00000   44  393  183.00000   35.00000  80.9%  61.2  556s
 265706 170662  182.00000  234  164  183.00000   35.00000  80.9%  61.1  562s
 267964 172249  171.00000  102  284  183.00000   35.00000  80.9%  61.0  565s
 271571 175435   35.00000   32  581  183.00000   35.00000  80.9%  60.7  570s
 275108 177847  164.00000   92  230  183.00000   35.00000  80.9%  60.6  577s
 276932 178899  182.00000  190  184  183.00000   35.00000  80.9%  60.5  580s
 279940 181367  181.00000  170  218  183.00000   35.00000  80.9%  60.5  586s
 283001 183755  174.00000  137  260  183.00000   35.00000  80.9%  60.5  592s
 284512 185123  182.00000  243  159  183.00000   35.00000  80.9%  60.5  596s
 287590 187683  103.00000   54  274  183.00000   35.00000  80.9%  60.7  602s
 289161 188985  141.00000  102  220  183.00000   35.00000  80.9%  60.7  605s
 292531 191738  182.00000  179  143  183.00000   35.00000  80.9%  60.7  612s
 294137 193101 infeasible  215       183.00000   35.00000  80.9%  60.7  616s
 297580 195553  130.00000   70  272  183.00000   35.00000  80.9%  60.7  623s
 299097 196807  182.00000  154  188  183.00000   35.00000  80.9%  60.7  626s
 300619 198351   52.00000   39  428  183.00000   35.00000  80.9%  60.8  630s
 306255 201975  105.00000   62  312  183.00000   35.00000  80.9%  60.3  635s
 308773 204431  179.00000  281  132  183.00000   35.00000  80.9%  60.3  641s
 311453 206460   92.00000  108  336  183.00000   35.00000  80.9%  60.3  646s
 313595 208703  182.00000  234  206  183.00000   35.00000  80.9%  60.5  652s
 314972 209867  180.00000   94  232  183.00000   35.00000  80.9%  60.5  655s
 320143 213186  124.00000  131  262  183.00000   35.00000  80.9%  60.2  660s
 322719 215658  182.00000  315  125  183.00000   35.00000  80.9%  60.1  665s
 325860 219008  179.00000  206  202  183.00000   35.00000  80.9%  60.1  671s
 329199 220837  175.00000  132  198  183.00000   35.00000  80.9%  60.0  675s
 331628 222616   70.00000   37  364  183.00000   35.00000  80.9%  59.9  680s
 334015 224924 infeasible  222       183.00000   35.00000  80.9%  59.9  685s
 336857 227270  179.00000  141  208  183.00000   35.00000  80.9%  59.8  690s
 340276 230017  170.00000  123  238  183.00000   35.00000  80.9%  59.7  697s
 344846 233076   83.00000   45  367  183.00000   35.00000  80.9%  59.5  702s
 347381 235144  180.00000  188  169  183.00000   35.00000  80.9%  59.4  707s
 349870 237133  167.00000  109  339  183.00000   35.00000  80.9%  59.5  712s
 351112 238360  181.00000  170  283  183.00000   35.00000  80.9%  59.5  715s
 354260 241077  182.00000  171  162  183.00000   35.00000  80.9%  59.5  721s
 357251 243184   70.00000   51  370  183.00000   35.00000  80.9%  59.5  727s
 358598 244664  101.00000   90  307  183.00000   35.00000  80.9%  59.6  730s
 361877 248605  120.00000  191  261  183.00000   35.00000  80.9%  59.6  737s
 366035 250414  182.00000  354   81  183.00000   35.00000  80.9%  59.5  742s
 367317 251363   51.00000   34  434  183.00000   35.00000  80.9%  59.5  745s
 369797 253637  181.00000  181  233  183.00000   35.00000  80.9%  59.5  750s
 374190 256819  140.00000  104  321  183.00000   35.00000  80.9%  59.3  756s
 376501 258644 infeasible  239       183.00000   35.00000  80.9%  59.4  761s
 379103 261244  113.00000  161  267  183.00000   35.00000  80.9%  59.4  767s
 380576 262646  123.00000  213  278  183.00000   35.00000  80.9%  59.4  770s
*381175 222116             286     182.0000000   35.00000  80.8%  59.5  770s
 383618 226309  154.00000  287  209  182.00000   35.00000  80.8%  59.5  778s
 387410 226998 infeasible  352       182.00000   35.00000  80.8%  59.3  780s
 389574 228977     cutoff  178       182.00000   35.00000  80.8%  59.4  786s
 392111 231114   96.00000  151  299  182.00000   35.00000  80.8%  59.4  792s
 396534 234285  114.00000  236  300  182.00000   35.00000  80.8%  59.3  797s
 397488 235368  124.00000  243  277  182.00000   35.00000  80.8%  59.4  800s
 399956 237469  140.00000  301  226  182.00000   35.00000  80.8%  59.4  806s
 402646 238955  181.00000  160  199  182.00000   35.00000  80.8%  59.4  810s
 404972 241369 infeasible  346       182.00000   35.00000  80.8%  59.4  816s
*405446 222891             319     181.0000000   35.00000  80.7%  59.4  816s
 407876 225126  143.00000   70  252  181.00000   35.00000  80.7%  59.6  823s
 409466 226467  178.00000   96  180  181.00000   35.00000  80.7%  59.6  827s
 411133 228033  178.00000  144  203  181.00000   35.00000  80.7%  59.6  830s
 414598 230693  179.00000  203  171  181.00000   35.00000  80.7%  59.6  837s
 416315 231870     cutoff  224       181.00000   35.00000  80.7%  59.6  841s
 417937 233130  180.00000  124  236  181.00000   35.00000  80.7%  59.6  845s
 421015 235616  167.00000   82  247  181.00000   35.00000  80.7%  59.7  851s
 422417 237278  179.00000  182  158  181.00000   35.00000  80.7%  59.7  855s
 425859 239816  164.00000  119  287  181.00000   35.00000  80.7%  59.8  862s
 427568 241091  177.00000  208  172  181.00000   35.00000  80.7%  59.7  866s
 431238 243877  180.00000  235  133  181.00000   35.00000  80.7%  59.6  872s
 433032 245256   82.00000   49  311  181.00000   35.00000  80.7%  59.6  875s
 436217 247813   88.00000   66  358  181.00000   35.00000  80.7%  59.6  882s
 437788 250006  177.00000  156  282  181.00000   35.00000  80.7%  59.6  886s
 441826 252323  167.00000  138  272  181.00000   35.00000  80.7%  59.6  893s
 443413 253753     cutoff  236       181.00000   35.00000  80.7%  59.6  897s
 445134 254955  178.00000  127  215  181.00000   35.00000  80.7%  59.6  900s
 448480 257423  156.00000   79  263  181.00000   35.00000  80.7%  59.5  906s
 449909 258650 infeasible  165       181.00000   35.00000  80.7%  59.5  910s
 453118 261316  169.00000   95  233  181.00000   35.00000  80.7%  59.6  916s
 454714 262651  178.00000  127  260  181.00000   35.00000  80.7%  59.6  920s
 457974 265278 infeasible  185       181.00000   35.00000  80.7%  59.6  928s
 459609 266625  172.00000  126  210  181.00000   35.00000  80.7%  59.6  932s
 461175 267978  180.00000  249   71  181.00000   35.00000  80.7%  59.6  935s
 464120 270602  100.00000  128  299  181.00000   35.00000  80.7%  59.7  943s
 465877 272348  124.00000  180  306  181.00000   35.00000  80.7%  59.7  946s
*466562 243024             425     180.0000000   35.00000  80.6%  59.7  947s
 468007 243978  133.00000  236  288  180.00000   35.00000  80.6%  59.7  950s
 471494 246568  150.00000  322  217  180.00000   35.00000  80.6%  59.7  957s
 472827 247721  162.00000  337  201  180.00000   35.00000  80.6%  59.7  960s
 477437 251175 infeasible  434       180.00000   35.00000  80.6%  59.7  966s
 479955 253312  165.00000  179  257  180.00000   35.00000  80.6%  59.7  971s
 483130 256093  177.00000   92  294  180.00000   35.08216  80.5%  59.7  978s
 484801 257510  178.00000  188  231  180.00000   35.08216  80.5%  59.7  981s
 489614 260525  145.00000   95  264  180.00000   35.08216  80.5%  59.5  985s
 492862 263201   56.00000   43  456  180.00000   35.08216  80.5%  59.5  992s
 495295 265322  176.00000  161  234  180.00000   35.28582  80.4%  59.5  997s
 497948 267446   99.00000  108  297  180.00000   35.28582  80.4%  59.5 1002s
 499258 268562  171.00000  207  208  180.00000   35.28582  80.4%  59.5 1005s
 502304 270878  170.00000  121  236  180.00000   35.38525  80.3%  59.4 1011s
 505192 273079   98.00000   65  309  180.00000   35.49561  80.3%  59.4 1016s
 507964 275676   96.00000   40  339  180.00000   35.49561  80.3%  59.4 1023s
 509716 276969  172.00000  160  310  180.00000   35.49561  80.3%  59.4 1026s
 513108 279609   92.00000   43  298  180.00000   35.49981  80.3%  59.4 1032s
 514796 280825  175.00000  128  224  180.00000   35.49981  80.3%  59.4 1036s
 518126 283579  178.00000  189  194  180.00000   35.65066  80.2%  59.4 1042s
 519831 285514   77.00000   54  334  180.00000   35.66286  80.2%  59.4 1046s
 523700 288172  172.00000  108  223  180.00000   35.66286  80.2%  59.5 1052s
 525356 289505  173.00000  126  266  180.00000   35.66286  80.2%  59.5 1055s
 528705 292116  179.00000  200  153  180.00000   35.74419  80.1%  59.4 1062s
 530352 293497   98.00000   42  337  180.00000   35.78689  80.1%  59.4 1065s
 533465 295958  179.00000  255  136  180.00000   35.84149  80.1%  59.4 1072s
 535095 297171  121.00000   64  281  180.00000   35.84149  80.1%  59.5 1075s
 538136 299749   65.00000   52  395  180.00000   35.84149  80.1%  59.5 1082s
 539785 300994  179.00000  142  214  180.00000   35.84149  80.1%  59.5 1086s
*540168 273880             284     179.0000000   35.84149  80.0%  59.5 1086s
 541452 274884  127.00000   76  299  179.00000   35.84149  80.0%  59.5 1090s
 544860 277580  107.00000   53  308  179.00000   35.92038  79.9%  59.4 1096s
 548382 280294  178.00000  269   55  179.00000   35.93196  79.9%  59.4 1102s
 550208 281759   99.00000   68  312  179.00000   36.00000  79.9%  59.4 1105s
*552766 266740             343     178.0000000   36.06404  79.7%  59.5 1109s
 553471 268183  131.00000  194  221  178.00000   36.06404  79.7%  59.5 1112s
 555032 271079  144.00000  239  159  178.00000   36.06404  79.7%  59.5 1116s
 559492 272661   91.00000   88  324  178.00000   36.06404  79.7%  59.3 1121s
 561624 274443  117.00000  178  254  178.00000   36.06404  79.7%  59.4 1126s
 563459 276033  130.00000  228  256  178.00000   36.19683  79.7%  59.5 1132s
 564353 276998  159.00000  243  243  178.00000   36.19683  79.7%  59.6 1135s
 569219 280514 infeasible  149       178.00000   36.19683  79.7%  59.5 1140s
 571478 282769  176.00000  180  296  178.00000   36.19683  79.7%  59.5 1147s
 573112 284156   70.00000   30  343  178.00000   36.19683  79.7%  59.5 1150s
 576371 286900  175.00000  203  158  178.00000   36.19683  79.7%  59.5 1157s
 579724 289385     cutoff  165       178.00000   36.19683  79.7%  59.5 1162s
 581285 290628  175.00000  266  133  178.00000   36.19683  79.7%  59.5 1165s
 584637 293457  176.00000  151  283  178.00000   36.64224  79.4%  59.4 1172s
 588953 296518 infeasible  108       178.00000   36.64224  79.4%  59.4 1177s
 590132 297724  177.00000  107  240  178.00000   36.64224  79.4%  59.4 1180s
 593312 300191  116.00000   77  310  178.00000   36.82763  79.3%  59.4 1186s
 596576 302782  174.00000  224  238  178.00000   36.82763  79.3%  59.3 1192s
 598231 304153  106.00000   61  280  178.00000   36.92072  79.3%  59.3 1195s
 601684 306759 infeasible  185       178.00000   36.92072  79.3%  59.3 1202s
 602955 307771  177.00000  227  155  178.00000   36.92072  79.3%  59.4 1205s
 605848 310306  176.00000  154  283  178.00000   36.92072  79.3%  59.5 1212s
 607401 311366  177.00000  275  133  178.00000   36.92072  79.3%  59.5 1215s
 610582 314148  175.00000  168  249  178.00000   36.92072  79.3%  59.5 1222s
*611390 295608             290     177.0000000   36.92072  79.1%  59.5 1223s
 612251 296628     cutoff  263       177.00000   36.92072  79.1%  59.5 1226s
 615434 300019  166.00000  249  196  177.00000   37.00000  79.1%  59.5 1232s
 619316 302018  176.00000  125  226  177.00000   37.00000  79.1%  59.4 1237s
 621895 303985  114.00000   57  289  177.00000   37.00000  79.1%  59.4 1242s
 624673 306031  176.00000  227  165  177.00000   37.00000  79.1%  59.4 1247s
 625904 307061   53.00000   41  406  177.00000   37.77273  78.7%  59.5 1250s
 628342 309716  172.00000   99  252  177.00000   37.77273  78.7%  59.6 1256s
 631379 312160  176.00000  160  200  177.00000   37.77273  78.7%  59.6 1262s
 632856 313253  111.00000   87  299  177.00000   38.00000  78.5%  59.6 1265s
 636109 315533   69.00000   43  328  177.00000   38.00000  78.5%  59.5 1272s
 637468 316877  134.00000  125  247  177.00000   38.00000  78.5%  59.5 1275s
 642309 320262  136.00000  110  279  177.00000   38.00000  78.5%  59.4 1281s
 644912 322522  176.00000  309  137  177.00000   38.00000  78.5%  59.4 1286s
*646109 303296             285     176.0000000   38.00000  78.4%  59.4 1287s
 646361 304040   48.00000   33  485  176.00000   38.00000  78.4%  59.4 1290s
 649038 306555  175.00000  253  125  176.00000   38.00000  78.4%  59.4 1296s
 652398 309442  129.00000  141  276  176.00000   38.00000  78.4%  59.4 1302s
 653691 310605  125.00000  177  296  176.00000   38.00000  78.4%  59.4 1305s
 658399 313523 infeasible  335       176.00000   38.00000  78.4%  59.3 1310s
 660670 316048   56.00000   58  436  176.00000   38.00000  78.4%  59.4 1316s
 662901 319207  173.00000  173  210  176.00000   38.00000  78.4%  59.4 1321s
 666312 320605   96.00000   57  251  176.00000   38.00000  78.4%  59.4 1326s
 668378 322656  135.00000   74  249  176.00000   38.40348  78.2%  59.5 1332s
 669573 323572  170.00000   83  248  176.00000   38.40348  78.2%  59.5 1335s
 671760 325673  170.00000  110  256  176.00000   38.40348  78.2%  59.5 1341s
 674505 329849  173.00000  143  245  176.00000   38.71429  78.0%  59.6 1347s
 678409 331026 infeasible  193       176.00000   38.71429  78.0%  59.4 1351s
 681730 333707  175.00000  143  236  176.00000   38.71429  78.0%  59.4 1358s
 683493 335002  175.00000  273   91  176.00000   38.71429  78.0%  59.4 1361s
 685118 336304  126.00000   63  324  176.00000   38.71429  78.0%  59.4 1365s
 688258 338881  153.00000  120  268  176.00000   39.00000  77.8%  59.4 1372s
 690034 340182  171.00000  212  229  176.00000   39.00000  77.8%  59.3 1375s
 693491 342918  173.00000  182  237  176.00000   39.00000  77.8%  59.3 1381s
 696709 345439  170.00000  125  226  176.00000   39.00000  77.8%  59.3 1387s
 698180 346521  175.00000  204  225  176.00000   39.00000  77.8%  59.3 1390s
 700793 349062 infeasible  163       176.00000   39.00000  77.8%  59.4 1397s
 702515 350791  120.00000   71  287  176.00000   39.00000  77.8%  59.5 1401s
 704413 354121  172.00000  187  246  176.00000   39.00000  77.8%  59.5 1405s
 709729 356150  137.00000  159  235  176.00000   39.00000  77.8%  59.4 1410s
 712153 358020  157.00000  242  237  176.00000   39.00000  77.8%  59.4 1416s
 714507 360039  174.00000  310  111  176.00000   39.00000  77.8%  59.5 1422s
 715926 361206   72.00000   46  400  176.00000   39.00000  77.8%  59.5 1425s
 720871 365295  157.00000  118  260  176.00000   39.00000  77.8%  59.3 1432s
 722460 366772  175.00000  208  192  176.00000   39.00000  77.8%  59.3 1435s
 725833 369083  116.00000   69  302  176.00000   39.00000  77.8%  59.3 1441s
 728817 371526  130.00000  178  249  176.00000   39.00000  77.8%  59.3 1447s
 730200 372493  131.00000  218  266  176.00000   39.00000  77.8%  59.4 1451s
 732940 374820  147.00000  268  213  176.00000   39.00000  77.8%  59.4 1457s
 734446 376043  167.00000  316  147  176.00000   39.00000  77.8%  59.4 1461s
 735991 377396  175.00000  375   19  176.00000   39.00000  77.8%  59.4 1465s
 739490 380010   73.00000   47  410  176.00000   39.00000  77.8%  59.4 1471s
 742410 382403  164.00000  198  262  176.00000   39.00000  77.8%  59.5 1477s
 743744 384981  173.00000  233  230  176.00000   39.00000  77.8%  59.5 1481s
 748400 386929  175.00000  120  220  176.00000   39.75595  77.4%  59.4 1485s
 750846 388753   58.00000   33  416  176.00000   40.00000  77.3%  59.4 1490s
 753385 391206   96.00000  116  240  176.00000   40.00000  77.3%  59.5 1495s
 756026 393347  117.00000  214  203  176.00000   40.00000  77.3%  59.5 1500s
 758624 396766  139.00000  277  183  176.00000   40.00000  77.3%  59.5 1506s
 762932 399132  173.00000   93  236  176.00000   40.00000  77.3%  59.4 1512s
 764411 400366 infeasible  199       176.00000   40.00000  77.3%  59.4 1515s
 767425 404693  108.00000  127  263  176.00000   40.00000  77.3%  59.5 1523s
 771563 405484  149.00000  258  202  176.00000   40.00000  77.3%  59.4 1525s
 773714 407410  171.00000  313  131  176.00000   40.00000  77.3%  59.4 1531s
 776270 409636  146.00000   93  256  176.00000   40.00000  77.3%  59.4 1536s
 779126 411919   56.00000   61  424  176.00000   40.00000  77.3%  59.4 1542s
 781899 414173 infeasible  229       176.00000   40.00000  77.3%  59.4 1548s
 783328 415317  120.00000   76  324  176.00000   40.00000  77.3%  59.4 1550s
 786564 417852  175.00000  271  124  176.00000   40.00000  77.3%  59.4 1557s
 788092 419206  124.00000  149  272  176.00000   40.00000  77.3%  59.4 1560s
 791561 422075  142.00000   97  269  176.00000   40.00000  77.3%  59.3 1566s
 794815 424531   88.00000   92  343  176.00000   40.00000  77.3%  59.3 1571s
 796341 425822  111.00000  143  305  176.00000   40.00000  77.3%  59.3 1575s
 800423 428991  137.00000  221  261  176.00000   40.00000  77.3%  59.3 1581s
 802800 430877  157.00000  284  202  176.00000   40.00000  77.3%  59.3 1588s
 803904 433394  164.00000  304  181  176.00000   40.00000  77.3%  59.4 1591s
 809458 436335  161.00000  164  258  176.00000   40.00000  77.3%  59.2 1597s
 811085 437416  173.00000  239  209  176.00000   40.00000  77.3%  59.2 1600s
 814024 439906  175.00000  131  252  176.00000   40.00000  77.3%  59.2 1606s
 817083 443671  103.00000   72  332  176.00000   40.00000  77.3%  59.2 1612s
 820218 444694   57.00000   40  401  176.00000   40.00000  77.3%  59.1 1615s
 822716 446708 infeasible  219       176.00000   40.00000  77.3%  59.1 1621s
 825498 449017  105.00000   84  334  176.00000   40.00000  77.3%  59.2 1627s
 826931 450191  168.00000  183  242  176.00000   40.00000  77.3%  59.2 1630s
 829902 452656  102.00000   77  283  176.00000   40.00000  77.3%  59.2 1637s
 831563 454072  175.00000  165  240  176.00000   40.00000  77.3%  59.2 1640s
 835212 456787  132.00000   55  285  176.00000   40.00000  77.3%  59.1 1646s
 836962 458110  168.00000  148  275  176.00000   40.00000  77.3%  59.1 1650s
 840822 461037  175.00000  113  278  176.00000   40.00000  77.3%  59.0 1655s
*843147 424214             317     175.0000000   40.00000  77.1%  59.0 1658s
 843703 424856  112.00000   84  274  175.00000   40.00000  77.1%  59.0 1661s
 848318 427958  121.00000   61  302  175.00000   40.00000  77.1%  59.0 1666s
 849337 429426  154.00000   78  253  175.00000   40.00000  77.1%  59.0 1670s
 852414 431989  172.00000  131  232  175.00000   40.00000  77.1%  59.1 1677s
 854045 433363  174.00000  166  162  175.00000   40.00000  77.1%  59.1 1680s
 857466 436048  174.00000  222   88  175.00000   40.00000  77.1%  59.1 1687s
 859250 437261  174.00000  256   27  175.00000   40.00000  77.1%  59.0 1691s
 860837 438543  138.00000  110  265  175.00000   40.00000  77.1%  59.0 1695s
 866370 442307  134.00000   82  312  175.00000   40.00000  77.1%  58.9 1702s
 867305 443522  174.00000  144  240  175.00000   40.00000  77.1%  58.9 1705s
 870125 445940   71.00000   62  346  175.00000   40.00000  77.1%  58.9 1711s
 873430 448635  114.00000  164  237  175.00000   40.00000  77.1%  58.9 1718s
 875069 450059  136.00000  222  197  175.00000   40.00000  77.1%  58.9 1721s
 878562 452600  166.00000  325  109  175.00000   40.00000  77.1%  58.9 1728s
 880139 453701  104.00000   51  315  175.00000   40.00000  77.1%  58.9 1731s
 883088 456986  174.00000  247  150  175.00000   40.00000  77.1%  58.9 1737s
 885486 458231  143.00000  103  262  175.00000   40.00000  77.1%  58.9 1740s
 888575 460542  174.00000   97  245  175.00000   40.00000  77.1%  58.8 1746s
 891684 462911 infeasible  230       175.00000   40.00000  77.1%  58.8 1753s
 893171 464294  114.00000   89  294  175.00000   40.00000  77.1%  58.9 1756s
 894790 465567  172.00000  164  261  175.00000   40.00000  77.1%  58.9 1760s
 898188 468758   97.00000  105  361  175.00000   40.00000  77.1%  58.8 1767s
 900558 469938  167.00000  197  263  175.00000   40.00000  77.1%  58.8 1770s
 903468 472273  158.00000  272  207  175.00000   40.00000  77.1%  58.8 1776s
 908165 475573   82.00000   43  369  175.00000   40.00000  77.1%  58.8 1782s
 909339 476597  135.00000  103  329  175.00000   40.00000  77.1%  58.8 1785s
 912038 478619  100.00000   66  297  175.00000   40.00000  77.1%  58.8 1791s
 913255 479896  162.00000  104  215  175.00000   40.00000  77.1%  58.9 1795s
 916246 483073  174.00000  155  205  175.00000   40.00000  77.1%  58.9 1803s
 918166 485381  174.00000  182  109  175.00000   40.00000  77.1%  58.9 1806s
 922880 487752  169.00000  106  225  175.00000   40.00000  77.1%  58.9 1812s
 925616 490102  169.00000  159  218  175.00000   40.00000  77.1%  58.9 1817s
 927037 491272  169.00000  177  222  175.00000   40.00000  77.1%  58.9 1820s
 929988 493388  172.00000  211  167  175.00000   40.00000  77.1%  58.9 1826s
 932819 495473  174.00000  253  104  175.00000   40.00000  77.1%  58.9 1832s
 933981 496671  172.00000  269   99  175.00000   40.00000  77.1%  58.9 1835s
 937134 499392  135.00000  107  352  175.00000   40.00000  77.1%  59.0 1843s
 938809 500591 infeasible  206       175.00000   40.00000  77.1%  58.9 1846s
 940532 501751   83.00000   66  349  175.00000   40.00000  77.1%  58.9 1850s
 943883 504631   52.00000   47  408  175.00000   40.00000  77.1%  59.0 1856s
 945398 506034  139.00000  127  329  175.00000   40.00000  77.1%  59.0 1860s
 948283 508252   66.00000   61  396  175.00000   40.00000  77.1%  59.0 1867s
 949548 509408  121.00000   90  250  175.00000   40.00000  77.1%  59.1 1870s
 954920 513411   94.00000   89  360  175.00000   40.00000  77.1%  59.0 1877s
 956191 515200  174.00000  164  192  175.00000   40.00000  77.1%  59.0 1880s
 959974 517737  139.00000  111  275  175.00000   40.00000  77.1%  59.0 1887s
 961640 519037 infeasible  201       175.00000   40.00000  77.1%  59.0 1890s
 964966 521582  150.00000  164  294  175.00000   40.00000  77.1%  59.0 1897s
 966661 522807 infeasible  242       175.00000   40.80691  76.7%  59.0 1901s
*969907 483160             312     174.0000000   40.98619  76.4%  59.0 1905s
 971515 485479   93.00000   88  275  174.00000   41.00000  76.4%  59.0 1912s
 973133 486714  105.00000  155  353  174.00000   41.00000  76.4%  59.0 1915s
 975948 490438  147.00000  230  311  174.00000   41.00000  76.4%  59.0 1923s
 979921 491911  172.00000  317  171  174.00000   41.00000  76.4%  59.0 1926s
 982107 493393 infeasible  392       174.00000   41.00000  76.4%  58.9 1930s
 984217 495377  173.00000  172  242  174.00000   41.00000  76.4%  58.9 1935s
 986868 497443  146.00000  149  356  174.00000   41.00000  76.4%  58.9 1940s
 989177 499641  109.00000   61  289  174.00000   41.00000  76.4%  59.0 1946s
 991730 501980  147.00000  166  234  174.00000   41.00000  76.4%  59.0 1952s
 993154 503089  152.00000  204  237  174.00000   41.00000  76.4%  59.0 1955s
 998365 506842 infeasible  421       174.00000   41.00000  76.4%  58.9 1961s
 999706 508115  103.00000  130  301  174.00000   41.00000  76.4%  58.9 1965s
 1003237 511175  128.00000  251  276  174.00000   41.00000  76.4%  58.9 1973s
 1005067 512486  137.00000  274  252  174.00000   41.00000  76.4%  58.9 1977s
 1006624 513618  157.00000  295  224  174.00000   41.00000  76.4%  58.9 1981s
 1008296 514898  157.00000  333  183  174.00000   41.00000  76.4%  58.9 1985s
 1014142 519103  110.00000   62  292  174.00000   41.00000  76.4%  58.8 1991s
 1017143 521604  173.00000  228  165  174.00000   41.00000  76.4%  58.8 1997s
 1018542 522825  169.00000  100  231  174.00000   41.00000  76.4%  58.8 2000s
 1021306 525099  167.00000  128  238  174.00000   41.00000  76.4%  58.8 2007s
 1022865 528002  167.00000  206  239  174.00000   41.00000  76.4%  58.8 2011s
 1027818 529854  169.00000  178  260  174.00000   41.00000  76.4%  58.7 2016s
 1030296 531658  135.00000   95  290  174.00000   41.00000  76.4%  58.7 2022s
 1032731 532711   53.00000   46  419  174.00000   41.00000  76.4%  58.7 2025s
 1034235 535106  168.00000  117  298  174.00000   41.00000  76.4%  58.8 2030s
 1037064 537257  122.00000   75  271  174.00000   41.00000  76.4%  58.8 2037s
 1038348 538423  169.00000  153  215  174.00000   41.00000  76.4%  58.8 2040s
 1041502 540805  135.00000   90  305  174.00000   41.00000  76.4%  58.8 2046s
 1042950 542143  172.00000  167  252  174.00000   41.00000  76.4%  58.8 2050s
 1046353 545018  158.00000  141  314  174.00000   41.00000  76.4%  58.8 2057s
 1048144 546609  173.00000  240  153  174.00000   41.00000  76.4%  58.8 2060s
 1051427 549145  115.00000  133  301  174.00000   41.00000  76.4%  58.9 2067s
 1052770 550464  123.00000  169  222  174.00000   41.00000  76.4%  58.9 2070s
 1058042 554475  132.00000  100  307  174.00000   41.00000  76.4%  58.8 2076s
 1060809 556695  173.00000  330  125  174.00000   41.00000  76.4%  58.8 2082s
 1062179 557856   79.00000   49  319  174.00000   41.00000  76.4%  58.8 2085s
 1065485 560580   65.00000   47  383  174.00000   41.00000  76.4%  58.8 2092s
 1067165 561991  154.00000  147  307  174.00000   41.00000  76.4%  58.8 2095s
 1070600 564498  165.00000  130  231  174.00000   41.00000  76.4%  58.8 2102s
 1072253 565851   60.00000   39  402  174.00000   41.00000  76.4%  58.8 2105s
 1075365 568215  173.00000  212  171  174.00000   41.00000  76.4%  58.8 2111s
 1076956 569799  132.00000   62  262  174.00000   41.00000  76.4%  58.8 2115s
 1080602 572554  103.00000  105  270  174.00000   41.00000  76.4%  58.7 2121s
 1083554 576000  137.00000  227  229  174.00000   41.00000  76.4%  58.8 2127s
 1087131 577276 infeasible  341       174.00000   41.00000  76.4%  58.8 2131s
 1089044 579282  143.00000  102  300  174.00000   41.00000  76.4%  58.8 2136s
 1091838 581644  173.00000  226   98  174.00000   41.00000  76.4%  58.8 2142s
 1093346 582708   89.00000   83  359  174.00000   41.00000  76.4%  58.8 2145s
 1096334 584775 infeasible  261       174.00000   41.00000  76.4%  58.8 2150s
 1099136 586944  153.00000  153  276  174.00000   41.00000  76.4%  58.8 2156s
 1101697 589074  161.00000  235  244  174.00000   41.00000  76.4%  58.8 2162s
 1103005 590220  156.00000   95  292  174.00000   41.00000  76.4%  58.8 2165s
 1105729 593981  134.00000   96  322  174.00000   41.00000  76.4%  58.8 2172s
 1110111 595679  115.00000   79  287  174.00000   41.00000  76.4%  58.8 2176s
 1112456 597330  172.00000  191  175  174.00000   41.00000  76.4%  58.8 2182s
 1114633 599607   81.00000   83  285  174.00000   41.00000  76.4%  58.9 2188s
 1115943 600936   91.00000  120  260  174.00000   41.00000  76.4%  58.9 2191s
 1118834 604771  116.00000  202  234  174.00000   41.00000  76.4%  58.9 2198s
 1122679 605709 infeasible  314       174.00000   41.00000  76.4%  58.8 2200s
 1125141 608317  173.00000  164  246  174.00000   41.00000  76.4%  58.8 2207s
 1126895 609594  124.00000   90  303  174.00000   41.00000  76.4%  58.8 2210s
 1130018 611853  160.00000   66  290  174.00000   41.00000  76.4%  58.7 2217s
 1131554 613235  173.00000  176  223  174.00000   41.00000  76.4%  58.7 2220s
 1134976 615782  173.00000  151  234  174.00000   41.00000  76.4%  58.7 2226s
 1136624 617141   47.00000   41  463  174.00000   41.00000  76.4%  58.7 2230s
 1139825 619490  169.00000  183  251  174.00000   41.00000  76.4%  58.7 2236s
 1142661 621550  115.00000   72  287  174.00000   41.00000  76.4%  58.7 2243s
 1144031 623004 infeasible  106       174.00000   41.00000  76.4%  58.7 2246s
 1145736 624241  173.00000  149  205  174.00000   41.00000  76.4%  58.7 2250s
 1148901 627075 infeasible  216       174.00000   41.00000  76.4%  58.7 2257s
 1150786 628165  155.00000  124  296  174.00000   41.00000  76.4%  58.7 2261s
 1153999 630706   88.00000   58  394  174.00000   41.00000  76.4%  58.7 2268s
 1155620 632122  171.00000  147  252  174.00000   41.00000  76.4%  58.7 2271s
 1157402 633319  171.00000  312  115  174.00000   41.00000  76.4%  58.7 2275s
 1160304 636154  172.00000  158  230  174.00000   41.00000  76.4%  58.7 2282s
 1162389 637261   94.00000   45  350  174.00000   41.00000  76.4%  58.7 2285s
 1165260 639837 infeasible  112       174.00000   41.00000  76.4%  58.7 2292s
 1166822 641099  172.00000  144  249  174.00000   41.00000  76.4%  58.7 2296s
 1168380 642447  172.00000  162  190  174.00000   41.00000  76.4%  58.7 2300s
 1171757 644771  108.00000   96  302  174.00000   41.00000  76.4%  58.7 2307s
 1173358 646635  170.00000  199  212  174.00000   41.49477  76.2%  58.7 2311s
 1177297 648838  167.00000  187  238  174.00000   41.49477  76.2%  58.6 2317s
 1178771 649904  173.00000  273  146  174.00000   41.59494  76.1%  58.6 2320s
 1181542 652509  173.00000  184  187  174.00000   41.62105  76.1%  58.7 2326s
 1183021 653885   72.00000   40  304  174.00000   41.62105  76.1%  58.7 2330s
 1186091 656043  171.00000  224  166  174.00000   42.00000  75.9%  58.7 2336s
 1187560 657146  172.00000  108  204  174.00000   42.00000  75.9%  58.7 2340s
 1190768 660945  108.00000  113  276  174.00000   42.00000  75.9%  58.7 2348s
 1194082 661851 infeasible  376       174.00000   42.00000  75.9%  58.6 2350s
 1196415 663912  173.00000  182  233  174.00000   42.00000  75.9%  58.6 2356s
 1199116 666305  163.00000  121  226  174.00000   42.00000  75.9%  58.6 2362s
 1200655 667314   82.00000   57  344  174.00000   42.00000  75.9%  58.6 2365s
 1203448 669464  172.00000  257   93  174.00000   42.00000  75.9%  58.6 2371s
 1206281 672114  135.00000  157  259  174.00000   42.00000  75.9%  58.6 2377s
 1207719 673525  125.00000  194  278  174.00000   42.00000  75.9%  58.6 2381s
 1209390 676162     cutoff  217       174.00000   42.00000  75.9%  58.6 2385s
 1214471 678530  172.00000  138  229  174.00000   42.00000  75.9%  58.5 2390s
 1216570 680313 infeasible  300       174.00000   42.00000  75.9%  58.5 2395s
 1218923 682373  171.00000  129  247  174.00000   42.00000  75.9%  58.5 2401s
 1221401 684226 infeasible  263       174.00000   42.00000  75.9%  58.5 2407s
 1222720 685356  156.00000   92  349  174.00000   42.00000  75.9%  58.5 2410s
 1225479 687220  172.00000  189  238  174.00000   42.00000  75.9%  58.5 2416s
 1228032 689386   51.00000   43  454  174.00000   42.00000  75.9%  58.6 2422s
 1229350 690689   79.00000   55  349  174.00000   42.00000  75.9%  58.6 2426s
 1232423 693404   92.00000   83  309  174.00000   42.00000  75.9%  58.6 2433s
 1234005 694643  170.00000  105  269  174.00000   42.00000  75.9%  58.6 2437s
 1235584 695939  170.00000  125  224  174.00000   42.00000  75.9%  58.6 2440s
 1238555 698442  170.00000  163  191  174.00000   42.00000  75.9%  58.6 2448s
 1240180 699644  172.00000  183  198  174.00000   42.00000  75.9%  58.6 2451s
 1241719 701043     cutoff  209       174.00000   42.00000  75.9%  58.7 2455s
 1245210 703545   93.00000   85  287  174.00000   42.00000  75.9%  58.6 2463s
 1246839 704680 infeasible  209       174.00000   42.00000  75.9%  58.6 2467s
 1248387 706063   73.00000   64  407  174.00000   42.00000  75.9%  58.7 2471s
 1250045 707535  164.00000  177  302  174.00000   42.00000  75.9%  58.7 2475s
 1253435 709988   57.00000   55  495  174.00000   42.00000  75.9%  58.7 2482s
 1255017 711216  143.00000  124  331  174.00000   42.00000  75.9%  58.7 2485s
 1259782 714328  106.00000  114  316  174.00000   42.00000  75.9%  58.6 2491s
 1261724 716479  151.00000  174  316  174.00000   42.00000  75.9%  58.7 2497s
 1262897 717671  171.00000  202  299  174.00000   42.00000  75.9%  58.7 2501s
 1267279 720837  144.00000   68  355  174.00000   42.00000  75.9%  58.6 2508s
 1268311 721879  171.00000  112  301  174.00000   42.00000  75.9%  58.6 2511s
 1270762 724205  123.00000   90  271  174.00000   42.00000  75.9%  58.7 2518s
 1272099 725341  164.00000  151  261  174.00000   42.00000  75.9%  58.7 2521s
 1273535 726335  170.00000  211  156  174.00000   42.00000  75.9%  58.7 2525s
 1276741 728849  173.00000  178  282  174.00000   42.00000  75.9%  58.7 2532s
 1278412 730131   42.00000   39  489  174.00000   42.00000  75.9%  58.7 2536s
 1281604 732323  173.00000  209  219  174.00000   42.00000  75.9%  58.7 2542s
 1282967 733881  120.00000   86  285  174.00000   42.00000  75.9%  58.7 2546s
 1284613 735160  169.00000  198  186  174.00000   42.00000  75.9%  58.7 2550s
 1287925 737936  172.00000  211  150  174.00000   42.00000  75.9%  58.7 2557s
 1289601 739242   83.00000   61  363  174.00000   42.00000  75.9%  58.7 2561s
 1292905 741704  154.00000  183  244  174.00000   42.00000  75.9%  58.7 2568s
 1294527 742720  161.00000  226  220  174.00000   42.00000  75.9%  58.7 2571s
 1295767 744283  161.00000  257  208  174.00000   42.00000  75.9%  58.8 2575s
 1297480 745837  161.00000  306  145  174.00000   42.00000  75.9%  58.8 2580s
 1303942 750317   53.00000   43  421  174.00000   42.00000  75.9%  58.7 2586s
 1306333 752700  167.00000  168  256  174.00000   42.00000  75.9%  58.7 2591s
 1308736 754821  146.00000   72  268  174.00000   42.00000  75.9%  58.7 2596s
 1311509 756873   93.00000   69  326  174.00000   42.00000  75.9%  58.7 2601s
 1314360 759069   87.00000   56  370  174.00000   42.00000  75.9%  58.7 2607s
 1315857 760099  126.00000  142  299  174.00000   42.00000  75.9%  58.7 2610s
 1318938 762990  113.00000   99  303  174.00000   42.00000  75.9%  58.7 2618s
 1320552 764262     cutoff  212       174.00000   42.00000  75.9%  58.7 2622s
 1322277 766663  170.00000  131  315  174.00000   42.00000  75.9%  58.7 2626s
 1326680 768936  171.00000  212  177  174.00000   42.00000  75.9%  58.7 2632s
 1328121 770275  105.00000   77  303  174.00000   42.00000  75.9%  58.7 2635s
 1331135 772631  173.00000  249  120  174.00000   42.00000  75.9%  58.7 2641s
 1332758 773673  116.00000  143  271  174.00000   42.00000  75.9%  58.7 2645s
 1336124 776622  109.00000   73  320  174.00000   42.00000  75.9%  58.7 2652s
 1337894 778917  173.00000  203  179  174.00000   42.00000  75.9%  58.7 2655s
 1342758 781193  173.00000  239  119  174.00000   42.00000  75.9%  58.6 2661s
 1344958 783026  171.00000  133  287  174.00000   42.00000  75.9%  58.6 2666s
 1347329 784787   72.00000   55  319  174.00000   42.00000  75.9%  58.6 2671s
 1349881 786980  173.00000  244   99  174.00000   42.00000  75.9%  58.7 2677s
 1351225 788127  126.00000   93  245  174.00000   42.00000  75.9%  58.7 2680s
 1353783 790902  173.00000  255  232  174.00000   42.00000  75.9%  58.7 2686s
 1357356 792986  173.00000  134  283  174.00000   42.00000  75.9%  58.7 2692s
 1358849 793894 infeasible  238       174.00000   42.00000  75.9%  58.6 2695s
 1361991 796411 infeasible  194       174.00000   42.00000  75.9%  58.7 2703s
 1363551 797725   90.00000   62  339  174.00000   42.00000  75.9%  58.7 2706s
*1364382 707764             270     173.0000000   42.00000  75.7%  58.7 2707s
 1365279 708770     cutoff  175       173.00000   42.00000  75.7%  58.7 2710s
 1370257 712548   99.00000   71  298  173.00000   42.00000  75.7%  58.7 2717s
 1371662 713913  141.00000  105  260  173.00000   42.00000  75.7%  58.7 2721s
 1374450 716264  169.00000  190  159  173.00000   42.00000  75.7%  58.7 2727s
 1375692 717405  169.00000  232  175  173.00000   42.00000  75.7%  58.7 2731s
 1380475 721087  152.00000  100  324  173.00000   42.00000  75.7%  58.6 2737s
 1381999 722538  171.00000  193  250  173.00000   42.00000  75.7%  58.6 2741s
 1385410 725041  167.00000  117  317  173.00000   42.00000  75.7%  58.6 2747s
 1387087 726217  171.00000  220  167  173.00000   42.00000  75.7%  58.6 2750s
 1390173 728490   50.00000   41  417  173.00000   42.00000  75.7%  58.6 2757s
 1391645 729546   91.00000   65  299  173.00000   42.00000  75.7%  58.6 2760s
 1394770 732430  169.00000  131  208  173.00000   42.00000  75.7%  58.7 2767s
 1396609 733730  171.00000  160  198  173.00000   42.00000  75.7%  58.6 2770s
 1399918 736231  147.00000   89  309  173.00000   42.00000  75.7%  58.6 2777s
 1401437 737474  171.00000  186  282  173.00000   42.00000  75.7%  58.6 2780s
 1404659 739982  166.00000  205  266  173.00000   42.00000  75.7%  58.6 2787s
 1406148 741356  171.00000  331  177  173.00000   42.00000  75.7%  58.6 2791s
 1409206 744080  120.00000  147  313  173.00000   42.00000  75.7%  58.7 2798s
 1410747 745587  139.00000  166  331  173.00000   42.00000  75.7%  58.7 2802s
 1412406 748913  146.00000  198  322  173.00000   42.00000  75.7%  58.7 2806s
 1418382 750990  119.00000  103  308  173.00000   42.00000  75.7%  58.6 2811s
 1421238 752997  172.00000  258  185  173.00000   42.00000  75.7%  58.6 2816s
 1422423 754320  138.00000   64  253  173.00000   42.00000  75.7%  58.6 2820s
 1425526 756518 infeasible  179       173.00000   42.00000  75.7%  58.6 2827s
 1426992 757895  161.00000  129  273  173.00000   42.00000  75.7%  58.6 2830s
 1430303 760849  138.11762  130  282  173.00000   42.00000  75.7%  58.6 2838s
 1432066 762198 infeasible  240       173.00000   42.00000  75.7%  58.6 2841s
 1433753 763768  117.00000   62  254  173.00000   42.00000  75.7%  58.6 2845s
 1437172 766596  172.00000  273  214  173.00000   42.00000  75.7%  58.6 2852s
 1439025 767892 infeasible  404       173.00000   42.00000  75.7%  58.6 2855s
 1442454 770457  170.00000  178  226  173.00000   42.00000  75.7%  58.6 2862s
 1444027 772009   92.00000   59  279  173.00000   42.00000  75.7%  58.6 2865s
 1447468 774268  171.00000  302  178  173.00000   42.00000  75.7%  58.5 2871s
 1450086 776429  143.00000  110  282  173.00000   42.00000  75.7%  58.5 2877s
 1451619 777407  171.00000  178  214  173.00000   42.00000  75.7%  58.5 2880s
 1454392 780023  112.00000   85  264  173.00000   42.00000  75.7%  58.6 2887s
 1455967 781381  140.00000  111  281  173.00000   42.00000  75.7%  58.6 2891s
 1458925 783681  153.00000  163  215  173.00000   42.00000  75.7%  58.6 2898s
 1460391 784931     cutoff  185       173.00000   42.00000  75.7%  58.6 2901s
 1466198 789119   69.00000   58  395  173.00000   42.00000  75.7%  58.5 2907s
 1467700 790501  160.00000  154  278  173.00000   42.00000  75.7%  58.5 2910s
 1471097 792879  154.00000  109  263  173.00000   42.00000  75.7%  58.5 2916s
 1474195 795331   99.00000   82  356  173.00000   42.00000  75.7%  58.5 2922s
 1475704 796468  170.00000  166  223  173.00000   42.00000  75.7%  58.5 2925s
 1479037 799070  172.00000  210  136  173.00000   42.00000  75.7%  58.5 2932s
 1480794 800407  102.00000   77  315  173.00000   42.00000  75.7%  58.5 2935s
 1484047 803010  125.00000  153  256  173.00000   42.00000  75.7%  58.5 2942s
 1485604 804023  125.00000  190  244  173.00000   42.00000  75.7%  58.5 2945s
 1487972 806232  169.00000  236  193  173.00000   42.00000  75.7%  58.5 2953s
 1489833 807775   64.00000   67  480  173.00000   42.00000  75.7%  58.6 2958s
 1491782 809121  168.00000  175  226  173.00000   42.00000  75.7%  58.6 2961s
 1493561 810615  107.00000   67  461  173.00000   42.00000  75.7%  58.6 2965s
 1498591 814108  169.00000  128  269  173.00000   42.00000  75.7%  58.5 2971s
 1501870 816536  105.00000   47  350  173.00000   42.00000  75.7%  58.5 2976s
 1504860 818840   73.00000   62  377  173.00000   42.00000  75.7%  58.5 2982s
 1506488 819981  171.00000  171  215  173.00000   42.00000  75.7%  58.5 2985s
 1509616 822523  172.00000  145  236  173.00000   42.00000  75.7%  58.5 2992s
 1511189 823922  172.00000  205  197  173.00000   42.00000  75.7%  58.5 2995s
 1514453 826644  172.00000  137  198  173.00000   42.00000  75.7%  58.5 3000s
 1517757 828856  167.00000  120  258  173.00000   42.00000  75.7%  58.5 3006s
 1519264 830023  172.00000  223  191  173.00000   42.00000  75.7%  58.5 3010s
 1522474 832447   66.00000   47  472  173.00000   42.00000  75.7%  58.5 3016s
 1526981 835831  134.00000  206  248  173.00000   42.00000  75.7%  58.4 3022s
 1528031 836791  147.00000  246  223  173.00000   42.00000  75.7%  58.5 3025s
 1530774 839101  165.00000  297  161  173.00000   42.00000  75.7%  58.5 3032s
 1532504 840487  167.00000  334  149  173.00000   42.00000  75.7%  58.5 3036s
 1535889 842959  170.00000  269  120  173.00000   42.00000  75.7%  58.5 3043s
 1537452 844142  118.00000   60  299  173.00000   42.00000  75.7%  58.5 3047s
 1538787 845664  172.00000   95  251  173.00000   42.00000  75.7%  58.5 3050s
 1541906 848334 infeasible  152       173.00000   42.00000  75.7%  58.6 3057s
 1543627 849717  111.00000  112  401  173.00000   42.00000  75.7%  58.6 3061s
 1545292 852461  171.00000  221  163  173.00000   42.00000  75.7%  58.5 3065s
 1550516 854433  168.00000  128  237  173.00000   42.00000  75.7%  58.5 3071s
 1553537 856984  172.00000  304   94  173.00000   42.00000  75.7%  58.5 3077s
 1555050 858354  125.00000   64  303  173.00000   42.00000  75.7%  58.5 3081s
 1556632 859697  138.00000  101  335  173.00000   42.00000  75.7%  58.5 3085s
 1559810 863729  169.00000  166  297  173.00000   42.00000  75.7%  58.5 3092s
 1563518 864873   91.00000   69  281  173.00000   42.00000  75.7%  58.5 3095s
 1566267 867577  161.00000  161  203  173.00000   42.00000  75.7%  58.6 3101s
 1567614 868887  162.00000  213  147  173.00000   42.00000  75.7%  58.6 3105s
 1570293 872666  167.00000  318  114  173.00000   42.00000  75.7%  58.6 3112s
 1573958 873823 infeasible   75       173.00000   42.00000  75.7%  58.5 3115s
 1577149 876385  120.00000   93  313  173.00000   42.00000  75.7%  58.5 3123s
 1578802 877738 infeasible  156       173.00000   42.00000  75.7%  58.5 3126s
 1580586 878774  104.00000   71  249  173.00000   42.00000  75.7%  58.5 3130s
 1583355 881698  154.00000  120  278  173.00000   42.00000  75.7%  58.6 3137s
 1584991 883088  172.00000  157  202  173.00000   42.00000  75.7%  58.6 3141s
 1586626 884682  172.00000  179  225  173.00000   42.00000  75.7%  58.6 3145s
 1589919 888656  172.00000  238  132  173.00000   42.00000  75.7%  58.6 3152s
 1594170 889699  167.00000  144  288  173.00000   42.00000  75.7%  58.5 3155s
 1596773 892073  114.00000   64  344  173.00000   42.00000  75.7%  58.5 3162s
 1598404 893736  164.00000  229  211  173.00000   42.00000  75.7%  58.5 3165s
 1601941 896178  172.00000  124  290  173.00000   42.00000  75.7%  58.5 3172s
 1603548 897585 infeasible  252       173.00000   42.00000  75.7%  58.5 3175s
 1608170 900907   93.00000   62  319  173.00000   42.00000  75.7%  58.5 3181s
 1611109 902869   87.00000   59  389  173.00000   42.00000  75.7%  58.5 3187s
 1612419 904169  166.00000  126  302  173.00000   42.00000  75.7%  58.5 3190s
 1615508 906492  100.00000   99  325  173.00000   42.00000  75.7%  58.5 3196s
 1618553 908939 infeasible  253       173.00000   42.00000  75.7%  58.5 3202s
 1620047 910270  153.00000   71  251  173.00000   42.00000  75.7%  58.5 3205s
 1623009 912653  167.00000  149  231  173.00000   42.00000  75.7%  58.5 3212s
 1624539 913809  171.00000  181  169  173.00000   42.00000  75.7%  58.5 3215s
 1627700 916228   86.00000   80  318  173.00000   42.00000  75.7%  58.5 3222s
 1629145 917738   89.00000  135  317  173.00000   42.00000  75.7%  58.5 3225s
 1633914 921122  144.00000  300  248  173.00000   42.00000  75.7%  58.5 3232s
 1635073 922189  155.00000  335  160  173.00000   42.00000  75.7%  58.5 3235s
 1638052 924608   80.00000   78  384  173.00000   42.00000  75.7%  58.5 3241s
 1639593 925719  172.00000  156  261  173.00000   42.00000  75.7%  58.5 3245s
 1642722 928344  112.00000   61  292  173.00000   42.00000  75.7%  58.5 3252s
 1644370 931034  172.00000  147  251  173.00000   42.00000  75.7%  58.5 3256s
 1648939 933418  170.00000  144  248  173.00000   42.00000  75.7%  58.5 3261s
 1652058 935612   78.00000   57  336  173.00000   42.00000  75.7%  58.4 3267s
 1653556 936958  170.00000  163  200  173.00000   42.00000  75.7%  58.4 3270s
 1658224 940023 infeasible  141       173.00000   42.00000  75.7%  58.4 3276s
 1661033 942336  169.00000  198  228  173.00000   42.00000  75.7%  58.4 3282s
 1662483 943654  140.00000   65  309  173.00000   42.00000  75.7%  58.4 3285s
 1665819 946298  104.00000  114  280  173.00000   42.00000  75.7%  58.3 3291s
 1668835 949000  140.00000  213  206  173.00000   42.00000  75.7%  58.3 3298s
 1670274 951719  129.00000  239  218  173.00000   42.00000  75.7%  58.4 3301s
 1675098 953706  168.00000  378  147  173.00000   42.00000  75.7%  58.3 3306s
 1677690 956053  168.00000  409  107  173.00000   42.00000  75.7%  58.3 3311s
 1680123 959586  158.00000  112  277  173.00000   42.00000  75.7%  58.3 3317s
 1683937 960856  164.00000  126  293  173.00000   42.00000  75.7%  58.3 3320s
 1686063 962708  172.00000  270   58  173.00000   42.00000  75.7%  58.3 3325s
 1688479 964710  171.00000  183  248  173.00000   42.00000  75.7%  58.3 3330s
 1690943 966723  101.00000   86  288  173.00000   42.00000  75.7%  58.3 3335s
 1693669 968810   44.00000   47  465  173.00000   42.00000  75.7%  58.3 3340s
 1696460 970923 infeasible  198       173.00000   42.00000  75.7%  58.3 3347s
 1697797 971991   88.00000   69  385  173.00000   42.00000  75.7%  58.3 3350s
 1700662 974278  171.00000  257  148  173.00000   42.00000  75.7%  58.3 3356s
 1703979 976776  172.00000  209  127  173.00000   42.00000  75.7%  58.3 3362s
 1705583 978063  172.00000   94  302  173.00000   42.00000  75.7%  58.3 3365s
 1708848 980610   46.00000   49  467  173.00000   42.00000  75.7%  58.3 3371s
 1710454 981855  169.00000  115  295  173.00000   42.00000  75.7%  58.3 3375s
 1713620 984654  146.00000  184  350  173.00000   42.00000  75.7%  58.3 3381s
 1717077 987411  169.00000  337  212  173.00000   42.00000  75.7%  58.3 3387s
 1718511 989044  124.00000   97  266  173.00000   42.00000  75.7%  58.3 3391s
 1723875 992947 infeasible  412       173.00000   42.00000  75.7%  58.2 3397s
 1725219 994419  172.00000  161  209  173.00000   42.00000  75.7%  58.2 3401s
 1728727 996965  165.00000  148  250  173.00000   42.00000  75.7%  58.2 3407s
 1730259 998373  105.00000   63  326  173.00000   42.00000  75.7%  58.3 3411s
 1733292 1002403   42.00000   41  475  173.00000   42.00000  75.7%  58.3 3418s
 1737148 1003468  118.00000   70  246  173.00000   42.00000  75.7%  58.2 3421s
 1738352 1004793  167.00000   87  202  173.00000   42.00000  75.7%  58.3 3425s
 1741402 1007008  171.00000  141  235  173.00000   42.00000  75.7%  58.2 3431s
 1744395 1009244  128.00000   85  297  173.00000   42.00000  75.7%  58.2 3437s
 1745931 1010497  165.00000  167  244  173.00000   42.00000  75.7%  58.2 3441s
 1749179 1013140  172.00000  169  222  173.00000   42.00000  75.7%  58.2 3447s
 1750835 1014340  169.00000  111  341  173.00000   42.00000  75.7%  58.2 3451s
 1753741 1016757 infeasible  297       173.00000   42.00000  75.7%  58.2 3457s
 1755446 1018146  135.00000  129  357  173.00000   42.00000  75.7%  58.2 3461s
 1759857 1021475   93.00000   98  297  173.00000   42.00000  75.7%  58.2 3467s
 1761263 1022656  119.00000  132  275  173.00000   42.00000  75.7%  58.2 3470s
 1763723 1026371  119.00000  167  268  173.00000   42.00000  75.7%  58.2 3477s
 1767278 1027437     cutoff  206       173.00000   42.00000  75.7%  58.2 3481s
 1768519 1028860  163.00000  126  238  173.00000   42.00000  75.7%  58.2 3485s
 1772264 1031701     cutoff  206       173.00000   42.00000  75.7%  58.2 3492s
 1774146 1032927  169.00000  161  288  173.00000   42.00000  75.7%  58.2 3495s
 1777609 1035473  172.00000  345   48  173.00000   42.00000  75.7%  58.2 3502s
 1779323 1036726  162.00000  105  314  173.00000   42.00000  75.7%  58.2 3505s
 1782579 1039343  122.00000   72  314  173.00000   42.00000  75.7%  58.2 3512s
 1784281 1040419  170.00000  178  228  173.00000   42.00000  75.7%  58.2 3515s
 1787363 1043140  108.00000   84  287  173.00000   42.00000  75.7%  58.2 3522s
 1788921 1044569 infeasible  170       173.00000   42.00000  75.7%  58.2 3526s
 1792147 1046980   44.00000   47  603  173.00000   42.00000  75.7%  58.2 3532s
 1793744 1048096  121.00000  130  333  173.00000   42.00000  75.7%  58.2 3535s
 1797059 1050710   79.00000   60  343  173.00000   42.00000  75.7%  58.2 3541s
 1800223 1053228  147.00000   72  225  173.00000   42.00000  75.7%  58.2 3547s
 1801753 1054519  171.00000  179  162  173.00000   42.00000  75.7%  58.2 3550s
 1804771 1057027  140.00000  153  298  173.00000   42.00000  75.7%  58.2 3557s
 1806266 1058136  170.00000  260  183  173.00000   42.00000  75.7%  58.2 3560s
 1809426 1060511  172.00000  195  223  173.00000   42.00000  75.7%  58.2 3566s
 1812708 1063212  169.00000  148  266  173.00000   42.00000  75.7%  58.2 3573s
 1814481 1064427   84.00000   61  345  173.00000   42.00000  75.7%  58.2 3576s
 1817633 1067196  172.00000  261   93  173.00000   42.00000  75.7%  58.2 3582s
 1819197 1068628  104.00000   76  327  173.00000   42.00000  75.7%  58.2 3585s
 1822343 1071485   72.00000   66  331  173.00000   42.00000  75.7%  58.2 3592s
 1824028 1074155  125.00000  161  257  173.00000   42.00000  75.7%  58.2 3595s
 1828824 1075766  161.00000  266  191  173.00000   42.00000  75.7%  58.2 3600s

Explored 1829748 nodes (106489118 simplex iterations) in 3600.04 seconds (2016.28 work units)
Thread count was 32 (of 32 available processors)

Solution count 10: 173 174 175 ... 182

Time limit reached
Best objective 1.730000000000e+02, best bound 4.200000000000e+01, gap 75.7225%
