
Gurobi 13.0.0 (linux64) logging started Mon Nov 24 12:50:22 2025

Set parameter LogFile to value "./Results/StripPacking-CutHeur/Logs/SU-111-StripPacking-15-0.log"
Set parameter TimeLimit to value 3600
Set parameter Cuts to value 1
Set parameter Presolve to value 1
Set parameter Heuristics to value 1
Set parameter LogToConsole to value 0
Set parameter LPWarmStart to value 2
Gurobi Optimizer version 13.0.0 build v13.0.0rc1 (linux64 - "Debian GNU/Linux 12 (bookworm)")

CPU model: Intel(R) Xeon(R) CPU E5-2630 v3 @ 2.40GHz, instruction set [SSE2|AVX|AVX2]
Thread count: 16 physical cores, 32 logical processors, using up to 32 threads

Non-default parameters:
TimeLimit  3600
LPWarmStart  2
Heuristics  1
Cuts  1
LogToConsole  0
Presolve  1

Optimize a model with 1380 rows, 451 columns and 3390 nonzeros (Min)
Model fingerprint: 0xef64b321
Model has 1 linear objective coefficients
Variable types: 31 continuous, 420 integer (420 binary)
Coefficient statistics:
  Matrix range     [1e+00, 1e+04]
  Objective range  [1e+00, 1e+00]
  Bounds range     [1e+00, 1e+04]
  RHS range        [1e+00, 1e+04]

Warning: Completing partial solution with 420 unfixed non-continuous variables out of 420
User MIP start produced solution with objective 62.1 (0.00s)
User MIP start produced solution with objective 62.1 (0.00s)
Loaded user MIP start with objective 62.1

Presolve removed 210 rows and 0 columns
Presolve time: 0.01s
Presolved: 1170 rows, 451 columns, 3553 nonzeros
Variable types: 31 continuous, 420 integer (420 binary)

Root relaxation: objective 3.200000e+01, 232 iterations, 0.00 seconds (0.00 work units)

    Nodes    |    Current Node    |     Objective Bounds      |     Work
 Expl Unexpl |  Obj  Depth IntInf | Incumbent    BestBd   Gap | It/Node Time

     0     0   32.00000    0   24   62.10000   32.00000  48.5%     -    0s
H    0     0                      56.0000000   32.00000  42.9%     -    0s
     0     0   32.00000    0   65   56.00000   32.00000  42.9%     -    0s
H    0     0                      52.0000000   32.00000  38.5%     -    0s
     0     0   32.00000    0   61   52.00000   32.00000  38.5%     -    0s
     0     0   32.00000    0   62   52.00000   32.00000  38.5%     -    0s
     0     0   32.00000    0   28   52.00000   32.00000  38.5%     -    0s
     0     0   32.00000    0   46   52.00000   32.00000  38.5%     -    0s
     0     0   32.00000    0   57   52.00000   32.00000  38.5%     -    0s
     0     0   32.00000    0   34   52.00000   32.00000  38.5%     -    0s
     0     0   32.00000    0   62   52.00000   32.00000  38.5%     -    0s
     0     0   32.00000    0   71   52.00000   32.00000  38.5%     -    0s
     0     0   32.00000    0   37   52.00000   32.00000  38.5%     -    0s
     0     0   32.00000    0   37   52.00000   32.00000  38.5%     -    0s
     0     0   32.00000    0   33   52.00000   32.00000  38.5%     -    0s
     0     2   32.00000    0   33   52.00000   32.00000  38.5%     -    0s
H   31    48                      50.0000000   32.00000  36.0%  23.2    0s
H   33    48                      49.0000000   32.00000  34.7%  21.9    0s
H  287   334                      48.0000000   32.00000  33.3%  20.6    0s
H  463   456                      47.0000000   32.00000  31.9%  19.8    0s
H 1571   884                      46.0000000   32.00000  30.4%  19.4    2s
  2450  1278 infeasible   33        46.00000   32.00000  30.4%  18.6    5s
  3530  1687   32.00000   13   64   46.00000   32.00000  30.4%  20.3   10s
  4331  2006   41.00000   25   58   46.00000   32.00000  30.4%  27.4   15s
  6380  2218   45.00000   29   70   46.00000   32.00000  30.4%  36.1   20s
  6792  2231 infeasible   33        46.00000   32.00000  30.4%  37.3   25s
  7208  2235 infeasible   40        46.00000   32.00000  30.4%  38.4   30s
  7662  2251 infeasible   46        46.00000   32.00000  30.4%  39.3   35s
  8079  2254   41.00000   24   66   46.00000   32.00000  30.4%  40.0   40s
  8876  2344 infeasible   29        46.00000   32.00000  30.4%  41.0   45s
  9616  2656   39.00000   28   61   46.00000   32.44321  29.5%  41.8   50s
 10074  2714 infeasible   31        46.00000   32.62683  29.1%  42.0   55s
 10624  2896 infeasible   24        46.00000   33.50739  27.2%  42.6   60s
 11175  3081 infeasible   37        46.00000   34.00000  26.1%  43.0   65s
*11463  1816              26      45.0000000   34.00000  24.4%  43.1   68s
 12212  1819 infeasible   24        45.00000   34.00000  24.4%  43.7   71s
 12728  1818     cutoff   28        45.00000   34.00000  24.4%  44.1   75s
 12984  1837   38.00000   26   86   45.00000   34.00000  24.4%  44.5   80s
 13248  1834     cutoff   28        45.00000   34.00000  24.4%  44.6   85s
 13453  1859 infeasible   24        45.00000   34.00000  24.4%  44.8   90s
 13632  1885   38.00000   24   58   45.00000   34.00000  24.4%  44.9   96s
 13736  1909 infeasible   25        45.00000   34.00000  24.4%  45.0  100s
 14576  1994   41.00000   30   62   45.00000   36.00000  20.0%  45.3  106s
 14754  2015   41.00000   30   55   45.00000   36.00000  20.0%  45.3  111s
 15142  2068   41.00000   32   66   45.00000   36.00000  20.0%  45.5  116s
 15360  2095 infeasible   33        45.00000   36.00000  20.0%  45.6  120s
 15876  2149 infeasible   34        45.00000   36.00000  20.0%  45.7  127s
 17198  2183     cutoff   36        45.00000   36.00000  20.0%  46.1  132s
 18099  2172 infeasible   32        45.00000   37.00000  17.8%  46.3  135s
 18991  2129   39.00000   33   71   45.00000   37.00000  17.8%  46.6  141s
 19415  2154   38.00000   21   55   45.00000   38.00000  15.6%  46.8  146s
 19595  2159 infeasible   23        45.00000   38.00000  15.6%  46.8  152s
 19858  2154   43.00000   24   60   45.00000   38.00000  15.6%  46.8  155s
 21408  2172   43.00000   25   48   45.00000   38.00000  15.6%  47.2  163s
 21796  2140 infeasible   26        45.00000   38.00000  15.6%  47.4  167s
 22481  2172 infeasible   27        45.00000   38.00000  15.6%  47.5  170s
 24049  2201 infeasible   34        45.00000   38.00000  15.6%  47.8  178s
 25131  2202 infeasible   24        45.00000   38.00000  15.6%  47.7  181s
 25192  2200 infeasible   36        45.00000   38.00000  15.6%  47.7  185s
 25329  2202   38.00000   34   78   45.00000   38.00000  15.6%  47.7  193s
 25414  2199   41.00000   37   45   45.00000   38.00000  15.6%  47.7  197s
 25507  2197 infeasible   38        45.00000   38.00000  15.6%  47.7  201s
 25581  2191 infeasible   39        45.00000   38.00000  15.6%  47.7  205s
 25654  2191   43.00000   37   60   45.00000   38.00000  15.6%  47.7  210s
 25760  2206 infeasible   38        45.00000   38.00000  15.6%  47.7  218s
 25846  2213   38.00000   36   95   45.00000   38.00000  15.6%  47.7  223s
 25897  2270   38.00000   37   89   45.00000   38.00000  15.6%  47.7  227s
 26159  2327   40.00000   38   83   45.00000   38.00000  15.6%  47.6  232s
 26569  2438   40.00000   53   42   45.00000   38.00000  15.6%  47.4  238s
 27314  2362   40.00000   54   42   45.00000   38.00000  15.6%  47.2  244s
 28678  2315   40.00000   54   44   45.00000   38.00000  15.6%  47.3  250s
 29374  2177   40.00000   53   38   45.00000   38.00000  15.6%  47.3  255s
 30548  2178 infeasible   37        45.00000   39.00000  13.3%  47.4  261s
 30604  2198 infeasible   25        45.00000   39.00000  13.3%  47.4  267s
 30770  2203   39.00000   31   66   45.00000   39.00000  13.3%  47.3  273s
 31117  2195 infeasible   45        45.00000   39.00000  13.3%  47.3  281s
 31650  2120   41.00000   46   52   45.00000   39.00000  13.3%  47.2  288s
 32570  2099   41.00000   37   36   45.00000   39.00000  13.3%  47.2  295s
 32649  2107   41.00000   38   50   45.00000   39.00000  13.3%  47.2  302s
 33535  1933   43.00000   27   57   45.00000   39.00000  13.3%  47.2  309s
 36938  1936 infeasible   41        45.00000   39.00000  13.3%  46.6  315s
 36998  1915 infeasible   33        45.00000   39.00000  13.3%  46.7  321s
 37138  1957 infeasible   41        45.00000   39.00000  13.3%  46.7  329s
 38211  1789 infeasible   35        45.00000   39.00000  13.3%  46.4  339s
 39563  1688   41.00000   27   64   45.00000   39.00000  13.3%  46.3  349s
 42778  1383 infeasible   44        45.00000   40.00000  11.1%  45.7  355s
 46450  1154   43.00000   31   32   45.00000   40.00000  11.1%  45.2  360s
 47867  1041 infeasible   30        45.00000   41.00000  8.89%  45.0  366s
 48709  1046   41.00000   44   48   45.00000   41.00000  8.89%  44.9  372s
 48761  1032   44.00000   45   39   45.00000   41.00000  8.89%  44.9  377s
 49034   985 infeasible   46        45.00000   41.00000  8.89%  44.8  382s
 49709   725 infeasible   47        45.00000   41.00000  8.89%  44.7  391s
 51405   723     cutoff   29        45.00000   41.00000  8.89%  44.5  398s
 51475   684   42.00000   32   39   45.00000   41.00000  8.89%  44.5  406s
 52524   321 infeasible   33        45.00000   41.00000  8.89%  44.4  413s
 54227   268 infeasible   41        45.00000   41.00000  8.89%  44.2  420s
 54488   227   43.00000   32   40   45.00000   41.00000  8.89%  44.2  426s
 55686   216 infeasible   40        45.00000   41.00000  8.89%  44.0  435s
 55759   132 infeasible   37        45.00000   41.00000  8.89%  43.9  442s
 56108    30 infeasible   38        45.00000   42.00000  6.67%  43.9  446s
 56486    16 infeasible   40        45.00000   43.00000  4.44%  43.9  451s

Cutting planes:
  Learned: 3241
  Gomory: 6
  Cover: 100
  Implied bound: 6
  Clique: 6
  MIR: 137
  StrongCG: 5
  Flow cover: 278
  RLT: 91
  Relax-and-lift: 62

Explored 56670 nodes (2487448 simplex iterations) in 451.53 seconds (141.97 work units)
Thread count was 32 (of 32 available processors)

Solution count 10: 45 45 46 ... 62.1

Optimal solution found (tolerance 1.00e-04)
Best objective 4.500000000000e+01, best bound 4.500000000000e+01, gap 0.0000%
